241	2024/01/26 11:24:56	"GET /uv248fip248inf210/data_home.html HTTP/1.1"
241	2024/01/26 11:25:22	"GET /uv248fip248inf210/activity_conceptual_modeling.html HTTP/1.1"
241	2024/01/29 09:33:35	"GET /uv248fip248inf210/data_home.html HTTP/1.1"
241	2024/01/29 09:34:03	"GET /uv248fip248inf210/practice_independence_views.html HTTP/1.1"
241	2024/01/29 09:34:13	"GET /uv248fip248inf210/lecture_modeling_normalization.html HTTP/1.1"
241	2024/01/29 09:34:18	"GET /uv248fip248inf210/lecture_conceptual_modeling.html HTTP/1.1"
241	2024/01/29 09:47:36	"GET /uv248fip248inf210/lecture_normalization.html HTTP/1.1"
241	2024/01/29 10:01:06	"GET /uv248fip248inf210/lecture_independence_views.html HTTP/1.1"
241	2024/01/29 10:11:40	"GET /uv248fip248inf210/activity_conceptual_modeling.html HTTP/1.1"
241	2024/01/29 10:22:25	"GET /uv248fip248inf210/activity_conceptual_modeling_advanced.html HTTP/1.1"
241	2024/01/29 10:22:29	"GET /uv248fip248inf210/index.html HTTP/1.1"
241	2024/01/29 10:22:31	"GET /uv248fip248inf210/web_architecture_home.html HTTP/1.1"
241	2024/01/29 10:22:36	"GET /uv248fip248inf210/practice_json.html HTTP/1.1"
241	2024/01/29 11:12:39	"GET /uv248fip248inf210/lecture_parser.html HTTP/1.1"
241	2024/01/29 11:12:43	"GET /uv248fip248inf210/lecture_jaxb.html HTTP/1.1"
241	2024/01/29 11:12:45	"GET /uv248fip248inf210/practice_xml.html HTTP/1.1"
241	2024/01/29 11:26:01	"GET /uv248fip248inf210/practice_xml.html HTTP/1.1"
241	2024/01/29 13:03:15	"GET /uv248fip248inf210/practice_schema_xml.html HTTP/1.1"
241	2024/02/13 08:12:48	"GET /uv248fip248inf210/web_architecture_home.html HTTP/1.1"
241	2024/02/13 08:12:52	"GET /uv248fip248inf210/practice_spring_2tiers_ext.html HTTP/1.1"
241	2024/02/13 08:47:37	"GET /uv248fip248inf210/index.html HTTP/1.1"
241	2024/02/13 08:47:41	"GET /uv248fip248inf210/data_home.html HTTP/1.1"
241	2024/02/13 08:48:15	"GET /uv248fip248inf210/practice_indexation.html HTTP/1.1"
241	2024/02/13 08:48:17	"GET /uv248fip248inf210/lecture_indexation.html HTTP/1.1"
241	2024/02/13 08:58:08	"GET /uv248fip248inf210/activity_conceptual_modeling.html HTTP/1.1"
241	2024/02/13 08:58:21	"GET /uv248fip248inf210/activity_conceptual_modeling_advanced.html HTTP/1.1"
241	2024/02/06 14:41:01	"GET /uv248fip248inf210/web_architecture_home.html HTTP/1.1"
241	2024/02/06 14:45:21	"GET /uv248fip248inf210/lecture_xml.html HTTP/1.1"
241	2024/02/06 14:45:36	"GET /uv248fip248inf210/practice_spring_2tiers_ext.html HTTP/1.1"
241	2024/02/06 14:45:37	"GET /uv248fip248inf210/practice_jpa_advanced.html HTTP/1.1"
241	2024/02/06 14:45:38	"GET /uv248fip248inf210/practice_jpa.html HTTP/1.1"
241	2024/02/06 14:48:54	"GET /uv248fip248inf210/project_presentation.html HTTP/1.1"
241	2024/02/06 14:51:27	"GET /uv248fip248inf210/project_evaluation.html HTTP/1.1"
241	2024/02/06 14:52:25	"GET /uv248fip248inf210/project_specifications.html HTTP/1.1"
241	2024/02/06 14:52:33	"GET /uv248fip248inf210/project_part1.html HTTP/1.1"
241	2024/03/11 13:07:57	"GET /uv248fip248inf210/project_home.html HTTP/1.1"
241	2024/03/11 13:08:00	"GET /uv248fip248inf210/project_part2.html HTTP/1.1"
241	2024/03/11 13:22:27	"GET /uv248fip248inf210/index.html HTTP/1.1"
241	2024/03/11 13:22:44	"GET /uv248fip248inf210/activity_normalization.html HTTP/1.1"
241	2024/03/11 13:22:50	"GET /uv248fip248inf210/lecture_normalization.html HTTP/1.1"
241	2024/03/11 13:27:59	"GET /uv248fip248inf210/lecture_conceptual_modeling.html HTTP/1.1"
241	2024/03/11 13:41:17	"GET /uv248fip248inf210/lecture_modeling_normalization.html HTTP/1.1"
241	2024/03/04 09:20:30	"GET /uv248fip248inf210/project_home.html HTTP/1.1"
241	2024/03/04 09:20:35	"GET /uv248fip248inf210/project_part3.html HTTP/1.1"
241	2024/03/04 09:48:43	"GET /uv248fip248inf210/project_evaluation.html HTTP/1.1"
241	2024/03/04 09:48:51	"GET /uv248fip248inf210/project_specifications.html HTTP/1.1"
241	2024/01/27 15:29:30	"GET /uv248fip248inf210/lecture_modeling_normalization.html HTTP/1.1"
241	2024/02/17 14:10:11	"GET /uv248fip248inf210/project_home.html HTTP/1.1"
241	2024/02/17 14:10:14	"GET /uv248fip248inf210/project_part1.html HTTP/1.1"
241	2024/02/17 14:19:47	"GET /uv248fip248inf210/index.html HTTP/1.1"
241	2024/02/17 14:19:50	"GET /uv248fip248inf210/data_home.html HTTP/1.1"
241	2024/02/17 14:19:58	"GET /uv248fip248inf210/activity_normalization.html HTTP/1.1"
241	2024/02/17 14:20:10	"GET /uv248fip248inf210/lecture_independence_views.html HTTP/1.1"
241	2024/02/17 14:20:10	"GET /uv248fip248inf210/lecture_normalization.html HTTP/1.1"
241	2024/02/17 14:20:12	"GET /uv248fip248inf210/lecture_conceptual_modeling.html HTTP/1.1"
241	2024/02/02 14:26:59	"GET /uv248fip248inf210/web_architecture_home.html HTTP/1.1"
241	2024/02/02 14:27:03	"GET /uv248fip248inf210/lecture_technical_architecture.html HTTP/1.1"
241	2024/02/02 14:27:56	"GET /uv248fip248inf210/lecture_software_architecture.html HTTP/1.1"
241	2024/02/02 14:31:10	"GET /uv248fip248inf210/lecture_mvc_spring.html HTTP/1.1"
241	2024/03/01 08:51:28	"GET /uv248fip248inf210/project_home.html HTTP/1.1"
241	2024/03/01 08:51:31	"GET /uv248fip248inf210/project_part3.html HTTP/1.1"
241	2024/01/30 15:32:51	"GET /uv248fip248inf210/activity_decomposition.html HTTP/1.1"
241	2024/01/30 16:01:32	"GET /uv248fip248inf210/activity_conceptual_modeling_correction.html HTTP/1.1"
241	2024/01/30 16:09:20	"GET /uv248fip248inf210/activity_normalization.html HTTP/1.1"
241	2024/01/30 16:17:01	"GET /uv248fip248inf210/activity_normalization_correction.html HTTP/1.1"
241	2024/03/06 09:40:26	"GET /uv248fip248inf210/project_home.html HTTP/1.1"
241	2024/03/06 09:40:32	"GET /uv248fip248inf210/project_part3.html HTTP/1.1"
241	2024/03/06 09:41:53	"GET /uv248fip248inf210/project_task_time.html HTTP/1.1"
241	2024/03/06 09:41:55	"GET /uv248fip248inf210/project_specifications.html HTTP/1.1"
241	2024/03/06 11:28:22	"GET /uv248fip248inf210/project_part4.html HTTP/1.1"
241	2024/03/06 11:28:26	"GET /uv248fip248inf210/project_structureui.html HTTP/1.1"
241	2024/03/06 12:08:12	"GET /uv248fip248inf210/index.html HTTP/1.1"
241	2024/03/06 12:08:16	"GET /uv248fip248inf210/project_evaluation.html HTTP/1.1"
241	2024/03/06 12:42:08	"GET /uv248fip248inf210/project_presentation.html HTTP/1.1"
241	2024/02/05 09:45:48	"GET /uv248fip248inf210/activity_normalization_correction.html HTTP/1.1"
241	2024/02/05 10:11:11	"GET /uv248fip248inf210/lecture_relational_algebra.html HTTP/1.1"
241	2024/02/05 12:15:29	"GET /uv248fip248inf210/activity_decomposition.html HTTP/1.1"
241	2024/02/05 12:25:16	"GET /uv248fip248inf210/activity_decomposition_correction.html HTTP/1.1"
241	2024/02/05 12:29:14	"GET /uv248fip248inf210/practice_transaction.html HTTP/1.1"
241	2024/02/05 12:30:10	"GET /uv248fip248inf210/practice_isolation.html HTTP/1.1"
241	2024/02/05 12:47:00	"GET /uv248fip248inf210/lecture_technical_architecture.html HTTP/1.1"
241	2024/02/05 12:47:03	"GET /uv248fip248inf210/lecture_software_architecture.html HTTP/1.1"
241	2024/02/05 12:47:46	"GET /uv248fip248inf210/lecture_mvc_spring.html HTTP/1.1"
241	2024/02/05 13:50:36	"GET /uv248fip248inf210/project_home.html HTTP/1.1"
241	2024/02/05 15:42:51	"GET /uv248fip248inf210/lecture_json.html HTTP/1.1"
241	2024/02/05 15:45:46	"GET /uv248fip248inf210/practice_json.html HTTP/1.1"
241	2024/02/05 16:09:20	"GET /uv248fip248inf210/practice_sql.html HTTP/1.1"
241	2024/02/05 16:09:22	"GET /uv248fip248inf210/practice_sql_correction.html HTTP/1.1"
241	2024/01/22 09:19:19	"GET /uv248fip248inf210/web_architecture_home.html HTTP/1.1"
241	2024/01/22 09:19:31	"GET /uv248fip248inf210/data_home.html HTTP/1.1"
241	2024/01/22 10:35:41	"GET /uv248fip248inf210/index.html HTTP/1.1"
241	2024/01/22 10:35:43	"GET /uv248fip248inf210/project_home.html HTTP/1.1"
241	2024/01/22 10:35:50	"GET /uv248fip248inf210/project_presentation.html HTTP/1.1"
241	2024/01/22 10:36:35	"GET /uv248fip248inf210/project_specifications.html HTTP/1.1"
241	2024/01/22 10:36:45	"GET /uv248fip248inf210/project_task_time.html HTTP/1.1"
241	2024/01/22 10:36:53	"GET /uv248fip248inf210/project_part1.html HTTP/1.1"
241	2024/01/22 13:48:21	"GET /uv248fip248inf210/lecture_transaction.html HTTP/1.1"
241	2024/01/22 14:17:27	"GET /uv248fip248inf210/lecture_isolation.html HTTP/1.1"
241	2024/01/22 14:23:26	"GET /uv248fip248inf210/practice_transaction.html HTTP/1.1"
241	2024/01/22 14:28:18	"GET /uv248fip248inf210/images/data/prerequisite_data/prerequisite_data.html HTTP/1.1"
241	2024/01/22 14:58:33	"GET /uv248fip248inf210/practice_transaction_correction.html HTTP/1.1"
241	2024/01/22 15:46:51	"GET /uv248fip248inf210/practice_isolation.html HTTP/1.1"
241	2024/01/23 09:21:11	"GET /uv248fip248inf210/practice_indexation.html HTTP/1.1"
241	2024/01/23 15:12:13	"GET /uv248fip248inf210/practice_indexation.html HTTP/1.1"
241	2024/01/23 15:12:16	"GET /uv248fip248inf210/index.html HTTP/1.1"
241	2024/02/19 07:54:24	"GET /uv248fip248inf210/project_part2.html HTTP/1.1"
241	2024/02/19 10:01:48	"GET /uv248fip248inf210/index.html HTTP/1.1"
241	2024/02/19 10:01:50	"GET /uv248fip248inf210/web_architecture_home.html HTTP/1.1"
241	2024/02/19 10:02:02	"GET /uv248fip248inf210/practice_spring_2tiers.html HTTP/1.1"
241	2024/02/19 10:02:05	"GET /uv248fip248inf210/practice_spring_2tiers_ext.html HTTP/1.1"
241	2024/02/04 13:53:34	"GET /uv248fip248inf210/data_home.html HTTP/1.1"
241	2024/02/04 13:56:35	"GET /uv248fip248inf210/images/data/prerequisite_data/prerequisite_data.html HTTP/1.1"
241	2024/02/04 13:56:40	"GET /uv248fip248inf210/lecture_modeling_normalization.html HTTP/1.1"
241	2024/02/04 14:22:38	"GET /uv248fip248inf210/lecture_conceptual_modeling.html HTTP/1.1"
241	2024/02/04 14:34:32	"GET /uv248fip248inf210/lecture_normalization.html HTTP/1.1"
241	2024/02/04 14:38:04	"GET /uv248fip248inf210/lecture_independence_views.html HTTP/1.1"
241	2024/02/04 14:38:42	"GET /uv248fip248inf210/activity_conceptual_modeling.html HTTP/1.1"
241	2024/02/04 14:46:33	"GET /uv248fip248inf210/index.html HTTP/1.1"
241	2024/02/04 14:46:40	"GET /uv248fip248inf210/lecture_jpa.html HTTP/1.1"
241	2024/02/04 14:46:50	"GET /uv248fip248inf210/practice_jpa.html HTTP/1.1"
241	2024/02/04 14:59:14	"GET /uv248fip248inf210/practice_spring_2tiers.html HTTP/1.1"
241	2024/02/04 15:16:03	"GET /uv248fip248inf210/lecture_dto.html HTTP/1.1"
241	2024/02/04 15:16:15	"GET /uv248fip248inf210/technical_environment_home.html HTTP/1.1"
241	2024/02/04 15:16:18	"GET /uv248fip248inf210/documentation_programming.html HTTP/1.1"
241	2024/02/04 15:16:20	"GET /uv248fip248inf210/spring_bean.html HTTP/1.1"
241	2024/02/04 15:25:34	"GET /uv248fip248inf210/practice_spring.html HTTP/1.1"
241	2024/02/04 15:26:34	"GET /uv248fip248inf210/inversion_of_control.html HTTP/1.1"
241	2024/02/04 15:26:54	"GET /uv248fip248inf210/lecture_transaction.html HTTP/1.1"
241	2024/02/04 15:42:25	"GET /uv248fip248inf210/lecture_relational_model.html HTTP/1.1"
241	2024/02/04 15:42:41	"GET /uv248fip248inf210/lecture_db_integrity.html HTTP/1.1"
241	2024/02/04 16:50:50	"GET /uv248fip248inf210/activity_relational_model.html HTTP/1.1"
241	2024/02/04 17:12:18	"GET /uv248fip248inf210/activity_conceptual_modeling_correction.html HTTP/1.1"
241	2024/02/04 21:38:50	"GET /uv248fip248inf210/web_architecture_home.html HTTP/1.1"
241	2024/02/04 21:43:49	"GET /uv248fip248inf210/activity_conceptual_modeling_advanced.html HTTP/1.1"
241	2024/02/04 21:46:12	"GET /uv248fip248inf210/activity_normalization.html HTTP/1.1"
241	2024/03/07 16:12:32	"GET /uv248fip248inf210/web_architecture_home.html HTTP/1.1"
241	2024/03/07 16:12:36	"GET /uv248fip248inf210/data_home.html HTTP/1.1"
241	2024/03/07 16:12:39	"GET /uv248fip248inf210/project_home.html HTTP/1.1"
241	2024/03/07 16:12:43	"GET /uv248fip248inf210/project_task_time.html HTTP/1.1"
241	2024/03/07 16:12:50	"GET /uv248fip248inf210/project_part3.html HTTP/1.1"
241	2024/03/07 17:46:23	"GET /uv248fip248inf210/project_structureui.html HTTP/1.1"
241	2024/03/07 17:46:25	"GET /uv248fip248inf210/project_part4.html HTTP/1.1"
241	2024/03/07 17:46:31	"GET /uv248fip248inf210/project_specifications.html HTTP/1.1"
241	2024/01/18 21:39:43	"GET /uv248fip248inf210/web_architecture_home.html HTTP/1.1"
241	2024/01/18 21:39:53	"GET /uv248fip248inf210/practice_json.html HTTP/1.1"
241	2024/01/18 21:40:15	"GET /uv248fip248inf210/index.html HTTP/1.1"
241	2024/01/18 21:40:18	"GET /uv248fip248inf210/data_home.html HTTP/1.1"
241	2024/01/18 21:40:28	"GET /uv248fip248inf210/practice_advanced_sql.html HTTP/1.1"
241	2024/01/18 21:57:19	"GET /uv248fip248inf210/practice_advanced_sql_correction.html HTTP/1.1"
241	2024/01/17 08:49:42	"GET /uv248fip248inf210/web_architecture_home.html HTTP/1.1"
241	2024/01/17 08:50:04	"GET /uv248fip248inf210/data_home.html HTTP/1.1"
241	2024/01/17 08:50:11	"GET /uv248fip248inf210/activity_sql.html HTTP/1.1"
241	2024/01/17 08:50:21	"GET /uv248fip248inf210/lecture_relation_model.html HTTP/1.1"
241	2024/01/17 08:50:25	"GET /uv248fip248inf210/lecture_relational_model.html HTTP/1.1"
241	2024/01/17 09:01:01	"GET /uv248fip248inf210/lecture_db_integrity.html HTTP/1.1"
241	2024/01/17 09:36:10	"GET /uv248fip248inf210/lecture_modeling_normalization.html HTTP/1.1"
241	2024/01/17 09:47:01	"GET /uv248fip248inf210/practice_advanced_sql.html HTTP/1.1"
241	2024/01/17 09:47:01	"GET /uv248fip248inf210/practice_sql.html HTTP/1.1"
241	2024/01/17 09:47:28	"GET /uv248fip248inf210/activity_sql_correction.html HTTP/1.1"
241	2024/01/17 11:35:28	"GET /uv248fip248inf210/practice_sql_correction.html HTTP/1.1"
241	2024/02/25 11:30:07	"GET /uv248fip248inf210/project_home.html HTTP/1.1"
241	2024/02/25 11:30:09	"GET /uv248fip248inf210/project_part2.html HTTP/1.1"
241	2024/02/24 20:52:47	"GET /uv248fip248inf210/project_home.html HTTP/1.1"
241	2024/02/24 20:52:49	"GET /uv248fip248inf210/project_part2.html HTTP/1.1"
241	2024/01/19 11:41:35	"GET /uv248fip248inf210/lecture_transaction.html HTTP/1.1"
241	2024/01/19 12:00:20	"GET /uv248fip248inf210/lecture_isolation.html HTTP/1.1"
241	2024/01/19 12:01:55	"GET /uv248fip248inf210/lecture_indexation.html HTTP/1.1"
241	2024/01/19 12:06:04	"GET /uv248fip248inf210/practice_transaction.html HTTP/1.1"
241	2024/01/11 08:04:40	"GET /uv248fip248inf210/spring_bean.html HTTP/1.1"
241	2024/01/11 08:08:17	"GET /uv248fip248inf210/documentation_programming.html HTTP/1.1"
241	2024/01/11 08:08:39	"GET /uv248fip248inf210/inversion_of_control.html HTTP/1.1"
241	2024/01/11 08:12:03	"GET /uv248fip248inf210/spring_bean.html HTTP/1.1"
241	2024/01/11 08:14:27	"GET /uv248fip248inf210/inversion_of_control.html HTTP/1.1"
241	2024/01/11 08:27:43	"GET /uv248fip248inf210/spring_bean.html HTTP/1.1"
241	2024/01/11 08:27:44	"GET /uv248fip248inf210/practice_spring.html HTTP/1.1"
241	2024/01/11 09:31:39	"GET /uv248fip248inf210/technical_environment_home.html HTTP/1.1"
241	2024/01/11 09:32:43	"GET /uv248fip248inf210/documentation_docker.html HTTP/1.1"
241	2024/01/11 09:32:57	"GET /uv248fip248inf210/index.html HTTP/1.1"
241	2024/01/11 09:33:04	"GET /uv248fip248inf210/web_architecture_home.html HTTP/1.1"
241	2024/01/11 09:39:39	"GET /uv248fip248inf210/lecture_technical_architecture.html HTTP/1.1"
241	2024/01/11 09:47:08	"GET /uv248fip248inf210/lecture_software_architecture.html HTTP/1.1"
241	2024/01/11 09:49:26	"GET /uv248fip248inf210/lecture_mvc_spring.html HTTP/1.1"
241	2024/01/11 09:54:12	"GET /uv248fip248inf210/lecture_jpa.html HTTP/1.1"
241	2024/01/11 10:12:02	"GET /uv248fip248inf210/practice_jpa_advanced.html HTTP/1.1"
241	2024/01/11 10:12:02	"GET /uv248fip248inf210/practice_jpa.html HTTP/1.1"
241	2024/01/11 16:09:54	"GET /uv248fip248inf210/lecture_jpa.html HTTP/1.1"
241	2024/01/11 16:11:17	"GET /uv248fip248inf210/practice_jpa.html HTTP/1.1"
241	2024/02/21 13:55:13	"GET /uv248fip248inf210/project_home.html HTTP/1.1"
241	2024/02/21 13:55:14	"GET /uv248fip248inf210/project_part1.html HTTP/1.1"
241	2024/02/21 14:40:54	"GET /uv248fip248inf210/project_part1.html HTTP/1.1"
241	2024/02/21 19:44:56	"GET /uv248fip248inf210/project_home.html HTTP/1.1"
241	2024/02/21 19:48:11	"GET /uv248fip248inf210/project_part1.html HTTP/1.1"
241	2024/02/21 20:58:28	"GET /uv248fip248inf210/project_part1.html HTTP/1.1"
241	2024/02/29 08:56:14	"GET /uv248fip248inf210/project_part3.html HTTP/1.1"
241	2024/02/29 09:12:10	"GET /uv248fip248inf210/project_part2.html HTTP/1.1"
241	2024/02/29 15:39:16	"GET /uv248fip248inf210/web_architecture_home.html HTTP/1.1"
241	2024/02/29 15:39:23	"GET /uv248fip248inf210/practice_jpa.html HTTP/1.1"
241	2024/01/13 14:23:26	"GET /uv248fip248inf210/index.html HTTP/1.1"
241	2024/01/13 14:24:22	"GET /uv248fip248inf210/web_architecture_home.html HTTP/1.1"
241	2024/01/13 14:24:29	"GET /uv248fip248inf210/practice_spring_2tiers_ext.html HTTP/1.1"
241	2024/01/13 15:05:34	"GET /uv248fip248inf210/practice_spring_2tiers.html HTTP/1.1"
241	2024/01/09 09:56:25	"GET /uv248fip248inf210/technical_environment_home.html HTTP/1.1"
241	2024/01/09 09:58:04	"GET /uv248fip248inf210/images/technical_environment/prerequisite_techenv/prerequisite_techenv.html HTTP/1.1"
241	2024/01/09 09:58:07	"GET /uv248fip248inf210/documentation_programming.html HTTP/1.1"
241	2024/01/09 10:35:39	"GET /uv248fip248inf210/documentation_docker.html HTTP/1.1"
241	2024/01/09 10:37:21	"GET /uv248fip248inf210/practice_docker.html HTTP/1.1"
241	2024/01/09 11:12:00	"GET /uv248fip248inf210/practice_postgresql.html HTTP/1.1"
241	2024/01/09 11:25:30	"GET /uv248fip248inf210/practice_docker_advanced.html HTTP/1.1"
241	2024/01/09 11:25:52	"GET /uv248fip248inf210/documentation_si.html HTTP/1.1"
241	2024/01/09 11:42:23	"GET /uv248fip248inf210/documentation_rdbms.html HTTP/1.1"
241	2024/02/26 09:33:56	"GET /uv248fip248inf210/project_part2.html HTTP/1.1"
241	2024/01/14 16:05:03	"GET /uv248fip248inf210/lecture_dto.html HTTP/1.1"
241	2024/01/14 16:05:28	"GET /uv248fip248inf210/lecture_xml.html HTTP/1.1"
241	2024/01/14 16:06:36	"GET /uv248fip248inf210/lecture_json.html HTTP/1.1"
241	2024/01/14 16:07:17	"GET /uv248fip248inf210/practice_json.html HTTP/1.1"
241	2024/01/14 16:08:19	"GET /uv248fip248inf210/index.html HTTP/1.1"
241	2024/01/14 16:08:21	"GET /uv248fip248inf210/data_home.html HTTP/1.1"
241	2024/01/14 16:08:25	"GET /uv248fip248inf210/lecture_relational_model.html HTTP/1.1"
241	2024/01/14 16:11:45	"GET /uv248fip248inf210/lecture_db_integrity.html HTTP/1.1"
241	2024/01/14 16:17:36	"GET /uv248fip248inf210/activity_relational_model.html HTTP/1.1"
241	2024/01/14 16:25:57	"GET /uv248fip248inf210/lecture_modeling_normalization.html HTTP/1.1"
241	2024/01/14 16:28:28	"GET /uv248fip248inf210/lecture_conceptual_modeling.html HTTP/1.1"
241	2024/01/14 16:29:54	"GET /uv248fip248inf210/lecture_normalization.html HTTP/1.1"
241	2024/01/14 16:32:55	"GET /uv248fip248inf210/technical_environment_home.html HTTP/1.1"
241	2024/01/14 16:32:59	"GET /uv248fip248inf210/web_architecture_home.html HTTP/1.1"
241	2024/01/14 16:33:09	"GET /uv248fip248inf210/practice_jpa.html HTTP/1.1"
241	2024/01/14 16:34:10	"GET /uv248fip248inf210/lecture_independence_views.html HTTP/1.1"
241	2024/01/14 16:34:11	"GET /uv248fip248inf210/activity_conceptual_modeling.html HTTP/1.1"
241	2024/01/14 17:19:04	"GET /uv248fip248inf210/practice_spring_2tiers_ext.html HTTP/1.1"
241	2024/01/14 17:19:06	"GET /uv248fip248inf210/practice_spring_2tiers.html HTTP/1.1"
241	2024/01/15 09:58:27	"GET /uv248fip248inf210/practice_jpa_advanced.html HTTP/1.1"
241	2024/02/28 16:14:48	"GET /uv248fip248inf210/data_home.html HTTP/1.1"
241	2024/02/28 16:14:50	"GET /uv248fip248inf210/index.html HTTP/1.1"
241	2024/02/28 16:14:52	"GET /uv248fip248inf210/project_home.html HTTP/1.1"
241	2024/02/28 16:14:55	"GET /uv248fip248inf210/project_part3.html HTTP/1.1"
241	2024/01/12 09:48:44	"GET /uv248fip248inf210/web_architecture_home.html HTTP/1.1"
241	2024/01/12 09:48:48	"GET /uv248fip248inf210/practice_jpa.html HTTP/1.1"
241	2024/01/12 11:20:23	"GET /uv248fip248inf210/practice_spring_2tiers.html HTTP/1.1"
241	2024/01/12 11:59:47	"GET /uv248fip248inf210/index.html HTTP/1.1"
241	2024/01/12 11:59:49	"GET /uv248fip248inf210/data_home.html HTTP/1.1"
241	2024/01/12 12:39:05	"GET /uv248fip248inf210/lecture_relational_model.html HTTP/1.1"
241	2024/01/12 13:50:37	"GET /uv248fip248inf210/lecture_db_integrity.html HTTP/1.1"
