2410	2024/01/29 09:35:33	"GET /uv248fip248inf210/index.html HTTP/1.1"
2410	2024/01/29 09:35:41	"GET /uv248fip248inf210/technical_environment_home.html HTTP/1.1"
2410	2024/01/29 09:35:48	"GET /uv248fip248inf210/index.html HTTP/1.1"
2410	2024/01/29 09:35:51	"GET /uv248fip248inf210/web_architecture_home.html HTTP/1.1"
2410	2024/01/29 09:36:03	"GET /uv248fip248inf210/images/web_architecture/prerequisite_archiweb/prerequisite_archiweb.html HTTP/1.1"
2410	2024/01/29 09:36:36	"GET /uv248fip248inf210/lecture_technical_architecture.html HTTP/1.1"
2410	2024/01/29 09:37:18	"GET /uv248fip248inf210/lecture_software_architecture.html HTTP/1.1"
2410	2024/01/29 09:57:28	"GET /uv248fip248inf210/lecture_mvc_spring.html HTTP/1.1"
2410	2024/01/29 10:02:35	"GET /uv248fip248inf210/lecture_jpa.html HTTP/1.1"
2410	2024/01/29 10:02:51	"GET /uv248fip248inf210/practice_jpa.html HTTP/1.1"
2410	2024/01/29 10:03:11	"GET /uv248fip248inf210/practice_spring_2tiers.html HTTP/1.1"
2410	2024/02/13 08:16:19	"GET /uv248fip248inf210/index.html HTTP/1.1"
2410	2024/02/13 08:17:26	"GET /uv248fip248inf210/data_home.html HTTP/1.1"
2410	2024/02/13 08:17:32	"GET /uv248fip248inf210/activity_relational_model.html HTTP/1.1"
2410	2024/02/13 08:19:09	"GET /uv248fip248inf210/activity_conceptual_modeling.html HTTP/1.1"
2410	2024/02/13 10:37:03	"GET /uv248fip248inf210/index.html HTTP/1.1"
2410	2024/02/06 14:25:10	"GET /uv248fip248inf210/index.html HTTP/1.1"
2410	2024/02/06 14:25:45	"GET /uv248fip248inf210/project_home.html HTTP/1.1"
2410	2024/02/06 14:25:49	"GET /uv248fip248inf210/project_part1.html HTTP/1.1"
2410	2024/02/06 14:30:28	"GET /uv248fip248inf210/project_presentation.html HTTP/1.1"
2410	2024/02/06 14:30:40	"GET /uv248fip248inf210/project_specifications.html HTTP/1.1"
2410	2024/02/06 14:30:56	"GET /uv248fip248inf210/project_evaluation.html HTTP/1.1"
2410	2024/02/06 14:52:30	"GET /uv248fip248inf210/index.html HTTP/1.1"
2410	2024/03/11 13:38:38	"GET /uv248fip248inf210/index.html HTTP/1.1"
2410	2024/03/04 09:40:03	"GET /uv248fip248inf210/index.html HTTP/1.1"
2410	2024/03/04 09:40:07	"GET /uv248fip248inf210/project_home.html HTTP/1.1"
2410	2024/03/04 09:40:10	"GET /uv248fip248inf210/project_part3.html HTTP/1.1"
2410	2024/03/04 09:40:18	"GET /uv248fip248inf210/project_specifications.html HTTP/1.1"
2410	2024/03/04 10:20:31	"GET /uv248fip248inf210/index.html HTTP/1.1"
2410	2024/03/04 10:20:35	"GET /uv248fip248inf210/web_architecture_home.html HTTP/1.1"
2410	2024/03/04 10:20:44	"GET /uv248fip248inf210/practice_spring_2tiers.html HTTP/1.1"
2410	2024/03/04 10:21:02	"GET /uv248fip248inf210/practice_jpa.html HTTP/1.1"
2410	2024/03/04 10:21:03	"GET /uv248fip248inf210/practice_jpa_advanced.html HTTP/1.1"
2410	2024/03/04 11:03:41	"GET /uv248fip248inf210/project_part1.html HTTP/1.1"
2410	2024/02/17 14:09:43	"GET /uv248fip248inf210/project_home.html HTTP/1.1"
2410	2024/02/17 14:09:46	"GET /uv248fip248inf210/project_part1.html HTTP/1.1"
2410	2024/02/17 14:34:01	"GET /uv248fip248inf210/project_specifications.html HTTP/1.1"
2410	2024/02/17 17:09:27	"GET /uv248fip248inf210/index.html HTTP/1.1"
2410	2024/02/17 17:09:31	"GET /uv248fip248inf210/technical_environment_home.html HTTP/1.1"
2410	2024/02/17 17:09:34	"GET /uv248fip248inf210/index.html HTTP/1.1"
2410	2024/02/17 17:09:54	"GET /uv248fip248inf210/images/technical_environment/prerequisite_techenv/prerequisite_techenv.html HTTP/1.1"
2410	2024/02/17 17:09:56	"GET /uv248fip248inf210/practice_docker.html HTTP/1.1"
2410	2024/02/17 17:10:08	"GET /uv248fip248inf210/practice_postgresql.html HTTP/1.1"
2410	2024/03/01 09:59:14	"GET /uv248fip248inf210/project_home.html HTTP/1.1"
2410	2024/03/01 09:59:23	"GET /uv248fip248inf210/project_part3.html HTTP/1.1"
2410	2024/03/01 10:23:45	"GET /uv248fip248inf210/project_part1.html HTTP/1.1"
2410	2024/01/30 15:29:01	"GET /uv248fip248inf210/index.html HTTP/1.1"
2410	2024/01/30 15:29:08	"GET /uv248fip248inf210/index.html HTTP/1.1"
2410	2024/01/30 15:30:01	"GET /uv248fip248inf210/data_home.html HTTP/1.1"
2410	2024/01/30 15:30:09	"GET /uv248fip248inf210/activity_conceptual_modeling.html HTTP/1.1"
2410	2024/03/06 09:04:50	"GET /uv248fip248inf210/project_evaluation.html HTTP/1.1"
2410	2024/03/06 09:29:27	"GET /uv248fip248inf210/project_evaluation.html HTTP/1.1"
2410	2024/03/06 09:29:30	"GET /uv248fip248inf210/project_part1.html HTTP/1.1"
2410	2024/03/06 14:21:53	"GET /uv248fip248inf210/project_part3.html HTTP/1.1"
2410	2024/02/05 13:37:23	"GET /uv248fip248inf210/index.html HTTP/1.1"
2410	2024/02/05 13:37:47	"GET /uv248fip248inf210/web_architecture_home.html HTTP/1.1"
2410	2024/02/05 13:38:15	"GET /uv248fip248inf210/lecture_technical_architecture.html HTTP/1.1"
2410	2024/02/05 14:24:49	"GET /uv248fip248inf210/lecture_dto.html HTTP/1.1"
2410	2024/02/05 14:24:52	"GET /uv248fip248inf210/lecture_xml.html HTTP/1.1"
2410	2024/02/05 14:31:32	"GET /uv248fip248inf210/practice_xml.html HTTP/1.1"
2410	2024/02/05 14:33:40	"GET /uv248fip248inf210/lecture_json.html HTTP/1.1"
2410	2024/02/05 14:34:00	"GET /uv248fip248inf210/lecture_jpa.html HTTP/1.1"
2410	2024/02/05 14:34:18	"GET /uv248fip248inf210/index.html HTTP/1.1"
2410	2024/02/05 14:34:22	"GET /uv248fip248inf210/data_home.html HTTP/1.1"
2410	2024/02/05 14:34:27	"GET /uv248fip248inf210/lecture_modeling_normalization.html HTTP/1.1"
2410	2024/02/05 14:34:30	"GET /uv248fip248inf210/lecture_conceptual_modeling.html HTTP/1.1"
2410	2024/02/05 14:41:58	"GET /uv248fip248inf210/practice_json.html HTTP/1.1"
2410	2024/02/05 14:42:01	"GET /uv248fip248inf210/practice_spring_2tiers.html HTTP/1.1"
2410	2024/02/05 14:42:50	"GET /uv248fip248inf210/practice_jpa.html HTTP/1.1"
2410	2024/02/05 14:44:33	"GET /uv248fip248inf210/lecture_mvc_spring.html HTTP/1.1"
2410	2024/02/05 15:44:28	"GET /uv248fip248inf210/index.html HTTP/1.1"
2410	2024/02/05 16:07:57	"GET /uv248fip248inf210/technical_environment_home.html HTTP/1.1"
2410	2024/02/05 16:08:02	"GET /uv248fip248inf210/documentation_docker.html HTTP/1.1"
2410	2024/02/05 16:08:56	"GET /uv248fip248inf210/practice_docker.html HTTP/1.1"
2410	2024/01/22 10:10:53	"GET /uv248fip248inf210/practice_docker.html HTTP/1.1"
2410	2024/01/22 10:10:56	"GET /uv248fip248inf210/index.html HTTP/1.1"
2410	2024/01/22 13:52:07	"GET /uv248fip248inf210/data_home.html HTTP/1.1"
2410	2024/01/22 13:52:12	"GET /uv248fip248inf210/practice_transaction.html HTTP/1.1"
2410	2024/01/22 14:35:36	"GET /uv248fip248inf210/lecture_transaction.html HTTP/1.1"
2410	2024/01/22 14:40:40	"GET /uv248fip248inf210/technical_environment_home.html HTTP/1.1"
2410	2024/01/22 14:40:46	"GET /uv248fip248inf210/web_architecture_home.html HTTP/1.1"
2410	2024/02/19 09:36:20	"GET /uv248fip248inf210/index.html HTTP/1.1"
2410	2024/02/19 09:54:13	"GET /uv248fip248inf210/project_specifications.html HTTP/1.1"
2410	2024/02/11 15:39:16	"GET /uv248fip248inf210/index.html HTTP/1.1"
2410	2024/03/07 10:08:15	"GET /uv248fip248inf210/project_evaluation.html HTTP/1.1"
2410	2024/03/07 10:11:27	"GET /uv248fip248inf210/project_part3.html HTTP/1.1"
2410	2024/03/07 11:27:32	"GET /uv248fip248inf210/project_task_time.html HTTP/1.1"
2410	2024/02/22 15:31:21	"GET /uv248fip248inf210/index.html HTTP/1.1"
2410	2024/02/22 15:31:25	"GET /uv248fip248inf210/project_home.html HTTP/1.1"
2410	2024/02/22 15:31:31	"GET /uv248fip248inf210/project_evaluation.html HTTP/1.1"
2410	2024/01/17 09:26:21	"GET /uv248fip248inf210/practice_docker.html HTTP/1.1"
2410	2024/01/17 09:26:29	"GET /uv248fip248inf210/practice_docker.html HTTP/1.1"
2410	2024/01/17 09:28:58	"GET /uv248fip248inf210/index.html HTTP/1.1"
2410	2024/01/17 09:29:00	"GET /uv248fip248inf210/data_home.html HTTP/1.1"
2410	2024/01/17 09:29:03	"GET /uv248fip248inf210/images/data/prerequisite_data/prerequisite_data.html HTTP/1.1"
2410	2024/01/17 09:29:18	"GET /uv248fip248inf210/activity_decomposition.html HTTP/1.1"
2410	2024/01/17 09:31:07	"GET /uv248fip248inf210/activity_sql.html HTTP/1.1"
2410	2024/01/17 09:54:50	"GET /uv248fip248inf210/practice_sql.html HTTP/1.1"
2410	2024/01/17 10:39:00	"GET /uv248fip248inf210/lecture_transaction.html HTTP/1.1"
2410	2024/01/17 11:15:16	"GET /uv248fip248inf210/practice_transaction.html HTTP/1.1"
2410	2024/02/25 12:10:20	"GET /uv248fip248inf210/index.html HTTP/1.1"
2410	2024/02/25 12:10:23	"GET /uv248fip248inf210/project_home.html HTTP/1.1"
2410	2024/02/25 14:55:45	"GET /uv248fip248inf210/project_part2.html HTTP/1.1"
2410	2024/02/25 14:55:57	"GET /uv248fip248inf210/project_evaluation.html HTTP/1.1"
2410	2024/02/24 21:57:11	"GET /uv248fip248inf210/index.html HTTP/1.1"
2410	2024/01/19 11:33:06	"GET /uv248fip248inf210/index.html HTTP/1.1"
2410	2024/01/19 11:33:11	"GET /uv248fip248inf210/project_home.html HTTP/1.1"
2410	2024/01/19 11:33:23	"GET /uv248fip248inf210/project_part1.html HTTP/1.1"
2410	2024/01/19 11:33:29	"GET /uv248fip248inf210/project_presentation.html HTTP/1.1"
2410	2024/01/19 11:33:44	"GET /uv248fip248inf210/project_specifications.html HTTP/1.1"
2410	2024/01/19 11:34:19	"GET /uv248fip248inf210/project_part4.html HTTP/1.1"
2410	2024/01/19 11:34:22	"GET /uv248fip248inf210/fproject_part3.html HTTP/1.1"
2410	2024/01/19 11:34:28	"GET /uv248fip248inf210/project_part2.html HTTP/1.1"
2410	2024/01/19 11:35:16	"GET /uv248fip248inf210/bd_cours_mor_generalites.html HTTP/1.1"
2410	2024/01/11 07:59:32	"GET /uv248fip248inf210/practice_docker.html HTTP/1.1"
2410	2024/01/11 07:59:36	"GET /uv248fip248inf210/documentation_programming.html HTTP/1.1"
2410	2024/01/11 08:03:31	"GET /uv248fip248inf210/practice_spring.html HTTP/1.1"
2410	2024/01/11 08:11:25	"GET /uv248fip248inf210/documentation_programming.html HTTP/1.1"
2410	2024/01/11 08:11:29	"GET /uv248fip248inf210/practice_spring.html HTTP/1.1"
2410	2024/01/11 08:16:12	"GET /uv248fip248inf210/practice_spring.html HTTP/1.1"
2410	2024/01/11 08:21:40	"GET /uv248fip248inf210/inversion_of_control.html HTTP/1.1"
2410	2024/01/11 08:37:45	"GET /uv248fip248inf210/index.html HTTP/1.1"
2410	2024/01/11 08:37:52	"GET /uv248fip248inf210/web_architecture_home.html HTTP/1.1"
2410	2024/01/11 08:37:56	"GET /uv248fip248inf210/images/web_architecture/prerequisite_archiweb/prerequisite_archiweb.html HTTP/1.1"
2410	2024/01/11 08:39:00	"GET /uv248fip248inf210/lecture_technical_architecture.html HTTP/1.1"
2410	2024/01/11 08:44:08	"GET /uv248fip248inf210/web_architecture_home.html HTTP/1.1"
2410	2024/01/11 08:44:34	"GET /uv248fip248inf210/lecture_software_architecture.html HTTP/1.1"
2410	2024/01/11 08:47:28	"GET /uv248fip248inf210/lecture_mvc_spring.html HTTP/1.1"
2410	2024/01/11 08:52:50	"GET /uv248fip248inf210/practice_spring_2tiers.html HTTP/1.1"
2410	2024/02/21 13:48:10	"GET /uv248fip248inf210/index.html HTTP/1.1"
2410	2024/02/21 13:48:13	"GET /uv248fip248inf210/project_home.html HTTP/1.1"
2410	2024/02/21 13:48:16	"GET /uv248fip248inf210/project_part1.html HTTP/1.1"
2410	2024/02/21 14:17:13	"GET /uv248fip248inf210/project_part1.html HTTP/1.1"
2410	2024/02/21 14:17:21	"GET /uv248fip248inf210/project_presentation.html HTTP/1.1"
2410	2024/02/21 14:22:29	"GET /uv248fip248inf210/project_part2.html HTTP/1.1"
2410	2024/02/21 14:24:54	"GET /uv248fip248inf210/project_specifications.html HTTP/1.1"
2410	2024/02/21 14:25:49	"GET /uv248fip248inf210/project_part1.html HTTP/1.1"
2410	2024/02/21 14:30:13	"GET /uv248fip248inf210/project_specifications.html HTTP/1.1"
2410	2024/02/21 14:48:30	"GET /uv248fip248inf210/project_part1.html HTTP/1.1"
2410	2024/02/21 14:59:26	"GET /uv248fip248inf210/project_evaluation.html HTTP/1.1"
2410	2024/02/21 15:19:34	"GET /uv248fip248inf210/project_task_time.html HTTP/1.1"
2410	2024/02/21 15:19:40	"GET /uv248fip248inf210/project_evaluation.html HTTP/1.1"
2410	2024/02/21 15:21:54	"GET /uv248fip248inf210/project_part1.html HTTP/1.1"
2410	2024/02/21 15:32:48	"GET /uv248fip248inf210/project_task_time.html HTTP/1.1"
2410	2024/02/21 15:38:26	"GET /uv248fip248inf210/project_specifications.html HTTP/1.1"
2410	2024/02/21 15:38:29	"GET /uv248fip248inf210/project_evaluation.html HTTP/1.1"
2410	2024/02/21 15:41:39	"GET /uv248fip248inf210/project_part1.html HTTP/1.1"
2410	2024/02/21 15:53:02	"GET /uv248fip248inf210/project_evaluation.html HTTP/1.1"
2410	2024/02/21 16:03:08	"GET /uv248fip248inf210/project_part2.html HTTP/1.1"
2410	2024/02/21 16:14:07	"GET /uv248fip248inf210/project_evaluation.html HTTP/1.1"
2410	2024/01/09 10:24:22	"GET /uv248fip248inf210/technical_environment_home.html HTTP/1.1"
2410	2024/01/09 10:26:42	"GET /uv248fip248inf210/documentation_docker.html HTTP/1.1"
2410	2024/01/09 10:26:51	"GET /uv248fip248inf210/images/technical_environment/prerequisite_techenv/prerequisite_techenv.html HTTP/1.1"
2410	2024/01/09 10:28:43	"GET /uv248fip248inf210/practice_docker.html HTTP/1.1"
2410	2024/01/09 11:28:36	"GET /uv248fip248inf210/practice_postgresql.html HTTP/1.1"
2410	2024/01/09 11:29:09	"GET /uv248fip248inf210/documentation_si.html HTTP/1.1"
2410	2024/01/09 11:29:19	"GET /uv248fip248inf210/documentation_rdbms.html HTTP/1.1"
2410	2024/01/09 11:36:14	"GET /uv248fip248inf210/documentation_programming.html HTTP/1.1"
2410	2024/01/09 11:37:55	"GET /uv248fip248inf210/practice_spring.html HTTP/1.1"
2410	2024/02/26 10:03:54	"GET /uv248fip248inf210/project_part2.html HTTP/1.1"
2410	2024/01/14 14:09:06	"GET /uv248fip248inf210/practice_docker.html HTTP/1.1"
2410	2024/01/14 14:09:11	"GET /uv248fip248inf210/technical_environment_home.html HTTP/1.1"
2410	2024/01/14 14:09:16	"GET /uv248fip248inf210/images/technical_environment/prerequisite_techenv/prerequisite_techenv.html HTTP/1.1"
2410	2024/01/14 14:09:22	"GET /uv248fip248inf210/index.html HTTP/1.1"
2410	2024/01/14 14:10:40	"GET /uv248fip248inf210/data_home.html HTTP/1.1"
2410	2024/01/14 14:10:44	"GET /uv248fip248inf210/images/data/prerequisite_data/prerequisite_data.html HTTP/1.1"
2410	2024/01/15 09:29:41	"GET /uv248fip248inf210/practice_docker.html HTTP/1.1"
2410	2024/01/15 09:29:46	"GET /uv248fip248inf210/index.html HTTP/1.1"
2410	2024/01/15 09:29:53	"GET /uv248fip248inf210/data_home.html HTTP/1.1"
2410	2024/01/15 09:30:04	"GET /uv248fip248inf210/images/data/prerequisite_data/prerequisite_data.html HTTP/1.1"
2410	2024/01/15 09:30:32	"GET /uv248fip248inf210/lecture_normalization.html HTTP/1.1"
2410	2024/01/15 09:37:47	"GET /uv248fip248inf210/activity_normalization.html HTTP/1.1"
2410	2024/01/15 09:42:42	"GET /uv248fip248inf210/activity_normalization_correction.html HTTP/1.1"
2410	2024/01/15 11:12:16	"GET /uv248fip248inf210/activity_decomposition.html HTTP/1.1"
2410	2024/01/15 11:38:06	"GET /uv248fip248inf210/activity_sql.html HTTP/1.1"
2410	2024/01/15 11:52:40	"GET /uv248fip248inf210/practice_sql.html HTTP/1.1"
2410	2024/02/27 14:19:59	"GET /uv248fip248inf210/index.html HTTP/1.1"
2410	2024/02/27 14:20:03	"GET /uv248fip248inf210/project_home.html HTTP/1.1"
2410	2024/02/27 14:20:09	"GET /uv248fip248inf210/project_part2.html HTTP/1.1"
2410	2024/02/28 10:33:50	"GET /uv248fip248inf210/project_part1.html HTTP/1.1"
2410	2024/02/28 11:02:10	"GET /uv248fip248inf210/index.html HTTP/1.1"
2410	2024/02/28 11:07:20	"GET /uv248fip248inf210/project_part2.html HTTP/1.1"
2410	2024/02/28 11:10:05	"GET /uv248fip248inf210/web_architecture_home.html HTTP/1.1"
2410	2024/02/28 11:10:18	"GET /uv248fip248inf210/lecture_jpa.html HTTP/1.1"
2410	2024/02/28 11:10:21	"GET /uv248fip248inf210/practice_jpa.html HTTP/1.1"
2410	2024/02/28 14:01:49	"GET /uv248fip248inf210/project_home.html HTTP/1.1"
2410	2024/02/28 14:01:52	"GET /uv248fip248inf210/project_part3.html HTTP/1.1"
2410	2024/02/28 14:06:34	"GET /uv248fip248inf210/project_structureui.html HTTP/1.1"
2410	2024/02/28 14:08:30	"GET /uv248fip248inf210/project_part4.html HTTP/1.1"
2410	2024/02/28 14:11:43	"GET /uv248fip248inf210/project_task_time.html HTTP/1.1"
2410	2024/02/28 14:11:44	"GET /uv248fip248inf210/project_specifications.html HTTP/1.1"
2410	2024/02/28 14:11:47	"GET /uv248fip248inf210/project_evaluation.html HTTP/1.1"
2410	2024/02/28 14:33:21	"GET /uv248fip248inf210/project_part1.html HTTP/1.1"
2410	2024/02/28 16:22:37	"GET /uv248fip248inf210/project_part2.html HTTP/1.1"
2410	2024/01/12 11:43:17	"GET /uv248fip248inf210/index.html HTTP/1.1"
2410	2024/01/12 11:45:23	"GET /uv248fip248inf210/web_architecture_home.html HTTP/1.1"
2410	2024/01/12 13:43:55	"GET /uv248fip248inf210/lecture_jpa.html HTTP/1.1"
2410	2024/01/12 13:48:19	"GET /uv248fip248inf210/practice_jpa.html HTTP/1.1"
2410	2024/01/12 15:21:36	"GET /uv248fip248inf210/lecture_dto.html HTTP/1.1"
2410	2024/01/12 15:22:07	"GET /uv248fip248inf210/lecture_xml.html HTTP/1.1"
2410	2024/01/12 15:24:18	"GET /uv248fip248inf210/practice_xml.html HTTP/1.1"
2410	2024/01/12 15:27:33	"GET /uv248fip248inf210/lecture_json.html HTTP/1.1"
2410	2024/01/12 15:27:57	"GET /uv248fip248inf210/practice_json.html HTTP/1.1"
2410	2024/01/12 15:28:37	"GET /uv248fip248inf210/index.html HTTP/1.1"
2410	2024/01/12 15:28:41	"GET /uv248fip248inf210/data_home.html HTTP/1.1"
2410	2024/01/12 15:28:48	"GET /uv248fip248inf210/images/data/prerequisite_data/prerequisite_data.html HTTP/1.1"
2410	2024/01/12 15:38:43	"GET /uv248fip248inf210/lecture_relational_model.html HTTP/1.1"
2410	2024/01/12 15:41:12	"GET /uv248fip248inf210/lecture_db_integrity.html HTTP/1.1"
2410	2024/01/12 15:46:08	"GET /uv248fip248inf210/activity_relational_model.html HTTP/1.1"
2410	2024/01/12 15:53:01	"GET /uv248fip248inf210/lecture_modeling_normalization.html HTTP/1.1"
2410	2024/01/12 15:56:52	"GET /uv248fip248inf210/lecture_conceptual_modeling.html HTTP/1.1"
2410	2024/01/12 15:58:28	"GET /uv248fip248inf210/activity_conceptual_modeling.html HTTP/1.1"
2410	2024/01/12 16:11:48	"GET /uv248fip248inf210/activity_conceptual_modeling_correction.html HTTP/1.1"
