2411	2024/01/29 09:34:14	"GET /uv248fip248inf210/activity_relational_model.html HTTP/1.1"
2411	2024/01/29 09:34:54	"GET /uv248fip248inf210/activity_sql.html HTTP/1.1"
2411	2024/01/29 09:42:05	"GET /uv248fip248inf210/index.html HTTP/1.1"
2411	2024/01/29 09:42:14	"GET /uv248fip248inf210/web_architecture_home.html HTTP/1.1"
2411	2024/01/29 09:42:31	"GET /uv248fip248inf210/technical_environment_home.html HTTP/1.1"
2411	2024/01/29 09:42:37	"GET /uv248fip248inf210/documentation_docker.html HTTP/1.1"
2411	2024/01/29 09:42:44	"GET /uv248fip248inf210/practice_postgresql.html HTTP/1.1"
2411	2024/01/29 09:44:18	"GET /uv248fip248inf210/data_home.html HTTP/1.1"
2411	2024/01/29 09:44:23	"GET /uv248fip248inf210/images/data/prerequisite_data/prerequisite_data.html HTTP/1.1"
2411	2024/01/29 10:31:27	"GET /uv248fip248inf210/activity_sql_correction.html HTTP/1.1"
2411	2024/01/29 11:25:23	"GET /uv248fip248inf210/practice_sql.html HTTP/1.1"
2411	2024/01/29 11:40:33	"GET /uv248fip248inf210/practice_sql_correction.html HTTP/1.1"
2411	2024/02/13 08:10:58	"GET /uv248fip248inf210/data_home.html HTTP/1.1"
2411	2024/02/13 08:11:00	"GET /uv248fip248inf210/images/data/prerequisite_data/prerequisite_data.html HTTP/1.1"
2411	2024/02/13 08:11:10	"GET /uv248fip248inf210/web_architecture_home.html HTTP/1.1"
2411	2024/02/13 08:11:15	"GET /uv248fip248inf210/images/web_architecture/prerequisite_archiweb/prerequisite_archiweb.html HTTP/1.1"
2411	2024/02/13 08:11:20	"GET /uv248fip248inf210/practice_jpa_advanced.html HTTP/1.1"
2411	2024/02/13 08:27:47	"GET /uv248fip248inf210/practice_jpa.html HTTP/1.1"
2411	2024/02/06 14:16:10	"GET /uv248fip248inf210/practice_transaction.html HTTP/1.1"
2411	2024/02/06 15:45:42	"GET /uv248fip248inf210/index.html HTTP/1.1"
2411	2024/02/06 15:51:10	"GET /uv248fip248inf210/images/web_architecture/prerequisite_archiweb/prerequisite_archiweb.html HTTP/1.1"
2411	2024/02/06 15:51:12	"GET /uv248fip248inf210/practice_jpa_advanced.html HTTP/1.1"
2411	2024/03/11 09:28:18	"GET /uv248fip248inf210/project_home.html HTTP/1.1"
2411	2024/03/11 09:28:25	"GET /uv248fip248inf210/data_home.html HTTP/1.1"
2411	2024/03/11 09:28:35	"GET /uv248fip248inf210/images/data/prerequisite_data/prerequisite_data.html HTTP/1.1"
2411	2024/03/11 09:28:37	"GET /uv248fip248inf210/lecture_conceptual_modeling.html HTTP/1.1"
2411	2024/03/11 09:33:42	"GET /uv248fip248inf210/activity_normalization.html HTTP/1.1"
2411	2024/03/11 09:58:26	"GET /uv248fip248inf210/index.html HTTP/1.1"
2411	2024/03/11 09:58:46	"GET /uv248fip248inf210/lecture_independence_views.html HTTP/1.1"
2411	2024/03/11 10:01:47	"GET /uv248fip248inf210/project_part1.html HTTP/1.1"
2411	2024/03/04 09:42:26	"GET /uv248fip248inf210/project_part3.html HTTP/1.1"
2411	2024/03/04 09:58:52	"GET /uv248fip248inf210/project_specifications.html HTTP/1.1"
2411	2024/03/04 09:59:23	"GET /uv248fip248inf210/project_part4.html HTTP/1.1"
2411	2024/03/04 10:12:49	"GET /uv248fip248inf210/project_part1.html HTTP/1.1"
2411	2024/03/04 10:19:37	"GET /uv248fip248inf210/project_part3.html HTTP/1.1"
2411	2024/04/25 15:36:13	"GET /uv248fip248inf210/data_home.html HTTP/1.1"
2411	2024/04/25 15:36:17	"GET /uv248fip248inf210/technical_environment_home.html HTTP/1.1"
2411	2024/04/25 15:36:20	"GET /uv248fip248inf210/web_architecture_home.html HTTP/1.1"
2411	2024/04/25 15:36:25	"GET /uv248fip248inf210/project_home.html HTTP/1.1"
2411	2024/04/25 15:36:31	"GET /uv248fip248inf210/project_specifications.html HTTP/1.1"
2411	2024/03/01 12:34:06	"GET /uv248fip248inf210/project_part2.html HTTP/1.1"
2411	2024/03/01 12:34:11	"GET /uv248fip248inf210/project_specifications.html HTTP/1.1"
2411	2024/03/01 12:34:52	"GET /uv248fip248inf210/project_part2.html HTTP/1.1"
2411	2024/03/01 12:45:36	"GET /uv248fip248inf210/project_part1.html HTTP/1.1"
2411	2024/01/30 15:24:09	"GET /uv248fip248inf210/images/web_architecture/prerequisite_archiweb/prerequisite_archiweb.html HTTP/1.1"
2411	2024/01/30 15:24:11	"GET /uv248fip248inf210/lecture_jpa.html HTTP/1.1"
2411	2024/01/30 15:30:12	"GET /uv248fip248inf210/practice_jpa.html HTTP/1.1"
2411	2024/01/30 15:36:42	"GET /uv248fip248inf210/lecture_mvc_spring.html HTTP/1.1"
2411	2024/01/30 15:54:48	"GET /uv248fip248inf210/lecture_conceptual_modeling.html HTTP/1.1"
2411	2024/03/13 23:06:57	"GET /uv248fip248inf210/project_home.html HTTP/1.1"
2411	2024/03/13 23:06:59	"GET /uv248fip248inf210/project_part3.html HTTP/1.1"
2411	2024/02/05 13:59:06	"GET /uv248fip248inf210/web_architecture_home.html HTTP/1.1"
2411	2024/02/05 14:08:56	"GET /uv248fip248inf210/data_home.html HTTP/1.1"
2411	2024/02/05 14:09:02	"GET /uv248fip248inf210/images/data/prerequisite_data/prerequisite_data.html HTTP/1.1"
2411	2024/02/05 14:09:04	"GET /uv248fip248inf210/lecture_transaction.html HTTP/1.1"
2411	2024/02/05 14:12:35	"GET /uv248fip248inf210/lecture_isolation.html HTTP/1.1"
2411	2024/02/19 09:38:58	"GET /uv248fip248inf210/project_home.html HTTP/1.1"
2411	2024/02/19 09:39:02	"GET /uv248fip248inf210/project_part1.html HTTP/1.1"
2411	2024/02/19 09:39:50	"GET /uv248fip248inf210/web_architecture_home.html HTTP/1.1"
2411	2024/02/19 09:39:51	"GET /uv248fip248inf210/images/web_architecture/prerequisite_archiweb/prerequisite_archiweb.html HTTP/1.1"
2411	2024/02/19 09:39:53	"GET /uv248fip248inf210/practice_spring_2tiers_ext.html HTTP/1.1"
2411	2024/02/19 09:40:39	"GET /uv248fip248inf210/project_specifications.html HTTP/1.1"
2411	2024/02/19 09:45:11	"GET /uv248fip248inf210/project_presentation.html HTTP/1.1"
2411	2024/02/19 09:45:18	"GET /uv248fip248inf210/project_evaluation.html HTTP/1.1"
2411	2024/02/19 09:45:27	"GET /uv248fip248inf210/project_task_time.html HTTP/1.1"
2411	2024/02/19 09:45:41	"GET /uv248fip248inf210/project_part2.html HTTP/1.1"
2411	2024/02/19 09:45:56	"GET /uv248fip248inf210/fproject_part3.html HTTP/1.1"
2411	2024/02/19 09:46:38	"GET /uv248fip248inf210/index.html HTTP/1.1"
2411	2024/03/07 12:03:42	"GET /uv248fip248inf210/project_home.html HTTP/1.1"
2411	2024/04/26 15:58:02	"GET /uv248fip248inf210/project_part1.html HTTP/1.1"
2411	2024/01/10 14:59:06	"GET /uv248fip248inf210/images/web_architecture/prerequisite_archiweb/prerequisite_archiweb.html HTTP/1.1"
2411	2024/01/17 13:46:30	"GET /uv248fip248inf210/lecture_dto.html HTTP/1.1"
2411	2024/01/17 13:47:33	"GET /uv248fip248inf210/index.html HTTP/1.1"
2411	2024/01/17 13:47:36	"GET /uv248fip248inf210/web_architecture_home.html HTTP/1.1"
2411	2024/01/17 13:47:40	"GET /uv248fip248inf210/images/web_architecture/prerequisite_archiweb/prerequisite_archiweb.html HTTP/1.1"
2411	2024/01/17 13:47:41	"GET /uv248fip248inf210/lecture_json.html HTTP/1.1"
2411	2024/01/17 13:51:01	"GET /uv248fip248inf210/practice_json.html HTTP/1.1"
2411	2024/01/17 14:29:01	"GET /uv248fip248inf210/practice_xml.html HTTP/1.1"
2411	2024/01/17 15:04:09	"GET /uv248fip248inf210/lecture_validity.html HTTP/1.1"
2411	2024/01/17 15:19:57	"GET /uv248fip248inf210/data_home.html HTTP/1.1"
2411	2024/01/17 15:20:29	"GET /uv248fip248inf210/images/data/prerequisite_data/prerequisite_data.html HTTP/1.1"
2411	2024/01/17 15:29:44	"GET /uv248fip248inf210/lecture_relational_model.html HTTP/1.1"
2411	2024/01/17 15:37:10	"GET /uv248fip248inf210/lecture_db_integrity.html HTTP/1.1"
2411	2024/01/17 15:55:42	"GET /uv248fip248inf210/activity_relational_model.html HTTP/1.1"
2411	2024/02/24 09:38:05	"GET /uv248fip248inf210/data_home.html HTTP/1.1"
2411	2024/02/24 09:38:08	"GET /uv248fip248inf210/project_home.html HTTP/1.1"
2411	2024/02/24 09:38:19	"GET /uv248fip248inf210/project_part2.html HTTP/1.1"
2411	2024/01/19 09:47:53	"GET /uv248fip248inf210/images/data/prerequisite_data/prerequisite_data.html HTTP/1.1"
2411	2024/01/19 09:47:55	"GET /uv248fip248inf210/activity_relational_model.html HTTP/1.1"
2411	2024/01/19 09:48:08	"GET /uv248fip248inf210/lecture_db_integrity.html HTTP/1.1"
2411	2024/01/19 09:48:19	"GET /uv248fip248inf210/lecture_modeling_normalization.html HTTP/1.1"
2411	2024/01/19 09:48:40	"GET /uv248fip248inf210/lecture_conceptual_modeling.html HTTP/1.1"
2411	2024/01/19 10:29:53	"GET /uv248fip248inf210/activity_conceptual_modeling.html HTTP/1.1"
2411	2024/01/19 11:09:21	"GET /uv248fip248inf210/activity_conceptual_modeling_correction.html HTTP/1.1"
2411	2024/01/19 11:17:42	"GET /uv248fip248inf210/index.html HTTP/1.1"
2411	2024/01/19 11:17:45	"GET /uv248fip248inf210/data_home.html HTTP/1.1"
2411	2024/01/19 11:17:52	"GET /uv248fip248inf210/images/data/prerequisite_data/prerequisite_data.html HTTP/1.1"
2411	2024/01/19 11:17:53	"GET /uv248fip248inf210/activity_conceptual_modeling_advanced.html HTTP/1.1"
2411	2024/01/19 11:18:07	"GET /uv248fip248inf210/lecture_normalization.html HTTP/1.1"
2411	2024/01/19 11:24:50	"GET /uv248fip248inf210/lecture_relation_model.html HTTP/1.1"
2411	2024/01/19 11:24:54	"GET /uv248fip248inf210/lecture_sql.html HTTP/1.1"
2411	2024/01/19 11:50:46	"GET /uv248fip248inf210/activity_normalization.html HTTP/1.1"
2411	2024/01/11 08:22:53	"GET /uv248fip248inf210/web_architecture_home.html HTTP/1.1"
2411	2024/01/11 08:22:56	"GET /uv248fip248inf210/images/web_architecture/prerequisite_archiweb/prerequisite_archiweb.html HTTP/1.1"
2411	2024/01/11 08:23:54	"GET /uv248fip248inf210/lecture_technical_architecture.html HTTP/1.1"
2411	2024/01/11 08:25:48	"GET /uv248fip248inf210/lecture_software_architecture.html HTTP/1.1"
2411	2024/01/11 08:30:29	"GET /uv248fip248inf210/lecture_mvc_spring.html HTTP/1.1"
2411	2024/01/11 08:30:39	"GET /uv248fip248inf210/lecture_software_architecture.html HTTP/1.1"
2411	2024/01/11 08:56:27	"GET /uv248fip248inf210/images/web_architecture/prerequisite_archiweb/prerequisite_archiweb.html HTTP/1.1"
2411	2024/01/11 08:56:30	"GET /uv248fip248inf210/lecture_mvc_spring.html HTTP/1.1"
2411	2024/01/11 08:57:38	"GET /uv248fip248inf210/lecture_mvc_spring.html HTTP/1.1"
2411	2024/01/11 09:28:30	"GET /uv248fip248inf210/practice_spring_2tiers.html HTTP/1.1"
2411	2024/01/11 10:01:12	"GET /uv248fip248inf210/practice_spring_2tiers.html HTTP/1.1"
2411	2024/01/11 12:31:50	"GET /uv248fip248inf210/images/web_architecture/prerequisite_archiweb/prerequisite_archiweb.html HTTP/1.1"
2411	2024/01/11 12:31:52	"GET /uv248fip248inf210/lecture_mvc_spring.html HTTP/1.1"
2411	2024/02/21 13:54:09	"GET /uv248fip248inf210/project_part1.html HTTP/1.1"
2411	2024/02/21 14:00:01	"GET /uv248fip248inf210/index.html HTTP/1.1"
2411	2024/02/21 14:00:05	"GET /uv248fip248inf210/project_home.html HTTP/1.1"
2411	2024/02/21 14:00:31	"GET /uv248fip248inf210/project_part1.html HTTP/1.1"
2411	2024/02/21 14:53:31	"GET /uv248fip248inf210/project_presentation.html HTTP/1.1"
2411	2024/02/21 14:53:41	"GET /uv248fip248inf210/project_specifications.html HTTP/1.1"
2411	2024/01/09 10:24:38	"GET /uv248fip248inf210/technical_environment_home.html HTTP/1.1"
2411	2024/01/09 10:24:49	"GET /uv248fip248inf210/images/technical_environment/prerequisite_techenv/prerequisite_techenv.html HTTP/1.1"
2411	2024/01/09 10:46:00	"GET /uv248fip248inf210/documentation_programming.html HTTP/1.1"
2411	2024/01/09 10:57:24	"GET /uv248fip248inf210/practice_spring.html HTTP/1.1"
2411	2024/01/09 11:45:39	"GET /uv248fip248inf210/documentation_docker.html HTTP/1.1"
2411	2024/01/09 11:45:56	"GET /uv248fip248inf210/practice_docker.html HTTP/1.1"
2411	2024/01/09 13:41:51	"GET /uv248fip248inf210/documentation_si.html HTTP/1.1"
2411	2024/01/09 13:42:00	"GET /uv248fip248inf210/inversion_of_control.html HTTP/1.1"
2411	2024/01/09 21:03:47	"GET /uv248fip248inf210/practice_postgresql.html HTTP/1.1"
2411	2024/01/09 21:12:09	"GET /uv248fip248inf210/inversion_of_control.html HTTP/1.1"
2411	2024/01/09 21:13:34	"GET /uv248fip248inf210/spring_bean.html HTTP/1.1"
2411	2024/01/09 21:13:59	"GET /uv248fip248inf210/documentation_rdbms.html HTTP/1.1"
2411	2024/01/09 21:43:00	"GET /uv248fip248inf210/documentation_docker.html HTTP/1.1"
2411	2024/01/09 21:43:28	"GET /uv248fip248inf210/web_architecture_home.html HTTP/1.1"
2411	2024/02/26 09:49:39	"GET /uv248fip248inf210/project_part2.html HTTP/1.1"
2411	2024/02/26 11:23:48	"GET /uv248fip248inf210/project_part2.html HTTP/1.1"
2411	2024/01/15 09:32:28	"GET /uv248fip248inf210/images/web_architecture/prerequisite_archiweb/prerequisite_archiweb.html HTTP/1.1"
2411	2024/01/15 09:32:30	"GET /uv248fip248inf210/practice_jpa.html HTTP/1.1"
2411	2024/01/15 12:08:16	"GET /uv248fip248inf210/images/web_architecture/prerequisite_archiweb/prerequisite_archiweb.html HTTP/1.1"
2411	2024/01/15 12:08:19	"GET /uv248fip248inf210/lecture_dto.html HTTP/1.1"
2411	2024/01/15 12:14:06	"GET /uv248fip248inf210/lecture_xml.html HTTP/1.1"
2411	2024/02/28 10:30:18	"GET /uv248fip248inf210/project_home.html HTTP/1.1"
2411	2024/02/28 10:30:20	"GET /uv248fip248inf210/project_part2.html HTTP/1.1"
2411	2024/02/28 10:56:10	"GET /uv248fip248inf210/project_part1.html HTTP/1.1"
2411	2024/02/28 11:36:42	"GET /uv248fip248inf210/project_specifications.html HTTP/1.1"
2411	2024/02/28 16:04:55	"GET /uv248fip248inf210/project_part1.html HTTP/1.1"
2411	2024/01/12 13:41:48	"GET /uv248fip248inf210/practice_spring_2tiers.html HTTP/1.1"
2411	2024/01/12 13:46:21	"GET /uv248fip248inf210/web_architecture_home.html HTTP/1.1"
2411	2024/01/12 13:56:54	"GET /uv248fip248inf210/index.html HTTP/1.1"
2411	2024/01/12 13:56:56	"GET /uv248fip248inf210/technical_environment_home.html HTTP/1.1"
2411	2024/01/12 13:57:01	"GET /uv248fip248inf210/images/technical_environment/prerequisite_techenv/prerequisite_techenv.html HTTP/1.1"
2411	2024/01/12 13:57:03	"GET /uv248fip248inf210/practice_docker.html HTTP/1.1"
2411	2024/01/12 14:55:45	"GET /uv248fip248inf210/images/web_architecture/prerequisite_archiweb/prerequisite_archiweb.html HTTP/1.1"
2411	2024/01/12 14:55:46	"GET /uv248fip248inf210/practice_spring_2tiers.html HTTP/1.1"
2411	2024/01/12 15:02:19	"GET /uv248fip248inf210/lecture_jpa.html HTTP/1.1"
2411	2024/01/12 15:15:42	"GET /uv248fip248inf210/lecture_mvc_spring.html HTTP/1.1"
2411	2024/01/12 15:15:56	"GET /uv248fip248inf210/practice_jpa.html HTTP/1.1"
