2412	2024/02/13 09:41:30	"GET /uv248fip248inf210/project_home.html HTTP/1.1"
2412	2024/02/06 14:24:47	"GET /uv248fip248inf210/data_home.html HTTP/1.1"
2412	2024/02/06 14:25:10	"GET /uv248fip248inf210/activity_decomposition.html HTTP/1.1"
2412	2024/02/06 14:25:54	"GET /uv248fip248inf210/activity_decomposition_correction.html HTTP/1.1"
2412	2024/02/06 15:48:18	"GET /uv248fip248inf210/activity_decomposition.html HTTP/1.1"
2412	2024/03/04 09:29:21	"GET /uv248fip248inf210/project_home.html HTTP/1.1"
2412	2024/03/04 09:29:25	"GET /uv248fip248inf210/project_part3.html HTTP/1.1"
2412	2024/03/13 20:05:55	"GET /uv248fip248inf210/project_home.html HTTP/1.1"
2412	2024/03/13 20:12:10	"GET /uv248fip248inf210/project_part2.html HTTP/1.1"
2412	2024/03/13 20:14:12	"GET /uv248fip248inf210/project_part3.html HTTP/1.1"
2412	2024/03/06 09:28:04	"GET /uv248fip248inf210/data_home.html HTTP/1.1"
2412	2024/03/06 09:28:09	"GET /uv248fip248inf210/project_home.html HTTP/1.1"
2412	2024/03/06 09:28:13	"GET /uv248fip248inf210/project_part3.html HTTP/1.1"
2412	2024/03/06 09:28:30	"GET /uv248fip248inf210/project_part2.html HTTP/1.1"
2412	2024/01/22 14:16:47	"GET /uv248fip248inf210/data_home.html HTTP/1.1"
2412	2024/01/22 14:16:58	"GET /uv248fip248inf210/images/data/prerequisite_data/prerequisite_data.html HTTP/1.1"
2412	2024/01/22 14:16:59	"GET /uv248fip248inf210/activity_decomposition.html HTTP/1.1"
2412	2024/01/22 14:23:00	"GET /uv248fip248inf210/practice_advanced_sql.html HTTP/1.1"
2412	2024/01/22 14:23:09	"GET /uv248fip248inf210/activity_decomposition.html HTTP/1.1"
2412	2024/01/22 14:23:13	"GET /uv248fip248inf210/index.html HTTP/1.1"
2412	2024/01/22 14:23:26	"GET /uv248fip248inf210/web_architecture_home.html HTTP/1.1"
2412	2024/01/22 14:29:57	"GET /uv248fip248inf210/activity_normalization.html HTTP/1.1"
2412	2024/01/22 14:33:22	"GET /uv248fip248inf210/activity_decomposition.html HTTP/1.1"
2412	2024/01/22 14:33:39	"GET /uv248fip248inf210/index.html HTTP/1.1"
2412	2024/02/19 09:35:09	"GET /uv248fip248inf210/data_home.html HTTP/1.1"
2412	2024/02/19 09:35:27	"GET /uv248fip248inf210/index.html HTTP/1.1"
2412	2024/02/19 09:35:30	"GET /uv248fip248inf210/web_architecture_home.html HTTP/1.1"
2412	2024/02/19 09:35:34	"GET /uv248fip248inf210/images/web_architecture/prerequisite_archiweb/prerequisite_archiweb.html HTTP/1.1"
2412	2024/02/19 09:35:35	"GET /uv248fip248inf210/practice_spring_2tiers_ext.html HTTP/1.1"
2412	2024/02/19 09:59:52	"GET /uv248fip248inf210/practice_spring_2tiers.html HTTP/1.1"
2412	2024/02/19 10:02:18	"GET /uv248fip248inf210/technical_environment_home.html HTTP/1.1"
2412	2024/02/19 10:06:22	"GET /uv248fip248inf210/documentation_programming.html HTTP/1.1"
2412	2024/02/19 10:06:53	"GET /uv248fip248inf210/practice_spring.html HTTP/1.1"
2412	2024/01/17 09:29:18	"GET /uv248fip248inf210/web_architecture_home.html HTTP/1.1"
2412	2024/01/17 09:29:31	"GET /uv248fip248inf210/images/web_architecture/prerequisite_archiweb/prerequisite_archiweb.html HTTP/1.1"
2412	2024/01/17 09:29:33	"GET /uv248fip248inf210/lecture_json.html HTTP/1.1"
2412	2024/01/17 09:29:59	"GET /uv248fip248inf210/practice_json.html HTTP/1.1"
2412	2024/01/17 09:30:29	"GET /uv248fip248inf210/lecture_xml.html HTTP/1.1"
2412	2024/01/17 09:34:32	"GET /uv248fip248inf210/practice_xml.html HTTP/1.1"
2412	2024/01/17 09:37:06	"GET /uv248fip248inf210/lecture_xpath.html HTTP/1.1"
2412	2024/01/17 09:38:43	"GET /uv248fip248inf210/lecture_parser.html HTTP/1.1"
2412	2024/01/17 09:44:36	"GET /uv248fip248inf210/practice_jpa.html HTTP/1.1"
2412	2024/01/17 09:44:46	"GET /uv248fip248inf210/index.html HTTP/1.1"
2412	2024/01/17 09:44:59	"GET /uv248fip248inf210/lecture_jpa.html HTTP/1.1"
2412	2024/01/17 10:34:00	"GET /uv248fip248inf210/practice_jpa.html HTTP/1.1"
2412	2024/01/17 10:34:18	"GET /uv248fip248inf210/lecture_mvc_spring.html HTTP/1.1"
2412	2024/01/17 10:34:23	"GET /uv248fip248inf210/index.html HTTP/1.1"
2412	2024/01/17 10:34:25	"GET /uv248fip248inf210/data_home.html HTTP/1.1"
2412	2024/01/17 10:34:26	"GET /uv248fip248inf210/images/data/prerequisite_data/prerequisite_data.html HTTP/1.1"
2412	2024/01/17 10:34:39	"GET /uv248fip248inf210/lecture_normalization.html HTTP/1.1"
2412	2024/01/17 11:30:13	"GET /uv248fip248inf210/index.html HTTP/1.1"
2412	2024/01/17 11:30:18	"GET /uv248fip248inf210/technical_environment_home.html HTTP/1.1"
2412	2024/01/17 11:30:41	"GET /uv248fip248inf210/project_home.html HTTP/1.1"
2412	2024/01/17 11:30:44	"GET /uv248fip248inf210/project_presentation.html HTTP/1.1"
2412	2024/01/19 09:37:32	"GET /uv248fip248inf210/data_home.html HTTP/1.1"
2412	2024/01/19 09:37:36	"GET /uv248fip248inf210/images/data/prerequisite_data/prerequisite_data.html HTTP/1.1"
2412	2024/01/19 09:37:38	"GET /uv248fip248inf210/lecture_normalization.html HTTP/1.1"
2412	2024/01/19 09:40:38	"GET /uv248fip248inf210/lecture_conceptual_modeling.html HTTP/1.1"
2412	2024/01/19 09:48:19	"GET /uv248fip248inf210/lecture_independence_views.html HTTP/1.1"
2412	2024/01/19 09:53:53	"GET /uv248fip248inf210/activity_conceptual_modeling.html HTTP/1.1"
2412	2024/01/19 10:29:46	"GET /uv248fip248inf210/activity_conceptual_modeling_advanced.html HTTP/1.1"
2412	2024/01/19 10:30:06	"GET /uv248fip248inf210/activity_conceptual_modeling_advanced_correction.html HTTP/1.1"
2412	2024/01/19 11:19:01	"GET /uv248fip248inf210/index.html HTTP/1.1"
2412	2024/01/19 11:19:04	"GET /uv248fip248inf210/project_home.html HTTP/1.1"
2412	2024/01/19 11:27:07	"GET /uv248fip248inf210/index.html HTTP/1.1"
2412	2024/01/19 11:27:10	"GET /uv248fip248inf210/data_home.html HTTP/1.1"
2412	2024/01/19 11:43:23	"GET /uv248fip248inf210/project_evaluation.html HTTP/1.1"
2412	2024/01/19 11:54:12	"GET /uv248fip248inf210/activity_decomposition.html HTTP/1.1"
2412	2024/01/19 11:54:36	"GET /uv248fip248inf210/activity_decomposition_correction.html HTTP/1.1"
2412	2024/01/11 08:00:40	"GET /uv248fip248inf210/technical_environment_home.html HTTP/1.1"
2412	2024/01/11 08:00:45	"GET /uv248fip248inf210/practice_postgresql.html HTTP/1.1"
2412	2024/01/11 08:00:59	"GET /uv248fip248inf210/practice_docker.html HTTP/1.1"
2412	2024/01/11 08:04:20	"GET /uv248fip248inf210/practice_postgresql.html HTTP/1.1"
2412	2024/01/11 08:05:44	"GET /uv248fip248inf210/practice_postgresql.html HTTP/1.1"
2412	2024/01/11 08:05:59	"GET /uv248fip248inf210/practice_postgresql.html HTTP/1.1"
2412	2024/01/11 08:06:05	"GET /uv248fip248inf210/practice_postgresql.html HTTP/1.1"
2412	2024/01/11 08:07:30	"GET /uv248fip248inf210/practice_postgresql.html HTTP/1.1"
2412	2024/01/11 08:08:21	"GET /uv248fip248inf210/practice_docker.html HTTP/1.1"
2412	2024/01/11 08:09:09	"GET /uv248fip248inf210/practice_docker_advanced.html HTTP/1.1"
2412	2024/01/11 08:09:30	"GET /uv248fip248inf210/documentation_si.html HTTP/1.1"
2412	2024/01/11 08:09:36	"GET /uv248fip248inf210/documentation_rdbms.html HTTP/1.1"
2412	2024/01/11 08:09:42	"GET /uv248fip248inf210/practice_postgresql.html HTTP/1.1"
2412	2024/01/11 08:12:19	"GET /uv248fip248inf210/documentation_programming.html HTTP/1.1"
2412	2024/01/11 08:13:50	"GET /uv248fip248inf210/practice_spring.html HTTP/1.1"
2412	2024/01/11 08:46:46	"GET /uv248fip248inf210/licence.html HTTP/1.1"
2412	2024/01/11 08:46:48	"GET /uv248fip248inf210/index.html HTTP/1.1"
2412	2024/01/11 08:46:51	"GET /uv248fip248inf210/web_architecture_home.html HTTP/1.1"
2412	2024/01/11 08:46:53	"GET /uv248fip248inf210/lecture_technical_architecture.html HTTP/1.1"
2412	2024/01/11 09:00:46	"GET /uv248fip248inf210/lecture_software_architecture.html HTTP/1.1"
2412	2024/01/11 09:05:46	"GET /uv248fip248inf210/lecture_mvc_spring.html HTTP/1.1"
2412	2024/01/11 09:08:41	"GET /uv248fip248inf210/lecture_jpa.html HTTP/1.1"
2412	2024/01/11 09:13:39	"GET /uv248fip248inf210/practice_jpa.html HTTP/1.1"
2412	2024/01/11 10:26:28	"GET /uv248fip248inf210/web_architecture_home.html HTTP/1.1"
2412	2024/01/11 10:26:32	"GET /uv248fip248inf210/lecture_software_architecture.html HTTP/1.1"
2412	2024/01/11 10:26:38	"GET /uv248fip248inf210/lecture_jpa.html HTTP/1.1"
2412	2024/01/11 10:26:42	"GET /uv248fip248inf210/practice_jpa.html HTTP/1.1"
2412	2024/02/21 13:50:22	"GET /uv248fip248inf210/web_architecture_home.html HTTP/1.1"
2412	2024/02/21 13:50:26	"GET /uv248fip248inf210/index.html HTTP/1.1"
2412	2024/02/21 13:50:28	"GET /uv248fip248inf210/project_home.html HTTP/1.1"
2412	2024/02/21 13:50:37	"GET /uv248fip248inf210/project_part1.html HTTP/1.1"
2412	2024/02/21 14:04:23	"GET /uv248fip248inf210/project_home.html HTTP/1.1"
2412	2024/02/21 14:04:26	"GET /uv248fip248inf210/project_part1.html HTTP/1.1"
2412	2024/01/09 10:24:30	"GET /uv248fip248inf210/technical_environment_home.html HTTP/1.1"
2412	2024/01/09 10:24:43	"GET /uv248fip248inf210/images/technical_environment/prerequisite_techenv/prerequisite_techenv.html HTTP/1.1"
2412	2024/01/09 10:32:14	"GET /uv248fip248inf210/documentation_docker.html HTTP/1.1"
2412	2024/01/09 10:32:39	"GET /uv248fip248inf210/technical_environment_home.html HTTP/1.1"
2412	2024/01/09 11:04:04	"GET /uv248fip248inf210/practice_docker.html HTTP/1.1"
2412	2024/01/09 11:04:36	"GET /uv248fip248inf210/practice_postgresql.html HTTP/1.1"
2412	2024/01/09 11:05:15	"GET /uv248fip248inf210/documentation_programming.html HTTP/1.1"
2412	2024/01/09 11:05:24	"GET /uv248fip248inf210/practice_spring.html HTTP/1.1"
2412	2024/01/09 11:05:55	"GET /uv248fip248inf210/documentation_docker.html HTTP/1.1"
2412	2024/02/26 08:03:22	"GET /uv248fip248inf210/technical_environment_home.html HTTP/1.1"
2412	2024/02/26 08:03:38	"GET /uv248fip248inf210/documentation_docker.html HTTP/1.1"
2412	2024/02/26 08:03:47	"GET /uv248fip248inf210/practice_docker.html HTTP/1.1"
2412	2024/02/26 09:33:00	"GET /uv248fip248inf210/index.html HTTP/1.1"
2412	2024/02/26 09:33:04	"GET /uv248fip248inf210/project_home.html HTTP/1.1"
2412	2024/02/26 09:41:17	"GET /uv248fip248inf210/project_part2.html HTTP/1.1"
2412	2024/02/26 10:18:20	"GET /uv248fip248inf210/project_part2.html HTTP/1.1"
2412	2024/01/15 09:30:58	"GET /uv248fip248inf210/practice_jpa.html HTTP/1.1"
2412	2024/02/28 09:32:29	"GET /uv248fip248inf210/web_architecture_home.html HTTP/1.1"
2412	2024/02/28 09:32:37	"GET /uv248fip248inf210/data_home.html HTTP/1.1"
2412	2024/02/28 09:32:40	"GET /uv248fip248inf210/project_home.html HTTP/1.1"
2412	2024/02/28 09:32:43	"GET /uv248fip248inf210/project_part2.html HTTP/1.1"
2412	2024/02/28 10:09:00	"GET /uv248fip248inf210/project_part2.html HTTP/1.1"
2412	2024/01/12 13:42:18	"GET /uv248fip248inf210/technical_environment_home.html HTTP/1.1"
2412	2024/01/12 13:42:24	"GET /uv248fip248inf210/index.html HTTP/1.1"
2412	2024/01/12 13:42:27	"GET /uv248fip248inf210/web_architecture_home.html HTTP/1.1"
2412	2024/01/12 13:42:29	"GET /uv248fip248inf210/practice_jpa.html HTTP/1.1"
2412	2024/01/12 13:48:29	"GET /uv248fip248inf210/data_home.html HTTP/1.1"
2412	2024/01/12 13:48:44	"GET /uv248fip248inf210/lecture_relational_model.html HTTP/1.1"
2412	2024/01/12 13:49:21	"GET /uv248fip248inf210/lecture_db_integrity.html HTTP/1.1"
2412	2024/01/12 13:49:27	"GET /uv248fip248inf210/lecture_relational_algebra.html HTTP/1.1"
2412	2024/01/12 13:51:07	"GET /uv248fip248inf210/activity_relational_model.html HTTP/1.1"
2412	2024/01/12 13:51:23	"GET /uv248fip248inf210/lecture_modeling_normalization.html HTTP/1.1"
2412	2024/01/12 13:51:32	"GET /uv248fip248inf210/lecture_conceptual_modeling.html HTTP/1.1"
2412	2024/01/12 13:54:44	"GET /uv248fip248inf210/activity_conceptual_modeling.html HTTP/1.1"
2412	2024/01/12 13:54:49	"GET /uv248fip248inf210/activity_normalization.html HTTP/1.1"
2412	2024/01/12 13:55:07	"GET /uv248fip248inf210/activity_decomposition.html HTTP/1.1"
2412	2024/01/12 14:15:36	"GET /uv248fip248inf210/practice_sql.html HTTP/1.1"
2412	2024/01/12 14:20:51	"GET /uv248fip248inf210/lecture_transaction.html HTTP/1.1"
2412	2024/01/12 14:22:24	"GET /uv248fip248inf210/practice_advanced_sql.html HTTP/1.1"
2412	2024/01/12 14:37:42	"GET /uv248fip248inf210/lecture_conceptual_modeling.html HTTP/1.1"
2412	2024/01/12 14:37:52	"GET /uv248fip248inf210/lecture_modeling_normalization.html HTTP/1.1"
2412	2024/01/12 14:38:01	"GET /uv248fip248inf210/lecture_normalization.html HTTP/1.1"
2412	2024/01/12 14:38:03	"GET /uv248fip248inf210/activity_decomposition.html HTTP/1.1"
2412	2024/01/12 14:38:07	"GET /uv248fip248inf210/activity_sql.html HTTP/1.1"
2412	2024/01/12 14:38:24	"GET /uv248fip248inf210/practice_sql.html HTTP/1.1"
2412	2024/01/12 16:00:18	"GET /uv248fip248inf210/practice_advanced_sql.html HTTP/1.1"
2412	2024/01/12 16:01:00	"GET /uv248fip248inf210/lecture_transaction.html HTTP/1.1"
2412	2024/01/12 16:03:39	"GET /uv248fip248inf210/practice_transaction.html HTTP/1.1"
2412	2024/01/12 16:10:06	"GET /uv248fip248inf210/lecture_transaction.html HTTP/1.1"
2412	2024/01/12 16:10:51	"GET /uv248fip248inf210/lecture_isolation.html HTTP/1.1"
2412	2024/01/12 16:12:27	"GET /uv248fip248inf210/practice_transaction.html HTTP/1.1"
2412	2024/01/12 16:26:15	"GET /uv248fip248inf210/project_home.html HTTP/1.1"
2412	2024/01/12 16:26:23	"GET /uv248fip248inf210/project_presentation.html HTTP/1.1"
2412	2024/01/12 16:26:49	"GET /uv248fip248inf210/project_specifications.html HTTP/1.1"
2412	2024/01/12 16:26:51	"GET /uv248fip248inf210/project_task_time.html HTTP/1.1"
2412	2024/01/12 16:28:15	"GET /uv248fip248inf210/web_architecture_home.html HTTP/1.1"
2412	2024/01/12 16:28:29	"GET /uv248fip248inf210/lecture_technical_architecture.html HTTP/1.1"
2412	2024/01/12 16:28:33	"GET /uv248fip248inf210/lecture_software_architecture.html HTTP/1.1"
2412	2024/01/12 16:28:45	"GET /uv248fip248inf210/lecture_mvc_spring.html HTTP/1.1"
2412	2024/01/12 16:28:48	"GET /uv248fip248inf210/lecture_jpa.html HTTP/1.1"
