2413	2024/01/29 09:33:27	"GET /uv248fip248inf210/index.html HTTP/1.1"
2413	2024/01/29 09:33:32	"GET /uv248fip248inf210/web_architecture_home.html HTTP/1.1"
2413	2024/01/29 09:33:50	"GET /uv248fip248inf210/practice_spring_2tiers.html HTTP/1.1"
2413	2024/01/29 11:53:39	"GET /uv248fip248inf210/lecture_xml.html HTTP/1.1"
2413	2024/01/29 12:04:42	"GET /uv248fip248inf210/practice_xml.html HTTP/1.1"
2413	2024/01/29 12:06:28	"GET /uv248fip248inf210/lecture_json.html HTTP/1.1"
2413	2024/03/11 09:36:50	"GET /uv248fip248inf210/index.html HTTP/1.1"
2413	2024/02/05 09:58:44	"GET /uv248fip248inf210/index.html HTTP/1.1"
2413	2024/02/05 09:59:20	"GET /uv248fip248inf210/data_home.html HTTP/1.1"
2413	2024/02/05 10:26:19	"GET /uv248fip248inf210/images/data/prerequisite_data/prerequisite_data.html HTTP/1.1"
2413	2024/02/05 10:26:23	"GET /uv248fip248inf210/index.html HTTP/1.1"
2413	2024/02/05 10:26:25	"GET /uv248fip248inf210/web_architecture_home.html HTTP/1.1"
2413	2024/02/05 10:26:40	"GET /uv248fip248inf210/practice_spring_2tiers_ext.html HTTP/1.1"
2413	2024/02/05 10:26:44	"GET /uv248fip248inf210/practice_jpa.html HTTP/1.1"
2413	2024/02/05 10:26:46	"GET /uv248fip248inf210/lecture_jpa.html HTTP/1.1"
2413	2024/02/05 10:29:13	"GET /uv248fip248inf210/index.html HTTP/1.1"
2413	2024/02/05 10:29:35	"GET /uv248fip248inf210/activity_normalization.html HTTP/1.1"
2413	2024/01/22 13:47:47	"GET /uv248fip248inf210/index.html HTTP/1.1"
2413	2024/01/22 13:47:52	"GET /uv248fip248inf210/web_architecture_home.html HTTP/1.1"
2413	2024/01/22 13:51:39	"GET /uv248fip248inf210/index.html HTTP/1.1"
2413	2024/01/22 13:51:41	"GET /uv248fip248inf210/data_home.html HTTP/1.1"
2413	2024/01/22 13:51:49	"GET /uv248fip248inf210/images/data/prerequisite_data/prerequisite_data.html HTTP/1.1"
2413	2024/01/22 13:53:20	"GET /uv248fip248inf210/activity_conceptual_modeling.html HTTP/1.1"
2413	2024/01/22 13:54:45	"GET /uv248fip248inf210/practice_sql.html HTTP/1.1"
2413	2024/01/22 13:54:52	"GET /uv248fip248inf210/practice_advanced_sql.html HTTP/1.1"
2413	2024/01/22 13:55:52	"GET /uv248fip248inf210/practice_transaction.html HTTP/1.1"
2413	2024/01/22 13:56:58	"GET /uv248fip248inf210/practice_spring_2tiers.html HTTP/1.1"
2413	2024/02/19 09:35:14	"GET /uv248fip248inf210/web_architecture_home.html HTTP/1.1"
2413	2024/02/19 09:35:45	"GET /uv248fip248inf210/practice_spring_2tiers_ext.html HTTP/1.1"
2413	2024/02/19 09:37:14	"GET /uv248fip248inf210/practice_jpa.html HTTP/1.1"
2413	2024/02/19 09:50:00	"GET /uv248fip248inf210/practice_spring_2tiers.html HTTP/1.1"
2413	2024/01/17 13:49:13	"GET /uv248fip248inf210/index.html HTTP/1.1"
2413	2024/01/17 13:49:19	"GET /uv248fip248inf210/data_home.html HTTP/1.1"
2413	2024/01/17 13:49:22	"GET /uv248fip248inf210/practice_transaction.html HTTP/1.1"
2413	2024/01/17 13:52:51	"GET /uv248fip248inf210/lecture_transaction.html HTTP/1.1"
2413	2024/01/17 13:59:49	"GET /uv248fip248inf210/practice_transaction_correction.html HTTP/1.1"
2413	2024/01/17 14:04:47	"GET /uv248fip248inf210/index.html HTTP/1.1"
2413	2024/01/17 14:04:51	"GET /uv248fip248inf210/web_architecture_home.html HTTP/1.1"
2413	2024/01/17 14:04:54	"GET /uv248fip248inf210/lecture_technical_architecture.html HTTP/1.1"
2413	2024/01/17 14:14:58	"GET /uv248fip248inf210/lecture_software_architecture.html HTTP/1.1"
2413	2024/01/17 14:21:09	"GET /uv248fip248inf210/lecture_mvc_spring.html HTTP/1.1"
2413	2024/01/17 14:22:54	"GET /uv248fip248inf210/lecture_jpa.html HTTP/1.1"
2413	2024/01/17 14:23:06	"GET /uv248fip248inf210/practice_jpa.html HTTP/1.1"
2413	2024/01/19 09:38:40	"GET /uv248fip248inf210/index.html HTTP/1.1"
2413	2024/01/19 09:38:43	"GET /uv248fip248inf210/web_architecture_home.html HTTP/1.1"
2413	2024/01/19 10:05:33	"GET /uv248fip248inf210/practice_spring_2tiers.html HTTP/1.1"
2413	2024/01/19 11:19:53	"GET /uv248fip248inf210/lecture_jpa.html HTTP/1.1"
2413	2024/01/11 08:00:29	"GET /uv248fip248inf210/technical_environment_home.html HTTP/1.1"
2413	2024/01/11 08:00:37	"GET /uv248fip248inf210/images/technical_environment/prerequisite_techenv/prerequisite_techenv.html HTTP/1.1"
2413	2024/01/11 08:00:38	"GET /uv248fip248inf210/documentation_programming.html HTTP/1.1"
2413	2024/01/11 08:04:35	"GET /uv248fip248inf210/images/technical_environment/prerequisite_techenv/prerequisite_techenv.html HTTP/1.1"
2413	2024/01/11 08:04:39	"GET /uv248fip248inf210/practice_spring.html HTTP/1.1"
2413	2024/01/11 08:20:47	"GET /uv248fip248inf210/images/technical_environment/prerequisite_techenv/prerequisite_techenv.html HTTP/1.1"
2413	2024/01/11 08:20:52	"GET /uv248fip248inf210/practice_spring.html HTTP/1.1"
2413	2024/01/11 09:48:02	"GET /uv248fip248inf210/images/technical_environment/prerequisite_techenv/prerequisite_techenv.html HTTP/1.1"
2413	2024/01/11 09:48:23	"GET /uv248fip248inf210/practice_postgresql.html HTTP/1.1"
2413	2024/01/11 10:01:10	"GET /uv248fip248inf210/images/technical_environment/prerequisite_techenv/prerequisite_techenv.html HTTP/1.1"
2413	2024/01/11 10:03:39	"GET /uv248fip248inf210/practice_docker_advanced.html HTTP/1.1"
2413	2024/01/11 15:22:33	"GET /uv248fip248inf210/index.html HTTP/1.1"
2413	2024/01/11 15:22:37	"GET /uv248fip248inf210/data_home.html HTTP/1.1"
2413	2024/01/11 15:22:41	"GET /uv248fip248inf210/images/data/prerequisite_data/prerequisite_data.html HTTP/1.1"
2413	2024/01/11 15:22:49	"GET /uv248fip248inf210/lecture_relational_model.html HTTP/1.1"
2413	2024/01/11 15:32:46	"GET /uv248fip248inf210/lecture_db_integrity.html HTTP/1.1"
2413	2024/01/11 15:42:13	"GET /uv248fip248inf210/activity_relational_model.html HTTP/1.1"
2413	2024/01/11 16:00:36	"GET /uv248fip248inf210/activity_relational_model_correction.html HTTP/1.1"
2413	2024/01/11 16:16:09	"GET /uv248fip248inf210/activity_relational_model.html HTTP/1.1"
2413	2024/02/21 13:46:58	"GET /uv248fip248inf210/practice_spring_2tiers_ext.html HTTP/1.1"
2413	2024/02/21 13:47:01	"GET /uv248fip248inf210/index.html HTTP/1.1"
2413	2024/02/21 13:47:04	"GET /uv248fip248inf210/project_home.html HTTP/1.1"
2413	2024/02/21 13:47:08	"GET /uv248fip248inf210/project_presentation.html HTTP/1.1"
2413	2024/02/21 13:50:50	"GET /uv248fip248inf210/project_part1.html HTTP/1.1"
2413	2024/02/21 13:51:13	"GET /uv248fip248inf210/data_home.html HTTP/1.1"
2413	2024/02/21 13:51:38	"GET /uv248fip248inf210/activity_conceptual_modeling.html HTTP/1.1"
2413	2024/02/21 13:52:15	"GET /uv248fip248inf210/activity_conceptual_modeling_correction.html HTTP/1.1"
2413	2024/02/21 14:39:21	"GET /uv248fip248inf210/project_home.html HTTP/1.1"
2413	2024/02/21 14:39:23	"GET /uv248fip248inf210/project_part1.html HTTP/1.1"
2413	2024/02/21 15:42:39	"GET /uv248fip248inf210/project_home.html HTTP/1.1"
2413	2024/02/21 15:42:42	"GET /uv248fip248inf210/project_part2.html HTTP/1.1"
2413	2024/02/21 16:21:08	"GET /uv248fip248inf210/project_presentation.html HTTP/1.1"
2413	2024/02/21 16:21:13	"GET /uv248fip248inf210/project_evaluation.html HTTP/1.1"
2413	2024/02/21 16:21:40	"GET /uv248fip248inf210/project_task_time.html HTTP/1.1"
2413	2024/01/09 09:56:20	"GET /uv248fip248inf210/technical_environment_home.html HTTP/1.1"
2413	2024/01/09 09:58:03	"GET /uv248fip248inf210/images/technical_environment/prerequisite_techenv/prerequisite_techenv.html HTTP/1.1"
2413	2024/01/09 09:58:10	"GET /uv248fip248inf210/practice_docker.html HTTP/1.1"
2413	2024/01/09 10:00:29	"GET /uv248fip248inf210/inversion_of_control.html HTTP/1.1"
2413	2024/01/09 10:00:31	"GET /uv248fip248inf210/spring_bean.html HTTP/1.1"
2413	2024/01/09 10:00:33	"GET /uv248fip248inf210/practice_spring.html HTTP/1.1"
2413	2024/01/09 10:00:35	"GET /uv248fip248inf210/practice_postgresql.html HTTP/1.1"
2413	2024/01/09 10:00:37	"GET /uv248fip248inf210/documentation_programming.html HTTP/1.1"
2413	2024/01/09 10:00:39	"GET /uv248fip248inf210/documentation_rdbms.html HTTP/1.1"
2413	2024/01/09 10:00:41	"GET /uv248fip248inf210/documentation_si.html HTTP/1.1"
2413	2024/01/09 10:22:25	"GET /uv248fip248inf210/technical_environment_home.html HTTP/1.1"
2413	2024/01/09 10:24:18	"GET /uv248fip248inf210/images/technical_environment/prerequisite_techenv/prerequisite_techenv.html HTTP/1.1"
2413	2024/01/09 10:53:05	"GET /uv248fip248inf210/documentation_docker.html HTTP/1.1"
2413	2024/01/09 11:01:44	"GET /uv248fip248inf210/practice_docker.html HTTP/1.1"
2413	2024/01/09 11:39:15	"GET /uv248fip248inf210/documentation_programming.html HTTP/1.1"
2413	2024/01/09 11:50:17	"GET /uv248fip248inf210/practice_spring.html HTTP/1.1"
2413	2024/02/26 09:32:34	"GET /uv248fip248inf210/index.html HTTP/1.1"
2413	2024/02/26 09:32:39	"GET /uv248fip248inf210/project_home.html HTTP/1.1"
2413	2024/02/26 09:32:44	"GET /uv248fip248inf210/project_part3.html HTTP/1.1"
2413	2024/02/26 09:32:47	"GET /uv248fip248inf210/project_part4.html HTTP/1.1"
2413	2024/02/26 09:32:51	"GET /uv248fip248inf210/project_part2.html HTTP/1.1"
2413	2024/02/26 10:23:14	"GET /uv248fip248inf210/project_part2.html HTTP/1.1"
2413	2024/01/15 09:37:59	"GET /uv248fip248inf210/index.html HTTP/1.1"
2413	2024/01/15 09:38:08	"GET /uv248fip248inf210/data_home.html HTTP/1.1"
2413	2024/01/15 09:38:11	"GET /uv248fip248inf210/activity_sql.html HTTP/1.1"
2413	2024/01/15 09:48:56	"GET /uv248fip248inf210/practice_independence_views.html HTTP/1.1"
2413	2024/01/15 09:58:12	"GET /uv248fip248inf210/practice_sql.html HTTP/1.1"
2413	2024/01/15 11:18:52	"GET /uv248fip248inf210/index.html HTTP/1.1"
2413	2024/01/15 11:23:09	"GET /uv248fip248inf210/lecture_transaction.html HTTP/1.1"
2413	2024/01/15 11:34:03	"GET /uv248fip248inf210/practice_transaction.html HTTP/1.1"
2413	2024/02/28 09:27:41	"GET /uv248fip248inf210/index.html HTTP/1.1"
2413	2024/02/28 09:31:57	"GET /uv248fip248inf210/project_home.html HTTP/1.1"
2413	2024/02/28 09:32:01	"GET /uv248fip248inf210/project_part2.html HTTP/1.1"
2413	2024/02/28 09:39:02	"GET /uv248fip248inf210/project_part1.html HTTP/1.1"
2413	2024/02/28 11:16:19	"GET /uv248fip248inf210/project_part2.html HTTP/1.1"
2413	2024/02/28 13:59:43	"GET /uv248fip248inf210/project_part3.html HTTP/1.1"
2413	2024/02/28 13:59:54	"GET /uv248fip248inf210/project_part4.html HTTP/1.1"
2413	2024/02/28 13:59:59	"GET /uv248fip248inf210/project_structureui.html HTTP/1.1"
2413	2024/01/12 13:44:16	"GET /uv248fip248inf210/index.html HTTP/1.1"
2413	2024/01/12 13:44:24	"GET /uv248fip248inf210/data_home.html HTTP/1.1"
2413	2024/01/12 13:45:34	"GET /uv248fip248inf210/lecture_modeling_normalization.html HTTP/1.1"
2413	2024/01/12 13:50:14	"GET /uv248fip248inf210/lecture_conceptual_modeling.html HTTP/1.1"
2413	2024/01/12 13:53:31	"GET /uv248fip248inf210/lecture_normalization.html HTTP/1.1"
2413	2024/01/12 13:59:02	"GET /uv248fip248inf210/activity_conceptual_modeling.html HTTP/1.1"
2413	2024/01/12 14:17:08	"GET /uv248fip248inf210/activity_conceptual_modeling_correction.html HTTP/1.1"
2413	2024/01/12 14:23:44	"GET /uv248fip248inf210/activity_conceptual_modeling_advanced.html HTTP/1.1"
2413	2024/01/12 14:42:10	"GET /uv248fip248inf210/activity_conceptual_modeling_advanced_correction.html HTTP/1.1"
2413	2024/01/12 14:45:03	"GET /uv248fip248inf210/activity_normalization.html HTTP/1.1"
2413	2024/01/12 14:48:45	"GET /uv248fip248inf210/activity_normalization_correction.html HTTP/1.1"
2413	2024/01/12 15:38:18	"GET /uv248fip248inf210/activity_decomposition.html HTTP/1.1"
2413	2024/01/12 15:44:37	"GET /uv248fip248inf210/activity_decomposition_correction.html HTTP/1.1"
2413	2024/01/12 15:54:52	"GET /uv248fip248inf210/practice_independence_views.html HTTP/1.1"
2413	2024/01/12 15:59:32	"GET /uv248fip248inf210/activity_sql.html HTTP/1.1"
2413	2024/01/12 16:03:34	"GET /uv248fip248inf210/activity_sql_correction.html HTTP/1.1"
