2414	2024/01/29 09:33:52	"GET /uv248fip248inf210/technical_environment_home.html HTTP/1.1"
2414	2024/01/29 09:34:13	"GET /uv248fip248inf210/documentation_si.html HTTP/1.1"
2414	2024/01/29 09:34:19	"GET /uv248fip248inf210/documentation_rdbms.html HTTP/1.1"
2414	2024/01/29 09:34:24	"GET /uv248fip248inf210/practice_postgresql.html HTTP/1.1"
2414	2024/01/29 09:34:28	"GET /uv248fip248inf210/index.html HTTP/1.1"
2414	2024/01/29 09:34:34	"GET /uv248fip248inf210/data_home.html HTTP/1.1"
2414	2024/01/29 09:34:38	"GET /uv248fip248inf210/images/data/prerequisite_data/prerequisite_data.html HTTP/1.1"
2414	2024/01/29 09:34:53	"GET /uv248fip248inf210/lecture_transaction.html HTTP/1.1"
2414	2024/01/29 09:35:31	"GET /uv248fip248inf210/practice_transaction.html HTTP/1.1"
2414	2024/01/29 09:48:25	"GET /uv248fip248inf210/practice_transaction_correction.html HTTP/1.1"
2414	2024/01/29 09:55:05	"GET /uv248fip248inf210/activity_conceptual_modeling.html HTTP/1.1"
2414	2024/01/29 09:55:10	"GET /uv248fip248inf210/activity_conceptual_modeling_correction.html HTTP/1.1"
2414	2024/01/29 09:56:52	"GET /uv248fip248inf210/lecture_conceptual_modeling.html HTTP/1.1"
2414	2024/01/29 10:05:29	"GET /uv248fip248inf210/lecture_normalization.html HTTP/1.1"
2414	2024/01/29 10:05:33	"GET /uv248fip248inf210/activity_normalization.html HTTP/1.1"
2414	2024/01/29 10:23:38	"GET /uv248fip248inf210/lecture_db_integrity.html HTTP/1.1"
2414	2024/01/29 11:39:42	"GET /uv248fip248inf210/activity_relational_model.html HTTP/1.1"
2414	2024/01/29 11:40:13	"GET /uv248fip248inf210/activity_relational_model_correction.html HTTP/1.1"
2414	2024/02/06 15:45:27	"GET /uv248fip248inf210/index.html HTTP/1.1"
2414	2024/02/06 15:45:36	"GET /uv248fip248inf210/project_home.html HTTP/1.1"
2414	2024/02/06 15:45:46	"GET /uv248fip248inf210/project_specifications.html HTTP/1.1"
2414	2024/02/06 15:45:51	"GET /uv248fip248inf210/project_presentation.html HTTP/1.1"
2414	2024/02/06 15:45:54	"GET /uv248fip248inf210/project_part1.html HTTP/1.1"
2414	2024/02/06 15:46:41	"GET /uv248fip248inf210/project_part2.html HTTP/1.1"
2414	2024/02/06 15:47:00	"GET /uv248fip248inf210/fproject_part3.html HTTP/1.1"
2414	2024/02/06 15:47:03	"GET /uv248fip248inf210/project_structureui.html HTTP/1.1"
2414	2024/02/06 15:47:06	"GET /uv248fip248inf210/fproject_part3.html HTTP/1.1"
2414	2024/02/06 15:47:12	"GET /uv248fip248inf210/project_part4.html HTTP/1.1"
2414	2024/02/06 15:47:26	"GET /uv248fip248inf210/project_structureui.html HTTP/1.1"
2414	2024/02/06 15:47:27	"GET /uv248fip248inf210/project_structureui.html HTTP/1.1"
2414	2024/02/06 15:47:30	"GET /uv248fip248inf210/project_part1.html HTTP/1.1"
2414	2024/02/06 15:50:46	"GET /uv248fip248inf210/web_architecture_home.html HTTP/1.1"
2414	2024/02/06 15:50:48	"GET /uv248fip248inf210/images/web_architecture/prerequisite_archiweb/prerequisite_archiweb.html HTTP/1.1"
2414	2024/02/06 15:50:55	"GET /uv248fip248inf210/practice_jpa_advanced.html HTTP/1.1"
2414	2024/03/11 06:56:25	"GET /uv248fip248inf210/index.html HTTP/1.1"
2414	2024/03/11 06:56:27	"GET /uv248fip248inf210/project_home.html HTTP/1.1"
2414	2024/03/11 06:56:52	"GET /uv248fip248inf210/web_architecture_home.html HTTP/1.1"
2414	2024/03/11 06:56:54	"GET /uv248fip248inf210/data_home.html HTTP/1.1"
2414	2024/03/11 06:57:01	"GET /uv248fip248inf210/images/data/prerequisite_data/prerequisite_data.html HTTP/1.1"
2414	2024/03/11 06:57:09	"GET /uv248fip248inf210/lecture_normalization.html HTTP/1.1"
2414	2024/03/11 09:14:45	"GET /uv248fip248inf210/project_home.html HTTP/1.1"
2414	2024/03/11 09:15:25	"GET /uv248fip248inf210/project_specifications.html HTTP/1.1"
2414	2024/03/11 09:15:27	"GET /uv248fip248inf210/index.html HTTP/1.1"
2414	2024/03/11 09:54:29	"GET /uv248fip248inf210/tp_test.html HTTP/1.1"
2414	2024/03/11 09:55:45	"GET /uv248fip248inf210/project_evaluation.html HTTP/1.1"
2414	2024/03/11 10:02:10	"GET /uv248fip248inf210/project_evaluation.html HTTP/1.1"
2414	2024/03/11 10:03:09	"GET /uv248fip248inf210/project_evaluation.html HTTP/1.1"
2414	2024/03/11 10:03:23	"GET /uv248fip248inf210/project_evaluation.html HTTP/1.1"
2414	2024/03/04 09:31:40	"GET /uv248fip248inf210/technical_environment_home.html HTTP/1.1"
2414	2024/03/04 09:33:01	"GET /uv248fip248inf210/index.html HTTP/1.1"
2414	2024/03/04 09:33:04	"GET /uv248fip248inf210/project_home.html HTTP/1.1"
2414	2024/03/04 09:33:10	"GET /uv248fip248inf210/project_part3.html HTTP/1.1"
2414	2024/03/04 09:33:18	"GET /uv248fip248inf210/project_part4.html HTTP/1.1"
2414	2024/03/04 09:47:19	"GET /uv248fip248inf210/project_specifications.html HTTP/1.1"
2414	2024/03/04 09:52:00	"GET /uv248fip248inf210/project_part3.html HTTP/1.1"
2414	2024/03/13 18:21:01	"GET /uv248fip248inf210/technical_environment_home.html HTTP/1.1"
2414	2024/03/13 18:21:03	"GET /uv248fip248inf210/index.html HTTP/1.1"
2414	2024/03/13 18:21:05	"GET /uv248fip248inf210/project_home.html HTTP/1.1"
2414	2024/03/13 18:21:13	"GET /uv248fip248inf210/project_evaluation.html HTTP/1.1"
2414	2024/03/13 18:40:19	"GET /uv248fip248inf210/project_home.html HTTP/1.1"
2414	2024/03/13 18:48:14	"GET /uv248fip248inf210/project_presentation.html HTTP/1.1"
2414	2024/03/13 18:48:31	"GET /uv248fip248inf210/project_specifications.html HTTP/1.1"
2414	2024/03/13 18:48:45	"GET /uv248fip248inf210/project_presentation.html HTTP/1.1"
2414	2024/03/13 18:49:19	"GET /uv248fip248inf210/project_part1.html HTTP/1.1"
2414	2024/03/13 18:49:26	"GET /uv248fip248inf210/project_part2.html HTTP/1.1"
2414	2024/03/13 18:49:33	"GET /uv248fip248inf210/project_part3.html HTTP/1.1"
2414	2024/03/13 18:49:37	"GET /uv248fip248inf210/project_structureui.html HTTP/1.1"
2414	2024/03/06 15:49:44	"GET /uv248fip248inf210/project_part3.html HTTP/1.1"
2414	2024/03/06 16:03:07	"GET /uv248fip248inf210/project_part4.html HTTP/1.1"
2414	2024/03/06 16:03:28	"GET /uv248fip248inf210/project_specifications.html HTTP/1.1"
2414	2024/02/05 13:44:36	"GET /uv248fip248inf210/technical_environment_home.html HTTP/1.1"
2414	2024/02/05 13:44:50	"GET /uv248fip248inf210/index.html HTTP/1.1"
2414	2024/02/05 13:44:56	"GET /uv248fip248inf210/data_home.html HTTP/1.1"
2414	2024/02/05 13:44:58	"GET /uv248fip248inf210/images/data/prerequisite_data/prerequisite_data.html HTTP/1.1"
2414	2024/02/05 13:45:16	"GET /uv248fip248inf210/lecture_conceptual_modeling.html HTTP/1.1"
2414	2024/02/05 14:02:08	"GET /uv248fip248inf210/images/data/prerequisite_data/prerequisite_data.html HTTP/1.1"
2414	2024/02/05 14:16:08	"GET /uv248fip248inf210/practice_sql.html HTTP/1.1"
2414	2024/02/05 14:16:10	"GET /uv248fip248inf210/practice_sql_correction.html HTTP/1.1"
2414	2024/02/05 14:39:45	"GET /uv248fip248inf210/lecture_normalization.html HTTP/1.1"
2414	2024/02/05 14:43:50	"GET /uv248fip248inf210/activity_normalization.html HTTP/1.1"
2414	2024/02/05 14:44:14	"GET /uv248fip248inf210/lecture_modeling_normalization.html HTTP/1.1"
2414	2024/02/05 14:47:59	"GET /uv248fip248inf210/activity_normalization_correction.html HTTP/1.1"
2414	2024/01/22 13:46:38	"GET /uv248fip248inf210/data_home.html HTTP/1.1"
2414	2024/01/22 13:52:26	"GET /uv248fip248inf210/index.html HTTP/1.1"
2414	2024/01/22 13:52:30	"GET /uv248fip248inf210/web_architecture_home.html HTTP/1.1"
2414	2024/01/22 13:52:32	"GET /uv248fip248inf210/images/web_architecture/prerequisite_archiweb/prerequisite_archiweb.html HTTP/1.1"
2414	2024/01/22 13:58:38	"GET /uv248fip248inf210/practice_transaction.html HTTP/1.1"
2414	2024/01/22 13:59:12	"GET /uv248fip248inf210/practice_spring_2tiers.html HTTP/1.1"
2414	2024/01/22 14:01:47	"GET /uv248fip248inf210/images/data/prerequisite_data/prerequisite_data.html HTTP/1.1"
2414	2024/01/22 14:05:08	"GET /uv248fip248inf210/lecture_transaction.html HTTP/1.1"
2414	2024/01/22 14:05:09	"GET /uv248fip248inf210/practice_transaction.html HTTP/1.1"
2414	2024/02/19 09:34:25	"GET /uv248fip248inf210/technical_environment_home.html HTTP/1.1"
2414	2024/02/19 09:34:38	"GET /uv248fip248inf210/documentation_programming.html HTTP/1.1"
2414	2024/02/19 09:35:08	"GET /uv248fip248inf210/index.html HTTP/1.1"
2414	2024/02/19 09:35:12	"GET /uv248fip248inf210/project_home.html HTTP/1.1"
2414	2024/02/19 09:35:15	"GET /uv248fip248inf210/project_part1.html HTTP/1.1"
2414	2024/02/19 09:35:32	"GET /uv248fip248inf210/project_presentation.html HTTP/1.1"
2414	2024/02/19 09:38:05	"GET /uv248fip248inf210/project_specifications.html HTTP/1.1"
2414	2024/02/19 09:39:56	"GET /uv248fip248inf210/data_home.html HTTP/1.1"
2414	2024/02/19 09:40:01	"GET /uv248fip248inf210/web_architecture_home.html HTTP/1.1"
2414	2024/02/19 09:40:13	"GET /uv248fip248inf210/images/web_architecture/prerequisite_archiweb/prerequisite_archiweb.html HTTP/1.1"
2414	2024/02/19 09:40:34	"GET /uv248fip248inf210/images/data/prerequisite_data/prerequisite_data.html HTTP/1.1"
2414	2024/02/19 09:44:08	"GET /uv248fip248inf210/lecture_mvc_spring.html HTTP/1.1"
2414	2024/02/19 09:44:20	"GET /uv248fip248inf210/lecture_jpa.html HTTP/1.1"
2414	2024/02/19 09:45:00	"GET /uv248fip248inf210/project_part1.html HTTP/1.1"
2414	2024/02/19 09:45:10	"GET /uv248fip248inf210/project_part2.html HTTP/1.1"
2414	2024/02/19 09:45:13	"GET /uv248fip248inf210/fproject_part3.html HTTP/1.1"
2414	2024/02/19 09:45:14	"GET /uv248fip248inf210/project_structureui.html HTTP/1.1"
2414	2024/02/19 09:45:17	"GET /uv248fip248inf210/project_part4.html HTTP/1.1"
2414	2024/02/19 09:45:53	"GET /uv248fip248inf210/bd_cours_mor_generalites.html HTTP/1.1"
2414	2024/02/19 09:45:54	"GET /uv248fip248inf210/bd_cours_mor_jpa.html HTTP/1.1"
2414	2024/02/19 09:45:56	"GET /uv248fip248inf210/bd_memento_jpa.html HTTP/1.1"
2414	2024/02/19 09:46:01	"GET /uv248fip248inf210/probleme_glassfish_certificats_expires.html HTTP/1.1"
2414	2024/02/19 10:14:26	"GET /uv248fip248inf210/lecture_software_architecture.html HTTP/1.1"
2414	2024/02/19 10:32:48	"GET /uv248fip248inf210/practice_jpa.html HTTP/1.1"
2414	2024/02/19 11:05:03	"GET /uv248fip248inf210/lecture_conceptual_modeling.html HTTP/1.1"
2414	2024/02/19 11:06:13	"GET /uv248fip248inf210/lecture_modeling_normalization.html HTTP/1.1"
2414	2024/02/19 11:47:48	"GET /uv248fip248inf210/lecture_normalization.html HTTP/1.1"
2414	2024/02/19 11:47:55	"GET /uv248fip248inf210/lecture_independence_views.html HTTP/1.1"
2414	2024/02/19 11:48:04	"GET /uv248fip248inf210/activity_conceptual_modeling.html HTTP/1.1"
2414	2024/02/19 11:51:46	"GET /uv248fip248inf210/index.html HTTP/1.1"
2414	2024/01/17 13:47:20	"GET /uv248fip248inf210/images/web_architecture/prerequisite_archiweb/prerequisite_archiweb.html HTTP/1.1"
2414	2024/01/17 13:47:30	"GET /uv248fip248inf210/practice_spring_2tiers.html HTTP/1.1"
2414	2024/01/17 13:47:35	"GET /uv248fip248inf210/index.html HTTP/1.1"
2414	2024/01/17 13:47:39	"GET /uv248fip248inf210/data_home.html HTTP/1.1"
2414	2024/01/17 13:47:43	"GET /uv248fip248inf210/images/data/prerequisite_data/prerequisite_data.html HTTP/1.1"
2414	2024/01/17 13:59:30	"GET /uv248fip248inf210/lecture_relational_model.html HTTP/1.1"
2414	2024/01/17 14:15:16	"GET /uv248fip248inf210/lecture_modeling_normalization.html HTTP/1.1"
2414	2024/01/17 14:18:47	"GET /uv248fip248inf210/lecture_db_integrity.html HTTP/1.1"
2414	2024/01/17 14:26:26	"GET /uv248fip248inf210/activity_sql.html HTTP/1.1"
2414	2024/01/17 14:26:32	"GET /uv248fip248inf210/activity_relational_model.html HTTP/1.1"
2414	2024/01/17 14:33:11	"GET /uv248fip248inf210/practice_sql.html HTTP/1.1"
2414	2024/01/17 15:03:58	"GET /uv248fip248inf210/practice_sql_correction.html HTTP/1.1"
2414	2024/01/17 15:42:29	"GET /uv248fip248inf210/lecture_transaction.html HTTP/1.1"
2414	2024/01/17 15:42:31	"GET /uv248fip248inf210/practice_transaction.html HTTP/1.1"
2414	2024/02/23 12:55:45	"GET /uv248fip248inf210/technical_environment_home.html HTTP/1.1"
2414	2024/02/23 12:55:48	"GET /uv248fip248inf210/index.html HTTP/1.1"
2414	2024/02/23 12:55:51	"GET /uv248fip248inf210/project_home.html HTTP/1.1"
2414	2024/02/23 12:55:53	"GET /uv248fip248inf210/project_part2.html HTTP/1.1"
2414	2024/01/11 08:04:25	"GET /uv248fip248inf210/images/technical_environment/prerequisite_techenv/prerequisite_techenv.html HTTP/1.1"
2414	2024/01/11 08:04:34	"GET /uv248fip248inf210/documentation_programming.html HTTP/1.1"
2414	2024/01/11 08:08:55	"GET /uv248fip248inf210/practice_spring.html HTTP/1.1"
2414	2024/01/11 08:08:58	"GET /uv248fip248inf210/practice_spring.html HTTP/1.1"
2414	2024/01/11 08:09:18	"GET /uv248fip248inf210/technical_environment_home.html HTTP/1.1"
2414	2024/01/11 08:23:16	"GET /uv248fip248inf210/inversion_of_control.html HTTP/1.1"
2414	2024/01/11 08:23:18	"GET /uv248fip248inf210/spring_bean.html HTTP/1.1"
2414	2024/01/11 08:38:00	"GET /uv248fip248inf210/inversion_of_control.html HTTP/1.1"
2414	2024/01/11 08:40:48	"GET /uv248fip248inf210/practice_spring.html HTTP/1.1"
2414	2024/01/11 08:42:35	"GET /uv248fip248inf210/technical_environment_home.html HTTP/1.1"
2414	2024/01/11 08:42:43	"GET /uv248fip248inf210/web_architecture_home.html HTTP/1.1"
2414	2024/01/11 08:42:49	"GET /uv248fip248inf210/project_home.html HTTP/1.1"
2414	2024/01/11 08:43:00	"GET /uv248fip248inf210/images/web_architecture/prerequisite_archiweb/prerequisite_archiweb.html HTTP/1.1"
2414	2024/01/11 08:46:36	"GET /uv248fip248inf210/lecture_technical_architecture.html HTTP/1.1"
2414	2024/01/11 08:55:38	"GET /uv248fip248inf210/lecture_technical_architecture.html HTTP/1.1"
2414	2024/01/11 08:55:51	"GET /uv248fip248inf210/lecture_software_architecture.html HTTP/1.1"
2414	2024/01/11 09:05:37	"GET /uv248fip248inf210/lecture_mvc_spring.html HTTP/1.1"
2414	2024/01/11 09:05:38	"GET /uv248fip248inf210/lecture_jpa.html HTTP/1.1"
2414	2024/01/11 09:06:31	"GET /uv248fip248inf210/lecture_software_architecture.html HTTP/1.1"
2414	2024/01/11 09:57:20	"GET /uv248fip248inf210/web_architecture_home.html HTTP/1.1"
2414	2024/01/11 09:57:36	"GET /uv248fip248inf210/images/web_architecture/prerequisite_archiweb/prerequisite_archiweb.html HTTP/1.1"
2414	2024/01/11 09:57:44	"GET /uv248fip248inf210/lecture_software_architecture.html HTTP/1.1"
2414	2024/02/21 13:44:09	"GET /uv248fip248inf210/index.html HTTP/1.1"
2414	2024/02/21 13:49:09	"GET /uv248fip248inf210/project_part1.html HTTP/1.1"
2414	2024/02/21 14:11:41	"GET /uv248fip248inf210/index.html HTTP/1.1"
2414	2024/02/21 15:21:37	"GET /uv248fip248inf210/project_part1.html HTTP/1.1"
2414	2024/02/21 15:59:00	"GET /uv248fip248inf210/project_task_time.html HTTP/1.1"
2414	2024/02/21 16:04:08	"GET /uv248fip248inf210/project_home.html HTTP/1.1"
2414	2024/02/21 17:19:42	"GET /uv248fip248inf210/project_part2.html HTTP/1.1"
2414	2024/02/21 17:19:44	"GET /uv248fip248inf210/project_part2.html HTTP/1.1"
2414	2024/02/21 17:19:49	"GET /uv248fip248inf210/project_part2.html HTTP/1.1"
2414	2024/02/21 17:19:53	"GET /uv248fip248inf210/project_part1.html HTTP/1.1"
2414	2024/01/09 10:25:54	"GET /uv248fip248inf210/technical_environment_home.html HTTP/1.1"
2414	2024/01/09 10:26:26	"GET /uv248fip248inf210/images/technical_environment/prerequisite_techenv/prerequisite_techenv.html HTTP/1.1"
2414	2024/01/09 10:53:13	"GET /uv248fip248inf210/documentation_docker.html HTTP/1.1"
2414	2024/01/09 11:03:48	"GET /uv248fip248inf210/practice_docker.html HTTP/1.1"
2414	2024/01/09 11:48:18	"GET /uv248fip248inf210/documentation_si.html HTTP/1.1"
2414	2024/01/09 11:53:21	"GET /uv248fip248inf210/practice_postgresql.html HTTP/1.1"
2414	2024/01/09 12:03:27	"GET /uv248fip248inf210/documentation_rdbms.html HTTP/1.1"
2414	2024/01/09 12:10:10	"GET /uv248fip248inf210/documentation_programming.html HTTP/1.1"
2414	2024/02/26 09:50:12	"GET /uv248fip248inf210/technical_environment_home.html HTTP/1.1"
2414	2024/02/26 09:55:50	"GET /uv248fip248inf210/index.html HTTP/1.1"
2414	2024/02/26 09:55:52	"GET /uv248fip248inf210/project_home.html HTTP/1.1"
2414	2024/02/26 09:55:55	"GET /uv248fip248inf210/project_part2.html HTTP/1.1"
2414	2024/02/26 11:09:43	"GET /uv248fip248inf210/project_part1.html HTTP/1.1"
2414	2024/02/26 11:09:52	"GET /uv248fip248inf210/project_part2.html HTTP/1.1"
2414	2024/02/26 13:10:08	"GET /uv248fip248inf210/project_part1.html HTTP/1.1"
2414	2024/01/15 09:50:40	"GET /uv248fip248inf210/technical_environment_home.html HTTP/1.1"
2414	2024/01/15 09:50:42	"GET /uv248fip248inf210/images/technical_environment/prerequisite_techenv/prerequisite_techenv.html HTTP/1.1"
2414	2024/01/15 09:50:52	"GET /uv248fip248inf210/documentation_programming.html HTTP/1.1"
2414	2024/01/15 09:50:58	"GET /uv248fip248inf210/inversion_of_control.html HTTP/1.1"
2414	2024/01/15 09:51:35	"GET /uv248fip248inf210/index.html HTTP/1.1"
2414	2024/01/15 09:51:39	"GET /uv248fip248inf210/web_architecture_home.html HTTP/1.1"
2414	2024/01/15 09:51:45	"GET /uv248fip248inf210/images/web_architecture/prerequisite_archiweb/prerequisite_archiweb.html HTTP/1.1"
2414	2024/01/15 09:51:58	"GET /uv248fip248inf210/practice_spring_2tiers.html HTTP/1.1"
2414	2024/02/28 10:17:13	"GET /uv248fip248inf210/technical_environment_home.html HTTP/1.1"
2414	2024/02/28 10:17:16	"GET /uv248fip248inf210/index.html HTTP/1.1"
2414	2024/02/28 10:17:24	"GET /uv248fip248inf210/project_home.html HTTP/1.1"
2414	2024/02/28 10:17:27	"GET /uv248fip248inf210/project_part2.html HTTP/1.1"
2414	2024/02/28 15:30:46	"GET /uv248fip248inf210/project_home.html HTTP/1.1"
2414	2024/02/28 15:30:59	"GET /uv248fip248inf210/project_part3.html HTTP/1.1"
2414	2024/01/12 13:44:21	"GET /uv248fip248inf210/lecture_jpa.html HTTP/1.1"
2414	2024/01/12 13:44:25	"GET /uv248fip248inf210/lecture_mvc_spring.html HTTP/1.1"
2414	2024/01/12 13:44:41	"GET /uv248fip248inf210/images/web_architecture/prerequisite_archiweb/prerequisite_archiweb.html HTTP/1.1"
2414	2024/01/12 13:54:05	"GET /uv248fip248inf210/practice_spring_2tiers.html HTTP/1.1"
2414	2024/01/12 14:17:34	"GET /uv248fip248inf210/technical_environment_home.html HTTP/1.1"
2414	2024/01/12 14:17:37	"GET /uv248fip248inf210/images/technical_environment/prerequisite_techenv/prerequisite_techenv.html HTTP/1.1"
2414	2024/01/12 14:17:39	"GET /uv248fip248inf210/practice_spring.html HTTP/1.1"
