2415	2024/03/02 10:27:12	"GET /uv248fip248inf210/project_part3.html HTTP/1.1"
2415	2024/01/29 09:33:29	"GET /uv248fip248inf210/web_architecture_home.html HTTP/1.1"
2415	2024/01/29 09:33:44	"GET /uv248fip248inf210/index.html HTTP/1.1"
2415	2024/01/29 09:33:55	"GET /uv248fip248inf210/practice_spring_2tiers.html HTTP/1.1"
2415	2024/01/29 09:40:16	"GET /uv248fip248inf210/practice_spring_2tiers_ext.html HTTP/1.1"
2415	2024/01/29 09:52:36	"GET /uv248fip248inf210/technical_environment_home.html HTTP/1.1"
2415	2024/01/29 10:40:32	"GET /uv248fip248inf210/lecture_dto.html HTTP/1.1"
2415	2024/01/29 10:41:05	"GET /uv248fip248inf210/lecture_xml.html HTTP/1.1"
2415	2024/01/29 10:44:58	"GET /uv248fip248inf210/lecture_validity.html HTTP/1.1"
2415	2024/01/29 10:45:07	"GET /uv248fip248inf210/practice_xml.html HTTP/1.1"
2415	2024/01/29 10:45:09	"GET /uv248fip248inf210/lecture_parser.html HTTP/1.1"
2415	2024/01/29 11:53:40	"GET /uv248fip248inf210/lecture_json.html HTTP/1.1"
2415	2024/01/29 11:54:17	"GET /uv248fip248inf210/practice_json.html HTTP/1.1"
2415	2024/01/29 12:04:30	"GET /uv248fip248inf210/lecture_dto.html HTTP/1.1"
2415	2024/01/29 12:04:32	"GET /uv248fip248inf210/lecture_mvc_spring.html HTTP/1.1"
2415	2024/01/29 12:09:55	"GET /uv248fip248inf210/project_home.html HTTP/1.1"
2415	2024/01/29 12:10:06	"GET /uv248fip248inf210/project_presentation.html HTTP/1.1"
2415	2024/01/29 12:10:24	"GET /uv248fip248inf210/project_evaluation.html HTTP/1.1"
2415	2024/01/29 12:10:50	"GET /uv248fip248inf210/documentation_programming.html HTTP/1.1"
2415	2024/01/29 12:11:58	"GET /uv248fip248inf210/project_specifications.html HTTP/1.1"
2415	2024/01/29 12:11:59	"GET /uv248fip248inf210/project_task_time.html HTTP/1.1"
2415	2024/01/29 12:12:04	"GET /uv248fip248inf210/project_part1.html HTTP/1.1"
2415	2024/03/05 08:56:46	"GET /uv248fip248inf210/project_part3.html HTTP/1.1"
2415	2024/03/05 08:58:36	"GET /uv248fip248inf210/project_specifications.html HTTP/1.1"
2415	2024/02/13 08:08:40	"GET /uv248fip248inf210/web_architecture_home.html HTTP/1.1"
2415	2024/02/13 08:17:22	"GET /uv248fip248inf210/index.html HTTP/1.1"
2415	2024/02/13 08:17:25	"GET /uv248fip248inf210/technical_environment_home.html HTTP/1.1"
2415	2024/02/13 08:17:35	"GET /uv248fip248inf210/web_architecture_home.html HTTP/1.1"
2415	2024/02/13 08:17:44	"GET /uv248fip248inf210/practice_jpa_advanced.html HTTP/1.1"
2415	2024/02/06 15:42:48	"GET /uv248fip248inf210/index.html HTTP/1.1"
2415	2024/02/06 15:42:50	"GET /uv248fip248inf210/technical_environment_home.html HTTP/1.1"
2415	2024/02/06 15:42:53	"GET /uv248fip248inf210/index.html HTTP/1.1"
2415	2024/02/06 15:43:14	"GET /uv248fip248inf210/images/web_architecture/prerequisite_archiweb/prerequisite_archiweb.html HTTP/1.1"
2415	2024/02/06 15:43:16	"GET /uv248fip248inf210/practice_jpa_advanced.html HTTP/1.1"
2415	2024/02/06 15:43:56	"GET /uv248fip248inf210/practice_spring_2tiers_ext.html HTTP/1.1"
2415	2024/02/06 15:45:41	"GET /uv248fip248inf210/practice_jpa.html HTTP/1.1"
2415	2024/02/06 15:52:30	"GET /uv248fip248inf210/practice_spring_2tiers.html HTTP/1.1"
2415	2024/02/06 15:54:09	"GET /uv248fip248inf210/project_home.html HTTP/1.1"
2415	2024/02/06 15:54:15	"GET /uv248fip248inf210/project_evaluation.html HTTP/1.1"
2415	2024/02/06 15:54:17	"GET /uv248fip248inf210/project_presentation.html HTTP/1.1"
2415	2024/02/06 15:54:32	"GET /uv248fip248inf210/project_specifications.html HTTP/1.1"
2415	2024/02/06 15:57:24	"GET /uv248fip248inf210/project_task_time.html HTTP/1.1"
2415	2024/02/06 15:58:03	"GET /uv248fip248inf210/project_part1.html HTTP/1.1"
2415	2024/02/06 15:58:34	"GET /uv248fip248inf210/project_part2.html HTTP/1.1"
2415	2024/02/06 15:58:36	"GET /uv248fip248inf210/project_part4.html HTTP/1.1"
2415	2024/03/11 08:39:02	"GET /uv248fip248inf210/project_home.html HTTP/1.1"
2415	2024/03/11 08:39:05	"GET /uv248fip248inf210/index.html HTTP/1.1"
2415	2024/03/11 09:29:02	"GET /uv248fip248inf210/index.html HTTP/1.1"
2415	2024/03/11 09:29:36	"GET /uv248fip248inf210/index.html HTTP/1.1"
2415	2024/03/11 09:29:39	"GET /uv248fip248inf210/index.html HTTP/1.1"
2415	2024/03/11 09:49:49	"GET /uv248fip248inf210/data_home.html HTTP/1.1"
2415	2024/03/11 09:49:53	"GET /uv248fip248inf210/lecture_modeling_normalization.html HTTP/1.1"
2415	2024/03/11 09:49:56	"GET /uv248fip248inf210/lecture_conceptual_modeling.html HTTP/1.1"
2415	2024/03/11 09:50:00	"GET /uv248fip248inf210/lecture_normalization.html HTTP/1.1"
2415	2024/03/11 09:58:45	"GET /uv248fip248inf210/activity_conceptual_modeling.html HTTP/1.1"
2415	2024/03/11 09:58:47	"GET /uv248fip248inf210/activity_conceptual_modeling_advanced.html HTTP/1.1"
2415	2024/03/11 09:58:50	"GET /uv248fip248inf210/activity_normalization.html HTTP/1.1"
2415	2024/03/11 09:58:54	"GET /uv248fip248inf210/practice_independence_views.html HTTP/1.1"
2415	2024/03/11 09:58:58	"GET /uv248fip248inf210/activity_decomposition.html HTTP/1.1"
2415	2024/03/04 09:13:49	"GET /uv248fip248inf210/project_part3.html HTTP/1.1"
2415	2024/03/04 09:13:57	"GET /uv248fip248inf210/project_structureui.html HTTP/1.1"
2415	2024/03/04 10:28:13	"GET /uv248fip248inf210/project_part3.html HTTP/1.1"
2415	2024/03/01 17:54:54	"GET /uv248fip248inf210/project_home.html HTTP/1.1"
2415	2024/03/01 17:54:58	"GET /uv248fip248inf210/project_specifications.html HTTP/1.1"
2415	2024/03/01 18:32:08	"GET /uv248fip248inf210/project_specifications.html HTTP/1.1"
2415	2024/03/01 22:00:54	"GET /uv248fip248inf210/project_part4.html HTTP/1.1"
2415	2024/03/01 22:01:00	"GET /uv248fip248inf210/project_part3.html HTTP/1.1"
2415	2024/03/06 09:25:32	"GET /uv248fip248inf210/project_specifications.html HTTP/1.1"
2415	2024/03/06 11:04:38	"GET /uv248fip248inf210/project_specifications.html HTTP/1.1"
2415	2024/03/06 21:51:17	"GET /uv248fip248inf210/project_specifications.html HTTP/1.1"
2415	2024/02/05 13:47:55	"GET /uv248fip248inf210/index.html HTTP/1.1"
2415	2024/02/05 13:54:07	"GET /uv248fip248inf210/web_architecture_home.html HTTP/1.1"
2415	2024/02/05 13:54:11	"GET /uv248fip248inf210/data_home.html HTTP/1.1"
2415	2024/02/05 13:54:24	"GET /uv248fip248inf210/lecture_transaction.html HTTP/1.1"
2415	2024/02/05 13:55:25	"GET /uv248fip248inf210/practice_transaction.html HTTP/1.1"
2415	2024/02/05 13:55:40	"GET /uv248fip248inf210/practice_transaction_correction.html HTTP/1.1"
2415	2024/02/05 14:16:08	"GET /uv248fip248inf210/index.html HTTP/1.1"
2415	2024/02/05 14:16:14	"GET /uv248fip248inf210/practice_sql.html HTTP/1.1"
2415	2024/02/05 14:16:54	"GET /uv248fip248inf210/practice_sql_correction.html HTTP/1.1"
2415	2024/02/05 14:46:28	"GET /uv248fip248inf210/activity_decomposition.html HTTP/1.1"
2415	2024/02/05 15:25:29	"GET /uv248fip248inf210/web_architecture_home.html HTTP/1.1"
2415	2024/02/05 15:25:47	"GET /uv248fip248inf210/data_home.html HTTP/1.1"
2415	2024/02/05 15:31:57	"GET /uv248fip248inf210/data_home.html HTTP/1.1"
2415	2024/02/05 16:00:02	"GET /uv248fip248inf210/index.html HTTP/1.1"
2415	2024/09/17 11:28:26	"GET /uv248fip248inf210/web_architecture_home.html HTTP/1.1"
2415	2024/09/17 11:28:33	"GET /uv248fip248inf210/project_home.html HTTP/1.1"
2415	2024/09/17 11:29:01	"GET /uv248fip248inf210/project_specifications.html HTTP/1.1"
2415	2024/01/22 13:51:12	"GET /uv248fip248inf210/practice_spring_2tiers.html HTTP/1.1"
2415	2024/01/22 13:54:18	"GET /uv248fip248inf210/index.html HTTP/1.1"
2415	2024/01/22 14:44:43	"GET /uv248fip248inf210/web_architecture_home.html HTTP/1.1"
2415	2024/01/22 16:25:52	"GET /uv248fip248inf210/practice_spring_2tiers_ext.html HTTP/1.1"
2415	2024/02/19 09:36:18	"GET /uv248fip248inf210/practice_jpa_advanced.html HTTP/1.1"
2415	2024/02/19 09:39:44	"GET /uv248fip248inf210/practice_spring_2tiers_ext.html HTTP/1.1"
2415	2024/02/19 10:39:26	"GET /uv248fip248inf210/practice_jpa_advanced.html HTTP/1.1"
2415	2024/02/04 18:55:13	"GET /uv248fip248inf210/project_part1.html HTTP/1.1"
2415	2024/02/04 18:55:16	"GET /uv248fip248inf210/index.html HTTP/1.1"
2415	2024/03/07 08:39:14	"GET /uv248fip248inf210/project_specifications.html HTTP/1.1"
2415	2024/03/07 08:42:25	"GET /uv248fip248inf210/project_part3.html HTTP/1.1"
2415	2024/03/07 09:39:30	"GET /uv248fip248inf210/project_specifications.html HTTP/1.1"
2415	2024/02/22 13:31:45	"GET /uv248fip248inf210/project_home.html HTTP/1.1"
2415	2024/02/22 13:31:48	"GET /uv248fip248inf210/project_part2.html HTTP/1.1"
2415	2024/01/17 13:47:40	"GET /uv248fip248inf210/practice_transaction_correction.html HTTP/1.1"
2415	2024/01/17 13:59:07	"GET /uv248fip248inf210/practice_transaction.html HTTP/1.1"
2415	2024/01/17 13:59:12	"GET /uv248fip248inf210/practice_isolation.html HTTP/1.1"
2415	2024/01/17 14:00:07	"GET /uv248fip248inf210/practice_indexation.html HTTP/1.1"
2415	2024/01/17 14:02:51	"GET /uv248fip248inf210/index.html HTTP/1.1"
2415	2024/01/17 14:02:55	"GET /uv248fip248inf210/project_home.html HTTP/1.1"
2415	2024/01/17 14:03:46	"GET /uv248fip248inf210/project_presentation.html HTTP/1.1"
2415	2024/01/17 14:04:45	"GET /uv248fip248inf210/project_evaluation.html HTTP/1.1"
2415	2024/01/17 14:04:52	"GET /uv248fip248inf210/project_part1.html HTTP/1.1"
2415	2024/01/17 14:05:07	"GET /uv248fip248inf210/web_architecture_home.html HTTP/1.1"
2415	2024/01/17 14:05:08	"GET /uv248fip248inf210/web_architecture_home.html HTTP/1.1"
2415	2024/01/17 14:05:26	"GET /uv248fip248inf210/lecture_technical_architecture.html HTTP/1.1"
2415	2024/01/17 14:15:28	"GET /uv248fip248inf210/lecture_software_architecture.html HTTP/1.1"
2415	2024/01/17 14:22:12	"GET /uv248fip248inf210/lecture_mvc_spring.html HTTP/1.1"
2415	2024/01/17 14:24:32	"GET /uv248fip248inf210/lecture_jpa.html HTTP/1.1"
2415	2024/01/17 14:24:33	"GET /uv248fip248inf210/practice_jpa.html HTTP/1.1"
2415	2024/01/19 09:52:09	"GET /uv248fip248inf210/practice_jpa.html HTTP/1.1"
2415	2024/01/19 10:05:19	"GET /uv248fip248inf210/lecture_jpa.html HTTP/1.1"
2415	2024/01/19 12:02:45	"GET /uv248fip248inf210/practice_spring_2tiers.html HTTP/1.1"
2415	2024/01/11 08:04:37	"GET /uv248fip248inf210/images/technical_environment/prerequisite_techenv/prerequisite_techenv.html HTTP/1.1"
2415	2024/01/11 08:04:41	"GET /uv248fip248inf210/practice_spring.html HTTP/1.1"
2415	2024/01/11 08:05:21	"GET /uv248fip248inf210/index.html HTTP/1.1"
2415	2024/01/11 08:05:28	"GET /uv248fip248inf210/technical_environment_home.html HTTP/1.1"
2415	2024/01/11 08:12:22	"GET /uv248fip248inf210/images/technical_environment/prerequisite_techenv/prerequisite_techenv.html HTTP/1.1"
2415	2024/01/11 08:12:23	"GET /uv248fip248inf210/practice_spring.html HTTP/1.1"
2415	2024/01/11 09:47:52	"GET /uv248fip248inf210/images/technical_environment/prerequisite_techenv/prerequisite_techenv.html HTTP/1.1"
2415	2024/01/11 09:47:53	"GET /uv248fip248inf210/practice_postgresql.html HTTP/1.1"
2415	2024/01/11 10:00:48	"GET /uv248fip248inf210/index.html HTTP/1.1"
2415	2024/01/11 10:01:31	"GET /uv248fip248inf210/images/technical_environment/prerequisite_techenv/prerequisite_techenv.html HTTP/1.1"
2415	2024/01/11 10:06:29	"GET /uv248fip248inf210/web_architecture_home.html HTTP/1.1"
2415	2024/01/11 10:15:23	"GET /uv248fip248inf210/documentation_rdbms.html HTTP/1.1"
2415	2024/01/11 15:19:16	"GET /uv248fip248inf210/index.html HTTP/1.1"
2415	2024/01/11 15:19:49	"GET /uv248fip248inf210/data_home.html HTTP/1.1"
2415	2024/01/11 15:20:00	"GET /uv248fip248inf210/web_architecture_home.html HTTP/1.1"
2415	2024/01/11 15:21:49	"GET /uv248fip248inf210/lecture_relational_model.html HTTP/1.1"
2415	2024/01/11 15:33:54	"GET /uv248fip248inf210/lecture_db_integrity.html HTTP/1.1"
2415	2024/01/11 15:40:02	"GET /uv248fip248inf210/lecture_relational_algebra.html HTTP/1.1"
2415	2024/01/11 15:42:12	"GET /uv248fip248inf210/activity_relational_model.html HTTP/1.1"
2415	2024/01/11 15:50:40	"GET /uv248fip248inf210/technical_environment_home.html HTTP/1.1"
2415	2024/01/11 16:17:21	"GET /uv248fip248inf210/activity_relational_model_correction.html HTTP/1.1"
2415	2024/01/11 16:21:10	"GET /uv248fip248inf210/lecture_modeling_normalization.html HTTP/1.1"
2415	2024/02/21 13:47:03	"GET /uv248fip248inf210/practice_spring_2tiers_ext.html HTTP/1.1"
2415	2024/02/21 13:47:12	"GET /uv248fip248inf210/index.html HTTP/1.1"
2415	2024/02/21 13:47:14	"GET /uv248fip248inf210/project_home.html HTTP/1.1"
2415	2024/02/21 13:47:17	"GET /uv248fip248inf210/project_specifications.html HTTP/1.1"
2415	2024/02/21 13:47:24	"GET /uv248fip248inf210/project_task_time.html HTTP/1.1"
2415	2024/02/21 13:47:25	"GET /uv248fip248inf210/project_part1.html HTTP/1.1"
2415	2024/02/21 13:50:56	"GET /uv248fip248inf210/project_part1.html HTTP/1.1"
2415	2024/02/21 13:52:21	"GET /uv248fip248inf210/project_part2.html HTTP/1.1"
2415	2024/02/21 13:52:24	"GET /uv248fip248inf210/project_part3.html HTTP/1.1"
2415	2024/02/21 15:55:04	"GET /uv248fip248inf210/project_part1.html HTTP/1.1"
2415	2024/02/21 15:55:13	"GET /uv248fip248inf210/data_home.html HTTP/1.1"
2415	2024/02/21 15:55:17	"GET /uv248fip248inf210/activity_sql.html HTTP/1.1"
2415	2024/02/21 15:55:23	"GET /uv248fip248inf210/lecture_modeling_normalization.html HTTP/1.1"
2415	2024/02/21 15:55:34	"GET /uv248fip248inf210/lecture_transaction.html HTTP/1.1"
2415	2024/02/21 15:58:44	"GET /uv248fip248inf210/project_task_time.html HTTP/1.1"
2415	2024/02/21 15:58:53	"GET /uv248fip248inf210/project_evaluation.html HTTP/1.1"
2415	2024/02/21 15:59:01	"GET /uv248fip248inf210/project_part1.html HTTP/1.1"
2415	2024/02/21 21:24:52	"GET /uv248fip248inf210/project_part1.html HTTP/1.1"
2415	2024/02/21 21:24:55	"GET /uv248fip248inf210/project_part2.html HTTP/1.1"
2415	2024/09/21 09:48:56	"GET /uv248fip248inf210/practice_spring.html HTTP/1.1"
2415	2024/09/21 10:08:00	"GET /uv248fip248inf210/practice_docker_advanced.html HTTP/1.1"
2415	2024/09/21 10:13:53	"GET /uv248fip248inf210/spring_bean.html HTTP/1.1"
2415	2024/09/21 10:13:54	"GET /uv248fip248inf210/practice_spring.html HTTP/1.1"
2415	2024/09/21 10:14:05	"GET /uv248fip248inf210/index.html HTTP/1.1"
2415	2024/09/21 10:14:13	"GET /uv248fip248inf210/web_architecture_home.html HTTP/1.1"
2415	2024/09/21 10:14:15	"GET /uv248fip248inf210/lecture_software_architecture.html HTTP/1.1"
2415	2024/09/21 10:14:21	"GET /uv248fip248inf210/practice_spring_2tiers_ext.html HTTP/1.1"
2415	2024/09/21 10:14:25	"GET /uv248fip248inf210/practice_spring_2tiers.html HTTP/1.1"
2415	2024/09/21 10:23:59	"GET /uv248fip248inf210/project_home.html HTTP/1.1"
2415	2024/09/21 10:24:03	"GET /uv248fip248inf210/project_part1.html HTTP/1.1"
2415	2024/09/21 10:25:05	"GET /uv248fip248inf210/project_part3.html HTTP/1.1"
2415	2024/09/21 10:26:44	"GET /uv248fip248inf210/project_part2.html HTTP/1.1"
2415	2024/09/21 10:48:44	"GET /uv248fip248inf210/project_part2.html HTTP/1.1"
2415	2024/09/21 10:49:59	"GET /uv248fip248inf210/project_structureui.html HTTP/1.1"
2415	2024/01/09 10:22:23	"GET /uv248fip248inf210/technical_environment_home.html HTTP/1.1"
2415	2024/01/09 10:25:29	"GET /uv248fip248inf210/images/technical_environment/prerequisite_techenv/prerequisite_techenv.html HTTP/1.1"
2415	2024/01/09 10:25:56	"GET /uv248fip248inf210/documentation_docker.html HTTP/1.1"
2415	2024/01/09 11:01:42	"GET /uv248fip248inf210/practice_docker.html HTTP/1.1"
2415	2024/01/09 11:38:09	"GET /uv248fip248inf210/practice_docker_advanced.html HTTP/1.1"
2415	2024/01/09 11:39:01	"GET /uv248fip248inf210/documentation_si.html HTTP/1.1"
2415	2024/01/09 11:39:11	"GET /uv248fip248inf210/documentation_programming.html HTTP/1.1"
2415	2024/02/26 09:36:12	"GET /uv248fip248inf210/project_home.html HTTP/1.1"
2415	2024/02/26 09:36:14	"GET /uv248fip248inf210/project_evaluation.html HTTP/1.1"
2415	2024/02/26 09:36:16	"GET /uv248fip248inf210/project_part1.html HTTP/1.1"
2415	2024/02/26 09:36:25	"GET /uv248fip248inf210/project_part2.html HTTP/1.1"
2415	2024/02/26 10:03:08	"GET /uv248fip248inf210/project_part1.html HTTP/1.1"
2415	2024/02/26 10:04:52	"GET /uv248fip248inf210/project_part2.html HTTP/1.1"
2415	2024/02/26 10:23:04	"GET /uv248fip248inf210/project_part2.html HTTP/1.1"
2415	2024/02/26 10:23:25	"GET /uv248fip248inf210/project_task_time.html HTTP/1.1"
2415	2024/02/26 19:56:18	"GET /uv248fip248inf210/project_part2.html HTTP/1.1"
2415	2024/02/26 19:56:44	"GET /uv248fip248inf210/project_part3.html HTTP/1.1"
2415	2024/02/26 19:56:49	"GET /uv248fip248inf210/project_part4.html HTTP/1.1"
2415	2024/02/26 19:56:57	"GET /uv248fip248inf210/project_specifications.html HTTP/1.1"
2415	2024/02/26 19:56:58	"GET /uv248fip248inf210/project_task_time.html HTTP/1.1"
2415	2024/02/26 19:57:26	"GET /uv248fip248inf210/project_presentation.html HTTP/1.1"
2415	2024/02/26 19:58:01	"GET /uv248fip248inf210/project_evaluation.html HTTP/1.1"
2415	2024/01/15 09:35:40	"GET /uv248fip248inf210/practice_sql.html HTTP/1.1"
2415	2024/01/15 09:38:47	"GET /uv248fip248inf210/index.html HTTP/1.1"
2415	2024/01/15 10:03:56	"GET /uv248fip248inf210/activity_sql.html HTTP/1.1"
2415	2024/01/15 11:15:05	"GET /uv248fip248inf210/practice_sql_correction.html HTTP/1.1"
2415	2024/01/15 11:15:20	"GET /uv248fip248inf210/practice_advanced_sql.html HTTP/1.1"
2415	2024/01/15 11:15:51	"GET /uv248fip248inf210/lecture_transaction.html HTTP/1.1"
2415	2024/01/15 11:34:33	"GET /uv248fip248inf210/lecture_isolation.html HTTP/1.1"
2415	2024/01/15 11:44:42	"GET /uv248fip248inf210/lecture_indexation.html HTTP/1.1"
2415	2024/01/15 11:48:59	"GET /uv248fip248inf210/practice_transaction.html HTTP/1.1"
2415	2024/01/15 11:58:12	"GET /uv248fip248inf210/practice_transaction_correction.html HTTP/1.1"
2415	2024/09/20 14:29:24	"GET /uv248fip248inf210/technical_environment_home.html HTTP/1.1"
2415	2024/09/20 14:29:28	"GET /uv248fip248inf210/documentation_docker.html HTTP/1.1"
2415	2024/09/20 14:29:56	"GET /uv248fip248inf210/practice_docker.html HTTP/1.1"
2415	2024/09/20 14:29:58	"GET /uv248fip248inf210/documentation_si.html HTTP/1.1"
2415	2024/09/20 14:30:01	"GET /uv248fip248inf210/practice_postgresql.html HTTP/1.1"
2415	2024/09/20 14:30:03	"GET /uv248fip248inf210/documentation_programming.html HTTP/1.1"
2415	2024/09/20 14:30:06	"GET /uv248fip248inf210/inversion_of_control.html HTTP/1.1"
2415	2024/02/27 14:33:27	"GET /uv248fip248inf210/data_home.html HTTP/1.1"
2415	2024/02/27 14:33:32	"GET /uv248fip248inf210/project_home.html HTTP/1.1"
2415	2024/02/27 14:33:34	"GET /uv248fip248inf210/project_part1.html HTTP/1.1"
2415	2024/02/27 14:36:45	"GET /uv248fip248inf210/project_part2.html HTTP/1.1"
2415	2024/02/27 21:17:49	"GET /uv248fip248inf210/project_part3.html HTTP/1.1"
2415	2024/02/27 21:17:52	"GET /uv248fip248inf210/project_structureui.html HTTP/1.1"
2415	2024/02/27 21:18:10	"GET /uv248fip248inf210/project_part4.html HTTP/1.1"
2415	2024/02/27 21:18:41	"GET /uv248fip248inf210/project_part3.html HTTP/1.1"
2415	2024/02/27 21:20:16	"GET /uv248fip248inf210/project_part2.html HTTP/1.1"
2415	2024/02/28 09:33:49	"GET /uv248fip248inf210/project_part2.html HTTP/1.1"
2415	2024/02/28 11:41:40	"GET /uv248fip248inf210/project_part3.html HTTP/1.1"
2415	2024/02/28 11:50:54	"GET /uv248fip248inf210/project_part3.html HTTP/1.1"
2415	2024/02/28 14:07:38	"GET /uv248fip248inf210/project_structureui.html HTTP/1.1"
2415	2024/01/12 13:45:10	"GET /uv248fip248inf210/lecture_modeling_normalization.html HTTP/1.1"
2415	2024/01/12 13:47:14	"GET /uv248fip248inf210/lecture_conceptual_modeling.html HTTP/1.1"
2415	2024/01/12 13:53:49	"GET /uv248fip248inf210/lecture_normalization.html HTTP/1.1"
2415	2024/01/12 13:58:25	"GET /uv248fip248inf210/lecture_independence_views.html HTTP/1.1"
2415	2024/01/12 14:01:30	"GET /uv248fip248inf210/activity_conceptual_modeling.html HTTP/1.1"
2415	2024/01/12 14:02:05	"GET /uv248fip248inf210/activity_conceptual_modeling_correction.html HTTP/1.1"
2415	2024/01/12 14:23:41	"GET /uv248fip248inf210/activity_conceptual_modeling_advanced.html HTTP/1.1"
2415	2024/01/12 14:42:12	"GET /uv248fip248inf210/activity_conceptual_modeling_advanced_correction.html HTTP/1.1"
2415	2024/01/12 14:44:54	"GET /uv248fip248inf210/activity_normalization.html HTTP/1.1"
2415	2024/01/12 14:52:33	"GET /uv248fip248inf210/activity_normalization_correction.html HTTP/1.1"
2415	2024/01/12 15:38:02	"GET /uv248fip248inf210/activity_decomposition.html HTTP/1.1"
2415	2024/01/12 15:52:39	"GET /uv248fip248inf210/activity_decomposition_correction.html HTTP/1.1"
2415	2024/01/12 15:54:48	"GET /uv248fip248inf210/practice_independence_views.html HTTP/1.1"
2415	2024/01/12 16:00:25	"GET /uv248fip248inf210/activity_sql.html HTTP/1.1"
2415	2024/01/12 16:05:03	"GET /uv248fip248inf210/activity_sql_correction.html HTTP/1.1"
2415	2024/01/12 16:06:57	"GET /uv248fip248inf210/index.html HTTP/1.1"
2415	2024/01/12 16:07:00	"GET /uv248fip248inf210/data_home.html HTTP/1.1"
2415	2024/01/12 16:07:04	"GET /uv248fip248inf210/practice_sql.html HTTP/1.1"
2415	2024/01/12 16:16:47	"GET /uv248fip248inf210/practice_sql_correction.html HTTP/1.1"
2415	2024/10/02 17:42:19	"GET /uv248fip248inf210/web_architecture_home.html HTTP/1.1"
2415	2024/10/02 17:42:33	"GET /uv248fip248inf210/lecture_technical_architecture.html HTTP/1.1"
2415	2024/10/02 17:45:08	"GET /uv248fip248inf210/lecture_software_architecture.html HTTP/1.1"
