2416	2024/02/13 08:57:49	"GET /uv248fip248inf210/practice_transaction.html HTTP/1.1"
2416	2024/03/04 09:34:11	"GET /uv248fip248inf210/project_home.html HTTP/1.1"
2416	2024/03/04 09:34:15	"GET /uv248fip248inf210/project_part4.html HTTP/1.1"
2416	2024/03/04 09:34:41	"GET /uv248fip248inf210/project_part3.html HTTP/1.1"
2416	2024/03/04 09:35:19	"GET /uv248fip248inf210/project_structureui.html HTTP/1.1"
2416	2024/01/30 15:31:51	"GET /uv248fip248inf210/index.html HTTP/1.1"
2416	2024/01/30 15:31:59	"GET /uv248fip248inf210/data_home.html HTTP/1.1"
2416	2024/01/30 15:32:01	"GET /uv248fip248inf210/images/data/prerequisite_data/prerequisite_data.html HTTP/1.1"
2416	2024/01/30 15:32:07	"GET /uv248fip248inf210/activity_normalization.html HTTP/1.1"
2416	2024/01/30 15:32:22	"GET /uv248fip248inf210/activity_conceptual_modeling.html HTTP/1.1"
2416	2024/03/06 13:59:19	"GET /uv248fip248inf210/technical_environment_home.html HTTP/1.1"
2416	2024/03/06 13:59:24	"GET /uv248fip248inf210/technical_environment_home.html HTTP/1.1"
2416	2024/03/06 14:00:34	"GET /uv248fip248inf210/technical_environment_home.html HTTP/1.1"
2416	2024/03/06 14:01:32	"GET /uv248fip248inf210/technical_environment_home.html HTTP/1.1"
2416	2024/03/06 14:02:07	"GET /uv248fip248inf210/technical_environment_home.html HTTP/1.1"
2416	2024/03/06 14:02:23	"GET /uv248fip248inf210/technical_environment_home.html HTTP/1.1"
2416	2024/01/22 14:03:14	"GET /uv248fip248inf210/web_architecture_home.html HTTP/1.1"
2416	2024/01/22 14:03:21	"GET /uv248fip248inf210/images/web_architecture/prerequisite_archiweb/prerequisite_archiweb.html HTTP/1.1"
2416	2024/01/22 14:03:23	"GET /uv248fip248inf210/lecture_mvc_spring.html HTTP/1.1"
2416	2024/02/19 10:06:23	"GET /uv248fip248inf210/index.html HTTP/1.1"
2416	2024/02/19 10:06:50	"GET /uv248fip248inf210/project_home.html HTTP/1.1"
2416	2024/02/19 10:06:56	"GET /uv248fip248inf210/web_architecture_home.html HTTP/1.1"
2416	2024/02/19 10:07:08	"GET /uv248fip248inf210/practice_json.html HTTP/1.1"
2416	2024/02/19 10:07:59	"GET /uv248fip248inf210/technical_environment_home.html HTTP/1.1"
2416	2024/02/19 10:09:46	"GET /uv248fip248inf210/practice_spring.html HTTP/1.1"
2416	2024/03/07 09:46:06	"GET /uv248fip248inf210/project_home.html HTTP/1.1"
2416	2024/03/07 09:46:32	"GET /uv248fip248inf210/technical_environment_home.html HTTP/1.1"
2416	2024/03/07 09:57:36	"GET /uv248fip248inf210/documentation_docker.html HTTP/1.1"
2416	2024/03/07 09:58:35	"GET /uv248fip248inf210/spring_bean.html HTTP/1.1"
2416	2024/03/07 09:58:36	"GET /uv248fip248inf210/practice_spring.html HTTP/1.1"
2416	2024/03/07 09:58:40	"GET /uv248fip248inf210/documentation_programming.html HTTP/1.1"
2416	2024/03/07 09:58:52	"GET /uv248fip248inf210/practice_docker.html HTTP/1.1"
2416	2024/03/07 10:22:56	"GET /uv248fip248inf210/practice_docker_advanced.html HTTP/1.1"
2416	2024/03/07 10:41:14	"GET /uv248fip248inf210/practice_postgresql.html HTTP/1.1"
2416	2024/03/07 10:45:53	"GET /uv248fip248inf210/documentation_si.html HTTP/1.1"
2416	2024/03/07 10:58:46	"GET /uv248fip248inf210/inversion_of_control.html HTTP/1.1"
2416	2024/03/07 10:59:01	"GET /uv248fip248inf210/index.html HTTP/1.1"
2416	2024/03/07 11:17:58	"GET /uv248fip248inf210/data_home.html HTTP/1.1"
2416	2024/01/19 09:56:23	"GET /uv248fip248inf210/web_architecture_home.html HTTP/1.1"
2416	2024/01/19 09:56:33	"GET /uv248fip248inf210/practice_xml.html HTTP/1.1"
2416	2024/01/19 09:56:34	"GET /uv248fip248inf210/lecture_validity.html HTTP/1.1"
2416	2024/01/19 10:25:59	"GET /uv248fip248inf210/practice_schema_xml.html HTTP/1.1"
2416	2024/01/19 10:26:41	"GET /uv248fip248inf210/practice_xpath.html HTTP/1.1"
2416	2024/01/19 10:32:21	"GET /uv248fip248inf210/lecture_json.html HTTP/1.1"
2416	2024/01/19 10:32:54	"GET /uv248fip248inf210/practice_json.html HTTP/1.1"
2416	2024/01/19 12:06:59	"GET /uv248fip248inf210/lecture_validity.html HTTP/1.1"
2416	2024/01/19 12:07:32	"GET /uv248fip248inf210/data_home.html HTTP/1.1"
2416	2024/01/19 12:07:42	"GET /uv248fip248inf210/activity_decomposition.html HTTP/1.1"
2416	2024/01/19 12:08:38	"GET /uv248fip248inf210/practice_transaction.html HTTP/1.1"
2416	2024/01/11 08:47:22	"GET /uv248fip248inf210/documentation_programming.html HTTP/1.1"
2416	2024/01/11 10:05:54	"GET /uv248fip248inf210/inversion_of_control.html HTTP/1.1"
2416	2024/01/11 10:10:10	"GET /uv248fip248inf210/spring_bean.html HTTP/1.1"
2416	2024/01/11 15:43:47	"GET /uv248fip248inf210/index.html HTTP/1.1"
2416	2024/01/11 15:44:00	"GET /uv248fip248inf210/data_home.html HTTP/1.1"
2416	2024/02/21 13:56:50	"GET /uv248fip248inf210/project_home.html HTTP/1.1"
2416	2024/02/21 13:56:58	"GET /uv248fip248inf210/project_presentation.html HTTP/1.1"
2416	2024/02/21 13:57:13	"GET /uv248fip248inf210/project_part1.html HTTP/1.1"
2416	2024/01/09 10:26:07	"GET /uv248fip248inf210/technical_environment_home.html HTTP/1.1"
2416	2024/01/09 10:26:11	"GET /uv248fip248inf210/images/technical_environment/prerequisite_techenv/prerequisite_techenv.html HTTP/1.1"
2416	2024/01/09 10:26:28	"GET /uv248fip248inf210/documentation_rdbms.html HTTP/1.1"
2416	2024/01/09 10:26:42	"GET /uv248fip248inf210/documentation_docker.html HTTP/1.1"
2416	2024/01/09 10:44:42	"GET /uv248fip248inf210/practice_docker.html HTTP/1.1"
2416	2024/01/09 11:02:25	"GET /uv248fip248inf210/practice_docker.html%20https:/hub.imt248atlantique.fr/uv248fip248inf210/practice_docker.html HTTP/1.1"
2416	2024/01/09 11:04:01	"GET /uv248fip248inf210/practice_docker.html HTTP/1.1"
2416	2024/01/09 11:04:10	"GET /uv248fip248inf210/index.html HTTP/1.1"
2416	2024/01/09 11:05:41	"GET /uv248fip248inf210/practice_docker_advanced.html HTTP/1.1"
2416	2024/01/09 11:18:59	"GET /uv248fip248inf210/documentation_rdbms.html HTTP/1.1"
2416	2024/01/09 11:19:06	"GET /uv248fip248inf210/practice_postgresql.html HTTP/1.1"
2416	2024/01/09 11:19:34	"GET /uv248fip248inf210/documentation_si.html HTTP/1.1"
2416	2024/01/09 12:02:18	"GET /uv248fip248inf210/documentation_programming.html HTTP/1.1"
2416	2024/02/26 09:42:19	"GET /uv248fip248inf210/project_home.html HTTP/1.1"
2416	2024/02/26 09:42:22	"GET /uv248fip248inf210/project_part2.html HTTP/1.1"
2416	2024/01/15 09:38:57	"GET /uv248fip248inf210/technical_environment_home.html HTTP/1.1"
2416	2024/01/15 09:39:09	"GET /uv248fip248inf210/images/technical_environment/prerequisite_techenv/prerequisite_techenv.html HTTP/1.1"
2416	2024/01/15 10:40:19	"GET /uv248fip248inf210/practice_postgresql.html HTTP/1.1"
2416	2024/02/27 22:56:22	"GET /uv248fip248inf210/project_home.html HTTP/1.1"
2416	2024/02/27 22:56:49	"GET /uv248fip248inf210/project_part3.html HTTP/1.1"
2416	2024/02/27 22:58:03	"GET /uv248fip248inf210/project_part4.html HTTP/1.1"
2416	2024/02/27 22:58:10	"GET /uv248fip248inf210/project_part2.html HTTP/1.1"
2416	2024/02/28 10:05:40	"GET /uv248fip248inf210/project_presentation.html HTTP/1.1"
2416	2024/02/28 10:05:56	"GET /uv248fip248inf210/project_evaluation.html HTTP/1.1"
2416	2024/02/28 10:06:07	"GET /uv248fip248inf210/project_task_time.html HTTP/1.1"
2416	2024/02/28 10:06:11	"GET /uv248fip248inf210/project_specifications.html HTTP/1.1"
2416	2024/02/28 10:06:21	"GET /uv248fip248inf210/project_part1.html HTTP/1.1"
2416	2024/02/28 10:06:42	"GET /uv248fip248inf210/project_part2.html HTTP/1.1"
2416	2024/01/12 13:45:57	"GET /uv248fip248inf210/practice_sql.html HTTP/1.1"
2416	2024/01/12 13:46:12	"GET /uv248fip248inf210/images/data/prerequisite_data/prerequisite_data.html HTTP/1.1"
2416	2024/01/12 13:46:16	"GET /uv248fip248inf210/activity_sql.html HTTP/1.1"
2416	2024/01/12 13:59:44	"GET /uv248fip248inf210/practice_sql.html HTTP/1.1"
2416	2024/01/12 14:19:10	"GET /uv248fip248inf210/practice_advanced_sql.html HTTP/1.1"
2416	2024/01/12 15:54:59	"GET /uv248fip248inf210/index.html HTTP/1.1"
2416	2024/01/12 15:55:07	"GET /uv248fip248inf210/practice_transaction.html HTTP/1.1"
2416	2024/01/12 15:57:19	"GET /uv248fip248inf210/lecture_transaction.html HTTP/1.1"
2416	2024/01/12 15:57:28	"GET /uv248fip248inf210/lecture_isolation.html HTTP/1.1"
