2417	2024/01/29 09:33:56	"GET /uv248fip248inf210/practice_spring_2tiers.html HTTP/1.1"
2417	2024/01/29 09:34:15	"GET /uv248fip248inf210/index.html HTTP/1.1"
2417	2024/01/29 09:34:21	"GET /uv248fip248inf210/data_home.html HTTP/1.1"
2417	2024/01/29 09:34:43	"GET /uv248fip248inf210/images/data/prerequisite_data/prerequisite_data.html HTTP/1.1"
2417	2024/01/29 09:34:47	"GET /uv248fip248inf210/lecture_relational_model.html HTTP/1.1"
2417	2024/01/29 09:35:47	"GET /uv248fip248inf210/lecture_db_integrity.html HTTP/1.1"
2417	2024/01/29 09:36:01	"GET /uv248fip248inf210/activity_relational_model.html HTTP/1.1"
2417	2024/01/29 10:18:42	"GET /uv248fip248inf210/activity_relational_model_correction.html HTTP/1.1"
2417	2024/01/29 10:24:40	"GET /uv248fip248inf210/lecture_modeling_normalization.html HTTP/1.1"
2417	2024/01/29 11:16:20	"GET /uv248fip248inf210/lecture_conceptual_modeling.html HTTP/1.1"
2417	2024/01/29 12:02:19	"GET /uv248fip248inf210/lecture_normalization.html HTTP/1.1"
2417	2024/01/29 12:02:35	"GET /uv248fip248inf210/activity_conceptual_modeling.html HTTP/1.1"
2417	2024/02/13 08:05:15	"GET /uv248fip248inf210/practice_spring_2tiers.html HTTP/1.1"
2417	2024/02/13 08:06:08	"GET /uv248fip248inf210/practice_jpa_advanced.html HTTP/1.1"
2417	2024/02/13 08:06:19	"GET /uv248fip248inf210/index.html HTTP/1.1"
2417	2024/02/13 08:06:25	"GET /uv248fip248inf210/web_architecture_home.html HTTP/1.1"
2417	2024/02/13 08:06:27	"GET /uv248fip248inf210/images/web_architecture/prerequisite_archiweb/prerequisite_archiweb.html HTTP/1.1"
2417	2024/02/13 08:07:12	"GET /uv248fip248inf210/lecture_software_architecture.html HTTP/1.1"
2417	2024/02/13 08:07:20	"GET /uv248fip248inf210/lecture_mvc_spring.html HTTP/1.1"
2417	2024/02/13 08:07:45	"GET /uv248fip248inf210/lecture_jpa.html HTTP/1.1"
2417	2024/02/13 08:08:02	"GET /uv248fip248inf210/practice_jpa.html HTTP/1.1"
2417	2024/02/06 13:54:12	"GET /uv248fip248inf210/activity_decomposition.html HTTP/1.1"
2417	2024/02/06 13:54:25	"GET /uv248fip248inf210/activity_normalization.html HTTP/1.1"
2417	2024/02/06 13:54:36	"GET /uv248fip248inf210/activity_conceptual_modeling.html HTTP/1.1"
2417	2024/02/06 14:52:08	"GET /uv248fip248inf210/activity_decomposition_correction.html HTTP/1.1"
2417	2024/02/06 16:00:05	"GET /uv248fip248inf210/practice_independence_views.html HTTP/1.1"
2417	2024/02/06 16:00:26	"GET /uv248fip248inf210/lecture_transaction.html HTTP/1.1"
2417	2024/02/06 16:00:40	"GET /uv248fip248inf210/practice_transaction.html HTTP/1.1"
2417	2024/02/06 16:05:17	"GET /uv248fip248inf210/lecture_isolation.html HTTP/1.1"
2417	2024/03/11 12:57:00	"GET /uv248fip248inf210/project_home.html HTTP/1.1"
2417	2024/03/11 13:05:35	"GET /uv248fip248inf210/index.html HTTP/1.1"
2417	2024/03/11 13:05:40	"GET /uv248fip248inf210/data_home.html HTTP/1.1"
2417	2024/03/11 13:05:42	"GET /uv248fip248inf210/images/data/prerequisite_data/prerequisite_data.html HTTP/1.1"
2417	2024/03/11 13:05:46	"GET /uv248fip248inf210/lecture_normalization.html HTTP/1.1"
2417	2024/03/04 09:34:04	"GET /uv248fip248inf210/project_home.html HTTP/1.1"
2417	2024/03/04 09:34:12	"GET /uv248fip248inf210/project_part3.html HTTP/1.1"
2417	2024/03/04 09:51:05	"GET /uv248fip248inf210/project_structureui.html HTTP/1.1"
2417	2024/02/02 11:21:05	"GET /uv248fip248inf210/data_home.html HTTP/1.1"
2417	2024/02/02 11:21:08	"GET /uv248fip248inf210/images/data/prerequisite_data/prerequisite_data.html HTTP/1.1"
2417	2024/02/02 11:21:16	"GET /uv248fip248inf210/lecture_conceptual_modeling.html HTTP/1.1"
2417	2024/01/30 15:21:04	"GET /uv248fip248inf210/practice_spring_2tiers.html HTTP/1.1"
2417	2024/01/30 16:12:58	"GET /uv248fip248inf210/activity_conceptual_modeling.html HTTP/1.1"
2417	2024/01/30 16:13:03	"GET /uv248fip248inf210/activity_normalization.html HTTP/1.1"
2417	2024/03/06 09:33:09	"GET /uv248fip248inf210/project_home.html HTTP/1.1"
2417	2024/03/06 09:33:23	"GET /uv248fip248inf210/project_part3.html HTTP/1.1"
2417	2024/03/06 09:33:27	"GET /uv248fip248inf210/project_structureui.html HTTP/1.1"
2417	2024/02/05 12:47:02	"GET /uv248fip248inf210/practice_spring_2tiers.html HTTP/1.1"
2417	2024/02/05 12:59:24	"GET /uv248fip248inf210/index.html HTTP/1.1"
2417	2024/02/05 12:59:29	"GET /uv248fip248inf210/data_home.html HTTP/1.1"
2417	2024/02/05 12:59:31	"GET /uv248fip248inf210/images/data/prerequisite_data/prerequisite_data.html HTTP/1.1"
2417	2024/02/05 12:59:33	"GET /uv248fip248inf210/activity_sql.html HTTP/1.1"
2417	2024/02/05 12:59:47	"GET /uv248fip248inf210/lecture_relational_algebra.html HTTP/1.1"
2417	2024/02/05 13:45:10	"GET /uv248fip248inf210/activity_conceptual_modeling.html HTTP/1.1"
2417	2024/02/05 13:45:38	"GET /uv248fip248inf210/activity_normalization.html HTTP/1.1"
2417	2024/02/05 14:22:35	"GET /uv248fip248inf210/lecture_normalization.html HTTP/1.1"
2417	2024/02/05 14:34:04	"GET /uv248fip248inf210/index.html HTTP/1.1"
2417	2024/02/05 14:38:20	"GET /uv248fip248inf210/activity_sql_correction.html HTTP/1.1"
2417	2024/02/05 14:56:27	"GET /uv248fip248inf210/practice_sql.html HTTP/1.1"
2417	2024/02/05 14:57:17	"GET /uv248fip248inf210/practice_sql_correction.html HTTP/1.1"
2417	2024/01/22 13:54:09	"GET /uv248fip248inf210/practice_spring_2tiers.html HTTP/1.1"
2417	2024/01/22 13:54:25	"GET /uv248fip248inf210/index.html HTTP/1.1"
2417	2024/01/22 13:54:30	"GET /uv248fip248inf210/data_home.html HTTP/1.1"
2417	2024/01/22 13:54:41	"GET /uv248fip248inf210/lecture_relational_model.html HTTP/1.1"
2417	2024/01/22 13:59:53	"GET /uv248fip248inf210/lecture_db_integrity.html HTTP/1.1"
2417	2024/01/22 14:40:24	"GET /uv248fip248inf210/activity_relational_model.html HTTP/1.1"
2417	2024/02/19 09:39:32	"GET /uv248fip248inf210/project_home.html HTTP/1.1"
2417	2024/02/19 09:40:10	"GET /uv248fip248inf210/project_part1.html HTTP/1.1"
2417	2024/02/19 09:40:20	"GET /uv248fip248inf210/project_presentation.html HTTP/1.1"
2417	2024/02/19 09:40:54	"GET /uv248fip248inf210/project_evaluation.html HTTP/1.1"
2417	2024/02/19 11:16:01	"GET /uv248fip248inf210/project_specifications.html HTTP/1.1"
2417	2024/02/11 19:06:53	"GET /uv248fip248inf210/practice_spring_2tiers.html HTTP/1.1"
2417	2024/02/03 21:23:13	"GET /uv248fip248inf210/practice_spring_2tiers.html HTTP/1.1"
2417	2024/02/03 21:23:18	"GET /uv248fip248inf210/index.html HTTP/1.1"
2417	2024/02/03 21:23:33	"GET /uv248fip248inf210/data_home.html HTTP/1.1"
2417	2024/02/03 21:23:35	"GET /uv248fip248inf210/images/data/prerequisite_data/prerequisite_data.html HTTP/1.1"
2417	2024/02/03 21:24:11	"GET /uv248fip248inf210/lecture_normalization.html HTTP/1.1"
2417	2024/02/03 21:30:33	"GET /uv248fip248inf210/lecture_conceptual_modeling.html HTTP/1.1"
2417	2024/02/03 21:39:26	"GET /uv248fip248inf210/lecture_modeling_normalization.html HTTP/1.1"
2417	2024/02/03 22:14:01	"GET /uv248fip248inf210/activity_normalization.html HTTP/1.1"
2417	2024/02/03 22:17:14	"GET /uv248fip248inf210/activity_decomposition.html HTTP/1.1"
2417	2024/01/10 18:07:44	"GET /uv248fip248inf210/practice_docker_advanced.html HTTP/1.1"
2417	2024/01/10 18:08:05	"GET /uv248fip248inf210/practice_postgresql.html HTTP/1.1"
2417	2024/01/10 18:08:17	"GET /uv248fip248inf210/documentation_si.html HTTP/1.1"
2417	2024/01/10 18:08:31	"GET /uv248fip248inf210/documentation_rdbms.html HTTP/1.1"
2417	2024/01/10 18:09:07	"GET /uv248fip248inf210/practice_docker_advanced.html HTTP/1.1"
2417	2024/01/10 18:09:47	"GET /uv248fip248inf210/documentation_programming.html HTTP/1.1"
2417	2024/01/10 18:20:04	"GET /uv248fip248inf210/inversion_of_control.html HTTP/1.1"
2417	2024/01/10 18:21:29	"GET /uv248fip248inf210/spring_bean.html HTTP/1.1"
2417	2024/01/10 18:29:50	"GET /uv248fip248inf210/practice_spring.html HTTP/1.1"
2417	2024/01/17 11:51:51	"GET /uv248fip248inf210/practice_spring_2tiers.html HTTP/1.1"
2417	2024/01/17 11:51:53	"GET /uv248fip248inf210/practice_jpa.html HTTP/1.1"
2417	2024/01/16 21:34:00	"GET /uv248fip248inf210/practice_spring_2tiers.html HTTP/1.1"
2417	2024/01/19 09:50:42	"GET /uv248fip248inf210/practice_spring_2tiers.html HTTP/1.1"
2417	2024/01/19 09:51:09	"GET /uv248fip248inf210/index.html HTTP/1.1"
2417	2024/01/19 09:51:13	"GET /uv248fip248inf210/data_home.html HTTP/1.1"
2417	2024/01/19 09:52:07	"GET /uv248fip248inf210/web_architecture_home.html HTTP/1.1"
2417	2024/01/19 09:52:21	"GET /uv248fip248inf210/lecture_dto.html HTTP/1.1"
2417	2024/01/19 09:54:29	"GET /uv248fip248inf210/lecture_xml.html HTTP/1.1"
2417	2024/01/19 11:32:21	"GET /uv248fip248inf210/lecture_validity.html HTTP/1.1"
2417	2024/01/19 11:33:08	"GET /uv248fip248inf210/practice_xml.html HTTP/1.1"
2417	2024/01/11 08:06:12	"GET /uv248fip248inf210/documentation_programming.html HTTP/1.1"
2417	2024/01/11 08:07:02	"GET /uv248fip248inf210/practice_spring.html HTTP/1.1"
2417	2024/01/11 08:53:38	"GET /uv248fip248inf210/index.html HTTP/1.1"
2417	2024/01/11 08:53:45	"GET /uv248fip248inf210/web_architecture_home.html HTTP/1.1"
2417	2024/01/11 08:54:11	"GET /uv248fip248inf210/data_home.html HTTP/1.1"
2417	2024/01/11 08:54:39	"GET /uv248fip248inf210/lecture_technical_architecture.html HTTP/1.1"
2417	2024/01/11 09:55:40	"GET /uv248fip248inf210/lecture_software_architecture.html HTTP/1.1"
2417	2024/01/11 10:06:50	"GET /uv248fip248inf210/data_home.html HTTP/1.1"
2417	2024/01/11 10:06:54	"GET /uv248fip248inf210/lecture_relational_model.html HTTP/1.1"
2417	2024/01/11 10:08:39	"GET /uv248fip248inf210/web_architecture_home.html HTTP/1.1"
2417	2024/01/11 10:08:47	"GET /uv248fip248inf210/lecture_software_architecture.html HTTP/1.1"
2417	2024/01/11 10:10:47	"GET /uv248fip248inf210/lecture_mvc_spring.html HTTP/1.1"
2417	2024/01/11 10:17:10	"GET /uv248fip248inf210/lecture_jpa.html HTTP/1.1"
2417	2024/01/11 10:17:30	"GET /uv248fip248inf210/practice_jpa.html HTTP/1.1"
2417	2024/01/11 10:39:56	"GET /uv248fip248inf210/lecture_jpa.html HTTP/1.1"
2417	2024/01/11 11:03:57	"GET /uv248fip248inf210/index.html HTTP/1.1"
2417	2024/01/11 11:04:02	"GET /uv248fip248inf210/web_architecture_home.html HTTP/1.1"
2417	2024/01/11 11:04:06	"GET /uv248fip248inf210/lecture_jpa.html HTTP/1.1"
2417	2024/01/11 11:12:30	"GET /uv248fip248inf210/practice_jpa.html HTTP/1.1"
2417	2024/01/11 11:18:05	"GET /uv248fip248inf210/practice_jpa.html HTTP/1.1"
2417	2024/01/11 11:30:14	"GET /uv248fip248inf210/index.html HTTP/1.1"
2417	2024/01/11 11:30:20	"GET /uv248fip248inf210/technical_environment_home.html HTTP/1.1"
2417	2024/01/11 11:30:26	"GET /uv248fip248inf210/practice_docker.html HTTP/1.1"
2417	2024/01/11 11:41:10	"GET /uv248fip248inf210/web_architecture_home.html HTTP/1.1"
2417	2024/01/11 11:41:17	"GET /uv248fip248inf210/practice_jpa.html HTTP/1.1"
2417	2024/01/11 15:37:48	"GET /uv248fip248inf210/practice_jpa.html HTTP/1.1"
2417	2024/01/11 18:17:31	"GET /uv248fip248inf210/practice_jpa.html HTTP/1.1"
2417	2024/02/21 13:56:10	"GET /uv248fip248inf210/project_task_time.html HTTP/1.1"
2417	2024/02/21 15:35:24	"GET /uv248fip248inf210/project_task_time.html HTTP/1.1"
2417	2024/02/21 15:51:02	"GET /uv248fip248inf210/project_part3.html HTTP/1.1"
2417	2024/02/21 15:51:53	"GET /uv248fip248inf210/project_task_time.html HTTP/1.1"
2417	2024/02/29 20:37:51	"GET /uv248fip248inf210/project_home.html HTTP/1.1"
2417	2024/02/29 20:37:55	"GET /uv248fip248inf210/project_part2.html HTTP/1.1"
2417	2024/01/09 10:24:53	"GET /uv248fip248inf210/technical_environment_home.html HTTP/1.1"
2417	2024/01/09 10:55:29	"GET /uv248fip248inf210/images/technical_environment/prerequisite_techenv/prerequisite_techenv.html HTTP/1.1"
2417	2024/01/09 10:55:41	"GET /uv248fip248inf210/documentation_docker.html HTTP/1.1"
2417	2024/01/09 11:57:16	"GET /uv248fip248inf210/practice_docker.html HTTP/1.1"
2417	2024/01/09 18:42:15	"GET /uv248fip248inf210/practice_postgresql.html HTTP/1.1"
2417	2024/01/09 20:33:22	"GET /uv248fip248inf210/practice_postgresql.html HTTP/1.1"
2417	2024/02/26 09:34:26	"GET /uv248fip248inf210/project_home.html HTTP/1.1"
2417	2024/02/26 09:34:30	"GET /uv248fip248inf210/project_part1.html HTTP/1.1"
2417	2024/02/26 09:56:51	"GET /uv248fip248inf210/project_part2.html HTTP/1.1"
2417	2024/02/26 10:28:42	"GET /uv248fip248inf210/project_part1.html HTTP/1.1"
2417	2024/02/26 10:28:47	"GET /uv248fip248inf210/project_part2.html HTTP/1.1"
2417	2024/02/26 11:27:44	"GET /uv248fip248inf210/practice_spring_2tiers.html HTTP/1.1"
2417	2024/02/26 11:27:49	"GET /uv248fip248inf210/index.html HTTP/1.1"
2417	2024/02/26 11:27:53	"GET /uv248fip248inf210/project_home.html HTTP/1.1"
2417	2024/02/26 11:28:07	"GET /uv248fip248inf210/project_part2.html HTTP/1.1"
2417	2024/01/14 19:38:57	"GET /uv248fip248inf210/practice_jpa.html HTTP/1.1"
2417	2024/01/14 20:50:31	"GET /uv248fip248inf210/practice_jpa.html HTTP/1.1"
2417	2024/01/15 09:31:31	"GET /uv248fip248inf210/practice_jpa.html HTTP/1.1"
2417	2024/01/15 09:38:09	"GET /uv248fip248inf210/practice_spring_2tiers.html HTTP/1.1"
2417	2024/01/15 09:42:01	"GET /uv248fip248inf210/index.html HTTP/1.1"
2417	2024/01/15 09:42:06	"GET /uv248fip248inf210/web_architecture_home.html HTTP/1.1"
2417	2024/01/15 09:42:12	"GET /uv248fip248inf210/images/web_architecture/prerequisite_archiweb/prerequisite_archiweb.html HTTP/1.1"
2417	2024/02/28 09:51:01	"GET /uv248fip248inf210/project_part2.html HTTP/1.1"
2417	2024/02/28 14:37:16	"GET /uv248fip248inf210/index.html HTTP/1.1"
2417	2024/02/28 14:37:23	"GET /uv248fip248inf210/web_architecture_home.html HTTP/1.1"
2417	2024/02/28 14:37:25	"GET /uv248fip248inf210/images/web_architecture/prerequisite_archiweb/prerequisite_archiweb.html HTTP/1.1"
2417	2024/02/28 14:37:55	"GET /uv248fip248inf210/project_home.html HTTP/1.1"
2417	2024/02/28 14:53:45	"GET /uv248fip248inf210/data_home.html HTTP/1.1"
2417	2024/02/28 14:53:53	"GET /uv248fip248inf210/lecture_transaction.html HTTP/1.1"
2417	2024/02/28 14:54:03	"GET /uv248fip248inf210/practice_transaction.html HTTP/1.1"
2417	2024/02/28 14:54:28	"GET /uv248fip248inf210/lecture_mvc_spring.html HTTP/1.1"
2417	2024/02/28 14:54:32	"GET /uv248fip248inf210/lecture_jpa.html HTTP/1.1"
2417	2024/02/28 14:54:36	"GET /uv248fip248inf210/practice_jpa.html HTTP/1.1"
2417	2024/02/28 14:57:36	"GET /uv248fip248inf210/practice_jpa_advanced.html HTTP/1.1"
2417	2024/02/28 14:57:51	"GET /uv248fip248inf210/practice_spring_2tiers_ext.html HTTP/1.1"
2417	2024/01/12 13:47:13	"GET /uv248fip248inf210/practice_spring_2tiers.html HTTP/1.1"
2417	2024/01/12 13:47:43	"GET /uv248fip248inf210/index.html HTTP/1.1"
2417	2024/01/12 13:47:47	"GET /uv248fip248inf210/web_architecture_home.html HTTP/1.1"
2417	2024/01/12 13:47:52	"GET /uv248fip248inf210/practice_jpa.html HTTP/1.1"
