2418	2024/01/29 09:41:49	"GET /uv248fip248inf210/data_home.html HTTP/1.1"
2418	2024/01/29 09:42:00	"GET /uv248fip248inf210/lecture_modeling_normalization.html HTTP/1.1"
2418	2024/01/29 09:42:04	"GET /uv248fip248inf210/lecture_conceptual_modeling.html HTTP/1.1"
2418	2024/01/29 10:12:33	"GET /uv248fip248inf210/lecture_normalization.html HTTP/1.1"
2418	2024/01/29 11:23:24	"GET /uv248fip248inf210/activity_decomposition.html HTTP/1.1"
2418	2024/01/29 12:06:37	"GET /uv248fip248inf210/activity_normalization.html HTTP/1.1"
2418	2024/03/05 09:46:30	"GET /uv248fip248inf210/project_home.html HTTP/1.1"
2418	2024/03/05 09:46:34	"GET /uv248fip248inf210/project_specifications.html HTTP/1.1"
2418	2024/03/10 18:00:51	"GET /uv248fip248inf210/project_home.html HTTP/1.1"
2418	2024/03/10 18:00:54	"GET /uv248fip248inf210/project_part4.html HTTP/1.1"
2418	2024/03/10 18:23:36	"GET /uv248fip248inf210/project_specifications.html HTTP/1.1"
2418	2024/02/13 08:03:16	"GET /uv248fip248inf210/project_home.html HTTP/1.1"
2418	2024/02/13 08:03:39	"GET /uv248fip248inf210/project_presentation.html HTTP/1.1"
2418	2024/02/13 08:09:04	"GET /uv248fip248inf210/project_evaluation.html HTTP/1.1"
2418	2024/02/13 08:25:17	"GET /uv248fip248inf210/project_specifications.html HTTP/1.1"
2418	2024/02/13 08:39:39	"GET /uv248fip248inf210/project_task_time.html HTTP/1.1"
2418	2024/02/13 08:47:17	"GET /uv248fip248inf210/project_part1.html HTTP/1.1"
2418	2024/02/13 08:58:51	"GET /uv248fip248inf210/project_presentation.html HTTP/1.1"
2418	2024/02/13 09:05:37	"GET /uv248fip248inf210/project_evaluation.html HTTP/1.1"
2418	2024/02/13 09:05:54	"GET /uv248fip248inf210/index.html HTTP/1.1"
2418	2024/02/13 09:59:40	"GET /uv248fip248inf210/project_home.html HTTP/1.1"
2418	2024/02/13 15:36:56	"GET /uv248fip248inf210/data_home.html HTTP/1.1"
2418	2024/02/13 15:37:04	"GET /uv248fip248inf210/lecture_relational_model.html HTTP/1.1"
2418	2024/02/13 15:37:09	"GET /uv248fip248inf210/activity_relational_model.html HTTP/1.1"
2418	2024/02/13 15:37:13	"GET /uv248fip248inf210/lecture_modeling_normalization.html HTTP/1.1"
2418	2024/02/13 15:37:17	"GET /uv248fip248inf210/lecture_conceptual_modeling.html HTTP/1.1"
2418	2024/02/06 15:54:01	"GET /uv248fip248inf210/web_architecture_home.html HTTP/1.1"
2418	2024/02/06 15:54:05	"GET /uv248fip248inf210/practice_jpa.html HTTP/1.1"
2418	2024/02/06 15:54:21	"GET /uv248fip248inf210/lecture_jpa.html HTTP/1.1"
2418	2024/02/06 15:54:29	"GET /uv248fip248inf210/lecture_mvc_spring.html HTTP/1.1"
2418	2024/02/06 15:54:34	"GET /uv248fip248inf210/practice_jpa_advanced.html HTTP/1.1"
2418	2024/02/06 15:54:38	"GET /uv248fip248inf210/practice_spring_2tiers.html HTTP/1.1"
2418	2024/02/06 15:54:42	"GET /uv248fip248inf210/practice_spring_2tiers_ext.html HTTP/1.1"
2418	2024/02/06 15:54:48	"GET /uv248fip248inf210/lecture_technical_architecture.html HTTP/1.1"
2418	2024/02/06 15:54:51	"GET /uv248fip248inf210/lecture_software_architecture.html HTTP/1.1"
2418	2024/02/06 15:55:05	"GET /uv248fip248inf210/index.html HTTP/1.1"
2418	2024/02/06 15:55:08	"GET /uv248fip248inf210/technical_environment_home.html HTTP/1.1"
2418	2024/02/06 15:55:14	"GET /uv248fip248inf210/inversion_of_control.html HTTP/1.1"
2418	2024/03/11 09:33:50	"GET /uv248fip248inf210/data_home.html HTTP/1.1"
2418	2024/03/11 09:33:54	"GET /uv248fip248inf210/lecture_relational_algebra.html HTTP/1.1"
2418	2024/03/11 09:34:01	"GET /uv248fip248inf210/lecture_db_integrity.html HTTP/1.1"
2418	2024/03/11 09:34:06	"GET /uv248fip248inf210/activity_relational_model.html HTTP/1.1"
2418	2024/03/11 09:34:16	"GET /uv248fip248inf210/lecture_modeling_normalization.html HTTP/1.1"
2418	2024/03/11 09:34:18	"GET /uv248fip248inf210/lecture_conceptual_modeling.html HTTP/1.1"
2418	2024/03/11 09:34:28	"GET /uv248fip248inf210/lecture_normalization.html HTTP/1.1"
2418	2024/03/11 09:41:51	"GET /uv248fip248inf210/activity_decomposition.html HTTP/1.1"
2418	2024/03/11 09:49:28	"GET /uv248fip248inf210/lecture_normalization.html HTTP/1.1"
2418	2024/03/11 09:49:33	"GET /uv248fip248inf210/activity_normalization.html HTTP/1.1"
2418	2024/03/11 09:49:49	"GET /uv248fip248inf210/activity_normalization_correction.html HTTP/1.1"
2418	2024/03/11 10:13:58	"GET /uv248fip248inf210/project_part2.html HTTP/1.1"
2418	2024/03/04 01:51:17	"GET /uv248fip248inf210/project_home.html HTTP/1.1"
2418	2024/03/04 01:51:20	"GET /uv248fip248inf210/project_specifications.html HTTP/1.1"
2418	2024/03/04 01:51:48	"GET /uv248fip248inf210/project_specifications.html HTTP/1.1"
2418	2024/03/04 01:51:57	"GET /uv248fip248inf210/project_specifications.html HTTP/1.1"
2418	2024/03/04 16:17:33	"GET /uv248fip248inf210/project_specifications.html HTTP/1.1"
2418	2024/03/04 16:17:36	"GET /uv248fip248inf210/project_part2.html HTTP/1.1"
2418	2024/03/04 16:17:43	"GET /uv248fip248inf210/project_part1.html HTTP/1.1"
2418	2024/03/03 23:23:03	"GET /uv248fip248inf210/project_home.html HTTP/1.1"
2418	2024/03/03 23:23:06	"GET /uv248fip248inf210/project_specifications.html HTTP/1.1"
2418	2024/01/30 15:24:10	"GET /uv248fip248inf210/data_home.html HTTP/1.1"
2418	2024/03/06 09:39:16	"GET /uv248fip248inf210/project_home.html HTTP/1.1"
2418	2024/03/06 09:39:19	"GET /uv248fip248inf210/project_specifications.html HTTP/1.1"
2418	2024/02/05 02:09:22	"GET /uv248fip248inf210/data_home.html HTTP/1.1"
2418	2024/02/05 02:09:26	"GET /uv248fip248inf210/lecture_modeling_normalization.html HTTP/1.1"
2418	2024/02/05 02:09:30	"GET /uv248fip248inf210/lecture_conceptual_modeling.html HTTP/1.1"
2418	2024/02/05 02:10:10	"GET /uv248fip248inf210/lecture_normalization.html HTTP/1.1"
2418	2024/02/05 02:12:51	"GET /uv248fip248inf210/activity_conceptual_modeling.html HTTP/1.1"
2418	2024/02/05 02:13:01	"GET /uv248fip248inf210/activity_conceptual_modeling_correction.html HTTP/1.1"
2418	2024/02/05 02:46:09	"GET /uv248fip248inf210/activity_normalization.html HTTP/1.1"
2418	2024/02/05 02:46:17	"GET /uv248fip248inf210/activity_normalization_correction.html HTTP/1.1"
2418	2024/02/05 03:01:07	"GET /uv248fip248inf210/index.html HTTP/1.1"
2418	2024/02/05 03:01:09	"GET /uv248fip248inf210/web_architecture_home.html HTTP/1.1"
2418	2024/02/05 03:01:18	"GET /uv248fip248inf210/lecture_xml.html HTTP/1.1"
2418	2024/02/05 03:02:25	"GET /uv248fip248inf210/lecture_validity.html HTTP/1.1"
2418	2024/02/05 03:04:47	"GET /uv248fip248inf210/lecture_technical_architecture.html HTTP/1.1"
2418	2024/02/05 03:04:54	"GET /uv248fip248inf210/lecture_software_architecture.html HTTP/1.1"
2418	2024/02/05 03:05:02	"GET /uv248fip248inf210/lecture_jpa.html HTTP/1.1"
2418	2024/02/05 03:05:03	"GET /uv248fip248inf210/lecture_mvc_spring.html HTTP/1.1"
2418	2024/02/05 03:15:01	"GET /uv248fip248inf210/practice_jpa.html HTTP/1.1"
2418	2024/02/05 03:33:11	"GET /uv248fip248inf210/activity_sql.html HTTP/1.1"
2418	2024/02/05 03:33:20	"GET /uv248fip248inf210/lecture_relational_model.html HTTP/1.1"
2418	2024/02/05 03:33:23	"GET /uv248fip248inf210/lecture_db_integrity.html HTTP/1.1"
2418	2024/02/05 03:33:28	"GET /uv248fip248inf210/activity_relational_model.html HTTP/1.1"
2418	2024/02/05 03:33:34	"GET /uv248fip248inf210/lecture_transaction.html HTTP/1.1"
2418	2024/02/05 13:46:58	"GET /uv248fip248inf210/data_home.html HTTP/1.1"
2418	2024/02/05 13:47:05	"GET /uv248fip248inf210/activity_conceptual_modeling.html HTTP/1.1"
2418	2024/02/05 13:47:15	"GET /uv248fip248inf210/activity_conceptual_modeling_correction.html HTTP/1.1"
2418	2024/02/05 13:47:19	"GET /uv248fip248inf210/activity_normalization.html HTTP/1.1"
2418	2024/02/05 13:47:23	"GET /uv248fip248inf210/activity_normalization_correction.html HTTP/1.1"
2418	2024/02/05 13:47:30	"GET /uv248fip248inf210/lecture_conceptual_modeling.html HTTP/1.1"
2418	2024/02/05 13:47:37	"GET /uv248fip248inf210/lecture_normalization.html HTTP/1.1"
2418	2024/02/05 14:18:47	"GET /uv248fip248inf210/lecture_modeling_normalization.html HTTP/1.1"
2418	2024/02/05 14:18:53	"GET /uv248fip248inf210/lecture_conceptual_modeling.html HTTP/1.1"
2418	2024/02/05 16:05:50	"GET /uv248fip248inf210/technical_environment_home.html HTTP/1.1"
2418	2024/02/05 16:05:52	"GET /uv248fip248inf210/index.html HTTP/1.1"
2418	2024/02/05 16:05:53	"GET /uv248fip248inf210/web_architecture_home.html HTTP/1.1"
2418	2024/02/05 16:05:56	"GET /uv248fip248inf210/lecture_technical_architecture.html HTTP/1.1"
2418	2024/02/05 16:05:56	"GET /uv248fip248inf210/lecture_software_architecture.html HTTP/1.1"
2418	2024/02/05 16:06:02	"GET /uv248fip248inf210/lecture_technical_architecture.html HTTP/1.1"
2418	2024/01/22 14:24:14	"GET /uv248fip248inf210/data_home.html HTTP/1.1"
2418	2024/01/22 14:24:20	"GET /uv248fip248inf210/practice_transaction.html HTTP/1.1"
2418	2024/01/22 14:24:42	"GET /uv248fip248inf210/web_architecture_home.html HTTP/1.1"
2418	2024/01/22 14:24:57	"GET /uv248fip248inf210/lecture_validity.html HTTP/1.1"
2418	2024/01/22 14:35:21	"GET /uv248fip248inf210/lecture_transaction.html HTTP/1.1"
2418	2024/01/22 14:46:09	"GET /uv248fip248inf210/images/data/prerequisite_data/prerequisite_data.html HTTP/1.1"
2418	2024/01/22 14:48:49	"GET /uv248fip248inf210/lecture_conceptual_modeling.html HTTP/1.1"
2418	2024/01/22 16:14:53	"GET /uv248fip248inf210/lecture_relational_model.html HTTP/1.1"
2418	2024/01/22 16:15:43	"GET /uv248fip248inf210/lecture_db_integrity.html HTTP/1.1"
2418	2024/01/22 16:17:10	"GET /uv248fip248inf210/lecture_relational_algebra.html HTTP/1.1"
2418	2024/01/22 16:24:12	"GET /uv248fip248inf210/lecture_modeling_normalization.html HTTP/1.1"
2418	2024/02/19 09:32:34	"GET /uv248fip248inf210/project_home.html HTTP/1.1"
2418	2024/02/19 09:32:37	"GET /uv248fip248inf210/project_part1.html HTTP/1.1"
2418	2024/02/19 09:59:14	"GET /uv248fip248inf210/project_part1.html HTTP/1.1"
2418	2024/02/19 09:59:16	"GET /uv248fip248inf210/index.html HTTP/1.1"
2418	2024/02/19 09:59:19	"GET /uv248fip248inf210/data_home.html HTTP/1.1"
2418	2024/02/19 09:59:22	"GET /uv248fip248inf210/activity_sql.html HTTP/1.1"
2418	2024/02/19 09:59:31	"GET /uv248fip248inf210/practice_sql.html HTTP/1.1"
2418	2024/02/19 09:59:42	"GET /uv248fip248inf210/practice_advanced_sql.html HTTP/1.1"
2418	2024/02/19 10:41:06	"GET /uv248fip248inf210/project_part2.html HTTP/1.1"
2418	2024/03/07 09:36:45	"GET /uv248fip248inf210/project_home.html HTTP/1.1"
2418	2024/03/07 09:36:48	"GET /uv248fip248inf210/project_specifications.html HTTP/1.1"
2418	2024/03/07 12:22:42	"GET /uv248fip248inf210/project_part4.html HTTP/1.1"
2418	2024/03/07 12:22:44	"GET /uv248fip248inf210/project_specifications.html HTTP/1.1"
2418	2024/03/07 14:19:55	"GET /uv248fip248inf210/project_part1.html HTTP/1.1"
2418	2024/02/22 13:51:28	"GET /uv248fip248inf210/project_home.html HTTP/1.1"
2418	2024/02/22 13:52:04	"GET /uv248fip248inf210/project_part3.html HTTP/1.1"
2418	2024/02/22 13:52:11	"GET /uv248fip248inf210/project_part4.html HTTP/1.1"
2418	2024/02/22 13:52:16	"GET /uv248fip248inf210/project_part2.html HTTP/1.1"
2418	2024/02/22 14:00:45	"GET /uv248fip248inf210/web_architecture_home.html HTTP/1.1"
2418	2024/01/18 09:59:17	"GET /uv248fip248inf210/data_home.html HTTP/1.1"
2418	2024/01/18 09:59:22	"GET /uv248fip248inf210/lecture_relational_model.html HTTP/1.1"
2418	2024/01/18 10:00:51	"GET /uv248fip248inf210/lecture_db_integrity.html HTTP/1.1"
2418	2024/01/18 10:04:05	"GET /uv248fip248inf210/lecture_relational_algebra.html HTTP/1.1"
2418	2024/01/18 10:08:18	"GET /uv248fip248inf210/activity_relational_model.html HTTP/1.1"
2418	2024/01/17 13:53:17	"GET /uv248fip248inf210/web_architecture_home.html HTTP/1.1"
2418	2024/01/17 13:53:20	"GET /uv248fip248inf210/practice_spring_2tiers_ext.html HTTP/1.1"
2418	2024/01/17 14:00:01	"GET /uv248fip248inf210/lecture_dto.html HTTP/1.1"
2418	2024/01/17 14:00:46	"GET /uv248fip248inf210/lecture_xml.html HTTP/1.1"
2418	2024/01/17 14:13:38	"GET /uv248fip248inf210/lecture_json.html HTTP/1.1"
2418	2024/01/17 14:19:21	"GET /uv248fip248inf210/practice_json.html HTTP/1.1"
2418	2024/01/17 14:20:10	"GET /uv248fip248inf210/lecture_json.html HTTP/1.1"
2418	2024/01/17 14:22:58	"GET /uv248fip248inf210/practice_json.html HTTP/1.1"
2418	2024/01/17 14:24:20	"GET /uv248fip248inf210/lecture_json.html HTTP/1.1"
2418	2024/01/17 14:53:55	"GET /uv248fip248inf210/practice_xml.html HTTP/1.1"
2418	2024/01/17 14:54:02	"GET /uv248fip248inf210/lecture_xml.html HTTP/1.1"
2418	2024/01/17 14:58:59	"GET /uv248fip248inf210/practice_xml.html HTTP/1.1"
2418	2024/01/17 15:26:38	"GET /uv248fip248inf210/web_architecture_home.html HTTP/1.1"
2418	2024/01/17 15:26:41	"GET /uv248fip248inf210/practice_xml.html HTTP/1.1"
2418	2024/01/17 15:27:24	"GET /uv248fip248inf210/practice_xml.html HTTP/1.1"
2418	2024/01/17 15:34:51	"GET /uv248fip248inf210/index.html HTTP/1.1"
2418	2024/01/17 15:34:54	"GET /uv248fip248inf210/data_home.html HTTP/1.1"
2418	2024/01/17 15:35:52	"GET /uv248fip248inf210/lecture_relational_model.html HTTP/1.1"
2418	2024/02/25 18:38:57	"GET /uv248fip248inf210/project_home.html HTTP/1.1"
2418	2024/02/25 18:38:59	"GET /uv248fip248inf210/project_part3.html HTTP/1.1"
2418	2024/02/25 18:39:08	"GET /uv248fip248inf210/project_part4.html HTTP/1.1"
2418	2024/02/25 18:39:10	"GET /uv248fip248inf210/project_part3.html HTTP/1.1"
2418	2024/02/25 18:40:07	"GET /uv248fip248inf210/project_part2.html HTTP/1.1"
2418	2024/02/25 19:45:28	"GET /uv248fip248inf210/project_part3.html HTTP/1.1"
2418	2024/02/25 19:45:30	"GET /uv248fip248inf210/project_structureui.html HTTP/1.1"
2418	2024/02/25 19:45:32	"GET /uv248fip248inf210/project_part3.html HTTP/1.1"
2418	2024/02/25 19:45:34	"GET /uv248fip248inf210/project_structureui.html HTTP/1.1"
2418	2024/02/25 19:47:42	"GET /uv248fip248inf210/project_part4.html HTTP/1.1"
2418	2024/02/25 19:47:44	"GET /uv248fip248inf210/project_structureui.html HTTP/1.1"
2418	2024/02/25 19:47:49	"GET /uv248fip248inf210/project_structureui.html HTTP/1.1"
2418	2024/02/25 19:48:06	"GET /uv248fip248inf210/project_part3.html HTTP/1.1"
2418	2024/02/25 19:49:10	"GET /uv248fip248inf210/project_structureui.html HTTP/1.1"
2418	2024/02/25 19:56:10	"GET /uv248fip248inf210/project_part2.html HTTP/1.1"
2418	2024/02/25 23:01:54	"GET /uv248fip248inf210/project_part4.html HTTP/1.1"
2418	2024/02/25 23:01:56	"GET /uv248fip248inf210/project_part2.html HTTP/1.1"
2418	2024/02/25 23:01:59	"GET /uv248fip248inf210/project_part3.html HTTP/1.1"
2418	2024/02/23 09:39:40	"GET /uv248fip248inf210/project_home.html HTTP/1.1"
2418	2024/02/23 09:39:43	"GET /uv248fip248inf210/project_part3.html HTTP/1.1"
2418	2024/02/23 09:39:47	"GET /uv248fip248inf210/project_part2.html HTTP/1.1"
2418	2024/02/23 13:04:27	"GET /uv248fip248inf210/project_home.html HTTP/1.1"
2418	2024/02/23 13:04:30	"GET /uv248fip248inf210/project_part2.html HTTP/1.1"
2418	2024/01/19 09:44:15	"GET /uv248fip248inf210/data_home.html HTTP/1.1"
2418	2024/01/19 09:44:24	"GET /uv248fip248inf210/activity_relational_model.html HTTP/1.1"
2418	2024/01/19 10:14:11	"GET /uv248fip248inf210/lecture_modeling_normalization.html HTTP/1.1"
2418	2024/01/19 10:15:09	"GET /uv248fip248inf210/lecture_conceptual_modeling.html HTTP/1.1"
2418	2024/01/19 10:19:03	"GET /uv248fip248inf210/lecture_normalization.html HTTP/1.1"
2418	2024/01/19 10:30:43	"GET /uv248fip248inf210/activity_conceptual_modeling.html HTTP/1.1"
2418	2024/01/19 10:54:54	"GET /uv248fip248inf210/activity_conceptual_modeling_correction.html HTTP/1.1"
2418	2024/01/19 10:55:23	"GET /uv248fip248inf210/activity_normalization.html HTTP/1.1"
2418	2024/01/19 10:57:03	"GET /uv248fip248inf210/lecture_conceptual_modeling.html HTTP/1.1"
2418	2024/01/19 10:57:10	"GET /uv248fip248inf210/lecture_modeling_normalization.html HTTP/1.1"
2418	2024/01/19 10:57:13	"GET /uv248fip248inf210/lecture_normalization.html HTTP/1.1"
2418	2024/01/19 11:02:55	"GET /uv248fip248inf210/activity_decomposition.html HTTP/1.1"
2418	2024/01/19 11:13:30	"GET /uv248fip248inf210/activity_sql.html HTTP/1.1"
2418	2024/01/19 11:15:30	"GET /uv248fip248inf210/practice_sql.html HTTP/1.1"
2418	2024/01/19 11:23:43	"GET /uv248fip248inf210/activity_sql.html HTTP/1.1"
2418	2024/01/19 11:26:21	"GET /uv248fip248inf210/activity_sql.html HTTP/1.1"
2418	2024/01/19 11:34:51	"GET /uv248fip248inf210/lecture_transaction.html HTTP/1.1"
2418	2024/01/19 11:35:49	"GET /uv248fip248inf210/practice_transaction.html HTTP/1.1"
2418	2024/01/19 12:06:40	"GET /uv248fip248inf210/practice_transaction_correction.html HTTP/1.1"
2418	2024/01/11 08:06:33	"GET /uv248fip248inf210/data_home.html HTTP/1.1"
2418	2024/01/11 08:06:39	"GET /uv248fip248inf210/technical_environment_home.html HTTP/1.1"
2418	2024/01/11 08:06:43	"GET /uv248fip248inf210/practice_postgresql.html HTTP/1.1"
2418	2024/01/11 08:06:58	"GET /uv248fip248inf210/documentation_programming.html HTTP/1.1"
2418	2024/01/11 08:07:03	"GET /uv248fip248inf210/practice_spring.html HTTP/1.1"
2418	2024/01/11 08:41:00	"GET /uv248fip248inf210/practice_docker_advanced.html HTTP/1.1"
2418	2024/01/11 08:44:05	"GET /uv248fip248inf210/practice_spring.html HTTP/1.1"
2418	2024/01/11 08:50:06	"GET /uv248fip248inf210/web_architecture_home.html HTTP/1.1"
2418	2024/01/11 08:50:42	"GET /uv248fip248inf210/web_architecture_home.html HTTP/1.1"
2418	2024/01/11 08:51:37	"GET /uv248fip248inf210/web_architecture_home.html HTTP/1.1"
2418	2024/01/11 08:58:24	"GET /uv248fip248inf210/lecture_technical_architecture.html HTTP/1.1"
2418	2024/01/11 09:03:51	"GET /uv248fip248inf210/lecture_software_architecture.html HTTP/1.1"
2418	2024/01/11 09:10:28	"GET /uv248fip248inf210/lecture_mvc_spring.html HTTP/1.1"
2418	2024/01/11 09:52:06	"GET /uv248fip248inf210/lecture_jpa.html HTTP/1.1"
2418	2024/01/11 09:56:53	"GET /uv248fip248inf210/practice_jpa.html HTTP/1.1"
2418	2024/01/11 09:58:59	"GET /uv248fip248inf210/practice_jpa.html HTTP/1.1"
2418	2024/01/11 10:01:39	"GET /uv248fip248inf210/practice_jpa.html HTTP/1.1"
2418	2024/01/11 10:03:52	"GET /uv248fip248inf210/web_architecture_home.html HTTP/1.1"
2418	2024/01/11 10:04:51	"GET /uv248fip248inf210/practice_jpa.html HTTP/1.1"
2418	2024/01/11 10:31:46	"GET /uv248fip248inf210/practice_jpa.html HTTP/1.1"
2418	2024/01/11 10:31:49	"GET /uv248fip248inf210/index.html HTTP/1.1"
2418	2024/01/11 10:31:54	"GET /uv248fip248inf210/technical_environment_home.html HTTP/1.1"
2418	2024/01/11 10:41:31	"GET /uv248fip248inf210/lecture_jpa.html HTTP/1.1"
2418	2024/01/11 10:43:42	"GET /uv248fip248inf210/lecture_jpa.html HTTP/1.1"
2418	2024/01/11 15:23:07	"GET /uv248fip248inf210/web_architecture_home.html HTTP/1.1"
2418	2024/01/11 15:23:11	"GET /uv248fip248inf210/practice_jpa.html HTTP/1.1"
2418	2024/01/11 16:13:55	"GET /uv248fip248inf210/practice_spring_2tiers.html HTTP/1.1"
2418	2024/02/21 14:18:35	"GET /uv248fip248inf210/project_home.html HTTP/1.1"
2418	2024/02/21 15:07:43	"GET /uv248fip248inf210/project_part1.html HTTP/1.1"
2418	2024/02/21 15:25:08	"GET /uv248fip248inf210/project_part2.html HTTP/1.1"
2418	2024/02/21 15:25:12	"GET /uv248fip248inf210/project_part2.html HTTP/1.1"
2418	2024/02/21 15:25:23	"GET /uv248fip248inf210/project_part2.html HTTP/1.1"
2418	2024/02/21 15:25:41	"GET /uv248fip248inf210/project_part3.html HTTP/1.1"
2418	2024/02/21 15:25:44	"GET /uv248fip248inf210/project_structureui.html HTTP/1.1"
2418	2024/02/21 15:25:53	"GET /uv248fip248inf210/project_part4.html HTTP/1.1"
2418	2024/02/21 15:26:00	"GET /uv248fip248inf210/project_structureui.html HTTP/1.1"
2418	2024/02/21 15:26:05	"GET /uv248fip248inf210/project_part2.html HTTP/1.1"
2418	2024/02/21 15:26:54	"GET /uv248fip248inf210/project_part2.html HTTP/1.1"
2418	2024/02/21 15:26:58	"GET /uv248fip248inf210/project_part1.html HTTP/1.1"
2418	2024/02/21 15:27:04	"GET /uv248fip248inf210/project_part2.html HTTP/1.1"
2418	2024/02/21 15:27:07	"GET /uv248fip248inf210/project_part.html HTTP/1.1"
2418	2024/02/21 15:27:13	"GET /uv248fip248inf210/project_part2.html HTTP/1.1"
2418	2024/02/21 15:27:18	"GET /uv248fip248inf210/project_part0.html HTTP/1.1"
2418	2024/02/21 15:27:26	"GET /uv248fip248inf210/project_part2.html HTTP/1.1"
2418	2024/02/21 15:27:41	"GET /uv248fip248inf210/project_part3.html HTTP/1.1"
2418	2024/02/21 15:29:27	"GET /uv248fip248inf210/project_home.html HTTP/1.1"
2418	2024/02/21 15:29:30	"GET /uv248fip248inf210/project_part2.html HTTP/1.1"
2418	2024/02/21 15:29:35	"GET /uv248fip248inf210/project_part3.html HTTP/1.1"
2418	2024/02/21 15:38:20	"GET /uv248fip248inf210/index.html HTTP/1.1"
2418	2024/02/21 15:40:29	"GET /uv248fip248inf210/project_home.html HTTP/1.1"
2418	2024/02/21 15:40:34	"GET /uv248fip248inf210/project_part2.html HTTP/1.1"
2418	2024/02/21 15:40:38	"GET /uv248fip248inf210/project_part2.html HTTP/1.1"
2418	2024/02/21 15:40:49	"GET /uv248fip248inf210/project_part1.html HTTP/1.1"
2418	2024/02/21 15:57:04	"GET /uv248fip248inf210/project_part2.html HTTP/1.1"
2418	2024/02/21 15:58:21	"GET /uv248fip248inf210/project_part1.html HTTP/1.1"
2418	2024/02/21 15:58:24	"GET /uv248fip248inf210/project_part2.html HTTP/1.1"
2418	2024/02/21 15:58:27	"GET /uv248fip248inf210/project_part3.html HTTP/1.1"
2418	2024/02/21 15:58:32	"GET /uv248fip248inf210/project_part4.html HTTP/1.1"
2418	2024/02/21 15:58:43	"GET /uv248fip248inf210/project_part2.html HTTP/1.1"
2418	2024/02/21 16:16:55	"GET /uv248fip248inf210/project_home.html HTTP/1.1"
2418	2024/02/21 16:16:57	"GET /uv248fip248inf210/project_part3.html HTTP/1.1"
2418	2024/02/21 16:30:19	"GET /uv248fip248inf210/project_home.html HTTP/1.1"
2418	2024/02/21 16:30:21	"GET /uv248fip248inf210/project_part3.html HTTP/1.1"
2418	2024/02/21 17:03:22	"GET /uv248fip248inf210/project_part3.html HTTP/1.1"
2418	2024/02/21 17:03:27	"GET /uv248fip248inf210/project_part2.html HTTP/1.1"
2418	2024/02/21 19:40:22	"GET /uv248fip248inf210/project_part3.html HTTP/1.1"
2418	2024/02/21 19:40:31	"GET /uv248fip248inf210/project_part4.html HTTP/1.1"
2418	2024/02/29 17:58:27	"GET /uv248fip248inf210/project_home.html HTTP/1.1"
2418	2024/02/29 17:58:30	"GET /uv248fip248inf210/project_specifications.html HTTP/1.1"
2418	2024/01/13 13:03:47	"GET /uv248fip248inf210/technical_environment_home.html HTTP/1.1"
2418	2024/01/13 13:03:58	"GET /uv248fip248inf210/web_architecture_home.html HTTP/1.1"
2418	2024/01/13 13:04:07	"GET /uv248fip248inf210/lecture_mvc_spring.html HTTP/1.1"
2418	2024/01/09 10:26:13	"GET /uv248fip248inf210/technical_environment_home.html HTTP/1.1"
2418	2024/01/09 11:12:40	"GET /uv248fip248inf210/technical_environment_home.html HTTP/1.1"
2418	2024/01/09 11:17:07	"GET /uv248fip248inf210/documentation_docker.html HTTP/1.1"
2418	2024/01/09 11:26:54	"GET /uv248fip248inf210/practice_docker.html HTTP/1.1"
2418	2024/01/09 11:38:39	"GET /uv248fip248inf210/documentation_docker.html HTTP/1.1"
2418	2024/01/09 11:38:45	"GET /uv248fip248inf210/practice_docker.html HTTP/1.1"
2418	2024/01/09 11:59:18	"GET /uv248fip248inf210/practice_postgresql.html HTTP/1.1"
2418	2024/01/09 12:02:56	"GET /uv248fip248inf210/practice_docker.html HTTP/1.1"
2418	2024/01/09 12:03:00	"GET /uv248fip248inf210/practice_docker.html HTTP/1.1"
2418	2024/01/09 13:56:29	"GET /uv248fip248inf210/web_architecture_home.html HTTP/1.1"
2418	2024/01/09 13:56:36	"GET /uv248fip248inf210/technical_environment_home.html HTTP/1.1"
2418	2024/01/09 13:56:45	"GET /uv248fip248inf210/practice_docker.html HTTP/1.1"
2418	2024/01/09 13:57:01	"GET /uv248fip248inf210/practice_docker_advanced.html HTTP/1.1"
2418	2024/01/09 13:58:30	"GET /uv248fip248inf210/practice_postgresql.html HTTP/1.1"
2418	2024/01/09 14:09:00	"GET /uv248fip248inf210/documentation_programming.html HTTP/1.1"
2418	2024/01/09 14:12:15	"GET /uv248fip248inf210/inversion_of_control.html HTTP/1.1"
2418	2024/01/09 14:13:15	"GET /uv248fip248inf210/spring_bean.html HTTP/1.1"
2418	2024/01/09 14:13:24	"GET /uv248fip248inf210/practice_spring.html HTTP/1.1"
2418	2024/01/09 15:56:17	"GET /uv248fip248inf210/practice_spring.html HTTP/1.1"
2418	2024/01/09 15:56:25	"GET /uv248fip248inf210/technical_environment_home.html HTTP/1.1"
2418	2024/02/26 08:54:17	"GET /uv248fip248inf210/project_home.html HTTP/1.1"
2418	2024/02/26 08:54:23	"GET /uv248fip248inf210/project_part4.html HTTP/1.1"
2418	2024/02/26 08:54:25	"GET /uv248fip248inf210/project_home.html HTTP/1.1"
2418	2024/02/26 08:54:27	"GET /uv248fip248inf210/project_part3.html HTTP/1.1"
2418	2024/02/26 08:54:30	"GET /uv248fip248inf210/project_part2.html HTTP/1.1"
2418	2024/02/26 09:04:49	"GET /uv248fip248inf210/project_part3.html HTTP/1.1"
2418	2024/02/26 11:31:54	"GET /uv248fip248inf210/project_structureui.html HTTP/1.1"
2418	2024/02/27 00:47:19	"GET /uv248fip248inf210/project_home.html HTTP/1.1"
2418	2024/01/15 09:33:51	"GET /uv248fip248inf210/web_architecture_home.html HTTP/1.1"
2418	2024/01/15 09:33:54	"GET /uv248fip248inf210/practice_spring_2tiers.html HTTP/1.1"
2418	2024/01/15 09:34:07	"GET /uv248fip248inf210/practice_spring_2tiers_ext.html HTTP/1.1"
2418	2024/02/27 14:13:03	"GET /uv248fip248inf210/project_part3.html HTTP/1.1"
2418	2024/02/27 14:13:08	"GET /uv248fip248inf210/project_part4.html HTTP/1.1"
2418	2024/02/27 14:13:10	"GET /uv248fip248inf210/project_part3.html HTTP/1.1"
2418	2024/02/27 14:15:47	"GET /uv248fip248inf210/project_part3.html HTTP/1.1"
2418	2024/02/28 09:36:33	"GET /uv248fip248inf210/project_home.html HTTP/1.1"
2418	2024/02/28 09:36:37	"GET /uv248fip248inf210/project_part4.html HTTP/1.1"
2418	2024/02/28 09:36:40	"GET /uv248fip248inf210/project_home.html HTTP/1.1"
2418	2024/02/28 09:36:43	"GET /uv248fip248inf210/project_part3.html HTTP/1.1"
2418	2024/02/28 10:15:40	"GET /uv248fip248inf210/project_presentation.html HTTP/1.1"
2418	2024/02/28 10:59:15	"GET /uv248fip248inf210/project_part2.html HTTP/1.1"
2418	2024/02/28 15:14:41	"GET /uv248fip248inf210/project_specifications.html HTTP/1.1"
2418	2024/02/28 15:59:14	"GET /uv248fip248inf210/project_structureui.html HTTP/1.1"
2418	2024/02/28 15:59:19	"GET /uv248fip248inf210/project_structureui.html HTTP/1.1"
2418	2024/02/28 15:59:24	"GET /uv248fip248inf210/project_structureui.html HTTP/1.1"
2418	2024/02/28 15:59:28	"GET /uv248fip248inf210/project_specifications.html HTTP/1.1"
2418	2024/02/28 15:59:36	"GET /uv248fip248inf210/project_specifications.html HTTP/1.1"
2418	2024/02/28 23:24:44	"GET /uv248fip248inf210/project_home.html HTTP/1.1"
2418	2024/02/28 23:24:48	"GET /uv248fip248inf210/project_specifications.html HTTP/1.1"
2418	2024/01/12 13:48:06	"GET /uv248fip248inf210/web_architecture_home.html HTTP/1.1"
2418	2024/01/12 13:48:11	"GET /uv248fip248inf210/practice_spring_2tiers.html HTTP/1.1"
2418	2024/01/12 14:16:49	"GET /uv248fip248inf210/practice_jpa.html HTTP/1.1"
2418	2024/01/12 16:18:19	"GET /uv248fip248inf210/practice_spring_2tiers_ext.html HTTP/1.1"
