2419	2024/02/06 15:50:55	"GET /uv248fip248inf210/data_home.html HTTP/1.1"
2419	2024/02/06 15:51:02	"GET /uv248fip248inf210/lecture_relational_model.html HTTP/1.1"
2419	2024/02/06 15:51:12	"GET /uv248fip248inf210/technical_environment_home.html HTTP/1.1"
2419	2024/02/06 15:51:19	"GET /uv248fip248inf210/practice_sql.html HTTP/1.1"
2419	2024/02/06 15:52:16	"GET /uv248fip248inf210/web_architecture_home.html HTTP/1.1"
2419	2024/02/06 15:52:18	"GET /uv248fip248inf210/lecture_jpa.html HTTP/1.1"
2419	2024/03/11 09:36:56	"GET /uv248fip248inf210/technical_environment_home.html HTTP/1.1"
2419	2024/03/11 09:37:01	"GET /uv248fip248inf210/practice_postgresql.html HTTP/1.1"
2419	2024/03/11 09:37:07	"GET /uv248fip248inf210/documentation_si.html HTTP/1.1"
2419	2024/03/11 09:38:08	"GET /uv248fip248inf210/documentation_rdbms.html HTTP/1.1"
2419	2024/03/11 09:49:02	"GET /uv248fip248inf210/data_home.html HTTP/1.1"
2419	2024/03/11 09:49:06	"GET /uv248fip248inf210/lecture_modeling_normalization.html HTTP/1.1"
2419	2024/03/11 09:49:13	"GET /uv248fip248inf210/lecture_normalization.html HTTP/1.1"
2419	2024/03/11 10:03:55	"GET /uv248fip248inf210/index.html HTTP/1.1"
2419	2024/03/11 10:04:00	"GET /uv248fip248inf210/project_home.html HTTP/1.1"
2419	2024/03/11 10:04:04	"GET /uv248fip248inf210/project_evaluation.html HTTP/1.1"
2419	2024/03/11 13:25:52	"GET /uv248fip248inf210/project_home.html HTTP/1.1"
2419	2024/03/06 09:38:48	"GET /uv248fip248inf210/data_home.html HTTP/1.1"
2419	2024/03/06 09:38:52	"GET /uv248fip248inf210/project_home.html HTTP/1.1"
2419	2024/03/06 09:38:56	"GET /uv248fip248inf210/project_part4.html HTTP/1.1"
2419	2024/03/06 09:39:02	"GET /uv248fip248inf210/project_part3.html HTTP/1.1"
2419	2024/03/06 09:58:44	"GET /uv248fip248inf210/project_structureui.html HTTP/1.1"
2419	2024/02/05 14:10:24	"GET /uv248fip248inf210/technical_environment_home.html HTTP/1.1"
2419	2024/02/05 14:11:39	"GET /uv248fip248inf210/documentation_docker.html HTTP/1.1"
2419	2024/02/05 14:12:34	"GET /uv248fip248inf210/practice_docker.html HTTP/1.1"
2419	2024/02/05 14:13:22	"GET /uv248fip248inf210/practice_docker_advanced.html HTTP/1.1"
2419	2024/02/05 14:13:36	"GET /uv248fip248inf210/documentation_si.html HTTP/1.1"
2419	2024/02/05 14:13:56	"GET /uv248fip248inf210/documentation_rdbms.html HTTP/1.1"
2419	2024/02/05 14:14:04	"GET /uv248fip248inf210/practice_postgresql.html HTTP/1.1"
2419	2024/02/05 14:14:54	"GET /uv248fip248inf210/documentation_programming.html HTTP/1.1"
2419	2024/02/05 14:15:13	"GET /uv248fip248inf210/inversion_of_control.html HTTP/1.1"
2419	2024/02/05 14:15:22	"GET /uv248fip248inf210/spring_bean.html HTTP/1.1"
2419	2024/02/05 14:15:29	"GET /uv248fip248inf210/practice_spring.html HTTP/1.1"
2419	2024/01/22 13:51:00	"GET /uv248fip248inf210/data_home.html HTTP/1.1"
2419	2024/01/22 13:51:04	"GET /uv248fip248inf210/lecture_transaction.html HTTP/1.1"
2419	2024/01/22 13:51:36	"GET /uv248fip248inf210/practice_transaction.html HTTP/1.1"
2419	2024/01/22 14:17:12	"GET /uv248fip248inf210/index.html HTTP/1.1"
2419	2024/01/22 14:17:15	"GET /uv248fip248inf210/web_architecture_home.html HTTP/1.1"
2419	2024/01/22 14:17:26	"GET /uv248fip248inf210/lecture_mvc_spring.html HTTP/1.1"
2419	2024/01/22 14:56:55	"GET /uv248fip248inf210/lecture_jpa.html HTTP/1.1"
2419	2024/01/22 14:57:34	"GET /uv248fip248inf210/practice_jpa.html HTTP/1.1"
2419	2024/03/07 17:30:13	"GET /uv248fip248inf210/project_specifications.html HTTP/1.1"
2419	2024/02/22 13:53:52	"GET /uv248fip248inf210/technical_environment_home.html HTTP/1.1"
2419	2024/02/22 13:53:58	"GET /uv248fip248inf210/practice_docker.html HTTP/1.1"
2419	2024/02/22 13:55:28	"GET /uv248fip248inf210/practice_postgresql.html HTTP/1.1"
2419	2024/02/22 13:56:48	"GET /uv248fip248inf210/index.html HTTP/1.1"
2419	2024/02/22 13:56:53	"GET /uv248fip248inf210/project_home.html HTTP/1.1"
2419	2024/02/22 14:08:37	"GET /uv248fip248inf210/project_part1.html HTTP/1.1"
2419	2024/02/22 14:12:23	"GET /uv248fip248inf210/project_task_time.html HTTP/1.1"
2419	2024/02/22 14:12:39	"GET /uv248fip248inf210/project_specifications.html HTTP/1.1"
2419	2024/01/17 13:53:55	"GET /uv248fip248inf210/data_home.html HTTP/1.1"
2419	2024/01/19 10:05:42	"GET /uv248fip248inf210/data_home.html HTTP/1.1"
2419	2024/01/19 10:05:45	"GET /uv248fip248inf210/activity_sql.html HTTP/1.1"
2419	2024/01/19 10:06:22	"GET /uv248fip248inf210/index.html HTTP/1.1"
2419	2024/01/19 10:06:25	"GET /uv248fip248inf210/web_architecture_home.html HTTP/1.1"
2419	2024/01/19 10:06:28	"GET /uv248fip248inf210/lecture_technical_architecture.html HTTP/1.1"
2419	2024/01/19 11:19:57	"GET /uv248fip248inf210/lecture_software_architecture.html HTTP/1.1"
2419	2024/01/19 11:53:38	"GET /uv248fip248inf210/lecture_jpa.html HTTP/1.1"
2419	2024/01/11 09:36:39	"GET /uv248fip248inf210/technical_environment_home.html HTTP/1.1"
2419	2024/01/11 09:36:49	"GET /uv248fip248inf210/documentation_docker.html HTTP/1.1"
2419	2024/01/11 09:50:57	"GET /uv248fip248inf210/practice_docker.html HTTP/1.1"
2419	2024/01/11 10:21:42	"GET /uv248fip248inf210/practice_docker.html HTTP/1.1"
2419	2024/01/11 15:35:49	"GET /uv248fip248inf210/technical_environment_home.html HTTP/1.1"
2419	2024/01/11 15:35:58	"GET /uv248fip248inf210/practice_docker.html HTTP/1.1"
2419	2024/01/11 15:59:09	"GET /uv248fip248inf210/practice_docker_advanced.html HTTP/1.1"
2419	2024/01/11 15:59:21	"GET /uv248fip248inf210/documentation_programming.html HTTP/1.1"
2419	2024/01/11 15:59:26	"GET /uv248fip248inf210/inversion_of_control.html HTTP/1.1"
2419	2024/01/11 15:59:28	"GET /uv248fip248inf210/practice_spring.html HTTP/1.1"
2419	2024/02/21 13:53:09	"GET /uv248fip248inf210/project_home.html HTTP/1.1"
2419	2024/02/21 13:53:12	"GET /uv248fip248inf210/project_part1.html HTTP/1.1"
2419	2024/01/09 10:25:35	"GET /uv248fip248inf210/technical_environment_home.html HTTP/1.1"
2419	2024/01/09 10:57:49	"GET /uv248fip248inf210/documentation_docker.html HTTP/1.1"
2419	2024/01/09 10:57:52	"GET /uv248fip248inf210/documentation_docker.html HTTP/1.1"
2419	2024/01/09 11:44:33	"GET /uv248fip248inf210/documentation_si.html HTTP/1.1"
2419	2024/01/15 09:42:35	"GET /uv248fip248inf210/data_home.html HTTP/1.1"
2419	2024/01/15 09:42:38	"GET /uv248fip248inf210/activity_sql.html HTTP/1.1"
2419	2024/01/15 10:21:29	"GET /uv248fip248inf210/practice_sql.html HTTP/1.1"
2419	2024/01/15 10:21:33	"GET /uv248fip248inf210/activity_sql.html HTTP/1.1"
2419	2024/02/28 10:13:33	"GET /uv248fip248inf210/project_home.html HTTP/1.1"
2419	2024/02/28 10:13:36	"GET /uv248fip248inf210/project_part2.html HTTP/1.1"
2419	2024/01/12 13:48:19	"GET /uv248fip248inf210/technical_environment_home.html HTTP/1.1"
2419	2024/01/12 13:48:29	"GET /uv248fip248inf210/practice_spring.html HTTP/1.1"
2419	2024/01/12 14:08:21	"GET /uv248fip248inf210/index.html HTTP/1.1"
2419	2024/01/12 14:08:26	"GET /uv248fip248inf210/data_home.html HTTP/1.1"
2419	2024/01/12 14:08:33	"GET /uv248fip248inf210/activity_relational_model.html HTTP/1.1"
2419	2024/01/12 14:26:07	"GET /uv248fip248inf210/lecture_modeling_normalization.html HTTP/1.1"
2419	2024/01/12 14:27:35	"GET /uv248fip248inf210/lecture_conceptual_modeling.html HTTP/1.1"
2419	2024/01/12 14:28:11	"GET /uv248fip248inf210/lecture_normalization.html HTTP/1.1"
2419	2024/01/12 14:28:15	"GET /uv248fip248inf210/activity_conceptual_modeling.html HTTP/1.1"
