2420	2024/01/29 09:55:32	"GET /uv248fip248inf210/data_home.html HTTP/1.1"
2420	2024/01/29 09:55:39	"GET /uv248fip248inf210/activity_sql.html HTTP/1.1"
2420	2024/01/29 09:55:41	"GET /uv248fip248inf210/practice_sql.html HTTP/1.1"
2420	2024/01/29 11:12:05	"GET /uv248fip248inf210/lecture_conceptual_modeling.html HTTP/1.1"
2420	2024/01/29 11:33:17	"GET /uv248fip248inf210/lecture_normalization.html HTTP/1.1"
2420	2024/02/13 08:14:31	"GET /uv248fip248inf210/data_home.html HTTP/1.1"
2420	2024/02/13 08:14:33	"GET /uv248fip248inf210/technical_environment_home.html HTTP/1.1"
2420	2024/02/13 08:14:38	"GET /uv248fip248inf210/web_architecture_home.html HTTP/1.1"
2420	2024/02/13 08:14:41	"GET /uv248fip248inf210/practice_jpa_advanced.html HTTP/1.1"
2420	2024/02/06 14:26:33	"GET /uv248fip248inf210/practice_spring_2tiers_ext.html HTTP/1.1"
2420	2024/02/06 14:29:33	"GET /uv248fip248inf210/practice_jpa_advanced.html HTTP/1.1"
2420	2024/03/11 13:43:57	"GET /uv248fip248inf210/data_home.html HTTP/1.1"
2420	2024/03/11 13:44:03	"GET /uv248fip248inf210/lecture_normalization.html HTTP/1.1"
2420	2024/03/04 09:34:41	"GET /uv248fip248inf210/data_home.html HTTP/1.1"
2420	2024/03/04 09:34:43	"GET /uv248fip248inf210/project_home.html HTTP/1.1"
2420	2024/03/04 09:34:55	"GET /uv248fip248inf210/project_specifications.html HTTP/1.1"
2420	2024/01/30 15:29:38	"GET /uv248fip248inf210/web_architecture_home.html HTTP/1.1"
2420	2024/01/30 15:29:52	"GET /uv248fip248inf210/activity_conceptual_modeling.html HTTP/1.1"
2420	2024/03/06 09:34:09	"GET /uv248fip248inf210/project_home.html HTTP/1.1"
2420	2024/03/06 09:34:18	"GET /uv248fip248inf210/project_specifications.html HTTP/1.1"
2420	2024/03/06 10:43:13	"GET /uv248fip248inf210/project_structureui.html HTTP/1.1"
2420	2024/03/06 10:43:20	"GET /uv248fip248inf210/project_part3.html HTTP/1.1"
2420	2024/02/05 14:34:12	"GET /uv248fip248inf210/activity_sql.html HTTP/1.1"
2420	2024/01/22 14:29:47	"GET /uv248fip248inf210/data_home.html HTTP/1.1"
2420	2024/01/22 14:29:51	"GET /uv248fip248inf210/activity_decomposition.html HTTP/1.1"
2420	2024/01/22 14:29:57	"GET /uv248fip248inf210/activity_sql.html HTTP/1.1"
2420	2024/01/22 14:31:59	"GET /uv248fip248inf210/index.html HTTP/1.1"
2420	2024/01/22 14:32:03	"GET /uv248fip248inf210/images/data/prerequisite_data/prerequisite_data.html HTTP/1.1"
2420	2024/01/22 14:52:18	"GET /uv248fip248inf210/practice_sql.html HTTP/1.1"
2420	2024/02/19 09:36:51	"GET /uv248fip248inf210/web_architecture_home.html HTTP/1.1"
2420	2024/02/19 09:37:10	"GET /uv248fip248inf210/data_home.html HTTP/1.1"
2420	2024/02/19 09:37:17	"GET /uv248fip248inf210/project_home.html HTTP/1.1"
2420	2024/02/19 09:37:24	"GET /uv248fip248inf210/project_specifications.html HTTP/1.1"
2420	2024/02/19 09:39:14	"GET /uv248fip248inf210/project_task_time.html HTTP/1.1"
2420	2024/02/19 09:39:49	"GET /uv248fip248inf210/project_presentation.html HTTP/1.1"
2420	2024/02/19 09:39:51	"GET /uv248fip248inf210/project_evaluation.html HTTP/1.1"
2420	2024/02/19 09:42:27	"GET /uv248fip248inf210/project_part1.html HTTP/1.1"
2420	2024/02/19 11:24:44	"GET /uv248fip248inf210/practice_spring_2tiers_ext.html HTTP/1.1"
2420	2024/02/04 13:39:28	"GET /uv248fip248inf210/lecture_conceptual_modeling.html HTTP/1.1"
2420	2024/02/04 15:02:14	"GET /uv248fip248inf210/activity_conceptual_modeling.html HTTP/1.1"
2420	2024/02/04 15:02:26	"GET /uv248fip248inf210/activity_conceptual_modeling_correction.html HTTP/1.1"
2420	2024/02/04 15:04:03	"GET /uv248fip248inf210/activity_conceptual_modeling_advanced.html HTTP/1.1"
2420	2024/02/04 15:04:05	"GET /uv248fip248inf210/activity_conceptual_modeling_advanced_correction.html HTTP/1.1"
2420	2024/02/04 15:04:22	"GET /uv248fip248inf210/activity_normalization_correction.html HTTP/1.1"
2420	2024/02/04 17:38:08	"GET /uv248fip248inf210/activity_decomposition.html HTTP/1.1"
2420	2024/02/04 17:38:14	"GET /uv248fip248inf210/activity_decomposition_correction.html HTTP/1.1"
2420	2024/02/04 17:39:39	"GET /uv248fip248inf210/practice_independence_views.html HTTP/1.1"
2420	2024/02/04 17:39:42	"GET /uv248fip248inf210/practice_sql.html HTTP/1.1"
2420	2024/02/04 17:39:45	"GET /uv248fip248inf210/practice_sql_correction.html HTTP/1.1"
2420	2024/02/04 17:46:33	"GET /uv248fip248inf210/lecture_transaction.html HTTP/1.1"
2420	2024/02/04 20:37:36	"GET /uv248fip248inf210/lecture_normalization.html HTTP/1.1"
2420	2024/02/04 20:37:45	"GET /uv248fip248inf210/lecture_conceptual_modeling.html HTTP/1.1"
2420	2024/02/04 20:37:48	"GET /uv248fip248inf210/lecture_independence_views.html HTTP/1.1"
2420	2024/02/04 20:38:57	"GET /uv248fip248inf210/index.html HTTP/1.1"
2420	2024/02/04 20:38:59	"GET /uv248fip248inf210/web_architecture_home.html HTTP/1.1"
2420	2024/02/04 20:39:04	"GET /uv248fip248inf210/lecture_technical_architecture.html HTTP/1.1"
2420	2024/02/04 20:39:26	"GET /uv248fip248inf210/lecture_software_architecture.html HTTP/1.1"
2420	2024/02/04 20:39:39	"GET /uv248fip248inf210/lecture_mvc_spring.html HTTP/1.1"
2420	2024/02/04 20:40:22	"GET /uv248fip248inf210/lecture_jpa.html HTTP/1.1"
2420	2024/02/04 20:41:11	"GET /uv248fip248inf210/practice_jpa.html HTTP/1.1"
2420	2024/02/04 20:41:28	"GET /uv248fip248inf210/lecture_xml.html HTTP/1.1"
2420	2024/02/04 20:41:36	"GET /uv248fip248inf210/lecture_json.html HTTP/1.1"
2420	2024/03/07 09:51:31	"GET /uv248fip248inf210/project_home.html HTTP/1.1"
2420	2024/03/07 09:51:53	"GET /uv248fip248inf210/project_evaluation.html HTTP/1.1"
2420	2024/03/07 09:51:57	"GET /uv248fip248inf210/project_specifications.html HTTP/1.1"
2420	2024/03/07 11:27:44	"GET /uv248fip248inf210/project_part3.html HTTP/1.1"
2420	2024/03/07 11:27:49	"GET /uv248fip248inf210/project_structureui.html HTTP/1.1"
2420	2024/02/03 21:47:26	"GET /uv248fip248inf210/data_home.html HTTP/1.1"
2420	2024/02/03 21:47:31	"GET /uv248fip248inf210/activity_normalization.html HTTP/1.1"
2420	2024/02/03 21:47:43	"GET /uv248fip248inf210/lecture_normalization.html HTTP/1.1"
2420	2024/01/17 09:33:24	"GET /uv248fip248inf210/web_architecture_home.html HTTP/1.1"
2420	2024/01/17 09:33:28	"GET /uv248fip248inf210/practice_spring_2tiers.html HTTP/1.1"
2420	2024/01/17 11:10:27	"GET /uv248fip248inf210/lecture_dto.html HTTP/1.1"
2420	2024/01/17 11:21:47	"GET /uv248fip248inf210/lecture_xml.html HTTP/1.1"
2420	2024/01/17 11:22:20	"GET /uv248fip248inf210/practice_xml.html HTTP/1.1"
2420	2024/01/17 11:40:30	"GET /uv248fip248inf210/lecture_json.html HTTP/1.1"
2420	2024/01/17 11:41:03	"GET /uv248fip248inf210/practice_json.html HTTP/1.1"
2420	2024/01/17 11:52:10	"GET /uv248fip248inf210/index.html HTTP/1.1"
2420	2024/01/17 11:52:14	"GET /uv248fip248inf210/data_home.html HTTP/1.1"
2420	2024/01/19 09:35:08	"GET /uv248fip248inf210/technical_environment_home.html HTTP/1.1"
2420	2024/01/19 09:35:27	"GET /uv248fip248inf210/practice_postgresql.html HTTP/1.1"
2420	2024/01/19 09:35:33	"GET /uv248fip248inf210/index.html HTTP/1.1"
2420	2024/01/19 09:35:35	"GET /uv248fip248inf210/data_home.html HTTP/1.1"
2420	2024/01/19 09:35:38	"GET /uv248fip248inf210/lecture_relational_model.html HTTP/1.1"
2420	2024/01/19 09:45:56	"GET /uv248fip248inf210/lecture_db_integrity.html HTTP/1.1"
2420	2024/01/19 09:55:40	"GET /uv248fip248inf210/activity_relational_model.html HTTP/1.1"
2420	2024/01/19 10:01:29	"GET /uv248fip248inf210/lecture_modeling_normalization.html HTTP/1.1"
2420	2024/01/19 10:13:54	"GET /uv248fip248inf210/lecture_conceptual_modeling.html HTTP/1.1"
2420	2024/01/19 10:29:13	"GET /uv248fip248inf210/lecture_normalization.html HTTP/1.1"
2420	2024/01/19 10:37:57	"GET /uv248fip248inf210/activity_conceptual_modeling.html HTTP/1.1"
2420	2024/01/19 10:39:06	"GET /uv248fip248inf210/activity_conceptual_modeling_correction.html HTTP/1.1"
2420	2024/01/19 10:39:57	"GET /uv248fip248inf210/activity_normalization.html HTTP/1.1"
2420	2024/01/19 13:48:50	"GET /uv248fip248inf210/practice_spring_2tiers.html HTTP/1.1"
2420	2024/01/11 08:04:36	"GET /uv248fip248inf210/technical_environment_home.html HTTP/1.1"
2420	2024/01/11 08:04:39	"GET /uv248fip248inf210/practice_docker.html HTTP/1.1"
2420	2024/01/11 08:35:58	"GET /uv248fip248inf210/practice_docker_advanced.html HTTP/1.1"
2420	2024/01/11 08:56:23	"GET /uv248fip248inf210/practice_postgresql.html HTTP/1.1"
2420	2024/01/11 15:27:47	"GET /uv248fip248inf210/web_architecture_home.html HTTP/1.1"
2420	2024/01/11 15:31:25	"GET /uv248fip248inf210/lecture_technical_architecture.html HTTP/1.1"
2420	2024/01/11 15:36:33	"GET /uv248fip248inf210/lecture_software_architecture.html HTTP/1.1"
2420	2024/01/11 15:43:45	"GET /uv248fip248inf210/lecture_mvc_spring.html HTTP/1.1"
2420	2024/01/11 15:51:19	"GET /uv248fip248inf210/lecture_jpa.html HTTP/1.1"
2420	2024/01/11 15:59:12	"GET /uv248fip248inf210/practice_jpa.html HTTP/1.1"
2420	2024/02/21 13:49:02	"GET /uv248fip248inf210/project_home.html HTTP/1.1"
2420	2024/02/21 13:49:06	"GET /uv248fip248inf210/project_task_time.html HTTP/1.1"
2420	2024/02/21 13:49:11	"GET /uv248fip248inf210/project_specifications.html HTTP/1.1"
2420	2024/02/21 13:50:18	"GET /uv248fip248inf210/project_part1.html HTTP/1.1"
2420	2024/02/21 14:33:53	"GET /uv248fip248inf210/project_specifications.html HTTP/1.1"
2420	2024/02/21 14:33:58	"GET /uv248fip248inf210/project_task_time.html HTTP/1.1"
2420	2024/02/29 09:45:43	"GET /uv248fip248inf210/technical_environment_home.html HTTP/1.1"
2420	2024/02/29 09:45:54	"GET /uv248fip248inf210/documentation_programming.html HTTP/1.1"
2420	2024/02/29 09:46:01	"GET /uv248fip248inf210/practice_spring.html HTTP/1.1"
2420	2024/02/29 09:47:14	"GET /uv248fip248inf210/practice_docker.html HTTP/1.1"
2420	2024/02/29 09:59:24	"GET /uv248fip248inf210/documentation_docker.html HTTP/1.1"
2420	2024/02/29 10:10:57	"GET /uv248fip248inf210/practice_postgresql.html HTTP/1.1"
2420	2024/01/09 10:25:04	"GET /uv248fip248inf210/technical_environment_home.html HTTP/1.1"
2420	2024/01/09 10:29:27	"GET /uv248fip248inf210/images/technical_environment/prerequisite_techenv/prerequisite_techenv.html HTTP/1.1"
2420	2024/01/09 10:30:16	"GET /uv248fip248inf210/images/technical_environment/prerequisite_techenv/prerequisite_techenv.html HTTP/1.1"
2420	2024/01/09 10:30:26	"GET /uv248fip248inf210/documentation_docker.html HTTP/1.1"
2420	2024/01/09 10:51:30	"GET /uv248fip248inf210/documentation_programming.html HTTP/1.1"
2420	2024/01/09 10:54:53	"GET /uv248fip248inf210/practice_spring.html HTTP/1.1"
2420	2024/01/09 12:02:07	"GET /uv248fip248inf210/practice_docker.html HTTP/1.1"
2420	2024/02/26 09:34:02	"GET /uv248fip248inf210/technical_environment_home.html HTTP/1.1"
2420	2024/02/26 09:34:12	"GET /uv248fip248inf210/index.html HTTP/1.1"
2420	2024/02/26 09:34:15	"GET /uv248fip248inf210/project_home.html HTTP/1.1"
2420	2024/02/26 09:34:17	"GET /uv248fip248inf210/project_part2.html HTTP/1.1"
2420	2024/02/26 09:34:51	"GET /uv248fip248inf210/project_part1.html HTTP/1.1"
2420	2024/02/26 09:40:37	"GET /uv248fip248inf210/project_part1.html HTTP/1.1"
2420	2024/02/26 09:48:09	"GET /uv248fip248inf210/project_part2.html HTTP/1.1"
2420	2024/02/26 10:15:14	"GET /uv248fip248inf210/project_home.html HTTP/1.1"
2420	2024/02/26 10:15:17	"GET /uv248fip248inf210/project_part2.html HTTP/1.1"
2420	2024/02/26 11:47:31	"GET /uv248fip248inf210/project_part2.html HTTP/1.1"
2420	2024/01/15 09:39:36	"GET /uv248fip248inf210/web_architecture_home.html HTTP/1.1"
2420	2024/01/15 09:39:41	"GET /uv248fip248inf210/practice_spring_2tiers.html HTTP/1.1"
2420	2024/02/28 13:50:05	"GET /uv248fip248inf210/project_home.html HTTP/1.1"
2420	2024/02/28 13:50:07	"GET /uv248fip248inf210/project_part2.html HTTP/1.1"
2420	2024/02/28 14:08:32	"GET /uv248fip248inf210/project_part2.html HTTP/1.1"
2420	2024/02/28 14:24:45	"GET /uv248fip248inf210/project_part3.html HTTP/1.1"
2420	2024/02/28 14:53:34	"GET /uv248fip248inf210/project_specifications.html HTTP/1.1"
2420	2024/02/28 16:52:34	"GET /uv248fip248inf210/web_architecture_home.html HTTP/1.1"
2420	2024/02/28 16:52:36	"GET /uv248fip248inf210/lecture_technical_architecture.html HTTP/1.1"
2420	2024/02/28 16:52:47	"GET /uv248fip248inf210/lecture_software_architecture.html HTTP/1.1"
2420	2024/02/28 16:52:53	"GET /uv248fip248inf210/lecture_mvc_spring.html HTTP/1.1"
2420	2024/02/28 16:52:59	"GET /uv248fip248inf210/lecture_jpa.html HTTP/1.1"
2420	2024/02/28 16:53:00	"GET /uv248fip248inf210/practice_jpa.html HTTP/1.1"
2420	2024/02/28 16:54:08	"GET /uv248fip248inf210/technical_environment_home.html HTTP/1.1"
2420	2024/02/28 16:55:15	"GET /uv248fip248inf210/documentation_docker.html HTTP/1.1"
2420	2024/02/28 16:55:42	"GET /uv248fip248inf210/practice_docker.html HTTP/1.1"
2420	2024/01/12 13:49:05	"GET /uv248fip248inf210/web_architecture_home.html HTTP/1.1"
2420	2024/01/12 13:49:16	"GET /uv248fip248inf210/practice_jpa.html HTTP/1.1"
2420	2024/01/12 14:12:01	"GET /uv248fip248inf210/index.html HTTP/1.1"
2420	2024/01/12 15:55:35	"GET /uv248fip248inf210/practice_spring_2tiers.html HTTP/1.1"
