2421	2024/02/01 14:37:16	"GET /uv248fip248inf210/technical_environment_home.html HTTP/1.1"
2421	2024/02/01 14:37:31	"GET /uv248fip248inf210/images/technical_environment/prerequisite_techenv/prerequisite_techenv.html HTTP/1.1"
2421	2024/02/01 14:44:56	"GET /uv248fip248inf210/documentation_programming.html HTTP/1.1"
2421	2024/02/01 14:47:44	"GET /uv248fip248inf210/index.html HTTP/1.1"
2421	2024/02/01 14:47:59	"GET /uv248fip248inf210/data_home.html HTTP/1.1"
2421	2024/02/01 14:48:01	"GET /uv248fip248inf210/lecture_relational_model.html HTTP/1.1"
2421	2024/02/01 14:57:21	"GET /uv248fip248inf210/lecture_db_integrity.html HTTP/1.1"
2421	2024/02/01 15:02:59	"GET /uv248fip248inf210/activity_relational_model.html HTTP/1.1"
2421	2024/02/01 15:30:30	"GET /uv248fip248inf210/data_home.html HTTP/1.1"
2421	2024/02/01 15:30:37	"GET /uv248fip248inf210/activity_relational_model.html HTTP/1.1"
2421	2024/02/01 15:38:04	"GET /uv248fip248inf210/activity_relational_model_correction.html HTTP/1.1"
2421	2024/02/01 15:41:23	"GET /uv248fip248inf210/lecture_modeling_normalization.html HTTP/1.1"
2421	2024/02/01 15:47:44	"GET /uv248fip248inf210/lecture_conceptual_modeling.html HTTP/1.1"
2421	2024/01/29 10:02:04	"GET /uv248fip248inf210/technical_environment_home.html HTTP/1.1"
2421	2024/01/29 10:02:09	"GET /uv248fip248inf210/images/technical_environment/prerequisite_techenv/prerequisite_techenv.html HTTP/1.1"
2421	2024/01/29 10:11:07	"GET /uv248fip248inf210/data_home.html HTTP/1.1"
2421	2024/01/29 10:11:17	"GET /uv248fip248inf210/lecture_relational_model.html HTTP/1.1"
2421	2024/01/29 10:15:44	"GET /uv248fip248inf210/practice_sql.html HTTP/1.1"
2421	2024/01/29 10:17:41	"GET /uv248fip248inf210/documentation_rdbms.html HTTP/1.1"
2421	2024/01/29 11:26:24	"GET /uv248fip248inf210/activity_sql.html HTTP/1.1"
2421	2024/03/10 10:45:03	"GET /uv248fip248inf210/technical_environment_home.html HTTP/1.1"
2421	2024/03/10 10:45:08	"GET /uv248fip248inf210/practice_spring.html HTTP/1.1"
2421	2024/03/10 10:45:16	"GET /uv248fip248inf210/web_architecture_home.html HTTP/1.1"
2421	2024/03/10 10:45:19	"GET /uv248fip248inf210/practice_spring_2tiers.html HTTP/1.1"
2421	2024/03/10 10:46:01	"GET /uv248fip248inf210/practice_jpa.html HTTP/1.1"
2421	2024/03/10 10:50:47	"GET /uv248fip248inf210/practice_spring_2tiers_ext.html HTTP/1.1"
2421	2024/03/10 10:53:19	"GET /uv248fip248inf210/index.html HTTP/1.1"
2421	2024/03/10 10:53:21	"GET /uv248fip248inf210/data_home.html HTTP/1.1"
2421	2024/03/10 10:53:27	"GET /uv248fip248inf210/practice_sql.html HTTP/1.1"
2421	2024/03/10 10:53:45	"GET /uv248fip248inf210/lecture_mvc_spring.html HTTP/1.1"
2421	2024/03/10 10:53:49	"GET /uv248fip248inf210/lecture_jpa.html HTTP/1.1"
2421	2024/03/10 10:54:29	"GET /uv248fip248inf210/practice_docker.html HTTP/1.1"
2421	2024/03/10 10:56:41	"GET /uv248fip248inf210/web_architecture_home.html HTTP/1.1"
2421	2024/03/10 10:56:43	"GET /uv248fip248inf210/practice_spring_2tiers.html HTTP/1.1"
2421	2024/02/13 08:19:06	"GET /uv248fip248inf210/web_architecture_home.html HTTP/1.1"
2421	2024/02/06 14:31:22	"GET /uv248fip248inf210/web_architecture_home.html HTTP/1.1"
2421	2024/02/06 14:31:27	"GET /uv248fip248inf210/practice_spring_2tiers_ext.html HTTP/1.1"
2421	2024/03/11 08:51:42	"GET /uv248fip248inf210/project_home.html HTTP/1.1"
2421	2024/03/11 13:43:41	"GET /uv248fip248inf210/data_home.html HTTP/1.1"
2421	2024/03/11 13:43:47	"GET /uv248fip248inf210/lecture_normalization.html HTTP/1.1"
2421	2024/03/04 09:13:48	"GET /uv248fip248inf210/project_home.html HTTP/1.1"
2421	2024/03/04 09:13:50	"GET /uv248fip248inf210/project_part3.html HTTP/1.1"
2421	2024/03/04 09:14:17	"GET /uv248fip248inf210/project_structureui.html HTTP/1.1"
2421	2024/03/04 09:17:49	"GET /uv248fip248inf210/project_specifications.html HTTP/1.1"
2421	2024/03/04 09:36:10	"GET /uv248fip248inf210/project_home.html HTTP/1.1"
2421	2024/03/04 09:36:14	"GET /uv248fip248inf210/project_part3.html HTTP/1.1"
2421	2024/03/04 09:39:33	"GET /uv248fip248inf210/project_specifications.html HTTP/1.1"
2421	2024/03/04 14:47:20	"GET /uv248fip248inf210/web_architecture_home.html HTTP/1.1"
2421	2024/03/04 14:47:30	"GET /uv248fip248inf210/practice_spring_2tiers.html HTTP/1.1"
2421	2024/03/04 14:47:37	"GET /uv248fip248inf210/practice_spring_2tiers_ext.html HTTP/1.1"
2421	2024/03/04 14:48:00	"GET /uv248fip248inf210/lecture_software_architecture.html HTTP/1.1"
2421	2024/03/04 14:48:13	"GET /uv248fip248inf210/practice_jpa.html HTTP/1.1"
2421	2024/03/06 09:17:12	"GET /uv248fip248inf210/project_home.html HTTP/1.1"
2421	2024/03/06 09:17:30	"GET /uv248fip248inf210/project_specifications.html HTTP/1.1"
2421	2024/03/06 11:51:45	"GET /uv248fip248inf210/project_part1.html HTTP/1.1"
2421	2024/03/06 14:08:17	"GET /uv248fip248inf210/project_part3.html HTTP/1.1"
2421	2024/03/06 15:02:59	"GET /uv248fip248inf210/project_task_time.html HTTP/1.1"
2421	2024/02/05 14:32:44	"GET /uv248fip248inf210/lecture_normalization.html HTTP/1.1"
2421	2024/02/05 15:36:19	"GET /uv248fip248inf210/web_architecture_home.html HTTP/1.1"
2421	2024/01/22 14:29:48	"GET /uv248fip248inf210/data_home.html HTTP/1.1"
2421	2024/01/22 14:29:51	"GET /uv248fip248inf210/activity_sql.html HTTP/1.1"
2421	2024/02/19 09:39:34	"GET /uv248fip248inf210/project_home.html HTTP/1.1"
2421	2024/02/19 09:39:36	"GET /uv248fip248inf210/project_presentation.html HTTP/1.1"
2421	2024/02/19 09:40:14	"GET /uv248fip248inf210/project_evaluation.html HTTP/1.1"
2421	2024/02/19 09:40:19	"GET /uv248fip248inf210/project_specifications.html HTTP/1.1"
2421	2024/02/19 09:40:25	"GET /uv248fip248inf210/project_part1.html HTTP/1.1"
2421	2024/02/19 09:49:35	"GET /uv248fip248inf210/data_home.html HTTP/1.1"
2421	2024/02/19 09:49:44	"GET /uv248fip248inf210/lecture_normalization.html HTTP/1.1"
2421	2024/02/19 09:49:59	"GET /uv248fip248inf210/activity_decomposition.html HTTP/1.1"
2421	2024/02/19 09:50:04	"GET /uv248fip248inf210/activity_normalization.html HTTP/1.1"
2421	2024/02/19 09:50:11	"GET /uv248fip248inf210/activity_conceptual_modeling.html HTTP/1.1"
2421	2024/02/19 09:50:48	"GET /uv248fip248inf210/activity_conceptual_modeling_correction.html HTTP/1.1"
2421	2024/03/07 09:36:39	"GET /uv248fip248inf210/project_home.html HTTP/1.1"
2421	2024/03/07 09:36:44	"GET /uv248fip248inf210/project_part4.html HTTP/1.1"
2421	2024/03/07 09:36:51	"GET /uv248fip248inf210/project_structureui.html HTTP/1.1"
2421	2024/03/07 09:36:56	"GET /uv248fip248inf210/project_part4.html HTTP/1.1"
2421	2024/03/07 09:37:01	"GET /uv248fip248inf210/project_part2.html HTTP/1.1"
2421	2024/03/07 09:37:10	"GET /uv248fip248inf210/project_specifications.html HTTP/1.1"
2421	2024/02/03 15:24:26	"GET /uv248fip248inf210/data_home.html HTTP/1.1"
2421	2024/02/03 15:24:32	"GET /uv248fip248inf210/lecture_modeling_normalization.html HTTP/1.1"
2421	2024/02/03 15:26:08	"GET /uv248fip248inf210/lecture_conceptual_modeling.html HTTP/1.1"
2421	2024/02/03 15:43:02	"GET /uv248fip248inf210/lecture_normalization.html HTTP/1.1"
2421	2024/02/03 16:31:52	"GET /uv248fip248inf210/activity_conceptual_modeling.html HTTP/1.1"
2421	2024/02/03 16:41:25	"GET /uv248fip248inf210/activity_conceptual_modeling_correction.html HTTP/1.1"
2421	2024/02/03 16:50:30	"GET /uv248fip248inf210/activity_normalization.html HTTP/1.1"
2421	2024/02/03 16:51:13	"GET /uv248fip248inf210/activity_normalization_correction.html HTTP/1.1"
2421	2024/02/03 16:54:23	"GET /uv248fip248inf210/activity_decomposition.html HTTP/1.1"
2421	2024/01/17 11:11:15	"GET /uv248fip248inf210/data_home.html HTTP/1.1"
2421	2024/01/17 11:11:21	"GET /uv248fip248inf210/web_architecture_home.html HTTP/1.1"
2421	2024/01/17 11:11:24	"GET /uv248fip248inf210/practice_spring_2tiers.html HTTP/1.1"
2421	2024/01/17 11:11:27	"GET /uv248fip248inf210/practice_jpa.html HTTP/1.1"
2421	2024/01/17 11:11:51	"GET /uv248fip248inf210/lecture_dto.html HTTP/1.1"
2421	2024/01/17 11:22:24	"GET /uv248fip248inf210/lecture_xml.html HTTP/1.1"
2421	2024/01/17 11:25:41	"GET /uv248fip248inf210/practice_xml.html HTTP/1.1"
2421	2024/01/17 11:40:33	"GET /uv248fip248inf210/lecture_json.html HTTP/1.1"
2421	2024/01/17 11:40:38	"GET /uv248fip248inf210/practice_json.html HTTP/1.1"
2421	2024/01/19 09:38:55	"GET /uv248fip248inf210/data_home.html HTTP/1.1"
2421	2024/01/19 09:38:58	"GET /uv248fip248inf210/lecture_relational_model.html HTTP/1.1"
2421	2024/01/19 09:48:59	"GET /uv248fip248inf210/lecture_db_integrity.html HTTP/1.1"
2421	2024/01/19 09:55:56	"GET /uv248fip248inf210/activity_relational_model.html HTTP/1.1"
2421	2024/01/19 10:06:27	"GET /uv248fip248inf210/lecture_modeling_normalization.html HTTP/1.1"
2421	2024/01/19 10:21:26	"GET /uv248fip248inf210/lecture_conceptual_modeling.html HTTP/1.1"
2421	2024/01/19 10:25:35	"GET /uv248fip248inf210/lecture_normalization.html HTTP/1.1"
2421	2024/01/19 10:28:07	"GET /uv248fip248inf210/activity_conceptual_modeling.html HTTP/1.1"
2421	2024/01/19 11:32:18	"GET /uv248fip248inf210/activity_normalization.html HTTP/1.1"
2421	2024/01/19 11:47:20	"GET /uv248fip248inf210/activity_sql.html HTTP/1.1"
2421	2024/01/19 12:03:57	"GET /uv248fip248inf210/project_home.html HTTP/1.1"
2421	2024/01/19 12:04:04	"GET /uv248fip248inf210/project_part1.html HTTP/1.1"
2421	2024/01/11 08:11:10	"GET /uv248fip248inf210/technical_environment_home.html HTTP/1.1"
2421	2024/01/11 08:11:12	"GET /uv248fip248inf210/practice_docker.html HTTP/1.1"
2421	2024/01/11 08:25:44	"GET /uv248fip248inf210/practice_docker_advanced.html HTTP/1.1"
2421	2024/01/11 08:25:46	"GET /uv248fip248inf210/practice_docker.html HTTP/1.1"
2421	2024/01/11 08:25:47	"GET /uv248fip248inf210/documentation_docker.html HTTP/1.1"
2421	2024/01/11 08:44:49	"GET /uv248fip248inf210/technical_environment_home.html HTTP/1.1"
2421	2024/01/11 08:44:52	"GET /uv248fip248inf210/practice_docker.html HTTP/1.1"
2421	2024/01/11 09:00:23	"GET /uv248fip248inf210/practice_spring.html HTTP/1.1"
2421	2024/01/11 09:12:09	"GET /uv248fip248inf210/practice_postgresql.html HTTP/1.1"
2421	2024/01/11 09:12:16	"GET /uv248fip248inf210/documentation_si.html HTTP/1.1"
2421	2024/01/11 09:13:52	"GET /uv248fip248inf210/practice_docker_advanced.html HTTP/1.1"
2421	2024/01/11 09:13:55	"GET /uv248fip248inf210/practice_docker.html HTTP/1.1"
2421	2024/01/11 15:38:08	"GET /uv248fip248inf210/practice_docker_advanced.html HTTP/1.1"
2421	2024/01/11 15:38:22	"GET /uv248fip248inf210/index.html HTTP/1.1"
2421	2024/01/11 15:38:25	"GET /uv248fip248inf210/web_architecture_home.html HTTP/1.1"
2421	2024/01/11 15:38:28	"GET /uv248fip248inf210/lecture_technical_architecture.html HTTP/1.1"
2421	2024/01/11 15:44:37	"GET /uv248fip248inf210/lecture_software_architecture.html HTTP/1.1"
2421	2024/02/21 14:41:52	"GET /uv248fip248inf210/project_home.html HTTP/1.1"
2421	2024/01/09 10:26:22	"GET /uv248fip248inf210/technical_environment_home.html HTTP/1.1"
2421	2024/01/09 11:11:19	"GET /uv248fip248inf210/technical_environment_home.html HTTP/1.1"
2421	2024/01/09 11:13:10	"GET /uv248fip248inf210/documentation_programming.html HTTP/1.1"
2421	2024/01/09 11:13:14	"GET /uv248fip248inf210/practice_spring.html HTTP/1.1"
2421	2024/01/09 11:54:03	"GET /uv248fip248inf210/practice_docker_advanced.html HTTP/1.1"
2421	2024/01/09 11:59:35	"GET /uv248fip248inf210/documentation_docker.html HTTP/1.1"
2421	2024/01/09 12:07:09	"GET /uv248fip248inf210/practice_docker.html HTTP/1.1"
2421	2024/02/26 09:35:06	"GET /uv248fip248inf210/project_home.html HTTP/1.1"
2421	2024/02/26 09:35:09	"GET /uv248fip248inf210/project_part2.html HTTP/1.1"
2421	2024/02/26 10:16:54	"GET /uv248fip248inf210/web_architecture_home.html HTTP/1.1"
2421	2024/02/26 10:16:59	"GET /uv248fip248inf210/lecture_software_architecture.html HTTP/1.1"
2421	2024/02/26 10:18:20	"GET /uv248fip248inf210/project_home.html HTTP/1.1"
2421	2024/02/26 10:18:35	"GET /uv248fip248inf210/technical_environment_home.html HTTP/1.1"
2421	2024/02/26 10:18:39	"GET /uv248fip248inf210/practice_docker.html HTTP/1.1"
2421	2024/02/26 10:34:14	"GET /uv248fip248inf210/project_part2.html HTTP/1.1"
2421	2024/02/26 11:42:03	"GET /uv248fip248inf210/project_part2.html HTTP/1.1"
2421	2024/02/26 12:31:07	"GET /uv248fip248inf210/technical_environment_home.html HTTP/1.1"
2421	2024/02/26 12:31:12	"GET /uv248fip248inf210/documentation_programming.html HTTP/1.1"
2421	2024/02/26 12:38:43	"GET /uv248fip248inf210/web_architecture_home.html HTTP/1.1"
2421	2024/02/26 12:38:53	"GET /uv248fip248inf210/documentation_docker.html HTTP/1.1"
2421	2024/02/26 12:39:00	"GET /uv248fip248inf210/practice_docker_advanced.html HTTP/1.1"
2421	2024/02/26 12:39:01	"GET /uv248fip248inf210/practice_docker.html HTTP/1.1"
2421	2024/02/26 12:54:10	"GET /uv248fip248inf210/index.html HTTP/1.1"
2421	2024/02/26 12:54:11	"GET /uv248fip248inf210/project_home.html HTTP/1.1"
2421	2024/02/26 12:54:13	"GET /uv248fip248inf210/project_part2.html HTTP/1.1"
2421	2024/02/26 13:26:17	"GET /uv248fip248inf210/project_part2.html HTTP/1.1"
2421	2024/02/26 14:53:30	"GET /uv248fip248inf210/project_home.html HTTP/1.1"
2421	2024/02/26 14:53:33	"GET /uv248fip248inf210/project_part2.html HTTP/1.1"
2421	2024/02/26 19:50:59	"GET /uv248fip248inf210/project_part2.html HTTP/1.1"
2421	2024/02/26 21:23:29	"GET /uv248fip248inf210/project_home.html HTTP/1.1"
2421	2024/02/26 21:23:31	"GET /uv248fip248inf210/project_part2.html HTTP/1.1"
2421	2024/02/26 21:45:40	"GET /uv248fip248inf210/project_part1.html HTTP/1.1"
2421	2024/01/15 09:43:01	"GET /uv248fip248inf210/web_architecture_home.html HTTP/1.1"
2421	2024/01/15 09:43:07	"GET /uv248fip248inf210/lecture_technical_architecture.html HTTP/1.1"
2421	2024/01/15 09:49:28	"GET /uv248fip248inf210/lecture_software_architecture.html HTTP/1.1"
2421	2024/01/15 09:50:46	"GET /uv248fip248inf210/lecture_mvc_spring.html HTTP/1.1"
2421	2024/01/15 09:50:54	"GET /uv248fip248inf210/lecture_jpa.html HTTP/1.1"
2421	2024/01/15 09:51:05	"GET /uv248fip248inf210/practice_jpa.html HTTP/1.1"
2421	2024/01/15 10:04:37	"GET /uv248fip248inf210/practice_spring_2tiers.html HTTP/1.1"
2421	2024/02/27 14:08:35	"GET /uv248fip248inf210/project_home.html HTTP/1.1"
2421	2024/02/27 14:08:40	"GET /uv248fip248inf210/project_part2.html HTTP/1.1"
2421	2024/02/28 09:44:24	"GET /uv248fip248inf210/project_home.html HTTP/1.1"
2421	2024/02/28 09:44:27	"GET /uv248fip248inf210/project_part2.html HTTP/1.1"
2421	2024/01/12 13:49:38	"GET /uv248fip248inf210/index.html HTTP/1.1"
2421	2024/01/12 13:51:08	"GET /uv248fip248inf210/web_architecture_home.html HTTP/1.1"
2421	2024/01/12 13:51:38	"GET /uv248fip248inf210/lecture_technical_architecture.html HTTP/1.1"
2421	2024/01/12 14:43:02	"GET /uv248fip248inf210/lecture_software_architecture.html HTTP/1.1"
2421	2024/01/12 16:21:51	"GET /uv248fip248inf210/technical_environment_home.html HTTP/1.1"
2421	2024/01/12 16:21:56	"GET /uv248fip248inf210/practice_docker.html HTTP/1.1"
