2422	2024/02/13 08:14:41	"GET /uv248fip248inf210/index.html HTTP/1.1"
2422	2024/02/13 08:15:49	"GET /uv248fip248inf210/data_home.html HTTP/1.1"
2422	2024/02/13 08:15:57	"GET /uv248fip248inf210/practice_sql.html HTTP/1.1"
2422	2024/02/13 08:18:58	"GET /uv248fip248inf210/practice_advanced_sql.html HTTP/1.1"
2422	2024/02/13 09:01:15	"GET /uv248fip248inf210/web_architecture_home.html HTTP/1.1"
2422	2024/02/13 09:01:22	"GET /uv248fip248inf210/lecture_dto.html HTTP/1.1"
2422	2024/02/13 09:01:22	"GET /uv248fip248inf210/lecture_xml.html HTTP/1.1"
2422	2024/02/13 09:01:27	"GET /uv248fip248inf210/practice_xml.html HTTP/1.1"
2422	2024/02/13 09:01:36	"GET /uv248fip248inf210/lecture_json.html HTTP/1.1"
2422	2024/02/13 09:01:40	"GET /uv248fip248inf210/lecture_parser.html HTTP/1.1"
2422	2024/02/13 09:52:51	"GET /uv248fip248inf210/practice_jpa.html HTTP/1.1"
2422	2024/03/11 09:59:57	"GET /uv248fip248inf210/lecture_normalization.html HTTP/1.1"
2422	2024/03/11 18:44:23	"GET /uv248fip248inf210/index.html HTTP/1.1"
2422	2024/03/11 18:48:25	"GET /uv248fip248inf210/project_home.html HTTP/1.1"
2422	2024/03/11 18:48:32	"GET /uv248fip248inf210/project_specifications.html HTTP/1.1"
2422	2024/03/04 09:37:13	"GET /uv248fip248inf210/index.html HTTP/1.1"
2422	2024/03/04 09:37:17	"GET /uv248fip248inf210/project_home.html HTTP/1.1"
2422	2024/03/04 09:37:19	"GET /uv248fip248inf210/project_part3.html HTTP/1.1"
2422	2024/03/04 09:37:21	"GET /uv248fip248inf210/project_structureui.html HTTP/1.1"
2422	2024/03/04 13:56:58	"GET /uv248fip248inf210/project_specifications.html HTTP/1.1"
2422	2024/03/01 15:47:58	"GET /uv248fip248inf210/index.html HTTP/1.1"
2422	2024/03/01 16:43:58	"GET /uv248fip248inf210/project_home.html HTTP/1.1"
2422	2024/03/01 16:44:02	"GET /uv248fip248inf210/project_structureui.html HTTP/1.1"
2422	2024/03/01 16:44:07	"GET /uv248fip248inf210/project_part3.html HTTP/1.1"
2422	2024/03/01 16:44:40	"GET /uv248fip248inf210/project_specifications.html HTTP/1.1"
2422	2024/03/13 14:20:05	"GET /uv248fip248inf210/project_home.html HTTP/1.1"
2422	2024/03/06 10:19:31	"GET /uv248fip248inf210/project_home.html HTTP/1.1"
2422	2024/03/06 11:07:38	"GET /uv248fip248inf210/project_part3.html HTTP/1.1"
2422	2024/03/06 18:11:18	"GET /uv248fip248inf210/project_specifications.html HTTP/1.1"
2422	2024/02/05 10:22:20	"GET /uv248fip248inf210/index.html HTTP/1.1"
2422	2024/02/05 10:22:24	"GET /uv248fip248inf210/data_home.html HTTP/1.1"
2422	2024/02/05 10:22:32	"GET /uv248fip248inf210/lecture_conceptual_modeling.html HTTP/1.1"
2422	2024/02/05 10:22:40	"GET /uv248fip248inf210/lecture_normalization.html HTTP/1.1"
2422	2024/02/05 10:22:42	"GET /uv248fip248inf210/activity_conceptual_modeling.html HTTP/1.1"
2422	2024/02/05 10:22:52	"GET /uv248fip248inf210/activity_conceptual_modeling_correction.html HTTP/1.1"
2422	2024/02/05 11:30:08	"GET /uv248fip248inf210/activity_sql.html HTTP/1.1"
2422	2024/02/05 11:30:16	"GET /uv248fip248inf210/practice_sql.html HTTP/1.1"
2422	2024/02/05 11:30:45	"GET /uv248fip248inf210/lecture_modeling_normalization.html HTTP/1.1"
2422	2024/02/05 11:30:57	"GET /uv248fip248inf210/activity_normalization.html HTTP/1.1"
2422	2024/02/05 11:31:14	"GET /uv248fip248inf210/activity_decomposition.html HTTP/1.1"
2422	2024/02/05 11:31:54	"GET /uv248fip248inf210/activity_relational_model.html HTTP/1.1"
2422	2024/02/05 17:00:46	"GET /uv248fip248inf210/index.html HTTP/1.1"
2422	2024/01/22 14:13:06	"GET /uv248fip248inf210/index.html HTTP/1.1"
2422	2024/01/22 14:13:13	"GET /uv248fip248inf210/data_home.html HTTP/1.1"
2422	2024/01/22 14:13:17	"GET /uv248fip248inf210/lecture_relational_model.html HTTP/1.1"
2422	2024/01/22 14:13:22	"GET /uv248fip248inf210/lecture_db_integrity.html HTTP/1.1"
2422	2024/01/22 14:54:16	"GET /uv248fip248inf210/activity_conceptual_modeling.html HTTP/1.1"
2422	2024/01/22 14:54:26	"GET /uv248fip248inf210/activity_normalization.html HTTP/1.1"
2422	2024/01/22 14:54:54	"GET /uv248fip248inf210/activity_decomposition.html HTTP/1.1"
2422	2024/02/19 09:35:32	"GET /uv248fip248inf210/index.html HTTP/1.1"
2422	2024/02/19 09:35:38	"GET /uv248fip248inf210/web_architecture_home.html HTTP/1.1"
2422	2024/02/19 09:35:42	"GET /uv248fip248inf210/data_home.html HTTP/1.1"
2422	2024/02/19 09:35:46	"GET /uv248fip248inf210/project_home.html HTTP/1.1"
2422	2024/02/19 09:36:08	"GET /uv248fip248inf210/images/web_architecture/prerequisite_archiweb/prerequisite_archiweb.html HTTP/1.1"
2422	2024/02/19 09:36:10	"GET /uv248fip248inf210/practice_spring_2tiers_ext.html HTTP/1.1"
2422	2024/03/12 10:21:08	"GET /uv248fip248inf210/project_part3.html HTTP/1.1"
2422	2024/02/22 13:03:22	"GET /uv248fip248inf210/index.html HTTP/1.1"
2422	2024/02/22 13:04:45	"GET /uv248fip248inf210/project_part1.html HTTP/1.1"
2422	2024/02/22 16:31:31	"GET /uv248fip248inf210/project_part1.html HTTP/1.1"
2422	2024/02/22 18:06:00	"GET /uv248fip248inf210/project_part2.html HTTP/1.1"
2422	2024/01/18 16:16:57	"GET /uv248fip248inf210/index.html HTTP/1.1"
2422	2024/01/18 16:17:10	"GET /uv248fip248inf210/web_architecture_home.html HTTP/1.1"
2422	2024/01/18 16:17:13	"GET /uv248fip248inf210/practice_jpa.html HTTP/1.1"
2422	2024/01/18 16:17:23	"GET /uv248fip248inf210/lecture_xml.html HTTP/1.1"
2422	2024/01/17 09:31:31	"GET /uv248fip248inf210/index.html HTTP/1.1"
2422	2024/01/19 09:38:42	"GET /uv248fip248inf210/technical_environment_home.html HTTP/1.1"
2422	2024/01/19 09:53:52	"GET /uv248fip248inf210/documentation_docker.html HTTP/1.1"
2422	2024/01/19 09:54:03	"GET /uv248fip248inf210/lecture_technical_architecture.html HTTP/1.1"
2422	2024/01/19 09:54:15	"GET /uv248fip248inf210/lecture_software_architecture.html HTTP/1.1"
2422	2024/01/19 09:55:03	"GET /uv248fip248inf210/lecture_mvc_spring.html HTTP/1.1"
2422	2024/01/19 09:55:20	"GET /uv248fip248inf210/lecture_jpa.html HTTP/1.1"
2422	2024/01/19 09:56:38	"GET /uv248fip248inf210/practice_jpa.html HTTP/1.1"
2422	2024/01/19 09:58:38	"GET /uv248fip248inf210/practice_spring_2tiers.html HTTP/1.1"
2422	2024/01/19 09:58:50	"GET /uv248fip248inf210/index.html HTTP/1.1"
2422	2024/01/19 09:58:52	"GET /uv248fip248inf210/data_home.html HTTP/1.1"
2422	2024/01/19 09:58:55	"GET /uv248fip248inf210/lecture_relational_model.html HTTP/1.1"
2422	2024/01/19 10:00:11	"GET /uv248fip248inf210/lecture_db_integrity.html HTTP/1.1"
2422	2024/01/19 10:01:41	"GET /uv248fip248inf210/activity_relational_model.html HTTP/1.1"
2422	2024/01/19 10:02:11	"GET /uv248fip248inf210/lecture_modeling_normalization.html HTTP/1.1"
2422	2024/01/19 10:02:15	"GET /uv248fip248inf210/lecture_conceptual_modeling.html HTTP/1.1"
2422	2024/01/19 10:10:28	"GET /uv248fip248inf210/project_home.html HTTP/1.1"
2422	2024/01/19 10:10:30	"GET /uv248fip248inf210/project_part1.html HTTP/1.1"
2422	2024/01/19 10:11:36	"GET /uv248fip248inf210/project_part2.html HTTP/1.1"
2422	2024/01/19 10:19:01	"GET /uv248fip248inf210/project_specifications.html HTTP/1.1"
2422	2024/01/19 11:05:27	"GET /uv248fip248inf210/web_architecture_home.html HTTP/1.1"
2422	2024/01/19 11:05:34	"GET /uv248fip248inf210/lecture_xml.html HTTP/1.1"
2422	2024/01/19 11:06:13	"GET /uv248fip248inf210/practice_xml.html HTTP/1.1"
2422	2024/01/19 11:06:22	"GET /uv248fip248inf210/practice_schema_xml.html HTTP/1.1"
2422	2024/01/19 11:06:45	"GET /uv248fip248inf210/practice_xpath.html HTTP/1.1"
2422	2024/01/19 11:07:06	"GET /uv248fip248inf210/lecture_json.html HTTP/1.1"
2422	2024/01/19 11:07:58	"GET /uv248fip248inf210/lecture_jaxb.html HTTP/1.1"
2422	2024/01/19 11:43:00	"GET /uv248fip248inf210/practice_json.html HTTP/1.1"
2422	2024/01/11 08:22:37	"GET /uv248fip248inf210/technical_environment_home.html HTTP/1.1"
2422	2024/01/11 08:22:41	"GET /uv248fip248inf210/documentation_programming.html HTTP/1.1"
2422	2024/01/11 08:25:09	"GET /uv248fip248inf210/inversion_of_control.html HTTP/1.1"
2422	2024/01/11 08:28:32	"GET /uv248fip248inf210/spring_bean.html HTTP/1.1"
2422	2024/01/11 08:29:30	"GET /uv248fip248inf210/practice_spring.html HTTP/1.1"
2422	2024/01/11 08:50:14	"GET /uv248fip248inf210/practice_postgresql.html HTTP/1.1"
2422	2024/01/11 08:51:54	"GET /uv248fip248inf210/practice_docker_advanced.html HTTP/1.1"
2422	2024/01/11 08:52:07	"GET /uv248fip248inf210/practice_docker.html HTTP/1.1"
2422	2024/01/11 08:52:12	"GET /uv248fip248inf210/documentation_docker.html HTTP/1.1"
2422	2024/01/11 09:14:32	"GET /uv248fip248inf210/documentation_docker.html HTTP/1.1"
2422	2024/01/11 09:14:37	"GET /uv248fip248inf210/technical_environment_home.html HTTP/1.1"
2422	2024/01/11 10:23:05	"GET /uv248fip248inf210/technical_environment_home.html HTTP/1.1"
2422	2024/01/11 12:49:39	"GET /uv248fip248inf210/technical_environment_home.html HTTP/1.1"
2422	2024/01/11 15:23:13	"GET /uv248fip248inf210/technical_environment_home.html HTTP/1.1"
2422	2024/01/11 15:23:16	"GET /uv248fip248inf210/practice_postgresql.html HTTP/1.1"
2422	2024/01/11 15:35:41	"GET /uv248fip248inf210/index.html HTTP/1.1"
2422	2024/01/11 15:35:49	"GET /uv248fip248inf210/web_architecture_home.html HTTP/1.1"
2422	2024/01/11 15:38:07	"GET /uv248fip248inf210/documentation_rdbms.html HTTP/1.1"
2422	2024/01/11 15:38:19	"GET /uv248fip248inf210/documentation_si.html HTTP/1.1"
2422	2024/01/11 15:44:44	"GET /uv248fip248inf210/lecture_technical_architecture.html HTTP/1.1"
2422	2024/01/11 15:47:19	"GET /uv248fip248inf210/lecture_software_architecture.html HTTP/1.1"
2422	2024/01/11 15:47:26	"GET /uv248fip248inf210/lecture_mvc_spring.html HTTP/1.1"
2422	2024/01/11 15:47:49	"GET /uv248fip248inf210/lecture_jpa.html HTTP/1.1"
2422	2024/01/11 15:48:02	"GET /uv248fip248inf210/practice_jpa.html HTTP/1.1"
2422	2024/01/11 18:16:19	"GET /uv248fip248inf210/practice_jpa.html HTTP/1.1"
2422	2024/02/21 13:49:20	"GET /uv248fip248inf210/index.html HTTP/1.1"
2422	2024/02/21 13:50:12	"GET /uv248fip248inf210/project_home.html HTTP/1.1"
2422	2024/02/21 13:50:15	"GET /uv248fip248inf210/project_part1.html HTTP/1.1"
2422	2024/02/21 14:50:00	"GET /uv248fip248inf210/project_part1.html HTTP/1.1"
2422	2024/01/09 10:27:29	"GET /uv248fip248inf210/technical_environment_home.html HTTP/1.1"
2422	2024/01/09 10:28:00	"GET /uv248fip248inf210/images/technical_environment/prerequisite_techenv/prerequisite_techenv.html HTTP/1.1"
2422	2024/01/09 10:30:06	"GET /uv248fip248inf210/documentation_programming.html HTTP/1.1"
2422	2024/01/09 10:33:42	"GET /uv248fip248inf210/documentation_docker.html HTTP/1.1"
2422	2024/01/09 10:34:25	"GET /uv248fip248inf210/practice_docker.html HTTP/1.1"
2422	2024/01/09 10:37:04	"GET /uv248fip248inf210/practice_docker_advanced.html HTTP/1.1"
2422	2024/02/26 09:41:27	"GET /uv248fip248inf210/index.html HTTP/1.1"
2422	2024/02/26 09:41:31	"GET /uv248fip248inf210/project_home.html HTTP/1.1"
2422	2024/02/26 09:41:37	"GET /uv248fip248inf210/project_part2.html HTTP/1.1"
2422	2024/02/26 10:13:25	"GET /uv248fip248inf210/project_part2.html HTTP/1.1"
2422	2024/02/26 18:52:44	"GET /uv248fip248inf210/project_home.html HTTP/1.1"
2422	2024/02/26 18:52:59	"GET /uv248fip248inf210/project_part2.html HTTP/1.1"
2422	2024/01/15 09:30:56	"GET /uv248fip248inf210/index.html HTTP/1.1"
2422	2024/01/15 09:31:31	"GET /uv248fip248inf210/web_architecture_home.html HTTP/1.1"
2422	2024/01/15 09:31:36	"GET /uv248fip248inf210/practice_jpa.html HTTP/1.1"
2422	2024/01/15 09:37:22	"GET /uv248fip248inf210/practice_jpa_advanced.html HTTP/1.1"
2422	2024/01/15 09:37:22	"GET /uv248fip248inf210/practice_spring_2tiers.html HTTP/1.1"
2422	2024/01/15 10:30:09	"GET /uv248fip248inf210/technical_environment_home.html HTTP/1.1"
2422	2024/01/15 10:30:28	"GET /uv248fip248inf210/practice_docker.html HTTP/1.1"
2422	2024/01/15 10:30:29	"GET /uv248fip248inf210/documentation_docker.html HTTP/1.1"
2422	2024/02/28 11:18:25	"GET /uv248fip248inf210/project_home.html HTTP/1.1"
2422	2024/02/28 16:14:37	"GET /uv248fip248inf210/project_part2.html HTTP/1.1"
2422	2024/02/28 16:15:00	"GET /uv248fip248inf210/project_part1.html HTTP/1.1"
2422	2024/01/12 13:50:32	"GET /uv248fip248inf210/technical_environment_home.html HTTP/1.1"
2422	2024/01/12 13:50:37	"GET /uv248fip248inf210/index.html HTTP/1.1"
2422	2024/01/12 13:50:43	"GET /uv248fip248inf210/web_architecture_home.html HTTP/1.1"
2422	2024/01/12 13:50:51	"GET /uv248fip248inf210/practice_jpa.html HTTP/1.1"
2422	2024/01/12 14:33:13	"GET /uv248fip248inf210/practice_jpa_advanced.html HTTP/1.1"
2422	2024/01/12 14:33:37	"GET /uv248fip248inf210/practice_spring_2tiers.html HTTP/1.1"
2422	2024/01/12 14:36:06	"GET /uv248fip248inf210/lecture_dto.html HTTP/1.1"
2422	2024/01/12 14:36:27	"GET /uv248fip248inf210/lecture_xml.html HTTP/1.1"
2422	2024/01/12 14:36:49	"GET /uv248fip248inf210/lecture_validity.html HTTP/1.1"
2422	2024/01/12 14:36:55	"GET /uv248fip248inf210/lecture_xpath.html HTTP/1.1"
2422	2024/01/12 14:37:40	"GET /uv248fip248inf210/lecture_parser.html HTTP/1.1"
2422	2024/01/12 14:37:50	"GET /uv248fip248inf210/lecture_jaxb.html HTTP/1.1"
