2423	2024/01/29 09:36:06	"GET /uv248fip248inf210/data_home.html HTTP/1.1"
2423	2024/01/29 09:36:10	"GET /uv248fip248inf210/images/data/prerequisite_data/prerequisite_data.html HTTP/1.1"
2423	2024/01/29 09:36:11	"GET /uv248fip248inf210/activity_sql.html HTTP/1.1"
2423	2024/01/29 09:36:21	"GET /uv248fip248inf210/lecture_transaction.html HTTP/1.1"
2423	2024/01/29 11:40:51	"GET /uv248fip248inf210/lecture_transaction.html HTTP/1.1"
2423	2024/01/29 12:11:43	"GET /uv248fip248inf210/images/data/prerequisite_data/prerequisite_data.html HTTP/1.1"
2423	2024/03/05 17:49:17	"GET /uv248fip248inf210/project_home.html HTTP/1.1"
2423	2024/03/05 17:50:30	"GET /uv248fip248inf210/project_part4.html HTTP/1.1"
2423	2024/03/05 17:50:37	"GET /uv248fip248inf210/project_evaluation.html HTTP/1.1"
2423	2024/03/05 17:50:56	"GET /uv248fip248inf210/project_specifications.html HTTP/1.1"
2423	2024/02/13 08:14:15	"GET /uv248fip248inf210/web_architecture_home.html HTTP/1.1"
2423	2024/02/13 08:14:21	"GET /uv248fip248inf210/images/web_architecture/prerequisite_archiweb/prerequisite_archiweb.html HTTP/1.1"
2423	2024/02/13 08:14:23	"GET /uv248fip248inf210/practice_jpa_advanced.html HTTP/1.1"
2423	2024/03/11 09:49:11	"GET /uv248fip248inf210/web_architecture_home.html HTTP/1.1"
2423	2024/03/11 09:49:45	"GET /uv248fip248inf210/project_home.html HTTP/1.1"
2423	2024/03/11 09:49:50	"GET /uv248fip248inf210/project_part1.html HTTP/1.1"
2423	2024/03/04 10:09:05	"GET /uv248fip248inf210/project_structureui.html HTTP/1.1"
2423	2024/03/04 10:33:53	"GET /uv248fip248inf210/project_part3.html HTTP/1.1"
2423	2024/03/06 09:37:20	"GET /uv248fip248inf210/project_part3.html HTTP/1.1"
2423	2024/02/05 14:03:57	"GET /uv248fip248inf210/practice_transaction.html HTTP/1.1"
2423	2024/02/05 14:04:04	"GET /uv248fip248inf210/practice_transaction_correction.html HTTP/1.1"
2423	2024/01/22 13:54:00	"GET /uv248fip248inf210/data_home.html HTTP/1.1"
2423	2024/01/22 14:02:50	"GET /uv248fip248inf210/activity_sql.html HTTP/1.1"
2423	2024/01/22 14:02:52	"GET /uv248fip248inf210/images/data/prerequisite_data/prerequisite_data.html HTTP/1.1"
2423	2024/01/22 14:03:09	"GET /uv248fip248inf210/activity_conceptual_modeling.html HTTP/1.1"
2423	2024/01/22 14:03:38	"GET /uv248fip248inf210/practice_sql.html HTTP/1.1"
2423	2024/01/22 14:05:35	"GET /uv248fip248inf210/documentation_rdbms.html HTTP/1.1"
2423	2024/01/22 14:05:52	"GET /uv248fip248inf210/technical_environment_home.html HTTP/1.1"
2423	2024/01/22 14:06:09	"GET /uv248fip248inf210/documentation_si.html HTTP/1.1"
2423	2024/01/22 14:06:47	"GET /uv248fip248inf210/practice_postgresql.html HTTP/1.1"
2423	2024/02/04 17:02:40	"GET /uv248fip248inf210/web_architecture_home.html HTTP/1.1"
2423	2024/02/04 17:02:52	"GET /uv248fip248inf210/images/web_architecture/prerequisite_archiweb/prerequisite_archiweb.html HTTP/1.1"
2423	2024/02/04 17:02:54	"GET /uv248fip248inf210/lecture_technical_architecture.html HTTP/1.1"
2423	2024/02/04 17:05:47	"GET /uv248fip248inf210/lecture_software_architecture.html HTTP/1.1"
2423	2024/02/04 17:09:07	"GET /uv248fip248inf210/lecture_mvc_spring.html HTTP/1.1"
2423	2024/02/04 17:11:53	"GET /uv248fip248inf210/lecture_jpa.html HTTP/1.1"
2423	2024/02/04 17:14:26	"GET /uv248fip248inf210/lecture_dto.html HTTP/1.1"
2423	2024/02/04 17:15:15	"GET /uv248fip248inf210/lecture_validity.html HTTP/1.1"
2423	2024/02/04 17:16:17	"GET /uv248fip248inf210/data_home.html HTTP/1.1"
2423	2024/02/04 18:53:08	"GET /uv248fip248inf210/images/data/prerequisite_data/prerequisite_data.html HTTP/1.1"
2423	2024/02/04 18:54:00	"GET /uv248fip248inf210/lecture_db_integrity.html HTTP/1.1"
2423	2024/02/04 18:58:04	"GET /uv248fip248inf210/lecture_modeling_normalization.html HTTP/1.1"
2423	2024/02/04 19:02:01	"GET /uv248fip248inf210/lecture_normalization.html HTTP/1.1"
2423	2024/02/04 19:02:13	"GET /uv248fip248inf210/lecture_conceptual_modeling.html HTTP/1.1"
2423	2024/02/04 19:03:59	"GET /uv248fip248inf210/activity_normalization.html HTTP/1.1"
2423	2024/02/04 19:04:43	"GET /uv248fip248inf210/activity_normalization_correction.html HTTP/1.1"
2423	2024/02/04 19:14:12	"GET /uv248fip248inf210/lecture_transaction.html HTTP/1.1"
2423	2024/02/04 19:15:38	"GET /uv248fip248inf210/practice_transaction.html HTTP/1.1"
2423	2024/02/04 19:16:01	"GET /uv248fip248inf210/practice_transaction_correction.html HTTP/1.1"
2423	2024/02/04 22:46:54	"GET /uv248fip248inf210/index.html HTTP/1.1"
2423	2024/02/04 22:46:56	"GET /uv248fip248inf210/technical_environment_home.html HTTP/1.1"
2423	2024/02/04 22:47:05	"GET /uv248fip248inf210/documentation_programming.html HTTP/1.1"
2423	2024/02/04 22:47:08	"GET /uv248fip248inf210/practice_spring.html HTTP/1.1"
2423	2024/02/04 22:47:12	"GET /uv248fip248inf210/web_architecture_home.html HTTP/1.1"
2423	2024/02/04 22:47:33	"GET /uv248fip248inf210/images/data/prerequisite_data/prerequisite_data.html HTTP/1.1"
2423	2024/02/04 22:50:26	"GET /uv248fip248inf210/lecture_conceptual_modeling.html HTTP/1.1"
2423	2024/02/04 23:55:47	"GET /uv248fip248inf210/images/web_architecture/prerequisite_archiweb/prerequisite_archiweb.html HTTP/1.1"
2423	2024/02/04 23:55:48	"GET /uv248fip248inf210/lecture_xml.html HTTP/1.1"
2423	2024/01/17 09:31:58	"GET /uv248fip248inf210/web_architecture_home.html HTTP/1.1"
2423	2024/01/17 09:32:03	"GET /uv248fip248inf210/images/web_architecture/prerequisite_archiweb/prerequisite_archiweb.html HTTP/1.1"
2423	2024/01/17 09:32:46	"GET /uv248fip248inf210/data_home.html HTTP/1.1"
2423	2024/01/17 09:32:57	"GET /uv248fip248inf210/images/data/prerequisite_data/prerequisite_data.html HTTP/1.1"
2423	2024/01/17 09:32:59	"GET /uv248fip248inf210/activity_relational_model.html HTTP/1.1"
2423	2024/02/23 19:42:46	"GET /uv248fip248inf210/data_home.html HTTP/1.1"
2423	2024/02/23 19:42:49	"GET /uv248fip248inf210/project_home.html HTTP/1.1"
2423	2024/02/23 19:42:57	"GET /uv248fip248inf210/project_task_time.html HTTP/1.1"
2423	2024/01/19 09:33:42	"GET /uv248fip248inf210/data_home.html HTTP/1.1"
2423	2024/01/19 09:38:42	"GET /uv248fip248inf210/activity_relational_model.html HTTP/1.1"
2423	2024/01/19 10:30:54	"GET /uv248fip248inf210/activity_relational_model_correction.html HTTP/1.1"
2423	2024/01/19 11:26:57	"GET /uv248fip248inf210/lecture_independence_views.html HTTP/1.1"
2423	2024/01/11 08:01:34	"GET /uv248fip248inf210/technical_environment_home.html HTTP/1.1"
2423	2024/01/11 08:02:05	"GET /uv248fip248inf210/images/technical_environment/prerequisite_techenv/prerequisite_techenv.html HTTP/1.1"
2423	2024/01/11 08:02:09	"GET /uv248fip248inf210/documentation_docker.html HTTP/1.1"
2423	2024/01/11 08:17:34	"GET /uv248fip248inf210/images/technical_environment/prerequisite_techenv/prerequisite_techenv.html HTTP/1.1"
2423	2024/01/11 08:17:40	"GET /uv248fip248inf210/practice_docker.html HTTP/1.1"
2423	2024/01/11 08:20:19	"GET /uv248fip248inf210/images/technical_environment/prerequisite_techenv/prerequisite_techenv.html HTTP/1.1"
2423	2024/01/11 08:20:21	"GET /uv248fip248inf210/documentation_si.html HTTP/1.1"
2423	2024/01/11 08:20:34	"GET /uv248fip248inf210/documentation_programming.html HTTP/1.1"
2423	2024/01/11 08:21:18	"GET /uv248fip248inf210/practice_spring.html HTTP/1.1"
2423	2024/01/11 08:22:00	"GET /uv248fip248inf210/inversion_of_control.html HTTP/1.1"
2423	2024/01/11 08:33:58	"GET /uv248fip248inf210/web_architecture_home.html HTTP/1.1"
2423	2024/01/11 09:09:55	"GET /uv248fip248inf210/documentation_programming.html HTTP/1.1"
2423	2024/01/11 09:10:03	"GET /uv248fip248inf210/practice_spring.html HTTP/1.1"
2423	2024/01/11 15:28:42	"GET /uv248fip248inf210/web_architecture_home.html HTTP/1.1"
2423	2024/01/11 15:29:08	"GET /uv248fip248inf210/images/web_architecture/prerequisite_archiweb/prerequisite_archiweb.html HTTP/1.1"
2423	2024/01/11 15:29:14	"GET /uv248fip248inf210/practice_spring_2tiers.html HTTP/1.1"
2423	2024/01/11 15:32:00	"GET /uv248fip248inf210/data_home.html HTTP/1.1"
2423	2024/01/11 15:33:28	"GET /uv248fip248inf210/lecture_technical_architecture.html HTTP/1.1"
2423	2024/01/11 15:33:56	"GET /uv248fip248inf210/technical_environment_home.html HTTP/1.1"
2423	2024/01/11 15:34:16	"GET /uv248fip248inf210/practice_docker.html HTTP/1.1"
2423	2024/01/11 15:49:56	"GET /uv248fip248inf210/practice_docker_advanced.html HTTP/1.1"
2423	2024/01/11 15:50:24	"GET /uv248fip248inf210/practice_postgresql.html HTTP/1.1"
2423	2024/01/11 15:50:47	"GET /uv248fip248inf210/practice_spring.html HTTP/1.1"
2423	2024/01/11 15:50:56	"GET /uv248fip248inf210/index.html HTTP/1.1"
2423	2024/02/21 13:53:41	"GET /uv248fip248inf210/project_home.html HTTP/1.1"
2423	2024/02/21 13:53:46	"GET /uv248fip248inf210/project_presentation.html HTTP/1.1"
2423	2024/02/21 13:56:16	"GET /uv248fip248inf210/project_part1.html HTTP/1.1"
2423	2024/02/21 13:56:32	"GET /uv248fip248inf210/project_specifications.html HTTP/1.1"
2423	2024/02/29 10:29:06	"GET /uv248fip248inf210/project_home.html HTTP/1.1"
2423	2024/02/29 10:29:10	"GET /uv248fip248inf210/project_part3.html HTTP/1.1"
2423	2024/02/29 10:30:31	"GET /uv248fip248inf210/project_structureui.html HTTP/1.1"
2423	2024/01/09 10:28:44	"GET /uv248fip248inf210/technical_environment_home.html HTTP/1.1"
2423	2024/02/26 09:35:12	"GET /uv248fip248inf210/project_home.html HTTP/1.1"
2423	2024/02/26 09:35:23	"GET /uv248fip248inf210/project_part2.html HTTP/1.1"
2423	2024/02/26 09:36:29	"GET /uv248fip248inf210/project_specifications.html HTTP/1.1"
2423	2024/02/26 09:39:30	"GET /uv248fip248inf210/project_presentation.html HTTP/1.1"
2423	2024/02/26 09:39:38	"GET /uv248fip248inf210/project_part1.html HTTP/1.1"
2423	2024/01/15 10:15:52	"GET /uv248fip248inf210/web_architecture_home.html HTTP/1.1"
2423	2024/02/28 09:40:05	"GET /uv248fip248inf210/project_home.html HTTP/1.1"
2423	2024/02/28 09:40:09	"GET /uv248fip248inf210/project_part2.html HTTP/1.1"
2423	2024/02/28 23:58:20	"GET /uv248fip248inf210/project_home.html HTTP/1.1"
2423	2024/02/28 23:58:26	"GET /uv248fip248inf210/project_evaluation.html HTTP/1.1"
2423	2024/02/28 23:58:35	"GET /uv248fip248inf210/project_task_time.html HTTP/1.1"
2423	2024/01/12 13:50:50	"GET /uv248fip248inf210/web_architecture_home.html HTTP/1.1"
2423	2024/01/12 13:53:48	"GET /uv248fip248inf210/images/web_architecture/prerequisite_archiweb/prerequisite_archiweb.html HTTP/1.1"
2423	2024/01/12 13:53:51	"GET /uv248fip248inf210/practice_spring_2tiers.html HTTP/1.1"
2423	2024/01/12 15:49:07	"GET /uv248fip248inf210/index.html HTTP/1.1"
2423	2024/01/12 15:49:10	"GET /uv248fip248inf210/technical_environment_home.html HTTP/1.1"
2423	2024/01/12 15:49:13	"GET /uv248fip248inf210/images/technical_environment/prerequisite_techenv/prerequisite_techenv.html HTTP/1.1"
2423	2024/01/12 15:49:16	"GET /uv248fip248inf210/practice_docker.html HTTP/1.1"
