2425	2024/09/09 17:53:33	"GET /uv248fip248inf210/practice_docker.html HTTP/1.1"
2425	2024/09/09 17:55:03	"GET /uv248fip248inf210/data_home.html HTTP/1.1"
2425	2024/01/29 09:41:32	"GET /uv248fip248inf210/practice_docker.html HTTP/1.1"
2425	2024/01/29 09:41:39	"GET /uv248fip248inf210/index.html HTTP/1.1"
2425	2024/01/29 09:41:44	"GET /uv248fip248inf210/web_architecture_home.html HTTP/1.1"
2425	2024/01/29 09:41:58	"GET /uv248fip248inf210/images/web_architecture/prerequisite_archiweb/prerequisite_archiweb.html HTTP/1.1"
2425	2024/01/29 09:42:02	"GET /uv248fip248inf210/lecture_jpa.html HTTP/1.1"
2425	2024/01/29 09:42:25	"GET /uv248fip248inf210/practice_xml.html HTTP/1.1"
2425	2024/01/29 09:42:40	"GET /uv248fip248inf210/lecture_validity.html HTTP/1.1"
2425	2024/01/29 10:40:36	"GET /uv248fip248inf210/practice_jpa.html HTTP/1.1"
2425	2024/03/10 11:03:20	"GET /uv248fip248inf210/index.html HTTP/1.1"
2425	2024/03/10 11:05:33	"GET /uv248fip248inf210/project_home.html HTTP/1.1"
2425	2024/03/10 11:05:37	"GET /uv248fip248inf210/project_part3.html HTTP/1.1"
2425	2024/02/13 08:11:12	"GET /uv248fip248inf210/practice_docker.html HTTP/1.1"
2425	2024/02/13 08:11:17	"GET /uv248fip248inf210/index.html HTTP/1.1"
2425	2024/02/13 08:11:21	"GET /uv248fip248inf210/web_architecture_home.html HTTP/1.1"
2425	2024/02/13 08:11:44	"GET /uv248fip248inf210/data_home.html HTTP/1.1"
2425	2024/02/13 08:11:56	"GET /uv248fip248inf210/images/web_architecture/prerequisite_archiweb/prerequisite_archiweb.html HTTP/1.1"
2425	2024/02/13 08:11:59	"GET /uv248fip248inf210/practice_jpa.html HTTP/1.1"
2425	2024/02/13 08:13:24	"GET /uv248fip248inf210/project_home.html HTTP/1.1"
2425	2024/02/13 08:13:55	"GET /uv248fip248inf210/practice_jpa.html HTTP/1.1"
2425	2024/02/13 08:15:00	"GET /uv248fip248inf210/practice_jpa_advanced.html HTTP/1.1"
2425	2024/02/13 08:19:59	"GET /uv248fip248inf210/technical_environment_home.html HTTP/1.1"
2425	2024/02/06 13:52:35	"GET /uv248fip248inf210/practice_docker.html HTTP/1.1"
2425	2024/02/06 14:27:54	"GET /uv248fip248inf210/index.html HTTP/1.1"
2425	2024/02/06 14:27:59	"GET /uv248fip248inf210/data_home.html HTTP/1.1"
2425	2024/02/06 14:28:03	"GET /uv248fip248inf210/images/data/prerequisite_data/prerequisite_data.html HTTP/1.1"
2425	2024/02/06 14:28:18	"GET /uv248fip248inf210/activity_conceptual_modeling_advanced.html HTTP/1.1"
2425	2024/02/06 14:29:46	"GET /uv248fip248inf210/activity_conceptual_modeling.html HTTP/1.1"
2425	2024/02/06 14:34:38	"GET /uv248fip248inf210/activity_conceptual_modeling_correction.html HTTP/1.1"
2425	2024/03/11 14:07:35	"GET /uv248fip248inf210/index.html HTTP/1.1"
2425	2024/03/11 14:07:39	"GET /uv248fip248inf210/data_home.html HTTP/1.1"
2425	2024/03/11 14:07:44	"GET /uv248fip248inf210/lecture_normalization.html HTTP/1.1"
2425	2024/03/11 14:15:41	"GET /uv248fip248inf210/project_home.html HTTP/1.1"
2425	2024/03/11 14:15:45	"GET /uv248fip248inf210/project_part1.html HTTP/1.1"
2425	2024/03/04 09:46:03	"GET /uv248fip248inf210/practice_docker.html HTTP/1.1"
2425	2024/03/04 09:46:06	"GET /uv248fip248inf210/index.html HTTP/1.1"
2425	2024/03/04 09:46:11	"GET /uv248fip248inf210/project_home.html HTTP/1.1"
2425	2024/03/04 09:46:22	"GET /uv248fip248inf210/project_part3.html HTTP/1.1"
2425	2024/09/12 17:08:50	"GET /uv248fip248inf210/practice_docker.html HTTP/1.1"
2425	2024/09/12 17:09:25	"GET /uv248fip248inf210/index.html HTTP/1.1"
2425	2024/09/12 17:09:29	"GET /uv248fip248inf210/web_architecture_home.html HTTP/1.1"
2425	2024/09/12 17:09:34	"GET /uv248fip248inf210/practice_spring_2tiers.html HTTP/1.1"
2425	2024/01/30 15:22:32	"GET /uv248fip248inf210/images/web_architecture/prerequisite_archiweb/prerequisite_archiweb.html HTTP/1.1"
2425	2024/01/30 15:22:38	"GET /uv248fip248inf210/practice_jpa.html HTTP/1.1"
2425	2024/09/18 10:24:12	"GET /uv248fip248inf210/data_home.html HTTP/1.1"
2425	2024/09/18 10:32:30	"GET /uv248fip248inf210/lecture_normalization.html HTTP/1.1"
2425	2024/09/18 10:33:49	"GET /uv248fip248inf210/lecture_independence_views.html HTTP/1.1"
2425	2024/09/18 10:33:51	"GET /uv248fip248inf210/activity_conceptual_modeling.html HTTP/1.1"
2425	2024/09/18 10:33:54	"GET /uv248fip248inf210/activity_normalization.html HTTP/1.1"
2425	2024/09/18 10:39:45	"GET /uv248fip248inf210/activity_normalization_correction.html HTTP/1.1"
2425	2024/03/09 14:26:04	"GET /uv248fip248inf210/web_architecture_home.html HTTP/1.1"
2425	2024/03/09 14:26:17	"GET /uv248fip248inf210/project_home.html HTTP/1.1"
2425	2024/03/09 14:26:23	"GET /uv248fip248inf210/project_part1.html HTTP/1.1"
2425	2024/03/09 14:26:40	"GET /uv248fip248inf210/project_part2.html HTTP/1.1"
2425	2024/03/06 09:34:11	"GET /uv248fip248inf210/project_home.html HTTP/1.1"
2425	2024/03/06 09:42:13	"GET /uv248fip248inf210/project_specifications.html HTTP/1.1"
2425	2024/02/05 11:04:59	"GET /uv248fip248inf210/practice_docker.html HTTP/1.1"
2425	2024/02/05 11:05:04	"GET /uv248fip248inf210/index.html HTTP/1.1"
2425	2024/02/05 11:05:06	"GET /uv248fip248inf210/data_home.html HTTP/1.1"
2425	2024/02/05 11:05:14	"GET /uv248fip248inf210/activity_normalization.html HTTP/1.1"
2425	2024/02/05 16:07:40	"GET /uv248fip248inf210/lecture_jpa.html HTTP/1.1"
2425	2024/02/05 16:07:57	"GET /uv248fip248inf210/practice_jpa.html HTTP/1.1"
2425	2024/09/02 15:56:29	"GET /uv248fip248inf210/data_home.html HTTP/1.1"
2425	2024/09/02 15:56:50	"GET /uv248fip248inf210/images/data/prerequisite_data/prerequisite_data.html HTTP/1.1"
2425	2024/09/02 15:56:52	"GET /uv248fip248inf210/lecture_modeling_normalization.html HTTP/1.1"
2425	2024/09/02 15:57:38	"GET /uv248fip248inf210/lecture_conceptual_modeling.html HTTP/1.1"
2425	2024/09/02 15:57:41	"GET /uv248fip248inf210/lecture_normalisation.html HTTP/1.1"
2425	2024/09/02 16:17:38	"GET /uv248fip248inf210/lecture_normalisation.html HTTP/1.1"
2425	2024/01/22 13:50:55	"GET /uv248fip248inf210/practice_docker.html HTTP/1.1"
2425	2024/01/22 13:50:58	"GET /uv248fip248inf210/index.html HTTP/1.1"
2425	2024/01/22 13:51:06	"GET /uv248fip248inf210/web_architecture_home.html HTTP/1.1"
2425	2024/01/22 13:52:35	"GET /uv248fip248inf210/images/web_architecture/prerequisite_archiweb/prerequisite_archiweb.html HTTP/1.1"
2425	2024/01/22 13:52:38	"GET /uv248fip248inf210/lecture_dto.html HTTP/1.1"
2425	2024/01/22 13:56:08	"GET /uv248fip248inf210/lecture_json.html HTTP/1.1"
2425	2024/01/22 13:58:20	"GET /uv248fip248inf210/practice_json.html HTTP/1.1"
2425	2024/01/22 14:21:09	"GET /uv248fip248inf210/lecture_dto.html HTTP/1.1"
2425	2024/01/22 14:21:16	"GET /uv248fip248inf210/data_home.html HTTP/1.1"
2425	2024/01/22 14:21:19	"GET /uv248fip248inf210/images/data/prerequisite_data/prerequisite_data.html HTTP/1.1"
2425	2024/01/22 14:29:03	"GET /uv248fip248inf210/lecture_xml.html HTTP/1.1"
2425	2024/01/22 14:49:02	"GET /uv248fip248inf210/lecture_validity.html HTTP/1.1"
2425	2024/01/22 14:49:08	"GET /uv248fip248inf210/practice_xml.html HTTP/1.1"
2425	2024/02/19 09:38:22	"GET /uv248fip248inf210/practice_docker.html HTTP/1.1"
2425	2024/02/19 09:38:25	"GET /uv248fip248inf210/index.html HTTP/1.1"
2425	2024/02/19 09:55:49	"GET /uv248fip248inf210/web_architecture_home.html HTTP/1.1"
2425	2024/02/19 09:55:57	"GET /uv248fip248inf210/images/web_architecture/prerequisite_archiweb/prerequisite_archiweb.html HTTP/1.1"
2425	2024/02/19 09:55:59	"GET /uv248fip248inf210/practice_spring_2tiers_ext.html HTTP/1.1"
2425	2024/03/07 09:45:37	"GET /uv248fip248inf210/index.html HTTP/1.1"
2425	2024/03/07 09:47:04	"GET /uv248fip248inf210/project_home.html HTTP/1.1"
2425	2024/03/07 09:49:45	"GET /uv248fip248inf210/project_specifications.html HTTP/1.1"
2425	2024/03/07 12:10:57	"GET /uv248fip248inf210/index.html HTTP/1.1"
2425	2024/03/07 12:11:11	"GET /uv248fip248inf210/technical_environment_home.html HTTP/1.1"
2425	2024/03/07 12:11:18	"GET /uv248fip248inf210/index.html HTTP/1.1"
2425	2024/03/07 12:11:20	"GET /uv248fip248inf210/project_home.html HTTP/1.1"
2425	2024/03/07 12:11:28	"GET /uv248fip248inf210/project_evaluation.html HTTP/1.1"
2425	2024/03/07 12:11:41	"GET /uv248fip248inf210/project_part1.html HTTP/1.1"
2425	2024/03/07 12:12:24	"GET /uv248fip248inf210/licence.html HTTP/1.1"
2425	2024/03/07 12:12:43	"GET /uv248fip248inf210/project_part2.html HTTP/1.1"
2425	2024/03/07 12:13:04	"GET /uv248fip248inf210/project_part3.html HTTP/1.1"
2425	2024/09/03 18:54:59	"GET /uv248fip248inf210/documentation_programming.html HTTP/1.1"
2425	2024/09/03 18:56:34	"GET /uv248fip248inf210/spring_bean.html HTTP/1.1"
2425	2024/09/03 20:55:11	"GET /uv248fip248inf210/practice_spring.html HTTP/1.1"
2425	2024/09/03 20:55:32	"GET /uv248fip248inf210/index.html HTTP/1.1"
2425	2024/09/03 20:55:36	"GET /uv248fip248inf210/web_architecture_home.html HTTP/1.1"
2425	2024/09/03 20:55:55	"GET /uv248fip248inf210/lecture_software_architecture.html HTTP/1.1"
2425	2024/09/03 20:56:06	"GET /uv248fip248inf210/project_home.html HTTP/1.1"
2425	2024/09/03 20:56:22	"GET /uv248fip248inf210/project_part1.html HTTP/1.1"
2425	2024/09/03 20:56:52	"GET /uv248fip248inf210/project_part2.html HTTP/1.1"
2425	2024/09/03 20:56:57	"GET /uv248fip248inf210/project_part3.html HTTP/1.1"
2425	2024/09/03 20:57:05	"GET /uv248fip248inf210/data_home.html HTTP/1.1"
2425	2024/09/03 20:57:19	"GET /uv248fip248inf210/images/data/prerequisite_data/prerequisite_data.html HTTP/1.1"
2425	2024/09/03 20:57:21	"GET /uv248fip248inf210/practice_transaction.html HTTP/1.1"
2425	2024/09/03 20:57:54	"GET /uv248fip248inf210/practice_jpa.html HTTP/1.1"
2425	2024/09/03 20:58:21	"GET /uv248fip248inf210/practice_spring_2tiers.html HTTP/1.1"
2425	2024/09/03 21:15:31	"GET /uv248fip248inf210/technical_environment_home.html HTTP/1.1"
2425	2024/09/03 21:15:41	"GET /uv248fip248inf210/images/technical_environment/prerequisite_techenv/prerequisite_techenv.html HTTP/1.1"
2425	2024/02/03 16:36:29	"GET /uv248fip248inf210/practice_docker.html HTTP/1.1"
2425	2024/02/03 16:37:28	"GET /uv248fip248inf210/index.html HTTP/1.1"
2425	2024/02/03 16:38:37	"GET /uv248fip248inf210/project_home.html HTTP/1.1"
2425	2024/02/03 16:42:40	"GET /uv248fip248inf210/technical_environment_home.html HTTP/1.1"
2425	2024/02/03 16:42:54	"GET /uv248fip248inf210/documentation_docker.html HTTP/1.1"
2425	2024/02/03 16:57:26	"GET /uv248fip248inf210/web_architecture_home.html HTTP/1.1"
2425	2024/02/03 16:57:35	"GET /uv248fip248inf210/data_home.html HTTP/1.1"
2425	2024/02/03 17:08:44	"GET /uv248fip248inf210/lecture_relational_model.html HTTP/1.1"
2425	2024/02/03 17:12:28	"GET /uv248fip248inf210/lecture_db_integrity.html HTTP/1.1"
2425	2024/02/03 17:12:34	"GET /uv248fip248inf210/lecture_modeling_normalization.html HTTP/1.1"
2425	2024/02/03 17:12:47	"GET /uv248fip248inf210/lecture_db_tools.html HTTP/1.1"
2425	2024/02/03 17:12:48	"GET /uv248fip248inf210/activity_relational_model.html HTTP/1.1"
2425	2024/02/03 17:13:16	"GET /uv248fip248inf210/lecture_normalization.html HTTP/1.1"
2425	2024/01/17 09:30:27	"GET /uv248fip248inf210/practice_docker.html HTTP/1.1"
2425	2024/01/17 09:30:33	"GET /uv248fip248inf210/index.html HTTP/1.1"
2425	2024/01/17 09:30:37	"GET /uv248fip248inf210/web_architecture_home.html HTTP/1.1"
2425	2024/01/17 09:30:45	"GET /uv248fip248inf210/practice_spring_2tiers.html HTTP/1.1"
2425	2024/01/17 11:13:49	"GET /uv248fip248inf210/data_home.html HTTP/1.1"
2425	2024/01/17 11:13:52	"GET /uv248fip248inf210/activity_sql.html HTTP/1.1"
2425	2024/01/17 11:16:29	"GET /uv248fip248inf210/activity_sql_correction.html HTTP/1.1"
2425	2024/01/17 11:55:43	"GET /uv248fip248inf210/practice_sql.html HTTP/1.1"
2425	2024/01/17 11:56:36	"GET /uv248fip248inf210/documentation_rdbms.html HTTP/1.1"
2425	2024/09/22 17:40:54	"GET /uv248fip248inf210/web_architecture_home.html HTTP/1.1"
2425	2024/09/22 17:41:15	"GET /uv248fip248inf210/images/web_architecture/prerequisite_archiweb/prerequisite_archiweb.html HTTP/1.1"
2425	2024/09/22 17:41:17	"GET /uv248fip248inf210/lecture_jpa.html HTTP/1.1"
2425	2024/09/22 18:14:38	"GET /uv248fip248inf210/practice_jpa.html HTTP/1.1"
2425	2024/09/22 22:17:50	"GET /uv248fip248inf210/data_home.html HTTP/1.1"
2425	2024/09/22 22:17:58	"GET /uv248fip248inf210/activity_normalization.html HTTP/1.1"
2425	2024/09/22 22:18:06	"GET /uv248fip248inf210/lecture_conceptual_modeling.html HTTP/1.1"
2425	2024/08/28 14:51:54	"GET /uv248fip248inf210/practice_docker.html HTTP/1.1"
2425	2024/02/23 21:20:40	"GET /uv248fip248inf210/practice_docker.html HTTP/1.1"
2425	2024/02/23 21:20:52	"GET /uv248fip248inf210/index.html HTTP/1.1"
2425	2024/02/23 21:21:00	"GET /uv248fip248inf210/project_home.html HTTP/1.1"
2425	2024/02/23 21:21:05	"GET /uv248fip248inf210/project_part1.html HTTP/1.1"
2425	2024/02/23 21:21:32	"GET /uv248fip248inf210/project_specifications.html HTTP/1.1"
2425	2024/02/23 21:50:48	"GET /uv248fip248inf210/project_presentation.html HTTP/1.1"
2425	2024/02/23 22:40:34	"GET /uv248fip248inf210/project_evaluation.html HTTP/1.1"
2425	2024/02/23 22:40:57	"GET /uv248fip248inf210/project_task_time.html HTTP/1.1"
2425	2024/01/19 09:42:21	"GET /uv248fip248inf210/practice_docker.html HTTP/1.1"
2425	2024/01/19 09:42:30	"GET /uv248fip248inf210/index.html HTTP/1.1"
2425	2024/01/19 09:42:46	"GET /uv248fip248inf210/data_home.html HTTP/1.1"
2425	2024/01/19 09:44:28	"GET /uv248fip248inf210/images/data/prerequisite_data/prerequisite_data.html HTTP/1.1"
2425	2024/01/19 09:44:31	"GET /uv248fip248inf210/lecture_transaction.html HTTP/1.1"
2425	2024/01/19 10:40:22	"GET /uv248fip248inf210/practice_transaction.html HTTP/1.1"
2425	2024/01/19 10:41:40	"GET /uv248fip248inf210/documentation_rdbms.html HTTP/1.1"
2425	2024/01/19 11:38:25	"GET /uv248fip248inf210/practice_transaction_correction.html HTTP/1.1"
2425	2024/08/27 19:23:02	"GET /uv248fip248inf210/index.html HTTP/1.1"
2425	2024/01/11 08:00:17	"GET /uv248fip248inf210/practice_docker.html HTTP/1.1"
2425	2024/01/11 09:06:10	"GET /uv248fip248inf210/technical_environment_home.html HTTP/1.1"
2425	2024/01/11 09:06:25	"GET /uv248fip248inf210/practice_postgresql.html HTTP/1.1"
2425	2024/01/11 09:36:41	"GET /uv248fip248inf210/index.html HTTP/1.1"
2425	2024/01/11 09:39:01	"GET /uv248fip248inf210/web_architecture_home.html HTTP/1.1"
2425	2024/01/11 09:58:10	"GET /uv248fip248inf210/index.html HTTP/1.1"
2425	2024/01/11 09:58:37	"GET /uv248fip248inf210/data_home.html HTTP/1.1"
2425	2024/01/11 10:00:27	"GET /uv248fip248inf210/web_architecture_home.html HTTP/1.1"
2425	2024/01/11 10:17:50	"GET /uv248fip248inf210/index.html HTTP/1.1"
2425	2024/01/11 10:27:51	"GET /uv248fip248inf210/data_home.html HTTP/1.1"
2425	2024/01/11 10:29:27	"GET /uv248fip248inf210/lecture_relational_model.html HTTP/1.1"
2425	2024/01/11 10:42:43	"GET /uv248fip248inf210/index.html HTTP/1.1"
2425	2024/01/11 10:42:45	"GET /uv248fip248inf210/lecture_db_integrity.html HTTP/1.1"
2425	2024/01/11 10:43:02	"GET /uv248fip248inf210/lecture_modeling_normalization.html HTTP/1.1"
2425	2024/01/11 15:24:52	"GET /uv248fip248inf210/practice_docker.html HTTP/1.1"
2425	2024/01/11 15:24:57	"GET /uv248fip248inf210/index.html HTTP/1.1"
2425	2024/01/11 15:25:36	"GET /uv248fip248inf210/data_home.html HTTP/1.1"
2425	2024/01/11 15:25:45	"GET /uv248fip248inf210/lecture_modeling_normalization.html HTTP/1.1"
2425	2024/01/11 15:26:22	"GET /uv248fip248inf210/lecture_db_integrity.html HTTP/1.1"
2425	2024/01/11 15:33:28	"GET /uv248fip248inf210/data_home.html HTTP/1.1"
2425	2024/01/11 15:33:31	"GET /uv248fip248inf210/images/data/prerequisite_data/prerequisite_data.html HTTP/1.1"
2425	2024/01/11 15:33:41	"GET /uv248fip248inf210/lecture_conceptual_modeling.html HTTP/1.1"
2425	2024/01/11 15:52:40	"GET /uv248fip248inf210/lecture_normalization.html HTTP/1.1"
2425	2024/01/11 16:05:26	"GET /uv248fip248inf210/activity_conceptual_modeling.html HTTP/1.1"
2425	2024/01/11 16:06:07	"GET /uv248fip248inf210/activity_conceptual_modeling.html HTTP/1.1"
2425	2024/01/11 16:06:09	"GET /uv248fip248inf210/activity_conceptual_modeling.html HTTP/1.1"
2425	2024/01/11 16:06:24	"GET /uv248fip248inf210/activity_conceptual_modeling.html HTTP/1.1"
2425	2024/01/11 16:06:41	"GET /uv248fip248inf210/lecture_modeling_normalization.html HTTP/1.1"
2425	2024/09/26 14:28:04	"GET /uv248fip248inf210/technical_environment_home.html HTTP/1.1"
2425	2024/02/21 13:53:24	"GET /uv248fip248inf210/index.html HTTP/1.1"
2425	2024/02/21 13:53:28	"GET /uv248fip248inf210/project_home.html HTTP/1.1"
2425	2024/02/21 13:53:33	"GET /uv248fip248inf210/project_part1.html HTTP/1.1"
2425	2024/02/21 14:47:55	"GET /uv248fip248inf210/project_specifications.html HTTP/1.1"
2425	2024/02/21 14:55:07	"GET /uv248fip248inf210/project_part1.html HTTP/1.1"
2425	2024/02/21 15:35:39	"GET /uv248fip248inf210/project_specifications.html HTTP/1.1"
2425	2024/02/21 15:52:24	"GET /uv248fip248inf210/technical_environment_home.html HTTP/1.1"
2425	2024/02/21 15:52:40	"GET /uv248fip248inf210/practice_postgresql.html HTTP/1.1"
2425	2024/09/21 10:05:16	"GET /uv248fip248inf210/practice_docker.html HTTP/1.1"
2425	2024/09/21 10:05:22	"GET /uv248fip248inf210/index.html HTTP/1.1"
2425	2024/09/21 10:06:35	"GET /uv248fip248inf210/lecture_relational_model.html HTTP/1.1"
2425	2024/09/21 10:06:58	"GET /uv248fip248inf210/lecture_conceptual_modeling.html HTTP/1.1"
2425	2024/09/21 10:29:11	"GET /uv248fip248inf210/lecture_normalization.html HTTP/1.1"
2425	2024/09/21 18:20:37	"GET /uv248fip248inf210/practice_sql.html HTTP/1.1"
2425	2024/09/21 18:22:53	"GET /uv248fip248inf210/practice_sql_correction.html HTTP/1.1"
2425	2024/01/09 10:26:14	"GET /uv248fip248inf210/technical_environment_home.html HTTP/1.1"
2425	2024/01/09 11:05:23	"GET /uv248fip248inf210/documentation_programming.html HTTP/1.1"
2425	2024/01/09 11:08:35	"GET /uv248fip248inf210/practice_spring.html HTTP/1.1"
2425	2024/01/09 11:43:09	"GET /uv248fip248inf210/documentation_docker.html HTTP/1.1"
2425	2024/01/09 11:57:02	"GET /uv248fip248inf210/practice_docker.html HTTP/1.1"
2425	2024/02/26 09:34:23	"GET /uv248fip248inf210/practice_docker.html HTTP/1.1"
2425	2024/02/26 09:34:28	"GET /uv248fip248inf210/index.html HTTP/1.1"
2425	2024/02/26 09:34:33	"GET /uv248fip248inf210/project_home.html HTTP/1.1"
2425	2024/02/26 09:41:35	"GET /uv248fip248inf210/project_part2.html HTTP/1.1"
2425	2024/02/26 09:53:15	"GET /uv248fip248inf210/project_part1.html HTTP/1.1"
2425	2024/02/26 09:53:37	"GET /uv248fip248inf210/project_part2.html HTTP/1.1"
2425	2024/02/26 11:22:37	"GET /uv248fip248inf210/project_home.html HTTP/1.1"
2425	2024/02/26 11:22:40	"GET /uv248fip248inf210/web_architecture_home.html HTTP/1.1"
2425	2024/02/26 11:22:56	"GET /uv248fip248inf210/images/web_architecture/prerequisite_archiweb/prerequisite_archiweb.html HTTP/1.1"
2425	2024/02/26 11:22:58	"GET /uv248fip248inf210/practice_jpa_advanced.html HTTP/1.1"
2425	2024/02/26 11:23:37	"GET /uv248fip248inf210/practice_spring_2tiers_ext.html HTTP/1.1"
2425	2024/01/15 09:41:44	"GET /uv248fip248inf210/practice_docker.html HTTP/1.1"
2425	2024/01/15 09:41:57	"GET /uv248fip248inf210/index.html HTTP/1.1"
2425	2024/01/15 09:42:23	"GET /uv248fip248inf210/web_architecture_home.html HTTP/1.1"
2425	2024/01/15 09:42:31	"GET /uv248fip248inf210/images/web_architecture/prerequisite_archiweb/prerequisite_archiweb.html HTTP/1.1"
2425	2024/01/15 09:43:04	"GET /uv248fip248inf210/lecture_technical_architecture.html HTTP/1.1"
2425	2024/01/15 09:43:07	"GET /uv248fip248inf210/lecture_software_architecture.html HTTP/1.1"
2425	2024/01/15 09:43:14	"GET /uv248fip248inf210/practice_spring_2tiers.html HTTP/1.1"
2425	2024/01/15 09:43:24	"GET /uv248fip248inf210/project_home.html HTTP/1.1"
2425	2024/01/15 09:43:53	"GET /uv248fip248inf210/lecture_mvc_spring.html HTTP/1.1"
2425	2024/02/28 09:34:57	"GET /uv248fip248inf210/practice_docker.html HTTP/1.1"
2425	2024/02/28 09:38:07	"GET /uv248fip248inf210/project_home.html HTTP/1.1"
2425	2024/02/28 09:38:14	"GET /uv248fip248inf210/project_part2.html HTTP/1.1"
2425	2024/02/28 10:09:09	"GET /uv248fip248inf210/project_part3.html HTTP/1.1"
2425	2024/02/28 11:57:05	"GET /uv248fip248inf210/project_part3.html HTTP/1.1"
2425	2024/02/28 13:51:56	"GET /uv248fip248inf210/practice_docker.html HTTP/1.1"
2425	2024/02/28 13:51:59	"GET /uv248fip248inf210/index.html HTTP/1.1"
2425	2024/02/28 16:17:09	"GET /uv248fip248inf210/project_specifications.html HTTP/1.1"
2425	2024/01/12 13:51:33	"GET /uv248fip248inf210/practice_docker.html HTTP/1.1"
2425	2024/01/12 13:51:52	"GET /uv248fip248inf210/index.html HTTP/1.1"
2425	2024/01/12 13:51:58	"GET /uv248fip248inf210/data_home.html HTTP/1.1"
2425	2024/01/12 13:52:06	"GET /uv248fip248inf210/lecture_normalization.html HTTP/1.1"
2425	2024/01/12 14:39:09	"GET /uv248fip248inf210/activity_normalization.html HTTP/1.1"
2425	2024/01/12 14:42:47	"GET /uv248fip248inf210/activity_normalization_correction.html HTTP/1.1"
2425	2024/01/12 15:57:27	"GET /uv248fip248inf210/activity_decomposition.html HTTP/1.1"
2425	2024/01/12 16:18:28	"GET /uv248fip248inf210/activity_decomposition_correction.html HTTP/1.1"
