2426	2024/01/29 09:37:07	"GET /uv248fip248inf210/practice_sql.html HTTP/1.1"
2426	2024/01/29 09:40:05	"GET /uv248fip248inf210/practice_sql_correction.html HTTP/1.1"
2426	2024/01/29 10:26:50	"GET /uv248fip248inf210/index.html HTTP/1.1"
2426	2024/01/29 10:27:00	"GET /uv248fip248inf210/data_home.html HTTP/1.1"
2426	2024/01/29 10:28:01	"GET /uv248fip248inf210/practice_advanced_sql.html HTTP/1.1"
2426	2024/01/29 10:29:51	"GET /uv248fip248inf210/practice_advanced_sql_correction.html HTTP/1.1"
2426	2024/01/29 10:41:51	"GET /uv248fip248inf210/lecture_transaction.html HTTP/1.1"
2426	2024/02/13 08:16:47	"GET /uv248fip248inf210/practice_spring_2tiers_ext.html HTTP/1.1"
2426	2024/02/13 08:26:31	"GET /uv248fip248inf210/lecture_mvc_spring.html HTTP/1.1"
2426	2024/02/06 15:51:19	"GET /uv248fip248inf210/lecture_mvc_spring.html HTTP/1.1"
2426	2024/02/06 15:51:24	"GET /uv248fip248inf210/practice_jpa_advanced.html HTTP/1.1"
2426	2024/02/06 16:02:01	"GET /uv248fip248inf210/practice_spring_2tiers_ext.html HTTP/1.1"
2426	2024/03/04 09:33:45	"GET /uv248fip248inf210/project_part2.html HTTP/1.1"
2426	2024/03/04 09:34:05	"GET /uv248fip248inf210/project_part3.html HTTP/1.1"
2426	2024/03/13 21:16:35	"GET /uv248fip248inf210/project_specifications.html HTTP/1.1"
2426	2024/02/05 13:46:52	"GET /uv248fip248inf210/practice_transaction_correction.html HTTP/1.1"
2426	2024/02/05 13:47:13	"GET /uv248fip248inf210/practice_sql.html HTTP/1.1"
2426	2024/02/05 13:47:20	"GET /uv248fip248inf210/practice_sql_correction.html HTTP/1.1"
2426	2024/02/05 15:26:58	"GET /uv248fip248inf210/web_architecture_home.html HTTP/1.1"
2426	2024/02/05 15:27:05	"GET /uv248fip248inf210/lecture_mvc_spring.html HTTP/1.1"
2426	2024/01/22 14:01:36	"GET /uv248fip248inf210/activity_normalization_correction.html HTTP/1.1"
2426	2024/01/22 14:30:06	"GET /uv248fip248inf210/activity_decomposition.html HTTP/1.1"
2426	2024/01/22 15:22:10	"GET /uv248fip248inf210/activity_decomposition_correction.html HTTP/1.1"
2426	2024/01/22 15:25:03	"GET /uv248fip248inf210/practice_independence_views.html HTTP/1.1"
2426	2024/01/22 15:27:07	"GET /uv248fip248inf210/activity_sql.html HTTP/1.1"
2426	2024/01/22 15:51:04	"GET /uv248fip248inf210/activity_sql_correction.html HTTP/1.1"
2426	2024/01/22 15:53:00	"GET /uv248fip248inf210/practice_sql.html HTTP/1.1"
2426	2024/02/19 09:43:30	"GET /uv248fip248inf210/index.html HTTP/1.1"
2426	2024/02/19 09:43:35	"GET /uv248fip248inf210/project_home.html HTTP/1.1"
2426	2024/02/19 09:43:53	"GET /uv248fip248inf210/project_specifications.html HTTP/1.1"
2426	2024/02/19 09:44:40	"GET /uv248fip248inf210/project_task_time.html HTTP/1.1"
2426	2024/02/19 09:44:54	"GET /uv248fip248inf210/project_part1.html HTTP/1.1"
2426	2024/02/19 09:45:08	"GET /uv248fip248inf210/project_part2.html HTTP/1.1"
2426	2024/02/19 09:45:25	"GET /uv248fip248inf210/fproject_part3.html HTTP/1.1"
2426	2024/02/19 09:45:30	"GET /uv248fip248inf210/project_structureui.html HTTP/1.1"
2426	2024/02/19 09:45:39	"GET /uv248fip248inf210/fproject_part3.html HTTP/1.1"
2426	2024/02/19 09:45:57	"GET /uv248fip248inf210/fproject_part3.html HTTP/1.1"
2426	2024/02/19 09:46:03	"GET /uv248fip248inf210/project_part4.html HTTP/1.1"
2426	2024/02/19 09:49:28	"GET /uv248fip248inf210/project_part4.html HTTP/1.1"
2426	2024/02/19 10:09:14	"GET /uv248fip248inf210/project_part1.html HTTP/1.1"
2426	2024/02/05 00:23:22	"GET /uv248fip248inf210/data_home.html HTTP/1.1"
2426	2024/02/05 00:23:29	"GET /uv248fip248inf210/lecture_transaction.html HTTP/1.1"
2426	2024/02/05 00:23:51	"GET /uv248fip248inf210/lecture_isolation.html HTTP/1.1"
2426	2024/02/05 00:31:23	"GET /uv248fip248inf210/practice_transaction.html HTTP/1.1"
2426	2024/02/05 00:31:53	"GET /uv248fip248inf210/practice_transaction_correction.html HTTP/1.1"
2426	2024/03/07 19:52:58	"GET /uv248fip248inf210/project_presentation.html HTTP/1.1"
2426	2024/03/07 19:53:05	"GET /uv248fip248inf210/project_part1.html HTTP/1.1"
2426	2024/03/07 19:58:22	"GET /uv248fip248inf210/project_part2.html HTTP/1.1"
2426	2024/01/17 13:48:32	"GET /uv248fip248inf210/lecture_json.html HTTP/1.1"
2426	2024/01/17 13:53:52	"GET /uv248fip248inf210/lecture_dto.html HTTP/1.1"
2426	2024/01/17 13:55:34	"GET /uv248fip248inf210/lecture_xml.html HTTP/1.1"
2426	2024/01/17 14:11:10	"GET /uv248fip248inf210/practice_xml.html HTTP/1.1"
2426	2024/01/17 15:22:36	"GET /uv248fip248inf210/lecture_json.html HTTP/1.1"
2426	2024/01/17 15:22:47	"GET /uv248fip248inf210/lecture_dto.html HTTP/1.1"
2426	2024/01/17 15:22:54	"GET /uv248fip248inf210/practice_json.html HTTP/1.1"
2426	2024/01/17 15:24:01	"GET /uv248fip248inf210/index.html HTTP/1.1"
2426	2024/01/17 15:24:06	"GET /uv248fip248inf210/data_home.html HTTP/1.1"
2426	2024/01/17 15:24:11	"GET /uv248fip248inf210/lecture_relational_model.html HTTP/1.1"
2426	2024/01/17 15:39:30	"GET /uv248fip248inf210/lecture_db_integrity.html HTTP/1.1"
2426	2024/01/17 16:06:37	"GET /uv248fip248inf210/lecture_relational_algebra.html HTTP/1.1"
2426	2024/01/17 16:07:43	"GET /uv248fip248inf210/activity_relational_model.html HTTP/1.1"
2426	2024/01/19 09:59:04	"GET /uv248fip248inf210/activity_relational_model_correction.html HTTP/1.1"
2426	2024/01/19 10:04:27	"GET /uv248fip248inf210/index.html HTTP/1.1"
2426	2024/01/19 10:04:32	"GET /uv248fip248inf210/data_home.html HTTP/1.1"
2426	2024/01/19 10:04:49	"GET /uv248fip248inf210/activity_relational_model.html HTTP/1.1"
2426	2024/01/19 10:05:05	"GET /uv248fip248inf210/lecture_modeling_normalization.html HTTP/1.1"
2426	2024/01/19 10:12:16	"GET /uv248fip248inf210/lecture_conceptual_modeling.html HTTP/1.1"
2426	2024/01/19 11:09:05	"GET /uv248fip248inf210/lecture_normalization.html HTTP/1.1"
2426	2024/01/19 11:27:56	"GET /uv248fip248inf210/lecture_independence_views.html HTTP/1.1"
2426	2024/01/19 11:36:01	"GET /uv248fip248inf210/activity_conceptual_modeling.html HTTP/1.1"
2426	2024/01/19 11:41:25	"GET /uv248fip248inf210/activity_conceptual_modeling_correction.html HTTP/1.1"
2426	2024/01/19 11:46:10	"GET /uv248fip248inf210/activity_conceptual_modeling_advanced.html HTTP/1.1"
2426	2024/01/19 11:47:05	"GET /uv248fip248inf210/activity_conceptual_modeling_advanced_correction.html HTTP/1.1"
2426	2024/01/19 11:47:59	"GET /uv248fip248inf210/activity_normalization.html HTTP/1.1"
2426	2024/01/11 08:00:00	"GET /uv248fip248inf210/images/technical_environment/prerequisite_techenv/prerequisite_techenv.html HTTP/1.1"
2426	2024/01/11 08:00:04	"GET /uv248fip248inf210/documentation_programming.html HTTP/1.1"
2426	2024/01/11 08:01:14	"GET /uv248fip248inf210/images/technical_environment/prerequisite_techenv/prerequisite_techenv.html HTTP/1.1"
2426	2024/01/11 08:33:58	"GET /uv248fip248inf210/technical_environment_home.html HTTP/1.1"
2426	2024/01/11 11:12:54	"GET /uv248fip248inf210/technical_environment_home.html HTTP/1.1"
2426	2024/01/11 15:43:45	"GET /uv248fip248inf210/documentation_docker.html HTTP/1.1"
2426	2024/01/11 16:04:56	"GET /uv248fip248inf210/practice_docker.html HTTP/1.1"
2426	2024/02/21 14:06:17	"GET /uv248fip248inf210/index.html HTTP/1.1"
2426	2024/02/21 14:06:21	"GET /uv248fip248inf210/project_home.html HTTP/1.1"
2426	2024/02/21 16:28:00	"GET /uv248fip248inf210/project_task_time.html HTTP/1.1"
2426	2024/01/09 10:23:24	"GET /uv248fip248inf210/technical_environment_home.html HTTP/1.1"
2426	2024/01/09 10:23:28	"GET /uv248fip248inf210/images/technical_environment/prerequisite_techenv/prerequisite_techenv.html HTTP/1.1"
2426	2024/01/09 10:49:35	"GET /uv248fip248inf210/technical_environment_home.html HTTP/1.1"
2426	2024/01/09 10:59:20	"GET /uv248fip248inf210/images/technical_environment/prerequisite_techenv/prerequisite_techenv.html HTTP/1.1"
2426	2024/01/09 10:59:22	"GET /uv248fip248inf210/documentation_docker.html HTTP/1.1"
2426	2024/01/09 11:02:29	"GET /uv248fip248inf210/documentation_programming.html HTTP/1.1"
2426	2024/01/09 11:11:53	"GET /uv248fip248inf210/documentation_si.html HTTP/1.1"
2426	2024/01/09 11:21:26	"GET /uv248fip248inf210/documentation_rdbms.html HTTP/1.1"
2426	2024/01/09 11:27:28	"GET /uv248fip248inf210/practice_spring.html HTTP/1.1"
2426	2024/01/09 11:35:40	"GET /uv248fip248inf210/practice_spring.html HTTP/1.1"
2426	2024/01/09 11:35:44	"GET /uv248fip248inf210/technical_environment_home.html HTTP/1.1"
2426	2024/02/26 09:45:22	"GET /uv248fip248inf210/project_part2.html HTTP/1.1"
2426	2024/02/26 10:01:54	"GET /uv248fip248inf210/project_home.html HTTP/1.1"
2426	2024/02/26 10:02:37	"GET /uv248fip248inf210/project_part2.html HTTP/1.1"
2426	2024/02/26 10:02:58	"GET /uv248fip248inf210/project_part1.html HTTP/1.1"
2426	2024/02/26 10:23:08	"GET /uv248fip248inf210/project_part2.html HTTP/1.1"
2426	2024/02/26 22:47:34	"GET /uv248fip248inf210/project_part2.html HTTP/1.1"
2426	2024/02/26 22:48:08	"GET /uv248fip248inf210/project_part1.html HTTP/1.1"
2426	2024/02/26 22:48:41	"GET /uv248fip248inf210/project_presentation.html HTTP/1.1"
2426	2024/02/26 22:48:52	"GET /uv248fip248inf210/project_specifications.html HTTP/1.1"
2426	2024/02/26 22:49:38	"GET /uv248fip248inf210/project_part1.html HTTP/1.1"
2426	2024/02/26 22:51:25	"GET /uv248fip248inf210/practice_jpa.html HTTP/1.1"
2426	2024/02/26 22:51:52	"GET /uv248fip248inf210/project_part2.html HTTP/1.1"
2426	2024/02/26 23:06:00	"GET /uv248fip248inf210/lecture_mvc_spring.html HTTP/1.1"
2426	2024/02/26 23:06:09	"GET /uv248fip248inf210/practice_jpa.html HTTP/1.1"
2426	2024/02/26 23:59:05	"GET /uv248fip248inf210/project_evaluation.html HTTP/1.1"
2426	2024/02/26 23:59:20	"GET /uv248fip248inf210/project_specifications.html HTTP/1.1"
2426	2024/02/27 00:09:43	"GET /uv248fip248inf210/project_presentation.html HTTP/1.1"
2426	2024/02/27 00:09:45	"GET /uv248fip248inf210/project_evaluation.html HTTP/1.1"
2426	2024/02/27 00:11:34	"GET /uv248fip248inf210/project_part2.html HTTP/1.1"
2426	2024/01/15 12:08:32	"GET /uv248fip248inf210/images/web_architecture/prerequisite_archiweb/prerequisite_archiweb.html HTTP/1.1"
2426	2024/01/15 12:08:36	"GET /uv248fip248inf210/lecture_dto.html HTTP/1.1"
2426	2024/01/15 12:11:08	"GET /uv248fip248inf210/lecture_xml.html HTTP/1.1"
2426	2024/02/28 11:39:49	"GET /uv248fip248inf210/index.html HTTP/1.1"
2426	2024/02/28 11:39:54	"GET /uv248fip248inf210/project_home.html HTTP/1.1"
2426	2024/02/28 11:40:10	"GET /uv248fip248inf210/project_specifications.html HTTP/1.1"
2426	2024/01/12 13:51:37	"GET /uv248fip248inf210/practice_docker_advanced.html HTTP/1.1"
2426	2024/01/12 13:56:59	"GET /uv248fip248inf210/documentation_programming.html HTTP/1.1"
2426	2024/01/12 13:57:41	"GET /uv248fip248inf210/practice_spring.html HTTP/1.1"
2426	2024/01/12 14:08:13	"GET /uv248fip248inf210/practice_postgresql.html HTTP/1.1"
2426	2024/01/12 14:08:58	"GET /uv248fip248inf210/documentation_programming.html HTTP/1.1"
2426	2024/01/12 14:09:03	"GET /uv248fip248inf210/practice_spring.html HTTP/1.1"
2426	2024/01/12 14:25:36	"GET /uv248fip248inf210/spring_bean.html HTTP/1.1"
2426	2024/01/12 14:43:16	"GET /uv248fip248inf210/practice_postgresql.html HTTP/1.1"
2426	2024/01/12 14:44:03	"GET /uv248fip248inf210/index.html HTTP/1.1"
2426	2024/01/12 14:44:17	"GET /uv248fip248inf210/web_architecture_home.html HTTP/1.1"
2426	2024/01/12 14:44:22	"GET /uv248fip248inf210/images/web_architecture/prerequisite_archiweb/prerequisite_archiweb.html HTTP/1.1"
2426	2024/01/12 14:44:43	"GET /uv248fip248inf210/lecture_jpa.html HTTP/1.1"
2426	2024/01/12 15:10:15	"GET /uv248fip248inf210/practice_jpa.html HTTP/1.1"
