2427	2024/03/05 15:49:09	"GET /uv248fip248inf210/project_part1.html HTTP/1.1"
2427	2024/03/10 16:56:08	"GET /uv248fip248inf210/web_architecture_home.html HTTP/1.1"
2427	2024/03/10 16:56:11	"GET /uv248fip248inf210/images/web_architecture/prerequisite_archiweb/prerequisite_archiweb.html HTTP/1.1"
2427	2024/03/10 16:56:14	"GET /uv248fip248inf210/practice_spring_2tiers.html HTTP/1.1"
2427	2024/03/10 16:57:32	"GET /uv248fip248inf210/lecture_technical_architecture.html HTTP/1.1"
2427	2024/03/10 16:57:38	"GET /uv248fip248inf210/lecture_software_architecture.html HTTP/1.1"
2427	2024/03/10 16:57:46	"GET /uv248fip248inf210/lecture_mvc_spring.html HTTP/1.1"
2427	2024/03/10 18:53:57	"GET /uv248fip248inf210/data_home.html HTTP/1.1"
2427	2024/03/10 18:54:03	"GET /uv248fip248inf210/index.html HTTP/1.1"
2427	2024/03/10 18:54:07	"GET /uv248fip248inf210/project_home.html HTTP/1.1"
2427	2024/03/10 18:54:09	"GET /uv248fip248inf210/project_part1.html HTTP/1.1"
2427	2024/03/10 19:21:37	"GET /uv248fip248inf210/images/data/prerequisite_data/prerequisite_data.html HTTP/1.1"
2427	2024/03/10 19:21:41	"GET /uv248fip248inf210/lecture_conceptual_modeling.html HTTP/1.1"
2427	2024/03/10 23:07:17	"GET /uv248fip248inf210/activity_conceptual_modeling.html HTTP/1.1"
2427	2024/03/10 23:07:55	"GET /uv248fip248inf210/activity_conceptual_modeling_correction.html HTTP/1.1"
2427	2024/02/13 08:22:32	"GET /uv248fip248inf210/web_architecture_home.html HTTP/1.1"
2427	2024/02/13 08:22:33	"GET /uv248fip248inf210/images/web_architecture/prerequisite_archiweb/prerequisite_archiweb.html HTTP/1.1"
2427	2024/02/13 08:22:41	"GET /uv248fip248inf210/practice_jpa.html HTTP/1.1"
2427	2024/03/11 11:37:00	"GET /uv248fip248inf210/activity_normalization.html HTTP/1.1"
2427	2024/03/11 11:37:21	"GET /uv248fip248inf210/activity_normalization_correction.html HTTP/1.1"
2427	2024/03/11 12:11:19	"GET /uv248fip248inf210/activity_decomposition.html HTTP/1.1"
2427	2024/03/11 12:11:48	"GET /uv248fip248inf210/activity_decomposition_correction.html HTTP/1.1"
2427	2024/03/11 13:43:36	"GET /uv248fip248inf210/technical_environment_home.html HTTP/1.1"
2427	2024/03/11 13:43:41	"GET /uv248fip248inf210/web_architecture_home.html HTTP/1.1"
2427	2024/03/11 13:43:53	"GET /uv248fip248inf210/lecture_normalization.html HTTP/1.1"
2427	2024/03/06 10:10:04	"GET /uv248fip248inf210/project_home.html HTTP/1.1"
2427	2024/03/06 16:16:01	"GET /uv248fip248inf210/project_specifications.html HTTP/1.1"
2427	2024/02/05 14:26:54	"GET /uv248fip248inf210/data_home.html HTTP/1.1"
2427	2024/02/05 14:27:00	"GET /uv248fip248inf210/images/data/prerequisite_data/prerequisite_data.html HTTP/1.1"
2427	2024/02/05 14:27:03	"GET /uv248fip248inf210/activity_conceptual_modeling.html HTTP/1.1"
2427	2024/02/05 14:27:07	"GET /uv248fip248inf210/lecture_normalization.html HTTP/1.1"
2427	2024/02/05 14:27:15	"GET /uv248fip248inf210/activity_normalization.html HTTP/1.1"
2427	2024/02/05 14:27:19	"GET /uv248fip248inf210/lecture_conceptual_modeling.html HTTP/1.1"
2427	2024/02/05 14:33:44	"GET /uv248fip248inf210/activity_decomposition.html HTTP/1.1"
2427	2024/02/05 14:33:54	"GET /uv248fip248inf210/lecture_modeling_normalization.html HTTP/1.1"
2427	2024/02/05 14:33:58	"GET /uv248fip248inf210/activity_conceptual_modeling.html HTTP/1.1"
2427	2024/02/05 14:34:06	"GET /uv248fip248inf210/activity_conceptual_modeling_correction.html HTTP/1.1"
2427	2024/01/22 13:54:58	"GET /uv248fip248inf210/index.html HTTP/1.1"
2427	2024/01/22 13:55:42	"GET /uv248fip248inf210/web_architecture_home.html HTTP/1.1"
2427	2024/01/22 13:55:57	"GET /uv248fip248inf210/images/web_architecture/prerequisite_archiweb/prerequisite_archiweb.html HTTP/1.1"
2427	2024/01/22 13:56:06	"GET /uv248fip248inf210/practice_spring_2tiers.html HTTP/1.1"
2427	2024/02/04 20:07:14	"GET /uv248fip248inf210/technical_environment_home.html HTTP/1.1"
2427	2024/02/04 20:07:28	"GET /uv248fip248inf210/data_home.html HTTP/1.1"
2427	2024/02/04 20:07:31	"GET /uv248fip248inf210/images/data/prerequisite_data/prerequisite_data.html HTTP/1.1"
2427	2024/02/04 20:07:43	"GET /uv248fip248inf210/lecture_relational_model.html HTTP/1.1"
2427	2024/02/04 20:07:52	"GET /uv248fip248inf210/lecture_db_integrity.html HTTP/1.1"
2427	2024/02/04 20:08:05	"GET /uv248fip248inf210/activity_relational_model.html HTTP/1.1"
2427	2024/02/04 20:08:24	"GET /uv248fip248inf210/lecture_modeling_normalization.html HTTP/1.1"
2427	2024/02/04 20:08:37	"GET /uv248fip248inf210/lecture_transaction.html HTTP/1.1"
2427	2024/02/04 20:10:47	"GET /uv248fip248inf210/practice_transaction.html HTTP/1.1"
2427	2024/02/04 20:11:15	"GET /uv248fip248inf210/lecture_conceptual_modeling.html HTTP/1.1"
2427	2024/02/04 20:17:19	"GET /uv248fip248inf210/activity_conceptual_modeling.html HTTP/1.1"
2427	2024/02/04 20:17:23	"GET /uv248fip248inf210/activity_conceptual_modeling_correction.html HTTP/1.1"
2427	2024/02/04 20:22:34	"GET /uv248fip248inf210/lecture_normalization.html HTTP/1.1"
2427	2024/02/04 20:22:45	"GET /uv248fip248inf210/activity_normalization.html HTTP/1.1"
2427	2024/02/04 20:22:54	"GET /uv248fip248inf210/activity_normalization_correction.html HTTP/1.1"
2427	2024/02/04 20:39:46	"GET /uv248fip248inf210/index.html HTTP/1.1"
2427	2024/02/04 20:39:50	"GET /uv248fip248inf210/data_home.html HTTP/1.1"
2427	2024/02/04 21:32:01	"GET /uv248fip248inf210/web_architecture_home.html HTTP/1.1"
2427	2024/02/04 21:32:02	"GET /uv248fip248inf210/images/web_architecture/prerequisite_archiweb/prerequisite_archiweb.html HTTP/1.1"
2427	2024/02/04 21:32:08	"GET /uv248fip248inf210/lecture_xml.html HTTP/1.1"
2427	2024/02/04 21:32:35	"GET /uv248fip248inf210/lecture_validity.html HTTP/1.1"
2427	2024/02/04 21:32:44	"GET /uv248fip248inf210/lecture_json.html HTTP/1.1"
2427	2024/02/04 21:33:13	"GET /uv248fip248inf210/lecture_jpa.html HTTP/1.1"
2427	2024/03/07 09:41:57	"GET /uv248fip248inf210/data_home.html HTTP/1.1"
2427	2024/03/07 09:42:02	"GET /uv248fip248inf210/project_home.html HTTP/1.1"
2427	2024/03/07 09:43:16	"GET /uv248fip248inf210/project_specifications.html HTTP/1.1"
2427	2024/03/12 15:54:55	"GET /uv248fip248inf210/technical_environment_home.html HTTP/1.1"
2427	2024/03/12 15:55:06	"GET /uv248fip248inf210/images/technical_environment/prerequisite_techenv/prerequisite_techenv.html HTTP/1.1"
2427	2024/03/12 15:55:08	"GET /uv248fip248inf210/practice_postgresql.html HTTP/1.1"
2427	2024/03/12 15:55:13	"GET /uv248fip248inf210/documentation_programming.html HTTP/1.1"
2427	2024/03/12 15:55:19	"GET /uv248fip248inf210/practice_spring.html HTTP/1.1"
2427	2024/03/12 15:55:51	"GET /uv248fip248inf210/lecture_software_architecture.html HTTP/1.1"
2427	2024/03/12 15:56:22	"GET /uv248fip248inf210/lecture_technical_architecture.html HTTP/1.1"
2427	2024/03/12 15:56:32	"GET /uv248fip248inf210/lecture_mvc_spring.html HTTP/1.1"
2427	2024/03/12 16:06:09	"GET /uv248fip248inf210/lecture_jpa.html HTTP/1.1"
2427	2024/03/12 16:06:17	"GET /uv248fip248inf210/practice_jpa.html HTTP/1.1"
2427	2024/01/17 09:50:19	"GET /uv248fip248inf210/index.html HTTP/1.1"
2427	2024/01/17 09:50:23	"GET /uv248fip248inf210/index.html HTTP/1.1"
2427	2024/01/17 09:50:31	"GET /uv248fip248inf210/data_home.html HTTP/1.1"
2427	2024/01/17 09:50:38	"GET /uv248fip248inf210/images/data/prerequisite_data/prerequisite_data.html HTTP/1.1"
2427	2024/01/17 09:50:41	"GET /uv248fip248inf210/lecture_normalization.html HTTP/1.1"
2427	2024/01/17 09:59:27	"GET /uv248fip248inf210/activity_normalization.html HTTP/1.1"
2427	2024/01/17 09:59:42	"GET /uv248fip248inf210/activity_normalization_correction.html HTTP/1.1"
2427	2024/01/17 11:45:33	"GET /uv248fip248inf210/activity_decomposition.html HTTP/1.1"
2427	2024/01/17 12:01:16	"GET /uv248fip248inf210/activity_decomposition_correction.html HTTP/1.1"
2427	2024/02/23 13:02:56	"GET /uv248fip248inf210/index.html HTTP/1.1"
2427	2024/02/23 13:03:52	"GET /uv248fip248inf210/data_home.html HTTP/1.1"
2427	2024/02/23 13:04:09	"GET /uv248fip248inf210/project_home.html HTTP/1.1"
2427	2024/02/23 13:04:11	"GET /uv248fip248inf210/project_part1.html HTTP/1.1"
2427	2024/01/19 10:09:54	"GET /uv248fip248inf210/project_home.html HTTP/1.1"
2427	2024/01/19 10:10:08	"GET /uv248fip248inf210/project_part1.html HTTP/1.1"
2427	2024/01/19 10:12:45	"GET /uv248fip248inf210/project_task_time.html HTTP/1.1"
2427	2024/01/19 10:18:57	"GET /uv248fip248inf210/index.html HTTP/1.1"
2427	2024/01/19 10:20:45	"GET /uv248fip248inf210/web_architecture_home.html HTTP/1.1"
2427	2024/01/19 11:05:27	"GET /uv248fip248inf210/images/web_architecture/prerequisite_archiweb/prerequisite_archiweb.html HTTP/1.1"
2427	2024/01/19 11:05:46	"GET /uv248fip248inf210/lecture_technical_architecture.html HTTP/1.1"
2427	2024/01/19 11:29:01	"GET /uv248fip248inf210/lecture_software_architecture.html HTTP/1.1"
2427	2024/01/19 11:36:33	"GET /uv248fip248inf210/lecture_mvc_spring.html HTTP/1.1"
2427	2024/01/19 11:47:20	"GET /uv248fip248inf210/lecture_jpa.html HTTP/1.1"
2427	2024/01/11 10:34:57	"GET /uv248fip248inf210/technical_environment_home.html HTTP/1.1"
2427	2024/01/11 10:35:02	"GET /uv248fip248inf210/documentation_docker.html HTTP/1.1"
2427	2024/01/11 14:23:34	"GET /uv248fip248inf210/technical_environment_home.html HTTP/1.1"
2427	2024/01/11 14:23:38	"GET /uv248fip248inf210/images/technical_environment/prerequisite_techenv/prerequisite_techenv.html HTTP/1.1"
2427	2024/01/11 14:23:45	"GET /uv248fip248inf210/documentation_docker.html HTTP/1.1"
2427	2024/01/11 14:53:11	"GET /uv248fip248inf210/practice_docker.html HTTP/1.1"
2427	2024/01/11 15:35:04	"GET /uv248fip248inf210/technical_environment_home.html HTTP/1.1"
2427	2024/01/11 15:35:06	"GET /uv248fip248inf210/images/technical_environment/prerequisite_techenv/prerequisite_techenv.html HTTP/1.1"
2427	2024/01/11 15:39:43	"GET /uv248fip248inf210/practice_postgresql.html HTTP/1.1"
2427	2024/01/11 15:45:35	"GET /uv248fip248inf210/index.html HTTP/1.1"
2427	2024/01/11 15:46:22	"GET /uv248fip248inf210/data_home.html HTTP/1.1"
2427	2024/01/11 15:46:24	"GET /uv248fip248inf210/images/data/prerequisite_data/prerequisite_data.html HTTP/1.1"
2427	2024/01/11 15:51:16	"GET /uv248fip248inf210/lecture_db_integrity.html HTTP/1.1"
2427	2024/01/11 15:57:36	"GET /uv248fip248inf210/activity_relational_model.html HTTP/1.1"
2427	2024/01/11 16:27:15	"GET /uv248fip248inf210/activity_relational_model_correction.html HTTP/1.1"
2427	2024/02/21 13:54:09	"GET /uv248fip248inf210/project_home.html HTTP/1.1"
2427	2024/02/21 13:54:11	"GET /uv248fip248inf210/project_part1.html HTTP/1.1"
2427	2024/02/21 13:54:25	"GET /uv248fip248inf210/project_evaluation.html HTTP/1.1"
2427	2024/02/21 13:55:07	"GET /uv248fip248inf210/project_specifications.html HTTP/1.1"
2427	2024/02/21 14:34:00	"GET /uv248fip248inf210/project_part1.html HTTP/1.1"
2427	2024/02/21 14:55:15	"GET /uv248fip248inf210/index.html HTTP/1.1"
2427	2024/02/21 14:55:17	"GET /uv248fip248inf210/technical_environment_home.html HTTP/1.1"
2427	2024/02/21 14:55:27	"GET /uv248fip248inf210/data_home.html HTTP/1.1"
2427	2024/02/21 14:55:29	"GET /uv248fip248inf210/images/data/prerequisite_data/prerequisite_data.html HTTP/1.1"
2427	2024/02/21 14:55:32	"GET /uv248fip248inf210/lecture_conceptual_modeling.html HTTP/1.1"
2427	2024/02/21 15:57:13	"GET /uv248fip248inf210/project_specifications.html HTTP/1.1"
2427	2024/02/21 15:57:21	"GET /uv248fip248inf210/project_evaluation.html HTTP/1.1"
2427	2024/02/21 16:26:42	"GET /uv248fip248inf210/project_evaluation.html HTTP/1.1"
2427	2024/01/09 10:25:02	"GET /uv248fip248inf210/technical_environment_home.html HTTP/1.1"
2427	2024/01/09 10:26:14	"GET /uv248fip248inf210/images/technical_environment/prerequisite_techenv/prerequisite_techenv.html HTTP/1.1"
2427	2024/01/09 10:26:17	"GET /uv248fip248inf210/practice_postgresql.html HTTP/1.1"
2427	2024/01/09 10:28:08	"GET /uv248fip248inf210/images/technical_environment/prerequisite_techenv/prerequisite_techenv.html HTTP/1.1"
2427	2024/01/09 10:32:45	"GET /uv248fip248inf210/documentation_docker.html HTTP/1.1"
2427	2024/01/09 10:37:50	"GET /uv248fip248inf210/practice_docker.html HTTP/1.1"
2427	2024/01/09 10:46:20	"GET /uv248fip248inf210/documentation_programming.html HTTP/1.1"
2427	2024/01/09 10:48:39	"GET /uv248fip248inf210/practice_spring.html HTTP/1.1"
2427	2024/01/09 11:53:16	"GET /uv248fip248inf210/documentation_si.html HTTP/1.1"
2427	2024/02/26 09:33:36	"GET /uv248fip248inf210/project_home.html HTTP/1.1"
2427	2024/02/26 09:35:12	"GET /uv248fip248inf210/project_part2.html HTTP/1.1"
2427	2024/02/26 09:38:32	"GET /uv248fip248inf210/project_specifications.html HTTP/1.1"
2427	2024/02/26 09:38:34	"GET /uv248fip248inf210/project_task_time.html HTTP/1.1"
2427	2024/02/26 09:39:03	"GET /uv248fip248inf210/project_evaluation.html HTTP/1.1"
2427	2024/02/26 09:50:32	"GET /uv248fip248inf210/project_part2.html HTTP/1.1"
2427	2024/02/26 12:03:53	"GET /uv248fip248inf210/project_part1.html HTTP/1.1"
2427	2024/02/26 12:04:01	"GET /uv248fip248inf210/index.html HTTP/1.1"
2427	2024/02/26 12:04:05	"GET /uv248fip248inf210/data_home.html HTTP/1.1"
2427	2024/02/26 12:04:06	"GET /uv248fip248inf210/images/data/prerequisite_data/prerequisite_data.html HTTP/1.1"
2427	2024/02/26 12:04:13	"GET /uv248fip248inf210/practice_sql.html HTTP/1.1"
2427	2024/02/26 12:04:26	"GET /uv248fip248inf210/practice_transaction.html HTTP/1.1"
2427	2024/02/26 12:05:11	"GET /uv248fip248inf210/practice_transaction_correction.html HTTP/1.1"
2427	2024/02/26 12:10:51	"GET /uv248fip248inf210/practice_advanced_sql.html HTTP/1.1"
2427	2024/01/15 09:42:38	"GET /uv248fip248inf210/data_home.html HTTP/1.1"
2427	2024/01/15 09:42:44	"GET /uv248fip248inf210/images/data/prerequisite_data/prerequisite_data.html HTTP/1.1"
2427	2024/01/15 09:42:47	"GET /uv248fip248inf210/practice_sql.html HTTP/1.1"
2427	2024/01/15 10:03:34	"GET /uv248fip248inf210/index.html HTTP/1.1"
2427	2024/01/15 10:29:15	"GET /uv248fip248inf210/index.html HTTP/1.1"
2427	2024/01/15 10:29:21	"GET /uv248fip248inf210/project_home.html HTTP/1.1"
2427	2024/01/15 10:29:27	"GET /uv248fip248inf210/web_architecture_home.html HTTP/1.1"
2427	2024/01/15 11:55:46	"GET /uv248fip248inf210/images/web_architecture/prerequisite_archiweb/prerequisite_archiweb.html HTTP/1.1"
2427	2024/01/15 11:55:51	"GET /uv248fip248inf210/lecture_dto.html HTTP/1.1"
2427	2024/02/28 11:39:57	"GET /uv248fip248inf210/project_home.html HTTP/1.1"
2427	2024/02/28 11:39:59	"GET /uv248fip248inf210/project_part2.html HTTP/1.1"
2427	2024/02/28 14:08:02	"GET /uv248fip248inf210/project_part3.html HTTP/1.1"
2427	2024/02/28 14:10:12	"GET /uv248fip248inf210/project_part4.html HTTP/1.1"
2427	2024/02/28 14:10:23	"GET /uv248fip248inf210/project_evaluation.html HTTP/1.1"
2427	2024/02/28 14:33:14	"GET /uv248fip248inf210/project_task_time.html HTTP/1.1"
2427	2024/01/12 13:52:01	"GET /uv248fip248inf210/data_home.html HTTP/1.1"
2427	2024/01/12 13:52:32	"GET /uv248fip248inf210/images/data/prerequisite_data/prerequisite_data.html HTTP/1.1"
2427	2024/01/12 13:52:34	"GET /uv248fip248inf210/lecture_db_integrity.html HTTP/1.1"
2427	2024/01/12 13:52:39	"GET /uv248fip248inf210/activity_relational_model.html HTTP/1.1"
2427	2024/01/12 13:57:47	"GET /uv248fip248inf210/activity_relational_model_correction.html HTTP/1.1"
2427	2024/01/12 14:12:30	"GET /uv248fip248inf210/lecture_modeling_normalization.html HTTP/1.1"
2427	2024/01/12 14:19:49	"GET /uv248fip248inf210/lecture_conceptual_modeling.html HTTP/1.1"
2427	2024/01/12 14:36:01	"GET /uv248fip248inf210/activity_conceptual_modeling.html HTTP/1.1"
2427	2024/01/12 14:36:37	"GET /uv248fip248inf210/activity_conceptual_modeling_correction.html HTTP/1.1"
2427	2024/01/12 14:59:51	"GET /uv248fip248inf210/lecture_normalization.html HTTP/1.1"
2427	2024/01/12 15:31:28	"GET /uv248fip248inf210/activity_sql.html HTTP/1.1"
2427	2024/01/12 15:34:05	"GET /uv248fip248inf210/activity_sql_correction.html HTTP/1.1"
2427	2024/01/12 15:38:46	"GET /uv248fip248inf210/practice_sql.html HTTP/1.1"
2427	2024/01/12 16:01:34	"GET /uv248fip248inf210/practice_sql_correction.html HTTP/1.1"
