2429	2024/01/29 09:43:00	"GET /uv248fip248inf210/data_home.html HTTP/1.1"
2429	2024/01/29 09:43:06	"GET /uv248fip248inf210/web_architecture_home.html HTTP/1.1"
2429	2024/01/29 09:43:10	"GET /uv248fip248inf210/data_home.html HTTP/1.1"
2429	2024/01/29 09:43:38	"GET /uv248fip248inf210/activity_relational_model.html HTTP/1.1"
2429	2024/01/29 09:43:44	"GET /uv248fip248inf210/activity_relational_model_correction.html HTTP/1.1"
2429	2024/01/29 09:43:59	"GET /uv248fip248inf210/activity_conceptual_modeling.html HTTP/1.1"
2429	2024/01/29 09:44:04	"GET /uv248fip248inf210/activity_conceptual_modeling_correction.html HTTP/1.1"
2429	2024/01/29 09:57:15	"GET /uv248fip248inf210/lecture_normalization.html HTTP/1.1"
2429	2024/01/29 10:27:53	"GET /uv248fip248inf210/activity_normalization.html HTTP/1.1"
2429	2024/01/29 11:55:01	"GET /uv248fip248inf210/activity_normalization_correction.html HTTP/1.1"
2429	2024/03/10 15:50:01	"GET /uv248fip248inf210/project_home.html HTTP/1.1"
2429	2024/03/10 15:50:03	"GET /uv248fip248inf210/project_part1.html HTTP/1.1"
2429	2024/03/10 15:54:17	"GET /uv248fip248inf210/project_evaluation.html HTTP/1.1"
2429	2024/03/10 16:13:00	"GET /uv248fip248inf210/project_part1.html HTTP/1.1"
2429	2024/02/13 08:17:01	"GET /uv248fip248inf210/web_architecture_home.html HTTP/1.1"
2429	2024/02/13 08:23:17	"GET /uv248fip248inf210/data_home.html HTTP/1.1"
2429	2024/02/13 08:23:53	"GET /uv248fip248inf210/images/data/prerequisite_data/prerequisite_data.html HTTP/1.1"
2429	2024/02/13 08:24:09	"GET /uv248fip248inf210/lecture_independence_views.html HTTP/1.1"
2429	2024/02/13 08:24:31	"GET /uv248fip248inf210/lecture_modeling_normalization.html HTTP/1.1"
2429	2024/02/13 08:26:02	"GET /uv248fip248inf210/images/web_architecture/prerequisite_archiweb/prerequisite_archiweb.html HTTP/1.1"
2429	2024/02/13 08:30:10	"GET /uv248fip248inf210/lecture_conceptual_modeling.html HTTP/1.1"
2429	2024/02/13 10:00:44	"GET /uv248fip248inf210/activity_conceptual_modeling.html HTTP/1.1"
2429	2024/02/13 10:05:10	"GET /uv248fip248inf210/activity_normalization.html HTTP/1.1"
2429	2024/02/13 10:18:02	"GET /uv248fip248inf210/activity_decomposition.html HTTP/1.1"
2429	2024/02/13 10:19:00	"GET /uv248fip248inf210/activity_decomposition.html HTTP/1.1"
2429	2024/02/13 10:20:36	"GET /uv248fip248inf210/activity_decomposition.html HTTP/1.1"
2429	2024/02/13 10:21:11	"GET /uv248fip248inf210/activity_decomposition_correction.html HTTP/1.1"
2429	2024/02/06 15:50:46	"GET /uv248fip248inf210/data_home.html HTTP/1.1"
2429	2024/02/06 15:50:52	"GET /uv248fip248inf210/practice_transaction.html HTTP/1.1"
2429	2024/02/06 15:51:23	"GET /uv248fip248inf210/index.html HTTP/1.1"
2429	2024/02/06 15:53:25	"GET /uv248fip248inf210/web_architecture_home.html HTTP/1.1"
2429	2024/02/06 15:53:58	"GET /uv248fip248inf210/practice_jpa.html HTTP/1.1"
2429	2024/02/06 15:54:22	"GET /uv248fip248inf210/practice_jpa_advanced.html HTTP/1.1"
2429	2024/02/06 15:54:29	"GET /uv248fip248inf210/practice_spring_2tiers.html HTTP/1.1"
2429	2024/02/06 15:55:02	"GET /uv248fip248inf210/technical_environment_home.html HTTP/1.1"
2429	2024/02/06 15:55:06	"GET /uv248fip248inf210/inversion_of_control.html HTTP/1.1"
2429	2024/09/15 09:18:34	"GET /uv248fip248inf210/technical_environment_home.html HTTP/1.1"
2429	2024/09/15 09:29:51	"GET /uv248fip248inf210/documentation_docker.html HTTP/1.1"
2429	2024/09/15 09:31:51	"GET /uv248fip248inf210/index.html HTTP/1.1"
2429	2024/09/15 09:31:54	"GET /uv248fip248inf210/project_home.html HTTP/1.1"
2429	2024/09/15 09:32:22	"GET /uv248fip248inf210/project_part1.html HTTP/1.1"
2429	2024/09/15 09:32:32	"GET /uv248fip248inf210/project_presentation.html HTTP/1.1"
2429	2024/09/15 09:32:38	"GET /uv248fip248inf210/data_home.html HTTP/1.1"
2429	2024/03/11 09:13:42	"GET /uv248fip248inf210/project_part1.html HTTP/1.1"
2429	2024/03/04 09:37:26	"GET /uv248fip248inf210/project_home.html HTTP/1.1"
2429	2024/03/04 09:37:32	"GET /uv248fip248inf210/project_part3.html HTTP/1.1"
2429	2024/03/04 09:37:54	"GET /uv248fip248inf210/project_evaluation.html HTTP/1.1"
2429	2024/03/04 10:18:46	"GET /uv248fip248inf210/technical_environment_home.html HTTP/1.1"
2429	2024/03/04 10:18:49	"GET /uv248fip248inf210/project_home.html HTTP/1.1"
2429	2024/03/04 10:18:53	"GET /uv248fip248inf210/project_specifications.html HTTP/1.1"
2429	2024/03/01 16:31:03	"GET /uv248fip248inf210/project_home.html HTTP/1.1"
2429	2024/03/01 16:31:42	"GET /uv248fip248inf210/project_part2.html HTTP/1.1"
2429	2024/09/10 09:23:41	"GET /uv248fip248inf210/technical_environment_home.html HTTP/1.1"
2429	2024/09/10 09:23:52	"GET /uv248fip248inf210/practice_docker.html HTTP/1.1"
2429	2024/09/10 09:24:02	"GET /uv248fip248inf210/documentation_rdbms.html HTTP/1.1"
2429	2024/09/18 09:21:28	"GET /uv248fip248inf210/lecture_dto.html HTTP/1.1"
2429	2024/09/18 09:21:30	"GET /uv248fip248inf210/lecture_xml.html HTTP/1.1"
2429	2024/09/18 09:21:32	"GET /uv248fip248inf210/lecture_validity.html HTTP/1.1"
2429	2024/09/18 09:21:34	"GET /uv248fip248inf210/practice_xml.html HTTP/1.1"
2429	2024/09/18 09:21:39	"GET /uv248fip248inf210/lecture_json.html HTTP/1.1"
2429	2024/09/18 09:21:42	"GET /uv248fip248inf210/lecture_mvc_spring.html HTTP/1.1"
2429	2024/09/18 09:21:52	"GET /uv248fip248inf210/lecture_technical_architecture.html HTTP/1.1"
2429	2024/09/18 09:21:53	"GET /uv248fip248inf210/index.html HTTP/1.1"
2429	2024/09/18 09:21:57	"GET /uv248fip248inf210/data_home.html HTTP/1.1"
2429	2024/09/18 09:22:00	"GET /uv248fip248inf210/lecture_relational_model.html HTTP/1.1"
2429	2024/09/18 09:23:31	"GET /uv248fip248inf210/lecture_modeling_normalization.html HTTP/1.1"
2429	2024/09/18 09:23:36	"GET /uv248fip248inf210/lecture_conceptual_modeling.html HTTP/1.1"
2429	2024/09/18 09:28:21	"GET /uv248fip248inf210/lecture_normalization.html HTTP/1.1"
2429	2024/09/18 09:33:47	"GET /uv248fip248inf210/activity_conceptual_modeling.html HTTP/1.1"
2429	2024/09/18 09:36:31	"GET /uv248fip248inf210/lecture_normalization.html HTTP/1.1"
2429	2024/09/18 09:38:33	"GET /uv248fip248inf210/index.html HTTP/1.1"
2429	2024/09/18 09:38:37	"GET /uv248fip248inf210/web_architecture_home.html HTTP/1.1"
2429	2024/09/18 09:38:45	"GET /uv248fip248inf210/lecture_json.html HTTP/1.1"
2429	2024/09/18 09:41:56	"GET /uv248fip248inf210/index.html HTTP/1.1"
2429	2024/09/18 09:41:59	"GET /uv248fip248inf210/data_home.html HTTP/1.1"
2429	2024/09/18 09:42:05	"GET /uv248fip248inf210/activity_conceptual_modeling.html HTTP/1.1"
2429	2024/09/18 09:42:06	"GET /uv248fip248inf210/lecture_normalization.html HTTP/1.1"
2429	2024/09/18 09:42:11	"GET /uv248fip248inf210/lecture_conceptual_modeling.html HTTP/1.1"
2429	2024/09/18 17:04:45	"GET /uv248fip248inf210/activity_normalization.html HTTP/1.1"
2429	2024/09/18 17:07:37	"GET /uv248fip248inf210/activity_sql.html HTTP/1.1"
2429	2024/09/18 17:14:19	"GET /uv248fip248inf210/practice_sql.html HTTP/1.1"
2429	2024/09/18 17:15:53	"GET /uv248fip248inf210/index.html HTTP/1.1"
2429	2024/09/18 17:15:55	"GET /uv248fip248inf210/web_architecture_home.html HTTP/1.1"
2429	2024/09/18 17:16:01	"GET /uv248fip248inf210/lecture_mvc_spring.html HTTP/1.1"
2429	2024/09/18 17:39:26	"GET /uv248fip248inf210/lecture_technical_architecture.html HTTP/1.1"
2429	2024/03/06 10:26:09	"GET /uv248fip248inf210/project_home.html HTTP/1.1"
2429	2024/03/06 10:26:13	"GET /uv248fip248inf210/project_specifications.html HTTP/1.1"
2429	2024/03/06 12:56:05	"GET /uv248fip248inf210/project_home.html HTTP/1.1"
2429	2024/03/06 12:56:08	"GET /uv248fip248inf210/project_part3.html HTTP/1.1"
2429	2024/03/06 14:39:48	"GET /uv248fip248inf210/project_evaluation.html HTTP/1.1"
2429	2024/03/06 15:13:09	"GET /uv248fip248inf210/project_home.html HTTP/1.1"
2429	2024/03/06 15:13:20	"GET /uv248fip248inf210/project_specifications.html HTTP/1.1"
2429	2024/03/06 18:12:28	"GET /uv248fip248inf210/web_architecture_home.html HTTP/1.1"
2429	2024/03/06 18:13:31	"GET /uv248fip248inf210/practice_jpa_advanced.html HTTP/1.1"
2429	2024/03/06 18:14:00	"GET /uv248fip248inf210/practice_spring_2tiers_ext.html HTTP/1.1"
2429	2024/03/06 18:19:29	"GET /uv248fip248inf210/practice_spring_2tiers.html HTTP/1.1"
2429	2024/02/05 14:02:09	"GET /uv248fip248inf210/data_home.html HTTP/1.1"
2429	2024/02/05 14:16:30	"GET /uv248fip248inf210/practice_sql.html HTTP/1.1"
2429	2024/02/05 14:16:37	"GET /uv248fip248inf210/practice_sql_correction.html HTTP/1.1"
2429	2024/02/05 14:20:02	"GET /uv248fip248inf210/lecture_relational_model.html HTTP/1.1"
2429	2024/02/05 14:20:03	"GET /uv248fip248inf210/lecture_db_integrity.html HTTP/1.1"
2429	2024/02/05 14:20:12	"GET /uv248fip248inf210/activity_relational_model.html HTTP/1.1"
2429	2024/02/05 14:20:27	"GET /uv248fip248inf210/activity_relational_model_correction.html HTTP/1.1"
2429	2024/01/22 13:50:50	"GET /uv248fip248inf210/web_architecture_home.html HTTP/1.1"
2429	2024/01/22 13:51:23	"GET /uv248fip248inf210/images/web_architecture/prerequisite_archiweb/prerequisite_archiweb.html HTTP/1.1"
2429	2024/01/22 13:51:24	"GET /uv248fip248inf210/practice_json.html HTTP/1.1"
2429	2024/01/22 15:21:27	"GET /uv248fip248inf210/index.html HTTP/1.1"
2429	2024/01/22 15:21:33	"GET /uv248fip248inf210/data_home.html HTTP/1.1"
2429	2024/01/22 15:21:36	"GET /uv248fip248inf210/lecture_relational_model.html HTTP/1.1"
2429	2024/01/22 15:21:53	"GET /uv248fip248inf210/images/data/prerequisite_data/prerequisite_data.html HTTP/1.1"
2429	2024/02/19 09:40:34	"GET /uv248fip248inf210/web_architecture_home.html HTTP/1.1"
2429	2024/02/19 09:40:39	"GET /uv248fip248inf210/practice_spring_2tiers_ext.html HTTP/1.1"
2429	2024/02/19 10:14:38	"GET /uv248fip248inf210/web_architecture_home.html HTTP/1.1"
2429	2024/02/19 11:02:01	"GET /uv248fip248inf210/project_home.html HTTP/1.1"
2429	2024/02/19 11:02:36	"GET /uv248fip248inf210/project_presentation.html HTTP/1.1"
2429	2024/02/19 11:03:14	"GET /uv248fip248inf210/project_part1.html HTTP/1.1"
2429	2024/02/19 11:03:41	"GET /uv248fip248inf210/project_specifications.html HTTP/1.1"
2429	2024/03/07 13:34:30	"GET /uv248fip248inf210/project_home.html HTTP/1.1"
2429	2024/03/07 13:34:33	"GET /uv248fip248inf210/project_part1.html HTTP/1.1"
2429	2024/03/07 13:36:28	"GET /uv248fip248inf210/project_evaluation.html HTTP/1.1"
2429	2024/03/07 13:36:52	"GET /uv248fip248inf210/project_part1.html HTTP/1.1"
2429	2024/03/12 10:09:46	"GET /uv248fip248inf210/project_home.html HTTP/1.1"
2429	2024/03/12 10:10:33	"GET /uv248fip248inf210/project_part3.html HTTP/1.1"
2429	2024/03/12 10:10:36	"GET /uv248fip248inf210/project_part2.html HTTP/1.1"
2429	2024/03/12 10:10:44	"GET /uv248fip248inf210/project_part3.html HTTP/1.1"
2429	2024/03/12 10:17:04	"GET /uv248fip248inf210/project_home.html HTTP/1.1"
2429	2024/03/12 10:17:07	"GET /uv248fip248inf210/project_part3.html HTTP/1.1"
2429	2024/09/16 15:14:04	"GET /uv248fip248inf210/web_architecture_home.html HTTP/1.1"
2429	2024/09/16 15:14:15	"GET /uv248fip248inf210/practice_spring_2tiers_ext.html HTTP/1.1"
2429	2024/09/16 15:14:24	"GET /uv248fip248inf210/practice_spring_2tiers.html HTTP/1.1"
2429	2024/09/19 08:26:21	"GET /uv248fip248inf210/lecture_xpath.html HTTP/1.1"
2429	2024/09/19 08:27:09	"GET /uv248fip248inf210/lecture_technical_architecture.html HTTP/1.1"
2429	2024/09/19 08:27:39	"GET /uv248fip248inf210/lecture_software_architecture.html HTTP/1.1"
2429	2024/09/19 08:29:50	"GET /uv248fip248inf210/lecture_jpa.html HTTP/1.1"
2429	2024/09/19 08:30:02	"GET /uv248fip248inf210/practice_jpa.html HTTP/1.1"
2429	2024/09/19 09:24:07	"GET /uv248fip248inf210/index.html HTTP/1.1"
2429	2024/09/19 09:24:11	"GET /uv248fip248inf210/data_home.html HTTP/1.1"
2429	2024/09/19 09:24:15	"GET /uv248fip248inf210/lecture_modeling_normalization.html HTTP/1.1"
2429	2024/09/19 09:24:20	"GET /uv248fip248inf210/activity_conceptual_modeling.html HTTP/1.1"
2429	2024/09/19 09:24:24	"GET /uv248fip248inf210/activity_conceptual_modeling_correction.html HTTP/1.1"
2429	2024/09/19 09:26:04	"GET /uv248fip248inf210/activity_conceptual_modeling_correction.html HTTP/1.1"
2429	2024/09/19 09:39:54	"GET /uv248fip248inf210/activity_conceptual_modeling_advanced.html HTTP/1.1"
2429	2024/09/19 09:40:00	"GET /uv248fip248inf210/activity_normalization.html HTTP/1.1"
2429	2024/09/19 09:41:55	"GET /uv248fip248inf210/activity_normalization_correction.html HTTP/1.1"
2429	2024/09/19 10:19:28	"GET /uv248fip248inf210/activity_decomposition.html HTTP/1.1"
2429	2024/01/31 16:40:23	"GET /uv248fip248inf210/data_home.html HTTP/1.1"
2429	2024/01/31 16:40:26	"GET /uv248fip248inf210/activity_sql.html HTTP/1.1"
2429	2024/01/31 16:44:17	"GET /uv248fip248inf210/activity_sql_correction.html HTTP/1.1"
2429	2024/01/31 17:39:42	"GET /uv248fip248inf210/lecture_transaction.html HTTP/1.1"
2429	2024/02/22 18:05:22	"GET /uv248fip248inf210/project_home.html HTTP/1.1"
2429	2024/02/22 18:05:31	"GET /uv248fip248inf210/project_specifications.html HTTP/1.1"
2429	2024/02/22 18:05:38	"GET /uv248fip248inf210/project_evaluation.html HTTP/1.1"
2429	2024/01/17 13:53:49	"GET /uv248fip248inf210/web_architecture_home.html HTTP/1.1"
2429	2024/01/17 13:53:53	"GET /uv248fip248inf210/practice_spring_2tiers.html HTTP/1.1"
2429	2024/01/17 15:32:07	"GET /uv248fip248inf210/lecture_dto.html HTTP/1.1"
2429	2024/01/17 15:35:34	"GET /uv248fip248inf210/practice_xml.html HTTP/1.1"
2429	2024/01/19 10:05:37	"GET /uv248fip248inf210/data_home.html HTTP/1.1"
2429	2024/01/19 10:05:45	"GET /uv248fip248inf210/web_architecture_home.html HTTP/1.1"
2429	2024/01/19 10:05:50	"GET /uv248fip248inf210/practice_xml.html HTTP/1.1"
2429	2024/01/19 11:43:07	"GET /uv248fip248inf210/web_architecture_home.html HTTP/1.1"
2429	2024/01/19 11:47:23	"GET /uv248fip248inf210/web_architecture_home.html HTTP/1.1"
2429	2024/01/19 11:49:28	"GET /uv248fip248inf210/practice_xml.html HTTP/1.1"
2429	2024/01/19 12:04:19	"GET /uv248fip248inf210/lecture_parser.html HTTP/1.1"
2429	2024/01/19 12:04:31	"GET /uv248fip248inf210/lecture_xpath.html HTTP/1.1"
2429	2024/01/19 12:04:35	"GET /uv248fip248inf210/lecture_validity.html HTTP/1.1"
2429	2024/01/11 08:19:16	"GET /uv248fip248inf210/web_architecture_home.html HTTP/1.1"
2429	2024/01/11 08:19:35	"GET /uv248fip248inf210/lecture_mvc_spring.html HTTP/1.1"
2429	2024/01/11 08:20:27	"GET /uv248fip248inf210/lecture_jpa.html HTTP/1.1"
2429	2024/01/11 08:20:43	"GET /uv248fip248inf210/practice_jpa.html HTTP/1.1"
2429	2024/01/11 08:22:34	"GET /uv248fip248inf210/lecture_technical_architecture.html HTTP/1.1"
2429	2024/01/11 08:22:39	"GET /uv248fip248inf210/lecture_software_architecture.html HTTP/1.1"
2429	2024/01/11 08:23:19	"GET /uv248fip248inf210/lecture_mvc_spring.html HTTP/1.1"
2429	2024/01/11 08:23:20	"GET /uv248fip248inf210/web_architecture_home.html HTTP/1.1"
2429	2024/01/11 08:23:35	"GET /uv248fip248inf210/technical_environment_home.html HTTP/1.1"
2429	2024/01/11 08:24:04	"GET /uv248fip248inf210/documentation_programming.html HTTP/1.1"
2429	2024/01/11 08:27:39	"GET /uv248fip248inf210/practice_spring.html HTTP/1.1"
2429	2024/01/11 08:32:42	"GET /uv248fip248inf210/technical_environment_home.html HTTP/1.1"
2429	2024/01/11 08:34:43	"GET /uv248fip248inf210/documentation_programming.html HTTP/1.1"
2429	2024/01/11 08:34:51	"GET /uv248fip248inf210/inversion_of_control.html HTTP/1.1"
2429	2024/01/11 08:40:58	"GET /uv248fip248inf210/practice_spring.html HTTP/1.1"
2429	2024/01/11 09:02:36	"GET /uv248fip248inf210/practice_postgresql.html HTTP/1.1"
2429	2024/01/11 15:34:45	"GET /uv248fip248inf210/practice_postgresql.html HTTP/1.1"
2429	2024/01/11 15:36:16	"GET /uv248fip248inf210/index.html HTTP/1.1"
2429	2024/01/11 15:36:51	"GET /uv248fip248inf210/data_home.html HTTP/1.1"
2429	2024/01/11 15:37:02	"GET /uv248fip248inf210/index.html HTTP/1.1"
2429	2024/01/11 15:37:07	"GET /uv248fip248inf210/technical_environment_home.html HTTP/1.1"
2429	2024/01/11 15:39:41	"GET /uv248fip248inf210/web_architecture_home.html HTTP/1.1"
2429	2024/01/11 15:39:49	"GET /uv248fip248inf210/lecture_technical_architecture.html HTTP/1.1"
2429	2024/01/11 15:40:57	"GET /uv248fip248inf210/index.html HTTP/1.1"
2429	2024/01/11 15:40:59	"GET /uv248fip248inf210/data_home.html HTTP/1.1"
2429	2024/01/11 15:41:05	"GET /uv248fip248inf210/images/data/prerequisite_data/prerequisite_data.html HTTP/1.1"
2429	2024/01/11 15:43:22	"GET /uv248fip248inf210/images/web_architecture/prerequisite_archiweb/prerequisite_archiweb.html HTTP/1.1"
2429	2024/01/11 15:45:01	"GET /uv248fip248inf210/lecture_software_architecture.html HTTP/1.1"
2429	2024/01/11 15:48:06	"GET /uv248fip248inf210/index.html HTTP/1.1"
2429	2024/01/11 15:52:15	"GET /uv248fip248inf210/practice_spring_2tiers.html HTTP/1.1"
2429	2024/02/21 13:53:25	"GET /uv248fip248inf210/project_home.html HTTP/1.1"
2429	2024/02/21 13:53:31	"GET /uv248fip248inf210/project_part1.html HTTP/1.1"
2429	2024/02/21 13:54:34	"GET /uv248fip248inf210/project_specifications.html HTTP/1.1"
2429	2024/02/21 13:57:27	"GET /uv248fip248inf210/project_task_time.html HTTP/1.1"
2429	2024/02/21 13:57:40	"GET /uv248fip248inf210/project_evaluation.html HTTP/1.1"
2429	2024/02/21 15:55:57	"GET /uv248fip248inf210/project_evaluation.html HTTP/1.1"
2429	2024/02/21 18:07:07	"GET /uv248fip248inf210/project_home.html HTTP/1.1"
2429	2024/02/21 18:07:16	"GET /uv248fip248inf210/project_evaluation.html HTTP/1.1"
2429	2024/02/21 18:07:24	"GET /uv248fip248inf210/project_presentation.html HTTP/1.1"
2429	2024/02/21 18:07:52	"GET /uv248fip248inf210/project_task_time.html HTTP/1.1"
2429	2024/01/13 13:39:19	"GET /uv248fip248inf210/web_architecture_home.html HTTP/1.1"
2429	2024/01/13 13:39:45	"GET /uv248fip248inf210/images/web_architecture/prerequisite_archiweb/prerequisite_archiweb.html HTTP/1.1"
2429	2024/01/13 13:39:46	"GET /uv248fip248inf210/practice_spring_2tiers.html HTTP/1.1"
2429	2024/01/13 13:40:10	"GET /uv248fip248inf210/practice_jpa.html HTTP/1.1"
2429	2024/04/11 13:50:10	"GET /uv248fip248inf210/project_home.html HTTP/1.1"
2429	2024/04/11 13:50:15	"GET /uv248fip248inf210/project_evaluation.html HTTP/1.1"
2429	2024/04/11 13:50:28	"GET /uv248fip248inf210/project_evaluation.html HTTP/1.1"
2429	2024/04/11 13:50:41	"GET /uv248fip248inf210/project_presentation.html HTTP/1.1"
2429	2024/04/11 13:53:13	"GET /uv248fip248inf210/technical_environment_home.html HTTP/1.1"
2429	2024/01/09 10:27:20	"GET /uv248fip248inf210/technical_environment_home.html HTTP/1.1"
2429	2024/01/09 11:17:39	"GET /uv248fip248inf210/documentation_docker.html HTTP/1.1"
2429	2024/01/09 11:23:57	"GET /uv248fip248inf210/practice_docker.html HTTP/1.1"
2429	2024/02/26 09:34:25	"GET /uv248fip248inf210/technical_environment_home.html HTTP/1.1"
2429	2024/02/26 09:34:28	"GET /uv248fip248inf210/project_home.html HTTP/1.1"
2429	2024/02/26 09:34:39	"GET /uv248fip248inf210/project_part1.html HTTP/1.1"
2429	2024/02/26 09:34:59	"GET /uv248fip248inf210/project_evaluation.html HTTP/1.1"
2429	2024/02/26 09:36:47	"GET /uv248fip248inf210/project_part2.html HTTP/1.1"
2429	2024/02/26 09:39:38	"GET /uv248fip248inf210/project_specifications.html HTTP/1.1"
2429	2024/02/26 09:39:45	"GET /uv248fip248inf210/project_evaluation.html HTTP/1.1"
2429	2024/02/26 09:42:30	"GET /uv248fip248inf210/project_part2.html HTTP/1.1"
2429	2024/02/26 10:01:07	"GET /uv248fip248inf210/project_evaluation.html HTTP/1.1"
2429	2024/01/15 09:35:57	"GET /uv248fip248inf210/web_architecture_home.html HTTP/1.1"
2429	2024/01/15 09:36:01	"GET /uv248fip248inf210/practice_jpa.html HTTP/1.1"
2429	2024/01/15 10:33:50	"GET /uv248fip248inf210/index.html HTTP/1.1"
2429	2024/01/15 10:34:09	"GET /uv248fip248inf210/practice_spring_2tiers.html HTTP/1.1"
2429	2024/02/28 09:34:40	"GET /uv248fip248inf210/project_home.html HTTP/1.1"
2429	2024/02/28 09:34:43	"GET /uv248fip248inf210/project_part2.html HTTP/1.1"
2429	2024/02/28 15:18:48	"GET /uv248fip248inf210/project_specifications.html HTTP/1.1"
2429	2024/02/28 18:39:56	"GET /uv248fip248inf210/project_home.html HTTP/1.1"
2429	2024/02/28 18:40:00	"GET /uv248fip248inf210/project_evaluation.html HTTP/1.1"
2429	2024/01/12 13:53:29	"GET /uv248fip248inf210/web_architecture_home.html HTTP/1.1"
2429	2024/01/12 13:53:56	"GET /uv248fip248inf210/images/web_architecture/prerequisite_archiweb/prerequisite_archiweb.html HTTP/1.1"
2429	2024/01/12 13:53:59	"GET /uv248fip248inf210/practice_spring_2tiers.html HTTP/1.1"
2429	2024/01/12 13:54:40	"GET /uv248fip248inf210/practice_jpa.html HTTP/1.1"
2429	2024/01/12 14:03:57	"GET /uv248fip248inf210/lecture_jpa.html HTTP/1.1"
2429	2024/01/12 14:07:45	"GET /uv248fip248inf210/practice_jpa.html HTTP/1.1"
