2430	2024/11/28 16:27:04	"GET /uv248fip248inf210/web_architecture_home.html HTTP/1.1"
2430	2024/11/28 16:27:16	"GET /uv248fip248inf210/images/web_architecture/prerequisite_archiweb/prerequisite_archiweb.html HTTP/1.1"
2430	2024/11/28 16:27:17	"GET /uv248fip248inf210/lecture_validity.html HTTP/1.1"
2430	2024/11/28 16:27:22	"GET /uv248fip248inf210/practice_jpa.html HTTP/1.1"
2430	2024/01/29 09:35:30	"GET /uv248fip248inf210/technical_environment_home.html HTTP/1.1"
2430	2024/01/29 09:35:32	"GET /uv248fip248inf210/images/technical_environment/prerequisite_techenv/prerequisite_techenv.html HTTP/1.1"
2430	2024/01/29 09:35:37	"GET /uv248fip248inf210/index.html HTTP/1.1"
2430	2024/01/29 09:35:44	"GET /uv248fip248inf210/project_home.html HTTP/1.1"
2430	2024/01/29 09:36:06	"GET /uv248fip248inf210/web_architecture_home.html HTTP/1.1"
2430	2024/01/29 09:36:13	"GET /uv248fip248inf210/lecture_parser.html HTTP/1.1"
2430	2024/01/29 09:36:14	"GET /uv248fip248inf210/lecture_jaxb.html HTTP/1.1"
2430	2024/01/29 09:36:16	"GET /uv248fip248inf210/practice_xml.html HTTP/1.1"
2430	2024/01/29 09:36:22	"GET /uv248fip248inf210/practice_schema_xml.html HTTP/1.1"
2430	2024/01/29 09:36:30	"GET /uv248fip248inf210/lecture_json.html HTTP/1.1"
2430	2024/01/29 09:41:44	"GET /uv248fip248inf210/practice_json.html HTTP/1.1"
2430	2024/01/29 10:15:17	"GET /uv248fip248inf210/data_home.html HTTP/1.1"
2430	2024/01/29 10:15:20	"GET /uv248fip248inf210/lecture_relational_model.html HTTP/1.1"
2430	2024/01/29 10:28:08	"GET /uv248fip248inf210/lecture_db_integrity.html HTTP/1.1"
2430	2024/01/29 10:46:01	"GET /uv248fip248inf210/lecture_relational_algebra.html HTTP/1.1"
2430	2024/01/29 11:27:53	"GET /uv248fip248inf210/activity_relational_model.html HTTP/1.1"
2430	2024/10/24 09:10:06	"GET /uv248fip248inf210/technical_environment_home.html HTTP/1.1"
2430	2024/10/24 09:10:20	"GET /uv248fip248inf210/documentation_programming.html HTTP/1.1"
2430	2024/10/24 09:10:24	"GET /uv248fip248inf210/practice_spring.html HTTP/1.1"
2430	2024/10/24 09:10:40	"GET /uv248fip248inf210/documentation_si.html HTTP/1.1"
2430	2024/10/24 09:10:43	"GET /uv248fip248inf210/documentation_rdbms.html HTTP/1.1"
2430	2024/10/24 09:10:45	"GET /uv248fip248inf210/practice_postgresql.html HTTP/1.1"
2430	2024/10/24 09:10:55	"GET /uv248fip248inf210/index.html HTTP/1.1"
2430	2024/10/24 09:11:00	"GET /uv248fip248inf210/data_home.html HTTP/1.1"
2430	2024/10/24 09:11:05	"GET /uv248fip248inf210/lecture_modeling_normalization.html HTTP/1.1"
2430	2024/10/24 09:11:06	"GET /uv248fip248inf210/lecture_conceptual_modeling.html HTTP/1.1"
2430	2024/10/24 09:12:18	"GET /uv248fip248inf210/activity_conceptual_modeling.html HTTP/1.1"
2430	2024/10/24 09:12:28	"GET /uv248fip248inf210/activity_conceptual_modeling_correction.html HTTP/1.1"
2430	2024/02/13 08:10:39	"GET /uv248fip248inf210/technical_environment_home.html HTTP/1.1"
2430	2024/02/13 08:10:53	"GET /uv248fip248inf210/index.html HTTP/1.1"
2430	2024/02/13 08:10:58	"GET /uv248fip248inf210/data_home.html HTTP/1.1"
2430	2024/02/13 08:17:09	"GET /uv248fip248inf210/lecture_relational_algebra.html HTTP/1.1"
2430	2024/02/13 08:17:18	"GET /uv248fip248inf210/lecture_modeling_normalization.html HTTP/1.1"
2430	2024/02/13 08:25:49	"GET /uv248fip248inf210/lecture_conceptual_modeling.html HTTP/1.1"
2430	2024/02/13 10:14:38	"GET /uv248fip248inf210/lecture_normalization.html HTTP/1.1"
2430	2024/02/13 10:36:13	"GET /uv248fip248inf210/lecture_independence_views.html HTTP/1.1"
2430	2024/02/13 10:44:19	"GET /uv248fip248inf210/activity_conceptual_modeling.html HTTP/1.1"
2430	2024/02/06 15:45:32	"GET /uv248fip248inf210/index.html HTTP/1.1"
2430	2024/03/11 05:57:24	"GET /uv248fip248inf210/project_part2.html HTTP/1.1"
2430	2024/03/11 05:57:47	"GET /uv248fip248inf210/index.html HTTP/1.1"
2430	2024/03/11 05:57:49	"GET /uv248fip248inf210/data_home.html HTTP/1.1"
2430	2024/03/11 05:58:03	"GET /uv248fip248inf210/lecture_normalization.html HTTP/1.1"
2430	2024/03/11 06:00:10	"GET /uv248fip248inf210/lecture_relation_model.html HTTP/1.1"
2430	2024/03/11 06:51:39	"GET /uv248fip248inf210/technical_environment_home.html HTTP/1.1"
2430	2024/03/11 06:51:41	"GET /uv248fip248inf210/index.html HTTP/1.1"
2430	2024/03/11 06:51:44	"GET /uv248fip248inf210/data_home.html HTTP/1.1"
2430	2024/03/11 06:51:47	"GET /uv248fip248inf210/lecture_normalization.html HTTP/1.1"
2430	2024/03/11 06:51:55	"GET /uv248fip248inf210/lecture_relation_model.html HTTP/1.1"
2430	2024/03/11 06:51:55	"GET /uv248fip248inf210/lecture_sql.html HTTP/1.1"
2430	2024/03/11 06:57:20	"GET /uv248fip248inf210/lecture_independence_views.html HTTP/1.1"
2430	2024/03/11 09:29:50	"GET /uv248fip248inf210/project_part1.html HTTP/1.1"
2430	2024/03/04 09:53:24	"GET /uv248fip248inf210/technical_environment_home.html HTTP/1.1"
2430	2024/03/04 09:53:34	"GET /uv248fip248inf210/index.html HTTP/1.1"
2430	2024/03/04 09:54:03	"GET /uv248fip248inf210/web_architecture_home.html HTTP/1.1"
2430	2024/03/04 09:54:09	"GET /uv248fip248inf210/project_home.html HTTP/1.1"
2430	2024/03/04 09:54:15	"GET /uv248fip248inf210/project_part3.html HTTP/1.1"
2430	2024/03/04 09:54:23	"GET /uv248fip248inf210/project_specifications.html HTTP/1.1"
2430	2024/03/04 10:03:57	"GET /uv248fip248inf210/project_part2.html HTTP/1.1"
2430	2024/11/21 14:18:48	"GET /uv248fip248inf210/technical_environment_home.html HTTP/1.1"
2430	2024/11/21 14:18:58	"GET /uv248fip248inf210/documentation_programming.html HTTP/1.1"
2430	2024/11/21 14:18:59	"GET /uv248fip248inf210/spring_bean.html HTTP/1.1"
2430	2024/11/21 14:19:25	"GET /uv248fip248inf210/index.html HTTP/1.1"
2430	2024/11/21 14:19:29	"GET /uv248fip248inf210/data_home.html HTTP/1.1"
2430	2024/11/21 14:19:43	"GET /uv248fip248inf210/project_home.html HTTP/1.1"
2430	2024/11/21 14:19:46	"GET /uv248fip248inf210/project_part1.html HTTP/1.1"
2430	2024/11/21 14:19:51	"GET /uv248fip248inf210/project_part2.html HTTP/1.1"
2430	2024/03/01 15:38:26	"GET /uv248fip248inf210/project_specifications.html HTTP/1.1"
2430	2024/03/01 15:47:52	"GET /uv248fip248inf210/project_part2.html HTTP/1.1"
2430	2024/01/30 15:56:34	"GET /uv248fip248inf210/practice_postgresql.html HTTP/1.1"
2430	2024/01/30 15:56:43	"GET /uv248fip248inf210/activity_conceptual_modeling.html HTTP/1.1"
2430	2024/01/30 15:57:05	"GET /uv248fip248inf210/activity_conceptual_modeling_advanced.html HTTP/1.1"
2430	2024/01/30 18:11:41	"GET /uv248fip248inf210/activity_conceptual_modeling_advanced.html HTTP/1.1"
2430	2024/03/06 10:50:54	"GET /uv248fip248inf210/project_specifications.html HTTP/1.1"
2430	2024/03/06 10:56:18	"GET /uv248fip248inf210/project_part4.html HTTP/1.1"
2430	2024/03/06 10:56:27	"GET /uv248fip248inf210/project_structureui.html HTTP/1.1"
2430	2024/03/06 15:04:43	"GET /uv248fip248inf210/project_part1.html HTTP/1.1"
2430	2024/03/06 17:58:39	"GET /uv248fip248inf210/project_part4.html HTTP/1.1"
2430	2024/02/05 13:55:02	"GET /uv248fip248inf210/technical_environment_home.html HTTP/1.1"
2430	2024/02/05 13:55:09	"GET /uv248fip248inf210/index.html HTTP/1.1"
2430	2024/02/05 13:55:11	"GET /uv248fip248inf210/data_home.html HTTP/1.1"
2430	2024/02/05 13:55:21	"GET /uv248fip248inf210/lecture_normalization.html HTTP/1.1"
2430	2024/02/05 13:55:35	"GET /uv248fip248inf210/activity_conceptual_modeling.html HTTP/1.1"
2430	2024/02/05 13:55:40	"GET /uv248fip248inf210/activity_normalization.html HTTP/1.1"
2430	2024/02/05 13:55:50	"GET /uv248fip248inf210/activity_decomposition.html HTTP/1.1"
2430	2024/02/05 14:35:46	"GET /uv248fip248inf210/activity_sql.html HTTP/1.1"
2430	2024/02/05 14:35:47	"GET /uv248fip248inf210/practice_sql.html HTTP/1.1"
2430	2024/02/05 14:35:56	"GET /uv248fip248inf210/practice_advanced_sql.html HTTP/1.1"
2430	2024/02/05 14:35:59	"GET /uv248fip248inf210/lecture_transaction.html HTTP/1.1"
2430	2024/02/05 14:38:07	"GET /uv248fip248inf210/lecture_relational_model.html HTTP/1.1"
2430	2024/02/05 14:38:08	"GET /uv248fip248inf210/lecture_relational_algebra.html HTTP/1.1"
2430	2024/02/05 14:38:09	"GET /uv248fip248inf210/lecture_db_integrity.html HTTP/1.1"
2430	2024/02/05 14:38:11	"GET /uv248fip248inf210/lecture_conceptual_modeling.html HTTP/1.1"
2430	2024/02/05 14:38:13	"GET /uv248fip248inf210/lecture_independence_views.html HTTP/1.1"
2430	2024/02/05 14:39:21	"GET /uv248fip248inf210/index.html HTTP/1.1"
2430	2024/02/05 14:39:25	"GET /uv248fip248inf210/project_home.html HTTP/1.1"
2430	2024/02/05 14:39:37	"GET /uv248fip248inf210/project_presentation.html HTTP/1.1"
2430	2024/02/05 14:39:43	"GET /uv248fip248inf210/project_evaluation.html HTTP/1.1"
2430	2024/02/05 14:39:47	"GET /uv248fip248inf210/project_specifications.html HTTP/1.1"
2430	2024/02/05 14:39:51	"GET /uv248fip248inf210/project_task_time.html HTTP/1.1"
2430	2024/02/05 14:39:53	"GET /uv248fip248inf210/project_part1.html HTTP/1.1"
2430	2024/02/05 14:40:01	"GET /uv248fip248inf210/project_part2.html HTTP/1.1"
2430	2024/02/05 15:26:30	"GET /uv248fip248inf210/index.html HTTP/1.1"
2430	2024/12/03 10:04:48	"GET /uv248fip248inf210/lecture_dto.html HTTP/1.1"
2430	2024/12/03 10:05:23	"GET /uv248fip248inf210/lecture_xml.html HTTP/1.1"
2430	2024/12/03 10:05:25	"GET /uv248fip248inf210/lecture_xpath.html HTTP/1.1"
2430	2024/12/03 10:05:26	"GET /uv248fip248inf210/lecture_parser.html HTTP/1.1"
2430	2024/12/03 10:05:26	"GET /uv248fip248inf210/lecture_jaxb.html HTTP/1.1"
2430	2024/12/03 10:05:27	"GET /uv248fip248inf210/practice_xml.html HTTP/1.1"
2430	2024/12/03 10:05:28	"GET /uv248fip248inf210/practice_schema_xml.html HTTP/1.1"
2430	2024/12/03 10:05:29	"GET /uv248fip248inf210/practice_xpath.html HTTP/1.1"
2430	2024/12/03 10:05:30	"GET /uv248fip248inf210/practice_apis.html HTTP/1.1"
2430	2024/12/03 10:05:31	"GET /uv248fip248inf210/lecture_json.html HTTP/1.1"
2430	2024/12/03 10:05:36	"GET /uv248fip248inf210/practice_json.html HTTP/1.1"
2430	2024/12/03 10:05:46	"GET /uv248fip248inf210/lecture_jpa.html HTTP/1.1"
2430	2024/12/03 10:07:28	"GET /uv248fip248inf210/practice_jpa_advanced.html HTTP/1.1"
2430	2024/12/03 10:07:38	"GET /uv248fip248inf210/practice_spring_2tiers.html HTTP/1.1"
2430	2024/12/03 10:07:45	"GET /uv248fip248inf210/practice_spring_2tiers_ext.html HTTP/1.1"
2430	2024/01/22 13:47:49	"GET /uv248fip248inf210/technical_environment_home.html HTTP/1.1"
2430	2024/01/22 13:49:07	"GET /uv248fip248inf210/index.html HTTP/1.1"
2430	2024/01/22 13:49:11	"GET /uv248fip248inf210/web_architecture_home.html HTTP/1.1"
2430	2024/01/22 13:52:02	"GET /uv248fip248inf210/project_home.html HTTP/1.1"
2430	2024/01/22 13:52:04	"GET /uv248fip248inf210/project_part1.html HTTP/1.1"
2430	2024/01/22 13:52:09	"GET /uv248fip248inf210/project_part2.html HTTP/1.1"
2430	2024/01/22 13:52:29	"GET /uv248fip248inf210/data_home.html HTTP/1.1"
2430	2024/01/22 14:01:34	"GET /uv248fip248inf210/practice_spring_2tiers_ext.html HTTP/1.1"
2430	2024/01/22 14:01:37	"GET /uv248fip248inf210/practice_jpa_advanced.html HTTP/1.1"
2430	2024/01/22 14:01:58	"GET /uv248fip248inf210/lecture_technical_architecture.html HTTP/1.1"
2430	2024/01/22 14:02:02	"GET /uv248fip248inf210/images/web_architecture/prerequisite_archiweb/prerequisite_archiweb.html HTTP/1.1"
2430	2024/01/22 14:02:05	"GET /uv248fip248inf210/images/data/prerequisite_data/prerequisite_data.html HTTP/1.1"
2430	2024/01/22 14:04:57	"GET /uv248fip248inf210/practice_spring_2tiers.html HTTP/1.1"
2430	2024/01/22 14:11:56	"GET /uv248fip248inf210/activity_relational_model.html HTTP/1.1"
2430	2024/01/22 14:11:59	"GET /uv248fip248inf210/activity_conceptual_modeling.html HTTP/1.1"
2430	2024/01/22 14:12:05	"GET /uv248fip248inf210/activity_normalization.html HTTP/1.1"
2430	2024/01/22 14:30:07	"GET /uv248fip248inf210/lecture_validity.html HTTP/1.1"
2430	2024/01/22 14:30:11	"GET /uv248fip248inf210/lecture_xml.html HTTP/1.1"
2430	2024/01/22 15:24:40	"GET /uv248fip248inf210/lecture_xpath.html HTTP/1.1"
2430	2024/01/22 15:24:42	"GET /uv248fip248inf210/lecture_parser.html HTTP/1.1"
2430	2024/01/22 15:47:15	"GET /uv248fip248inf210/lecture_jaxb.html HTTP/1.1"
2430	2024/01/22 16:12:42	"GET /uv248fip248inf210/practice_xml.html HTTP/1.1"
2430	2024/01/22 16:30:03	"GET /uv248fip248inf210/practice_schema_xml.html HTTP/1.1"
2430	2024/02/19 09:55:16	"GET /uv248fip248inf210/activity_conceptual_modeling.html HTTP/1.1"
2430	2024/02/19 10:16:17	"GET /uv248fip248inf210/activity_conceptual_modeling_correction.html HTTP/1.1"
2430	2024/02/19 10:21:40	"GET /uv248fip248inf210/activity_conceptual_modeling_advanced.html HTTP/1.1"
2430	2024/02/19 10:25:14	"GET /uv248fip248inf210/activity_conceptual_modeling_advanced_correction.html HTTP/1.1"
2430	2024/02/19 10:25:58	"GET /uv248fip248inf210/activity_normalization.html HTTP/1.1"
2430	2024/02/19 10:26:04	"GET /uv248fip248inf210/activity_normalization_correction.html HTTP/1.1"
2430	2024/02/19 10:29:03	"GET /uv248fip248inf210/activity_decomposition.html HTTP/1.1"
2430	2024/02/19 10:29:10	"GET /uv248fip248inf210/activity_sql.html HTTP/1.1"
2430	2024/02/19 10:36:24	"GET /uv248fip248inf210/practice_sql.html HTTP/1.1"
2430	2024/02/19 10:37:33	"GET /uv248fip248inf210/practice_sql_correction.html HTTP/1.1"
2430	2024/02/19 11:34:01	"GET /uv248fip248inf210/practice_advanced_sql.html HTTP/1.1"
2430	2024/02/19 11:44:45	"GET /uv248fip248inf210/practice_advanced_sql_correction.html HTTP/1.1"
2430	2024/03/07 10:52:12	"GET /uv248fip248inf210/project_specifications.html HTTP/1.1"
2430	2024/02/22 13:14:34	"GET /uv248fip248inf210/project_home.html HTTP/1.1"
2430	2024/02/22 13:14:39	"GET /uv248fip248inf210/project_part2.html HTTP/1.1"
2430	2024/11/03 10:00:14	"GET /uv248fip248inf210/technical_environment_home.html HTTP/1.1"
2430	2024/11/03 10:00:17	"GET /uv248fip248inf210/index.html HTTP/1.1"
2430	2024/11/03 10:00:20	"GET /uv248fip248inf210/data_home.html HTTP/1.1"
2430	2024/11/03 10:00:28	"GET /uv248fip248inf210/lecture_conceptual_modeling.html HTTP/1.1"
2430	2024/11/03 10:37:41	"GET /uv248fip248inf210/project_home.html HTTP/1.1"
2430	2024/11/03 10:37:44	"GET /uv248fip248inf210/project_part1.html HTTP/1.1"
2430	2024/11/03 11:33:15	"GET /uv248fip248inf210/lecture_normalization.html HTTP/1.1"
2430	2024/11/03 11:33:33	"GET /uv248fip248inf210/activity_conceptual_modeling.html HTTP/1.1"
2430	2024/11/03 11:33:45	"GET /uv248fip248inf210/activity_conceptual_modeling_correction.html HTTP/1.1"
2430	2024/01/17 13:40:09	"GET /uv248fip248inf210/technical_environment_home.html HTTP/1.1"
2430	2024/01/17 13:40:19	"GET /uv248fip248inf210/index.html HTTP/1.1"
2430	2024/01/17 13:40:21	"GET /uv248fip248inf210/web_architecture_home.html HTTP/1.1"
2430	2024/01/17 13:40:25	"GET /uv248fip248inf210/practice_spring_2tiers.html HTTP/1.1"
2430	2024/01/17 13:40:29	"GET /uv248fip248inf210/practice_spring_2tiers_ext.html HTTP/1.1"
2430	2024/01/17 13:40:41	"GET /uv248fip248inf210/practice_jpa_advanced.html HTTP/1.1"
2430	2024/02/25 09:49:58	"GET /uv248fip248inf210/project_home.html HTTP/1.1"
2430	2024/02/25 09:50:04	"GET /uv248fip248inf210/project_part2.html HTTP/1.1"
2430	2024/02/24 15:10:54	"GET /uv248fip248inf210/index.html HTTP/1.1"
2430	2024/02/24 15:11:02	"GET /uv248fip248inf210/project_home.html HTTP/1.1"
2430	2024/02/24 15:11:04	"GET /uv248fip248inf210/project_part3.html HTTP/1.1"
2430	2024/02/24 15:11:11	"GET /uv248fip248inf210/project_structureui.html HTTP/1.1"
2430	2024/02/24 15:11:13	"GET /uv248fip248inf210/project_part3.html HTTP/1.1"
2430	2024/01/19 09:37:39	"GET /uv248fip248inf210/technical_environment_home.html HTTP/1.1"
2430	2024/01/19 09:38:47	"GET /uv248fip248inf210/index.html HTTP/1.1"
2430	2024/01/19 09:38:50	"GET /uv248fip248inf210/web_architecture_home.html HTTP/1.1"
2430	2024/01/19 09:39:04	"GET /uv248fip248inf210/practice_jpa_advanced.html HTTP/1.1"
2430	2024/01/19 09:39:04	"GET /uv248fip248inf210/practice_spring_2tiers.html HTTP/1.1"
2430	2024/01/19 09:59:07	"GET /uv248fip248inf210/practice_spring_2tiers_ext.html HTTP/1.1"
2430	2024/01/19 12:04:17	"GET /uv248fip248inf210/lecture_dto.html HTTP/1.1"
2430	2024/01/19 12:10:34	"GET /uv248fip248inf210/lecture_xml.html HTTP/1.1"
2430	2024/01/11 08:10:28	"GET /uv248fip248inf210/technical_environment_home.html HTTP/1.1"
2430	2024/01/11 08:12:26	"GET /uv248fip248inf210/documentation_si.html HTTP/1.1"
2430	2024/01/11 08:12:30	"GET /uv248fip248inf210/practice_docker_advanced.html HTTP/1.1"
2430	2024/01/11 08:17:34	"GET /uv248fip248inf210/practice_postgresql.html HTTP/1.1"
2430	2024/01/11 08:17:55	"GET /uv248fip248inf210/documentation_programming.html HTTP/1.1"
2430	2024/01/11 08:22:02	"GET /uv248fip248inf210/inversion_of_control.html HTTP/1.1"
2430	2024/01/11 08:37:56	"GET /uv248fip248inf210/inversion_of_control.html HTTP/1.1"
2430	2024/01/11 08:39:21	"GET /uv248fip248inf210/spring_bean.html HTTP/1.1"
2430	2024/01/11 08:44:01	"GET /uv248fip248inf210/practice_spring.html HTTP/1.1"
2430	2024/01/11 09:01:58	"GET /uv248fip248inf210/index.html HTTP/1.1"
2430	2024/01/11 09:02:01	"GET /uv248fip248inf210/web_architecture_home.html HTTP/1.1"
2430	2024/01/11 09:05:07	"GET /uv248fip248inf210/data_home.html HTTP/1.1"
2430	2024/01/11 09:08:34	"GET /uv248fip248inf210/lecture_relational_model.html HTTP/1.1"
2430	2024/01/11 09:14:31	"GET /uv248fip248inf210/lecture_db_integrity.html HTTP/1.1"
2430	2024/01/11 09:24:05	"GET /uv248fip248inf210/lecture_relational_algebra.html HTTP/1.1"
2430	2024/01/11 09:24:13	"GET /uv248fip248inf210/activity_relational_model.html HTTP/1.1"
2430	2024/01/11 09:24:22	"GET /uv248fip248inf210/lecture_modeling_normalization.html HTTP/1.1"
2430	2024/01/11 09:24:23	"GET /uv248fip248inf210/lecture_conceptual_modeling.html HTTP/1.1"
2430	2024/01/11 09:24:30	"GET /uv248fip248inf210/activity_conceptual_modeling_advanced.html HTTP/1.1"
2430	2024/01/11 09:24:44	"GET /uv248fip248inf210/index.html HTTP/1.1"
2430	2024/01/11 09:24:56	"GET /uv248fip248inf210/images/web_architecture/prerequisite_archiweb/prerequisite_archiweb.html HTTP/1.1"
2430	2024/01/11 09:24:57	"GET /uv248fip248inf210/practice_jpa.html HTTP/1.1"
2430	2024/01/11 09:29:35	"GET /uv248fip248inf210/web_architecture_home.html HTTP/1.1"
2430	2024/01/11 09:30:46	"GET /uv248fip248inf210/lecture_technical_architecture.html HTTP/1.1"
2430	2024/01/11 09:35:48	"GET /uv248fip248inf210/lecture_software_architecture.html HTTP/1.1"
2430	2024/01/11 09:45:05	"GET /uv248fip248inf210/lecture_mvc_spring.html HTTP/1.1"
2430	2024/01/11 09:45:06	"GET /uv248fip248inf210/practice_jpa.html HTTP/1.1"
2430	2024/01/11 09:51:39	"GET /uv248fip248inf210/lecture_jpa.html HTTP/1.1"
2430	2024/01/11 10:32:07	"GET /uv248fip248inf210/lecture_jpa.html HTTP/1.1"
2430	2024/01/11 10:32:08	"GET /uv248fip248inf210/practice_jpa.html HTTP/1.1"
2430	2024/02/21 13:49:52	"GET /uv248fip248inf210/technical_environment_home.html HTTP/1.1"
2430	2024/02/21 13:50:06	"GET /uv248fip248inf210/index.html HTTP/1.1"
2430	2024/02/21 13:50:08	"GET /uv248fip248inf210/project_home.html HTTP/1.1"
2430	2024/02/21 13:50:52	"GET /uv248fip248inf210/project_presentation.html HTTP/1.1"
2430	2024/02/21 13:55:59	"GET /uv248fip248inf210/project_specifications.html HTTP/1.1"
2430	2024/02/21 13:56:29	"GET /uv248fip248inf210/project_task_time.html HTTP/1.1"
2430	2024/02/21 13:57:13	"GET /uv248fip248inf210/project_part1.html HTTP/1.1"
2430	2024/02/21 14:03:10	"GET /uv248fip248inf210/data_home.html HTTP/1.1"
2430	2024/02/21 14:05:24	"GET /uv248fip248inf210/project_part2.html HTTP/1.1"
2430	2024/02/21 14:05:31	"GET /uv248fip248inf210/project_part3.html HTTP/1.1"
2430	2024/02/21 14:05:36	"GET /uv248fip248inf210/project_part3.html HTTP/1.1"
2430	2024/02/21 16:07:51	"GET /uv248fip248inf210/project_specifications.html HTTP/1.1"
2430	2024/02/21 16:16:30	"GET /uv248fip248inf210/project_task_time.html HTTP/1.1"
2430	2024/02/21 16:25:38	"GET /uv248fip248inf210/project_part2.html HTTP/1.1"
2430	2024/02/21 17:26:55	"GET /uv248fip248inf210/project_part2.html HTTP/1.1"
2430	2024/02/21 17:27:03	"GET /uv248fip248inf210/project_part2.html HTTP/1.1"
2430	2024/02/21 17:27:07	"GET /uv248fip248inf210/project_part2.html HTTP/1.1"
2430	2024/01/09 10:24:35	"GET /uv248fip248inf210/technical_environment_home.html HTTP/1.1"
2430	2024/01/09 10:38:19	"GET /uv248fip248inf210/documentation_docker.html HTTP/1.1"
2430	2024/01/09 10:49:32	"GET /uv248fip248inf210/practice_docker.html HTTP/1.1"
2430	2024/01/09 11:24:38	"GET /uv248fip248inf210/practice_docker_advanced.html HTTP/1.1"
2430	2024/01/09 11:51:10	"GET /uv248fip248inf210/documentation_si.html HTTP/1.1"
2430	2024/02/26 10:03:53	"GET /uv248fip248inf210/technical_environment_home.html HTTP/1.1"
2430	2024/02/26 10:14:17	"GET /uv248fip248inf210/project_home.html HTTP/1.1"
2430	2024/02/26 10:14:23	"GET /uv248fip248inf210/project_part2.html HTTP/1.1"
2430	2024/02/26 11:01:40	"GET /uv248fip248inf210/project_part1.html HTTP/1.1"
2430	2024/02/26 11:03:22	"GET /uv248fip248inf210/project_part2.html HTTP/1.1"
2430	2024/01/15 09:50:27	"GET /uv248fip248inf210/technical_environment_home.html HTTP/1.1"
2430	2024/01/15 09:50:39	"GET /uv248fip248inf210/index.html HTTP/1.1"
2430	2024/01/15 09:50:42	"GET /uv248fip248inf210/web_architecture_home.html HTTP/1.1"
2430	2024/01/15 09:50:49	"GET /uv248fip248inf210/practice_jpa_advanced.html HTTP/1.1"
2430	2024/01/15 09:55:42	"GET /uv248fip248inf210/practice_spring_2tiers.html HTTP/1.1"
2430	2024/01/15 11:18:29	"GET /uv248fip248inf210/practice_spring_2tiers_ext.html HTTP/1.1"
2430	2024/02/28 09:42:23	"GET /uv248fip248inf210/index.html HTTP/1.1"
2430	2024/02/28 09:42:30	"GET /uv248fip248inf210/project_home.html HTTP/1.1"
2430	2024/02/28 09:42:38	"GET /uv248fip248inf210/project_part3.html HTTP/1.1"
2430	2024/02/28 09:43:02	"GET /uv248fip248inf210/project_part1.html HTTP/1.1"
2430	2024/02/28 10:37:09	"GET /uv248fip248inf210/project_part2.html HTTP/1.1"
2430	2024/02/28 11:54:02	"GET /uv248fip248inf210/project_structureui.html HTTP/1.1"
2430	2024/02/28 11:58:39	"GET /uv248fip248inf210/project_specifications.html HTTP/1.1"
2430	2024/02/28 15:16:48	"GET /uv248fip248inf210/project_home.html HTTP/1.1"
2430	2024/01/12 13:53:32	"GET /uv248fip248inf210/technical_environment_home.html HTTP/1.1"
2430	2024/01/12 14:09:31	"GET /uv248fip248inf210/index.html HTTP/1.1"
2430	2024/01/12 14:09:37	"GET /uv248fip248inf210/web_architecture_home.html HTTP/1.1"
2430	2024/01/12 14:09:46	"GET /uv248fip248inf210/practice_jpa.html HTTP/1.1"
2430	2024/01/12 14:16:45	"GET /uv248fip248inf210/practice_jpa_advanced.html HTTP/1.1"
2430	2024/01/12 14:16:46	"GET /uv248fip248inf210/practice_spring_2tiers.html HTTP/1.1"
2430	2024/01/12 14:16:48	"GET /uv248fip248inf210/practice_spring_2tiers_ext.html HTTP/1.1"
