2431	2024/01/29 09:37:34	"GET /uv248fip248inf210/web_architecture_home.html HTTP/1.1"
2431	2024/01/29 09:37:36	"GET /uv248fip248inf210/images/web_architecture/prerequisite_archiweb/prerequisite_archiweb.html HTTP/1.1"
2431	2024/01/29 09:38:34	"GET /uv248fip248inf210/practice_jpa.html HTTP/1.1"
2431	2024/01/29 12:06:32	"GET /uv248fip248inf210/practice_spring_2tiers.html HTTP/1.1"
2431	2024/02/13 08:14:15	"GET /uv248fip248inf210/data_home.html HTTP/1.1"
2431	2024/02/13 08:14:34	"GET /uv248fip248inf210/index.html HTTP/1.1"
2431	2024/02/13 08:14:37	"GET /uv248fip248inf210/web_architecture_home.html HTTP/1.1"
2431	2024/02/13 08:14:38	"GET /uv248fip248inf210/images/web_architecture/prerequisite_archiweb/prerequisite_archiweb.html HTTP/1.1"
2431	2024/02/13 08:14:56	"GET /uv248fip248inf210/images/data/prerequisite_data/prerequisite_data.html HTTP/1.1"
2431	2024/02/13 08:15:14	"GET /uv248fip248inf210/practice_jpa_advanced.html HTTP/1.1"
2431	2024/02/13 08:58:19	"GET /uv248fip248inf210/practice_jpa.html HTTP/1.1"
2431	2024/02/13 10:17:43	"GET /uv248fip248inf210/practice_jpa.html HTTP/1.1"
2431	2024/02/06 14:24:04	"GET /uv248fip248inf210/index.html HTTP/1.1"
2431	2024/02/06 14:24:17	"GET /uv248fip248inf210/practice_jpa.html HTTP/1.1"
2431	2024/02/06 14:25:04	"GET /uv248fip248inf210/practice_spring_2tiers.html HTTP/1.1"
2431	2024/02/06 14:26:30	"GET /uv248fip248inf210/practice_jpa_advanced.html HTTP/1.1"
2431	2024/03/04 09:31:47	"GET /uv248fip248inf210/project_home.html HTTP/1.1"
2431	2024/03/04 09:31:55	"GET /uv248fip248inf210/project_part3.html HTTP/1.1"
2431	2024/01/30 15:34:29	"GET /uv248fip248inf210/data_home.html HTTP/1.1"
2431	2024/01/30 15:34:31	"GET /uv248fip248inf210/activity_conceptual_modeling.html HTTP/1.1"
2431	2024/03/09 17:32:40	"GET /uv248fip248inf210/web_architecture_home.html HTTP/1.1"
2431	2024/03/09 17:32:50	"GET /uv248fip248inf210/data_home.html HTTP/1.1"
2431	2024/03/09 17:32:53	"GET /uv248fip248inf210/images/data/prerequisite_data/prerequisite_data.html HTTP/1.1"
2431	2024/03/09 17:32:56	"GET /uv248fip248inf210/lecture_normalization.html HTTP/1.1"
2431	2024/03/09 17:33:36	"GET /uv248fip248inf210/activity_normalization.html HTTP/1.1"
2431	2024/03/09 17:34:22	"GET /uv248fip248inf210/activity_decomposition.html HTTP/1.1"
2431	2024/03/09 18:06:27	"GET /uv248fip248inf210/activity_decomposition_correction.html HTTP/1.1"
2431	2024/03/09 18:09:34	"GET /uv248fip248inf210/activity_conceptual_modeling.html HTTP/1.1"
2431	2024/03/09 18:09:42	"GET /uv248fip248inf210/activity_conceptual_modeling_correction.html HTTP/1.1"
2431	2024/03/06 10:10:21	"GET /uv248fip248inf210/project_home.html HTTP/1.1"
2431	2024/03/06 10:43:49	"GET /uv248fip248inf210/project_specifications.html HTTP/1.1"
2431	2024/02/05 14:24:58	"GET /uv248fip248inf210/project_home.html HTTP/1.1"
2431	2024/02/05 14:28:47	"GET /uv248fip248inf210/web_architecture_home.html HTTP/1.1"
2431	2024/02/05 14:28:55	"GET /uv248fip248inf210/data_home.html HTTP/1.1"
2431	2024/02/05 14:29:48	"GET /uv248fip248inf210/images/data/prerequisite_data/prerequisite_data.html HTTP/1.1"
2431	2024/02/05 14:29:53	"GET /uv248fip248inf210/practice_sql.html HTTP/1.1"
2431	2024/02/05 14:29:56	"GET /uv248fip248inf210/practice_sql_correction.html HTTP/1.1"
2431	2024/02/05 14:31:24	"GET /uv248fip248inf210/activity_sql.html HTTP/1.1"
2431	2024/02/05 14:31:28	"GET /uv248fip248inf210/activity_sql_correction.html HTTP/1.1"
2431	2024/02/05 14:31:40	"GET /uv248fip248inf210/activity_normalization.html HTTP/1.1"
2431	2024/02/05 14:31:41	"GET /uv248fip248inf210/activity_decomposition.html HTTP/1.1"
2431	2024/02/05 14:31:45	"GET /uv248fip248inf210/activity_normalization_correction.html HTTP/1.1"
2431	2024/02/05 14:32:04	"GET /uv248fip248inf210/activity_decomposition_correction.html HTTP/1.1"
2431	2024/02/05 14:32:20	"GET /uv248fip248inf210/index.html HTTP/1.1"
2431	2024/02/05 14:32:29	"GET /uv248fip248inf210/images/web_architecture/prerequisite_archiweb/prerequisite_archiweb.html HTTP/1.1"
2431	2024/02/05 14:32:47	"GET /uv248fip248inf210/practice_json.html HTTP/1.1"
2431	2024/02/05 14:33:01	"GET /uv248fip248inf210/practice_spring_2tiers.html HTTP/1.1"
2431	2024/02/05 14:38:49	"GET /uv248fip248inf210/lecture_xml.html HTTP/1.1"
2431	2024/01/22 13:43:21	"GET /uv248fip248inf210/web_architecture_home.html HTTP/1.1"
2431	2024/01/22 14:02:28	"GET /uv248fip248inf210/images/web_architecture/prerequisite_archiweb/prerequisite_archiweb.html HTTP/1.1"
2431	2024/01/22 14:03:09	"GET /uv248fip248inf210/lecture_jpa.html HTTP/1.1"
2431	2024/01/22 14:03:46	"GET /uv248fip248inf210/index.html HTTP/1.1"
2431	2024/01/22 14:03:50	"GET /uv248fip248inf210/data_home.html HTTP/1.1"
2431	2024/01/22 14:03:52	"GET /uv248fip248inf210/images/data/prerequisite_data/prerequisite_data.html HTTP/1.1"
2431	2024/01/22 14:10:37	"GET /uv248fip248inf210/activity_decomposition.html HTTP/1.1"
2431	2024/02/19 09:40:05	"GET /uv248fip248inf210/web_architecture_home.html HTTP/1.1"
2431	2024/02/19 09:40:07	"GET /uv248fip248inf210/images/web_architecture/prerequisite_archiweb/prerequisite_archiweb.html HTTP/1.1"
2431	2024/02/19 09:40:13	"GET /uv248fip248inf210/practice_jpa_advanced.html HTTP/1.1"
2431	2024/02/19 09:41:34	"GET /uv248fip248inf210/practice_spring_2tiers_ext.html HTTP/1.1"
2431	2024/02/19 09:51:17	"GET /uv248fip248inf210/practice_spring_2tiers.html HTTP/1.1"
2431	2024/03/07 11:00:10	"GET /uv248fip248inf210/project_part3.html HTTP/1.1"
2431	2024/01/17 11:20:07	"GET /uv248fip248inf210/activity_normalization.html HTTP/1.1"
2431	2024/01/17 11:20:25	"GET /uv248fip248inf210/activity_normalization_correction.html HTTP/1.1"
2431	2024/01/17 11:48:24	"GET /uv248fip248inf210/data_home.html HTTP/1.1"
2431	2024/01/17 11:48:29	"GET /uv248fip248inf210/index.html HTTP/1.1"
2431	2024/01/17 11:48:32	"GET /uv248fip248inf210/web_architecture_home.html HTTP/1.1"
2431	2024/01/17 11:48:33	"GET /uv248fip248inf210/images/web_architecture/prerequisite_archiweb/prerequisite_archiweb.html HTTP/1.1"
2431	2024/01/17 11:51:44	"GET /uv248fip248inf210/lecture_technical_architecture.html HTTP/1.1"
2431	2024/01/17 12:00:17	"GET /uv248fip248inf210/lecture_dto.html HTTP/1.1"
2431	2024/01/17 12:01:35	"GET /uv248fip248inf210/lecture_json.html HTTP/1.1"
2431	2024/01/17 12:03:26	"GET /uv248fip248inf210/practice_json.html HTTP/1.1"
2431	2024/01/19 09:47:30	"GET /uv248fip248inf210/web_architecture_home.html HTTP/1.1"
2431	2024/01/19 09:47:32	"GET /uv248fip248inf210/images/web_architecture/prerequisite_archiweb/prerequisite_archiweb.html HTTP/1.1"
2431	2024/01/19 09:47:39	"GET /uv248fip248inf210/practice_json.html HTTP/1.1"
2431	2024/01/19 10:05:41	"GET /uv248fip248inf210/index.html HTTP/1.1"
2431	2024/01/19 10:05:44	"GET /uv248fip248inf210/technical_environment_home.html HTTP/1.1"
2431	2024/01/19 10:05:47	"GET /uv248fip248inf210/images/technical_environment/prerequisite_techenv/prerequisite_techenv.html HTTP/1.1"
2431	2024/01/19 10:05:49	"GET /uv248fip248inf210/practice_spring.html HTTP/1.1"
2431	2024/01/19 10:17:25	"GET /uv248fip248inf210/lecture_xml.html HTTP/1.1"
2431	2024/01/19 10:26:52	"GET /uv248fip248inf210/lecture_validity.html HTTP/1.1"
2431	2024/01/19 10:32:21	"GET /uv248fip248inf210/practice_xml.html HTTP/1.1"
2431	2024/01/19 11:43:37	"GET /uv248fip248inf210/lecture_software_architecture.html HTTP/1.1"
2431	2024/01/19 12:06:15	"GET /uv248fip248inf210/lecture_mvc_spring.html HTTP/1.1"
2431	2024/01/11 08:12:41	"GET /uv248fip248inf210/technical_environment_home.html HTTP/1.1"
2431	2024/01/11 08:12:43	"GET /uv248fip248inf210/images/technical_environment/prerequisite_techenv/prerequisite_techenv.html HTTP/1.1"
2431	2024/01/11 08:12:48	"GET /uv248fip248inf210/documentation_programming.html HTTP/1.1"
2431	2024/01/11 08:31:13	"GET /uv248fip248inf210/practice_spring.html HTTP/1.1"
2431	2024/01/11 08:51:25	"GET /uv248fip248inf210/documentation_rdbms.html HTTP/1.1"
2431	2024/01/11 08:52:23	"GET /uv248fip248inf210/documentation_si.html HTTP/1.1"
2431	2024/01/11 08:52:50	"GET /uv248fip248inf210/inversion_of_control.html HTTP/1.1"
2431	2024/01/11 09:34:23	"GET /uv248fip248inf210/spring_bean.html HTTP/1.1"
2431	2024/01/11 09:38:36	"GET /uv248fip248inf210/practice_docker_advanced.html HTTP/1.1"
2431	2024/01/11 10:29:02	"GET /uv248fip248inf210/practice_docker.html HTTP/1.1"
2431	2024/01/11 15:19:50	"GET /uv248fip248inf210/data_home.html HTTP/1.1"
2431	2024/01/11 15:19:53	"GET /uv248fip248inf210/images/data/prerequisite_data/prerequisite_data.html HTTP/1.1"
2431	2024/01/11 15:22:57	"GET /uv248fip248inf210/lecture_relational_model.html HTTP/1.1"
2431	2024/01/11 15:27:44	"GET /uv248fip248inf210/lecture_db_integrity.html HTTP/1.1"
2431	2024/01/11 15:35:27	"GET /uv248fip248inf210/web_architecture_home.html HTTP/1.1"
2431	2024/01/11 15:40:24	"GET /uv248fip248inf210/activity_sql.html HTTP/1.1"
2431	2024/01/11 15:41:18	"GET /uv248fip248inf210/lecture_relational_algebra.html HTTP/1.1"
2431	2024/01/11 15:43:57	"GET /uv248fip248inf210/activity_sql.html HTTP/1.1"
2431	2024/01/11 15:52:38	"GET /uv248fip248inf210/activity_sql_correction.html HTTP/1.1"
2431	2024/01/11 16:06:55	"GET /uv248fip248inf210/practice_sql.html HTTP/1.1"
2431	2024/01/11 16:09:51	"GET /uv248fip248inf210/technical_environment_home.html HTTP/1.1"
2431	2024/01/11 16:09:53	"GET /uv248fip248inf210/images/technical_environment/prerequisite_techenv/prerequisite_techenv.html HTTP/1.1"
2431	2024/01/11 16:09:55	"GET /uv248fip248inf210/practice_docker.html HTTP/1.1"
2431	2024/01/11 16:16:26	"GET /uv248fip248inf210/practice_sql_correction.html HTTP/1.1"
2431	2024/02/21 13:47:49	"GET /uv248fip248inf210/project_home.html HTTP/1.1"
2431	2024/02/21 13:50:15	"GET /uv248fip248inf210/project_home.html HTTP/1.1"
2431	2024/02/21 13:51:53	"GET /uv248fip248inf210/project_home.html HTTP/1.1"
2431	2024/02/21 13:52:00	"GET /uv248fip248inf210/project_part1.html HTTP/1.1"
2431	2024/02/21 13:52:09	"GET /uv248fip248inf210/project_presentation.html HTTP/1.1"
2431	2024/02/21 13:53:41	"GET /uv248fip248inf210/project_evaluation.html HTTP/1.1"
2431	2024/02/21 13:55:18	"GET /uv248fip248inf210/index.html HTTP/1.1"
2431	2024/02/21 13:57:01	"GET /uv248fip248inf210/project_specifications.html HTTP/1.1"
2431	2024/02/21 13:57:16	"GET /uv248fip248inf210/project_task_time.html HTTP/1.1"
2431	2024/02/21 14:07:01	"GET /uv248fip248inf210/project_part1.html HTTP/1.1"
2431	2024/02/21 14:07:06	"GET /uv248fip248inf210/project_evaluation.html HTTP/1.1"
2431	2024/02/21 14:07:53	"GET /uv248fip248inf210/project_part1.html HTTP/1.1"
2431	2024/02/21 14:24:49	"GET /uv248fip248inf210/project_part1.html HTTP/1.1"
2431	2024/02/21 14:27:25	"GET /uv248fip248inf210/project_part1.html HTTP/1.1"
2431	2024/02/21 15:36:18	"GET /uv248fip248inf210/index.html HTTP/1.1"
2431	2024/01/09 10:24:47	"GET /uv248fip248inf210/technical_environment_home.html HTTP/1.1"
2431	2024/01/09 10:25:47	"GET /uv248fip248inf210/images/technical_environment/prerequisite_techenv/prerequisite_techenv.html HTTP/1.1"
2431	2024/01/09 10:39:49	"GET /uv248fip248inf210/documentation_programming.html HTTP/1.1"
2431	2024/01/09 10:40:05	"GET /uv248fip248inf210/documentation_docker.html HTTP/1.1"
2431	2024/01/09 10:48:38	"GET /uv248fip248inf210/practice_docker.html HTTP/1.1"
2431	2024/01/09 11:14:18	"GET /uv248fip248inf210/practice_postgresql.html HTTP/1.1"
2431	2024/01/09 11:33:14	"GET /uv248fip248inf210/index.html HTTP/1.1"
2431	2024/01/09 11:34:40	"GET /uv248fip248inf210/documentation_rdbms.html HTTP/1.1"
2431	2024/01/09 12:03:42	"GET /uv248fip248inf210/documentation_si.html HTTP/1.1"
2431	2024/02/26 09:34:02	"GET /uv248fip248inf210/project_home.html HTTP/1.1"
2431	2024/02/26 09:34:05	"GET /uv248fip248inf210/project_part2.html HTTP/1.1"
2431	2024/02/26 09:34:22	"GET /uv248fip248inf210/project_specifications.html HTTP/1.1"
2431	2024/02/26 09:34:23	"GET /uv248fip248inf210/project_task_time.html HTTP/1.1"
2431	2024/02/26 10:17:40	"GET /uv248fip248inf210/project_part2.html HTTP/1.1"
2431	2024/01/15 09:31:40	"GET /uv248fip248inf210/data_home.html HTTP/1.1"
2431	2024/01/15 09:31:44	"GET /uv248fip248inf210/images/data/prerequisite_data/prerequisite_data.html HTTP/1.1"
2431	2024/01/15 09:32:01	"GET /uv248fip248inf210/activity_relational_model.html HTTP/1.1"
2431	2024/01/15 09:47:09	"GET /uv248fip248inf210/activity_relational_model_correction.html HTTP/1.1"
2431	2024/01/15 10:30:00	"GET /uv248fip248inf210/index.html HTTP/1.1"
2431	2024/01/15 10:30:12	"GET /uv248fip248inf210/web_architecture_home.html HTTP/1.1"
2431	2024/01/15 10:30:14	"GET /uv248fip248inf210/images/web_architecture/prerequisite_archiweb/prerequisite_archiweb.html HTTP/1.1"
2431	2024/01/15 10:30:58	"GET /uv248fip248inf210/activity_conceptual_modeling.html HTTP/1.1"
2431	2024/01/15 10:37:30	"GET /uv248fip248inf210/lecture_normalization.html HTTP/1.1"
2431	2024/02/28 09:28:40	"GET /uv248fip248inf210/project_home.html HTTP/1.1"
2431	2024/02/28 09:28:44	"GET /uv248fip248inf210/project_part2.html HTTP/1.1"
2431	2024/01/12 13:55:57	"GET /uv248fip248inf210/data_home.html HTTP/1.1"
2431	2024/01/12 13:55:59	"GET /uv248fip248inf210/images/data/prerequisite_data/prerequisite_data.html HTTP/1.1"
2431	2024/01/12 13:56:02	"GET /uv248fip248inf210/practice_sql.html HTTP/1.1"
2431	2024/01/12 13:58:33	"GET /uv248fip248inf210/activity_sql.html HTTP/1.1"
2431	2024/01/12 14:09:49	"GET /uv248fip248inf210/activity_sql_correction.html HTTP/1.1"
2431	2024/01/12 14:09:54	"GET /uv248fip248inf210/practice_sql_correction.html HTTP/1.1"
2431	2024/01/12 14:30:48	"GET /uv248fip248inf210/activity_relational_model.html HTTP/1.1"
2431	2024/01/12 14:31:13	"GET /uv248fip248inf210/lecture_transaction.html HTTP/1.1"
2431	2024/01/12 14:31:26	"GET /uv248fip248inf210/lecture_db_integrity.html HTTP/1.1"
2431	2024/01/12 14:36:14	"GET /uv248fip248inf210/lecture_isolation.html HTTP/1.1"
2431	2024/01/12 14:36:28	"GET /uv248fip248inf210/practice_transaction.html HTTP/1.1"
2431	2024/01/12 16:04:08	"GET /uv248fip248inf210/practice_transaction_correction.html HTTP/1.1"
