2432	2024/01/29 09:42:23	"GET /uv248fip248inf210/web_architecture_home.html HTTP/1.1"
2432	2024/01/29 09:42:26	"GET /uv248fip248inf210/practice_jpa.html HTTP/1.1"
2432	2024/01/29 09:50:07	"GET /uv248fip248inf210/practice_spring_2tiers.html HTTP/1.1"
2432	2024/01/29 09:50:33	"GET /uv248fip248inf210/lecture_dto.html HTTP/1.1"
2432	2024/01/29 10:22:56	"GET /uv248fip248inf210/index.html HTTP/1.1"
2432	2024/01/29 10:22:59	"GET /uv248fip248inf210/technical_environment_home.html HTTP/1.1"
2432	2024/01/29 10:23:02	"GET /uv248fip248inf210/practice_docker.html HTTP/1.1"
2432	2024/01/29 10:23:11	"GET /uv248fip248inf210/practice_spring.html HTTP/1.1"
2432	2024/01/29 10:40:43	"GET /uv248fip248inf210/web_architecture_home.html HTTP/1.1"
2432	2024/01/29 10:40:48	"GET /uv248fip248inf210/practice_spring_2tiers.html HTTP/1.1"
2432	2024/03/05 22:26:24	"GET /uv248fip248inf210/technical_environment_home.html HTTP/1.1"
2432	2024/03/05 22:26:36	"GET /uv248fip248inf210/documentation_docker.html HTTP/1.1"
2432	2024/03/05 22:26:51	"GET /uv248fip248inf210/practice_docker.html HTTP/1.1"
2432	2024/03/05 22:27:08	"GET /uv248fip248inf210/index.html HTTP/1.1"
2432	2024/03/05 22:27:12	"GET /uv248fip248inf210/web_architecture_home.html HTTP/1.1"
2432	2024/03/05 22:48:54	"GET /uv248fip248inf210/project_home.html HTTP/1.1"
2432	2024/03/05 22:48:57	"GET /uv248fip248inf210/project_part1.html HTTP/1.1"
2432	2024/02/13 08:09:58	"GET /uv248fip248inf210/project_home.html HTTP/1.1"
2432	2024/02/13 08:10:03	"GET /uv248fip248inf210/project_presentation.html HTTP/1.1"
2432	2024/02/13 08:12:22	"GET /uv248fip248inf210/project_evaluation.html HTTP/1.1"
2432	2024/02/13 08:14:07	"GET /uv248fip248inf210/project_specifications.html HTTP/1.1"
2432	2024/02/13 08:30:44	"GET /uv248fip248inf210/project_task_time.html HTTP/1.1"
2432	2024/02/06 15:51:02	"GET /uv248fip248inf210/project_home.html HTTP/1.1"
2432	2024/02/06 15:51:13	"GET /uv248fip248inf210/project_part2.html HTTP/1.1"
2432	2024/02/06 15:51:22	"GET /uv248fip248inf210/project_presentation.html HTTP/1.1"
2432	2024/02/06 15:51:22	"GET /uv248fip248inf210/project_evaluation.html HTTP/1.1"
2432	2024/03/11 09:33:31	"GET /uv248fip248inf210/web_architecture_home.html HTTP/1.1"
2432	2024/03/11 09:39:36	"GET /uv248fip248inf210/data_home.html HTTP/1.1"
2432	2024/03/11 09:39:43	"GET /uv248fip248inf210/lecture_normalization.html HTTP/1.1"
2432	2024/03/04 09:43:06	"GET /uv248fip248inf210/project_home.html HTTP/1.1"
2432	2024/03/04 09:43:08	"GET /uv248fip248inf210/project_part3.html HTTP/1.1"
2432	2024/03/04 09:43:09	"GET /uv248fip248inf210/project_structureui.html HTTP/1.1"
2432	2024/03/04 10:06:02	"GET /uv248fip248inf210/project_part4.html HTTP/1.1"
2432	2024/03/03 13:49:32	"GET /uv248fip248inf210/data_home.html HTTP/1.1"
2432	2024/03/03 13:49:36	"GET /uv248fip248inf210/lecture_relational_model.html HTTP/1.1"
2432	2024/03/03 13:49:39	"GET /uv248fip248inf210/activity_relational_model.html HTTP/1.1"
2432	2024/03/03 13:49:46	"GET /uv248fip248inf210/activity_conceptual_modeling.html HTTP/1.1"
2432	2024/03/03 13:50:13	"GET /uv248fip248inf210/activity_conceptual_modeling_correction.html HTTP/1.1"
2432	2024/03/03 13:50:38	"GET /uv248fip248inf210/activity_conceptual_modeling_advanced.html HTTP/1.1"
2432	2024/03/03 13:50:40	"GET /uv248fip248inf210/activity_normalization.html HTTP/1.1"
2432	2024/03/03 13:50:51	"GET /uv248fip248inf210/practice_sql.html HTTP/1.1"
2432	2024/03/03 14:49:11	"GET /uv248fip248inf210/index.html HTTP/1.1"
2432	2024/03/03 14:49:15	"GET /uv248fip248inf210/web_architecture_home.html HTTP/1.1"
2432	2024/03/03 14:49:18	"GET /uv248fip248inf210/lecture_technical_architecture.html HTTP/1.1"
2432	2024/03/03 14:49:23	"GET /uv248fip248inf210/lecture_software_architecture.html HTTP/1.1"
2432	2024/03/03 14:49:25	"GET /uv248fip248inf210/lecture_jpa.html HTTP/1.1"
2432	2024/03/03 14:49:26	"GET /uv248fip248inf210/practice_jpa.html HTTP/1.1"
2432	2024/03/03 14:50:11	"GET /uv248fip248inf210/practice_jpa_advanced.html HTTP/1.1"
2432	2024/03/03 14:57:59	"GET /uv248fip248inf210/technical_environment_home.html HTTP/1.1"
2432	2024/03/03 14:58:01	"GET /uv248fip248inf210/documentation_docker.html HTTP/1.1"
2432	2024/03/03 14:58:22	"GET /uv248fip248inf210/documentation_si.html HTTP/1.1"
2432	2024/03/03 14:58:26	"GET /uv248fip248inf210/practice_postgresql.html HTTP/1.1"
2432	2024/03/03 14:58:30	"GET /uv248fip248inf210/documentation_rdbms.html HTTP/1.1"
2432	2024/03/03 15:00:52	"GET /uv248fip248inf210/practice_docker.html HTTP/1.1"
2432	2024/03/03 15:11:03	"GET /uv248fip248inf210/index.html HTTP/1.1"
2432	2024/03/03 15:11:07	"GET /uv248fip248inf210/project_home.html HTTP/1.1"
2432	2024/03/03 15:11:09	"GET /uv248fip248inf210/project_part1.html HTTP/1.1"
2432	2024/03/03 15:13:11	"GET /uv248fip248inf210/project_part2.html HTTP/1.1"
2432	2024/03/03 15:14:00	"GET /uv248fip248inf210/data_home.html HTTP/1.1"
2432	2024/03/03 15:14:03	"GET /uv248fip248inf210/practice_sql.html HTTP/1.1"
2432	2024/03/03 15:14:06	"GET /uv248fip248inf210/activity_sql.html HTTP/1.1"
2432	2024/03/03 15:14:14	"GET /uv248fip248inf210/lecture_relational_model.html HTTP/1.1"
2432	2024/03/03 15:14:19	"GET /uv248fip248inf210/activity_conceptual_modeling.html HTTP/1.1"
2432	2024/03/03 15:15:21	"GET /uv248fip248inf210/technical_environment_home.html HTTP/1.1"
2432	2024/02/02 16:16:01	"GET /uv248fip248inf210/web_architecture_home.html HTTP/1.1"
2432	2024/02/02 16:16:26	"GET /uv248fip248inf210/index.html HTTP/1.1"
2432	2024/02/02 16:20:14	"GET /uv248fip248inf210/images/web_architecture/prerequisite_archiweb/prerequisite_archiweb.html HTTP/1.1"
2432	2024/03/09 21:27:16	"GET /uv248fip248inf210/technical_environment_home.html HTTP/1.1"
2432	2024/03/09 21:27:20	"GET /uv248fip248inf210/index.html HTTP/1.1"
2432	2024/03/09 21:27:24	"GET /uv248fip248inf210/data_home.html HTTP/1.1"
2432	2024/03/09 21:27:33	"GET /uv248fip248inf210/lecture_normalization.html HTTP/1.1"
2432	2024/03/09 21:28:36	"GET /uv248fip248inf210/project_home.html HTTP/1.1"
2432	2024/03/09 21:28:38	"GET /uv248fip248inf210/project_part1.html HTTP/1.1"
2432	2024/03/06 10:03:36	"GET /uv248fip248inf210/data_home.html HTTP/1.1"
2432	2024/03/06 10:03:42	"GET /uv248fip248inf210/technical_environment_home.html HTTP/1.1"
2432	2024/03/06 10:03:59	"GET /uv248fip248inf210/documentation_docker.html HTTP/1.1"
2432	2024/03/06 10:04:13	"GET /uv248fip248inf210/practice_docker.html HTTP/1.1"
2432	2024/03/06 10:04:23	"GET /uv248fip248inf210/practice_docker_advanced.html HTTP/1.1"
2432	2024/03/06 10:04:30	"GET /uv248fip248inf210/documentation_programming.html HTTP/1.1"
2432	2024/03/06 10:04:37	"GET /uv248fip248inf210/inversion_of_control.html HTTP/1.1"
2432	2024/03/06 10:04:50	"GET /uv248fip248inf210/spring_bean.html HTTP/1.1"
2432	2024/03/06 10:04:58	"GET /uv248fip248inf210/practice_spring.html HTTP/1.1"
2432	2024/03/06 10:11:40	"GET /uv248fip248inf210/web_architecture_home.html HTTP/1.1"
2432	2024/03/06 10:11:43	"GET /uv248fip248inf210/lecture_mvc_spring.html HTTP/1.1"
2432	2024/03/06 10:11:54	"GET /uv248fip248inf210/lecture_jpa.html HTTP/1.1"
2432	2024/03/06 10:12:04	"GET /uv248fip248inf210/project_home.html HTTP/1.1"
2432	2024/03/06 10:20:04	"GET /uv248fip248inf210/project_part3.html HTTP/1.1"
2432	2024/03/06 10:20:09	"GET /uv248fip248inf210/project_structureui.html HTTP/1.1"
2432	2024/03/06 10:29:36	"GET /uv248fip248inf210/project_part2.html HTTP/1.1"
2432	2024/03/06 11:13:24	"GET /uv248fip248inf210/practice_jpa.html HTTP/1.1"
2432	2024/03/06 11:13:58	"GET /uv248fip248inf210/practice_spring_2tiers.html HTTP/1.1"
2432	2024/03/06 21:23:39	"GET /uv248fip248inf210/practice_json.html HTTP/1.1"
2432	2024/03/06 21:25:55	"GET /uv248fip248inf210/practice_jpa_advanced.html HTTP/1.1"
2432	2024/03/06 21:27:35	"GET /uv248fip248inf210/practice_spring_2tiers.html HTTP/1.1"
2432	2024/01/22 13:50:28	"GET /uv248fip248inf210/lecture_mvc_spring.html HTTP/1.1"
2432	2024/01/22 14:28:36	"GET /uv248fip248inf210/lecture_jpa.html HTTP/1.1"
2432	2024/01/22 14:48:58	"GET /uv248fip248inf210/practice_jpa.html HTTP/1.1"
2432	2024/01/22 14:49:13	"GET /uv248fip248inf210/practice_spring_2tiers.html HTTP/1.1"
2432	2024/02/19 09:44:09	"GET /uv248fip248inf210/project_home.html HTTP/1.1"
2432	2024/02/19 09:44:13	"GET /uv248fip248inf210/project_part2.html HTTP/1.1"
2432	2024/02/19 11:26:38	"GET /uv248fip248inf210/project_part2.html HTTP/1.1"
2432	2024/02/11 15:16:16	"GET /uv248fip248inf210/data_home.html HTTP/1.1"
2432	2024/01/17 13:53:54	"GET /uv248fip248inf210/web_architecture_home.html HTTP/1.1"
2432	2024/01/17 13:53:56	"GET /uv248fip248inf210/lecture_technical_architecture.html HTTP/1.1"
2432	2024/01/17 13:54:11	"GET /uv248fip248inf210/index.html HTTP/1.1"
2432	2024/01/17 13:54:13	"GET /uv248fip248inf210/data_home.html HTTP/1.1"
2432	2024/01/17 13:56:28	"GET /uv248fip248inf210/lecture_isolation.html HTTP/1.1"
2432	2024/01/17 13:56:35	"GET /uv248fip248inf210/lecture_transaction.html HTTP/1.1"
2432	2024/01/17 13:56:42	"GET /uv248fip248inf210/practice_advanced_sql.html HTTP/1.1"
2432	2024/01/17 14:16:13	"GET /uv248fip248inf210/practice_transaction.html HTTP/1.1"
2432	2024/01/17 14:36:17	"GET /uv248fip248inf210/practice_transaction_correction.html HTTP/1.1"
2432	2024/01/17 15:53:57	"GET /uv248fip248inf210/lecture_software_architecture.html HTTP/1.1"
2432	2024/01/19 10:09:13	"GET /uv248fip248inf210/lecture_mvc_spring.html HTTP/1.1"
2432	2024/01/11 15:24:31	"GET /uv248fip248inf210/technical_environment_home.html HTTP/1.1"
2432	2024/01/11 15:24:34	"GET /uv248fip248inf210/practice_docker.html HTTP/1.1"
2432	2024/01/11 15:37:24	"GET /uv248fip248inf210/practice_postgresql.html HTTP/1.1"
2432	2024/01/11 15:45:06	"GET /uv248fip248inf210/practice_spring.html HTTP/1.1"
2432	2024/01/11 15:45:14	"GET /uv248fip248inf210/documentation_programming.html HTTP/1.1"
2432	2024/01/11 15:45:15	"GET /uv248fip248inf210/inversion_of_control.html HTTP/1.1"
2432	2024/01/11 15:45:15	"GET /uv248fip248inf210/spring_bean.html HTTP/1.1"
2432	2024/01/11 15:45:21	"GET /uv248fip248inf210/index.html HTTP/1.1"
2432	2024/01/11 15:45:24	"GET /uv248fip248inf210/web_architecture_home.html HTTP/1.1"
2432	2024/01/11 15:45:30	"GET /uv248fip248inf210/data_home.html HTTP/1.1"
2432	2024/01/11 15:45:43	"GET /uv248fip248inf210/documentation_docker.html HTTP/1.1"
2432	2024/02/21 13:52:01	"GET /uv248fip248inf210/project_home.html HTTP/1.1"
2432	2024/02/21 13:52:02	"GET /uv248fip248inf210/project_home.html HTTP/1.1"
2432	2024/02/21 13:52:08	"GET /uv248fip248inf210/project_part1.html HTTP/1.1"
2432	2024/02/21 16:05:23	"GET /uv248fip248inf210/project_part2.html HTTP/1.1"
2432	2024/01/09 10:27:19	"GET /uv248fip248inf210/technical_environment_home.html HTTP/1.1"
2432	2024/01/09 11:39:56	"GET /uv248fip248inf210/documentation_docker.html HTTP/1.1"
2432	2024/01/09 11:40:51	"GET /uv248fip248inf210/practice_docker.html HTTP/1.1"
2432	2024/01/09 11:40:56	"GET /uv248fip248inf210/practice_docker_advanced.html HTTP/1.1"
2432	2024/02/26 09:39:44	"GET /uv248fip248inf210/project_home.html HTTP/1.1"
2432	2024/02/26 09:39:46	"GET /uv248fip248inf210/project_part1.html HTTP/1.1"
2432	2024/02/26 10:24:43	"GET /uv248fip248inf210/project_part1.html HTTP/1.1"
2432	2024/02/26 10:24:46	"GET /uv248fip248inf210/project_part2.html HTTP/1.1"
2432	2024/02/26 12:13:32	"GET /uv248fip248inf210/project_part2.html HTTP/1.1"
2432	2024/02/26 12:13:34	"GET /uv248fip248inf210/project_part3.html HTTP/1.1"
2432	2024/02/26 12:13:37	"GET /uv248fip248inf210/project_structureui.html HTTP/1.1"
2432	2024/01/15 09:35:09	"GET /uv248fip248inf210/data_home.html HTTP/1.1"
2432	2024/01/15 09:35:16	"GET /uv248fip248inf210/lecture_modeling_normalization.html HTTP/1.1"
2432	2024/01/15 09:42:49	"GET /uv248fip248inf210/lecture_conceptual_modeling.html HTTP/1.1"
2432	2024/01/15 09:54:30	"GET /uv248fip248inf210/lecture_normalization.html HTTP/1.1"
2432	2024/01/15 09:58:41	"GET /uv248fip248inf210/activity_conceptual_modeling.html HTTP/1.1"
2432	2024/01/15 09:58:47	"GET /uv248fip248inf210/activity_conceptual_modeling_advanced.html HTTP/1.1"
2432	2024/01/15 09:58:48	"GET /uv248fip248inf210/activity_normalization.html HTTP/1.1"
2432	2024/01/15 09:58:52	"GET /uv248fip248inf210/practice_sql.html HTTP/1.1"
2432	2024/01/15 10:03:04	"GET /uv248fip248inf210/practice_independence_views.html HTTP/1.1"
2432	2024/01/15 10:03:14	"GET /uv248fip248inf210/activity_sql.html HTTP/1.1"
2432	2024/01/15 10:22:40	"GET /uv248fip248inf210/activity_sql_correction.html HTTP/1.1"
2432	2024/01/15 11:10:32	"GET /uv248fip248inf210/index.html HTTP/1.1"
2432	2024/01/15 11:13:01	"GET /uv248fip248inf210/practice_sql_correction.html HTTP/1.1"
2432	2024/01/15 11:42:01	"GET /uv248fip248inf210/practice_advanced_sql.html HTTP/1.1"
2432	2024/02/28 09:39:36	"GET /uv248fip248inf210/project_home.html HTTP/1.1"
2432	2024/02/28 09:39:38	"GET /uv248fip248inf210/project_part2.html HTTP/1.1"
2432	2024/02/28 09:39:41	"GET /uv248fip248inf210/project_part2.html HTTP/1.1"
2432	2024/02/28 10:07:25	"GET /uv248fip248inf210/web_architecture_home.html HTTP/1.1"
2432	2024/02/28 10:07:32	"GET /uv248fip248inf210/practice_jpa.html HTTP/1.1"
2432	2024/02/28 10:07:34	"GET /uv248fip248inf210/practice_jpa_advanced.html HTTP/1.1"
2432	2024/02/28 10:08:00	"GET /uv248fip248inf210/index.html HTTP/1.1"
2432	2024/02/28 10:08:03	"GET /uv248fip248inf210/project_home.html HTTP/1.1"
2432	2024/02/28 10:08:08	"GET /uv248fip248inf210/project_part2.html HTTP/1.1"
2432	2024/02/28 10:43:37	"GET /uv248fip248inf210/project_task_time.html HTTP/1.1"
2432	2024/02/28 11:11:23	"GET /uv248fip248inf210/project_part1.html HTTP/1.1"
2432	2024/02/28 11:11:43	"GET /uv248fip248inf210/project_part2.html HTTP/1.1"
2432	2024/02/28 11:35:10	"GET /uv248fip248inf210/project_task_time.html HTTP/1.1"
2432	2024/02/28 15:27:03	"GET /uv248fip248inf210/project_part3.html HTTP/1.1"
2432	2024/02/28 15:27:05	"GET /uv248fip248inf210/project_structureui.html HTTP/1.1"
2432	2024/01/12 13:53:43	"GET /uv248fip248inf210/index.html HTTP/1.1"
2432	2024/01/12 13:53:47	"GET /uv248fip248inf210/data_home.html HTTP/1.1"
2432	2024/01/12 13:53:50	"GET /uv248fip248inf210/lecture_relational_model.html HTTP/1.1"
2432	2024/01/12 14:13:59	"GET /uv248fip248inf210/lecture_db_integrity.html HTTP/1.1"
2432	2024/01/12 14:18:07	"GET /uv248fip248inf210/activity_relational_model.html HTTP/1.1"
2432	2024/01/12 14:27:48	"GET /uv248fip248inf210/activity_conceptual_modeling.html HTTP/1.1"
2432	2024/01/12 14:27:55	"GET /uv248fip248inf210/activity_relational_model.html HTTP/1.1"
2432	2024/01/12 14:45:56	"GET /uv248fip248inf210/activity_conceptual_modeling_advanced.html HTTP/1.1"
2432	2024/01/12 15:29:37	"GET /uv248fip248inf210/activity_relational_model_correction.html HTTP/1.1"
2432	2024/01/12 15:42:41	"GET /uv248fip248inf210/lecture_modeling_normalization.html HTTP/1.1"
2432	2024/01/12 16:01:16	"GET /uv248fip248inf210/lecture_normalization.html HTTP/1.1"
2432	2024/01/12 16:01:19	"GET /uv248fip248inf210/lecture_conceptual_modeling.html HTTP/1.1"
