2433	2024/01/29 09:56:19	"GET /uv248fip248inf210/web_architecture_home.html HTTP/1.1"
2433	2024/01/29 09:56:29	"GET /uv248fip248inf210/practice_spring_2tiers.html HTTP/1.1"
2433	2024/01/29 10:46:20	"GET /uv248fip248inf210/lecture_dto.html HTTP/1.1"
2433	2024/01/29 11:15:27	"GET /uv248fip248inf210/lecture_xml.html HTTP/1.1"
2433	2024/01/29 11:37:41	"GET /uv248fip248inf210/practice_xml.html HTTP/1.1"
2433	2024/02/06 15:51:25	"GET /uv248fip248inf210/data_home.html HTTP/1.1"
2433	2024/02/06 15:51:28	"GET /uv248fip248inf210/index.html HTTP/1.1"
2433	2024/02/06 15:51:33	"GET /uv248fip248inf210/project_home.html HTTP/1.1"
2433	2024/02/06 15:51:50	"GET /uv248fip248inf210/practice_advanced_sql.html HTTP/1.1"
2433	2024/02/06 15:52:06	"GET /uv248fip248inf210/web_architecture_home.html HTTP/1.1"
2433	2024/02/06 15:52:13	"GET /uv248fip248inf210/practice_jpa_advanced.html HTTP/1.1"
2433	2024/03/11 09:37:36	"GET /uv248fip248inf210/technical_environment_home.html HTTP/1.1"
2433	2024/03/11 09:37:51	"GET /uv248fip248inf210/documentation_docker.html HTTP/1.1"
2433	2024/03/11 09:54:14	"GET /uv248fip248inf210/project_home.html HTTP/1.1"
2433	2024/03/11 09:54:45	"GET /uv248fip248inf210/project_evaluation.html HTTP/1.1"
2433	2024/03/04 09:39:57	"GET /uv248fip248inf210/data_home.html HTTP/1.1"
2433	2024/03/04 09:40:02	"GET /uv248fip248inf210/project_home.html HTTP/1.1"
2433	2024/03/04 09:40:05	"GET /uv248fip248inf210/project_part2.html HTTP/1.1"
2433	2024/03/04 09:40:38	"GET /uv248fip248inf210/project_part3.html HTTP/1.1"
2433	2024/03/04 09:40:41	"GET /uv248fip248inf210/project_structureui.html HTTP/1.1"
2433	2024/03/09 13:57:49	"GET /uv248fip248inf210/project_home.html HTTP/1.1"
2433	2024/03/09 13:57:57	"GET /uv248fip248inf210/project_specifications.html HTTP/1.1"
2433	2024/03/09 13:58:05	"GET /uv248fip248inf210/project_part1.html HTTP/1.1"
2433	2024/03/06 16:32:31	"GET /uv248fip248inf210/project_home.html HTTP/1.1"
2433	2024/03/06 16:32:35	"GET /uv248fip248inf210/project_part3.html HTTP/1.1"
2433	2024/01/22 13:54:18	"GET /uv248fip248inf210/web_architecture_home.html HTTP/1.1"
2433	2024/01/22 13:54:23	"GET /uv248fip248inf210/practice_jpa.html HTTP/1.1"
2433	2024/01/22 14:46:50	"GET /uv248fip248inf210/practice_spring_2tiers.html HTTP/1.1"
2433	2024/01/22 15:02:39	"GET /uv248fip248inf210/lecture_mvc_spring.html HTTP/1.1"
2433	2024/01/17 13:54:08	"GET /uv248fip248inf210/web_architecture_home.html HTTP/1.1"
2433	2024/01/17 13:54:11	"GET /uv248fip248inf210/lecture_technical_architecture.html HTTP/1.1"
2433	2024/01/17 14:14:31	"GET /uv248fip248inf210/lecture_software_architecture.html HTTP/1.1"
2433	2024/01/17 14:48:55	"GET /uv248fip248inf210/lecture_mvc_spring.html HTTP/1.1"
2433	2024/01/17 15:24:37	"GET /uv248fip248inf210/lecture_jpa.html HTTP/1.1"
2433	2024/01/17 16:01:41	"GET /uv248fip248inf210/practice_jpa.html HTTP/1.1"
2433	2024/01/17 16:08:30	"GET /uv248fip248inf210/index.html HTTP/1.1"
2433	2024/01/17 16:08:33	"GET /uv248fip248inf210/technical_environment_home.html HTTP/1.1"
2433	2024/01/17 16:08:56	"GET /uv248fip248inf210/images/technical_environment/prerequisite_techenv/prerequisite_techenv.html HTTP/1.1"
2433	2024/01/17 16:09:23	"GET /uv248fip248inf210/practice_spring.html HTTP/1.1"
2433	2024/01/19 09:50:03	"GET /uv248fip248inf210/web_architecture_home.html HTTP/1.1"
2433	2024/01/19 09:50:09	"GET /uv248fip248inf210/practice_jpa.html HTTP/1.1"
2433	2024/01/19 10:05:05	"GET /uv248fip248inf210/index.html HTTP/1.1"
2433	2024/01/19 10:05:07	"GET /uv248fip248inf210/technical_environment_home.html HTTP/1.1"
2433	2024/01/19 10:05:13	"GET /uv248fip248inf210/practice_spring.html HTTP/1.1"
2433	2024/01/11 08:12:58	"GET /uv248fip248inf210/technical_environment_home.html HTTP/1.1"
2433	2024/01/11 08:13:04	"GET /uv248fip248inf210/practice_docker_advanced.html HTTP/1.1"
2433	2024/01/11 08:13:56	"GET /uv248fip248inf210/documentation_docker.html HTTP/1.1"
2433	2024/01/11 08:18:47	"GET /uv248fip248inf210/practice_docker.html HTTP/1.1"
2433	2024/01/11 09:08:38	"GET /uv248fip248inf210/practice_docker_advanced.html HTTP/1.1"
2433	2024/01/11 09:11:13	"GET /uv248fip248inf210/technical_environment_home.html HTTP/1.1"
2433	2024/01/11 09:11:19	"GET /uv248fip248inf210/documentation_si.html HTTP/1.1"
2433	2024/01/11 09:11:24	"GET /uv248fip248inf210/practice_postgresql.html HTTP/1.1"
2433	2024/01/11 09:51:51	"GET /uv248fip248inf210/documentation_programming.html HTTP/1.1"
2433	2024/01/11 09:57:40	"GET /uv248fip248inf210/practice_spring.html HTTP/1.1"
2433	2024/01/11 15:25:23	"GET /uv248fip248inf210/index.html HTTP/1.1"
2433	2024/01/11 15:25:30	"GET /uv248fip248inf210/web_architecture_home.html HTTP/1.1"
2433	2024/01/11 15:25:43	"GET /uv248fip248inf210/lecture_dto.html HTTP/1.1"
2433	2024/01/11 15:25:56	"GET /uv248fip248inf210/data_home.html HTTP/1.1"
2433	2024/01/11 15:26:03	"GET /uv248fip248inf210/lecture_relational_model.html HTTP/1.1"
2433	2024/01/11 15:34:37	"GET /uv248fip248inf210/lecture_db_integrity.html HTTP/1.1"
2433	2024/01/11 15:41:40	"GET /uv248fip248inf210/lecture_relational_algebra.html HTTP/1.1"
2433	2024/01/11 15:42:49	"GET /uv248fip248inf210/activity_relational_model.html HTTP/1.1"
2433	2024/01/11 15:50:10	"GET /uv248fip248inf210/activity_relational_model.html HTTP/1.1"
2433	2024/01/11 16:13:26	"GET /uv248fip248inf210/activity_relational_model_correction.html HTTP/1.1"
2433	2024/01/11 16:23:10	"GET /uv248fip248inf210/lecture_modeling_normalization.html HTTP/1.1"
2433	2024/02/21 13:46:06	"GET /uv248fip248inf210/project_home.html HTTP/1.1"
2433	2024/02/21 13:46:11	"GET /uv248fip248inf210/project_presentation.html HTTP/1.1"
2433	2024/02/21 13:47:13	"GET /uv248fip248inf210/project_evaluation.html HTTP/1.1"
2433	2024/02/21 13:47:38	"GET /uv248fip248inf210/project_specifications.html HTTP/1.1"
2433	2024/02/21 13:51:19	"GET /uv248fip248inf210/project_task_time.html HTTP/1.1"
2433	2024/02/21 13:56:45	"GET /uv248fip248inf210/project_part1.html HTTP/1.1"
2433	2024/02/21 14:03:06	"GET /uv248fip248inf210/technical_environment_home.html HTTP/1.1"
2433	2024/02/21 14:03:10	"GET /uv248fip248inf210/practice_docker.html HTTP/1.1"
2433	2024/02/21 15:44:09	"GET /uv248fip248inf210/project_part2.html HTTP/1.1"
2433	2024/02/21 15:55:37	"GET /uv248fip248inf210/project_part2.html HTTP/1.1"
2433	2024/02/21 15:55:39	"GET /uv248fip248inf210/project_part2.html HTTP/1.1"
2433	2024/02/21 15:55:45	"GET /uv248fip248inf210/project_part1.html HTTP/1.1"
2433	2024/02/21 15:55:47	"GET /uv248fip248inf210/project_part2.html HTTP/1.1"
2433	2024/02/21 15:55:54	"GET /uv248fip248inf210/project_part2.html HTTP/1.1"
2433	2024/01/09 10:26:17	"GET /uv248fip248inf210/technical_environment_home.html HTTP/1.1"
2433	2024/01/09 10:26:56	"GET /uv248fip248inf210/images/technical_environment/prerequisite_techenv/prerequisite_techenv.html HTTP/1.1"
2433	2024/01/09 11:17:10	"GET /uv248fip248inf210/documentation_docker.html HTTP/1.1"
2433	2024/01/09 11:24:56	"GET /uv248fip248inf210/practice_docker.html HTTP/1.1"
2433	2024/01/09 11:27:18	"GET /uv248fip248inf210/documentation_docker.html HTTP/1.1"
2433	2024/01/09 11:30:55	"GET /uv248fip248inf210/practice_docker_advanced.html HTTP/1.1"
2433	2024/02/26 09:38:10	"GET /uv248fip248inf210/project_home.html HTTP/1.1"
2433	2024/02/26 09:38:20	"GET /uv248fip248inf210/project_part2.html HTTP/1.1"
2433	2024/02/26 09:38:27	"GET /uv248fip248inf210/project_part1.html HTTP/1.1"
2433	2024/02/26 11:06:21	"GET /uv248fip248inf210/project_part2.html HTTP/1.1"
2433	2024/02/26 11:59:08	"GET /uv248fip248inf210/project_part2.html HTTP/1.1"
2433	2024/01/15 09:57:14	"GET /uv248fip248inf210/data_home.html HTTP/1.1"
2433	2024/01/15 09:57:25	"GET /uv248fip248inf210/practice_sql.html HTTP/1.1"
2433	2024/01/15 11:22:32	"GET /uv248fip248inf210/practice_advanced_sql.html HTTP/1.1"
2433	2024/01/15 11:23:01	"GET /uv248fip248inf210/practice_advanced_sql_correction.html HTTP/1.1"
2433	2024/01/15 11:25:04	"GET /uv248fip248inf210/lecture_transaction.html HTTP/1.1"
2433	2024/01/15 11:30:28	"GET /uv248fip248inf210/practice_transaction.html HTTP/1.1"
2433	2024/02/28 09:42:46	"GET /uv248fip248inf210/project_home.html HTTP/1.1"
2433	2024/02/28 09:42:49	"GET /uv248fip248inf210/project_part2.html HTTP/1.1"
2433	2024/02/28 14:10:09	"GET /uv248fip248inf210/project_part3.html HTTP/1.1"
2433	2024/02/28 14:15:59	"GET /uv248fip248inf210/project_part3.html HTTP/1.1"
2433	2024/02/28 15:39:59	"GET /uv248fip248inf210/project_part2.html HTTP/1.1"
2433	2024/01/12 13:54:02	"GET /uv248fip248inf210/data_home.html HTTP/1.1"
2433	2024/01/12 13:54:41	"GET /uv248fip248inf210/lecture_conceptual_modeling.html HTTP/1.1"
2433	2024/01/12 14:30:04	"GET /uv248fip248inf210/lecture_normalization.html HTTP/1.1"
2433	2024/01/12 14:52:48	"GET /uv248fip248inf210/index.html HTTP/1.1"
2433	2024/01/12 14:53:07	"GET /uv248fip248inf210/activity_conceptual_modeling.html HTTP/1.1"
2433	2024/01/12 14:56:56	"GET /uv248fip248inf210/activity_conceptual_modeling_correction.html HTTP/1.1"
2433	2024/01/12 15:34:50	"GET /uv248fip248inf210/activity_normalization.html HTTP/1.1"
2433	2024/01/12 15:44:37	"GET /uv248fip248inf210/activity_normalization_correction.html HTTP/1.1"
2433	2024/01/12 15:56:13	"GET /uv248fip248inf210/activity_decomposition.html HTTP/1.1"
2433	2024/01/12 16:00:06	"GET /uv248fip248inf210/activity_decomposition_correction.html HTTP/1.1"
2433	2024/01/12 16:01:25	"GET /uv248fip248inf210/activity_sql.html HTTP/1.1"
2433	2024/01/12 16:08:55	"GET /uv248fip248inf210/activity_sql_correction.html HTTP/1.1"
2433	2024/01/12 16:12:30	"GET /uv248fip248inf210/practice_sql.html HTTP/1.1"
2433	2024/01/12 16:17:03	"GET /uv248fip248inf210/technical_environment_home.html HTTP/1.1"
2433	2024/01/12 16:17:07	"GET /uv248fip248inf210/practice_spring.html HTTP/1.1"
2433	2024/01/12 16:17:32	"GET /uv248fip248inf210/practice_postgresql.html HTTP/1.1"
