2434	2024/03/02 20:47:11	"GET /uv248fip248inf210/project_part2.html HTTP/1.1"
2434	2024/03/02 20:47:23	"GET /uv248fip248inf210/index.html HTTP/1.1"
2434	2024/03/02 20:47:25	"GET /uv248fip248inf210/technical_environment_home.html HTTP/1.1"
2434	2024/03/02 23:04:55	"GET /uv248fip248inf210/project_part3.html HTTP/1.1"
2434	2024/03/02 23:05:06	"GET /uv248fip248inf210/project_structureui.html HTTP/1.1"
2434	2024/01/29 09:41:35	"GET /uv248fip248inf210/data_home.html HTTP/1.1"
2434	2024/01/29 09:41:39	"GET /uv248fip248inf210/lecture_relational_model.html HTTP/1.1"
2434	2024/01/29 09:41:43	"GET /uv248fip248inf210/lecture_modeling_normalization.html HTTP/1.1"
2434	2024/01/29 09:43:52	"GET /uv248fip248inf210/lecture_conceptual_modeling.html HTTP/1.1"
2434	2024/01/29 10:00:36	"GET /uv248fip248inf210/lecture_normalization.html HTTP/1.1"
2434	2024/01/29 10:09:26	"GET /uv248fip248inf210/activity_conceptual_modeling.html HTTP/1.1"
2434	2024/01/29 10:12:39	"GET /uv248fip248inf210/activity_normalization.html HTTP/1.1"
2434	2024/01/29 10:35:40	"GET /uv248fip248inf210/activity_decomposition.html HTTP/1.1"
2434	2024/01/29 10:41:37	"GET /uv248fip248inf210/activity_sql.html HTTP/1.1"
2434	2024/01/29 10:41:42	"GET /uv248fip248inf210/practice_sql.html HTTP/1.1"
2434	2024/01/29 10:41:45	"GET /uv248fip248inf210/practice_advanced_sql.html HTTP/1.1"
2434	2024/01/29 10:41:47	"GET /uv248fip248inf210/lecture_transaction.html HTTP/1.1"
2434	2024/01/29 10:41:51	"GET /uv248fip248inf210/practice_transaction.html HTTP/1.1"
2434	2024/01/29 11:51:24	"GET /uv248fip248inf210/practice_sql.html HTTP/1.1"
2434	2024/01/29 11:58:08	"GET /uv248fip248inf210/documentation_rdbms.html HTTP/1.1"
2434	2024/01/29 11:59:36	"GET /uv248fip248inf210/practice_sql.html HTTP/1.1"
2434	2024/03/05 15:31:42	"GET /uv248fip248inf210/project_home.html HTTP/1.1"
2434	2024/03/05 15:31:43	"GET /uv248fip248inf210/project_evaluation.html HTTP/1.1"
2434	2024/03/05 15:31:44	"GET /uv248fip248inf210/project_specifications.html HTTP/1.1"
2434	2024/03/10 17:39:37	"GET /uv248fip248inf210/web_architecture_home.html HTTP/1.1"
2434	2024/03/10 17:39:56	"GET /uv248fip248inf210/practice_spring_2tiers.html HTTP/1.1"
2434	2024/03/10 17:40:36	"GET /uv248fip248inf210/lecture_technical_architecture.html HTTP/1.1"
2434	2024/03/10 17:40:38	"GET /uv248fip248inf210/lecture_software_architecture.html HTTP/1.1"
2434	2024/02/13 08:29:57	"GET /uv248fip248inf210/project_home.html HTTP/1.1"
2434	2024/02/13 08:30:09	"GET /uv248fip248inf210/data_home.html HTTP/1.1"
2434	2024/02/13 08:30:12	"GET /uv248fip248inf210/lecture_transaction.html HTTP/1.1"
2434	2024/02/13 08:30:14	"GET /uv248fip248inf210/practice_sql.html HTTP/1.1"
2434	2024/02/13 08:30:20	"GET /uv248fip248inf210/activity_sql.html HTTP/1.1"
2434	2024/02/13 08:40:52	"GET /uv248fip248inf210/practice_transaction.html HTTP/1.1"
2434	2024/02/13 09:18:45	"GET /uv248fip248inf210/index.html HTTP/1.1"
2434	2024/02/13 09:18:50	"GET /uv248fip248inf210/project_evaluation.html HTTP/1.1"
2434	2024/02/13 09:18:54	"GET /uv248fip248inf210/project_presentation.html HTTP/1.1"
2434	2024/02/13 09:18:59	"GET /uv248fip248inf210/project_part1.html HTTP/1.1"
2434	2024/02/13 10:00:40	"GET /uv248fip248inf210/practice_transaction.html HTTP/1.1"
2434	2024/02/13 10:00:42	"GET /uv248fip248inf210/data_home.html HTTP/1.1"
2434	2024/02/13 10:14:15	"GET /uv248fip248inf210/project_part1.html HTTP/1.1"
2434	2024/02/13 10:16:18	"GET /uv248fip248inf210/project_specifications.html HTTP/1.1"
2434	2024/02/13 10:17:53	"GET /uv248fip248inf210/project_task_time.html HTTP/1.1"
2434	2024/02/06 14:01:52	"GET /uv248fip248inf210/web_architecture_home.html HTTP/1.1"
2434	2024/02/06 14:04:18	"GET /uv248fip248inf210/lecture_software_architecture.html HTTP/1.1"
2434	2024/02/06 14:04:20	"GET /uv248fip248inf210/practice_json.html HTTP/1.1"
2434	2024/02/06 14:04:22	"GET /uv248fip248inf210/index.html HTTP/1.1"
2434	2024/02/06 14:04:43	"GET /uv248fip248inf210/lecture_parser.html HTTP/1.1"
2434	2024/02/06 14:08:38	"GET /uv248fip248inf210/lecture_mvc_spring.html HTTP/1.1"
2434	2024/02/06 14:08:47	"GET /uv248fip248inf210/project_home.html HTTP/1.1"
2434	2024/02/06 14:08:48	"GET /uv248fip248inf210/project_presentation.html HTTP/1.1"
2434	2024/02/06 14:08:55	"GET /uv248fip248inf210/project_evaluation.html HTTP/1.1"
2434	2024/02/06 14:08:58	"GET /uv248fip248inf210/project_specifications.html HTTP/1.1"
2434	2024/02/06 14:08:59	"GET /uv248fip248inf210/project_task_time.html HTTP/1.1"
2434	2024/02/06 14:09:01	"GET /uv248fip248inf210/project_part1.html HTTP/1.1"
2434	2024/02/06 16:06:49	"GET /uv248fip248inf210/data_home.html HTTP/1.1"
2434	2024/02/06 16:06:57	"GET /uv248fip248inf210/lecture_relational_model.html HTTP/1.1"
2434	2024/02/06 16:06:58	"GET /uv248fip248inf210/lecture_db_integrity.html HTTP/1.1"
2434	2024/02/06 16:06:58	"GET /uv248fip248inf210/activity_relational_model.html HTTP/1.1"
2434	2024/02/06 16:07:02	"GET /uv248fip248inf210/practice_independence_views.html HTTP/1.1"
2434	2024/02/06 16:07:05	"GET /uv248fip248inf210/activity_decomposition.html HTTP/1.1"
2434	2024/02/06 16:07:07	"GET /uv248fip248inf210/lecture_modeling_normalization.html HTTP/1.1"
2434	2024/02/06 16:07:11	"GET /uv248fip248inf210/lecture_normalization.html HTTP/1.1"
2434	2024/02/06 16:07:20	"GET /uv248fip248inf210/lecture_conceptual_modeling.html HTTP/1.1"
2434	2024/02/06 16:08:12	"GET /uv248fip248inf210/activity_conceptual_modeling.html HTTP/1.1"
2434	2024/02/06 16:08:16	"GET /uv248fip248inf210/practice_advanced_sql.html HTTP/1.1"
2434	2024/03/11 09:35:04	"GET /uv248fip248inf210/web_architecture_home.html HTTP/1.1"
2434	2024/03/11 09:36:02	"GET /uv248fip248inf210/practice_jpa.html HTTP/1.1"
2434	2024/03/11 09:36:23	"GET /uv248fip248inf210/lecture_mvc_spring.html HTTP/1.1"
2434	2024/03/11 09:36:45	"GET /uv248fip248inf210/lecture_jpa.html HTTP/1.1"
2434	2024/03/11 09:36:49	"GET /uv248fip248inf210/practice_jpa_advanced.html HTTP/1.1"
2434	2024/03/11 09:36:55	"GET /uv248fip248inf210/lecture_dto.html HTTP/1.1"
2434	2024/03/11 09:36:58	"GET /uv248fip248inf210/lecture_xml.html HTTP/1.1"
2434	2024/03/11 09:37:01	"GET /uv248fip248inf210/lecture_json.html HTTP/1.1"
2434	2024/03/11 09:37:52	"GET /uv248fip248inf210/index.html HTTP/1.1"
2434	2024/03/04 09:57:21	"GET /uv248fip248inf210/project_specifications.html HTTP/1.1"
2434	2024/03/04 14:09:54	"GET /uv248fip248inf210/project_part3.html HTTP/1.1"
2434	2024/03/04 17:03:33	"GET /uv248fip248inf210/project_specifications.html HTTP/1.1"
2434	2024/03/03 01:40:09	"GET /uv248fip248inf210/project_specifications.html HTTP/1.1"
2434	2024/03/06 15:31:19	"GET /uv248fip248inf210/technical_environment_home.html HTTP/1.1"
2434	2024/03/06 15:31:22	"GET /uv248fip248inf210/documentation_programming.html HTTP/1.1"
2434	2024/03/06 15:31:30	"GET /uv248fip248inf210/spring_bean.html HTTP/1.1"
2434	2024/03/06 15:31:31	"GET /uv248fip248inf210/practice_spring.html HTTP/1.1"
2434	2024/03/06 15:34:15	"GET /uv248fip248inf210/project_home.html HTTP/1.1"
2434	2024/03/06 15:34:27	"GET /uv248fip248inf210/project_part4.html HTTP/1.1"
2434	2024/03/06 15:34:30	"GET /uv248fip248inf210/project_structureui.html HTTP/1.1"
2434	2024/03/06 15:34:33	"GET /uv248fip248inf210/project_part3.html HTTP/1.1"
2434	2024/03/06 15:34:37	"GET /uv248fip248inf210/project_part2.html HTTP/1.1"
2434	2024/03/06 15:34:47	"GET /uv248fip248inf210/project_part1.html HTTP/1.1"
2434	2024/03/06 15:35:00	"GET /uv248fip248inf210/project_specifications.html HTTP/1.1"
2434	2024/03/06 15:37:59	"GET /uv248fip248inf210/project_presentation.html HTTP/1.1"
2434	2024/03/06 15:38:01	"GET /uv248fip248inf210/project_evaluation.html HTTP/1.1"
2434	2024/03/06 15:38:34	"GET /uv248fip248inf210/project_task_time.html HTTP/1.1"
2434	2024/03/06 15:38:51	"GET /uv248fip248inf210/index.html HTTP/1.1"
2434	2024/03/06 15:39:10	"GET /uv248fip248inf210/web_architecture_home.html HTTP/1.1"
2434	2024/03/06 16:00:16	"GET /uv248fip248inf210/data_home.html HTTP/1.1"
2434	2024/03/06 16:00:23	"GET /uv248fip248inf210/lecture_transaction.html HTTP/1.1"
2434	2024/03/06 16:00:55	"GET /uv248fip248inf210/lecture_jaxb.html HTTP/1.1"
2434	2024/03/06 16:00:57	"GET /uv248fip248inf210/lecture_json.html HTTP/1.1"
2434	2024/03/06 16:00:59	"GET /uv248fip248inf210/practice_json.html HTTP/1.1"
2434	2024/03/06 16:01:01	"GET /uv248fip248inf210/lecture_xml.html HTTP/1.1"
2434	2024/03/06 16:01:01	"GET /uv248fip248inf210/practice_xml.html HTTP/1.1"
2434	2024/03/06 16:02:17	"GET /uv248fip248inf210/practice_spring_2tiers.html HTTP/1.1"
2434	2024/03/06 18:13:47	"GET /uv248fip248inf210/practice_spring_2tiers.html HTTP/1.1"
2434	2024/03/06 18:14:54	"GET /uv248fip248inf210/lecture_technical_architecture.html HTTP/1.1"
2434	2024/03/06 18:14:58	"GET /uv248fip248inf210/lecture_software_architecture.html HTTP/1.1"
2434	2024/02/05 14:49:09	"GET /uv248fip248inf210/web_architecture_home.html HTTP/1.1"
2434	2024/02/05 14:49:16	"GET /uv248fip248inf210/data_home.html HTTP/1.1"
2434	2024/02/05 14:49:21	"GET /uv248fip248inf210/lecture_relational_model.html HTTP/1.1"
2434	2024/02/05 14:49:25	"GET /uv248fip248inf210/lecture_db_integrity.html HTTP/1.1"
2434	2024/02/05 14:49:30	"GET /uv248fip248inf210/activity_relational_model.html HTTP/1.1"
2434	2024/02/05 14:49:39	"GET /uv248fip248inf210/lecture_modeling_normalization.html HTTP/1.1"
2434	2024/02/05 14:49:53	"GET /uv248fip248inf210/lecture_conceptual_modeling.html HTTP/1.1"
2434	2024/02/05 15:25:22	"GET /uv248fip248inf210/data_home.html HTTP/1.1"
2434	2024/02/05 15:30:01	"GET /uv248fip248inf210/technical_environment_home.html HTTP/1.1"
2434	2024/02/05 15:30:05	"GET /uv248fip248inf210/practice_postgresql.html HTTP/1.1"
2434	2024/02/05 15:30:13	"GET /uv248fip248inf210/project_home.html HTTP/1.1"
2434	2024/02/05 15:30:19	"GET /uv248fip248inf210/activity_sql.html HTTP/1.1"
2434	2024/02/05 15:31:19	"GET /uv248fip248inf210/practice_sql.html HTTP/1.1"
2434	2024/02/05 15:31:56	"GET /uv248fip248inf210/lecture_transaction.html HTTP/1.1"
2434	2024/02/05 15:31:59	"GET /uv248fip248inf210/practice_transaction.html HTTP/1.1"
2434	2024/02/05 15:33:36	"GET /uv248fip248inf210/index.html HTTP/1.1"
2434	2024/02/05 15:35:54	"GET /uv248fip248inf210/activity_sql.html HTTP/1.1"
2434	2024/01/22 13:58:25	"GET /uv248fip248inf210/data_home.html HTTP/1.1"
2434	2024/01/22 13:58:27	"GET /uv248fip248inf210/lecture_relational_model.html HTTP/1.1"
2434	2024/01/22 13:59:52	"GET /uv248fip248inf210/project_home.html HTTP/1.1"
2434	2024/01/22 14:00:00	"GET /uv248fip248inf210/technical_environment_home.html HTTP/1.1"
2434	2024/01/22 14:00:12	"GET /uv248fip248inf210/data_home.html HTTP/1.1"
2434	2024/01/22 14:00:13	"GET /uv248fip248inf210/lecture_relational_model.html HTTP/1.1"
2434	2024/01/22 14:00:20	"GET /uv248fip248inf210/lecture_transaction.html HTTP/1.1"
2434	2024/01/22 14:00:24	"GET /uv248fip248inf210/practice_transaction.html HTTP/1.1"
2434	2024/01/22 14:25:23	"GET /uv248fip248inf210/lecture_db_integrity.html HTTP/1.1"
2434	2024/01/22 14:29:51	"GET /uv248fip248inf210/activity_relational_model.html HTTP/1.1"
2434	2024/01/22 14:29:52	"GET /uv248fip248inf210/lecture_relational_algebra.html HTTP/1.1"
2434	2024/01/22 14:36:46	"GET /uv248fip248inf210/index.html HTTP/1.1"
2434	2024/01/22 14:36:47	"GET /uv248fip248inf210/web_architecture_home.html HTTP/1.1"
2434	2024/01/22 14:37:25	"GET /uv248fip248inf210/images/web_architecture/prerequisite_archiweb/prerequisite_archiweb.html HTTP/1.1"
2434	2024/01/22 15:55:48	"GET /uv248fip248inf210/lecture_modeling_normalization.html HTTP/1.1"
2434	2024/01/22 16:23:58	"GET /uv248fip248inf210/technical_environment_home.html HTTP/1.1"
2434	2024/01/22 16:24:05	"GET /uv248fip248inf210/lecture_modeling_normalization.html HTTP/1.1"
2434	2024/01/22 16:30:06	"GET /uv248fip248inf210/lecture_conceptual_modeling.html HTTP/1.1"
2434	2024/01/22 16:30:07	"GET /uv248fip248inf210/lecture_normalisation.html HTTP/1.1"
2434	2024/01/23 18:32:54	"GET /uv248fip248inf210/lecture_modeling_normalization.html HTTP/1.1"
2434	2024/02/19 09:42:47	"GET /uv248fip248inf210/project_home.html HTTP/1.1"
2434	2024/02/19 09:42:50	"GET /uv248fip248inf210/project_presentation.html HTTP/1.1"
2434	2024/02/19 09:43:39	"GET /uv248fip248inf210/project_part1.html HTTP/1.1"
2434	2024/02/19 09:44:35	"GET /uv248fip248inf210/project_specifications.html HTTP/1.1"
2434	2024/02/19 10:12:17	"GET /uv248fip248inf210/project_task_time.html HTTP/1.1"
2434	2024/02/19 10:14:16	"GET /uv248fip248inf210/project_evaluation.html HTTP/1.1"
2434	2024/02/19 10:15:42	"GET /uv248fip248inf210/index.html HTTP/1.1"
2434	2024/02/19 10:15:44	"GET /uv248fip248inf210/technical_environment_home.html HTTP/1.1"
2434	2024/02/19 10:16:06	"GET /uv248fip248inf210/practice_postgresql.html HTTP/1.1"
2434	2024/01/10 21:22:17	"GET /uv248fip248inf210/practice_docker.html HTTP/1.1"
2434	2024/01/10 21:43:09	"GET /uv248fip248inf210/documentation_si.html HTTP/1.1"
2434	2024/01/10 21:43:14	"GET /uv248fip248inf210/documentation_rdbms.html HTTP/1.1"
2434	2024/01/10 21:44:10	"GET /uv248fip248inf210/index.html HTTP/1.1"
2434	2024/01/10 21:44:20	"GET /uv248fip248inf210/technical_environment_home.html HTTP/1.1"
2434	2024/01/10 22:33:11	"GET /uv248fip248inf210/technical_environment_home.html HTTP/1.1"
2434	2024/01/10 22:33:53	"GET /uv248fip248inf210/technical_environment_home.html HTTP/1.1"
2434	2024/01/10 22:44:07	"GET /uv248fip248inf210/documentation_docker.html HTTP/1.1"
2434	2024/01/10 23:01:13	"GET /uv248fip248inf210/practice_docker.html HTTP/1.1"
2434	2024/01/10 23:17:20	"GET /uv248fip248inf210/documentation_docker.html HTTP/1.1"
2434	2024/01/10 23:18:53	"GET /uv248fip248inf210/practice_docker_advanced.html HTTP/1.1"
2434	2024/01/10 23:19:21	"GET /uv248fip248inf210/documentation_rdbms.html HTTP/1.1"
2434	2024/01/10 23:19:21	"GET /uv248fip248inf210/practice_postgresql.html HTTP/1.1"
2434	2024/01/10 23:52:07	"GET /uv248fip248inf210/documentation_programming.html HTTP/1.1"
2434	2024/01/10 23:52:38	"GET /uv248fip248inf210/practice_spring.html HTTP/1.1"
2434	2024/01/10 23:54:07	"GET /uv248fip248inf210/documentation_si.html HTTP/1.1"
2434	2024/01/10 23:55:22	"GET /uv248fip248inf210/inversion_of_control.html HTTP/1.1"
2434	2024/01/17 13:47:33	"GET /uv248fip248inf210/data_home.html HTTP/1.1"
2434	2024/01/17 13:47:38	"GET /uv248fip248inf210/web_architecture_home.html HTTP/1.1"
2434	2024/01/17 13:47:40	"GET /uv248fip248inf210/practice_spring_2tiers_ext.html HTTP/1.1"
2434	2024/01/17 14:03:17	"GET /uv248fip248inf210/lecture_dto.html HTTP/1.1"
2434	2024/01/17 14:06:01	"GET /uv248fip248inf210/lecture_xml.html HTTP/1.1"
2434	2024/01/17 14:34:39	"GET /uv248fip248inf210/lecture_validity.html HTTP/1.1"
2434	2024/01/17 14:34:42	"GET /uv248fip248inf210/lecture_xml.html HTTP/1.1"
2434	2024/01/17 14:44:25	"GET /uv248fip248inf210/lecture_xpath.html HTTP/1.1"
2434	2024/01/17 14:46:20	"GET /uv248fip248inf210/lecture_parser.html HTTP/1.1"
2434	2024/01/17 14:54:10	"GET /uv248fip248inf210/lecture_jaxb.html HTTP/1.1"
2434	2024/01/17 16:14:17	"GET /uv248fip248inf210/practice_xml.html HTTP/1.1"
2434	2024/01/17 16:15:39	"GET /uv248fip248inf210/lecture_jaxb.html HTTP/1.1"
2434	2024/01/17 16:15:41	"GET /uv248fip248inf210/index.html HTTP/1.1"
2434	2024/01/17 16:15:43	"GET /uv248fip248inf210/data_home.html HTTP/1.1"
2434	2024/01/17 16:15:50	"GET /uv248fip248inf210/project_home.html HTTP/1.1"
2434	2024/01/17 16:16:00	"GET /uv248fip248inf210/lecture_software_architecture.html HTTP/1.1"
2434	2024/01/19 09:41:10	"GET /uv248fip248inf210/web_architecture_home.html HTTP/1.1"
2434	2024/01/19 09:41:15	"GET /uv248fip248inf210/lecture_jaxb.html HTTP/1.1"
2434	2024/01/19 09:50:06	"GET /uv248fip248inf210/practice_xml.html HTTP/1.1"
2434	2024/01/19 09:50:06	"GET /uv248fip248inf210/practice_xml.html HTTP/1.1"
2434	2024/01/19 10:28:22	"GET /uv248fip248inf210/practice_schema_xml.html HTTP/1.1"
2434	2024/01/19 10:40:39	"GET /uv248fip248inf210/practice_xpath.html HTTP/1.1"
2434	2024/01/19 10:42:41	"GET /uv248fip248inf210/practice_apis.html HTTP/1.1"
2434	2024/01/19 11:22:12	"GET /uv248fip248inf210/lecture_json.html HTTP/1.1"
2434	2024/01/19 11:22:17	"GET /uv248fip248inf210/practice_json.html HTTP/1.1"
2434	2024/01/19 11:29:32	"GET /uv248fip248inf210/practice_json.html HTTP/1.1"
2434	2024/01/19 11:51:52	"GET /uv248fip248inf210/index.html HTTP/1.1"
2434	2024/01/19 11:51:55	"GET /uv248fip248inf210/data_home.html HTTP/1.1"
2434	2024/01/19 11:51:56	"GET /uv248fip248inf210/lecture_relational_model.html HTTP/1.1"
2434	2024/01/19 11:52:27	"GET /uv248fip248inf210/web_architecture_home.html HTTP/1.1"
2434	2024/01/19 11:52:30	"GET /uv248fip248inf210/project_home.html HTTP/1.1"
2434	2024/01/19 11:52:33	"GET /uv248fip248inf210/technical_environment_home.html HTTP/1.1"
2434	2024/01/19 11:52:47	"GET /uv248fip248inf210/lecture_technical_architecture.html HTTP/1.1"
2434	2024/01/19 11:52:49	"GET /uv248fip248inf210/lecture_software_architecture.html HTTP/1.1"
2434	2024/01/11 08:14:02	"GET /uv248fip248inf210/project_home.html HTTP/1.1"
2434	2024/01/11 08:14:06	"GET /uv248fip248inf210/data_home.html HTTP/1.1"
2434	2024/01/11 08:14:17	"GET /uv248fip248inf210/technical_environment_home.html HTTP/1.1"
2434	2024/01/11 08:14:21	"GET /uv248fip248inf210/practice_spring.html HTTP/1.1"
2434	2024/01/11 08:23:46	"GET /uv248fip248inf210/practice_spring.html HTTP/1.1"
2434	2024/01/11 08:49:49	"GET /uv248fip248inf210/index.html HTTP/1.1"
2434	2024/01/11 08:50:06	"GET /uv248fip248inf210/web_architecture_home.html HTTP/1.1"
2434	2024/01/11 08:50:59	"GET /uv248fip248inf210/data_home.html HTTP/1.1"
2434	2024/01/11 08:51:58	"GET /uv248fip248inf210/technical_environment_home.html HTTP/1.1"
2434	2024/01/11 08:52:57	"GET /uv248fip248inf210/lecture_technical_architecture.html HTTP/1.1"
2434	2024/01/11 10:04:27	"GET /uv248fip248inf210/technical_environment_home.html HTTP/1.1"
2434	2024/01/11 10:04:30	"GET /uv248fip248inf210/index.html HTTP/1.1"
2434	2024/01/11 10:04:31	"GET /uv248fip248inf210/web_architecture_home.html HTTP/1.1"
2434	2024/01/11 10:04:33	"GET /uv248fip248inf210/lecture_technical_architecture.html HTTP/1.1"
2434	2024/01/11 10:06:23	"GET /uv248fip248inf210/lecture_software_architecture.html HTTP/1.1"
2434	2024/01/11 10:14:53	"GET /uv248fip248inf210/lecture_mvc_spring.html HTTP/1.1"
2434	2024/01/11 10:24:07	"GET /uv248fip248inf210/lecture_jpa.html HTTP/1.1"
2434	2024/01/11 10:44:31	"GET /uv248fip248inf210/practice_jpa.html HTTP/1.1"
2434	2024/01/11 11:45:44	"GET /uv248fip248inf210/practice_jpa.html HTTP/1.1"
2434	2024/01/11 11:46:57	"GET /uv248fip248inf210/practice_jpa.html HTTP/1.1"
2434	2024/01/11 11:47:01	"GET /uv248fip248inf210/practice_jpa.html HTTP/1.1"
2434	2024/01/11 11:50:13	"GET /uv248fip248inf210/index.html HTTP/1.1"
2434	2024/01/11 11:50:17	"GET /uv248fip248inf210/data_home.html HTTP/1.1"
2434	2024/01/11 11:50:21	"GET /uv248fip248inf210/web_architecture_home.html HTTP/1.1"
2434	2024/01/11 12:45:51	"GET /uv248fip248inf210/practice_jpa.html HTTP/1.1"
2434	2024/01/11 12:54:31	"GET /uv248fip248inf210/index.html HTTP/1.1"
2434	2024/01/11 15:42:44	"GET /uv248fip248inf210/web_architecture_home.html HTTP/1.1"
2434	2024/01/11 15:42:49	"GET /uv248fip248inf210/practice_jpa.html HTTP/1.1"
2434	2024/01/11 23:02:07	"GET /uv248fip248inf210/practice_jpa_advanced.html HTTP/1.1"
2434	2024/01/11 23:02:15	"GET /uv248fip248inf210/practice_spring_2tiers.html HTTP/1.1"
2434	2024/01/11 23:02:21	"GET /uv248fip248inf210/practice_spring_2tiers_ext.html HTTP/1.1"
2434	2024/01/11 23:02:28	"GET /uv248fip248inf210/lecture_jaxb.html HTTP/1.1"
2434	2024/01/11 23:02:31	"GET /uv248fip248inf210/lecture_dto.html HTTP/1.1"
2434	2024/01/11 23:02:32	"GET /uv248fip248inf210/lecture_validity.html HTTP/1.1"
2434	2024/01/11 23:02:36	"GET /uv248fip248inf210/practice_jpa.html HTTP/1.1"
2434	2024/02/21 15:26:16	"GET /uv248fip248inf210/project_home.html HTTP/1.1"
2434	2024/02/21 15:26:17	"GET /uv248fip248inf210/project_part2.html HTTP/1.1"
2434	2024/02/21 15:36:45	"GET /uv248fip248inf210/project_home.html HTTP/1.1"
2434	2024/02/21 15:36:47	"GET /uv248fip248inf210/project_part2.html HTTP/1.1"
2434	2024/02/21 15:56:45	"GET /uv248fip248inf210/project_part2.html HTTP/1.1"
2434	2024/02/21 15:56:50	"GET /uv248fip248inf210/project_part2.html HTTP/1.1"
2434	2024/02/21 15:56:54	"GET /uv248fip248inf210/project_presentation.html HTTP/1.1"
2434	2024/02/21 15:56:58	"GET /uv248fip248inf210/project_part2.html HTTP/1.1"
2434	2024/02/21 15:57:17	"GET /uv248fip248inf210/project_part2.html HTTP/1.1"
2434	2024/02/21 15:57:21	"GET /uv248fip248inf210/project_part3.html HTTP/1.1"
2434	2024/02/21 15:57:25	"GET /uv248fip248inf210/project_structureui.html HTTP/1.1"
2434	2024/02/21 15:58:47	"GET /uv248fip248inf210/project_part2.html HTTP/1.1"
2434	2024/02/21 16:00:32	"GET /uv248fip248inf210/project_part3.html HTTP/1.1"
2434	2024/02/21 16:05:47	"GET /uv248fip248inf210/project_part2.html HTTP/1.1"
2434	2024/01/09 09:55:33	"GET /uv248fip248inf210/project_home.html HTTP/1.1"
2434	2024/01/09 09:55:36	"GET /uv248fip248inf210/web_architecture_home.html HTTP/1.1"
2434	2024/01/09 09:55:41	"GET /uv248fip248inf210/technical_environment_home.html HTTP/1.1"
2434	2024/01/09 10:26:23	"GET /uv248fip248inf210/images/technical_environment/prerequisite_techenv/prerequisite_techenv.html HTTP/1.1"
2434	2024/01/09 10:28:46	"GET /uv248fip248inf210/technical_environment_home.html HTTP/1.1"
2434	2024/01/09 11:15:30	"GET /uv248fip248inf210/documentation_docker.html HTTP/1.1"
2434	2024/01/09 11:28:55	"GET /uv248fip248inf210/practice_docker.html HTTP/1.1"
2434	2024/02/26 09:37:32	"GET /uv248fip248inf210/web_architecture_home.html HTTP/1.1"
2434	2024/02/26 09:37:36	"GET /uv248fip248inf210/project_home.html HTTP/1.1"
2434	2024/02/26 09:37:43	"GET /uv248fip248inf210/project_part2.html HTTP/1.1"
2434	2024/02/26 11:13:56	"GET /uv248fip248inf210/project_home.html HTTP/1.1"
2434	2024/02/26 11:13:58	"GET /uv248fip248inf210/project_part2.html HTTP/1.1"
2434	2024/01/14 15:38:06	"GET /uv248fip248inf210/index.html HTTP/1.1"
2434	2024/01/14 15:38:41	"GET /uv248fip248inf210/web_architecture_home.html HTTP/1.1"
2434	2024/01/14 15:38:44	"GET /uv248fip248inf210/practice_spring_2tiers.html HTTP/1.1"
2434	2024/01/14 16:49:26	"GET /uv248fip248inf210/practice_spring_2tiers_ext.html HTTP/1.1"
2434	2024/01/14 19:38:03	"GET /uv248fip248inf210/technical_environment_home.html HTTP/1.1"
2434	2024/01/14 19:38:17	"GET /uv248fip248inf210/index.html HTTP/1.1"
2434	2024/01/14 19:50:35	"GET /uv248fip248inf210/lecture_dto.html HTTP/1.1"
2434	2024/01/14 19:50:38	"GET /uv248fip248inf210/lecture_xml.html HTTP/1.1"
2434	2024/01/15 10:07:06	"GET /uv248fip248inf210/index.html HTTP/1.1"
2434	2024/01/15 10:07:10	"GET /uv248fip248inf210/web_architecture_home.html HTTP/1.1"
2434	2024/01/15 10:07:13	"GET /uv248fip248inf210/practice_spring_2tiers_ext.html HTTP/1.1"
2434	2024/01/15 19:14:57	"GET /uv248fip248inf210/lecture_dto.html HTTP/1.1"
2434	2024/01/15 19:15:00	"GET /uv248fip248inf210/lecture_xml.html HTTP/1.1"
2434	2024/01/15 19:15:05	"GET /uv248fip248inf210/lecture_validity.html HTTP/1.1"
2434	2024/01/15 19:15:18	"GET /uv248fip248inf210/practice_spring_2tiers.html HTTP/1.1"
2434	2024/01/15 19:15:59	"GET /uv248fip248inf210/practice_jpa_advanced.html HTTP/1.1"
2434	2024/01/15 19:16:05	"GET /uv248fip248inf210/practice_jpa.html HTTP/1.1"
2434	2024/01/15 19:56:20	"GET /uv248fip248inf210/index.html HTTP/1.1"
2434	2024/02/28 09:41:40	"GET /uv248fip248inf210/project_home.html HTTP/1.1"
2434	2024/02/28 09:41:41	"GET /uv248fip248inf210/project_home.html HTTP/1.1"
2434	2024/02/28 09:41:44	"GET /uv248fip248inf210/project_part2.html HTTP/1.1"
2434	2024/02/28 10:15:31	"GET /uv248fip248inf210/web_architecture_home.html HTTP/1.1"
2434	2024/02/28 10:16:07	"GET /uv248fip248inf210/technical_environment_home.html HTTP/1.1"
2434	2024/02/28 10:16:21	"GET /uv248fip248inf210/documentation_docker.html HTTP/1.1"
2434	2024/02/28 10:16:32	"GET /uv248fip248inf210/practice_docker.html HTTP/1.1"
2434	2024/01/12 13:54:31	"GET /uv248fip248inf210/practice_jpa.html HTTP/1.1"
2434	2024/01/12 14:31:44	"GET /uv248fip248inf210/web_architecture_home.html HTTP/1.1"
2434	2024/01/12 14:41:09	"GET /uv248fip248inf210/practice_jpa_advanced.html HTTP/1.1"
2434	2024/01/12 15:40:06	"GET /uv248fip248inf210/practice_spring_2tiers.html HTTP/1.1"
2434	2024/01/12 16:02:06	"GET /uv248fip248inf210/practice_spring_2tiers_ext.html HTTP/1.1"
2434	2024/01/12 16:02:42	"GET /uv248fip248inf210/index.html HTTP/1.1"
2434	2024/01/12 16:02:53	"GET /uv248fip248inf210/project_home.html HTTP/1.1"
2434	2024/01/12 16:02:55	"GET /uv248fip248inf210/project_part1.html HTTP/1.1"
2434	2024/01/12 16:03:01	"GET /uv248fip248inf210/lecture_mvc_spring.html HTTP/1.1"
2434	2024/01/12 19:09:52	"GET /uv248fip248inf210/web_architecture_home.html HTTP/1.1"
2434	2024/01/12 19:09:54	"GET /uv248fip248inf210/practice_spring_2tiers.html HTTP/1.1"
2434	2024/01/12 19:10:06	"GET /uv248fip248inf210/practice_jpa_advanced.html HTTP/1.1"
2434	2024/01/12 19:10:27	"GET /uv248fip248inf210/practice_jpa.html HTTP/1.1"
2434	2024/01/13 00:01:30	"GET /uv248fip248inf210/web_architecture_home.html HTTP/1.1"
2434	2024/01/13 00:03:33	"GET /uv248fip248inf210/practice_spring_2tiers.html HTTP/1.1"
