2435	2024/02/13 08:14:24	"GET /uv248fip248inf210/data_home.html HTTP/1.1"
2435	2024/02/13 08:18:56	"GET /uv248fip248inf210/lecture_relational_model.html HTTP/1.1"
2435	2024/02/13 08:19:16	"GET /uv248fip248inf210/practice_isolation.html HTTP/1.1"
2435	2024/02/02 17:22:58	"GET /uv248fip248inf210/data_home.html HTTP/1.1"
2435	2024/02/02 17:27:34	"GET /uv248fip248inf210/practice_sql.html HTTP/1.1"
2435	2024/02/02 17:32:44	"GET /uv248fip248inf210/practice_sql_correction.html HTTP/1.1"
2435	2024/02/02 17:36:14	"GET /uv248fip248inf210/activity_sql.html HTTP/1.1"
2435	2024/02/05 16:07:24	"GET /uv248fip248inf210/web_architecture_home.html HTTP/1.1"
2435	2024/02/05 16:07:35	"GET /uv248fip248inf210/technical_environment_home.html HTTP/1.1"
2435	2024/02/05 16:07:42	"GET /uv248fip248inf210/images/technical_environment/prerequisite_techenv/prerequisite_techenv.html HTTP/1.1"
2435	2024/02/05 16:07:44	"GET /uv248fip248inf210/documentation_docker.html HTTP/1.1"
2435	2024/02/05 16:10:07	"GET /uv248fip248inf210/documentation_programming.html HTTP/1.1"
2435	2024/02/05 16:10:21	"GET /uv248fip248inf210/index.html HTTP/1.1"
2435	2024/02/05 16:10:26	"GET /uv248fip248inf210/images/web_architecture/prerequisite_archiweb/prerequisite_archiweb.html HTTP/1.1"
2435	2024/02/05 16:10:28	"GET /uv248fip248inf210/lecture_technical_architecture.html HTTP/1.1"
2435	2024/02/05 16:11:28	"GET /uv248fip248inf210/lecture_software_architecture.html HTTP/1.1"
2435	2024/01/22 14:03:08	"GET /uv248fip248inf210/web_architecture_home.html HTTP/1.1"
2435	2024/01/22 14:03:31	"GET /uv248fip248inf210/data_home.html HTTP/1.1"
2435	2024/01/22 14:06:03	"GET /uv248fip248inf210/practice_sql.html HTTP/1.1"
2435	2024/01/22 14:13:28	"GET /uv248fip248inf210/practice_sql_correction.html HTTP/1.1"
2435	2024/03/07 10:23:46	"GET /uv248fip248inf210/technical_environment_home.html HTTP/1.1"
2435	2024/03/07 10:24:01	"GET /uv248fip248inf210/documentation_docker.html HTTP/1.1"
2435	2024/03/07 10:24:10	"GET /uv248fip248inf210/practice_docker.html HTTP/1.1"
2435	2024/03/07 10:53:50	"GET /uv248fip248inf210/documentation_programming.html HTTP/1.1"
2435	2024/03/07 10:54:02	"GET /uv248fip248inf210/inversion_of_control.html HTTP/1.1"
2435	2024/03/07 10:54:05	"GET /uv248fip248inf210/practice_spring.html HTTP/1.1"
2435	2024/03/07 11:14:05	"GET /uv248fip248inf210/web_architecture_home.html HTTP/1.1"
2435	2024/03/07 11:14:09	"GET /uv248fip248inf210/practice_spring_2tiers.html HTTP/1.1"
2435	2024/01/17 09:42:57	"GET /uv248fip248inf210/data_home.html HTTP/1.1"
2435	2024/01/17 09:43:07	"GET /uv248fip248inf210/lecture_modeling_normalization.html HTTP/1.1"
2435	2024/01/17 09:44:20	"GET /uv248fip248inf210/lecture_conceptual_modeling.html HTTP/1.1"
2435	2024/01/17 09:47:03	"GET /uv248fip248inf210/lecture_normalization.html HTTP/1.1"
2435	2024/01/17 10:21:12	"GET /uv248fip248inf210/lecture_independence_views.html HTTP/1.1"
2435	2024/01/17 10:24:30	"GET /uv248fip248inf210/activity_conceptual_modeling.html HTTP/1.1"
2435	2024/01/17 10:24:43	"GET /uv248fip248inf210/activity_conceptual_modeling_advanced.html HTTP/1.1"
2435	2024/01/17 11:01:48	"GET /uv248fip248inf210/activity_decomposition.html HTTP/1.1"
2435	2024/01/17 11:05:13	"GET /uv248fip248inf210/practice_independence_views.html HTTP/1.1"
2435	2024/01/17 11:06:09	"GET /uv248fip248inf210/activity_sql.html HTTP/1.1"
2435	2024/01/17 11:06:20	"GET /uv248fip248inf210/practice_sql.html HTTP/1.1"
2435	2024/01/17 11:07:06	"GET /uv248fip248inf210/lecture_transaction.html HTTP/1.1"
2435	2024/01/17 11:15:15	"GET /uv248fip248inf210/index.html HTTP/1.1"
2435	2024/01/17 11:15:20	"GET /uv248fip248inf210/web_architecture_home.html HTTP/1.1"
2435	2024/01/17 11:15:25	"GET /uv248fip248inf210/images/web_architecture/prerequisite_archiweb/prerequisite_archiweb.html HTTP/1.1"
2435	2024/01/17 11:15:41	"GET /uv248fip248inf210/lecture_technical_architecture.html HTTP/1.1"
2435	2024/01/17 11:20:13	"GET /uv248fip248inf210/lecture_software_architecture.html HTTP/1.1"
2435	2024/01/17 11:23:03	"GET /uv248fip248inf210/lecture_mvc_spring.html HTTP/1.1"
2435	2024/01/17 11:26:19	"GET /uv248fip248inf210/lecture_jpa.html HTTP/1.1"
2435	2024/01/17 11:26:24	"GET /uv248fip248inf210/practice_spring_2tiers.html HTTP/1.1"
2435	2024/01/17 11:26:50	"GET /uv248fip248inf210/practice_jpa.html HTTP/1.1"
2435	2024/01/19 09:50:15	"GET /uv248fip248inf210/web_architecture_home.html HTTP/1.1"
2435	2024/01/19 09:50:22	"GET /uv248fip248inf210/practice_jpa.html HTTP/1.1"
2435	2024/01/19 09:52:19	"GET /uv248fip248inf210/lecture_jpa.html HTTP/1.1"
2435	2024/01/19 09:56:46	"GET /uv248fip248inf210/lecture_mvc_spring.html HTTP/1.1"
2435	2024/01/19 11:26:40	"GET /uv248fip248inf210/lecture_dto.html HTTP/1.1"
2435	2024/01/19 11:26:42	"GET /uv248fip248inf210/lecture_jaxb.html HTTP/1.1"
2435	2024/01/19 11:26:44	"GET /uv248fip248inf210/lecture_parser.html HTTP/1.1"
2435	2024/01/19 11:26:50	"GET /uv248fip248inf210/lecture_json.html HTTP/1.1"
2435	2024/01/19 11:26:55	"GET /uv248fip248inf210/practice_json.html HTTP/1.1"
2435	2024/01/11 08:08:51	"GET /uv248fip248inf210/technical_environment_home.html HTTP/1.1"
2435	2024/01/11 08:09:28	"GET /uv248fip248inf210/documentation_docker.html HTTP/1.1"
2435	2024/01/11 08:10:17	"GET /uv248fip248inf210/practice_docker.html HTTP/1.1"
2435	2024/01/11 08:10:59	"GET /uv248fip248inf210/technical_environment_home.html HTTP/1.1"
2435	2024/01/11 08:19:11	"GET /uv248fip248inf210/technical_environment_home.html HTTP/1.1"
2435	2024/01/11 08:19:13	"GET /uv248fip248inf210/practice_docker.html HTTP/1.1"
2435	2024/01/11 08:19:38	"GET /uv248fip248inf210/practice_docker_advanced.html HTTP/1.1"
2435	2024/01/11 08:19:53	"GET /uv248fip248inf210/documentation_si.html HTTP/1.1"
2435	2024/01/11 08:35:08	"GET /uv248fip248inf210/documentation_rdbms.html HTTP/1.1"
2435	2024/01/11 08:40:25	"GET /uv248fip248inf210/practice_postgresql.html HTTP/1.1"
2435	2024/01/11 08:40:58	"GET /uv248fip248inf210/documentation_programming.html HTTP/1.1"
2435	2024/01/11 08:41:07	"GET /uv248fip248inf210/inversion_of_control.html HTTP/1.1"
2435	2024/01/11 08:42:31	"GET /uv248fip248inf210/documentation_docker.html HTTP/1.1"
2435	2024/01/11 08:43:00	"GET /uv248fip248inf210/practice_docker.html HTTP/1.1"
2435	2024/01/11 08:43:39	"GET /uv248fip248inf210/documentation_si.html HTTP/1.1"
2435	2024/01/11 09:41:39	"GET /uv248fip248inf210/technical_environment_home.html HTTP/1.1"
2435	2024/01/11 09:41:51	"GET /uv248fip248inf210/documentation_docker.html HTTP/1.1"
2435	2024/01/11 09:41:52	"GET /uv248fip248inf210/practice_docker_advanced.html HTTP/1.1"
2435	2024/01/11 09:41:53	"GET /uv248fip248inf210/practice_docker.html HTTP/1.1"
2435	2024/01/11 15:29:10	"GET /uv248fip248inf210/web_architecture_home.html HTTP/1.1"
2435	2024/01/11 15:29:18	"GET /uv248fip248inf210/technical_environment_home.html HTTP/1.1"
2435	2024/01/11 15:29:23	"GET /uv248fip248inf210/practice_postgresql.html HTTP/1.1"
2435	2024/01/11 15:32:30	"GET /uv248fip248inf210/practice_docker.html HTTP/1.1"
2435	2024/01/11 15:34:29	"GET /uv248fip248inf210/practice_docker_advanced.html HTTP/1.1"
2435	2024/01/11 15:34:58	"GET /uv248fip248inf210/documentation_si.html HTTP/1.1"
2435	2024/01/11 15:35:03	"GET /uv248fip248inf210/documentation_rdbms.html HTTP/1.1"
2435	2024/01/11 15:36:18	"GET /uv248fip248inf210/documentation_docker.html HTTP/1.1"
2435	2024/02/21 13:56:05	"GET /uv248fip248inf210/project_home.html HTTP/1.1"
2435	2024/02/21 13:56:18	"GET /uv248fip248inf210/project_presentation.html HTTP/1.1"
2435	2024/02/21 13:58:54	"GET /uv248fip248inf210/project_specifications.html HTTP/1.1"
2435	2024/02/21 13:59:07	"GET /uv248fip248inf210/project_evaluation.html HTTP/1.1"
2435	2024/02/21 14:00:16	"GET /uv248fip248inf210/project_part1.html HTTP/1.1"
2435	2024/02/21 14:51:57	"GET /uv248fip248inf210/project_part1.html HTTP/1.1"
2435	2024/02/21 14:54:20	"GET /uv248fip248inf210/project_specifications.html HTTP/1.1"
2435	2024/01/09 10:29:33	"GET /uv248fip248inf210/technical_environment_home.html HTTP/1.1"
2435	2024/02/26 09:40:22	"GET /uv248fip248inf210/project_home.html HTTP/1.1"
2435	2024/02/26 09:40:26	"GET /uv248fip248inf210/project_part2.html HTTP/1.1"
2435	2024/01/15 09:48:33	"GET /uv248fip248inf210/technical_environment_home.html HTTP/1.1"
2435	2024/01/15 09:48:45	"GET /uv248fip248inf210/data_home.html HTTP/1.1"
2435	2024/01/15 09:48:48	"GET /uv248fip248inf210/lecture_modeling_normalization.html HTTP/1.1"
2435	2024/01/15 09:52:32	"GET /uv248fip248inf210/lecture_conceptual_modeling.html HTTP/1.1"
2435	2024/02/28 09:41:46	"GET /uv248fip248inf210/project_home.html HTTP/1.1"
2435	2024/02/28 09:41:55	"GET /uv248fip248inf210/project_part2.html HTTP/1.1"
2435	2024/02/28 13:54:21	"GET /uv248fip248inf210/project_part1.html HTTP/1.1"
2435	2024/02/28 13:55:01	"GET /uv248fip248inf210/project_presentation.html HTTP/1.1"
2435	2024/02/28 13:55:07	"GET /uv248fip248inf210/project_specifications.html HTTP/1.1"
2435	2024/01/12 13:54:54	"GET /uv248fip248inf210/technical_environment_home.html HTTP/1.1"
2435	2024/01/12 13:54:57	"GET /uv248fip248inf210/practice_postgresql.html HTTP/1.1"
2435	2024/01/12 13:55:14	"GET /uv248fip248inf210/data_home.html HTTP/1.1"
2435	2024/01/12 13:56:42	"GET /uv248fip248inf210/lecture_relational_model.html HTTP/1.1"
2435	2024/01/12 13:56:49	"GET /uv248fip248inf210/lecture_db_tools.html HTTP/1.1"
2435	2024/01/12 14:03:03	"GET /uv248fip248inf210/lecture_db_integrity.html HTTP/1.1"
2435	2024/01/12 14:10:00	"GET /uv248fip248inf210/lecture_relational_algebra.html HTTP/1.1"
2435	2024/01/12 14:11:07	"GET /uv248fip248inf210/activity_relational_model.html HTTP/1.1"
2435	2024/01/12 14:35:11	"GET /uv248fip248inf210/activity_sql.html HTTP/1.1"
2435	2024/01/12 14:35:19	"GET /uv248fip248inf210/lecture_modeling_normalization.html HTTP/1.1"
2435	2024/01/12 14:45:29	"GET /uv248fip248inf210/practice_sql.html HTTP/1.1"
2435	2024/01/12 14:59:04	"GET /uv248fip248inf210/practice_sql_correction.html HTTP/1.1"
2435	2024/01/12 16:13:05	"GET /uv248fip248inf210/practice_sql_correction.html HTTP/1.1"
