2436	2024/01/29 09:53:08	"GET /uv248fip248inf210/web_architecture_home.html HTTP/1.1"
2436	2024/01/29 10:10:29	"GET /uv248fip248inf210/practice_jpa.html HTTP/1.1"
2436	2024/03/10 16:10:53	"GET /uv248fip248inf210/web_architecture_home.html HTTP/1.1"
2436	2024/03/10 16:10:56	"GET /uv248fip248inf210/lecture_technical_architecture.html HTTP/1.1"
2436	2024/03/10 16:10:57	"GET /uv248fip248inf210/lecture_software_architecture.html HTTP/1.1"
2436	2024/03/10 16:11:02	"GET /uv248fip248inf210/index.html HTTP/1.1"
2436	2024/03/10 16:11:04	"GET /uv248fip248inf210/technical_environment_home.html HTTP/1.1"
2436	2024/03/10 16:11:11	"GET /uv248fip248inf210/documentation_si.html HTTP/1.1"
2436	2024/03/10 16:11:15	"GET /uv248fip248inf210/documentation_rdbms.html HTTP/1.1"
2436	2024/03/10 16:11:17	"GET /uv248fip248inf210/practice_postgresql.html HTTP/1.1"
2436	2024/03/10 16:11:22	"GET /uv248fip248inf210/documentation_programming.html HTTP/1.1"
2436	2024/03/10 16:11:25	"GET /uv248fip248inf210/inversion_of_control.html HTTP/1.1"
2436	2024/03/10 16:11:29	"GET /uv248fip248inf210/spring_bean.html HTTP/1.1"
2436	2024/03/10 16:11:45	"GET /uv248fip248inf210/project_home.html HTTP/1.1"
2436	2024/03/10 16:11:50	"GET /uv248fip248inf210/project_part1.html HTTP/1.1"
2436	2024/03/10 16:11:55	"GET /uv248fip248inf210/project_part2.html HTTP/1.1"
2436	2024/02/13 10:15:12	"GET /uv248fip248inf210/web_architecture_home.html HTTP/1.1"
2436	2024/02/13 10:15:20	"GET /uv248fip248inf210/images/web_architecture/prerequisite_archiweb/prerequisite_archiweb.html HTTP/1.1"
2436	2024/02/13 10:15:23	"GET /uv248fip248inf210/practice_jpa.html HTTP/1.1"
2436	2024/02/06 15:51:13	"GET /uv248fip248inf210/index.html HTTP/1.1"
2436	2024/02/06 15:52:27	"GET /uv248fip248inf210/web_architecture_home.html HTTP/1.1"
2436	2024/02/06 15:52:39	"GET /uv248fip248inf210/images/web_architecture/prerequisite_archiweb/prerequisite_archiweb.html HTTP/1.1"
2436	2024/02/06 16:04:21	"GET /uv248fip248inf210/practice_jpa.html HTTP/1.1"
2436	2024/01/28 13:27:41	"GET /uv248fip248inf210/practice_jpa.html HTTP/1.1"
2436	2024/01/28 13:27:47	"GET /uv248fip248inf210/index.html HTTP/1.1"
2436	2024/01/28 13:27:51	"GET /uv248fip248inf210/web_architecture_home.html HTTP/1.1"
2436	2024/01/28 13:28:14	"GET /uv248fip248inf210/lecture_technical_architecture.html HTTP/1.1"
2436	2024/01/28 13:28:28	"GET /uv248fip248inf210/technical_environment_home.html HTTP/1.1"
2436	2024/01/28 13:36:04	"GET /uv248fip248inf210/lecture_software_architecture.html HTTP/1.1"
2436	2024/01/28 13:44:33	"GET /uv248fip248inf210/lecture_mvc_spring.html HTTP/1.1"
2436	2024/01/28 13:45:07	"GET /uv248fip248inf210/lecture_mvc_spring.html HTTP/1.1"
2436	2024/01/28 13:45:36	"GET /uv248fip248inf210/lecture_mvc_spring.html HTTP/1.1"
2436	2024/01/28 13:45:55	"GET /uv248fip248inf210/lecture_mvc_spring.html HTTP/1.1"
2436	2024/01/28 13:53:25	"GET /uv248fip248inf210/lecture_jpa.html HTTP/1.1"
2436	2024/01/28 14:02:48	"GET /uv248fip248inf210/lecture_jpa.html HTTP/1.1"
2436	2024/01/28 14:03:27	"GET /uv248fip248inf210/lecture_dto.html HTTP/1.1"
2436	2024/01/28 14:04:26	"GET /uv248fip248inf210/lecture_xml.html HTTP/1.1"
2436	2024/01/28 14:04:39	"GET /uv248fip248inf210/lecture_json.html HTTP/1.1"
2436	2024/03/04 09:56:52	"GET /uv248fip248inf210/project_specifications.html HTTP/1.1"
2436	2024/03/04 10:00:46	"GET /uv248fip248inf210/project_home.html HTTP/1.1"
2436	2024/03/04 11:56:18	"GET /uv248fip248inf210/project_specifications.html HTTP/1.1"
2436	2024/01/30 16:18:48	"GET /uv248fip248inf210/index.html HTTP/1.1"
2436	2024/01/25 14:27:49	"GET /uv248fip248inf210/images/data/prerequisite_data/prerequisite_data.html HTTP/1.1"
2436	2024/01/25 14:28:21	"GET /uv248fip248inf210/lecture_modeling_normalization.html HTTP/1.1"
2436	2024/01/25 14:46:08	"GET /uv248fip248inf210/index.html HTTP/1.1"
2436	2024/01/25 14:46:11	"GET /uv248fip248inf210/web_architecture_home.html HTTP/1.1"
2436	2024/01/25 15:07:20	"GET /uv248fip248inf210/lecture_conceptual_modeling.html HTTP/1.1"
2436	2024/01/25 15:24:02	"GET /uv248fip248inf210/lecture_normalization.html HTTP/1.1"
2436	2024/01/25 15:24:23	"GET /uv248fip248inf210/data_home.html HTTP/1.1"
2436	2024/01/25 15:24:25	"GET /uv248fip248inf210/images/data/prerequisite_data/prerequisite_data.html HTTP/1.1"
2436	2024/01/25 15:24:26	"GET /uv248fip248inf210/activity_conceptual_modeling.html HTTP/1.1"
2436	2024/01/25 15:37:06	"GET /uv248fip248inf210/activity_decomposition.html HTTP/1.1"
2436	2024/01/25 15:44:04	"GET /uv248fip248inf210/lecture_modeling_normalization.html HTTP/1.1"
2436	2024/01/25 15:44:08	"GET /uv248fip248inf210/activity_sql.html HTTP/1.1"
2436	2024/01/25 15:49:42	"GET /uv248fip248inf210/practice_sql.html HTTP/1.1"
2436	2024/01/25 16:41:26	"GET /uv248fip248inf210/practice_sql_correction.html HTTP/1.1"
2436	2024/01/25 16:46:26	"GET /uv248fip248inf210/lecture_transaction.html HTTP/1.1"
2436	2024/03/06 10:19:09	"GET /uv248fip248inf210/web_architecture_home.html HTTP/1.1"
2436	2024/03/06 10:19:14	"GET /uv248fip248inf210/index.html HTTP/1.1"
2436	2024/03/06 10:19:16	"GET /uv248fip248inf210/project_home.html HTTP/1.1"
2436	2024/03/06 10:19:26	"GET /uv248fip248inf210/project_part3.html HTTP/1.1"
2436	2024/03/06 10:19:59	"GET /uv248fip248inf210/project_structureui.html HTTP/1.1"
2436	2024/03/06 11:59:20	"GET /uv248fip248inf210/project_specifications.html HTTP/1.1"
2436	2024/01/22 14:33:24	"GET /uv248fip248inf210/practice_jpa.html HTTP/1.1"
2436	2024/01/22 14:33:48	"GET /uv248fip248inf210/lecture_jpa.html HTTP/1.1"
2436	2024/01/22 15:21:58	"GET /uv248fip248inf210/index.html HTTP/1.1"
2436	2024/01/22 15:22:02	"GET /uv248fip248inf210/technical_environment_home.html HTTP/1.1"
2436	2024/01/22 15:22:22	"GET /uv248fip248inf210/documentation_programming.html HTTP/1.1"
2436	2024/01/22 15:22:23	"GET /uv248fip248inf210/inversion_of_control.html HTTP/1.1"
2436	2024/01/22 15:22:24	"GET /uv248fip248inf210/practice_spring.html HTTP/1.1"
2436	2024/01/22 15:22:29	"GET /uv248fip248inf210/documentation_si.html HTTP/1.1"
2436	2024/01/22 15:22:29	"GET /uv248fip248inf210/documentation_rdbms.html HTTP/1.1"
2436	2024/01/22 15:22:30	"GET /uv248fip248inf210/practice_postgresql.html HTTP/1.1"
2436	2024/01/22 15:23:42	"GET /uv248fip248inf210/documentation_docker.html HTTP/1.1"
2436	2024/01/22 15:23:46	"GET /uv248fip248inf210/practice_docker.html HTTP/1.1"
2436	2024/01/22 15:23:52	"GET /uv248fip248inf210/web_architecture_home.html HTTP/1.1"
2436	2024/01/22 23:41:05	"GET /uv248fip248inf210/web_architecture_home.html HTTP/1.1"
2436	2024/01/22 23:41:11	"GET /uv248fip248inf210/images/web_architecture/prerequisite_archiweb/prerequisite_archiweb.html HTTP/1.1"
2436	2024/01/22 23:41:12	"GET /uv248fip248inf210/lecture_mvc_spring.html HTTP/1.1"
2436	2024/01/22 23:41:23	"GET /uv248fip248inf210/practice_spring_2tiers.html HTTP/1.1"
2436	2024/01/22 23:41:32	"GET /uv248fip248inf210/lecture_software_architecture.html HTTP/1.1"
2436	2024/01/23 13:07:30	"GET /uv248fip248inf210/practice_jpa.html HTTP/1.1"
2436	2024/01/23 14:52:52	"GET /uv248fip248inf210/practice_spring_2tiers.html HTTP/1.1"
2436	2024/01/23 16:12:16	"GET /uv248fip248inf210/project_home.html HTTP/1.1"
2436	2024/01/23 16:12:23	"GET /uv248fip248inf210/project_presentation.html HTTP/1.1"
2436	2024/01/23 16:14:35	"GET /uv248fip248inf210/project_evaluation.html HTTP/1.1"
2436	2024/01/23 16:15:34	"GET /uv248fip248inf210/project_specifications.html HTTP/1.1"
2436	2024/01/23 16:20:36	"GET /uv248fip248inf210/project_part1.html HTTP/1.1"
2436	2024/01/23 16:20:53	"GET /uv248fip248inf210/bd_cours_mor_generalites.html HTTP/1.1"
2436	2024/01/23 16:20:57	"GET /uv248fip248inf210/bd_cours_mor_generalites.html HTTP/1.1"
2436	2024/01/23 16:21:00	"GET /uv248fip248inf210/bd_cours_mor_jpa.html HTTP/1.1"
2436	2024/01/23 22:27:52	"GET /uv248fip248inf210/project_part2.html HTTP/1.1"
2436	2024/01/23 22:27:56	"GET /uv248fip248inf210/index.html HTTP/1.1"
2436	2024/01/23 22:27:59	"GET /uv248fip248inf210/technical_environment_home.html HTTP/1.1"
2436	2024/01/23 22:28:17	"GET /uv248fip248inf210/data_home.html HTTP/1.1"
2436	2024/01/23 22:28:19	"GET /uv248fip248inf210/images/data/prerequisite_data/prerequisite_data.html HTTP/1.1"
2436	2024/01/23 22:33:12	"GET /uv248fip248inf210/lecture_relational_model.html HTTP/1.1"
2436	2024/01/23 22:42:07	"GET /uv248fip248inf210/lecture_db_integrity.html HTTP/1.1"
2436	2024/01/23 22:54:58	"GET /uv248fip248inf210/activity_relational_model.html HTTP/1.1"
2436	2024/01/19 10:06:27	"GET /uv248fip248inf210/index.html HTTP/1.1"
2436	2024/01/19 10:06:34	"GET /uv248fip248inf210/data_home.html HTTP/1.1"
2436	2024/01/19 10:06:42	"GET /uv248fip248inf210/images/data/prerequisite_data/prerequisite_data.html HTTP/1.1"
2436	2024/01/19 10:17:59	"GET /uv248fip248inf210/lecture_relational_model.html HTTP/1.1"
2436	2024/01/19 10:30:58	"GET /uv248fip248inf210/index.html HTTP/1.1"
2436	2024/01/19 10:31:02	"GET /uv248fip248inf210/technical_environment_home.html HTTP/1.1"
2436	2024/01/19 10:31:13	"GET /uv248fip248inf210/documentation_programming.html HTTP/1.1"
2436	2024/01/19 10:31:22	"GET /uv248fip248inf210/web_architecture_home.html HTTP/1.1"
2436	2024/01/11 08:12:08	"GET /uv248fip248inf210/technical_environment_home.html HTTP/1.1"
2436	2024/01/11 08:12:18	"GET /uv248fip248inf210/images/technical_environment/prerequisite_techenv/prerequisite_techenv.html HTTP/1.1"
2436	2024/01/11 08:12:20	"GET /uv248fip248inf210/documentation_programming.html HTTP/1.1"
2436	2024/01/11 08:12:25	"GET /uv248fip248inf210/practice_spring.html HTTP/1.1"
2436	2024/01/11 08:38:06	"GET /uv248fip248inf210/practice_spring.html HTTP/1.1"
2436	2024/01/11 08:50:46	"GET /uv248fip248inf210/technical_environment_home.html HTTP/1.1"
2436	2024/01/11 08:51:01	"GET /uv248fip248inf210/images/technical_environment/prerequisite_techenv/prerequisite_techenv.html HTTP/1.1"
2436	2024/01/11 08:52:47	"GET /uv248fip248inf210/documentation_docker.html HTTP/1.1"
2436	2024/01/11 08:59:16	"GET /uv248fip248inf210/practice_docker.html HTTP/1.1"
2436	2024/01/11 10:34:59	"GET /uv248fip248inf210/index.html HTTP/1.1"
2436	2024/01/11 10:35:08	"GET /uv248fip248inf210/technical_environment_home.html HTTP/1.1"
2436	2024/01/11 10:35:10	"GET /uv248fip248inf210/images/technical_environment/prerequisite_techenv/prerequisite_techenv.html HTTP/1.1"
2436	2024/01/11 10:37:00	"GET /uv248fip248inf210/practice_postgresql.html HTTP/1.1"
2436	2024/01/11 10:48:55	"GET /uv248fip248inf210/documentation_rdbms.html HTTP/1.1"
2436	2024/01/11 10:49:19	"GET /uv248fip248inf210/web_architecture_home.html HTTP/1.1"
2436	2024/01/11 10:49:23	"GET /uv248fip248inf210/images/web_architecture/prerequisite_archiweb/prerequisite_archiweb.html HTTP/1.1"
2436	2024/01/11 10:50:51	"GET /uv248fip248inf210/practice_spring.html HTTP/1.1"
2436	2024/01/11 11:06:04	"GET /uv248fip248inf210/lecture_technical_architecture.html HTTP/1.1"
2436	2024/01/11 11:15:03	"GET /uv248fip248inf210/lecture_software_architecture.html HTTP/1.1"
2436	2024/01/11 11:21:14	"GET /uv248fip248inf210/index.html HTTP/1.1"
2436	2024/01/11 11:21:18	"GET /uv248fip248inf210/web_architecture_home.html HTTP/1.1"
2436	2024/01/11 11:22:25	"GET /uv248fip248inf210/images/web_architecture/prerequisite_archiweb/prerequisite_archiweb.html HTTP/1.1"
2436	2024/01/11 11:22:33	"GET /uv248fip248inf210/lecture_mvc_spring.html HTTP/1.1"
2436	2024/01/11 15:46:38	"GET /uv248fip248inf210/technical_environment_home.html HTTP/1.1"
2436	2024/01/11 15:46:45	"GET /uv248fip248inf210/index.html HTTP/1.1"
2436	2024/01/11 15:47:12	"GET /uv248fip248inf210/web_architecture_home.html HTTP/1.1"
2436	2024/01/11 15:47:25	"GET /uv248fip248inf210/images/web_architecture/prerequisite_archiweb/prerequisite_archiweb.html HTTP/1.1"
2436	2024/01/11 15:48:45	"GET /uv248fip248inf210/lecture_dto.html HTTP/1.1"
2436	2024/01/11 15:50:04	"GET /uv248fip248inf210/practice_json.html HTTP/1.1"
2436	2024/01/11 15:50:42	"GET /uv248fip248inf210/lecture_xml.html HTTP/1.1"
2436	2024/01/11 16:47:56	"GET /uv248fip248inf210/index.html HTTP/1.1"
2436	2024/01/11 16:48:10	"GET /uv248fip248inf210/technical_environment_home.html HTTP/1.1"
2436	2024/01/11 16:48:13	"GET /uv248fip248inf210/images/technical_environment/prerequisite_techenv/prerequisite_techenv.html HTTP/1.1"
2436	2024/01/11 16:48:14	"GET /uv248fip248inf210/documentation_docker.html HTTP/1.1"
2436	2024/01/11 16:48:26	"GET /uv248fip248inf210/practice_docker.html HTTP/1.1"
2436	2024/01/11 16:48:35	"GET /uv248fip248inf210/index.html HTTP/1.1"
2436	2024/01/11 16:48:37	"GET /uv248fip248inf210/technical_environment_home.html HTTP/1.1"
2436	2024/01/11 16:49:00	"GET /uv248fip248inf210/index.html HTTP/1.1"
2436	2024/01/11 16:49:17	"GET /uv248fip248inf210/technical_environment_home.html HTTP/1.1"
2436	2024/02/21 13:51:53	"GET /uv248fip248inf210/web_architecture_home.html HTTP/1.1"
2436	2024/02/21 13:52:43	"GET /uv248fip248inf210/index.html HTTP/1.1"
2436	2024/02/21 13:52:45	"GET /uv248fip248inf210/project_home.html HTTP/1.1"
2436	2024/02/21 13:53:00	"GET /uv248fip248inf210/project_specifications.html HTTP/1.1"
2436	2024/02/21 13:53:02	"GET /uv248fip248inf210/project_task_time.html HTTP/1.1"
2436	2024/02/21 13:53:09	"GET /uv248fip248inf210/project_part1.html HTTP/1.1"
2436	2024/02/21 14:36:08	"GET /uv248fip248inf210/project_home.html HTTP/1.1"
2436	2024/02/21 14:40:49	"GET /uv248fip248inf210/project_part1.html HTTP/1.1"
2436	2024/02/21 16:20:45	"GET /uv248fip248inf210/project_home.html HTTP/1.1"
2436	2024/02/21 16:20:48	"GET /uv248fip248inf210/project_part2.html HTTP/1.1"
2436	2024/02/21 16:20:53	"GET /uv248fip248inf210/project_part3.html HTTP/1.1"
2436	2024/02/21 16:20:56	"GET /uv248fip248inf210/project_structureui.html HTTP/1.1"
2436	2024/02/21 16:34:41	"GET /uv248fip248inf210/project_home.html HTTP/1.1"
2436	2024/02/21 16:34:44	"GET /uv248fip248inf210/project_part1.html HTTP/1.1"
2436	2024/02/21 16:35:09	"GET /uv248fip248inf210/project_specifications.html HTTP/1.1"
2436	2024/02/21 16:35:10	"GET /uv248fip248inf210/project_task_time.html HTTP/1.1"
2436	2024/02/21 16:41:12	"GET /uv248fip248inf210/project_part2.html HTTP/1.1"
2436	2024/02/21 22:28:56	"GET /uv248fip248inf210/project_presentation.html HTTP/1.1"
2436	2024/02/21 22:59:19	"GET /uv248fip248inf210/project_part2.html HTTP/1.1"
2436	2024/02/29 14:29:57	"GET /uv248fip248inf210/project_part3.html HTTP/1.1"
2436	2024/02/29 15:45:14	"GET /uv248fip248inf210/web_architecture_home.html HTTP/1.1"
2436	2024/02/29 15:45:18	"GET /uv248fip248inf210/index.html HTTP/1.1"
2436	2024/02/29 15:45:23	"GET /uv248fip248inf210/project_home.html HTTP/1.1"
2436	2024/02/29 15:45:53	"GET /uv248fip248inf210/project_specifications.html HTTP/1.1"
2436	2024/01/13 09:51:48	"GET /uv248fip248inf210/index.html HTTP/1.1"
2436	2024/01/13 09:51:55	"GET /uv248fip248inf210/web_architecture_home.html HTTP/1.1"
2436	2024/01/13 09:52:13	"GET /uv248fip248inf210/images/web_architecture/prerequisite_archiweb/prerequisite_archiweb.html HTTP/1.1"
2436	2024/01/13 09:52:19	"GET /uv248fip248inf210/lecture_software_architecture.html HTTP/1.1"
2436	2024/01/13 09:52:51	"GET /uv248fip248inf210/lecture_jpa.html HTTP/1.1"
2436	2024/01/13 09:53:14	"GET /uv248fip248inf210/lecture_jpa.html HTTP/1.1"
2436	2024/01/13 10:11:05	"GET /uv248fip248inf210/practice_jpa.html HTTP/1.1"
2436	2024/01/13 10:11:37	"GET /uv248fip248inf210/lecture_dto.html HTTP/1.1"
2436	2024/01/13 10:43:19	"GET /uv248fip248inf210/images/web_architecture/prerequisite_archiweb/prerequisite_archiweb.html HTTP/1.1"
2436	2024/01/13 10:43:35	"GET /uv248fip248inf210/lecture_xml.html HTTP/1.1"
2436	2024/01/13 10:47:24	"GET /uv248fip248inf210/lecture_json.html HTTP/1.1"
2436	2024/01/13 10:50:11	"GET /uv248fip248inf210/web_architecture_home.html HTTP/1.1"
2436	2024/01/13 10:50:26	"GET /uv248fip248inf210/data_home.html HTTP/1.1"
2436	2024/01/13 10:50:33	"GET /uv248fip248inf210/images/data/prerequisite_data/prerequisite_data.html HTTP/1.1"
2436	2024/01/13 10:50:36	"GET /uv248fip248inf210/activity_sql.html HTTP/1.1"
2436	2024/01/13 10:51:54	"GET /uv248fip248inf210/lecture_relational_model.html HTTP/1.1"
2436	2024/01/13 10:54:44	"GET /uv248fip248inf210/lecture_db_integrity.html HTTP/1.1"
2436	2024/01/09 10:34:14	"GET /uv248fip248inf210/technical_environment_home.html HTTP/1.1"
2436	2024/01/09 11:21:57	"GET /uv248fip248inf210/images/technical_environment/prerequisite_techenv/prerequisite_techenv.html HTTP/1.1"
2436	2024/01/09 11:22:10	"GET /uv248fip248inf210/documentation_docker.html HTTP/1.1"
2436	2024/01/09 11:22:15	"GET /uv248fip248inf210/practice_docker.html HTTP/1.1"
2436	2024/01/09 11:58:33	"GET /uv248fip248inf210/index.html HTTP/1.1"
2436	2024/02/26 09:38:11	"GET /uv248fip248inf210/web_architecture_home.html HTTP/1.1"
2436	2024/02/26 09:38:16	"GET /uv248fip248inf210/index.html HTTP/1.1"
2436	2024/02/26 09:38:19	"GET /uv248fip248inf210/project_home.html HTTP/1.1"
2436	2024/02/26 09:38:21	"GET /uv248fip248inf210/project_part2.html HTTP/1.1"
2436	2024/01/15 09:42:09	"GET /uv248fip248inf210/practice_spring_2tiers.html HTTP/1.1"
2436	2024/01/15 09:42:13	"GET /uv248fip248inf210/lecture_mvc_spring.html HTTP/1.1"
2436	2024/01/15 09:42:17	"GET /uv248fip248inf210/lecture_jpa.html HTTP/1.1"
2436	2024/01/15 09:42:24	"GET /uv248fip248inf210/index.html HTTP/1.1"
2436	2024/01/15 09:42:27	"GET /uv248fip248inf210/web_architecture_home.html HTTP/1.1"
2436	2024/01/15 09:42:30	"GET /uv248fip248inf210/images/web_architecture/prerequisite_archiweb/prerequisite_archiweb.html HTTP/1.1"
2436	2024/02/28 09:48:00	"GET /uv248fip248inf210/web_architecture_home.html HTTP/1.1"
2436	2024/02/28 09:48:06	"GET /uv248fip248inf210/index.html HTTP/1.1"
2436	2024/02/28 09:48:09	"GET /uv248fip248inf210/project_home.html HTTP/1.1"
2436	2024/02/28 09:48:12	"GET /uv248fip248inf210/project_part2.html HTTP/1.1"
2436	2024/02/28 10:09:12	"GET /uv248fip248inf210/project_part2.html HTTP/1.1"
2436	2024/02/28 23:49:10	"GET /uv248fip248inf210/project_home.html HTTP/1.1"
2436	2024/02/28 23:49:19	"GET /uv248fip248inf210/project_part4.html HTTP/1.1"
2436	2024/02/28 23:49:22	"GET /uv248fip248inf210/project_part3.html HTTP/1.1"
2436	2024/02/28 23:49:43	"GET /uv248fip248inf210/project_part2.html HTTP/1.1"
2436	2024/01/12 13:55:03	"GET /uv248fip248inf210/index.html HTTP/1.1"
2436	2024/01/12 13:55:10	"GET /uv248fip248inf210/technical_environment_home.html HTTP/1.1"
2436	2024/01/12 13:55:11	"GET /uv248fip248inf210/images/technical_environment/prerequisite_techenv/prerequisite_techenv.html HTTP/1.1"
2436	2024/01/12 13:55:13	"GET /uv248fip248inf210/practice_docker.html HTTP/1.1"
2436	2024/01/12 14:08:53	"GET /uv248fip248inf210/web_architecture_home.html HTTP/1.1"
2436	2024/01/12 14:09:14	"GET /uv248fip248inf210/images/web_architecture/prerequisite_archiweb/prerequisite_archiweb.html HTTP/1.1"
2436	2024/01/12 14:09:58	"GET /uv248fip248inf210/practice_jpa.html HTTP/1.1"
2436	2024/01/12 14:10:51	"GET /uv248fip248inf210/practice_spring_2tiers.html HTTP/1.1"
2436	2024/01/12 14:44:55	"GET /uv248fip248inf210/documentation_docker.html HTTP/1.1"
2436	2024/01/12 15:56:46	"GET /uv248fip248inf210/practice_spring_2tiers.html HTTP/1.1"
2436	2024/01/13 00:17:37	"GET /uv248fip248inf210/index.html HTTP/1.1"
2436	2024/01/13 00:17:44	"GET /uv248fip248inf210/technical_environment_home.html HTTP/1.1"
2436	2024/01/13 00:17:57	"GET /uv248fip248inf210/images/technical_environment/prerequisite_techenv/prerequisite_techenv.html HTTP/1.1"
2436	2024/01/13 00:17:59	"GET /uv248fip248inf210/documentation_programming.html HTTP/1.1"
2436	2024/01/13 00:22:32	"GET /uv248fip248inf210/inversion_of_control.html HTTP/1.1"
2436	2024/01/13 00:27:52	"GET /uv248fip248inf210/images/technical_environment/prerequisite_techenv/prerequisite_techenv.html HTTP/1.1"
2436	2024/01/13 00:28:08	"GET /uv248fip248inf210/project_home.html HTTP/1.1"
2436	2024/01/13 00:28:19	"GET /uv248fip248inf210/project_specifications.html HTTP/1.1"
2436	2024/01/13 00:29:29	"GET /uv248fip248inf210/project_task_time.html HTTP/1.1"
2436	2024/01/13 00:29:55	"GET /uv248fip248inf210/project_part1.html HTTP/1.1"
2436	2024/01/13 00:30:11	"GET /uv248fip248inf210/project_presentation.html HTTP/1.1"
2436	2024/01/13 00:30:15	"GET /uv248fip248inf210/project_presentation.html HTTP/1.1"
2436	2024/01/13 00:30:57	"GET /uv248fip248inf210/project_evaluation.html HTTP/1.1"
2436	2024/01/13 00:32:27	"GET /uv248fip248inf210/project_part2.html HTTP/1.1"
2436	2024/01/13 00:33:04	"GET /uv248fip248inf210/fproject_part3.html HTTP/1.1"
2436	2024/01/13 00:33:07	"GET /uv248fip248inf210/project_structureui.html HTTP/1.1"
2436	2024/01/13 00:33:36	"GET /uv248fip248inf210/project_part4.html HTTP/1.1"
2436	2024/01/13 00:34:14	"GET /uv248fip248inf210/data_home.html HTTP/1.1"
2436	2024/01/13 00:34:18	"GET /uv248fip248inf210/images/data/prerequisite_data/prerequisite_data.html HTTP/1.1"
2436	2024/01/13 00:36:19	"GET /uv248fip248inf210/lecture_relational_model.html HTTP/1.1"
