2437	2024/01/29 09:40:08	"GET /uv248fip248inf210/data_home.html HTTP/1.1"
2437	2024/01/29 09:40:11	"GET /uv248fip248inf210/lecture_db_integrity.html HTTP/1.1"
2437	2024/01/29 09:47:39	"GET /uv248fip248inf210/activity_relational_model.html HTTP/1.1"
2437	2024/01/29 10:25:49	"GET /uv248fip248inf210/lecture_relational_model.html HTTP/1.1"
2437	2024/01/29 12:07:53	"GET /uv248fip248inf210/lecture_modeling_normalization.html HTTP/1.1"
2437	2024/01/29 12:08:16	"GET /uv248fip248inf210/lecture_conceptual_modeling.html HTTP/1.1"
2437	2024/03/10 21:24:50	"GET /uv248fip248inf210/web_architecture_home.html HTTP/1.1"
2437	2024/03/10 21:24:56	"GET /uv248fip248inf210/project_home.html HTTP/1.1"
2437	2024/03/10 21:24:58	"GET /uv248fip248inf210/project_part1.html HTTP/1.1"
2437	2024/02/13 08:44:11	"GET /uv248fip248inf210/index.html HTTP/1.1"
2437	2024/02/13 08:44:15	"GET /uv248fip248inf210/web_architecture_home.html HTTP/1.1"
2437	2024/02/13 10:05:06	"GET /uv248fip248inf210/project_home.html HTTP/1.1"
2437	2024/02/13 10:05:11	"GET /uv248fip248inf210/data_home.html HTTP/1.1"
2437	2024/02/13 10:05:14	"GET /uv248fip248inf210/lecture_transaction.html HTTP/1.1"
2437	2024/02/06 15:47:00	"GET /uv248fip248inf210/project_presentation.html HTTP/1.1"
2437	2024/02/06 15:48:37	"GET /uv248fip248inf210/project_specifications.html HTTP/1.1"
2437	2024/02/06 15:49:01	"GET /uv248fip248inf210/project_evaluation.html HTTP/1.1"
2437	2024/02/06 15:49:11	"GET /uv248fip248inf210/index.html HTTP/1.1"
2437	2024/02/06 15:55:23	"GET /uv248fip248inf210/project_task_time.html HTTP/1.1"
2437	2024/02/06 15:55:48	"GET /uv248fip248inf210/project_part1.html HTTP/1.1"
2437	2024/03/11 09:58:06	"GET /uv248fip248inf210/lecture_normalization.html HTTP/1.1"
2437	2024/03/04 09:46:23	"GET /uv248fip248inf210/index.html HTTP/1.1"
2437	2024/03/04 09:46:27	"GET /uv248fip248inf210/technical_environment_home.html HTTP/1.1"
2437	2024/03/04 09:46:52	"GET /uv248fip248inf210/project_home.html HTTP/1.1"
2437	2024/03/04 09:46:55	"GET /uv248fip248inf210/project_part2.html HTTP/1.1"
2437	2024/03/04 10:05:40	"GET /uv248fip248inf210/project_part3.html HTTP/1.1"
2437	2024/03/09 11:08:05	"GET /uv248fip248inf210/index.html HTTP/1.1"
2437	2024/03/09 11:08:10	"GET /uv248fip248inf210/technical_environment_home.html HTTP/1.1"
2437	2024/03/09 11:08:13	"GET /uv248fip248inf210/web_architecture_home.html HTTP/1.1"
2437	2024/03/09 11:08:23	"GET /uv248fip248inf210/practice_spring_2tiers.html HTTP/1.1"
2437	2024/03/09 21:13:18	"GET /uv248fip248inf210/lecture_technical_architecture.html HTTP/1.1"
2437	2024/03/09 21:13:22	"GET /uv248fip248inf210/lecture_software_architecture.html HTTP/1.1"
2437	2024/03/09 21:13:35	"GET /uv248fip248inf210/practice_docker.html HTTP/1.1"
2437	2024/03/13 13:00:56	"GET /uv248fip248inf210/index.html HTTP/1.1"
2437	2024/03/13 13:01:00	"GET /uv248fip248inf210/technical_environment_home.html HTTP/1.1"
2437	2024/03/13 13:01:03	"GET /uv248fip248inf210/web_architecture_home.html HTTP/1.1"
2437	2024/03/13 13:04:41	"GET /uv248fip248inf210/documentation_programming.html HTTP/1.1"
2437	2024/03/13 13:04:42	"GET /uv248fip248inf210/practice_spring.html HTTP/1.1"
2437	2024/03/13 13:04:54	"GET /uv248fip248inf210/lecture_jpa.html HTTP/1.1"
2437	2024/03/13 13:04:58	"GET /uv248fip248inf210/practice_jpa.html HTTP/1.1"
2437	2024/03/13 13:05:10	"GET /uv248fip248inf210/practice_spring_2tiers.html HTTP/1.1"
2437	2024/03/13 13:05:16	"GET /uv248fip248inf210/project_home.html HTTP/1.1"
2437	2024/03/13 13:05:18	"GET /uv248fip248inf210/project_part1.html HTTP/1.1"
2437	2024/03/13 13:05:34	"GET /uv248fip248inf210/project_part3.html HTTP/1.1"
2437	2024/03/06 09:48:47	"GET /uv248fip248inf210/project_home.html HTTP/1.1"
2437	2024/03/06 09:48:55	"GET /uv248fip248inf210/project_evaluation.html HTTP/1.1"
2437	2024/03/06 09:48:57	"GET /uv248fip248inf210/project_presentation.html HTTP/1.1"
2437	2024/03/06 09:49:00	"GET /uv248fip248inf210/project_specifications.html HTTP/1.1"
2437	2024/03/06 20:30:42	"GET /uv248fip248inf210/project_part3.html HTTP/1.1"
2437	2024/03/06 20:37:01	"GET /uv248fip248inf210/project_task_time.html HTTP/1.1"
2437	2024/02/05 15:26:18	"GET /uv248fip248inf210/technical_environment_home.html HTTP/1.1"
2437	2024/02/05 15:26:30	"GET /uv248fip248inf210/practice_spring.html HTTP/1.1"
2437	2024/02/05 15:26:39	"GET /uv248fip248inf210/practice_postgresql.html HTTP/1.1"
2437	2024/02/05 15:26:42	"GET /uv248fip248inf210/index.html HTTP/1.1"
2437	2024/02/05 15:26:46	"GET /uv248fip248inf210/project_home.html HTTP/1.1"
2437	2024/02/05 15:26:48	"GET /uv248fip248inf210/data_home.html HTTP/1.1"
2437	2024/01/22 14:07:07	"GET /uv248fip248inf210/index.html HTTP/1.1"
2437	2024/01/22 14:07:12	"GET /uv248fip248inf210/web_architecture_home.html HTTP/1.1"
2437	2024/01/22 14:07:14	"GET /uv248fip248inf210/practice_spring_2tiers.html HTTP/1.1"
2437	2024/01/22 14:07:26	"GET /uv248fip248inf210/practice_jpa.html HTTP/1.1"
2437	2024/01/22 16:13:39	"GET /uv248fip248inf210/data_home.html HTTP/1.1"
2437	2024/01/22 16:13:42	"GET /uv248fip248inf210/lecture_relational_model.html HTTP/1.1"
2437	2024/01/22 16:14:05	"GET /uv248fip248inf210/lecture_db_integrity.html HTTP/1.1"
2437	2024/01/22 16:15:54	"GET /uv248fip248inf210/activity_relational_model.html HTTP/1.1"
2437	2024/02/19 10:17:10	"GET /uv248fip248inf210/index.html HTTP/1.1"
2437	2024/02/19 10:17:14	"GET /uv248fip248inf210/data_home.html HTTP/1.1"
2437	2024/02/19 10:17:22	"GET /uv248fip248inf210/lecture_transaction.html HTTP/1.1"
2437	2024/02/19 10:17:23	"GET /uv248fip248inf210/practice_transaction.html HTTP/1.1"
2437	2024/03/07 10:52:53	"GET /uv248fip248inf210/index.html HTTP/1.1"
2437	2024/03/07 10:52:56	"GET /uv248fip248inf210/technical_environment_home.html HTTP/1.1"
2437	2024/03/07 10:53:00	"GET /uv248fip248inf210/project_home.html HTTP/1.1"
2437	2024/03/07 10:53:03	"GET /uv248fip248inf210/project_specifications.html HTTP/1.1"
2437	2024/02/22 14:56:35	"GET /uv248fip248inf210/index.html HTTP/1.1"
2437	2024/02/22 14:56:44	"GET /uv248fip248inf210/project_home.html HTTP/1.1"
2437	2024/02/22 14:56:49	"GET /uv248fip248inf210/project_presentation.html HTTP/1.1"
2437	2024/02/22 14:56:50	"GET /uv248fip248inf210/project_part1.html HTTP/1.1"
2437	2024/01/18 09:44:51	"GET /uv248fip248inf210/practice_spring_2tiers.html HTTP/1.1"
2437	2024/09/25 16:06:15	"GET /uv248fip248inf210/web_architecture_home.html HTTP/1.1"
2437	2024/09/25 16:06:21	"GET /uv248fip248inf210/lecture_technical_architecture.html HTTP/1.1"
2437	2024/09/25 16:08:27	"GET /uv248fip248inf210/lecture_software_architecture.html HTTP/1.1"
2437	2024/01/17 13:53:58	"GET /uv248fip248inf210/web_architecture_home.html HTTP/1.1"
2437	2024/01/17 13:54:02	"GET /uv248fip248inf210/practice_jpa.html HTTP/1.1"
2437	2024/01/17 14:23:51	"GET /uv248fip248inf210/lecture_dto.html HTTP/1.1"
2437	2024/01/17 14:24:05	"GET /uv248fip248inf210/lecture_xml.html HTTP/1.1"
2437	2024/01/17 14:24:20	"GET /uv248fip248inf210/practice_xml.html HTTP/1.1"
2437	2024/01/17 14:30:43	"GET /uv248fip248inf210/practice_spring_2tiers.html HTTP/1.1"
2437	2024/01/17 14:31:58	"GET /uv248fip248inf210/index.html HTTP/1.1"
2437	2024/01/17 14:32:06	"GET /uv248fip248inf210/lecture_mvc_spring.html HTTP/1.1"
2437	2024/01/17 14:32:11	"GET /uv248fip248inf210/lecture_jpa.html HTTP/1.1"
2437	2024/01/19 09:59:00	"GET /uv248fip248inf210/practice_spring_2tiers.html HTTP/1.1"
2437	2024/01/19 09:59:05	"GET /uv248fip248inf210/index.html HTTP/1.1"
2437	2024/01/19 09:59:08	"GET /uv248fip248inf210/web_architecture_home.html HTTP/1.1"
2437	2024/01/19 09:59:23	"GET /uv248fip248inf210/practice_jpa.html HTTP/1.1"
2437	2024/01/11 08:07:11	"GET /uv248fip248inf210/technical_environment_home.html HTTP/1.1"
2437	2024/01/11 08:07:49	"GET /uv248fip248inf210/practice_docker_advanced.html HTTP/1.1"
2437	2024/01/11 08:07:50	"GET /uv248fip248inf210/practice_docker.html HTTP/1.1"
2437	2024/01/11 08:11:24	"GET /uv248fip248inf210/documentation_si.html HTTP/1.1"
2437	2024/01/11 08:15:28	"GET /uv248fip248inf210/documentation_rdbms.html HTTP/1.1"
2437	2024/01/11 08:15:46	"GET /uv248fip248inf210/practice_postgresql.html HTTP/1.1"
2437	2024/01/11 08:26:06	"GET /uv248fip248inf210/index.html HTTP/1.1"
2437	2024/01/11 08:26:16	"GET /uv248fip248inf210/technical_environment_home.html HTTP/1.1"
2437	2024/01/11 08:26:19	"GET /uv248fip248inf210/practice_docker.html HTTP/1.1"
2437	2024/01/11 08:38:35	"GET /uv248fip248inf210/documentation_programming.html HTTP/1.1"
2437	2024/01/11 08:49:02	"GET /uv248fip248inf210/inversion_of_control.html HTTP/1.1"
2437	2024/01/11 09:09:15	"GET /uv248fip248inf210/spring_bean.html HTTP/1.1"
2437	2024/01/11 09:11:46	"GET /uv248fip248inf210/inversion_of_control.html HTTP/1.1"
2437	2024/01/11 09:15:42	"GET /uv248fip248inf210/practice_spring.html HTTP/1.1"
2437	2024/01/11 09:49:54	"GET /uv248fip248inf210/index.html HTTP/1.1"
2437	2024/01/11 09:49:58	"GET /uv248fip248inf210/technical_environment_home.html HTTP/1.1"
2437	2024/01/11 15:21:49	"GET /uv248fip248inf210/index.html HTTP/1.1"
2437	2024/01/11 15:21:56	"GET /uv248fip248inf210/web_architecture_home.html HTTP/1.1"
2437	2024/01/11 15:22:02	"GET /uv248fip248inf210/lecture_technical_architecture.html HTTP/1.1"
2437	2024/01/11 15:35:36	"GET /uv248fip248inf210/project_home.html HTTP/1.1"
2437	2024/01/11 15:35:47	"GET /uv248fip248inf210/technical_environment_home.html HTTP/1.1"
2437	2024/01/11 15:37:32	"GET /uv248fip248inf210/lecture_software_architecture.html HTTP/1.1"
2437	2024/01/11 15:41:30	"GET /uv248fip248inf210/lecture_mvc_spring.html HTTP/1.1"
2437	2024/01/11 15:49:54	"GET /uv248fip248inf210/lecture_jpa.html HTTP/1.1"
2437	2024/01/11 15:49:58	"GET /uv248fip248inf210/practice_jpa.html HTTP/1.1"
2437	2024/01/11 15:58:52	"GET /uv248fip248inf210/images/technical_environment/prerequisite_techenv/prerequisite_techenv.html HTTP/1.1"
2437	2024/01/11 16:16:34	"GET /uv248fip248inf210/documentation_programming.html HTTP/1.1"
2437	2024/01/11 16:16:38	"GET /uv248fip248inf210/index.html HTTP/1.1"
2437	2024/01/11 16:16:40	"GET /uv248fip248inf210/web_architecture_home.html HTTP/1.1"
2437	2024/01/11 16:16:45	"GET /uv248fip248inf210/lecture_technical_architecture.html HTTP/1.1"
2437	2024/01/11 16:21:01	"GET /uv248fip248inf210/practice_docker.html HTTP/1.1"
2437	2024/09/26 11:03:00	"GET /uv248fip248inf210/web_architecture_home.html HTTP/1.1"
2437	2024/09/26 11:03:05	"GET /uv248fip248inf210/lecture_mvc_spring.html HTTP/1.1"
2437	2024/09/26 11:06:32	"GET /uv248fip248inf210/practice_spring_2tiers.html HTTP/1.1"
2437	2024/09/26 11:09:55	"GET /uv248fip248inf210/lecture_technical_architecture.html HTTP/1.1"
2437	2024/09/26 11:10:07	"GET /uv248fip248inf210/lecture_software_architecture.html HTTP/1.1"
2437	2024/09/26 11:10:18	"GET /uv248fip248inf210/practice_jpa.html HTTP/1.1"
2437	2024/09/26 11:10:53	"GET /uv248fip248inf210/lecture_jpa.html HTTP/1.1"
2437	2024/09/26 11:11:37	"GET /uv248fip248inf210/index.html HTTP/1.1"
2437	2024/09/26 11:11:40	"GET /uv248fip248inf210/technical_environment_home.html HTTP/1.1"
2437	2024/09/26 11:11:45	"GET /uv248fip248inf210/documentation_docker.html HTTP/1.1"
2437	2024/09/26 11:12:00	"GET /uv248fip248inf210/practice_docker.html HTTP/1.1"
2437	2024/09/26 11:12:08	"GET /uv248fip248inf210/documentation_programming.html HTTP/1.1"
2437	2024/09/26 11:12:15	"GET /uv248fip248inf210/practice_spring.html HTTP/1.1"
2437	2024/09/26 11:18:21	"GET /uv248fip248inf210/practice_postgresql.html HTTP/1.1"
2437	2024/09/26 12:13:26	"GET /uv248fip248inf210/data_home.html HTTP/1.1"
2437	2024/09/26 14:55:45	"GET /uv248fip248inf210/practice_sql.html HTTP/1.1"
2437	2024/09/26 14:56:05	"GET /uv248fip248inf210/activity_sql.html HTTP/1.1"
2437	2024/02/21 13:50:12	"GET /uv248fip248inf210/technical_environment_home.html HTTP/1.1"
2437	2024/02/21 13:50:16	"GET /uv248fip248inf210/index.html HTTP/1.1"
2437	2024/02/21 13:50:18	"GET /uv248fip248inf210/project_home.html HTTP/1.1"
2437	2024/02/21 13:50:21	"GET /uv248fip248inf210/project_part1.html HTTP/1.1"
2437	2024/02/21 14:37:13	"GET /uv248fip248inf210/project_specifications.html HTTP/1.1"
2437	2024/02/21 15:07:09	"GET /uv248fip248inf210/index.html HTTP/1.1"
2437	2024/02/21 15:07:15	"GET /uv248fip248inf210/technical_environment_home.html HTTP/1.1"
2437	2024/02/21 15:07:18	"GET /uv248fip248inf210/practice_docker.html HTTP/1.1"
2437	2024/02/21 15:07:40	"GET /uv248fip248inf210/web_architecture_home.html HTTP/1.1"
2437	2024/02/21 15:07:42	"GET /uv248fip248inf210/lecture_technical_architecture.html HTTP/1.1"
2437	2024/02/21 15:07:45	"GET /uv248fip248inf210/lecture_software_architecture.html HTTP/1.1"
2437	2024/02/21 15:07:54	"GET /uv248fip248inf210/lecture_mvc_spring.html HTTP/1.1"
2437	2024/02/21 15:07:58	"GET /uv248fip248inf210/lecture_jpa.html HTTP/1.1"
2437	2024/02/21 15:08:04	"GET /uv248fip248inf210/practice_jpa.html HTTP/1.1"
2437	2024/02/21 15:08:53	"GET /uv248fip248inf210/practice_spring_2tiers.html HTTP/1.1"
2437	2024/02/21 15:34:46	"GET /uv248fip248inf210/practice_postgresql.html HTTP/1.1"
2437	2024/02/29 18:11:59	"GET /uv248fip248inf210/index.html HTTP/1.1"
2437	2024/02/29 18:12:02	"GET /uv248fip248inf210/project_home.html HTTP/1.1"
2437	2024/02/29 18:12:06	"GET /uv248fip248inf210/project_part2.html HTTP/1.1"
2437	2024/01/09 10:25:52	"GET /uv248fip248inf210/technical_environment_home.html HTTP/1.1"
2437	2024/01/09 11:01:44	"GET /uv248fip248inf210/documentation_docker.html HTTP/1.1"
2437	2024/01/09 11:26:17	"GET /uv248fip248inf210/practice_docker.html HTTP/1.1"
2437	2024/01/09 12:01:26	"GET /uv248fip248inf210/practice_postgresql.html HTTP/1.1"
2437	2024/01/09 14:54:14	"GET /uv248fip248inf210/practice_docker_advanced.html HTTP/1.1"
2437	2024/02/26 09:57:59	"GET /uv248fip248inf210/index.html HTTP/1.1"
2437	2024/02/26 09:58:30	"GET /uv248fip248inf210/project_home.html HTTP/1.1"
2437	2024/02/26 09:58:32	"GET /uv248fip248inf210/project_part2.html HTTP/1.1"
2437	2024/02/26 10:09:34	"GET /uv248fip248inf210/web_architecture_home.html HTTP/1.1"
2437	2024/02/26 10:09:39	"GET /uv248fip248inf210/lecture_mvc_spring.html HTTP/1.1"
2437	2024/02/26 10:09:51	"GET /uv248fip248inf210/lecture_jpa.html HTTP/1.1"
2437	2024/02/26 10:10:10	"GET /uv248fip248inf210/lecture_technical_architecture.html HTTP/1.1"
2437	2024/01/15 09:42:11	"GET /uv248fip248inf210/web_architecture_home.html HTTP/1.1"
2437	2024/01/15 09:42:16	"GET /uv248fip248inf210/practice_jpa.html HTTP/1.1"
2437	2024/01/15 09:42:20	"GET /uv248fip248inf210/lecture_jpa.html HTTP/1.1"
2437	2024/01/15 09:51:25	"GET /uv248fip248inf210/index.html HTTP/1.1"
2437	2024/01/15 09:51:28	"GET /uv248fip248inf210/technical_environment_home.html HTTP/1.1"
2437	2024/01/15 09:51:40	"GET /uv248fip248inf210/practice_docker.html HTTP/1.1"
2437	2024/02/27 14:42:15	"GET /uv248fip248inf210/project_home.html HTTP/1.1"
2437	2024/02/27 14:42:21	"GET /uv248fip248inf210/project_part2.html HTTP/1.1"
2437	2024/02/28 09:43:17	"GET /uv248fip248inf210/project_home.html HTTP/1.1"
2437	2024/02/28 09:44:19	"GET /uv248fip248inf210/project_part2.html HTTP/1.1"
2437	2024/01/12 13:56:51	"GET /uv248fip248inf210/practice_jpa.html HTTP/1.1"
2437	2024/01/12 14:01:05	"GET /uv248fip248inf210/index.html HTTP/1.1"
2437	2024/01/12 14:01:07	"GET /uv248fip248inf210/technical_environment_home.html HTTP/1.1"
2437	2024/01/12 14:01:10	"GET /uv248fip248inf210/practice_docker.html HTTP/1.1"
