2438	2024/01/29 09:46:58	"GET /uv248fip248inf210/index.html HTTP/1.1"
2438	2024/01/29 09:47:01	"GET /uv248fip248inf210/technical_environment_home.html HTTP/1.1"
2438	2024/01/29 09:47:11	"GET /uv248fip248inf210/documentation_docker.html HTTP/1.1"
2438	2024/01/29 09:47:15	"GET /uv248fip248inf210/practice_docker.html HTTP/1.1"
2438	2024/01/29 09:47:23	"GET /uv248fip248inf210/practice_docker_advanced.html HTTP/1.1"
2438	2024/01/29 09:47:35	"GET /uv248fip248inf210/documentation_programming.html HTTP/1.1"
2438	2024/01/29 09:47:39	"GET /uv248fip248inf210/practice_spring.html HTTP/1.1"
2438	2024/01/29 09:48:30	"GET /uv248fip248inf210/web_architecture_home.html HTTP/1.1"
2438	2024/01/29 09:48:33	"GET /uv248fip248inf210/lecture_technical_architecture.html HTTP/1.1"
2438	2024/01/29 09:48:40	"GET /uv248fip248inf210/lecture_software_architecture.html HTTP/1.1"
2438	2024/01/29 09:48:52	"GET /uv248fip248inf210/lecture_mvc_spring.html HTTP/1.1"
2438	2024/01/29 09:48:59	"GET /uv248fip248inf210/lecture_jpa.html HTTP/1.1"
2438	2024/01/29 09:49:05	"GET /uv248fip248inf210/practice_jpa.html HTTP/1.1"
2438	2024/02/13 08:15:32	"GET /uv248fip248inf210/index.html HTTP/1.1"
2438	2024/02/13 08:15:36	"GET /uv248fip248inf210/web_architecture_home.html HTTP/1.1"
2438	2024/02/13 08:15:37	"GET /uv248fip248inf210/images/web_architecture/prerequisite_archiweb/prerequisite_archiweb.html HTTP/1.1"
2438	2024/02/13 08:16:10	"GET /uv248fip248inf210/lecture_jpa.html HTTP/1.1"
2438	2024/02/13 08:17:22	"GET /uv248fip248inf210/practice_jpa_advanced.html HTTP/1.1"
2438	2024/02/13 08:18:56	"GET /uv248fip248inf210/practice_jpa.html HTTP/1.1"
2438	2024/02/06 15:45:56	"GET /uv248fip248inf210/images/web_architecture/prerequisite_archiweb/prerequisite_archiweb.html HTTP/1.1"
2438	2024/02/06 15:46:01	"GET /uv248fip248inf210/practice_jpa.html HTTP/1.1"
2438	2024/03/11 09:55:37	"GET /uv248fip248inf210/index.html HTTP/1.1"
2438	2024/03/11 09:55:41	"GET /uv248fip248inf210/data_home.html HTTP/1.1"
2438	2024/03/11 09:55:48	"GET /uv248fip248inf210/lecture_relational_model.html HTTP/1.1"
2438	2024/03/11 09:55:52	"GET /uv248fip248inf210/lecture_db_integrity.html HTTP/1.1"
2438	2024/03/11 09:55:53	"GET /uv248fip248inf210/activity_relational_model.html HTTP/1.1"
2438	2024/03/11 09:55:57	"GET /uv248fip248inf210/lecture_relational_algebra.html HTTP/1.1"
2438	2024/03/11 09:56:27	"GET /uv248fip248inf210/activity_decomposition.html HTTP/1.1"
2438	2024/03/11 09:56:30	"GET /uv248fip248inf210/activity_conceptual_modeling_advanced.html HTTP/1.1"
2438	2024/03/11 09:56:32	"GET /uv248fip248inf210/activity_conceptual_modeling.html HTTP/1.1"
2438	2024/03/11 09:56:35	"GET /uv248fip248inf210/lecture_independence_views.html HTTP/1.1"
2438	2024/03/11 10:01:22	"GET /uv248fip248inf210/lecture_normalization.html HTTP/1.1"
2438	2024/03/04 09:50:28	"GET /uv248fip248inf210/project_part4.html HTTP/1.1"
2438	2024/03/04 09:50:32	"GET /uv248fip248inf210/project_part3.html HTTP/1.1"
2438	2024/03/04 09:50:41	"GET /uv248fip248inf210/project_specifications.html HTTP/1.1"
2438	2024/03/03 14:53:36	"GET /uv248fip248inf210/project_part2.html HTTP/1.1"
2438	2024/03/03 14:53:45	"GET /uv248fip248inf210/project_part3.html HTTP/1.1"
2438	2024/03/03 14:53:46	"GET /uv248fip248inf210/project_structureui.html HTTP/1.1"
2438	2024/03/03 15:38:15	"GET /uv248fip248inf210/project_specifications.html HTTP/1.1"
2438	2024/03/03 16:11:07	"GET /uv248fip248inf210/project_part4.html HTTP/1.1"
2438	2024/03/01 09:47:12	"GET /uv248fip248inf210/project_part4.html HTTP/1.1"
2438	2024/03/01 09:47:34	"GET /uv248fip248inf210/project_structureui.html HTTP/1.1"
2438	2024/03/01 09:47:40	"GET /uv248fip248inf210/project_part3.html HTTP/1.1"
2438	2024/03/01 09:54:16	"GET /uv248fip248inf210/project_specifications.html HTTP/1.1"
2438	2024/01/30 16:16:38	"GET /uv248fip248inf210/index.html HTTP/1.1"
2438	2024/01/30 16:16:40	"GET /uv248fip248inf210/data_home.html HTTP/1.1"
2438	2024/01/30 16:16:42	"GET /uv248fip248inf210/images/data/prerequisite_data/prerequisite_data.html HTTP/1.1"
2438	2024/03/06 11:36:14	"GET /uv248fip248inf210/project_part4.html HTTP/1.1"
2438	2024/03/06 11:36:30	"GET /uv248fip248inf210/index.html HTTP/1.1"
2438	2024/03/06 11:36:32	"GET /uv248fip248inf210/data_home.html HTTP/1.1"
2438	2024/03/06 11:36:34	"GET /uv248fip248inf210/project_home.html HTTP/1.1"
2438	2024/03/06 11:36:37	"GET /uv248fip248inf210/project_part4.html HTTP/1.1"
2438	2024/03/06 13:56:31	"GET /uv248fip248inf210/project_part4.html HTTP/1.1"
2438	2024/03/06 15:44:47	"GET /uv248fip248inf210/project_specifications.html HTTP/1.1"
2438	2024/02/05 09:15:12	"GET /uv248fip248inf210/index.html HTTP/1.1"
2438	2024/02/05 09:15:15	"GET /uv248fip248inf210/technical_environment_home.html HTTP/1.1"
2438	2024/02/05 09:15:27	"GET /uv248fip248inf210/web_architecture_home.html HTTP/1.1"
2438	2024/02/05 09:15:29	"GET /uv248fip248inf210/images/web_architecture/prerequisite_archiweb/prerequisite_archiweb.html HTTP/1.1"
2438	2024/02/05 09:15:35	"GET /uv248fip248inf210/lecture_dto.html HTTP/1.1"
2438	2024/02/05 09:16:14	"GET /uv248fip248inf210/lecture_xml.html HTTP/1.1"
2438	2024/02/05 09:16:19	"GET /uv248fip248inf210/lecture_xml.html HTTP/1.1"
2438	2024/02/05 09:17:25	"GET /uv248fip248inf210/practice_xml.html HTTP/1.1"
2438	2024/02/05 09:19:54	"GET /uv248fip248inf210/lecture_json.html HTTP/1.1"
2438	2024/02/05 09:21:09	"GET /uv248fip248inf210/practice_json.html HTTP/1.1"
2438	2024/02/05 09:22:31	"GET /uv248fip248inf210/lecture_software_architecture.html HTTP/1.1"
2438	2024/02/05 14:13:53	"GET /uv248fip248inf210/data_home.html HTTP/1.1"
2438	2024/02/05 14:13:55	"GET /uv248fip248inf210/images/data/prerequisite_data/prerequisite_data.html HTTP/1.1"
2438	2024/02/05 14:14:08	"GET /uv248fip248inf210/lecture_normalization.html HTTP/1.1"
2438	2024/02/05 14:14:24	"GET /uv248fip248inf210/activity_conceptual_modeling.html HTTP/1.1"
2438	2024/02/05 14:14:27	"GET /uv248fip248inf210/activity_normalization.html HTTP/1.1"
2438	2024/02/05 14:14:46	"GET /uv248fip248inf210/activity_decomposition.html HTTP/1.1"
2438	2024/01/22 13:50:23	"GET /uv248fip248inf210/index.html HTTP/1.1"
2438	2024/01/22 13:50:37	"GET /uv248fip248inf210/data_home.html HTTP/1.1"
2438	2024/01/22 13:50:39	"GET /uv248fip248inf210/images/data/prerequisite_data/prerequisite_data.html HTTP/1.1"
2438	2024/01/22 13:51:20	"GET /uv248fip248inf210/web_architecture_home.html HTTP/1.1"
2438	2024/01/22 13:51:22	"GET /uv248fip248inf210/images/web_architecture/prerequisite_archiweb/prerequisite_archiweb.html HTTP/1.1"
2438	2024/01/22 13:52:10	"GET /uv248fip248inf210/practice_jpa_advanced.html HTTP/1.1"
2438	2024/01/22 13:52:18	"GET /uv248fip248inf210/practice_jpa.html HTTP/1.1"
2438	2024/01/22 15:24:23	"GET /uv248fip248inf210/practice_spring_2tiers.html HTTP/1.1"
2438	2024/01/22 16:11:21	"GET /uv248fip248inf210/activity_relational_model.html HTTP/1.1"
2438	2024/01/23 13:24:06	"GET /uv248fip248inf210/activity_conceptual_modeling.html HTTP/1.1"
2438	2024/01/23 13:24:25	"GET /uv248fip248inf210/lecture_conceptual_modeling.html HTTP/1.1"
2438	2024/01/23 13:31:45	"GET /uv248fip248inf210/activity_normalization.html HTTP/1.1"
2438	2024/01/23 13:39:42	"GET /uv248fip248inf210/activity_normalization_correction.html HTTP/1.1"
2438	2024/01/23 13:42:03	"GET /uv248fip248inf210/activity_relational_model.html HTTP/1.1"
2438	2024/01/23 13:42:19	"GET /uv248fip248inf210/activity_sql.html HTTP/1.1"
2438	2024/01/23 13:42:23	"GET /uv248fip248inf210/practice_sql.html HTTP/1.1"
2438	2024/01/23 18:25:12	"GET /uv248fip248inf210/index.html HTTP/1.1"
2438	2024/01/23 18:25:14	"GET /uv248fip248inf210/technical_environment_home.html HTTP/1.1"
2438	2024/01/23 18:25:19	"GET /uv248fip248inf210/web_architecture_home.html HTTP/1.1"
2438	2024/01/23 18:25:21	"GET /uv248fip248inf210/images/web_architecture/prerequisite_archiweb/prerequisite_archiweb.html HTTP/1.1"
2438	2024/01/23 18:25:44	"GET /uv248fip248inf210/lecture_software_architecture.html HTTP/1.1"
2438	2024/01/23 18:26:13	"GET /uv248fip248inf210/lecture_mvc_spring.html HTTP/1.1"
2438	2024/02/19 09:56:01	"GET /uv248fip248inf210/index.html HTTP/1.1"
2438	2024/02/19 09:56:04	"GET /uv248fip248inf210/web_architecture_home.html HTTP/1.1"
2438	2024/02/04 18:15:52	"GET /uv248fip248inf210/index.html HTTP/1.1"
2438	2024/02/04 18:16:25	"GET /uv248fip248inf210/data_home.html HTTP/1.1"
2438	2024/02/04 18:16:26	"GET /uv248fip248inf210/images/data/prerequisite_data/prerequisite_data.html HTTP/1.1"
2438	2024/02/04 18:16:28	"GET /uv248fip248inf210/lecture_conceptual_modeling.html HTTP/1.1"
2438	2024/02/04 18:21:24	"GET /uv248fip248inf210/lecture_modeling_normalization.html HTTP/1.1"
2438	2024/02/04 18:38:24	"GET /uv248fip248inf210/lecture_normalization.html HTTP/1.1"
2438	2024/01/24 14:26:42	"GET /uv248fip248inf210/index.html HTTP/1.1"
2438	2024/01/24 14:26:56	"GET /uv248fip248inf210/practice_spring_2tiers.html HTTP/1.1"
2438	2024/01/24 14:27:00	"GET /uv248fip248inf210/lecture_jpa.html HTTP/1.1"
2438	2024/01/24 14:27:13	"GET /uv248fip248inf210/practice_spring_2tiers_ext.html HTTP/1.1"
2438	2024/01/17 14:30:20	"GET /uv248fip248inf210/index.html HTTP/1.1"
2438	2024/01/17 14:30:22	"GET /uv248fip248inf210/web_architecture_home.html HTTP/1.1"
2438	2024/01/17 14:30:24	"GET /uv248fip248inf210/images/web_architecture/prerequisite_archiweb/prerequisite_archiweb.html HTTP/1.1"
2438	2024/01/17 14:30:59	"GET /uv248fip248inf210/lecture_jpa.html HTTP/1.1"
2438	2024/01/17 14:36:31	"GET /uv248fip248inf210/practice_jpa.html HTTP/1.1"
2438	2024/01/19 09:52:05	"GET /uv248fip248inf210/index.html HTTP/1.1"
2438	2024/01/19 10:01:35	"GET /uv248fip248inf210/technical_environment_home.html HTTP/1.1"
2438	2024/01/19 10:35:46	"GET /uv248fip248inf210/images/technical_environment/prerequisite_techenv/prerequisite_techenv.html HTTP/1.1"
2438	2024/01/19 10:35:57	"GET /uv248fip248inf210/web_architecture_home.html HTTP/1.1"
2438	2024/01/19 10:35:59	"GET /uv248fip248inf210/images/web_architecture/prerequisite_archiweb/prerequisite_archiweb.html HTTP/1.1"
2438	2024/01/19 10:36:02	"GET /uv248fip248inf210/practice_jpa.html HTTP/1.1"
2438	2024/01/19 11:07:57	"GET /uv248fip248inf210/lecture_jpa.html HTTP/1.1"
2438	2024/01/11 08:10:05	"GET /uv248fip248inf210/technical_environment_home.html HTTP/1.1"
2438	2024/01/11 08:10:27	"GET /uv248fip248inf210/documentation_programming.html HTTP/1.1"
2438	2024/01/11 08:11:09	"GET /uv248fip248inf210/practice_spring.html HTTP/1.1"
2438	2024/01/11 08:42:28	"GET /uv248fip248inf210/documentation_docker.html HTTP/1.1"
2438	2024/01/11 08:44:28	"GET /uv248fip248inf210/practice_docker.html HTTP/1.1"
2438	2024/01/11 08:59:07	"GET /uv248fip248inf210/practice_docker.html HTTP/1.1"
2438	2024/01/11 10:01:44	"GET /uv248fip248inf210/practice_postgresql.html HTTP/1.1"
2438	2024/01/11 10:02:50	"GET /uv248fip248inf210/practice_docker.html HTTP/1.1"
2438	2024/01/11 10:11:34	"GET /uv248fip248inf210/index.html HTTP/1.1"
2438	2024/01/11 10:11:39	"GET /uv248fip248inf210/technical_environment_home.html HTTP/1.1"
2438	2024/01/11 10:11:40	"GET /uv248fip248inf210/images/technical_environment/prerequisite_techenv/prerequisite_techenv.html HTTP/1.1"
2438	2024/01/11 10:12:04	"GET /uv248fip248inf210/documentation_si.html HTTP/1.1"
2438	2024/01/11 10:12:09	"GET /uv248fip248inf210/documentation_rdbms.html HTTP/1.1"
2438	2024/01/11 10:12:17	"GET /uv248fip248inf210/practice_spring.html HTTP/1.1"
2438	2024/01/11 15:44:08	"GET /uv248fip248inf210/technical_environment_home.html HTTP/1.1"
2438	2024/01/11 15:44:27	"GET /uv248fip248inf210/index.html HTTP/1.1"
2438	2024/01/11 15:44:34	"GET /uv248fip248inf210/licence.html HTTP/1.1"
2438	2024/01/11 15:46:02	"GET /uv248fip248inf210/web_architecture_home.html HTTP/1.1"
2438	2024/01/11 15:46:09	"GET /uv248fip248inf210/images/web_architecture/prerequisite_archiweb/prerequisite_archiweb.html HTTP/1.1"
2438	2024/01/11 15:50:05	"GET /uv248fip248inf210/practice_json.html HTTP/1.1"
2438	2024/02/21 13:48:50	"GET /uv248fip248inf210/index.html HTTP/1.1"
2438	2024/02/21 13:48:53	"GET /uv248fip248inf210/project_home.html HTTP/1.1"
2438	2024/02/21 13:49:07	"GET /uv248fip248inf210/project_part1.html HTTP/1.1"
2438	2024/02/21 13:50:40	"GET /uv248fip248inf210/project_presentation.html HTTP/1.1"
2438	2024/02/21 14:20:31	"GET /uv248fip248inf210/project_part1.html HTTP/1.1"
2438	2024/02/21 15:48:17	"GET /uv248fip248inf210/technical_environment_home.html HTTP/1.1"
2438	2024/02/21 15:48:30	"GET /uv248fip248inf210/practice_docker.html HTTP/1.1"
2438	2024/02/21 15:48:31	"GET /uv248fip248inf210/documentation_docker.html HTTP/1.1"
2438	2024/02/21 15:48:36	"GET /uv248fip248inf210/documentation_si.html HTTP/1.1"
2438	2024/02/21 15:48:41	"GET /uv248fip248inf210/documentation_programming.html HTTP/1.1"
2438	2024/02/21 15:49:25	"GET /uv248fip248inf210/practice_spring.html HTTP/1.1"
2438	2024/02/21 15:49:37	"GET /uv248fip248inf210/inversion_of_control.html HTTP/1.1"
2438	2024/02/21 15:49:38	"GET /uv248fip248inf210/spring_bean.html HTTP/1.1"
2438	2024/02/21 15:49:42	"GET /uv248fip248inf210/documentation_rdbms.html HTTP/1.1"
2438	2024/02/21 15:49:44	"GET /uv248fip248inf210/practice_postgresql.html HTTP/1.1"
2438	2024/02/21 15:51:13	"GET /uv248fip248inf210/project_home.html HTTP/1.1"
2438	2024/02/21 15:51:15	"GET /uv248fip248inf210/project_part1.html HTTP/1.1"
2438	2024/02/21 16:11:16	"GET /uv248fip248inf210/project_home.html HTTP/1.1"
2438	2024/02/21 16:11:18	"GET /uv248fip248inf210/project_part1.html HTTP/1.1"
2438	2024/02/21 16:20:35	"GET /uv248fip248inf210/project_part2.html HTTP/1.1"
2438	2024/02/21 16:36:10	"GET /uv248fip248inf210/project_part1.html HTTP/1.1"
2438	2024/02/29 11:51:42	"GET /uv248fip248inf210/project_part3.html HTTP/1.1"
2438	2024/02/29 12:00:03	"GET /uv248fip248inf210/project_structureui.html HTTP/1.1"
2438	2024/02/29 12:00:16	"GET /uv248fip248inf210/project_specifications.html HTTP/1.1"
2438	2024/02/29 13:56:12	"GET /uv248fip248inf210/project_part2.html HTTP/1.1"
2438	2024/01/09 10:25:35	"GET /uv248fip248inf210/technical_environment_home.html HTTP/1.1"
2438	2024/01/09 10:26:23	"GET /uv248fip248inf210/index.html HTTP/1.1"
2438	2024/01/09 10:27:41	"GET /uv248fip248inf210/data_home.html HTTP/1.1"
2438	2024/01/09 10:27:56	"GET /uv248fip248inf210/images/technical_environment/prerequisite_techenv/prerequisite_techenv.html HTTP/1.1"
2438	2024/02/26 09:33:03	"GET /uv248fip248inf210/index.html HTTP/1.1"
2438	2024/02/26 09:33:12	"GET /uv248fip248inf210/project_home.html HTTP/1.1"
2438	2024/02/26 09:33:14	"GET /uv248fip248inf210/project_part2.html HTTP/1.1"
2438	2024/02/26 09:38:58	"GET /uv248fip248inf210/project_part2.html HTTP/1.1"
2438	2024/01/15 09:38:31	"GET /uv248fip248inf210/index.html HTTP/1.1"
2438	2024/01/15 09:39:46	"GET /uv248fip248inf210/web_architecture_home.html HTTP/1.1"
2438	2024/01/15 09:40:19	"GET /uv248fip248inf210/images/web_architecture/prerequisite_archiweb/prerequisite_archiweb.html HTTP/1.1"
2438	2024/01/15 09:40:20	"GET /uv248fip248inf210/practice_spring_2tiers.html HTTP/1.1"
2438	2024/02/28 15:50:16	"GET /uv248fip248inf210/project_specifications.html HTTP/1.1"
2438	2024/02/28 16:03:06	"GET /uv248fip248inf210/index.html HTTP/1.1"
2438	2024/02/28 16:03:09	"GET /uv248fip248inf210/project_home.html HTTP/1.1"
2438	2024/02/28 16:03:11	"GET /uv248fip248inf210/project_part2.html HTTP/1.1"
2438	2024/02/28 17:32:03	"GET /uv248fip248inf210/project_part1.html HTTP/1.1"
2438	2024/01/12 13:58:50	"GET /uv248fip248inf210/technical_environment_home.html HTTP/1.1"
2438	2024/01/12 13:58:59	"GET /uv248fip248inf210/index.html HTTP/1.1"
2438	2024/01/12 13:59:11	"GET /uv248fip248inf210/web_architecture_home.html HTTP/1.1"
2438	2024/01/12 13:59:13	"GET /uv248fip248inf210/images/web_architecture/prerequisite_archiweb/prerequisite_archiweb.html HTTP/1.1"
2438	2024/01/12 14:07:23	"GET /uv248fip248inf210/practice_json.html HTTP/1.1"
2438	2024/01/12 14:09:10	"GET /uv248fip248inf210/lecture_json.html HTTP/1.1"
2438	2024/01/12 14:10:13	"GET /uv248fip248inf210/lecture_software_architecture.html HTTP/1.1"
2438	2024/01/12 14:13:52	"GET /uv248fip248inf210/lecture_mvc_spring.html HTTP/1.1"
2438	2024/01/12 14:16:52	"GET /uv248fip248inf210/practice_spring_2tiers.html HTTP/1.1"
