2439	2024/02/01 18:39:30	"GET /uv248fip248inf210/images/data/prerequisite_data/prerequisite_data.html HTTP/1.1"
2439	2024/02/01 18:39:36	"GET /uv248fip248inf210/lecture_normalization.html HTTP/1.1"
2439	2024/01/29 09:40:35	"GET /uv248fip248inf210/web_architecture_home.html HTTP/1.1"
2439	2024/01/29 09:44:10	"GET /uv248fip248inf210/lecture_technical_architecture.html HTTP/1.1"
2439	2024/01/29 09:48:27	"GET /uv248fip248inf210/lecture_software_architecture.html HTTP/1.1"
2439	2024/01/29 09:53:22	"GET /uv248fip248inf210/lecture_mvc_spring.html HTTP/1.1"
2439	2024/01/29 10:28:39	"GET /uv248fip248inf210/lecture_dto.html HTTP/1.1"
2439	2024/01/29 10:36:02	"GET /uv248fip248inf210/lecture_json.html HTTP/1.1"
2439	2024/01/29 10:42:16	"GET /uv248fip248inf210/practice_json.html HTTP/1.1"
2439	2024/01/29 11:39:05	"GET /uv248fip248inf210/lecture_xml.html HTTP/1.1"
2439	2024/02/13 08:24:06	"GET /uv248fip248inf210/technical_environment_home.html HTTP/1.1"
2439	2024/02/13 08:24:26	"GET /uv248fip248inf210/documentation_si.html HTTP/1.1"
2439	2024/02/13 08:24:45	"GET /uv248fip248inf210/inversion_of_control.html HTTP/1.1"
2439	2024/02/13 08:24:47	"GET /uv248fip248inf210/index.html HTTP/1.1"
2439	2024/02/13 08:24:50	"GET /uv248fip248inf210/web_architecture_home.html HTTP/1.1"
2439	2024/02/13 08:25:03	"GET /uv248fip248inf210/project_home.html HTTP/1.1"
2439	2024/02/13 08:25:09	"GET /uv248fip248inf210/data_home.html HTTP/1.1"
2439	2024/02/13 08:49:03	"GET /uv248fip248inf210/images/data/prerequisite_data/prerequisite_data.html HTTP/1.1"
2439	2024/02/13 08:49:08	"GET /uv248fip248inf210/lecture_independence_views.html HTTP/1.1"
2439	2024/02/06 15:38:14	"GET /uv248fip248inf210/data_home.html HTTP/1.1"
2439	2024/02/06 15:38:32	"GET /uv248fip248inf210/index.html HTTP/1.1"
2439	2024/02/06 15:38:40	"GET /uv248fip248inf210/images/web_architecture/prerequisite_archiweb/prerequisite_archiweb.html HTTP/1.1"
2439	2024/02/06 15:38:49	"GET /uv248fip248inf210/practice_jpa_advanced.html HTTP/1.1"
2439	2024/02/06 15:40:55	"GET /uv248fip248inf210/lecture_xpath.html HTTP/1.1"
2439	2024/02/06 15:41:10	"GET /uv248fip248inf210/lecture_validity.html HTTP/1.1"
2439	2024/02/06 15:42:01	"GET /uv248fip248inf210/technical_environment_home.html HTTP/1.1"
2439	2024/02/06 15:42:03	"GET /uv248fip248inf210/images/technical_environment/prerequisite_techenv/prerequisite_techenv.html HTTP/1.1"
2439	2024/02/06 15:42:06	"GET /uv248fip248inf210/documentation_si.html HTTP/1.1"
2439	2024/02/06 15:42:29	"GET /uv248fip248inf210/index.html HTTP/1.1"
2439	2024/02/06 15:50:40	"GET /uv248fip248inf210/documentation_rdbms.html HTTP/1.1"
2439	2024/02/06 15:50:44	"GET /uv248fip248inf210/web_architecture_home.html HTTP/1.1"
2439	2024/02/06 15:50:48	"GET /uv248fip248inf210/images/web_architecture/prerequisite_archiweb/prerequisite_archiweb.html HTTP/1.1"
2439	2024/02/06 16:13:29	"GET /uv248fip248inf210/practice_spring_2tiers.html HTTP/1.1"
2439	2024/03/11 09:33:45	"GET /uv248fip248inf210/data_home.html HTTP/1.1"
2439	2024/03/11 09:33:49	"GET /uv248fip248inf210/lecture_normalization.html HTTP/1.1"
2439	2024/03/11 09:45:07	"GET /uv248fip248inf210/lecture_conceptual_modeling.html HTTP/1.1"
2439	2024/03/11 09:45:21	"GET /uv248fip248inf210/lecture_relational_model.html HTTP/1.1"
2439	2024/03/11 09:45:48	"GET /uv248fip248inf210/activity_relational_model.html HTTP/1.1"
2439	2024/03/11 09:46:37	"GET /uv248fip248inf210/activity_relational_model_correction.html HTTP/1.1"
2439	2024/03/11 09:46:46	"GET /uv248fip248inf210/lecture_conceptual_modeling.html HTTP/1.1"
2439	2024/03/11 09:47:01	"GET /uv248fip248inf210/lecture_modeling_normalization.html HTTP/1.1"
2439	2024/03/11 09:47:22	"GET /uv248fip248inf210/lecture_normalization.html HTTP/1.1"
2439	2024/03/11 09:47:28	"GET /uv248fip248inf210/lecture_conceptual_modeling.html HTTP/1.1"
2439	2024/03/11 11:18:38	"GET /uv248fip248inf210/lecture_conceptual_modeling.html HTTP/1.1"
2439	2024/03/04 09:39:58	"GET /uv248fip248inf210/project_home.html HTTP/1.1"
2439	2024/03/04 09:40:26	"GET /uv248fip248inf210/project_part3.html HTTP/1.1"
2439	2024/03/03 11:43:10	"GET /uv248fip248inf210/project_home.html HTTP/1.1"
2439	2024/03/03 11:43:24	"GET /uv248fip248inf210/project_part4.html HTTP/1.1"
2439	2024/03/03 11:43:30	"GET /uv248fip248inf210/project_part3.html HTTP/1.1"
2439	2024/03/01 21:53:30	"GET /uv248fip248inf210/project_home.html HTTP/1.1"
2439	2024/03/01 21:53:35	"GET /uv248fip248inf210/project_part2.html HTTP/1.1"
2439	2024/03/01 23:18:36	"GET /uv248fip248inf210/data_home.html HTTP/1.1"
2439	2024/03/01 23:18:38	"GET /uv248fip248inf210/index.html HTTP/1.1"
2439	2024/03/01 23:18:39	"GET /uv248fip248inf210/project_home.html HTTP/1.1"
2439	2024/03/01 23:18:42	"GET /uv248fip248inf210/project_part2.html HTTP/1.1"
2439	2024/03/01 23:53:35	"GET /uv248fip248inf210/project_part3.html HTTP/1.1"
2439	2024/03/09 21:27:49	"GET /uv248fip248inf210/data_home.html HTTP/1.1"
2439	2024/03/09 21:27:53	"GET /uv248fip248inf210/lecture_normalization.html HTTP/1.1"
2439	2024/03/06 09:38:03	"GET /uv248fip248inf210/project_home.html HTTP/1.1"
2439	2024/03/06 09:38:07	"GET /uv248fip248inf210/project_part3.html HTTP/1.1"
2439	2024/03/06 09:39:01	"GET /uv248fip248inf210/project_part4.html HTTP/1.1"
2439	2024/03/06 13:55:02	"GET /uv248fip248inf210/project_home.html HTTP/1.1"
2439	2024/03/06 13:55:47	"GET /uv248fip248inf210/project_structureui.html HTTP/1.1"
2439	2024/03/06 14:10:29	"GET /uv248fip248inf210/project_part3.html HTTP/1.1"
2439	2024/03/06 21:33:06	"GET /uv248fip248inf210/project_specifications.html HTTP/1.1"
2439	2024/02/05 11:11:29	"GET /uv248fip248inf210/data_home.html HTTP/1.1"
2439	2024/02/05 11:11:40	"GET /uv248fip248inf210/lecture_normalization.html HTTP/1.1"
2439	2024/02/05 14:02:15	"GET /uv248fip248inf210/index.html HTTP/1.1"
2439	2024/02/05 14:02:18	"GET /uv248fip248inf210/web_architecture_home.html HTTP/1.1"
2439	2024/02/05 14:02:23	"GET /uv248fip248inf210/lecture_mvc_spring.html HTTP/1.1"
2439	2024/02/05 14:21:11	"GET /uv248fip248inf210/web_architecture_home.html HTTP/1.1"
2439	2024/02/05 14:47:21	"GET /uv248fip248inf210/lecture_jpa.html HTTP/1.1"
2439	2024/01/22 13:50:32	"GET /uv248fip248inf210/practice_sql.html HTTP/1.1"
2439	2024/01/22 13:52:04	"GET /uv248fip248inf210/web_architecture_home.html HTTP/1.1"
2439	2024/01/22 13:59:01	"GET /uv248fip248inf210/practice_sql_correction.html HTTP/1.1"
2439	2024/01/22 14:09:46	"GET /uv248fip248inf210/lecture_transaction.html HTTP/1.1"
2439	2024/01/22 14:14:04	"GET /uv248fip248inf210/practice_transaction.html HTTP/1.1"
2439	2024/01/22 14:14:14	"GET /uv248fip248inf210/practice_transaction_correction.html HTTP/1.1"
2439	2024/01/22 14:34:53	"GET /uv248fip248inf210/practice_transaction.html HTTP/1.1"
2439	2024/01/22 14:51:27	"GET /uv248fip248inf210/lecture_technical_architecture.html HTTP/1.1"
2439	2024/01/22 15:31:23	"GET /uv248fip248inf210/lecture_software_architecture.html HTTP/1.1"
2439	2024/01/22 16:17:26	"GET /uv248fip248inf210/lecture_mvc_spring.html HTTP/1.1"
2439	2024/02/19 09:50:32	"GET /uv248fip248inf210/data_home.html HTTP/1.1"
2439	2024/02/19 09:55:56	"GET /uv248fip248inf210/images/data/prerequisite_data/prerequisite_data.html HTTP/1.1"
2439	2024/02/19 09:56:13	"GET /uv248fip248inf210/activity_conceptual_modeling_advanced.html HTTP/1.1"
2439	2024/02/04 22:50:52	"GET /uv248fip248inf210/web_architecture_home.html HTTP/1.1"
2439	2024/02/04 22:50:55	"GET /uv248fip248inf210/lecture_technical_architecture.html HTTP/1.1"
2439	2024/02/04 22:51:01	"GET /uv248fip248inf210/lecture_software_architecture.html HTTP/1.1"
2439	2024/02/04 22:51:12	"GET /uv248fip248inf210/lecture_xml.html HTTP/1.1"
2439	2024/03/07 16:49:37	"GET /uv248fip248inf210/project_part4.html HTTP/1.1"
2439	2024/03/07 16:50:00	"GET /uv248fip248inf210/project_home.html HTTP/1.1"
2439	2024/03/07 16:50:04	"GET /uv248fip248inf210/project_part4.html HTTP/1.1"
2439	2024/03/07 16:50:10	"GET /uv248fip248inf210/project_part4.html HTTP/1.1"
2439	2024/03/07 16:50:25	"GET /uv248fip248inf210/project_part4.html HTTP/1.1"
2439	2024/03/07 20:12:40	"GET /uv248fip248inf210/index.html HTTP/1.1"
2439	2024/03/07 20:12:52	"GET /uv248fip248inf210/web_architecture_home.html HTTP/1.1"
2439	2024/03/07 20:12:57	"GET /uv248fip248inf210/practice_jpa_advanced.html HTTP/1.1"
2439	2024/03/07 20:13:11	"GET /uv248fip248inf210/practice_spring_2tiers.html HTTP/1.1"
2439	2024/03/12 10:17:41	"GET /uv248fip248inf210/index.html HTTP/1.1"
2439	2024/03/12 10:17:57	"GET /uv248fip248inf210/data_home.html HTTP/1.1"
2439	2024/03/12 10:18:03	"GET /uv248fip248inf210/project_home.html HTTP/1.1"
2439	2024/03/12 10:18:08	"GET /uv248fip248inf210/project_part3.html HTTP/1.1"
2439	2024/03/12 10:33:32	"GET /uv248fip248inf210/project_specifications.html HTTP/1.1"
2439	2024/03/12 10:58:15	"GET /uv248fip248inf210/project_part3.html HTTP/1.1"
2439	2024/03/12 12:57:29	"GET /uv248fip248inf210/project_presentation.html HTTP/1.1"
2439	2024/03/12 12:57:37	"GET /uv248fip248inf210/index.html HTTP/1.1"
2439	2024/03/12 12:57:39	"GET /uv248fip248inf210/technical_environment_home.html HTTP/1.1"
2439	2024/03/12 12:58:15	"GET /uv248fip248inf210/documentation_docker.html HTTP/1.1"
2439	2024/03/12 13:22:37	"GET /uv248fip248inf210/project_home.html HTTP/1.1"
2439	2024/03/12 13:22:39	"GET /uv248fip248inf210/project_part3.html HTTP/1.1"
2439	2024/01/31 16:42:34	"GET /uv248fip248inf210/data_home.html HTTP/1.1"
2439	2024/01/31 16:42:43	"GET /uv248fip248inf210/images/data/prerequisite_data/prerequisite_data.html HTTP/1.1"
2439	2024/01/31 16:42:47	"GET /uv248fip248inf210/activity_sql.html HTTP/1.1"
2439	2024/01/31 17:39:44	"GET /uv248fip248inf210/practice_transaction.html HTTP/1.1"
2439	2024/01/31 17:39:47	"GET /uv248fip248inf210/lecture_transaction.html HTTP/1.1"
2439	2024/01/31 18:23:51	"GET /uv248fip248inf210/activity_relational_model.html HTTP/1.1"
2439	2024/01/10 09:39:34	"GET /uv248fip248inf210/web_architecture_home.html HTTP/1.1"
2439	2024/01/10 09:39:39	"GET /uv248fip248inf210/index.html HTTP/1.1"
2439	2024/01/10 09:39:42	"GET /uv248fip248inf210/technical_environment_home.html HTTP/1.1"
2439	2024/01/10 09:39:47	"GET /uv248fip248inf210/documentation_docker.html HTTP/1.1"
2439	2024/01/10 10:09:24	"GET /uv248fip248inf210/practice_docker.html HTTP/1.1"
2439	2024/02/22 12:41:12	"GET /uv248fip248inf210/project_home.html HTTP/1.1"
2439	2024/02/22 12:41:24	"GET /uv248fip248inf210/project_task_time.html HTTP/1.1"
2439	2024/09/25 08:31:44	"GET /uv248fip248inf210/practice_spring.html HTTP/1.1"
2439	2024/09/25 08:32:33	"GET /uv248fip248inf210/practice_postgresql.html HTTP/1.1"
2439	2024/09/25 08:46:35	"GET /uv248fip248inf210/technical_environment_home.html HTTP/1.1"
2439	2024/09/25 09:07:48	"GET /uv248fip248inf210/index.html HTTP/1.1"
2439	2024/09/25 09:07:59	"GET /uv248fip248inf210/lecture_technical_architecture.html HTTP/1.1"
2439	2024/09/25 13:14:55	"GET /uv248fip248inf210/lecture_db_integrity.html HTTP/1.1"
2439	2024/09/25 13:15:01	"GET /uv248fip248inf210/lecture_normalization.html HTTP/1.1"
2439	2024/09/25 20:36:34	"GET /uv248fip248inf210/images/technical_environment/prerequisite_techenv/prerequisite_techenv.html HTTP/1.1"
2439	2024/09/25 20:49:50	"GET /uv248fip248inf210/documentation_docker.html HTTP/1.1"
2439	2024/01/17 14:03:05	"GET /uv248fip248inf210/data_home.html HTTP/1.1"
2439	2024/01/17 14:12:15	"GET /uv248fip248inf210/lecture_normalization.html HTTP/1.1"
2439	2024/01/17 15:02:22	"GET /uv248fip248inf210/activity_normalization.html HTTP/1.1"
2439	2024/01/17 15:43:18	"GET /uv248fip248inf210/activity_normalization_correction.html HTTP/1.1"
2439	2024/01/17 16:22:21	"GET /uv248fip248inf210/activity_decomposition.html HTTP/1.1"
2439	2024/01/17 16:22:26	"GET /uv248fip248inf210/activity_decomposition_correction.html HTTP/1.1"
2439	2024/09/23 22:16:46	"GET /uv248fip248inf210/technical_environment_home.html HTTP/1.1"
2439	2024/09/23 22:17:05	"GET /uv248fip248inf210/index.html HTTP/1.1"
2439	2024/09/23 22:17:08	"GET /uv248fip248inf210/web_architecture_home.html HTTP/1.1"
2439	2024/09/23 22:17:11	"GET /uv248fip248inf210/lecture_technical_architecture.html HTTP/1.1"
2439	2024/09/23 22:17:19	"GET /uv248fip248inf210/lecture_software_architecture.html HTTP/1.1"
2439	2024/09/23 22:17:40	"GET /uv248fip248inf210/data_home.html HTTP/1.1"
2439	2024/09/23 22:20:08	"GET /uv248fip248inf210/lecture_modeling_normalization.html HTTP/1.1"
2439	2024/09/24 08:37:09	"GET /uv248fip248inf210/project_home.html HTTP/1.1"
2439	2024/09/24 08:37:26	"GET /uv248fip248inf210/project_part1.html HTTP/1.1"
2439	2024/09/24 08:38:08	"GET /uv248fip248inf210/project_presentation.html HTTP/1.1"
2439	2024/09/24 08:38:16	"GET /uv248fip248inf210/project_evaluation.html HTTP/1.1"
2439	2024/09/24 10:19:06	"GET /uv248fip248inf210/practice_docker.html HTTP/1.1"
2439	2024/09/24 14:30:10	"GET /uv248fip248inf210/lecture_conceptual_modeling.html HTTP/1.1"
2439	2024/09/24 14:30:39	"GET /uv248fip248inf210/lecture_relational_model.html HTTP/1.1"
2439	2024/09/24 14:46:26	"GET /uv248fip248inf210/documentation_si.html HTTP/1.1"
2439	2024/09/24 14:47:13	"GET /uv248fip248inf210/documentation_rdbms.html HTTP/1.1"
2439	2024/09/24 14:47:48	"GET /uv248fip248inf210/lecture_mvc_spring.html HTTP/1.1"
2439	2024/01/19 10:41:35	"GET /uv248fip248inf210/activity_decomposition_correction.html HTTP/1.1"
2439	2024/01/19 11:20:27	"GET /uv248fip248inf210/activity_sql.html HTTP/1.1"
2439	2024/01/19 12:05:51	"GET /uv248fip248inf210/practice_sql.html HTTP/1.1"
2439	2024/01/19 12:08:39	"GET /uv248fip248inf210/index.html HTTP/1.1"
2439	2024/01/11 08:27:26	"GET /uv248fip248inf210/technical_environment_home.html HTTP/1.1"
2439	2024/01/11 08:27:55	"GET /uv248fip248inf210/web_architecture_home.html HTTP/1.1"
2439	2024/01/11 08:31:28	"GET /uv248fip248inf210/documentation_docker.html HTTP/1.1"
2439	2024/01/11 08:44:59	"GET /uv248fip248inf210/practice_docker.html HTTP/1.1"
2439	2024/01/11 09:17:30	"GET /uv248fip248inf210/practice_docker.html HTTP/1.1"
2439	2024/01/11 09:41:15	"GET /uv248fip248inf210/practice_postgresql.html HTTP/1.1"
2439	2024/01/11 10:06:51	"GET /uv248fip248inf210/practice_docker_advanced.html HTTP/1.1"
2439	2024/01/11 10:07:06	"GET /uv248fip248inf210/index.html HTTP/1.1"
2439	2024/01/11 10:07:54	"GET /uv248fip248inf210/technical_environment_home.html HTTP/1.1"
2439	2024/01/11 10:09:25	"GET /uv248fip248inf210/images/technical_environment/prerequisite_techenv/prerequisite_techenv.html HTTP/1.1"
2439	2024/01/11 10:19:19	"GET /uv248fip248inf210/documentation_programming.html HTTP/1.1"
2439	2024/01/11 10:19:31	"GET /uv248fip248inf210/practice_spring.html HTTP/1.1"
2439	2024/01/11 10:31:38	"GET /uv248fip248inf210/practice_spring.html HTTP/1.1"
2439	2024/01/11 10:41:28	"GET /uv248fip248inf210/practice_docker.html HTTP/1.1"
2439	2024/01/11 10:44:02	"GET /uv248fip248inf210/practice_spring.html HTTP/1.1"
2439	2024/01/11 15:03:47	"GET /uv248fip248inf210/technical_environment_home.html HTTP/1.1"
2439	2024/01/11 15:03:52	"GET /uv248fip248inf210/practice_spring.html HTTP/1.1"
2439	2024/01/11 15:21:07	"GET /uv248fip248inf210/practice_docker.html HTTP/1.1"
2439	2024/01/11 15:25:18	"GET /uv248fip248inf210/practice_spring.html HTTP/1.1"
2439	2024/01/11 15:34:36	"GET /uv248fip248inf210/index.html HTTP/1.1"
2439	2024/01/11 15:34:49	"GET /uv248fip248inf210/web_architecture_home.html HTTP/1.1"
2439	2024/01/11 15:35:14	"GET /uv248fip248inf210/data_home.html HTTP/1.1"
2439	2024/01/11 15:35:59	"GET /uv248fip248inf210/practice_spring.html HTTP/1.1"
2439	2024/01/11 15:39:43	"GET /uv248fip248inf210/practice_postgresql.html HTTP/1.1"
2439	2024/01/11 15:47:04	"GET /uv248fip248inf210/practice_spring.html HTTP/1.1"
2439	2024/01/11 15:56:09	"GET /uv248fip248inf210/documentation_si.html HTTP/1.1"
2439	2024/01/11 15:56:15	"GET /uv248fip248inf210/documentation_rdbms.html HTTP/1.1"
2439	2024/01/11 15:56:21	"GET /uv248fip248inf210/practice_postgresql.html HTTP/1.1"
2439	2024/09/26 13:32:05	"GET /uv248fip248inf210/lecture_software_architecture.html HTTP/1.1"
2439	2024/09/26 15:08:45	"GET /uv248fip248inf210/lecture_xml.html HTTP/1.1"
2439	2024/09/26 15:08:52	"GET /uv248fip248inf210/lecture_validity.html HTTP/1.1"
2439	2024/09/26 15:08:57	"GET /uv248fip248inf210/lecture_dto.html HTTP/1.1"
2439	2024/02/21 13:49:11	"GET /uv248fip248inf210/project_home.html HTTP/1.1"
2439	2024/02/21 13:50:24	"GET /uv248fip248inf210/project_part1.html HTTP/1.1"
2439	2024/02/21 13:50:47	"GET /uv248fip248inf210/project_presentation.html HTTP/1.1"
2439	2024/02/21 13:51:00	"GET /uv248fip248inf210/project_evaluation.html HTTP/1.1"
2439	2024/02/21 13:53:46	"GET /uv248fip248inf210/project_specifications.html HTTP/1.1"
2439	2024/02/21 13:54:03	"GET /uv248fip248inf210/project_task_time.html HTTP/1.1"
2439	2024/02/29 15:25:06	"GET /uv248fip248inf210/project_home.html HTTP/1.1"
2439	2024/02/29 15:25:09	"GET /uv248fip248inf210/project_part2.html HTTP/1.1"
2439	2024/02/29 20:19:34	"GET /uv248fip248inf210/project_part3.html HTTP/1.1"
2439	2024/01/09 10:27:00	"GET /uv248fip248inf210/technical_environment_home.html HTTP/1.1"
2439	2024/01/09 10:27:08	"GET /uv248fip248inf210/images/technical_environment/prerequisite_techenv/prerequisite_techenv.html HTTP/1.1"
2439	2024/01/09 11:41:37	"GET /uv248fip248inf210/documentation_docker.html HTTP/1.1"
2439	2024/02/26 09:35:22	"GET /uv248fip248inf210/project_home.html HTTP/1.1"
2439	2024/02/26 09:37:57	"GET /uv248fip248inf210/project_part2.html HTTP/1.1"
2439	2024/02/26 10:03:01	"GET /uv248fip248inf210/project_part1.html HTTP/1.1"
2439	2024/02/26 10:03:54	"GET /uv248fip248inf210/project_part2.html HTTP/1.1"
2439	2024/02/26 11:35:56	"GET /uv248fip248inf210/project_home.html HTTP/1.1"
2439	2024/02/26 11:35:59	"GET /uv248fip248inf210/project_part2.html HTTP/1.1"
2439	2024/02/26 13:24:53	"GET /uv248fip248inf210/project_part2.html HTTP/1.1"
2439	2024/01/15 09:42:19	"GET /uv248fip248inf210/lecture_conceptual_modeling.html HTTP/1.1"
2439	2024/01/15 10:12:26	"GET /uv248fip248inf210/activity_conceptual_modeling.html HTTP/1.1"
2439	2024/01/15 10:16:41	"GET /uv248fip248inf210/activity_conceptual_modeling_correction.html HTTP/1.1"
2439	2024/01/15 10:39:34	"GET /uv248fip248inf210/lecture_normalization.html HTTP/1.1"
2439	2024/01/15 11:35:25	"GET /uv248fip248inf210/activity_normalization.html HTTP/1.1"
2439	2024/01/15 11:48:13	"GET /uv248fip248inf210/activity_normalization_correction.html HTTP/1.1"
2439	2024/01/15 11:51:11	"GET /uv248fip248inf210/activity_decomposition.html HTTP/1.1"
2439	2024/02/28 09:40:29	"GET /uv248fip248inf210/project_home.html HTTP/1.1"
2439	2024/02/28 09:40:32	"GET /uv248fip248inf210/project_part2.html HTTP/1.1"
2439	2024/02/28 10:34:45	"GET /uv248fip248inf210/project_part1.html HTTP/1.1"
2439	2024/02/28 14:24:26	"GET /uv248fip248inf210/project_home.html HTTP/1.1"
2439	2024/02/28 14:24:27	"GET /uv248fip248inf210/project_part2.html HTTP/1.1"
2439	2024/01/12 13:59:57	"GET /uv248fip248inf210/data_home.html HTTP/1.1"
2439	2024/01/12 14:00:03	"GET /uv248fip248inf210/index.html HTTP/1.1"
2439	2024/01/12 14:00:08	"GET /uv248fip248inf210/technical_environment_home.html HTTP/1.1"
2439	2024/01/12 14:00:11	"GET /uv248fip248inf210/practice_spring.html HTTP/1.1"
2439	2024/01/12 14:11:33	"GET /uv248fip248inf210/lecture_relational_model.html HTTP/1.1"
2439	2024/01/12 14:25:18	"GET /uv248fip248inf210/lecture_db_integrity.html HTTP/1.1"
2439	2024/01/12 14:25:51	"GET /uv248fip248inf210/activity_relational_model.html HTTP/1.1"
2439	2024/01/12 15:17:16	"GET /uv248fip248inf210/activity_relational_model_correction.html HTTP/1.1"
2439	2024/01/12 15:40:15	"GET /uv248fip248inf210/lecture_modeling_normalization.html HTTP/1.1"
