2440	2024/01/26 10:25:08	"GET /uv248fip248inf210/index.html HTTP/1.1"
2440	2024/01/26 10:25:15	"GET /uv248fip248inf210/data_home.html HTTP/1.1"
2440	2024/01/26 10:25:31	"GET /uv248fip248inf210/images/data/prerequisite_data/prerequisite_data.html HTTP/1.1"
2440	2024/01/26 10:25:33	"GET /uv248fip248inf210/activity_relational_model.html HTTP/1.1"
2440	2024/01/26 10:26:00	"GET /uv248fip248inf210/lecture_modeling_normalization.html HTTP/1.1"
2440	2024/01/26 10:27:40	"GET /uv248fip248inf210/lecture_conceptual_modeling.html HTTP/1.1"
2440	2024/01/26 10:35:46	"GET /uv248fip248inf210/activity_conceptual_modeling.html HTTP/1.1"
2440	2024/01/26 11:03:25	"GET /uv248fip248inf210/activity_conceptual_modeling_correction.html HTTP/1.1"
2440	2024/02/01 08:57:21	"GET /uv248fip248inf210/practice_transaction_correction.html HTTP/1.1"
2440	2024/02/01 13:26:31	"GET /uv248fip248inf210/technical_environment_home.html HTTP/1.1"
2440	2024/02/01 13:26:46	"GET /uv248fip248inf210/practice_transaction.html HTTP/1.1"
2440	2024/02/01 13:44:16	"GET /uv248fip248inf210/lecture_conceptual_modeling.html HTTP/1.1"
2440	2024/02/01 13:44:29	"GET /uv248fip248inf210/activity_conceptual_modeling.html HTTP/1.1"
2440	2024/02/01 14:22:53	"GET /uv248fip248inf210/index.html HTTP/1.1"
2440	2024/02/01 14:23:09	"GET /uv248fip248inf210/lecture_normalization.html HTTP/1.1"
2440	2024/02/01 14:23:25	"GET /uv248fip248inf210/activity_normalization.html HTTP/1.1"
2440	2024/02/01 14:44:10	"GET /uv248fip248inf210/activity_normalization_correction.html HTTP/1.1"
2440	2024/02/01 14:56:42	"GET /uv248fip248inf210/data_home.html HTTP/1.1"
2440	2024/02/01 15:14:38	"GET /uv248fip248inf210/lecture_db_integrity.html HTTP/1.1"
2440	2024/02/01 15:15:27	"GET /uv248fip248inf210/activity_relational_model.html HTTP/1.1"
2440	2024/02/01 18:56:08	"GET /uv248fip248inf210/web_architecture_home.html HTTP/1.1"
2440	2024/02/01 18:56:10	"GET /uv248fip248inf210/images/web_architecture/prerequisite_archiweb/prerequisite_archiweb.html HTTP/1.1"
2440	2024/02/01 18:56:18	"GET /uv248fip248inf210/lecture_json.html HTTP/1.1"
2440	2024/02/01 18:56:34	"GET /uv248fip248inf210/practice_json.html HTTP/1.1"
2440	2024/02/01 18:57:47	"GET /uv248fip248inf210/lecture_dto.html HTTP/1.1"
2440	2024/02/01 18:57:53	"GET /uv248fip248inf210/lecture_xml.html HTTP/1.1"
2440	2024/01/29 09:39:39	"GET /uv248fip248inf210/data_home.html HTTP/1.1"
2440	2024/01/29 09:39:54	"GET /uv248fip248inf210/index.html HTTP/1.1"
2440	2024/01/29 09:40:01	"GET /uv248fip248inf210/images/data/prerequisite_data/prerequisite_data.html HTTP/1.1"
2440	2024/01/29 09:40:10	"GET /uv248fip248inf210/activity_conceptual_modeling.html HTTP/1.1"
2440	2024/01/29 09:40:14	"GET /uv248fip248inf210/activity_conceptual_modeling_correction.html HTTP/1.1"
2440	2024/01/29 09:43:13	"GET /uv248fip248inf210/lecture_conceptual_modeling.html HTTP/1.1"
2440	2024/01/29 09:48:33	"GET /uv248fip248inf210/lecture_normalization.html HTTP/1.1"
2440	2024/01/29 10:14:18	"GET /uv248fip248inf210/activity_normalization.html HTTP/1.1"
2440	2024/01/29 11:13:53	"GET /uv248fip248inf210/activity_normalization_correction.html HTTP/1.1"
2440	2024/01/29 12:00:56	"GET /uv248fip248inf210/activity_decomposition.html HTTP/1.1"
2440	2024/02/13 08:03:38	"GET /uv248fip248inf210/technical_environment_home.html HTTP/1.1"
2440	2024/02/13 08:03:48	"GET /uv248fip248inf210/index.html HTTP/1.1"
2440	2024/02/13 08:03:51	"GET /uv248fip248inf210/project_home.html HTTP/1.1"
2440	2024/02/13 08:04:00	"GET /uv248fip248inf210/project_presentation.html HTTP/1.1"
2440	2024/02/13 08:05:49	"GET /uv248fip248inf210/data_home.html HTTP/1.1"
2440	2024/02/13 08:05:51	"GET /uv248fip248inf210/images/data/prerequisite_data/prerequisite_data.html HTTP/1.1"
2440	2024/02/13 08:18:27	"GET /uv248fip248inf210/lecture_normalization.html HTTP/1.1"
2440	2024/02/13 08:18:32	"GET /uv248fip248inf210/lecture_conceptual_modeling.html HTTP/1.1"
2440	2024/02/13 08:19:22	"GET /uv248fip248inf210/lecture_independence_views.html HTTP/1.1"
2440	2024/02/13 08:26:53	"GET /uv248fip248inf210/activity_conceptual_modeling.html HTTP/1.1"
2440	2024/02/13 08:27:03	"GET /uv248fip248inf210/activity_conceptual_modeling_advanced.html HTTP/1.1"
2440	2024/02/13 08:38:24	"GET /uv248fip248inf210/activity_normalization.html HTTP/1.1"
2440	2024/02/13 08:39:01	"GET /uv248fip248inf210/activity_decomposition.html HTTP/1.1"
2440	2024/02/13 10:21:35	"GET /uv248fip248inf210/lecture_relational_algebra.html HTTP/1.1"
2440	2024/02/13 10:21:56	"GET /uv248fip248inf210/lecture_isolation.html HTTP/1.1"
2440	2024/02/13 10:22:32	"GET /uv248fip248inf210/lecture_indexation.html HTTP/1.1"
2440	2024/02/13 10:35:56	"GET /uv248fip248inf210/practice_isolation.html HTTP/1.1"
2440	2024/02/13 10:36:17	"GET /uv248fip248inf210/practice_indexation.html HTTP/1.1"
2440	2024/02/13 10:37:56	"GET /uv248fip248inf210/web_architecture_home.html HTTP/1.1"
2440	2024/02/13 10:37:58	"GET /uv248fip248inf210/images/web_architecture/prerequisite_archiweb/prerequisite_archiweb.html HTTP/1.1"
2440	2024/02/13 10:38:35	"GET /uv248fip248inf210/practice_jpa_advanced.html HTTP/1.1"
2440	2024/02/06 15:40:21	"GET /uv248fip248inf210/technical_environment_home.html HTTP/1.1"
2440	2024/02/06 15:41:27	"GET /uv248fip248inf210/images/technical_environment/prerequisite_techenv/prerequisite_techenv.html HTTP/1.1"
2440	2024/02/06 15:42:02	"GET /uv248fip248inf210/documentation_si.html HTTP/1.1"
2440	2024/02/06 15:42:24	"GET /uv248fip248inf210/inversion_of_control.html HTTP/1.1"
2440	2024/02/06 15:54:05	"GET /uv248fip248inf210/index.html HTTP/1.1"
2440	2024/02/06 15:54:07	"GET /uv248fip248inf210/web_architecture_home.html HTTP/1.1"
2440	2024/02/06 16:00:33	"GET /uv248fip248inf210/spring_bean.html HTTP/1.1"
2440	2024/02/06 16:04:40	"GET /uv248fip248inf210/documentation_rdbms.html HTTP/1.1"
2440	2024/02/06 16:04:55	"GET /uv248fip248inf210/practice_docker_advanced.html HTTP/1.1"
2440	2024/02/06 16:05:51	"GET /uv248fip248inf210/images/web_architecture/prerequisite_archiweb/prerequisite_archiweb.html HTTP/1.1"
2440	2024/02/06 16:06:01	"GET /uv248fip248inf210/practice_jpa_advanced.html HTTP/1.1"
2440	2024/03/11 08:28:02	"GET /uv248fip248inf210/technical_environment_home.html HTTP/1.1"
2440	2024/03/11 08:28:04	"GET /uv248fip248inf210/index.html HTTP/1.1"
2440	2024/03/11 08:28:07	"GET /uv248fip248inf210/project_home.html HTTP/1.1"
2440	2024/03/11 08:28:14	"GET /uv248fip248inf210/project_part2.html HTTP/1.1"
2440	2024/03/11 09:45:29	"GET /uv248fip248inf210/data_home.html HTTP/1.1"
2440	2024/03/11 09:45:31	"GET /uv248fip248inf210/images/data/prerequisite_data/prerequisite_data.html HTTP/1.1"
2440	2024/03/11 09:45:38	"GET /uv248fip248inf210/lecture_conceptual_modeling.html HTTP/1.1"
2440	2024/03/11 09:45:54	"GET /uv248fip248inf210/lecture_modeling_normalization.html HTTP/1.1"
2440	2024/03/11 09:46:02	"GET /uv248fip248inf210/lecture_normalization.html HTTP/1.1"
2440	2024/03/11 09:46:22	"GET /uv248fip248inf210/activity_conceptual_modeling.html HTTP/1.1"
2440	2024/03/11 09:47:04	"GET /uv248fip248inf210/activity_normalization.html HTTP/1.1"
2440	2024/03/04 09:29:33	"GET /uv248fip248inf210/technical_environment_home.html HTTP/1.1"
2440	2024/03/04 09:29:38	"GET /uv248fip248inf210/index.html HTTP/1.1"
2440	2024/03/04 09:29:41	"GET /uv248fip248inf210/project_home.html HTTP/1.1"
2440	2024/03/04 09:29:45	"GET /uv248fip248inf210/project_part3.html HTTP/1.1"
2440	2024/03/04 09:56:15	"GET /uv248fip248inf210/project_specifications.html HTTP/1.1"
2440	2024/01/30 15:21:27	"GET /uv248fip248inf210/web_architecture_home.html HTTP/1.1"
2440	2024/01/30 15:40:53	"GET /uv248fip248inf210/index.html HTTP/1.1"
2440	2024/01/30 15:41:03	"GET /uv248fip248inf210/data_home.html HTTP/1.1"
2440	2024/01/30 15:45:40	"GET /uv248fip248inf210/images/data/prerequisite_data/prerequisite_data.html HTTP/1.1"
2440	2024/01/30 15:46:28	"GET /uv248fip248inf210/activity_decomposition.html HTTP/1.1"
2440	2024/01/30 16:06:22	"GET /uv248fip248inf210/images/web_architecture/prerequisite_archiweb/prerequisite_archiweb.html HTTP/1.1"
2440	2024/01/30 16:06:25	"GET /uv248fip248inf210/data_home.html HTTP/1.1"
2440	2024/01/30 16:24:01	"GET /uv248fip248inf210/activity_decomposition_correction.html HTTP/1.1"
2440	2024/03/06 18:38:18	"GET /uv248fip248inf210/technical_environment_home.html HTTP/1.1"
2440	2024/03/06 18:38:27	"GET /uv248fip248inf210/project_home.html HTTP/1.1"
2440	2024/03/06 18:38:35	"GET /uv248fip248inf210/project_specifications.html HTTP/1.1"
2440	2024/02/05 14:02:09	"GET /uv248fip248inf210/technical_environment_home.html HTTP/1.1"
2440	2024/02/05 14:02:12	"GET /uv248fip248inf210/index.html HTTP/1.1"
2440	2024/02/05 14:02:34	"GET /uv248fip248inf210/activity_sql.html HTTP/1.1"
2440	2024/02/05 14:10:43	"GET /uv248fip248inf210/practice_xml.html HTTP/1.1"
2440	2024/02/05 14:12:00	"GET /uv248fip248inf210/lecture_transaction.html HTTP/1.1"
2440	2024/02/05 14:22:35	"GET /uv248fip248inf210/practice_transaction.html HTTP/1.1"
2440	2024/02/05 14:32:24	"GET /uv248fip248inf210/index.html HTTP/1.1"
2440	2024/02/05 14:33:49	"GET /uv248fip248inf210/lecture_mvc_spring.html HTTP/1.1"
2440	2024/02/05 14:47:37	"GET /uv248fip248inf210/lecture_relational_algebra.html HTTP/1.1"
2440	2024/02/05 15:18:38	"GET /uv248fip248inf210/index.html HTTP/1.1"
2440	2024/01/22 13:47:54	"GET /uv248fip248inf210/technical_environment_home.html HTTP/1.1"
2440	2024/01/22 13:48:09	"GET /uv248fip248inf210/index.html HTTP/1.1"
2440	2024/01/22 13:48:12	"GET /uv248fip248inf210/web_architecture_home.html HTTP/1.1"
2440	2024/01/22 13:48:34	"GET /uv248fip248inf210/images/web_architecture/prerequisite_archiweb/prerequisite_archiweb.html HTTP/1.1"
2440	2024/01/22 13:49:01	"GET /uv248fip248inf210/practice_json.html HTTP/1.1"
2440	2024/01/22 14:03:21	"GET /uv248fip248inf210/lecture_json.html HTTP/1.1"
2440	2024/01/22 14:35:11	"GET /uv248fip248inf210/practice_xml.html HTTP/1.1"
2440	2024/01/22 15:21:32	"GET /uv248fip248inf210/data_home.html HTTP/1.1"
2440	2024/01/22 15:21:56	"GET /uv248fip248inf210/images/data/prerequisite_data/prerequisite_data.html HTTP/1.1"
2440	2024/01/22 15:27:24	"GET /uv248fip248inf210/lecture_relational_model.html HTTP/1.1"
2440	2024/01/22 15:32:24	"GET /uv248fip248inf210/lecture_db_integrity.html HTTP/1.1"
2440	2024/01/22 15:55:09	"GET /uv248fip248inf210/activity_relational_model.html HTTP/1.1"
2440	2024/01/23 15:24:32	"GET /uv248fip248inf210/technical_environment_home.html HTTP/1.1"
2440	2024/01/23 15:24:41	"GET /uv248fip248inf210/project_home.html HTTP/1.1"
2440	2024/01/23 15:24:49	"GET /uv248fip248inf210/project_presentation.html HTTP/1.1"
2440	2024/02/19 09:36:24	"GET /uv248fip248inf210/technical_environment_home.html HTTP/1.1"
2440	2024/02/19 09:37:26	"GET /uv248fip248inf210/index.html HTTP/1.1"
2440	2024/02/19 09:37:35	"GET /uv248fip248inf210/web_architecture_home.html HTTP/1.1"
2440	2024/02/19 09:37:44	"GET /uv248fip248inf210/images/web_architecture/prerequisite_archiweb/prerequisite_archiweb.html HTTP/1.1"
2440	2024/02/19 09:39:47	"GET /uv248fip248inf210/practice_spring_2tiers_ext.html HTTP/1.1"
2440	2024/02/19 10:13:16	"GET /uv248fip248inf210/index.html HTTP/1.1"
2440	2024/02/19 10:13:20	"GET /uv248fip248inf210/web_architecture_home.html HTTP/1.1"
2440	2024/02/19 10:13:21	"GET /uv248fip248inf210/images/web_architecture/prerequisite_archiweb/prerequisite_archiweb.html HTTP/1.1"
2440	2024/02/19 10:13:23	"GET /uv248fip248inf210/lecture_technical_architecture.html HTTP/1.1"
2440	2024/02/19 10:13:27	"GET /uv248fip248inf210/lecture_software_architecture.html HTTP/1.1"
2440	2024/02/19 10:13:37	"GET /uv248fip248inf210/practice_spring_2tiers.html HTTP/1.1"
2440	2024/03/07 16:34:26	"GET /uv248fip248inf210/project_part3.html HTTP/1.1"
2440	2024/01/24 09:46:15	"GET /uv248fip248inf210/activity_relational_model.html HTTP/1.1"
2440	2024/01/24 10:09:23	"GET /uv248fip248inf210/activity_relational_model_correction.html HTTP/1.1"
2440	2024/01/31 16:31:56	"GET /uv248fip248inf210/technical_environment_home.html HTTP/1.1"
2440	2024/01/31 16:32:14	"GET /uv248fip248inf210/images/data/prerequisite_data/prerequisite_data.html HTTP/1.1"
2440	2024/01/31 16:32:17	"GET /uv248fip248inf210/activity_sql.html HTTP/1.1"
2440	2024/01/31 16:44:22	"GET /uv248fip248inf210/activity_sql_correction.html HTTP/1.1"
2440	2024/01/31 17:28:36	"GET /uv248fip248inf210/practice_sql.html HTTP/1.1"
2440	2024/01/31 17:30:26	"GET /uv248fip248inf210/lecture_transaction.html HTTP/1.1"
2440	2024/01/31 17:51:07	"GET /uv248fip248inf210/practice_transaction.html HTTP/1.1"
2440	2024/02/03 10:46:10	"GET /uv248fip248inf210/images/technical_environment/prerequisite_techenv/prerequisite_techenv.html HTTP/1.1"
2440	2024/02/03 10:46:26	"GET /uv248fip248inf210/web_architecture_home.html HTTP/1.1"
2440	2024/02/03 10:46:29	"GET /uv248fip248inf210/images/web_architecture/prerequisite_archiweb/prerequisite_archiweb.html HTTP/1.1"
2440	2024/02/03 10:50:47	"GET /uv248fip248inf210/lecture_technical_architecture.html HTTP/1.1"
2440	2024/02/03 10:51:17	"GET /uv248fip248inf210/lecture_software_architecture.html HTTP/1.1"
2440	2024/02/03 11:07:42	"GET /uv248fip248inf210/lecture_mvc_spring.html HTTP/1.1"
2440	2024/02/03 11:11:17	"GET /uv248fip248inf210/lecture_jpa.html HTTP/1.1"
2440	2024/02/03 11:21:08	"GET /uv248fip248inf210/practice_jpa.html HTTP/1.1"
2440	2024/02/03 11:31:28	"GET /uv248fip248inf210/practice_spring_2tiers.html HTTP/1.1"
2440	2024/02/03 11:32:33	"GET /uv248fip248inf210/lecture_dto.html HTTP/1.1"
2440	2024/02/03 11:44:08	"GET /uv248fip248inf210/lecture_xml.html HTTP/1.1"
2440	2024/02/03 14:20:05	"GET /uv248fip248inf210/lecture_validity.html HTTP/1.1"
2440	2024/02/03 14:25:52	"GET /uv248fip248inf210/practice_xml.html HTTP/1.1"
2440	2024/02/03 14:28:02	"GET /uv248fip248inf210/lecture_json.html HTTP/1.1"
2440	2024/02/03 14:32:52	"GET /uv248fip248inf210/practice_json.html HTTP/1.1"
2440	2024/02/03 14:35:38	"GET /uv248fip248inf210/data_home.html HTTP/1.1"
2440	2024/02/03 14:35:39	"GET /uv248fip248inf210/images/data/prerequisite_data/prerequisite_data.html HTTP/1.1"
2440	2024/02/03 15:52:25	"GET /uv248fip248inf210/lecture_relational_model.html HTTP/1.1"
2440	2024/02/03 15:55:00	"GET /uv248fip248inf210/lecture_db_integrity.html HTTP/1.1"
2440	2024/02/03 16:00:15	"GET /uv248fip248inf210/activity_relational_model.html HTTP/1.1"
2440	2024/02/03 16:00:21	"GET /uv248fip248inf210/lecture_modeling_normalization.html HTTP/1.1"
2440	2024/02/03 16:01:32	"GET /uv248fip248inf210/lecture_conceptual_modeling.html HTTP/1.1"
2440	2024/02/03 16:10:31	"GET /uv248fip248inf210/index.html HTTP/1.1"
2440	2024/02/03 16:10:33	"GET /uv248fip248inf210/data_home.html HTTP/1.1"
2440	2024/02/03 16:10:43	"GET /uv248fip248inf210/lecture_conceptual_modeling.html HTTP/1.1"
2440	2024/02/03 16:31:32	"GET /uv248fip248inf210/activity_conceptual_modeling.html HTTP/1.1"
2440	2024/02/03 16:31:48	"GET /uv248fip248inf210/activity_decomposition.html HTTP/1.1"
2440	2024/02/03 16:32:05	"GET /uv248fip248inf210/activity_decomposition_correction.html HTTP/1.1"
2440	2024/02/03 16:33:30	"GET /uv248fip248inf210/activity_sql.html HTTP/1.1"
2440	2024/02/03 16:38:47	"GET /uv248fip248inf210/activity_sql_correction.html HTTP/1.1"
2440	2024/02/03 16:41:56	"GET /uv248fip248inf210/practice_sql.html HTTP/1.1"
2440	2024/02/03 16:42:15	"GET /uv248fip248inf210/lecture_transaction.html HTTP/1.1"
2440	2024/02/03 16:47:39	"GET /uv248fip248inf210/practice_transaction.html HTTP/1.1"
2440	2024/01/17 14:36:08	"GET /uv248fip248inf210/technical_environment_home.html HTTP/1.1"
2440	2024/01/17 14:36:16	"GET /uv248fip248inf210/index.html HTTP/1.1"
2440	2024/01/17 14:36:20	"GET /uv248fip248inf210/web_architecture_home.html HTTP/1.1"
2440	2024/01/17 14:36:42	"GET /uv248fip248inf210/images/web_architecture/prerequisite_archiweb/prerequisite_archiweb.html HTTP/1.1"
2440	2024/01/17 14:36:44	"GET /uv248fip248inf210/practice_spring_2tiers.html HTTP/1.1"
2440	2024/01/17 15:30:28	"GET /uv248fip248inf210/lecture_dto.html HTTP/1.1"
2440	2024/01/17 15:32:26	"GET /uv248fip248inf210/lecture_xml.html HTTP/1.1"
2440	2024/01/17 15:46:46	"GET /uv248fip248inf210/lecture_validity.html HTTP/1.1"
2440	2024/01/17 15:46:48	"GET /uv248fip248inf210/practice_xml.html HTTP/1.1"
2440	2024/01/19 09:59:51	"GET /uv248fip248inf210/lecture_xpath.html HTTP/1.1"
2440	2024/01/19 10:02:19	"GET /uv248fip248inf210/practice_xml.html HTTP/1.1"
2440	2024/01/19 10:03:27	"GET /uv248fip248inf210/lecture_xml.html HTTP/1.1"
2440	2024/01/19 11:24:53	"GET /uv248fip248inf210/lecture_validity.html HTTP/1.1"
2440	2024/01/19 11:25:17	"GET /uv248fip248inf210/lecture_validity.html HTTP/1.1"
2440	2024/01/19 11:34:09	"GET /uv248fip248inf210/index.html HTTP/1.1"
2440	2024/01/19 11:34:15	"GET /uv248fip248inf210/web_architecture_home.html HTTP/1.1"
2440	2024/01/19 11:34:27	"GET /uv248fip248inf210/images/web_architecture/prerequisite_archiweb/prerequisite_archiweb.html HTTP/1.1"
2440	2024/01/19 11:53:38	"GET /uv248fip248inf210/lecture_json.html HTTP/1.1"
2440	2024/01/19 11:55:02	"GET /uv248fip248inf210/lecture_dto.html HTTP/1.1"
2440	2024/01/19 11:55:43	"GET /uv248fip248inf210/practice_json.html HTTP/1.1"
2440	2024/01/11 07:59:08	"GET /uv248fip248inf210/technical_environment_home.html HTTP/1.1"
2440	2024/01/11 07:59:25	"GET /uv248fip248inf210/images/technical_environment/prerequisite_techenv/prerequisite_techenv.html HTTP/1.1"
2440	2024/01/11 07:59:27	"GET /uv248fip248inf210/documentation_programming.html HTTP/1.1"
2440	2024/01/11 08:01:42	"GET /uv248fip248inf210/inversion_of_control.html HTTP/1.1"
2440	2024/01/11 08:16:00	"GET /uv248fip248inf210/images/technical_environment/prerequisite_techenv/prerequisite_techenv.html HTTP/1.1"
2440	2024/01/11 08:16:03	"GET /uv248fip248inf210/technical_environment_home.html HTTP/1.1"
2440	2024/01/11 08:32:33	"GET /uv248fip248inf210/images/technical_environment/prerequisite_techenv/prerequisite_techenv.html HTTP/1.1"
2440	2024/01/11 08:32:35	"GET /uv248fip248inf210/documentation_programming.html HTTP/1.1"
2440	2024/01/11 08:34:13	"GET /uv248fip248inf210/technical_environment_home.html HTTP/1.1"
2440	2024/01/11 08:34:19	"GET /uv248fip248inf210/practice_spring.html HTTP/1.1"
2440	2024/01/11 09:17:36	"GET /uv248fip248inf210/practice_spring.html HTTP/1.1"
2440	2024/01/11 09:35:50	"GET /uv248fip248inf210/technical_environment_home.html HTTP/1.1"
2440	2024/01/11 09:35:56	"GET /uv248fip248inf210/images/technical_environment/prerequisite_techenv/prerequisite_techenv.html HTTP/1.1"
2440	2024/01/11 09:35:58	"GET /uv248fip248inf210/practice_postgresql.html HTTP/1.1"
2440	2024/01/11 09:47:29	"GET /uv248fip248inf210/practice_docker.html HTTP/1.1"
2440	2024/01/11 10:41:26	"GET /uv248fip248inf210/practice_spring.html HTTP/1.1"
2440	2024/01/11 10:41:32	"GET /uv248fip248inf210/technical_environment_home.html HTTP/1.1"
2440	2024/01/11 10:41:36	"GET /uv248fip248inf210/images/technical_environment/prerequisite_techenv/prerequisite_techenv.html HTTP/1.1"
2440	2024/01/11 10:41:38	"GET /uv248fip248inf210/practice_postgresql.html HTTP/1.1"
2440	2024/01/11 10:41:55	"GET /uv248fip248inf210/practice_docker.html HTTP/1.1"
2440	2024/01/11 15:19:05	"GET /uv248fip248inf210/technical_environment_home.html HTTP/1.1"
2440	2024/01/11 15:19:08	"GET /uv248fip248inf210/images/technical_environment/prerequisite_techenv/prerequisite_techenv.html HTTP/1.1"
2440	2024/01/11 15:19:10	"GET /uv248fip248inf210/practice_postgresql.html HTTP/1.1"
2440	2024/01/11 15:39:25	"GET /uv248fip248inf210/index.html HTTP/1.1"
2440	2024/01/11 15:39:50	"GET /uv248fip248inf210/web_architecture_home.html HTTP/1.1"
2440	2024/01/11 15:40:24	"GET /uv248fip248inf210/images/web_architecture/prerequisite_archiweb/prerequisite_archiweb.html HTTP/1.1"
2440	2024/01/11 15:41:16	"GET /uv248fip248inf210/lecture_technical_architecture.html HTTP/1.1"
2440	2024/01/11 15:42:13	"GET /uv248fip248inf210/lecture_software_architecture.html HTTP/1.1"
2440	2024/01/11 15:54:53	"GET /uv248fip248inf210/lecture_mvc_spring.html HTTP/1.1"
2440	2024/01/11 16:05:34	"GET /uv248fip248inf210/images/technical_environment/prerequisite_techenv/prerequisite_techenv.html HTTP/1.1"
2440	2024/01/11 16:05:36	"GET /uv248fip248inf210/practice_spring.html HTTP/1.1"
2440	2024/01/11 16:30:28	"GET /uv248fip248inf210/lecture_jpa.html HTTP/1.1"
2440	2024/02/21 13:49:01	"GET /uv248fip248inf210/technical_environment_home.html HTTP/1.1"
2440	2024/02/21 13:49:08	"GET /uv248fip248inf210/index.html HTTP/1.1"
2440	2024/02/21 13:49:13	"GET /uv248fip248inf210/project_home.html HTTP/1.1"
2440	2024/02/21 13:49:24	"GET /uv248fip248inf210/project_presentation.html HTTP/1.1"
2440	2024/02/21 13:53:05	"GET /uv248fip248inf210/project_specifications.html HTTP/1.1"
2440	2024/02/21 13:53:35	"GET /uv248fip248inf210/project_part1.html HTTP/1.1"
2440	2024/02/21 13:54:13	"GET /uv248fip248inf210/project_task_time.html HTTP/1.1"
2440	2024/02/21 13:54:29	"GET /uv248fip248inf210/project_evaluation.html HTTP/1.1"
2440	2024/04/11 13:08:04	"GET /uv248fip248inf210/technical_environment_home.html HTTP/1.1"
2440	2024/04/11 13:08:12	"GET /uv248fip248inf210/index.html HTTP/1.1"
2440	2024/04/11 13:08:23	"GET /uv248fip248inf210/project_home.html HTTP/1.1"
2440	2024/04/11 13:08:30	"GET /uv248fip248inf210/project_specifications.html HTTP/1.1"
2440	2024/01/09 10:25:27	"GET /uv248fip248inf210/technical_environment_home.html HTTP/1.1"
2440	2024/01/09 10:26:15	"GET /uv248fip248inf210/images/technical_environment/prerequisite_techenv/prerequisite_techenv.html HTTP/1.1"
2440	2024/01/09 10:59:09	"GET /uv248fip248inf210/documentation_docker.html HTTP/1.1"
2440	2024/01/09 10:59:09	"GET /uv248fip248inf210/documentation_docker.html HTTP/1.1"
2440	2024/01/09 11:13:31	"GET /uv248fip248inf210/practice_docker.html HTTP/1.1"
2440	2024/02/26 09:31:56	"GET /uv248fip248inf210/technical_environment_home.html HTTP/1.1"
2440	2024/02/26 09:32:24	"GET /uv248fip248inf210/index.html HTTP/1.1"
2440	2024/02/26 09:32:27	"GET /uv248fip248inf210/project_home.html HTTP/1.1"
2440	2024/02/26 09:32:43	"GET /uv248fip248inf210/project_part1.html HTTP/1.1"
2440	2024/02/26 09:33:42	"GET /uv248fip248inf210/project_part2.html HTTP/1.1"
2440	2024/02/26 09:44:56	"GET /uv248fip248inf210/project_part1.html HTTP/1.1"
2440	2024/01/15 08:51:47	"GET /uv248fip248inf210/technical_environment_home.html HTTP/1.1"
2440	2024/01/15 09:00:11	"GET /uv248fip248inf210/index.html HTTP/1.1"
2440	2024/01/15 09:00:15	"GET /uv248fip248inf210/web_architecture_home.html HTTP/1.1"
2440	2024/01/15 09:00:30	"GET /uv248fip248inf210/images/web_architecture/prerequisite_archiweb/prerequisite_archiweb.html HTTP/1.1"
2440	2024/01/15 09:00:32	"GET /uv248fip248inf210/lecture_technical_architecture.html HTTP/1.1"
2440	2024/01/15 09:00:49	"GET /uv248fip248inf210/practice_jpa.html HTTP/1.1"
2440	2024/01/15 10:34:09	"GET /uv248fip248inf210/practice_spring_2tiers.html HTTP/1.1"
2440	2024/02/28 08:23:52	"GET /uv248fip248inf210/technical_environment_home.html HTTP/1.1"
2440	2024/02/28 08:24:01	"GET /uv248fip248inf210/index.html HTTP/1.1"
2440	2024/02/28 08:24:04	"GET /uv248fip248inf210/project_home.html HTTP/1.1"
2440	2024/02/28 08:24:33	"GET /uv248fip248inf210/project_part2.html HTTP/1.1"
2440	2024/02/28 15:18:49	"GET /uv248fip248inf210/project_specifications.html HTTP/1.1"
2440	2024/02/28 17:19:40	"GET /uv248fip248inf210/project_part2.html HTTP/1.1"
2440	2024/01/12 14:03:01	"GET /uv248fip248inf210/lecture_mvc_spring.html HTTP/1.1"
2440	2024/01/12 14:03:04	"GET /uv248fip248inf210/lecture_jpa.html HTTP/1.1"
2440	2024/01/12 14:09:18	"GET /uv248fip248inf210/practice_jpa.html HTTP/1.1"
