2441	2024/01/29 09:46:22	"GET /uv248fip248inf210/web_architecture_home.html HTTP/1.1"
2441	2024/01/29 09:46:30	"GET /uv248fip248inf210/practice_xml.html HTTP/1.1"
2441	2024/01/29 09:46:35	"GET /uv248fip248inf210/lecture_json.html HTTP/1.1"
2441	2024/01/29 09:53:54	"GET /uv248fip248inf210/practice_json.html HTTP/1.1"
2441	2024/01/29 09:54:31	"GET /uv248fip248inf210/index.html HTTP/1.1"
2441	2024/01/29 09:54:33	"GET /uv248fip248inf210/data_home.html HTTP/1.1"
2441	2024/01/29 09:54:38	"GET /uv248fip248inf210/lecture_relational_model.html HTTP/1.1"
2441	2024/01/29 09:54:45	"GET /uv248fip248inf210/project_home.html HTTP/1.1"
2441	2024/01/29 10:13:04	"GET /uv248fip248inf210/lecture_db_integrity.html HTTP/1.1"
2441	2024/01/29 10:25:32	"GET /uv248fip248inf210/activity_relational_model.html HTTP/1.1"
2441	2024/01/29 11:57:58	"GET /uv248fip248inf210/lecture_modeling_normalization.html HTTP/1.1"
2441	2024/01/29 12:11:26	"GET /uv248fip248inf210/lecture_conceptual_modeling.html HTTP/1.1"
2441	2024/03/10 14:08:29	"GET /uv248fip248inf210/technical_environment_home.html HTTP/1.1"
2441	2024/03/10 14:08:32	"GET /uv248fip248inf210/index.html HTTP/1.1"
2441	2024/03/10 14:10:14	"GET /uv248fip248inf210/web_architecture_home.html HTTP/1.1"
2441	2024/03/10 14:21:04	"GET /uv248fip248inf210/lecture_technical_architecture.html HTTP/1.1"
2441	2024/03/10 14:21:35	"GET /uv248fip248inf210/lecture_software_architecture.html HTTP/1.1"
2441	2024/03/10 14:22:54	"GET /uv248fip248inf210/lecture_mvc_spring.html HTTP/1.1"
2441	2024/03/10 14:54:20	"GET /uv248fip248inf210/web_architecture_home.html HTTP/1.1"
2441	2024/03/10 14:54:29	"GET /uv248fip248inf210/practice_jpa.html HTTP/1.1"
2441	2024/03/10 15:02:13	"GET /uv248fip248inf210/lecture_xml.html HTTP/1.1"
2441	2024/03/10 15:02:18	"GET /uv248fip248inf210/lecture_dto.html HTTP/1.1"
2441	2024/03/10 15:02:20	"GET /uv248fip248inf210/practice_xml.html HTTP/1.1"
2441	2024/03/10 15:03:26	"GET /uv248fip248inf210/practice_json.html HTTP/1.1"
2441	2024/03/10 15:03:43	"GET /uv248fip248inf210/practice_jpa.html HTTP/1.1"
2441	2024/03/10 15:05:26	"GET /uv248fip248inf210/lecture_dto.html HTTP/1.1"
2441	2024/03/10 15:05:29	"GET /uv248fip248inf210/practice_xml.html HTTP/1.1"
2441	2024/03/10 15:07:08	"GET /uv248fip248inf210/index.html HTTP/1.1"
2441	2024/03/10 15:07:13	"GET /uv248fip248inf210/project_home.html HTTP/1.1"
2441	2024/03/10 15:07:18	"GET /uv248fip248inf210/data_home.html HTTP/1.1"
2441	2024/03/10 15:07:22	"GET /uv248fip248inf210/activity_relational_model.html HTTP/1.1"
2441	2024/03/10 15:07:39	"GET /uv248fip248inf210/activity_conceptual_modeling.html HTTP/1.1"
2441	2024/03/10 15:07:44	"GET /uv248fip248inf210/activity_normalization.html HTTP/1.1"
2441	2024/03/10 15:08:35	"GET /uv248fip248inf210/web_architecture_home.html HTTP/1.1"
2441	2024/03/10 15:08:40	"GET /uv248fip248inf210/practice_spring_2tiers.html HTTP/1.1"
2441	2024/03/10 15:08:57	"GET /uv248fip248inf210/practice_jpa.html HTTP/1.1"
2441	2024/03/10 15:38:38	"GET /uv248fip248inf210/project_home.html HTTP/1.1"
2441	2024/03/10 15:38:41	"GET /uv248fip248inf210/project_part1.html HTTP/1.1"
2441	2024/03/10 15:59:23	"GET /uv248fip248inf210/index.html HTTP/1.1"
2441	2024/03/10 15:59:27	"GET /uv248fip248inf210/web_architecture_home.html HTTP/1.1"
2441	2024/03/10 15:59:34	"GET /uv248fip248inf210/lecture_jpa.html HTTP/1.1"
2441	2024/03/10 16:01:40	"GET /uv248fip248inf210/practice_spring_2tiers.html HTTP/1.1"
2441	2024/02/06 16:18:46	"GET /uv248fip248inf210/index.html HTTP/1.1"
2441	2024/02/06 16:19:04	"GET /uv248fip248inf210/technical_environment_home.html HTTP/1.1"
2441	2024/02/06 16:19:26	"GET /uv248fip248inf210/data_home.html HTTP/1.1"
2441	2024/02/06 16:19:47	"GET /uv248fip248inf210/index.html HTTP/1.1"
2441	2024/02/06 17:24:19	"GET /uv248fip248inf210/data_home.html HTTP/1.1"
2441	2024/03/11 09:41:30	"GET /uv248fip248inf210/project_home.html HTTP/1.1"
2441	2024/03/11 09:41:33	"GET /uv248fip248inf210/project_part1.html HTTP/1.1"
2441	2024/03/11 09:57:42	"GET /uv248fip248inf210/lecture_normalization.html HTTP/1.1"
2441	2024/03/04 09:40:23	"GET /uv248fip248inf210/project_home.html HTTP/1.1"
2441	2024/03/04 09:40:26	"GET /uv248fip248inf210/project_part3.html HTTP/1.1"
2441	2024/03/04 10:21:52	"GET /uv248fip248inf210/project_home.html HTTP/1.1"
2441	2024/03/04 10:21:54	"GET /uv248fip248inf210/project_part3.html HTTP/1.1"
2441	2024/03/04 10:36:13	"GET /uv248fip248inf210/project_structureui.html HTTP/1.1"
2441	2024/03/04 11:22:51	"GET /uv248fip248inf210/project_task_time.html HTTP/1.1"
2441	2024/03/04 11:22:59	"GET /uv248fip248inf210/project_evaluation.html HTTP/1.1"
2441	2024/03/01 14:49:11	"GET /uv248fip248inf210/project_home.html HTTP/1.1"
2441	2024/03/01 14:49:19	"GET /uv248fip248inf210/project_part2.html HTTP/1.1"
2441	2024/03/01 15:09:22	"GET /uv248fip248inf210/project_task_time.html HTTP/1.1"
2441	2024/03/01 15:09:29	"GET /uv248fip248inf210/project_evaluation.html HTTP/1.1"
2441	2024/03/13 12:28:08	"GET /uv248fip248inf210/project_home.html HTTP/1.1"
2441	2024/03/13 12:28:35	"GET /uv248fip248inf210/project_specifications.html HTTP/1.1"
2441	2024/03/13 12:28:54	"GET /uv248fip248inf210/project_task_time.html HTTP/1.1"
2441	2024/03/13 12:56:00	"GET /uv248fip248inf210/project_home.html HTTP/1.1"
2441	2024/03/13 12:56:04	"GET /uv248fip248inf210/project_part4.html HTTP/1.1"
2441	2024/03/13 12:56:07	"GET /uv248fip248inf210/project_part4.html HTTP/1.1"
2441	2024/03/13 12:56:27	"GET /uv248fip248inf210/project_part3.html HTTP/1.1"
2441	2024/03/13 12:57:10	"GET /uv248fip248inf210/project_part2.html HTTP/1.1"
2441	2024/03/06 09:46:22	"GET /uv248fip248inf210/project_home.html HTTP/1.1"
2441	2024/03/06 09:46:26	"GET /uv248fip248inf210/project_part3.html HTTP/1.1"
2441	2024/03/06 10:10:27	"GET /uv248fip248inf210/technical_environment_home.html HTTP/1.1"
2441	2024/03/06 10:10:34	"GET /uv248fip248inf210/project_specifications.html HTTP/1.1"
2441	2024/03/06 12:58:15	"GET /uv248fip248inf210/index.html HTTP/1.1"
2441	2024/03/06 15:25:08	"GET /uv248fip248inf210/project_home.html HTTP/1.1"
2441	2024/03/06 15:25:13	"GET /uv248fip248inf210/project_evaluation.html HTTP/1.1"
2441	2024/03/06 15:25:21	"GET /uv248fip248inf210/project_specifications.html HTTP/1.1"
2441	2024/01/22 14:00:23	"GET /uv248fip248inf210/web_architecture_home.html HTTP/1.1"
2441	2024/01/22 14:00:29	"GET /uv248fip248inf210/data_home.html HTTP/1.1"
2441	2024/01/22 14:00:38	"GET /uv248fip248inf210/practice_spring_2tiers.html HTTP/1.1"
2441	2024/01/22 14:02:49	"GET /uv248fip248inf210/practice_jpa.html HTTP/1.1"
2441	2024/01/22 14:06:38	"GET /uv248fip248inf210/lecture_xml.html HTTP/1.1"
2441	2024/01/22 14:06:44	"GET /uv248fip248inf210/practice_xml.html HTTP/1.1"
2441	2024/01/22 14:18:14	"GET /uv248fip248inf210/lecture_dto.html HTTP/1.1"
2441	2024/01/22 14:18:29	"GET /uv248fip248inf210/lecture_json.html HTTP/1.1"
2441	2024/01/22 14:19:12	"GET /uv248fip248inf210/index.html HTTP/1.1"
2441	2024/01/22 14:19:21	"GET /uv248fip248inf210/activity_relational_model.html HTTP/1.1"
2441	2024/01/22 14:19:26	"GET /uv248fip248inf210/activity_conceptual_modeling.html HTTP/1.1"
2441	2024/01/22 14:19:30	"GET /uv248fip248inf210/practice_sql.html HTTP/1.1"
2441	2024/01/22 14:31:35	"GET /uv248fip248inf210/practice_json.html HTTP/1.1"
2441	2024/01/22 14:43:53	"GET /uv248fip248inf210/practice_apis.html HTTP/1.1"
2441	2024/01/22 14:43:54	"GET /uv248fip248inf210/practice_json.html HTTP/1.1"
2441	2024/01/22 14:53:45	"GET /uv248fip248inf210/practice_jpa.html HTTP/1.1"
2441	2024/01/22 14:57:20	"GET /uv248fip248inf210/lecture_technical_architecture.html HTTP/1.1"
2441	2024/01/22 14:59:01	"GET /uv248fip248inf210/practice_schema_xml.html HTTP/1.1"
2441	2024/01/22 16:17:16	"GET /uv248fip248inf210/practice_json.html HTTP/1.1"
2441	2024/02/19 09:37:50	"GET /uv248fip248inf210/data_home.html HTTP/1.1"
2441	2024/02/19 09:39:54	"GET /uv248fip248inf210/practice_sql.html HTTP/1.1"
2441	2024/02/19 09:40:35	"GET /uv248fip248inf210/lecture_modeling_normalization.html HTTP/1.1"
2441	2024/02/19 09:58:13	"GET /uv248fip248inf210/lecture_relational_model.html HTTP/1.1"
2441	2024/02/19 11:00:50	"GET /uv248fip248inf210/index.html HTTP/1.1"
2441	2024/02/19 11:00:52	"GET /uv248fip248inf210/project_home.html HTTP/1.1"
2441	2024/02/19 11:00:58	"GET /uv248fip248inf210/project_part1.html HTTP/1.1"
2441	2024/02/19 11:01:08	"GET /uv248fip248inf210/project_presentation.html HTTP/1.1"
2441	2024/02/19 11:03:23	"GET /uv248fip248inf210/project_part2.html HTTP/1.1"
2441	2024/02/19 11:05:22	"GET /uv248fip248inf210/project_task_time.html HTTP/1.1"
2441	2024/03/07 11:50:27	"GET /uv248fip248inf210/index.html HTTP/1.1"
2441	2024/03/07 11:50:30	"GET /uv248fip248inf210/project_home.html HTTP/1.1"
2441	2024/01/17 14:10:03	"GET /uv248fip248inf210/web_architecture_home.html HTTP/1.1"
2441	2024/01/17 14:10:14	"GET /uv248fip248inf210/practice_spring_2tiers.html HTTP/1.1"
2441	2024/01/17 14:10:17	"GET /uv248fip248inf210/practice_jpa.html HTTP/1.1"
2441	2024/01/17 14:11:51	"GET /uv248fip248inf210/practice_jpa_advanced.html HTTP/1.1"
2441	2024/01/19 10:04:18	"GET /uv248fip248inf210/web_architecture_home.html HTTP/1.1"
2441	2024/01/19 10:04:22	"GET /uv248fip248inf210/practice_spring_2tiers.html HTTP/1.1"
2441	2024/01/19 10:04:35	"GET /uv248fip248inf210/lecture_dto.html HTTP/1.1"
2441	2024/01/19 10:05:39	"GET /uv248fip248inf210/lecture_xml.html HTTP/1.1"
2441	2024/01/19 10:05:57	"GET /uv248fip248inf210/practice_xml.html HTTP/1.1"
2441	2024/01/19 10:05:58	"GET /uv248fip248inf210/lecture_jaxb.html HTTP/1.1"
2441	2024/01/19 10:06:17	"GET /uv248fip248inf210/index.html HTTP/1.1"
2441	2024/01/19 10:25:25	"GET /uv248fip248inf210/practice_jpa.html HTTP/1.1"
2441	2024/01/11 08:17:38	"GET /uv248fip248inf210/technical_environment_home.html HTTP/1.1"
2441	2024/01/11 08:17:43	"GET /uv248fip248inf210/practice_docker.html HTTP/1.1"
2441	2024/01/11 08:44:00	"GET /uv248fip248inf210/practice_postgresql.html HTTP/1.1"
2441	2024/01/11 08:59:04	"GET /uv248fip248inf210/practice_spring.html HTTP/1.1"
2441	2024/01/11 08:59:11	"GET /uv248fip248inf210/practice_postgresql.html HTTP/1.1"
2441	2024/01/11 08:59:19	"GET /uv248fip248inf210/documentation_si.html HTTP/1.1"
2441	2024/01/11 09:07:25	"GET /uv248fip248inf210/documentation_programming.html HTTP/1.1"
2441	2024/01/11 09:09:27	"GET /uv248fip248inf210/inversion_of_control.html HTTP/1.1"
2441	2024/01/11 09:14:07	"GET /uv248fip248inf210/spring_bean.html HTTP/1.1"
2441	2024/01/11 10:59:14	"GET /uv248fip248inf210/index.html HTTP/1.1"
2441	2024/01/11 15:46:11	"GET /uv248fip248inf210/web_architecture_home.html HTTP/1.1"
2441	2024/02/21 13:48:12	"GET /uv248fip248inf210/technical_environment_home.html HTTP/1.1"
2441	2024/02/21 13:48:26	"GET /uv248fip248inf210/index.html HTTP/1.1"
2441	2024/02/21 13:48:29	"GET /uv248fip248inf210/project_home.html HTTP/1.1"
2441	2024/02/21 13:48:34	"GET /uv248fip248inf210/project_presentation.html HTTP/1.1"
2441	2024/02/21 13:49:04	"GET /uv248fip248inf210/project_evaluation.html HTTP/1.1"
2441	2024/02/21 13:49:55	"GET /uv248fip248inf210/project_specifications.html HTTP/1.1"
2441	2024/02/21 13:51:14	"GET /uv248fip248inf210/project_part1.html HTTP/1.1"
2441	2024/02/21 13:55:07	"GET /uv248fip248inf210/project_part1.html HTTP/1.1"
2441	2024/02/21 13:57:39	"GET /uv248fip248inf210/project_task_time.html HTTP/1.1"
2441	2024/02/21 15:57:23	"GET /uv248fip248inf210/project_task_time.html HTTP/1.1"
2441	2024/02/21 15:57:26	"GET /uv248fip248inf210/project_evaluation.html HTTP/1.1"
2441	2024/02/21 16:12:55	"GET /uv248fip248inf210/project_task_time.html HTTP/1.1"
2441	2024/02/21 16:15:33	"GET /uv248fip248inf210/project_part1.html HTTP/1.1"
2441	2024/02/21 16:31:39	"GET /uv248fip248inf210/project_task_time.html HTTP/1.1"
2441	2024/01/09 10:27:19	"GET /uv248fip248inf210/technical_environment_home.html HTTP/1.1"
2441	2024/01/09 11:14:21	"GET /uv248fip248inf210/technical_environment_home.html HTTP/1.1"
2441	2024/01/09 11:14:28	"GET /uv248fip248inf210/documentation_docker.html HTTP/1.1"
2441	2024/01/09 11:20:37	"GET /uv248fip248inf210/practice_docker.html HTTP/1.1"
2441	2024/01/09 12:02:59	"GET /uv248fip248inf210/practice_docker.html HTTP/1.1"
2441	2024/01/09 14:21:58	"GET /uv248fip248inf210/practice_docker.html HTTP/1.1"
2441	2024/02/26 09:45:57	"GET /uv248fip248inf210/project_home.html HTTP/1.1"
2441	2024/02/26 09:45:59	"GET /uv248fip248inf210/project_part2.html HTTP/1.1"
2441	2024/02/26 09:58:16	"GET /uv248fip248inf210/project_part1.html HTTP/1.1"
2441	2024/02/26 09:59:49	"GET /uv248fip248inf210/project_home.html HTTP/1.1"
2441	2024/02/26 10:09:12	"GET /uv248fip248inf210/project_home.html HTTP/1.1"
2441	2024/02/26 10:09:15	"GET /uv248fip248inf210/project_part2.html HTTP/1.1"
2441	2024/02/26 10:09:36	"GET /uv248fip248inf210/project_part1.html HTTP/1.1"
2441	2024/02/26 11:06:44	"GET /uv248fip248inf210/project_task_time.html HTTP/1.1"
2441	2024/02/26 11:06:52	"GET /uv248fip248inf210/project_evaluation.html HTTP/1.1"
2441	2024/01/15 09:37:14	"GET /uv248fip248inf210/data_home.html HTTP/1.1"
2441	2024/01/15 09:37:18	"GET /uv248fip248inf210/web_architecture_home.html HTTP/1.1"
2441	2024/01/15 09:37:21	"GET /uv248fip248inf210/lecture_technical_architecture.html HTTP/1.1"
2441	2024/01/15 09:41:05	"GET /uv248fip248inf210/lecture_software_architecture.html HTTP/1.1"
2441	2024/01/15 09:42:00	"GET /uv248fip248inf210/lecture_mvc_spring.html HTTP/1.1"
2441	2024/01/15 09:42:08	"GET /uv248fip248inf210/practice_jpa.html HTTP/1.1"
2441	2024/01/15 09:54:48	"GET /uv248fip248inf210/index.html HTTP/1.1"
2441	2024/01/15 09:54:51	"GET /uv248fip248inf210/technical_environment_home.html HTTP/1.1"
2441	2024/01/15 09:54:56	"GET /uv248fip248inf210/practice_docker.html HTTP/1.1"
2441	2024/01/15 10:39:08	"GET /uv248fip248inf210/lecture_jpa.html HTTP/1.1"
2441	2024/01/15 12:09:04	"GET /uv248fip248inf210/web_architecture_home.html HTTP/1.1"
2441	2024/01/15 12:09:19	"GET /uv248fip248inf210/practice_jpa_advanced.html HTTP/1.1"
2441	2024/02/28 09:41:46	"GET /uv248fip248inf210/project_home.html HTTP/1.1"
2441	2024/02/28 09:41:49	"GET /uv248fip248inf210/project_part2.html HTTP/1.1"
2441	2024/02/28 10:46:46	"GET /uv248fip248inf210/project_home.html HTTP/1.1"
2441	2024/02/28 11:00:37	"GET /uv248fip248inf210/project_part2.html HTTP/1.1"
2441	2024/02/28 11:26:16	"GET /uv248fip248inf210/project_part2.html HTTP/1.1"
2441	2024/02/28 11:28:37	"GET /uv248fip248inf210/project_part2.html HTTP/1.1"
2441	2024/02/28 13:57:31	"GET /uv248fip248inf210/project_home.html HTTP/1.1"
2441	2024/02/28 13:57:33	"GET /uv248fip248inf210/project_part2.html HTTP/1.1"
2441	2024/02/28 14:05:57	"GET /uv248fip248inf210/project_evaluation.html HTTP/1.1"
2441	2024/01/12 14:22:23	"GET /uv248fip248inf210/web_architecture_home.html HTTP/1.1"
2441	2024/01/12 14:22:31	"GET /uv248fip248inf210/lecture_technical_architecture.html HTTP/1.1"
2441	2024/01/12 14:27:16	"GET /uv248fip248inf210/practice_spring_2tiers.html HTTP/1.1"
2441	2024/01/12 14:52:46	"GET /uv248fip248inf210/practice_spring_2tiers.html HTTP/1.1"
