2442	2024/01/29 09:43:09	"GET /uv248fip248inf210/web_architecture_home.html HTTP/1.1"
2442	2024/01/29 09:43:12	"GET /uv248fip248inf210/images/web_architecture/prerequisite_archiweb/prerequisite_archiweb.html HTTP/1.1"
2442	2024/01/29 09:45:23	"GET /uv248fip248inf210/lecture_technical_architecture.html HTTP/1.1"
2442	2024/01/29 10:05:22	"GET /uv248fip248inf210/lecture_software_architecture.html HTTP/1.1"
2442	2024/01/29 10:10:57	"GET /uv248fip248inf210/lecture_mvc_spring.html HTTP/1.1"
2442	2024/01/29 10:19:15	"GET /uv248fip248inf210/lecture_jpa.html HTTP/1.1"
2442	2024/01/29 10:30:48	"GET /uv248fip248inf210/lecture_xml.html HTTP/1.1"
2442	2024/01/29 10:31:00	"GET /uv248fip248inf210/lecture_validity.html HTTP/1.1"
2442	2024/01/29 10:32:09	"GET /uv248fip248inf210/lecture_json.html HTTP/1.1"
2442	2024/01/29 10:32:19	"GET /uv248fip248inf210/practice_xml.html HTTP/1.1"
2442	2024/01/29 10:34:48	"GET /uv248fip248inf210/index.html HTTP/1.1"
2442	2024/01/29 10:34:51	"GET /uv248fip248inf210/data_home.html HTTP/1.1"
2442	2024/01/29 10:34:53	"GET /uv248fip248inf210/images/data/prerequisite_data/prerequisite_data.html HTTP/1.1"
2442	2024/01/29 10:35:22	"GET /uv248fip248inf210/lecture_relational_model.html HTTP/1.1"
2442	2024/01/29 10:35:37	"GET /uv248fip248inf210/lecture_db_integrity.html HTTP/1.1"
2442	2024/01/29 10:41:13	"GET /uv248fip248inf210/lecture_modeling_normalization.html HTTP/1.1"
2442	2024/01/29 10:41:26	"GET /uv248fip248inf210/lecture_conceptual_modeling.html HTTP/1.1"
2442	2024/01/29 10:43:19	"GET /uv248fip248inf210/lecture_normalization.html HTTP/1.1"
2442	2024/01/29 10:47:19	"GET /uv248fip248inf210/activity_decomposition.html HTTP/1.1"
2442	2024/01/29 11:29:29	"GET /uv248fip248inf210/activity_decomposition_correction.html HTTP/1.1"
2442	2024/01/29 11:43:54	"GET /uv248fip248inf210/activity_sql.html HTTP/1.1"
2442	2024/01/29 11:53:51	"GET /uv248fip248inf210/lecture_transaction.html HTTP/1.1"
2442	2024/01/29 11:55:05	"GET /uv248fip248inf210/practice_transaction.html HTTP/1.1"
2442	2024/01/29 11:55:55	"GET /uv248fip248inf210/activity_normalization.html HTTP/1.1"
2442	2024/01/29 11:57:13	"GET /uv248fip248inf210/activity_normalization_correction.html HTTP/1.1"
2442	2024/03/10 19:08:20	"GET /uv248fip248inf210/project_home.html HTTP/1.1"
2442	2024/03/10 19:08:23	"GET /uv248fip248inf210/project_part1.html HTTP/1.1"
2442	2024/03/10 19:08:28	"GET /uv248fip248inf210/project_part2.html HTTP/1.1"
2442	2024/02/13 08:12:12	"GET /uv248fip248inf210/index.html HTTP/1.1"
2442	2024/02/13 08:12:18	"GET /uv248fip248inf210/project_home.html HTTP/1.1"
2442	2024/02/13 08:15:29	"GET /uv248fip248inf210/web_architecture_home.html HTTP/1.1"
2442	2024/02/13 08:15:32	"GET /uv248fip248inf210/images/web_architecture/prerequisite_archiweb/prerequisite_archiweb.html HTTP/1.1"
2442	2024/02/13 08:15:55	"GET /uv248fip248inf210/data_home.html HTTP/1.1"
2442	2024/02/13 08:15:56	"GET /uv248fip248inf210/images/data/prerequisite_data/prerequisite_data.html HTTP/1.1"
2442	2024/02/13 08:16:35	"GET /uv248fip248inf210/practice_jpa_advanced.html HTTP/1.1"
2442	2024/02/06 15:46:52	"GET /uv248fip248inf210/project_home.html HTTP/1.1"
2442	2024/02/06 15:46:58	"GET /uv248fip248inf210/project_presentation.html HTTP/1.1"
2442	2024/02/06 15:47:05	"GET /uv248fip248inf210/project_part1.html HTTP/1.1"
2442	2024/02/06 15:47:16	"GET /uv248fip248inf210/project_part4.html HTTP/1.1"
2442	2024/02/06 15:47:22	"GET /uv248fip248inf210/index.html HTTP/1.1"
2442	2024/02/06 15:47:36	"GET /uv248fip248inf210/technical_environment_home.html HTTP/1.1"
2442	2024/02/06 15:50:45	"GET /uv248fip248inf210/lecture_independence_views.html HTTP/1.1"
2442	2024/02/06 15:51:11	"GET /uv248fip248inf210/practice_independence_views.html HTTP/1.1"
2442	2024/02/06 15:51:57	"GET /uv248fip248inf210/project_task_time.html HTTP/1.1"
2442	2024/02/06 15:52:24	"GET /uv248fip248inf210/project_evaluation.html HTTP/1.1"
2442	2024/02/06 15:53:44	"GET /uv248fip248inf210/project_part1.html HTTP/1.1"
2442	2024/02/06 15:53:50	"GET /uv248fip248inf210/project_presentation.html HTTP/1.1"
2442	2024/02/06 15:57:49	"GET /uv248fip248inf210/project_specifications.html HTTP/1.1"
2442	2024/03/11 09:31:58	"GET /uv248fip248inf210/data_home.html HTTP/1.1"
2442	2024/03/11 09:32:40	"GET /uv248fip248inf210/images/data/prerequisite_data/prerequisite_data.html HTTP/1.1"
2442	2024/03/11 09:32:48	"GET /uv248fip248inf210/lecture_normalization.html HTTP/1.1"
2442	2024/03/11 09:40:29	"GET /uv248fip248inf210/activity_normalization.html HTTP/1.1"
2442	2024/03/11 09:40:38	"GET /uv248fip248inf210/activity_decomposition.html HTTP/1.1"
2442	2024/03/11 09:55:50	"GET /uv248fip248inf210/lecture_independence_views.html HTTP/1.1"
2442	2024/03/04 09:43:15	"GET /uv248fip248inf210/project_home.html HTTP/1.1"
2442	2024/03/04 09:43:19	"GET /uv248fip248inf210/project_part3.html HTTP/1.1"
2442	2024/03/04 09:58:45	"GET /uv248fip248inf210/project_specifications.html HTTP/1.1"
2442	2024/03/06 10:14:29	"GET /uv248fip248inf210/technical_environment_home.html HTTP/1.1"
2442	2024/03/06 10:15:15	"GET /uv248fip248inf210/project_home.html HTTP/1.1"
2442	2024/03/06 10:15:24	"GET /uv248fip248inf210/project_specifications.html HTTP/1.1"
2442	2024/02/05 10:53:12	"GET /uv248fip248inf210/data_home.html HTTP/1.1"
2442	2024/02/05 10:53:14	"GET /uv248fip248inf210/images/data/prerequisite_data/prerequisite_data.html HTTP/1.1"
2442	2024/02/05 10:53:36	"GET /uv248fip248inf210/lecture_conceptual_modeling.html HTTP/1.1"
2442	2024/02/05 10:58:06	"GET /uv248fip248inf210/practice_sql.html HTTP/1.1"
2442	2024/02/05 10:58:10	"GET /uv248fip248inf210/practice_sql_correction.html HTTP/1.1"
2442	2024/02/05 13:40:10	"GET /uv248fip248inf210/web_architecture_home.html HTTP/1.1"
2442	2024/02/05 13:40:12	"GET /uv248fip248inf210/images/web_architecture/prerequisite_archiweb/prerequisite_archiweb.html HTTP/1.1"
2442	2024/02/05 13:46:00	"GET /uv248fip248inf210/index.html HTTP/1.1"
2442	2024/02/05 13:46:05	"GET /uv248fip248inf210/data_home.html HTTP/1.1"
2442	2024/02/05 13:46:07	"GET /uv248fip248inf210/images/data/prerequisite_data/prerequisite_data.html HTTP/1.1"
2442	2024/02/05 14:18:32	"GET /uv248fip248inf210/activity_conceptual_modeling.html HTTP/1.1"
2442	2024/02/05 14:18:42	"GET /uv248fip248inf210/lecture_conceptual_modeling.html HTTP/1.1"
2442	2024/02/05 14:18:55	"GET /uv248fip248inf210/activity_conceptual_modeling_correction.html HTTP/1.1"
2442	2024/02/05 14:26:46	"GET /uv248fip248inf210/practice_transaction.html HTTP/1.1"
2442	2024/02/05 14:26:58	"GET /uv248fip248inf210/lecture_transaction.html HTTP/1.1"
2442	2024/02/05 14:33:24	"GET /uv248fip248inf210/activity_sql.html HTTP/1.1"
2442	2024/02/05 15:35:11	"GET /uv248fip248inf210/lecture_technical_architecture.html HTTP/1.1"
2442	2024/02/05 15:51:24	"GET /uv248fip248inf210/lecture_modeling_normalization.html HTTP/1.1"
2442	2024/01/22 13:46:29	"GET /uv248fip248inf210/data_home.html HTTP/1.1"
2442	2024/01/22 13:46:31	"GET /uv248fip248inf210/images/data/prerequisite_data/prerequisite_data.html HTTP/1.1"
2442	2024/01/22 13:50:57	"GET /uv248fip248inf210/web_architecture_home.html HTTP/1.1"
2442	2024/01/22 13:50:59	"GET /uv248fip248inf210/images/web_architecture/prerequisite_archiweb/prerequisite_archiweb.html HTTP/1.1"
2442	2024/01/22 13:51:01	"GET /uv248fip248inf210/index.html HTTP/1.1"
2442	2024/01/22 14:00:42	"GET /uv248fip248inf210/activity_sql.html HTTP/1.1"
2442	2024/01/22 14:13:02	"GET /uv248fip248inf210/technical_environment_home.html HTTP/1.1"
2442	2024/01/22 14:13:09	"GET /uv248fip248inf210/practice_postgresql.html HTTP/1.1"
2442	2024/01/22 14:28:31	"GET /uv248fip248inf210/activity_sql_correction.html HTTP/1.1"
2442	2024/01/22 14:31:42	"GET /uv248fip248inf210/activity_conceptual_modeling.html HTTP/1.1"
2442	2024/01/22 14:33:30	"GET /uv248fip248inf210/practice_jpa.html HTTP/1.1"
2442	2024/01/22 14:35:27	"GET /uv248fip248inf210/practice_sql.html HTTP/1.1"
2442	2024/01/22 15:23:26	"GET /uv248fip248inf210/practice_sql_correction.html HTTP/1.1"
2442	2024/02/19 09:45:00	"GET /uv248fip248inf210/web_architecture_home.html HTTP/1.1"
2442	2024/02/19 09:45:01	"GET /uv248fip248inf210/images/web_architecture/prerequisite_archiweb/prerequisite_archiweb.html HTTP/1.1"
2442	2024/02/19 09:45:04	"GET /uv248fip248inf210/practice_spring_2tiers_ext.html HTTP/1.1"
2442	2024/03/07 09:44:13	"GET /uv248fip248inf210/project_home.html HTTP/1.1"
2442	2024/03/07 09:44:29	"GET /uv248fip248inf210/project_specifications.html HTTP/1.1"
2442	2024/03/07 12:07:16	"GET /uv248fip248inf210/project_part4.html HTTP/1.1"
2442	2024/03/07 12:07:19	"GET /uv248fip248inf210/project_part4.html HTTP/1.1"
2442	2024/03/07 12:07:19	"GET /uv248fip248inf210/project_part4.html HTTP/1.1"
2442	2024/03/07 12:07:20	"GET /uv248fip248inf210/project_part4.html HTTP/1.1"
2442	2024/01/17 13:47:16	"GET /uv248fip248inf210/web_architecture_home.html HTTP/1.1"
2442	2024/01/17 13:47:18	"GET /uv248fip248inf210/images/web_architecture/prerequisite_archiweb/prerequisite_archiweb.html HTTP/1.1"
2442	2024/01/17 13:47:34	"GET /uv248fip248inf210/practice_xml.html HTTP/1.1"
2442	2024/01/17 13:50:24	"GET /uv248fip248inf210/lecture_json.html HTTP/1.1"
2442	2024/01/17 14:00:38	"GET /uv248fip248inf210/practice_json.html HTTP/1.1"
2442	2024/01/17 14:36:02	"GET /uv248fip248inf210/lecture_dto.html HTTP/1.1"
2442	2024/01/17 14:37:06	"GET /uv248fip248inf210/index.html HTTP/1.1"
2442	2024/01/17 14:37:11	"GET /uv248fip248inf210/data_home.html HTTP/1.1"
2442	2024/01/17 14:37:13	"GET /uv248fip248inf210/images/data/prerequisite_data/prerequisite_data.html HTTP/1.1"
2442	2024/01/17 14:44:52	"GET /uv248fip248inf210/lecture_relational_model.html HTTP/1.1"
2442	2024/01/17 14:52:06	"GET /uv248fip248inf210/lecture_db_integrity.html HTTP/1.1"
2442	2024/01/17 14:59:28	"GET /uv248fip248inf210/activity_relational_model.html HTTP/1.1"
2442	2024/01/19 09:32:28	"GET /uv248fip248inf210/web_architecture_home.html HTTP/1.1"
2442	2024/01/19 09:32:29	"GET /uv248fip248inf210/images/web_architecture/prerequisite_archiweb/prerequisite_archiweb.html HTTP/1.1"
2442	2024/01/19 09:32:43	"GET /uv248fip248inf210/data_home.html HTTP/1.1"
2442	2024/01/19 09:32:45	"GET /uv248fip248inf210/images/data/prerequisite_data/prerequisite_data.html HTTP/1.1"
2442	2024/01/19 09:32:53	"GET /uv248fip248inf210/activity_relational_model.html HTTP/1.1"
2442	2024/01/19 10:07:39	"GET /uv248fip248inf210/activity_relational_model_correction.html HTTP/1.1"
2442	2024/01/19 10:30:34	"GET /uv248fip248inf210/lecture_modeling_normalization.html HTTP/1.1"
2442	2024/01/19 10:57:12	"GET /uv248fip248inf210/lecture_conceptual_modeling.html HTTP/1.1"
2442	2024/01/19 11:06:04	"GET /uv248fip248inf210/activity_conceptual_modeling.html HTTP/1.1"
2442	2024/01/19 11:18:48	"GET /uv248fip248inf210/activity_conceptual_modeling_correction.html HTTP/1.1"
2442	2024/01/19 11:22:19	"GET /uv248fip248inf210/lecture_normalization.html HTTP/1.1"
2442	2024/01/19 11:35:15	"GET /uv248fip248inf210/index.html HTTP/1.1"
2442	2024/01/19 11:35:28	"GET /uv248fip248inf210/project_home.html HTTP/1.1"
2442	2024/01/19 11:35:51	"GET /uv248fip248inf210/project_part1.html HTTP/1.1"
2442	2024/01/19 11:37:37	"GET /uv248fip248inf210/lecture_sql.html HTTP/1.1"
2442	2024/01/19 11:53:34	"GET /uv248fip248inf210/activity_normalization.html HTTP/1.1"
2442	2024/01/19 12:01:14	"GET /uv248fip248inf210/activity_normalization_correction.html HTTP/1.1"
2442	2024/01/11 08:01:00	"GET /uv248fip248inf210/technical_environment_home.html HTTP/1.1"
2442	2024/01/11 08:01:09	"GET /uv248fip248inf210/images/technical_environment/prerequisite_techenv/prerequisite_techenv.html HTTP/1.1"
2442	2024/01/11 08:01:14	"GET /uv248fip248inf210/practice_spring.html HTTP/1.1"
2442	2024/01/11 08:25:10	"GET /uv248fip248inf210/index.html HTTP/1.1"
2442	2024/01/11 08:25:21	"GET /uv248fip248inf210/data_home.html HTTP/1.1"
2442	2024/01/11 08:25:45	"GET /uv248fip248inf210/web_architecture_home.html HTTP/1.1"
2442	2024/01/11 08:28:36	"GET /uv248fip248inf210/images/web_architecture/prerequisite_archiweb/prerequisite_archiweb.html HTTP/1.1"
2442	2024/01/11 08:29:02	"GET /uv248fip248inf210/lecture_technical_architecture.html HTTP/1.1"
2442	2024/01/11 08:43:57	"GET /uv248fip248inf210/lecture_technical_architecture.html HTTP/1.1"
2442	2024/01/11 08:44:41	"GET /uv248fip248inf210/web_architecture_home.html HTTP/1.1"
2442	2024/01/11 08:44:46	"GET /uv248fip248inf210/lecture_software_architecture.html HTTP/1.1"
2442	2024/01/11 08:47:14	"GET /uv248fip248inf210/lecture_mvc_spring.html HTTP/1.1"
2442	2024/01/11 08:56:56	"GET /uv248fip248inf210/practice_spring_2tiers.html HTTP/1.1"
2442	2024/01/11 09:03:43	"GET /uv248fip248inf210/index.html HTTP/1.1"
2442	2024/01/11 09:03:50	"GET /uv248fip248inf210/technical_environment_home.html HTTP/1.1"
2442	2024/01/11 09:03:57	"GET /uv248fip248inf210/documentation_programming.html HTTP/1.1"
2442	2024/01/11 09:04:02	"GET /uv248fip248inf210/practice_spring.html HTTP/1.1"
2442	2024/01/11 09:04:08	"GET /uv248fip248inf210/practice_docker.html HTTP/1.1"
2442	2024/01/11 09:11:21	"GET /uv248fip248inf210/practice_docker.html HTTP/1.1"
2442	2024/01/11 15:56:27	"GET /uv248fip248inf210/web_architecture_home.html HTTP/1.1"
2442	2024/01/11 15:56:29	"GET /uv248fip248inf210/images/web_architecture/prerequisite_archiweb/prerequisite_archiweb.html HTTP/1.1"
2442	2024/01/11 15:56:33	"GET /uv248fip248inf210/practice_spring_2tiers.html HTTP/1.1"
2442	2024/02/21 13:49:13	"GET /uv248fip248inf210/project_home.html HTTP/1.1"
2442	2024/02/21 13:49:26	"GET /uv248fip248inf210/project_presentation.html HTTP/1.1"
2442	2024/02/21 13:49:34	"GET /uv248fip248inf210/project_part1.html HTTP/1.1"
2442	2024/02/21 14:18:32	"GET /uv248fip248inf210/project_task_time.html HTTP/1.1"
2442	2024/02/21 14:59:57	"GET /uv248fip248inf210/project_specifications.html HTTP/1.1"
2442	2024/02/21 15:07:34	"GET /uv248fip248inf210/project_part1.html HTTP/1.1"
2442	2024/01/09 10:25:04	"GET /uv248fip248inf210/licence.html HTTP/1.1"
2442	2024/01/09 10:25:53	"GET /uv248fip248inf210/technical_environment_home.html HTTP/1.1"
2442	2024/01/09 10:54:25	"GET /uv248fip248inf210/images/technical_environment/prerequisite_techenv/prerequisite_techenv.html HTTP/1.1"
2442	2024/01/09 10:54:29	"GET /uv248fip248inf210/documentation_docker.html HTTP/1.1"
2442	2024/01/09 10:58:32	"GET /uv248fip248inf210/documentation_docker.html HTTP/1.1"
2442	2024/01/09 10:58:40	"GET /uv248fip248inf210/practice_docker.html HTTP/1.1"
2442	2024/01/09 11:31:18	"GET /uv248fip248inf210/practice_postgresql.html HTTP/1.1"
2442	2024/01/09 11:52:14	"GET /uv248fip248inf210/documentation_programming.html HTTP/1.1"
2442	2024/01/09 11:59:48	"GET /uv248fip248inf210/practice_spring.html HTTP/1.1"
2442	2024/02/26 09:32:50	"GET /uv248fip248inf210/project_home.html HTTP/1.1"
2442	2024/02/26 09:32:54	"GET /uv248fip248inf210/project_part2.html HTTP/1.1"
2442	2024/02/26 09:37:09	"GET /uv248fip248inf210/project_part1.html HTTP/1.1"
2442	2024/02/26 09:56:01	"GET /uv248fip248inf210/project_specifications.html HTTP/1.1"
2442	2024/02/26 10:20:47	"GET /uv248fip248inf210/index.html HTTP/1.1"
2442	2024/01/15 09:29:54	"GET /uv248fip248inf210/web_architecture_home.html HTTP/1.1"
2442	2024/01/15 09:29:57	"GET /uv248fip248inf210/images/web_architecture/prerequisite_archiweb/prerequisite_archiweb.html HTTP/1.1"
2442	2024/01/15 09:30:06	"GET /uv248fip248inf210/practice_jpa.html HTTP/1.1"
2442	2024/01/15 09:56:40	"GET /uv248fip248inf210/lecture_dto.html HTTP/1.1"
2442	2024/01/15 10:03:58	"GET /uv248fip248inf210/lecture_xml.html HTTP/1.1"
2442	2024/01/15 10:07:32	"GET /uv248fip248inf210/lecture_validity.html HTTP/1.1"
2442	2024/01/15 10:17:06	"GET /uv248fip248inf210/practice_xml.html HTTP/1.1"
2442	2024/02/28 09:58:02	"GET /uv248fip248inf210/project_home.html HTTP/1.1"
2442	2024/02/28 09:58:20	"GET /uv248fip248inf210/project_part2.html HTTP/1.1"
2442	2024/02/28 10:43:39	"GET /uv248fip248inf210/project_part3.html HTTP/1.1"
2442	2024/02/28 11:10:47	"GET /uv248fip248inf210/project_structureui.html HTTP/1.1"
2442	2024/01/12 14:11:42	"GET /uv248fip248inf210/technical_environment_home.html HTTP/1.1"
2442	2024/01/12 14:11:53	"GET /uv248fip248inf210/images/technical_environment/prerequisite_techenv/prerequisite_techenv.html HTTP/1.1"
2442	2024/01/12 14:11:59	"GET /uv248fip248inf210/practice_docker.html HTTP/1.1"
2442	2024/01/12 15:16:24	"GET /uv248fip248inf210/index.html HTTP/1.1"
2442	2024/01/12 15:16:30	"GET /uv248fip248inf210/web_architecture_home.html HTTP/1.1"
2442	2024/01/12 15:16:32	"GET /uv248fip248inf210/images/web_architecture/prerequisite_archiweb/prerequisite_archiweb.html HTTP/1.1"
2442	2024/01/12 15:17:30	"GET /uv248fip248inf210/practice_spring_2tiers.html HTTP/1.1"
2442	2024/01/12 15:19:43	"GET /uv248fip248inf210/lecture_jpa.html HTTP/1.1"
2442	2024/01/12 15:37:57	"GET /uv248fip248inf210/practice_jpa.html HTTP/1.1"
