2443	2024/01/26 16:52:33	"GET /uv248fip248inf210/index.html HTTP/1.1"
2443	2024/01/29 09:36:38	"GET /uv248fip248inf210/index.html HTTP/1.1"
2443	2024/01/29 09:58:47	"GET /uv248fip248inf210/project_home.html HTTP/1.1"
2443	2024/01/29 09:58:50	"GET /uv248fip248inf210/data_home.html HTTP/1.1"
2443	2024/01/29 10:13:19	"GET /uv248fip248inf210/lecture_db_tools.html HTTP/1.1"
2443	2024/01/29 11:18:42	"GET /uv248fip248inf210/index.html HTTP/1.1"
2443	2024/01/29 11:18:49	"GET /uv248fip248inf210/data_home.html HTTP/1.1"
2443	2024/01/29 11:19:02	"GET /uv248fip248inf210/web_architecture_home.html HTTP/1.1"
2443	2024/01/29 11:19:05	"GET /uv248fip248inf210/lecture_xml.html HTTP/1.1"
2443	2024/01/29 11:19:13	"GET /uv248fip248inf210/lecture_jaxb.html HTTP/1.1"
2443	2024/01/29 11:19:15	"GET /uv248fip248inf210/practice_xml.html HTTP/1.1"
2443	2024/01/29 11:19:20	"GET /uv248fip248inf210/lecture_json.html HTTP/1.1"
2443	2024/01/29 11:45:25	"GET /uv248fip248inf210/index.html HTTP/1.1"
2443	2024/01/29 11:45:34	"GET /uv248fip248inf210/project_home.html HTTP/1.1"
2443	2024/01/29 11:47:31	"GET /uv248fip248inf210/project_part1.html HTTP/1.1"
2443	2024/01/29 11:47:33	"GET /uv248fip248inf210/project_part2.html HTTP/1.1"
2443	2024/03/10 17:36:02	"GET /uv248fip248inf210/index.html HTTP/1.1"
2443	2024/03/10 20:42:38	"GET /uv248fip248inf210/index.html HTTP/1.1"
2443	2024/03/10 20:42:43	"GET /uv248fip248inf210/data_home.html HTTP/1.1"
2443	2024/03/10 20:43:06	"GET /uv248fip248inf210/lecture_normalization.html HTTP/1.1"
2443	2024/03/10 20:43:10	"GET /uv248fip248inf210/activity_normalization.html HTTP/1.1"
2443	2024/03/10 22:49:16	"GET /uv248fip248inf210/project_home.html HTTP/1.1"
2443	2024/03/10 22:50:50	"GET /uv248fip248inf210/exam_home.html HTTP/1.1"
2443	2024/03/10 22:50:56	"GET /uv248fip248inf210/controle_home.html HTTP/1.1"
2443	2024/03/10 22:51:00	"GET /uv248fip248inf210/controle_TP_home.html HTTP/1.1"
2443	2024/03/10 22:51:34	"GET /uv248fip248inf210/test_tp.html HTTP/1.1"
2443	2024/03/10 22:51:38	"GET /uv248fip248inf210/test_tp_home.html HTTP/1.1"
2443	2024/03/10 22:58:56	"GET /uv248fip248inf210/project_home.html HTTP/1.1"
2443	2024/02/13 08:13:25	"GET /uv248fip248inf210/index.html HTTP/1.1"
2443	2024/02/13 08:13:36	"GET /uv248fip248inf210/technical_environment_home.html HTTP/1.1"
2443	2024/02/13 08:13:41	"GET /uv248fip248inf210/project_home.html HTTP/1.1"
2443	2024/02/13 08:13:43	"GET /uv248fip248inf210/data_home.html HTTP/1.1"
2443	2024/02/13 08:16:20	"GET /uv248fip248inf210/lecture_db_tools.html HTTP/1.1"
2443	2024/02/13 08:16:46	"GET /uv248fip248inf210/activity_relational_model.html HTTP/1.1"
2443	2024/02/13 08:17:07	"GET /uv248fip248inf210/activity_decomposition.html HTTP/1.1"
2443	2024/02/13 08:17:19	"GET /uv248fip248inf210/activity_normalization.html HTTP/1.1"
2443	2024/02/13 08:17:30	"GET /uv248fip248inf210/lecture_normalization.html HTTP/1.1"
2443	2024/02/13 08:17:45	"GET /uv248fip248inf210/web_architecture_home.html HTTP/1.1"
2443	2024/02/13 08:17:55	"GET /uv248fip248inf210/practice_jpa.html HTTP/1.1"
2443	2024/02/13 08:17:56	"GET /uv248fip248inf210/practice_jpa_advanced.html HTTP/1.1"
2443	2024/03/11 13:53:29	"GET /uv248fip248inf210/data_home.html HTTP/1.1"
2443	2024/03/11 13:53:35	"GET /uv248fip248inf210/activity_decomposition.html HTTP/1.1"
2443	2024/03/11 13:53:42	"GET /uv248fip248inf210/activity_normalization.html HTTP/1.1"
2443	2024/03/11 13:53:51	"GET /uv248fip248inf210/activity_normalization_correction.html HTTP/1.1"
2443	2024/03/11 14:15:50	"GET /uv248fip248inf210/lecture_conceptual_modeling.html HTTP/1.1"
2443	2024/03/11 14:16:02	"GET /uv248fip248inf210/lecture_normalization.html HTTP/1.1"
2443	2024/03/04 09:34:20	"GET /uv248fip248inf210/index.html HTTP/1.1"
2443	2024/03/04 11:15:38	"GET /uv248fip248inf210/data_home.html HTTP/1.1"
2443	2024/03/04 11:15:42	"GET /uv248fip248inf210/project_home.html HTTP/1.1"
2443	2024/02/05 13:45:37	"GET /uv248fip248inf210/index.html HTTP/1.1"
2443	2024/02/05 14:24:47	"GET /uv248fip248inf210/index.html HTTP/1.1"
2443	2024/02/05 14:24:56	"GET /uv248fip248inf210/technical_environment_home.html HTTP/1.1"
2443	2024/02/05 14:33:44	"GET /uv248fip248inf210/documentation_si.html HTTP/1.1"
2443	2024/02/05 14:33:46	"GET /uv248fip248inf210/practice_postgresql.html HTTP/1.1"
2443	2024/02/05 14:33:47	"GET /uv248fip248inf210/documentation_rdbms.html HTTP/1.1"
2443	2024/02/05 14:33:54	"GET /uv248fip248inf210/data_home.html HTTP/1.1"
2443	2024/02/05 14:34:02	"GET /uv248fip248inf210/images/data/prerequisite_data/prerequisite_data.html HTTP/1.1"
2443	2024/02/05 14:34:04	"GET /uv248fip248inf210/lecture_conceptual_modeling.html HTTP/1.1"
2443	2024/02/05 15:35:57	"GET /uv248fip248inf210/index.html HTTP/1.1"
2443	2024/02/05 15:36:00	"GET /uv248fip248inf210/technical_environment_home.html HTTP/1.1"
2443	2024/02/05 15:40:04	"GET /uv248fip248inf210/documentation_programming.html HTTP/1.1"
2443	2024/02/05 15:40:10	"GET /uv248fip248inf210/inversion_of_control.html HTTP/1.1"
2443	2024/02/05 15:40:20	"GET /uv248fip248inf210/images/technical_environment/prerequisite_techenv/prerequisite_techenv.html HTTP/1.1"
2443	2024/02/05 15:40:31	"GET /uv248fip248inf210/documentation_docker.html HTTP/1.1"
2443	2024/02/05 15:40:37	"GET /uv248fip248inf210/practice_spring.html HTTP/1.1"
2443	2024/02/05 15:42:24	"GET /uv248fip248inf210/practice_docker.html HTTP/1.1"
2443	2024/01/22 13:44:03	"GET /uv248fip248inf210/index.html HTTP/1.1"
2443	2024/01/22 13:53:18	"GET /uv248fip248inf210/data_home.html HTTP/1.1"
2443	2024/01/22 13:53:22	"GET /uv248fip248inf210/lecture_transaction.html HTTP/1.1"
2443	2024/01/22 14:28:26	"GET /uv248fip248inf210/practice_transaction.html HTTP/1.1"
2443	2024/01/22 14:51:01	"GET /uv248fip248inf210/technical_environment_home.html HTTP/1.1"
2443	2024/01/22 14:51:11	"GET /uv248fip248inf210/documentation_programming.html HTTP/1.1"
2443	2024/01/22 14:51:18	"GET /uv248fip248inf210/practice_spring.html HTTP/1.1"
2443	2024/01/22 14:57:02	"GET /uv248fip248inf210/project_home.html HTTP/1.1"
2443	2024/01/22 14:57:08	"GET /uv248fip248inf210/project_presentation.html HTTP/1.1"
2443	2024/01/22 14:57:46	"GET /uv248fip248inf210/project_specifications.html HTTP/1.1"
2443	2024/01/22 15:01:07	"GET /uv248fip248inf210/project_part1.html HTTP/1.1"
2443	2024/02/19 09:37:06	"GET /uv248fip248inf210/index.html HTTP/1.1"
2443	2024/02/19 09:38:00	"GET /uv248fip248inf210/web_architecture_home.html HTTP/1.1"
2443	2024/02/19 09:40:23	"GET /uv248fip248inf210/practice_spring_2tiers_ext.html HTTP/1.1"
2443	2024/02/19 09:56:04	"GET /uv248fip248inf210/technical_environment_home.html HTTP/1.1"
2443	2024/02/19 09:56:17	"GET /uv248fip248inf210/documentation_docker.html HTTP/1.1"
2443	2024/02/19 09:56:19	"GET /uv248fip248inf210/practice_docker.html HTTP/1.1"
2443	2024/02/04 15:17:58	"GET /uv248fip248inf210/index.html HTTP/1.1"
2443	2024/02/04 15:21:02	"GET /uv248fip248inf210/data_home.html HTTP/1.1"
2443	2024/02/04 15:21:09	"GET /uv248fip248inf210/images/data/prerequisite_data/prerequisite_data.html HTTP/1.1"
2443	2024/02/04 15:21:16	"GET /uv248fip248inf210/lecture_conceptual_modeling.html HTTP/1.1"
2443	2024/02/04 15:33:46	"GET /uv248fip248inf210/activity_conceptual_modeling.html HTTP/1.1"
2443	2024/02/04 15:33:50	"GET /uv248fip248inf210/lecture_normalization.html HTTP/1.1"
2443	2024/02/04 15:50:51	"GET /uv248fip248inf210/activity_normalization.html HTTP/1.1"
2443	2024/02/04 16:13:14	"GET /uv248fip248inf210/activity_normalization_correction.html HTTP/1.1"
2443	2024/01/31 21:58:10	"GET /uv248fip248inf210/index.html HTTP/1.1"
2443	2024/01/31 21:58:16	"GET /uv248fip248inf210/index.html HTTP/1.1"
2443	2024/01/31 21:58:18	"GET /uv248fip248inf210/technical_environment_home.html HTTP/1.1"
2443	2024/02/03 11:31:34	"GET /uv248fip248inf210/technical_environment_home.html HTTP/1.1"
2443	2024/02/03 11:31:51	"GET /uv248fip248inf210/web_architecture_home.html HTTP/1.1"
2443	2024/02/03 11:31:57	"GET /uv248fip248inf210/images/web_architecture/prerequisite_archiweb/prerequisite_archiweb.html HTTP/1.1"
2443	2024/02/03 11:32:48	"GET /uv248fip248inf210/index.html HTTP/1.1"
2443	2024/01/17 09:31:48	"GET /uv248fip248inf210/index.html HTTP/1.1"
2443	2024/01/17 09:31:56	"GET /uv248fip248inf210/data_home.html HTTP/1.1"
2443	2024/01/17 09:32:13	"GET /uv248fip248inf210/images/data/prerequisite_data/prerequisite_data.html HTTP/1.1"
2443	2024/01/17 09:32:41	"GET /uv248fip248inf210/lecture_conceptual_modeling.html HTTP/1.1"
2443	2024/01/17 09:32:49	"GET /uv248fip248inf210/lecture_normalization.html HTTP/1.1"
2443	2024/01/17 09:46:43	"GET /uv248fip248inf210/lecture_conceptual_modeling.html HTTP/1.1"
2443	2024/01/17 09:47:44	"GET /uv248fip248inf210/activity_conceptual_modeling.html HTTP/1.1"
2443	2024/01/17 09:52:57	"GET /uv248fip248inf210/activity_conceptual_modeling_correction.html HTTP/1.1"
2443	2024/01/17 09:53:34	"GET /uv248fip248inf210/lecture_normalization.html HTTP/1.1"
2443	2024/01/17 09:54:20	"GET /uv248fip248inf210/lecture_relation_model.html HTTP/1.1"
2443	2024/01/17 09:57:11	"GET /uv248fip248inf210/activity_normalization.html HTTP/1.1"
2443	2024/01/17 09:57:28	"GET /uv248fip248inf210/activity_normalization_correction.html HTTP/1.1"
2443	2024/01/17 09:57:34	"GET /uv248fip248inf210/activity_normalization.html HTTP/1.1"
2443	2024/01/17 09:58:27	"GET /uv248fip248inf210/activity_decomposition.html HTTP/1.1"
2443	2024/01/17 10:01:31	"GET /uv248fip248inf210/activity_normalization_correction.html HTTP/1.1"
2443	2024/01/17 11:46:02	"GET /uv248fip248inf210/activity_normalization.html HTTP/1.1"
2443	2024/01/17 11:46:04	"GET /uv248fip248inf210/activity_decomposition.html HTTP/1.1"
2443	2024/02/23 13:12:43	"GET /uv248fip248inf210/project_home.html HTTP/1.1"
2443	2024/01/19 09:38:08	"GET /uv248fip248inf210/index.html HTTP/1.1"
2443	2024/01/19 09:38:31	"GET /uv248fip248inf210/technical_environment_home.html HTTP/1.1"
2443	2024/01/19 09:38:37	"GET /uv248fip248inf210/data_home.html HTTP/1.1"
2443	2024/01/11 08:21:27	"GET /uv248fip248inf210/technical_environment_home.html HTTP/1.1"
2443	2024/01/11 08:32:22	"GET /uv248fip248inf210/index.html HTTP/1.1"
2443	2024/01/11 08:32:27	"GET /uv248fip248inf210/technical_environment_home.html HTTP/1.1"
2443	2024/01/11 08:57:05	"GET /uv248fip248inf210/index.html HTTP/1.1"
2443	2024/01/11 08:57:14	"GET /uv248fip248inf210/web_architecture_home.html HTTP/1.1"
2443	2024/01/11 08:57:47	"GET /uv248fip248inf210/lecture_technical_architecture.html HTTP/1.1"
2443	2024/01/11 08:58:17	"GET /uv248fip248inf210/lecture_software_architecture.html HTTP/1.1"
2443	2024/01/11 08:58:34	"GET /uv248fip248inf210/lecture_mvc_spring.html HTTP/1.1"
2443	2024/01/11 09:06:21	"GET /uv248fip248inf210/technical_environment_home.html HTTP/1.1"
2443	2024/01/11 09:06:27	"GET /uv248fip248inf210/practice_docker.html HTTP/1.1"
2443	2024/01/11 10:19:26	"GET /uv248fip248inf210/index.html HTTP/1.1"
2443	2024/01/11 10:19:30	"GET /uv248fip248inf210/project_home.html HTTP/1.1"
2443	2024/01/11 10:31:01	"GET /uv248fip248inf210/project_presentation.html HTTP/1.1"
2443	2024/01/11 10:31:27	"GET /uv248fip248inf210/project_specifications.html HTTP/1.1"
2443	2024/01/11 10:31:30	"GET /uv248fip248inf210/project_evaluation.html HTTP/1.1"
2443	2024/01/11 14:22:42	"GET /uv248fip248inf210/index.html HTTP/1.1"
2443	2024/01/11 15:36:08	"GET /uv248fip248inf210/index.html HTTP/1.1"
2443	2024/01/11 15:36:18	"GET /uv248fip248inf210/technical_environment_home.html HTTP/1.1"
2443	2024/01/11 15:36:22	"GET /uv248fip248inf210/practice_docker.html HTTP/1.1"
2443	2024/01/11 15:49:32	"GET /uv248fip248inf210/web_architecture_home.html HTTP/1.1"
2443	2024/01/11 15:49:41	"GET /uv248fip248inf210/data_home.html HTTP/1.1"
2443	2024/01/11 15:50:08	"GET /uv248fip248inf210/lecture_relational_model.html HTTP/1.1"
2443	2024/01/11 15:50:17	"GET /uv248fip248inf210/lecture_transaction.html HTTP/1.1"
2443	2024/01/11 15:50:39	"GET /uv248fip248inf210/lecture_isolation.html HTTP/1.1"
2443	2024/01/11 15:51:33	"GET /uv248fip248inf210/lecture_mvc_spring.html HTTP/1.1"
2443	2024/01/11 15:52:05	"GET /uv248fip248inf210/lecture_jpa.html HTTP/1.1"
2443	2024/01/11 15:52:18	"GET /uv248fip248inf210/practice_jpa.html HTTP/1.1"
2443	2024/01/11 16:00:33	"GET /uv248fip248inf210/practice_spring.html HTTP/1.1"
2443	2024/01/11 16:12:04	"GET /uv248fip248inf210/practice_spring_2tiers.html HTTP/1.1"
2443	2024/02/21 13:49:14	"GET /uv248fip248inf210/index.html HTTP/1.1"
2443	2024/02/21 13:49:20	"GET /uv248fip248inf210/project_home.html HTTP/1.1"
2443	2024/02/21 13:50:23	"GET /uv248fip248inf210/project_part1.html HTTP/1.1"
2443	2024/02/21 14:12:22	"GET /uv248fip248inf210/technical_environment_home.html HTTP/1.1"
2443	2024/02/21 14:12:36	"GET /uv248fip248inf210/documentation_docker.html HTTP/1.1"
2443	2024/02/21 14:12:44	"GET /uv248fip248inf210/practice_docker.html HTTP/1.1"
2443	2024/02/21 14:24:42	"GET /uv248fip248inf210/project_home.html HTTP/1.1"
2443	2024/02/21 14:24:57	"GET /uv248fip248inf210/project_home.html HTTP/1.1"
2443	2024/02/21 14:25:59	"GET /uv248fip248inf210/project_home.html HTTP/1.1"
2443	2024/02/21 14:29:29	"GET /uv248fip248inf210/project_home.html HTTP/1.1"
2443	2024/02/21 14:29:36	"GET /uv248fip248inf210/project_part1.html HTTP/1.1"
2443	2024/02/21 16:20:16	"GET /uv248fip248inf210/project_home.html HTTP/1.1"
2443	2024/02/21 16:20:25	"GET /uv248fip248inf210/project_specifications.html HTTP/1.1"
2443	2024/02/21 16:28:29	"GET /uv248fip248inf210/project_part1.html HTTP/1.1"
2443	2024/01/09 10:24:50	"GET /uv248fip248inf210/index.html HTTP/1.1"
2443	2024/01/09 10:25:03	"GET /uv248fip248inf210/technical_environment_home.html HTTP/1.1"
2443	2024/01/09 10:30:53	"GET /uv248fip248inf210/documentation_docker.html HTTP/1.1"
2443	2024/01/09 10:31:07	"GET /uv248fip248inf210/practice_docker.html HTTP/1.1"
2443	2024/01/09 10:31:20	"GET /uv248fip248inf210/practice_docker_advanced.html HTTP/1.1"
2443	2024/01/09 10:31:33	"GET /uv248fip248inf210/documentation_si.html HTTP/1.1"
2443	2024/01/09 10:31:43	"GET /uv248fip248inf210/documentation_rdbms.html HTTP/1.1"
2443	2024/01/09 10:31:50	"GET /uv248fip248inf210/practice_postgresql.html HTTP/1.1"
2443	2024/01/09 10:32:06	"GET /uv248fip248inf210/documentation_programming.html HTTP/1.1"
2443	2024/01/09 10:32:10	"GET /uv248fip248inf210/inversion_of_control.html HTTP/1.1"
2443	2024/01/09 10:32:51	"GET /uv248fip248inf210/spring_bean.html HTTP/1.1"
2443	2024/01/09 10:33:08	"GET /uv248fip248inf210/practice_spring.html HTTP/1.1"
2443	2024/01/09 10:33:08	"GET /uv248fip248inf210/practice_spring.html HTTP/1.1"
2443	2024/01/09 10:35:04	"GET /uv248fip248inf210/web_architecture_home.html HTTP/1.1"
2443	2024/01/09 10:35:27	"GET /uv248fip248inf210/data_home.html HTTP/1.1"
2443	2024/01/09 10:35:32	"GET /uv248fip248inf210/project_home.html HTTP/1.1"
2443	2024/01/09 11:58:50	"GET /uv248fip248inf210/lecture_mvc_spring.html HTTP/1.1"
2443	2024/01/09 11:59:02	"GET /uv248fip248inf210/lecture_transaction.html HTTP/1.1"
2443	2024/02/26 09:31:09	"GET /uv248fip248inf210/index.html HTTP/1.1"
2443	2024/02/26 09:32:59	"GET /uv248fip248inf210/project_home.html HTTP/1.1"
2443	2024/02/26 09:34:22	"GET /uv248fip248inf210/web_architecture_home.html HTTP/1.1"
2443	2024/02/26 09:34:25	"GET /uv248fip248inf210/lecture_software_architecture.html HTTP/1.1"
2443	2024/02/26 09:34:31	"GET /uv248fip248inf210/practice_spring_2tiers_ext.html HTTP/1.1"
2443	2024/02/26 09:34:36	"GET /uv248fip248inf210/technical_environment_home.html HTTP/1.1"
2443	2024/02/26 09:34:39	"GET /uv248fip248inf210/practice_docker_advanced.html HTTP/1.1"
2443	2024/02/26 09:34:39	"GET /uv248fip248inf210/practice_docker.html HTTP/1.1"
2443	2024/02/26 09:36:51	"GET /uv248fip248inf210/project_home.html HTTP/1.1"
2443	2024/02/26 09:38:45	"GET /uv248fip248inf210/project_task_time.html HTTP/1.1"
2443	2024/02/26 09:40:29	"GET /uv248fip248inf210/project_home.html HTTP/1.1"
2443	2024/02/26 09:40:40	"GET /uv248fip248inf210/lecture_mvc_spring.html HTTP/1.1"
2443	2024/02/26 09:50:10	"GET /uv248fip248inf210/project_home.html HTTP/1.1"
2443	2024/02/26 09:50:13	"GET /uv248fip248inf210/project_part2.html HTTP/1.1"
2443	2024/02/26 10:14:00	"GET /uv248fip248inf210/project_part3.html HTTP/1.1"
2443	2024/02/28 14:32:48	"GET /uv248fip248inf210/index.html HTTP/1.1"
2443	2024/02/28 14:32:52	"GET /uv248fip248inf210/data_home.html HTTP/1.1"
2443	2024/02/28 14:32:56	"GET /uv248fip248inf210/project_home.html HTTP/1.1"
2443	2024/02/28 14:33:02	"GET /uv248fip248inf210/project_evaluation.html HTTP/1.1"
2443	2024/02/28 14:33:11	"GET /uv248fip248inf210/project_specifications.html HTTP/1.1"
2443	2024/02/28 14:33:12	"GET /uv248fip248inf210/project_task_time.html HTTP/1.1"
2443	2024/01/12 14:11:56	"GET /uv248fip248inf210/index.html HTTP/1.1"
2443	2024/01/12 14:13:24	"GET /uv248fip248inf210/data_home.html HTTP/1.1"
2443	2024/01/12 14:13:26	"GET /uv248fip248inf210/web_architecture_home.html HTTP/1.1"
2443	2024/01/12 14:13:33	"GET /uv248fip248inf210/practice_spring_2tiers.html HTTP/1.1"
2443	2024/02/20 10:38:27	"GET /uv248fip248inf210/project_specifications.html HTTP/1.1"
