2444	2024/01/29 09:41:04	"GET /uv248fip248inf210/data_home.html HTTP/1.1"
2444	2024/01/29 09:41:12	"GET /uv248fip248inf210/practice_sql.html HTTP/1.1"
2444	2024/01/29 09:41:28	"GET /uv248fip248inf210/lecture_transaction.html HTTP/1.1"
2444	2024/01/29 09:56:29	"GET /uv248fip248inf210/practice_transaction.html HTTP/1.1"
2444	2024/01/29 10:03:05	"GET /uv248fip248inf210/practice_transaction_correction.html HTTP/1.1"
2444	2024/01/29 10:22:54	"GET /uv248fip248inf210/data_home.html HTTP/1.1"
2444	2024/01/29 10:37:56	"GET /uv248fip248inf210/web_architecture_home.html HTTP/1.1"
2444	2024/01/29 10:38:04	"GET /uv248fip248inf210/lecture_technical_architecture.html HTTP/1.1"
2444	2024/03/10 22:26:49	"GET /uv248fip248inf210/technical_environment_home.html HTTP/1.1"
2444	2024/03/10 22:28:03	"GET /uv248fip248inf210/project_home.html HTTP/1.1"
2444	2024/03/10 22:28:04	"GET /uv248fip248inf210/project_evaluation.html HTTP/1.1"
2444	2024/03/10 22:28:06	"GET /uv248fip248inf210/project_part1.html HTTP/1.1"
2444	2024/02/13 08:15:54	"GET /uv248fip248inf210/index.html HTTP/1.1"
2444	2024/02/13 08:16:08	"GET /uv248fip248inf210/data_home.html HTTP/1.1"
2444	2024/02/13 08:16:17	"GET /uv248fip248inf210/web_architecture_home.html HTTP/1.1"
2444	2024/02/13 08:19:01	"GET /uv248fip248inf210/lecture_mvc_spring.html HTTP/1.1"
2444	2024/02/13 08:20:43	"GET /uv248fip248inf210/lecture_technical_architecture.html HTTP/1.1"
2444	2024/02/13 08:20:48	"GET /uv248fip248inf210/lecture_software_architecture.html HTTP/1.1"
2444	2024/02/13 09:01:16	"GET /uv248fip248inf210/practice_jpa.html HTTP/1.1"
2444	2024/02/13 09:42:21	"GET /uv248fip248inf210/lecture_jpa.html HTTP/1.1"
2444	2024/02/06 13:54:42	"GET /uv248fip248inf210/web_architecture_home.html HTTP/1.1"
2444	2024/02/06 14:35:18	"GET /uv248fip248inf210/lecture_technical_architecture.html HTTP/1.1"
2444	2024/03/11 13:16:22	"GET /uv248fip248inf210/lecture_normalization.html HTTP/1.1"
2444	2024/03/04 09:37:27	"GET /uv248fip248inf210/index.html HTTP/1.1"
2444	2024/03/04 09:37:36	"GET /uv248fip248inf210/project_home.html HTTP/1.1"
2444	2024/03/04 09:37:39	"GET /uv248fip248inf210/project_part3.html HTTP/1.1"
2444	2024/03/04 09:38:23	"GET /uv248fip248inf210/project_evaluation.html HTTP/1.1"
2444	2024/03/04 09:56:42	"GET /uv248fip248inf210/project_structureui.html HTTP/1.1"
2444	2024/03/04 09:57:39	"GET /uv248fip248inf210/project_specifications.html HTTP/1.1"
2444	2024/03/06 09:36:55	"GET /uv248fip248inf210/index.html HTTP/1.1"
2444	2024/03/06 09:37:18	"GET /uv248fip248inf210/project_home.html HTTP/1.1"
2444	2024/03/06 09:37:21	"GET /uv248fip248inf210/project_part4.html HTTP/1.1"
2444	2024/03/06 09:37:29	"GET /uv248fip248inf210/project_part3.html HTTP/1.1"
2444	2024/03/06 09:42:29	"GET /uv248fip248inf210/technical_environment_home.html HTTP/1.1"
2444	2024/03/06 09:42:39	"GET /uv248fip248inf210/data_home.html HTTP/1.1"
2444	2024/03/06 09:42:46	"GET /uv248fip248inf210/project_specifications.html HTTP/1.1"
2444	2024/03/06 10:21:06	"GET /uv248fip248inf210/project_structureui.html HTTP/1.1"
2444	2024/03/06 13:57:21	"GET /uv248fip248inf210/web_architecture_home.html HTTP/1.1"
2444	2024/03/06 13:57:28	"GET /uv248fip248inf210/lecture_jpa.html HTTP/1.1"
2444	2024/03/06 13:57:34	"GET /uv248fip248inf210/practice_jpa.html HTTP/1.1"
2444	2024/03/06 14:06:36	"GET /uv248fip248inf210/index.html HTTP/1.1"
2444	2024/03/06 14:06:40	"GET /uv248fip248inf210/data_home.html HTTP/1.1"
2444	2024/03/06 14:06:43	"GET /uv248fip248inf210/project_home.html HTTP/1.1"
2444	2024/03/06 14:06:46	"GET /uv248fip248inf210/project_specifications.html HTTP/1.1"
2444	2024/03/06 14:09:58	"GET /uv248fip248inf210/project_part3.html HTTP/1.1"
2444	2024/03/06 14:10:00	"GET /uv248fip248inf210/technical_environment_home.html HTTP/1.1"
2444	2024/03/06 14:35:06	"GET /uv248fip248inf210/practice_docker.html HTTP/1.1"
2444	2024/03/06 14:35:18	"GET /uv248fip248inf210/documentation_programming.html HTTP/1.1"
2444	2024/03/06 14:35:32	"GET /uv248fip248inf210/practice_spring.html HTTP/1.1"
2444	2024/03/06 18:12:44	"GET /uv248fip248inf210/practice_spring_2tiers.html HTTP/1.1"
2444	2024/03/06 18:13:14	"GET /uv248fip248inf210/lecture_mvc_spring.html HTTP/1.1"
2444	2024/03/06 18:19:06	"GET /uv248fip248inf210/practice_jpa_advanced.html HTTP/1.1"
2444	2024/01/22 14:11:32	"GET /uv248fip248inf210/data_home.html HTTP/1.1"
2444	2024/01/22 14:11:38	"GET /uv248fip248inf210/activity_sql.html HTTP/1.1"
2444	2024/01/22 14:15:10	"GET /uv248fip248inf210/practice_sql.html HTTP/1.1"
2444	2024/01/22 14:15:13	"GET /uv248fip248inf210/index.html HTTP/1.1"
2444	2024/01/22 14:15:18	"GET /uv248fip248inf210/images/data/prerequisite_data/prerequisite_data.html HTTP/1.1"
2444	2024/01/22 14:27:38	"GET /uv248fip248inf210/lecture_normalization.html HTTP/1.1"
2444	2024/01/22 14:54:48	"GET /uv248fip248inf210/activity_sql_correction.html HTTP/1.1"
2444	2024/01/22 15:45:50	"GET /uv248fip248inf210/practice_sql_correction.html HTTP/1.1"
2444	2024/01/22 16:24:53	"GET /uv248fip248inf210/lecture_transaction.html HTTP/1.1"
2444	2024/02/19 09:44:50	"GET /uv248fip248inf210/index.html HTTP/1.1"
2444	2024/02/19 09:54:19	"GET /uv248fip248inf210/web_architecture_home.html HTTP/1.1"
2444	2024/02/19 09:54:31	"GET /uv248fip248inf210/lecture_jpa.html HTTP/1.1"
2444	2024/02/19 09:54:35	"GET /uv248fip248inf210/lecture_mvc_spring.html HTTP/1.1"
2444	2024/02/19 11:59:38	"GET /uv248fip248inf210/practice_jpa.html HTTP/1.1"
2444	2024/02/19 12:09:35	"GET /uv248fip248inf210/lecture_technical_architecture.html HTTP/1.1"
2444	2024/02/19 12:09:45	"GET /uv248fip248inf210/lecture_software_architecture.html HTTP/1.1"
2444	2024/02/19 12:09:56	"GET /uv248fip248inf210/technical_environment_home.html HTTP/1.1"
2444	2024/02/04 22:30:30	"GET /uv248fip248inf210/technical_environment_home.html HTTP/1.1"
2444	2024/01/17 09:43:48	"GET /uv248fip248inf210/data_home.html HTTP/1.1"
2444	2024/01/17 09:59:34	"GET /uv248fip248inf210/activity_normalization.html HTTP/1.1"
2444	2024/01/17 10:09:07	"GET /uv248fip248inf210/activity_decomposition.html HTTP/1.1"
2444	2024/01/17 10:10:25	"GET /uv248fip248inf210/activity_normalization.html HTTP/1.1"
2444	2024/01/17 10:17:06	"GET /uv248fip248inf210/activity_sql.html HTTP/1.1"
2444	2024/01/17 10:19:49	"GET /uv248fip248inf210/activity_decomposition.html HTTP/1.1"
2444	2024/01/17 10:19:58	"GET /uv248fip248inf210/activity_sql.html HTTP/1.1"
2444	2024/01/19 10:03:06	"GET /uv248fip248inf210/data_home.html HTTP/1.1"
2444	2024/01/19 10:03:16	"GET /uv248fip248inf210/activity_sql.html HTTP/1.1"
2444	2024/01/19 10:04:46	"GET /uv248fip248inf210/lecture_relation_model.html HTTP/1.1"
2444	2024/01/19 10:23:14	"GET /uv248fip248inf210/activity_sql_correction.html HTTP/1.1"
2444	2024/01/19 10:33:13	"GET /uv248fip248inf210/practice_sql.html HTTP/1.1"
2444	2024/01/19 11:20:02	"GET /uv248fip248inf210/web_architecture_home.html HTTP/1.1"
2444	2024/01/19 11:20:05	"GET /uv248fip248inf210/data_home.html HTTP/1.1"
2444	2024/01/19 11:20:07	"GET /uv248fip248inf210/practice_sql.html HTTP/1.1"
2444	2024/01/19 11:33:59	"GET /uv248fip248inf210/technical_environment_home.html HTTP/1.1"
2444	2024/01/19 11:34:02	"GET /uv248fip248inf210/practice_docker.html HTTP/1.1"
2444	2024/01/19 11:38:18	"GET /uv248fip248inf210/practice_postgresql.html HTTP/1.1"
2444	2024/01/11 08:07:38	"GET /uv248fip248inf210/technical_environment_home.html HTTP/1.1"
2444	2024/01/11 08:07:53	"GET /uv248fip248inf210/practice_spring.html HTTP/1.1"
2444	2024/01/11 08:28:33	"GET /uv248fip248inf210/technical_environment_home.html HTTP/1.1"
2444	2024/01/11 08:29:27	"GET /uv248fip248inf210/documentation_docker.html HTTP/1.1"
2444	2024/01/11 08:32:14	"GET /uv248fip248inf210/practice_docker.html HTTP/1.1"
2444	2024/01/11 08:34:17	"GET /uv248fip248inf210/documentation_si.html HTTP/1.1"
2444	2024/01/11 08:36:04	"GET /uv248fip248inf210/documentation_rdbms.html HTTP/1.1"
2444	2024/01/11 08:37:43	"GET /uv248fip248inf210/documentation_programming.html HTTP/1.1"
2444	2024/01/11 08:39:41	"GET /uv248fip248inf210/inversion_of_control.html HTTP/1.1"
2444	2024/01/11 08:43:16	"GET /uv248fip248inf210/spring_bean.html HTTP/1.1"
2444	2024/01/11 08:45:05	"GET /uv248fip248inf210/practice_spring.html HTTP/1.1"
2444	2024/01/11 08:50:20	"GET /uv248fip248inf210/practice_postgresql.html HTTP/1.1"
2444	2024/01/11 10:39:15	"GET /uv248fip248inf210/technical_environment_home.html HTTP/1.1"
2444	2024/01/11 15:20:48	"GET /uv248fip248inf210/web_architecture_home.html HTTP/1.1"
2444	2024/01/11 15:20:58	"GET /uv248fip248inf210/technical_environment_home.html HTTP/1.1"
2444	2024/01/11 15:21:04	"GET /uv248fip248inf210/data_home.html HTTP/1.1"
2444	2024/01/11 15:38:40	"GET /uv248fip248inf210/lecture_relational_model.html HTTP/1.1"
2444	2024/01/11 15:49:31	"GET /uv248fip248inf210/lecture_db_integrity.html HTTP/1.1"
2444	2024/01/11 15:57:57	"GET /uv248fip248inf210/lecture_relational_algebra.html HTTP/1.1"
2444	2024/01/11 15:58:27	"GET /uv248fip248inf210/activity_relational_model.html HTTP/1.1"
2444	2024/02/21 13:48:39	"GET /uv248fip248inf210/index.html HTTP/1.1"
2444	2024/02/21 13:50:28	"GET /uv248fip248inf210/project_home.html HTTP/1.1"
2444	2024/02/21 13:52:12	"GET /uv248fip248inf210/project_presentation.html HTTP/1.1"
2444	2024/02/21 13:53:27	"GET /uv248fip248inf210/project_specifications.html HTTP/1.1"
2444	2024/02/21 13:53:29	"GET /uv248fip248inf210/project_evaluation.html HTTP/1.1"
2444	2024/02/21 13:54:49	"GET /uv248fip248inf210/project_task_time.html HTTP/1.1"
2444	2024/02/21 13:55:29	"GET /uv248fip248inf210/project_part1.html HTTP/1.1"
2444	2024/02/21 14:08:36	"GET /uv248fip248inf210/project_task_time.html HTTP/1.1"
2444	2024/02/21 14:11:57	"GET /uv248fip248inf210/project_part1.html HTTP/1.1"
2444	2024/02/21 14:49:48	"GET /uv248fip248inf210/project_part1.html HTTP/1.1"
2444	2024/02/21 14:53:32	"GET /uv248fip248inf210/project_part2.html HTTP/1.1"
2444	2024/02/21 14:53:38	"GET /uv248fip248inf210/project_part3.html HTTP/1.1"
2444	2024/02/21 14:53:43	"GET /uv248fip248inf210/project_part1.html HTTP/1.1"
2444	2024/02/21 14:53:47	"GET /uv248fip248inf210/project_part2.html HTTP/1.1"
2444	2024/02/21 14:55:16	"GET /uv248fip248inf210/project_evaluation.html HTTP/1.1"
2444	2024/01/09 10:34:24	"GET /uv248fip248inf210/technical_environment_home.html HTTP/1.1"
2444	2024/01/09 10:51:03	"GET /uv248fip248inf210/documentation_docker.html HTTP/1.1"
2444	2024/01/09 10:57:41	"GET /uv248fip248inf210/practice_docker.html HTTP/1.1"
2444	2024/01/09 10:57:50	"GET /uv248fip248inf210/practice_docker.html HTTP/1.1"
2444	2024/01/09 11:06:29	"GET /uv248fip248inf210/practice_postgresql.html HTTP/1.1"
2444	2024/01/09 11:09:15	"GET /uv248fip248inf210/documentation_programming.html HTTP/1.1"
2444	2024/01/09 11:19:26	"GET /uv248fip248inf210/practice_spring.html HTTP/1.1"
2444	2024/02/26 09:36:32	"GET /uv248fip248inf210/index.html HTTP/1.1"
2444	2024/02/26 09:36:46	"GET /uv248fip248inf210/project_home.html HTTP/1.1"
2444	2024/02/26 09:36:48	"GET /uv248fip248inf210/project_part2.html HTTP/1.1"
2444	2024/02/26 10:07:57	"GET /uv248fip248inf210/project_evaluation.html HTTP/1.1"
2444	2024/02/26 10:13:39	"GET /uv248fip248inf210/project_part2.html HTTP/1.1"
2444	2024/02/26 11:20:45	"GET /uv248fip248inf210/project_evaluation.html HTTP/1.1"
2444	2024/02/26 11:40:50	"GET /uv248fip248inf210/project_part2.html HTTP/1.1"
2444	2024/02/26 12:01:33	"GET /uv248fip248inf210/project_evaluation.html HTTP/1.1"
2444	2024/01/15 09:55:34	"GET /uv248fip248inf210/web_architecture_home.html HTTP/1.1"
2444	2024/01/15 09:55:38	"GET /uv248fip248inf210/data_home.html HTTP/1.1"
2444	2024/01/15 09:55:47	"GET /uv248fip248inf210/lecture_modeling_normalization.html HTTP/1.1"
2444	2024/01/15 09:56:44	"GET /uv248fip248inf210/lecture_conceptual_modeling.html HTTP/1.1"
2444	2024/01/15 10:00:43	"GET /uv248fip248inf210/lecture_normalization.html HTTP/1.1"
2444	2024/01/15 10:25:11	"GET /uv248fip248inf210/activity_conceptual_modeling.html HTTP/1.1"
2444	2024/01/15 10:34:31	"GET /uv248fip248inf210/activity_conceptual_modeling_correction.html HTTP/1.1"
2444	2024/01/15 12:01:36	"GET /uv248fip248inf210/activity_conceptual_modeling.html HTTP/1.1"
2444	2024/01/15 12:01:40	"GET /uv248fip248inf210/activity_normalization.html HTTP/1.1"
2444	2024/02/28 09:50:48	"GET /uv248fip248inf210/index.html HTTP/1.1"
2444	2024/02/28 09:54:45	"GET /uv248fip248inf210/project_home.html HTTP/1.1"
2444	2024/02/28 09:56:32	"GET /uv248fip248inf210/project_part2.html HTTP/1.1"
2444	2024/02/28 10:14:27	"GET /uv248fip248inf210/project_part3.html HTTP/1.1"
2444	2024/02/28 16:00:02	"GET /uv248fip248inf210/index.html HTTP/1.1"
2444	2024/02/28 16:00:12	"GET /uv248fip248inf210/technical_environment_home.html HTTP/1.1"
2444	2024/02/28 16:00:17	"GET /uv248fip248inf210/project_home.html HTTP/1.1"
2444	2024/02/28 16:00:18	"GET /uv248fip248inf210/project_evaluation.html HTTP/1.1"
2444	2024/01/12 14:20:56	"GET /uv248fip248inf210/data_home.html HTTP/1.1"
2444	2024/01/12 14:21:03	"GET /uv248fip248inf210/activity_relational_model.html HTTP/1.1"
2444	2024/01/12 14:33:09	"GET /uv248fip248inf210/lecture_modeling_normalization.html HTTP/1.1"
2444	2024/01/12 14:55:24	"GET /uv248fip248inf210/lecture_conceptual_modeling.html HTTP/1.1"
2444	2024/01/12 16:11:57	"GET /uv248fip248inf210/lecture_normalization.html HTTP/1.1"
2444	2024/02/20 09:42:23	"GET /uv248fip248inf210/technical_environment_home.html HTTP/1.1"
