2445	2024/01/29 09:46:08	"GET /uv248fip248inf210/web_architecture_home.html HTTP/1.1"
2445	2024/01/29 09:46:12	"GET /uv248fip248inf210/practice_jpa.html HTTP/1.1"
2445	2024/01/29 09:46:16	"GET /uv248fip248inf210/practice_spring_2tiers.html HTTP/1.1"
2445	2024/01/29 11:25:20	"GET /uv248fip248inf210/lecture_dto.html HTTP/1.1"
2445	2024/01/29 11:26:24	"GET /uv248fip248inf210/lecture_xml.html HTTP/1.1"
2445	2024/01/29 12:02:45	"GET /uv248fip248inf210/practice_xml.html HTTP/1.1"
2445	2024/03/05 15:52:39	"GET /uv248fip248inf210/web_architecture_home.html HTTP/1.1"
2445	2024/03/05 15:53:07	"GET /uv248fip248inf210/data_home.html HTTP/1.1"
2445	2024/03/05 15:53:36	"GET /uv248fip248inf210/images/web_architecture/prerequisite_archiweb/prerequisite_archiweb.html HTTP/1.1"
2445	2024/03/05 15:53:40	"GET /uv248fip248inf210/practice_spring_2tiers.html HTTP/1.1"
2445	2024/03/05 16:00:36	"GET /uv248fip248inf210/practice_jpa.html HTTP/1.1"
2445	2024/03/05 16:28:29	"GET /uv248fip248inf210/web_architecture_home.html HTTP/1.1"
2445	2024/03/05 16:28:32	"GET /uv248fip248inf210/practice_spring_2tiers.html HTTP/1.1"
2445	2024/03/05 19:49:28	"GET /uv248fip248inf210/web_architecture_home.html HTTP/1.1"
2445	2024/03/05 19:49:31	"GET /uv248fip248inf210/practice_spring_2tiers.html HTTP/1.1"
2445	2024/02/13 08:17:42	"GET /uv248fip248inf210/data_home.html HTTP/1.1"
2445	2024/02/13 08:17:45	"GET /uv248fip248inf210/index.html HTTP/1.1"
2445	2024/02/13 08:17:49	"GET /uv248fip248inf210/web_architecture_home.html HTTP/1.1"
2445	2024/02/13 08:17:52	"GET /uv248fip248inf210/practice_jpa.html HTTP/1.1"
2445	2024/02/06 16:13:10	"GET /uv248fip248inf210/web_architecture_home.html HTTP/1.1"
2445	2024/02/06 16:16:09	"GET /uv248fip248inf210/index.html HTTP/1.1"
2445	2024/03/11 09:33:44	"GET /uv248fip248inf210/data_home.html HTTP/1.1"
2445	2024/03/11 09:34:04	"GET /uv248fip248inf210/activity_normalization.html HTTP/1.1"
2445	2024/03/11 09:34:12	"GET /uv248fip248inf210/activity_decomposition.html HTTP/1.1"
2445	2024/03/11 09:37:02	"GET /uv248fip248inf210/lecture_normalization.html HTTP/1.1"
2445	2024/03/04 09:44:22	"GET /uv248fip248inf210/project_home.html HTTP/1.1"
2445	2024/03/04 09:44:26	"GET /uv248fip248inf210/project_part3.html HTTP/1.1"
2445	2024/03/09 13:36:41	"GET /uv248fip248inf210/project_home.html HTTP/1.1"
2445	2024/03/09 13:36:44	"GET /uv248fip248inf210/project_part1.html HTTP/1.1"
2445	2024/03/09 13:39:06	"GET /uv248fip248inf210/project_home.html HTTP/1.1"
2445	2024/03/09 13:39:10	"GET /uv248fip248inf210/project_part1.html HTTP/1.1"
2445	2024/03/06 09:42:28	"GET /uv248fip248inf210/web_architecture_home.html HTTP/1.1"
2445	2024/03/06 09:42:31	"GET /uv248fip248inf210/practice_spring_2tiers.html HTTP/1.1"
2445	2024/03/06 13:48:52	"GET /uv248fip248inf210/index.html HTTP/1.1"
2445	2024/03/06 13:48:55	"GET /uv248fip248inf210/project_home.html HTTP/1.1"
2445	2024/03/06 18:11:38	"GET /uv248fip248inf210/web_architecture_home.html HTTP/1.1"
2445	2024/01/22 13:54:09	"GET /uv248fip248inf210/web_architecture_home.html HTTP/1.1"
2445	2024/01/22 13:54:29	"GET /uv248fip248inf210/practice_jpa.html HTTP/1.1"
2445	2024/02/04 13:59:47	"GET /uv248fip248inf210/data_home.html HTTP/1.1"
2445	2024/02/04 14:00:01	"GET /uv248fip248inf210/lecture_normalization.html HTTP/1.1"
2445	2024/02/04 14:16:22	"GET /uv248fip248inf210/index.html HTTP/1.1"
2445	2024/02/04 14:16:25	"GET /uv248fip248inf210/web_architecture_home.html HTTP/1.1"
2445	2024/02/04 14:16:33	"GET /uv248fip248inf210/lecture_json.html HTTP/1.1"
2445	2024/02/04 14:16:41	"GET /uv248fip248inf210/practice_json.html HTTP/1.1"
2445	2024/02/04 14:16:51	"GET /uv248fip248inf210/practice_spring_2tiers.html HTTP/1.1"
2445	2024/03/07 11:12:48	"GET /uv248fip248inf210/web_architecture_home.html HTTP/1.1"
2445	2024/03/07 11:12:55	"GET /uv248fip248inf210/practice_spring_2tiers.html HTTP/1.1"
2445	2024/03/07 11:21:54	"GET /uv248fip248inf210/project_home.html HTTP/1.1"
2445	2024/02/03 20:01:50	"GET /uv248fip248inf210/data_home.html HTTP/1.1"
2445	2024/02/03 20:02:12	"GET /uv248fip248inf210/lecture_normalization.html HTTP/1.1"
2445	2024/02/03 20:02:18	"GET /uv248fip248inf210/lecture_conceptual_modeling.html HTTP/1.1"
2445	2024/01/17 13:54:01	"GET /uv248fip248inf210/project_home.html HTTP/1.1"
2445	2024/01/17 13:54:27	"GET /uv248fip248inf210/web_architecture_home.html HTTP/1.1"
2445	2024/01/17 13:54:37	"GET /uv248fip248inf210/lecture_technical_architecture.html HTTP/1.1"
2445	2024/01/17 14:06:31	"GET /uv248fip248inf210/lecture_software_architecture.html HTTP/1.1"
2445	2024/01/17 15:18:12	"GET /uv248fip248inf210/lecture_mvc_spring.html HTTP/1.1"
2445	2024/01/17 15:18:14	"GET /uv248fip248inf210/practice_jpa.html HTTP/1.1"
2445	2024/01/17 15:21:03	"GET /uv248fip248inf210/web_architecture_home.html HTTP/1.1"
2445	2024/01/17 15:27:16	"GET /uv248fip248inf210/lecture_jpa.html HTTP/1.1"
2445	2024/01/19 10:05:31	"GET /uv248fip248inf210/web_architecture_home.html HTTP/1.1"
2445	2024/01/19 10:05:42	"GET /uv248fip248inf210/practice_jpa.html HTTP/1.1"
2445	2024/01/11 08:11:54	"GET /uv248fip248inf210/technical_environment_home.html HTTP/1.1"
2445	2024/01/11 08:11:58	"GET /uv248fip248inf210/documentation_docker.html HTTP/1.1"
2445	2024/01/11 08:21:25	"GET /uv248fip248inf210/practice_docker.html HTTP/1.1"
2445	2024/01/11 09:07:36	"GET /uv248fip248inf210/practice_docker_advanced.html HTTP/1.1"
2445	2024/01/11 09:10:39	"GET /uv248fip248inf210/documentation_si.html HTTP/1.1"
2445	2024/01/11 09:11:09	"GET /uv248fip248inf210/documentation_rdbms.html HTTP/1.1"
2445	2024/01/11 09:11:24	"GET /uv248fip248inf210/practice_postgresql.html HTTP/1.1"
2445	2024/01/11 09:40:20	"GET /uv248fip248inf210/documentation_programming.html HTTP/1.1"
2445	2024/01/11 09:51:51	"GET /uv248fip248inf210/inversion_of_control.html HTTP/1.1"
2445	2024/01/11 09:52:59	"GET /uv248fip248inf210/spring_bean.html HTTP/1.1"
2445	2024/01/11 09:53:53	"GET /uv248fip248inf210/practice_spring.html HTTP/1.1"
2445	2024/01/11 15:25:37	"GET /uv248fip248inf210/data_home.html HTTP/1.1"
2445	2024/01/11 15:25:44	"GET /uv248fip248inf210/technical_environment_home.html HTTP/1.1"
2445	2024/01/11 15:25:47	"GET /uv248fip248inf210/practice_spring.html HTTP/1.1"
2445	2024/01/11 15:25:59	"GET /uv248fip248inf210/documentation_programming.html HTTP/1.1"
2445	2024/01/11 15:26:07	"GET /uv248fip248inf210/documentation_docker.html HTTP/1.1"
2445	2024/01/11 15:28:53	"GET /uv248fip248inf210/index.html HTTP/1.1"
2445	2024/01/11 15:28:58	"GET /uv248fip248inf210/web_architecture_home.html HTTP/1.1"
2445	2024/01/11 15:29:16	"GET /uv248fip248inf210/project_home.html HTTP/1.1"
2445	2024/01/11 15:34:39	"GET /uv248fip248inf210/project_presentation.html HTTP/1.1"
2445	2024/01/11 15:35:09	"GET /uv248fip248inf210/lecture_relational_model.html HTTP/1.1"
2445	2024/01/11 15:41:36	"GET /uv248fip248inf210/lecture_db_integrity.html HTTP/1.1"
2445	2024/01/11 15:44:16	"GET /uv248fip248inf210/activity_relational_model.html HTTP/1.1"
2445	2024/01/11 16:13:06	"GET /uv248fip248inf210/activity_relational_model_correction.html HTTP/1.1"
2445	2024/02/21 13:46:12	"GET /uv248fip248inf210/project_home.html HTTP/1.1"
2445	2024/02/21 13:46:18	"GET /uv248fip248inf210/project_specifications.html HTTP/1.1"
2445	2024/02/21 13:47:22	"GET /uv248fip248inf210/project_part1.html HTTP/1.1"
2445	2024/02/21 13:48:55	"GET /uv248fip248inf210/project_task_time.html HTTP/1.1"
2445	2024/02/21 13:49:19	"GET /uv248fip248inf210/project_specifications.html HTTP/1.1"
2445	2024/02/21 15:29:23	"GET /uv248fip248inf210/index.html HTTP/1.1"
2445	2024/01/09 10:27:14	"GET /uv248fip248inf210/technical_environment_home.html HTTP/1.1"
2445	2024/01/09 10:27:21	"GET /uv248fip248inf210/images/technical_environment/prerequisite_techenv/prerequisite_techenv.html HTTP/1.1"
2445	2024/01/09 10:45:15	"GET /uv248fip248inf210/technical_environment_home.html HTTP/1.1"
2445	2024/01/09 11:00:05	"GET /uv248fip248inf210/technical_environment_home.html HTTP/1.1"
2445	2024/01/09 11:29:21	"GET /uv248fip248inf210/web_architecture_home.html HTTP/1.1"
2445	2024/01/09 11:29:58	"GET /uv248fip248inf210/documentation_docker.html HTTP/1.1"
2445	2024/01/09 11:32:46	"GET /uv248fip248inf210/practice_docker.html HTTP/1.1"
2445	2024/02/26 09:40:30	"GET /uv248fip248inf210/project_home.html HTTP/1.1"
2445	2024/02/26 09:40:33	"GET /uv248fip248inf210/project_part2.html HTTP/1.1"
2445	2024/02/26 09:55:15	"GET /uv248fip248inf210/index.html HTTP/1.1"
2445	2024/02/26 10:00:26	"GET /uv248fip248inf210/project_home.html HTTP/1.1"
2445	2024/02/26 10:00:29	"GET /uv248fip248inf210/project_part2.html HTTP/1.1"
2445	2024/02/26 11:06:09	"GET /uv248fip248inf210/project_part2.html HTTP/1.1"
2445	2024/01/15 09:38:40	"GET /uv248fip248inf210/data_home.html HTTP/1.1"
2445	2024/01/15 09:38:43	"GET /uv248fip248inf210/activity_sql.html HTTP/1.1"
2445	2024/01/15 09:53:02	"GET /uv248fip248inf210/practice_sql.html HTTP/1.1"
2445	2024/01/15 11:52:21	"GET /uv248fip248inf210/lecture_transaction.html HTTP/1.1"
2445	2024/02/28 09:41:15	"GET /uv248fip248inf210/project_home.html HTTP/1.1"
2445	2024/02/28 09:41:19	"GET /uv248fip248inf210/project_part2.html HTTP/1.1"
2445	2024/02/28 11:10:39	"GET /uv248fip248inf210/project_part2.html HTTP/1.1"
2445	2024/02/28 11:34:59	"GET /uv248fip248inf210/project_part1.html HTTP/1.1"
2445	2024/02/28 14:00:55	"GET /uv248fip248inf210/project_home.html HTTP/1.1"
2445	2024/02/28 14:03:25	"GET /uv248fip248inf210/project_part2.html HTTP/1.1"
2445	2024/02/28 15:02:43	"GET /uv248fip248inf210/project_part3.html HTTP/1.1"
2445	2024/01/12 14:49:08	"GET /uv248fip248inf210/data_home.html HTTP/1.1"
2445	2024/01/12 14:49:13	"GET /uv248fip248inf210/lecture_normalization.html HTTP/1.1"
2445	2024/01/12 14:51:36	"GET /uv248fip248inf210/activity_conceptual_modeling.html HTTP/1.1"
2445	2024/01/12 15:43:44	"GET /uv248fip248inf210/activity_normalization.html HTTP/1.1"
