2446	2024/01/21 23:21:24	"GET /uv248fip248inf210/images/web_architecture/prerequisite_archiweb/prerequisite_archiweb.html HTTP/1.1"
2446	2024/01/21 23:21:34	"GET /uv248fip248inf210/practice_xml.html HTTP/1.1"
2446	2024/01/21 23:21:43	"GET /uv248fip248inf210/lecture_json.html HTTP/1.1"
2446	2024/01/21 23:24:00	"GET /uv248fip248inf210/practice_json.html HTTP/1.1"
2446	2024/01/21 23:24:48	"GET /uv248fip248inf210/index.html HTTP/1.1"
2446	2024/01/21 23:24:54	"GET /uv248fip248inf210/data_home.html HTTP/1.1"
2446	2024/01/21 23:25:00	"GET /uv248fip248inf210/images/data/prerequisite_data/prerequisite_data.html HTTP/1.1"
2446	2024/01/29 09:32:20	"GET /uv248fip248inf210/index.html HTTP/1.1"
2446	2024/01/29 09:32:24	"GET /uv248fip248inf210/data_home.html HTTP/1.1"
2446	2024/01/29 09:32:27	"GET /uv248fip248inf210/images/data/prerequisite_data/prerequisite_data.html HTTP/1.1"
2446	2024/01/29 09:32:28	"GET /uv248fip248inf210/lecture_relational_model.html HTTP/1.1"
2446	2024/01/29 09:39:33	"GET /uv248fip248inf210/activity_relational_model.html HTTP/1.1"
2446	2024/01/29 10:18:34	"GET /uv248fip248inf210/activity_relational_model_correction.html HTTP/1.1"
2446	2024/01/29 10:24:27	"GET /uv248fip248inf210/lecture_modeling_normalization.html HTTP/1.1"
2446	2024/01/29 10:24:31	"GET /uv248fip248inf210/lecture_db_integrity.html HTTP/1.1"
2446	2024/01/29 11:15:07	"GET /uv248fip248inf210/lecture_conceptual_modeling.html HTTP/1.1"
2446	2024/01/29 11:49:24	"GET /uv248fip248inf210/activity_conceptual_modeling.html HTTP/1.1"
2446	2024/03/10 23:22:49	"GET /uv248fip248inf210/index.html HTTP/1.1"
2446	2024/03/10 23:22:51	"GET /uv248fip248inf210/web_architecture_home.html HTTP/1.1"
2446	2024/03/10 23:22:54	"GET /uv248fip248inf210/data_home.html HTTP/1.1"
2446	2024/03/10 23:22:58	"GET /uv248fip248inf210/lecture_relational_model.html HTTP/1.1"
2446	2024/03/10 23:23:04	"GET /uv248fip248inf210/lecture_db_integrity.html HTTP/1.1"
2446	2024/03/10 23:23:10	"GET /uv248fip248inf210/activity_relational_model.html HTTP/1.1"
2446	2024/03/10 23:23:20	"GET /uv248fip248inf210/lecture_modeling_normalization.html HTTP/1.1"
2446	2024/03/10 23:23:25	"GET /uv248fip248inf210/lecture_normalization.html HTTP/1.1"
2446	2024/03/10 23:23:26	"GET /uv248fip248inf210/lecture_conceptual_modeling.html HTTP/1.1"
2446	2024/02/13 08:01:56	"GET /uv248fip248inf210/lecture_mvc_spring.html HTTP/1.1"
2446	2024/02/13 08:02:19	"GET /uv248fip248inf210/lecture_transaction.html HTTP/1.1"
2446	2024/02/13 08:10:24	"GET /uv248fip248inf210/practice_transaction.html HTTP/1.1"
2446	2024/02/13 08:14:23	"GET /uv248fip248inf210/documentation_rdbms.html HTTP/1.1"
2446	2024/02/13 10:27:30	"GET /uv248fip248inf210/practice_transaction_correction.html HTTP/1.1"
2446	2024/02/13 10:28:06	"GET /uv248fip248inf210/images/data/prerequisite_data/prerequisite_data.html HTTP/1.1"
2446	2024/02/13 10:37:10	"GET /uv248fip248inf210/activity_sql.html HTTP/1.1"
2446	2024/02/06 14:27:01	"GET /uv248fip248inf210/activity_decomposition.html HTTP/1.1"
2446	2024/02/06 16:00:58	"GET /uv248fip248inf210/practice_transaction.html HTTP/1.1"
2446	2024/02/06 16:01:03	"GET /uv248fip248inf210/lecture_transaction.html HTTP/1.1"
2446	2024/01/28 23:17:18	"GET /uv248fip248inf210/index.html HTTP/1.1"
2446	2024/01/28 23:17:25	"GET /uv248fip248inf210/web_architecture_home.html HTTP/1.1"
2446	2024/01/28 23:17:28	"GET /uv248fip248inf210/data_home.html HTTP/1.1"
2446	2024/01/28 23:22:21	"GET /uv248fip248inf210/images/data/prerequisite_data/prerequisite_data.html HTTP/1.1"
2446	2024/01/28 23:22:31	"GET /uv248fip248inf210/lecture_relational_model.html HTTP/1.1"
2446	2024/03/11 13:04:19	"GET /uv248fip248inf210/project_part3.html HTTP/1.1"
2446	2024/03/11 13:04:33	"GET /uv248fip248inf210/index.html HTTP/1.1"
2446	2024/03/11 13:04:38	"GET /uv248fip248inf210/data_home.html HTTP/1.1"
2446	2024/03/11 13:04:41	"GET /uv248fip248inf210/lecture_conceptual_modeling.html HTTP/1.1"
2446	2024/03/11 13:04:46	"GET /uv248fip248inf210/lecture_modeling_normalization.html HTTP/1.1"
2446	2024/03/11 13:04:48	"GET /uv248fip248inf210/lecture_normalization.html HTTP/1.1"
2446	2024/03/11 16:52:57	"GET /uv248fip248inf210/project_specifications.html HTTP/1.1"
2446	2024/03/04 09:39:01	"GET /uv248fip248inf210/index.html HTTP/1.1"
2446	2024/03/04 09:39:06	"GET /uv248fip248inf210/project_home.html HTTP/1.1"
2446	2024/03/04 09:39:09	"GET /uv248fip248inf210/project_part3.html HTTP/1.1"
2446	2024/03/04 09:59:13	"GET /uv248fip248inf210/project_structureui.html HTTP/1.1"
2446	2024/01/30 15:20:38	"GET /uv248fip248inf210/data_home.html HTTP/1.1"
2446	2024/01/30 15:20:40	"GET /uv248fip248inf210/images/data/prerequisite_data/prerequisite_data.html HTTP/1.1"
2446	2024/01/30 15:20:42	"GET /uv248fip248inf210/activity_conceptual_modeling.html HTTP/1.1"
2446	2024/01/30 16:12:30	"GET /uv248fip248inf210/activity_normalization.html HTTP/1.1"
2446	2024/03/06 10:35:08	"GET /uv248fip248inf210/project_specifications.html HTTP/1.1"
2446	2024/02/05 14:26:16	"GET /uv248fip248inf210/lecture_normalization.html HTTP/1.1"
2446	2024/02/05 14:26:22	"GET /uv248fip248inf210/activity_sql.html HTTP/1.1"
2446	2024/02/05 15:23:46	"GET /uv248fip248inf210/lecture_normalization.html HTTP/1.1"
2446	2024/02/05 15:26:13	"GET /uv248fip248inf210/activity_sql.html HTTP/1.1"
2446	2024/02/05 15:26:30	"GET /uv248fip248inf210/index.html HTTP/1.1"
2446	2024/02/05 15:26:33	"GET /uv248fip248inf210/web_architecture_home.html HTTP/1.1"
2446	2024/02/05 15:26:40	"GET /uv248fip248inf210/lecture_jpa.html HTTP/1.1"
2446	2024/02/05 15:26:47	"GET /uv248fip248inf210/practice_jpa.html HTTP/1.1"
2446	2024/02/05 15:27:01	"GET /uv248fip248inf210/lecture_mvc_spring.html HTTP/1.1"
2446	2024/02/05 15:39:18	"GET /uv248fip248inf210/lecture_relational_model.html HTTP/1.1"
2446	2024/02/05 15:39:22	"GET /uv248fip248inf210/lecture_conceptual_modeling.html HTTP/1.1"
2446	2024/02/05 15:47:54	"GET /uv248fip248inf210/lecture_software_architecture.html HTTP/1.1"
2446	2024/02/05 15:48:29	"GET /uv248fip248inf210/lecture_technical_architecture.html HTTP/1.1"
2446	2024/01/22 13:55:00	"GET /uv248fip248inf210/lecture_relational_model.html HTTP/1.1"
2446	2024/01/22 14:15:13	"GET /uv248fip248inf210/lecture_db_integrity.html HTTP/1.1"
2446	2024/01/22 14:38:12	"GET /uv248fip248inf210/activity_relational_model.html HTTP/1.1"
2446	2024/02/18 14:17:59	"GET /uv248fip248inf210/index.html HTTP/1.1"
2446	2024/02/18 14:18:24	"GET /uv248fip248inf210/technical_environment_home.html HTTP/1.1"
2446	2024/02/18 14:18:30	"GET /uv248fip248inf210/project_home.html HTTP/1.1"
2446	2024/02/18 14:18:35	"GET /uv248fip248inf210/data_home.html HTTP/1.1"
2446	2024/02/18 14:18:44	"GET /uv248fip248inf210/activity_sql.html HTTP/1.1"
2446	2024/02/18 14:40:27	"GET /uv248fip248inf210/activity_sql_correction.html HTTP/1.1"
2446	2024/02/19 10:31:16	"GET /uv248fip248inf210/practice_sql.html HTTP/1.1"
2446	2024/02/19 10:39:20	"GET /uv248fip248inf210/practice_sql_correction.html HTTP/1.1"
2446	2024/02/19 11:44:57	"GET /uv248fip248inf210/project_home.html HTTP/1.1"
2446	2024/02/19 11:45:13	"GET /uv248fip248inf210/project_specifications.html HTTP/1.1"
2446	2024/02/19 12:06:58	"GET /uv248fip248inf210/project_task_time.html HTTP/1.1"
2446	2024/02/19 12:07:09	"GET /uv248fip248inf210/project_part1.html HTTP/1.1"
2446	2024/02/04 21:17:30	"GET /uv248fip248inf210/lecture_relational_model.html HTTP/1.1"
2446	2024/02/04 21:22:01	"GET /uv248fip248inf210/lecture_db_integrity.html HTTP/1.1"
2446	2024/02/04 21:26:03	"GET /uv248fip248inf210/lecture_relational_algebra.html HTTP/1.1"
2446	2024/02/04 21:26:05	"GET /uv248fip248inf210/activity_relational_model.html HTTP/1.1"
2446	2024/02/04 21:26:25	"GET /uv248fip248inf210/lecture_modeling_normalization.html HTTP/1.1"
2446	2024/02/04 21:28:35	"GET /uv248fip248inf210/lecture_modeling_normalization.html HTTP/1.1"
2446	2024/02/04 21:28:36	"GET /uv248fip248inf210/lecture_conceptual_modeling.html HTTP/1.1"
2446	2024/02/04 21:39:35	"GET /uv248fip248inf210/lecture_normalization.html HTTP/1.1"
2446	2024/02/04 21:48:06	"GET /uv248fip248inf210/activity_conceptual_modeling.html HTTP/1.1"
2446	2024/02/04 21:48:31	"GET /uv248fip248inf210/activity_normalization.html HTTP/1.1"
2446	2024/02/04 21:48:40	"GET /uv248fip248inf210/activity_decomposition.html HTTP/1.1"
2446	2024/02/04 22:10:00	"GET /uv248fip248inf210/index.html HTTP/1.1"
2446	2024/02/04 22:10:06	"GET /uv248fip248inf210/web_architecture_home.html HTTP/1.1"
2446	2024/02/04 22:10:14	"GET /uv248fip248inf210/lecture_technical_architecture.html HTTP/1.1"
2446	2024/02/04 22:10:21	"GET /uv248fip248inf210/lecture_software_architecture.html HTTP/1.1"
2446	2024/02/04 22:10:27	"GET /uv248fip248inf210/lecture_mvc_spring.html HTTP/1.1"
2446	2024/02/04 22:22:43	"GET /uv248fip248inf210/lecture_mvc_spring.html HTTP/1.1"
2446	2024/02/04 22:24:57	"GET /uv248fip248inf210/lecture_xml.html HTTP/1.1"
2446	2024/02/04 22:25:02	"GET /uv248fip248inf210/lecture_dto.html HTTP/1.1"
2446	2024/02/04 22:25:06	"GET /uv248fip248inf210/practice_xml.html HTTP/1.1"
2446	2024/02/04 23:30:46	"GET /uv248fip248inf210/lecture_jpa.html HTTP/1.1"
2446	2024/02/04 23:41:10	"GET /uv248fip248inf210/data_home.html HTTP/1.1"
2446	2024/02/04 23:41:15	"GET /uv248fip248inf210/activity_sql.html HTTP/1.1"
2446	2024/02/04 23:41:38	"GET /uv248fip248inf210/practice_sql.html HTTP/1.1"
2446	2024/03/07 16:27:11	"GET /uv248fip248inf210/project_task_time.html HTTP/1.1"
2446	2024/03/07 16:27:15	"GET /uv248fip248inf210/project_specifications.html HTTP/1.1"
2446	2024/03/07 16:27:23	"GET /uv248fip248inf210/project_part1.html HTTP/1.1"
2446	2024/03/07 16:27:33	"GET /uv248fip248inf210/project_part2.html HTTP/1.1"
2446	2024/03/07 20:06:21	"GET /uv248fip248inf210/index.html HTTP/1.1"
2446	2024/03/07 20:06:28	"GET /uv248fip248inf210/project_home.html HTTP/1.1"
2446	2024/03/12 10:15:42	"GET /uv248fip248inf210/project_home.html HTTP/1.1"
2446	2024/03/12 10:15:46	"GET /uv248fip248inf210/project_part3.html HTTP/1.1"
2446	2024/02/03 15:27:17	"GET /uv248fip248inf210/images/data/prerequisite_data/prerequisite_data.html HTTP/1.1"
2446	2024/02/03 15:27:20	"GET /uv248fip248inf210/activity_normalization.html HTTP/1.1"
2446	2024/02/03 15:27:32	"GET /uv248fip248inf210/lecture_conceptual_modeling.html HTTP/1.1"
2446	2024/02/03 15:49:47	"GET /uv248fip248inf210/lecture_normalization.html HTTP/1.1"
2446	2024/01/10 18:07:22	"GET /uv248fip248inf210/practice_docker_advanced.html HTTP/1.1"
2446	2024/01/10 18:07:48	"GET /uv248fip248inf210/practice_postgresql.html HTTP/1.1"
2446	2024/01/10 18:09:47	"GET /uv248fip248inf210/documentation_programming.html HTTP/1.1"
2446	2024/01/10 18:20:19	"GET /uv248fip248inf210/inversion_of_control.html HTTP/1.1"
2446	2024/01/10 19:04:11	"GET /uv248fip248inf210/index.html HTTP/1.1"
2446	2024/01/10 21:21:35	"GET /uv248fip248inf210/technical_environment_home.html HTTP/1.1"
2446	2024/01/10 21:21:41	"GET /uv248fip248inf210/documentation_docker.html HTTP/1.1"
2446	2024/01/10 21:21:47	"GET /uv248fip248inf210/practice_docker.html HTTP/1.1"
2446	2024/01/18 23:39:33	"GET /uv248fip248inf210/lecture_jpa.html HTTP/1.1"
2446	2024/01/18 23:39:43	"GET /uv248fip248inf210/images/web_architecture/prerequisite_archiweb/prerequisite_archiweb.html HTTP/1.1"
2446	2024/01/18 23:39:48	"GET /uv248fip248inf210/lecture_dto.html HTTP/1.1"
2446	2024/01/17 10:11:08	"GET /uv248fip248inf210/index.html HTTP/1.1"
2446	2024/01/17 10:11:14	"GET /uv248fip248inf210/web_architecture_home.html HTTP/1.1"
2446	2024/01/17 10:11:17	"GET /uv248fip248inf210/practice_jpa.html HTTP/1.1"
2446	2024/01/16 23:03:31	"GET /uv248fip248inf210/index.html HTTP/1.1"
2446	2024/01/16 23:03:36	"GET /uv248fip248inf210/web_architecture_home.html HTTP/1.1"
2446	2024/01/16 23:03:39	"GET /uv248fip248inf210/practice_spring_2tiers.html HTTP/1.1"
2446	2024/01/16 23:03:40	"GET /uv248fip248inf210/lecture_jpa.html HTTP/1.1"
2446	2024/01/16 23:03:41	"GET /uv248fip248inf210/practice_jpa.html HTTP/1.1"
2446	2024/01/19 09:55:12	"GET /uv248fip248inf210/lecture_xml.html HTTP/1.1"
2446	2024/01/19 11:31:42	"GET /uv248fip248inf210/lecture_validity.html HTTP/1.1"
2446	2024/01/19 11:31:55	"GET /uv248fip248inf210/practice_xml.html HTTP/1.1"
2446	2024/01/11 08:01:24	"GET /uv248fip248inf210/documentation_programming.html HTTP/1.1"
2446	2024/01/11 08:10:38	"GET /uv248fip248inf210/practice_spring.html HTTP/1.1"
2446	2024/01/11 08:13:40	"GET /uv248fip248inf210/documentation_programming.html HTTP/1.1"
2446	2024/01/11 08:21:42	"GET /uv248fip248inf210/practice_spring.html HTTP/1.1"
2446	2024/01/11 08:52:39	"GET /uv248fip248inf210/inversion_of_control.html HTTP/1.1"
2446	2024/01/11 08:52:41	"GET /uv248fip248inf210/spring_bean.html HTTP/1.1"
2446	2024/01/11 08:53:39	"GET /uv248fip248inf210/index.html HTTP/1.1"
2446	2024/01/11 08:53:53	"GET /uv248fip248inf210/web_architecture_home.html HTTP/1.1"
2446	2024/01/11 08:54:42	"GET /uv248fip248inf210/lecture_technical_architecture.html HTTP/1.1"
2446	2024/01/11 09:55:41	"GET /uv248fip248inf210/lecture_software_architecture.html HTTP/1.1"
2446	2024/01/11 10:10:45	"GET /uv248fip248inf210/lecture_mvc_spring.html HTTP/1.1"
2446	2024/01/11 10:42:35	"GET /uv248fip248inf210/lecture_technical_architecture.html HTTP/1.1"
2446	2024/01/11 10:42:39	"GET /uv248fip248inf210/lecture_mvc_spring.html HTTP/1.1"
2446	2024/01/11 11:42:29	"GET /uv248fip248inf210/lecture_jpa.html HTTP/1.1"
2446	2024/01/11 11:49:24	"GET /uv248fip248inf210/practice_jpa.html HTTP/1.1"
2446	2024/01/11 15:35:47	"GET /uv248fip248inf210/lecture_jpa.html HTTP/1.1"
2446	2024/01/11 15:35:51	"GET /uv248fip248inf210/lecture_mvc_spring.html HTTP/1.1"
2446	2024/01/11 15:36:00	"GET /uv248fip248inf210/index.html HTTP/1.1"
2446	2024/01/11 15:36:04	"GET /uv248fip248inf210/web_architecture_home.html HTTP/1.1"
2446	2024/01/11 15:36:05	"GET /uv248fip248inf210/images/web_architecture/prerequisite_archiweb/prerequisite_archiweb.html HTTP/1.1"
2446	2024/01/11 15:37:04	"GET /uv248fip248inf210/lecture_technical_architecture.html HTTP/1.1"
2446	2024/01/11 15:45:05	"GET /uv248fip248inf210/lecture_software_architecture.html HTTP/1.1"
2446	2024/01/11 15:53:30	"GET /uv248fip248inf210/practice_jpa.html HTTP/1.1"
2446	2024/01/11 15:56:00	"GET /uv248fip248inf210/practice_jpa.html HTTP/1.1"
2446	2024/01/11 15:56:03	"GET /uv248fip248inf210/practice_jpa.html HTTP/1.1"
2446	2024/01/11 15:56:09	"GET /uv248fip248inf210/practice_jpa.html HTTP/1.1"
2446	2024/01/11 15:56:10	"GET /uv248fip248inf210/practice_jpa.html HTTP/1.1"
2446	2024/01/11 15:56:12	"GET /uv248fip248inf210/practice_jpa.html HTTP/1.1"
2446	2024/01/11 16:21:47	"GET /uv248fip248inf210/practice_spring_2tiers.html HTTP/1.1"
2446	2024/01/11 16:22:40	"GET /uv248fip248inf210/technical_environment_home.html HTTP/1.1"
2446	2024/01/11 16:22:43	"GET /uv248fip248inf210/index.html HTTP/1.1"
2446	2024/01/11 16:22:48	"GET /uv248fip248inf210/web_architecture_home.html HTTP/1.1"
2446	2024/01/11 18:10:10	"GET /uv248fip248inf210/index.html HTTP/1.1"
2446	2024/01/11 18:10:22	"GET /uv248fip248inf210/technical_environment_home.html HTTP/1.1"
2446	2024/01/11 18:10:53	"GET /uv248fip248inf210/practice_spring.html HTTP/1.1"
2446	2024/02/21 14:35:23	"GET /uv248fip248inf210/lecture_conceptual_modeling.html HTTP/1.1"
2446	2024/02/21 14:46:25	"GET /uv248fip248inf210/project_specifications.html HTTP/1.1"
2446	2024/02/21 15:58:54	"GET /uv248fip248inf210/project_specifications.html HTTP/1.1"
2446	2024/01/09 10:25:14	"GET /uv248fip248inf210/data_home.html HTTP/1.1"
2446	2024/01/09 10:25:34	"GET /uv248fip248inf210/images/data/prerequisite_data/prerequisite_data.html HTTP/1.1"
2446	2024/01/09 10:25:45	"GET /uv248fip248inf210/technical_environment_home.html HTTP/1.1"
2446	2024/01/09 10:32:06	"GET /uv248fip248inf210/index.html HTTP/1.1"
2446	2024/01/09 11:14:17	"GET /uv248fip248inf210/documentation_docker.html HTTP/1.1"
2446	2024/01/09 11:57:12	"GET /uv248fip248inf210/practice_docker.html HTTP/1.1"
2446	2024/01/09 18:43:12	"GET /uv248fip248inf210/practice_postgresql.html HTTP/1.1"
2446	2024/01/09 20:13:02	"GET /uv248fip248inf210/practice_postgresql.html HTTP/1.1"
2446	2024/01/09 21:09:13	"GET /uv248fip248inf210/practice_docker_advanced.html HTTP/1.1"
2446	2024/02/26 09:32:47	"GET /uv248fip248inf210/index.html HTTP/1.1"
2446	2024/02/26 09:32:56	"GET /uv248fip248inf210/project_home.html HTTP/1.1"
2446	2024/02/26 09:34:38	"GET /uv248fip248inf210/project_part2.html HTTP/1.1"
2446	2024/01/14 13:34:49	"GET /uv248fip248inf210/lecture_technical_architecture.html HTTP/1.1"
2446	2024/01/14 23:12:48	"GET /uv248fip248inf210/index.html HTTP/1.1"
2446	2024/01/14 23:12:53	"GET /uv248fip248inf210/web_architecture_home.html HTTP/1.1"
2446	2024/01/14 23:12:56	"GET /uv248fip248inf210/images/web_architecture/prerequisite_archiweb/prerequisite_archiweb.html HTTP/1.1"
2446	2024/01/14 23:13:03	"GET /uv248fip248inf210/lecture_technical_architecture.html HTTP/1.1"
2446	2024/01/14 23:22:02	"GET /uv248fip248inf210/lecture_software_architecture.html HTTP/1.1"
2446	2024/01/14 23:29:57	"GET /uv248fip248inf210/lecture_software_architecture.html HTTP/1.1"
2446	2024/01/14 23:30:21	"GET /uv248fip248inf210/lecture_mvc_spring.html HTTP/1.1"
2446	2024/01/14 23:48:07	"GET /uv248fip248inf210/lecture_mvc_spring.html HTTP/1.1"
2446	2024/01/14 23:48:15	"GET /uv248fip248inf210/lecture_jpa.html HTTP/1.1"
2446	2024/01/15 09:33:10	"GET /uv248fip248inf210/index.html HTTP/1.1"
2446	2024/01/15 09:33:19	"GET /uv248fip248inf210/technical_environment_home.html HTTP/1.1"
2446	2024/01/15 09:33:31	"GET /uv248fip248inf210/web_architecture_home.html HTTP/1.1"
2446	2024/01/15 09:33:43	"GET /uv248fip248inf210/practice_jpa.html HTTP/1.1"
2446	2024/01/15 09:33:48	"GET /uv248fip248inf210/images/web_architecture/prerequisite_archiweb/prerequisite_archiweb.html HTTP/1.1"
2446	2024/01/15 10:03:52	"GET /uv248fip248inf210/lecture_mvc_spring.html HTTP/1.1"
2446	2024/01/15 10:04:05	"GET /uv248fip248inf210/lecture_software_architecture.html HTTP/1.1"
2446	2024/01/15 10:04:10	"GET /uv248fip248inf210/lecture_technical_architecture.html HTTP/1.1"
2446	2024/01/15 10:04:14	"GET /uv248fip248inf210/practice_spring_2tiers.html HTTP/1.1"
2446	2024/01/15 10:04:44	"GET /uv248fip248inf210/lecture_jpa.html HTTP/1.1"
2446	2024/01/15 11:24:59	"GET /uv248fip248inf210/practice_jpa.html HTTP/1.1"
2446	2024/02/28 09:37:18	"GET /uv248fip248inf210/index.html HTTP/1.1"
2446	2024/02/28 09:38:58	"GET /uv248fip248inf210/technical_environment_home.html HTTP/1.1"
2446	2024/02/28 09:39:03	"GET /uv248fip248inf210/project_home.html HTTP/1.1"
2446	2024/02/28 09:39:06	"GET /uv248fip248inf210/project_part2.html HTTP/1.1"
