2447	2024/03/11 13:36:04	"GET /uv248fip248inf210/project_home.html HTTP/1.1"
2447	2024/03/11 13:36:05	"GET /uv248fip248inf210/project_presentation.html HTTP/1.1"
2447	2024/03/11 13:36:10	"GET /uv248fip248inf210/technical_environment_home.html HTTP/1.1"
2447	2024/03/11 13:36:17	"GET /uv248fip248inf210/images/technical_environment/prerequisite_techenv/prerequisite_techenv.html HTTP/1.1"
2447	2024/03/11 13:36:19	"GET /uv248fip248inf210/documentation_rdbms.html HTTP/1.1"
2447	2024/03/11 13:36:36	"GET /uv248fip248inf210/documentation_si.html HTTP/1.1"
2447	2024/03/11 13:37:03	"GET /uv248fip248inf210/practice_postgresql.html HTTP/1.1"
2447	2024/03/04 09:37:51	"GET /uv248fip248inf210/project_home.html HTTP/1.1"
2447	2024/03/04 09:37:58	"GET /uv248fip248inf210/project_part3.html HTTP/1.1"
2447	2024/03/04 09:37:59	"GET /uv248fip248inf210/project_structureui.html HTTP/1.1"
2447	2024/03/06 11:26:07	"GET /uv248fip248inf210/project_home.html HTTP/1.1"
2447	2024/03/06 11:26:13	"GET /uv248fip248inf210/project_part3.html HTTP/1.1"
2447	2024/03/06 14:25:09	"GET /uv248fip248inf210/project_specifications.html HTTP/1.1"
2447	2024/03/06 14:31:35	"GET /uv248fip248inf210/project_specifications.html HTTP/1.1"
2447	2024/01/22 14:34:27	"GET /uv248fip248inf210/web_architecture_home.html HTTP/1.1"
2447	2024/01/22 14:34:30	"GET /uv248fip248inf210/practice_xml.html HTTP/1.1"
2447	2024/01/22 14:36:16	"GET /uv248fip248inf210/lecture_validity.html HTTP/1.1"
2447	2024/01/22 14:52:43	"GET /uv248fip248inf210/index.html HTTP/1.1"
2447	2024/01/22 14:52:47	"GET /uv248fip248inf210/data_home.html HTTP/1.1"
2447	2024/01/22 14:52:51	"GET /uv248fip248inf210/images/data/prerequisite_data/prerequisite_data.html HTTP/1.1"
2447	2024/01/22 14:53:55	"GET /uv248fip248inf210/lecture_relational_model.html HTTP/1.1"
2447	2024/01/22 14:54:30	"GET /uv248fip248inf210/lecture_relational_model.html HTTP/1.1"
2447	2024/01/22 14:57:02	"GET /uv248fip248inf210/lecture_modeling_normalization.html HTTP/1.1"
2447	2024/01/22 14:59:39	"GET /uv248fip248inf210/lecture_conceptual_modeling.html HTTP/1.1"
2447	2024/01/22 16:07:12	"GET /uv248fip248inf210/activity_conceptual_modeling.html HTTP/1.1"
2447	2024/03/07 10:49:04	"GET /uv248fip248inf210/project_evaluation.html HTTP/1.1"
2447	2024/03/07 11:18:14	"GET /uv248fip248inf210/project_presentation.html HTTP/1.1"
2447	2024/03/07 11:18:19	"GET /uv248fip248inf210/project_part1.html HTTP/1.1"
2447	2024/03/07 11:18:47	"GET /uv248fip248inf210/project_part2.html HTTP/1.1"
2447	2024/03/07 11:18:54	"GET /uv248fip248inf210/project_part3.html HTTP/1.1"
2447	2024/03/07 14:16:06	"GET /uv248fip248inf210/project_part3.html HTTP/1.1"
2447	2024/03/07 14:16:14	"GET /uv248fip248inf210/project_structureui.html HTTP/1.1"
2447	2024/03/07 14:16:19	"GET /uv248fip248inf210/project_part4.html HTTP/1.1"
2447	2024/03/07 14:16:49	"GET /uv248fip248inf210/project_specifications.html HTTP/1.1"
2447	2024/02/25 19:47:15	"GET /uv248fip248inf210/project_home.html HTTP/1.1"
2447	2024/02/25 19:47:17	"GET /uv248fip248inf210/project_part3.html HTTP/1.1"
2447	2024/02/25 19:48:21	"GET /uv248fip248inf210/project_structureui.html HTTP/1.1"
2447	2024/02/25 19:48:39	"GET /uv248fip248inf210/project_part4.html HTTP/1.1"
2447	2024/02/25 19:49:08	"GET /uv248fip248inf210/project_part2.html HTTP/1.1"
2447	2024/01/09 09:48:44	"GET /uv248fip248inf210/intex.html HTTP/1.1"
2447	2024/01/09 09:52:43	"GET /uv248fip248inf210/technical_environment_home.html HTTP/1.1"
2447	2024/01/09 22:39:52	"GET /uv248fip248inf210/technical_environment_home.html HTTP/1.1"
2447	2024/01/09 23:06:38	"GET /uv248fip248inf210/documentation_docker.html HTTP/1.1"
2447	2024/01/09 23:06:45	"GET /uv248fip248inf210/practice_docker.html HTTP/1.1"
2447	2024/01/09 23:42:45	"GET /uv248fip248inf210/practice_docker_advanced.html HTTP/1.1"
2447	2024/01/09 23:46:48	"GET /uv248fip248inf210/practice_postgresql.html HTTP/1.1"
2447	2024/01/09 23:57:11	"GET /uv248fip248inf210/documentation_si.html HTTP/1.1"
2447	2024/01/09 23:57:50	"GET /uv248fip248inf210/documentation_rdbms.html HTTP/1.1"
2447	2024/01/10 00:06:28	"GET /uv248fip248inf210/index.html HTTP/1.1"
2447	2024/01/10 00:06:32	"GET /uv248fip248inf210/data_home.html HTTP/1.1"
2447	2024/01/10 00:06:35	"GET /uv248fip248inf210/lecture_relational_model.html HTTP/1.1"
2447	2024/01/10 00:09:43	"GET /uv248fip248inf210/technical_environment_home.html HTTP/1.1"
2447	2024/01/10 00:12:19	"GET /uv248fip248inf210/documentation_programming.html HTTP/1.1"
2447	2024/01/10 00:17:58	"GET /uv248fip248inf210/practice_spring.html HTTP/1.1"
2447	2024/02/26 10:29:44	"GET /uv248fip248inf210/project_home.html HTTP/1.1"
2447	2024/02/26 10:29:47	"GET /uv248fip248inf210/project_part2.html HTTP/1.1"
2447	2024/02/26 11:28:43	"GET /uv248fip248inf210/project_home.html HTTP/1.1"
2447	2024/02/26 11:28:45	"GET /uv248fip248inf210/project_part2.html HTTP/1.1"
2447	2024/02/26 12:03:19	"GET /uv248fip248inf210/index.html HTTP/1.1"
2447	2024/02/26 12:03:21	"GET /uv248fip248inf210/technical_environment_home.html HTTP/1.1"
2447	2024/02/26 12:03:27	"GET /uv248fip248inf210/documentation_programming.html HTTP/1.1"
2447	2024/02/26 12:03:41	"GET /uv248fip248inf210/practice_spring.html HTTP/1.1"
2447	2024/02/28 09:34:54	"GET /uv248fip248inf210/project_home.html HTTP/1.1"
2447	2024/02/28 09:35:07	"GET /uv248fip248inf210/project_part2.html HTTP/1.1"
2447	2024/02/28 14:39:17	"GET /uv248fip248inf210/project_home.html HTTP/1.1"
2447	2024/02/28 14:39:22	"GET /uv248fip248inf210/project_part2.html HTTP/1.1"
