2449	2024/02/13 08:18:58	"GET /uv248fip248inf210/data_home.html HTTP/1.1"
2449	2024/02/13 08:19:04	"GET /uv248fip248inf210/project_home.html HTTP/1.1"
2449	2024/02/13 08:19:10	"GET /uv248fip248inf210/lecture_transaction.html HTTP/1.1"
2449	2024/03/11 13:21:18	"GET /uv248fip248inf210/index.html HTTP/1.1"
2449	2024/03/11 13:21:23	"GET /uv248fip248inf210/web_architecture_home.html HTTP/1.1"
2449	2024/03/11 13:21:27	"GET /uv248fip248inf210/technical_environment_home.html HTTP/1.1"
2449	2024/03/11 13:21:35	"GET /uv248fip248inf210/practice_postgresql.html HTTP/1.1"
2449	2024/03/11 13:21:42	"GET /uv248fip248inf210/documentation_docker.html HTTP/1.1"
2449	2024/03/04 09:41:43	"GET /uv248fip248inf210/project_part2.html HTTP/1.1"
2449	2024/03/04 09:46:40	"GET /uv248fip248inf210/project_part3.html HTTP/1.1"
2449	2024/03/04 10:13:02	"GET /uv248fip248inf210/project_specifications.html HTTP/1.1"
2449	2024/03/04 10:16:55	"GET /uv248fip248inf210/project_specifications.html HTTP/1.1"
2449	2024/03/04 11:30:31	"GET /uv248fip248inf210/index.html HTTP/1.1"
2449	2024/03/04 11:30:36	"GET /uv248fip248inf210/web_architecture_home.html HTTP/1.1"
2449	2024/03/04 11:30:49	"GET /uv248fip248inf210/practice_jpa_advanced.html HTTP/1.1"
2449	2024/03/04 11:31:48	"GET /uv248fip248inf210/practice_jpa.html HTTP/1.1"
2449	2024/03/03 22:15:42	"GET /uv248fip248inf210/project_part2.html HTTP/1.1"
2449	2024/03/03 22:15:42	"GET /uv248fip248inf210/project_part2.html HTTP/1.1"
2449	2024/03/13 11:32:56	"GET /uv248fip248inf210/index.html HTTP/1.1"
2449	2024/03/13 11:33:01	"GET /uv248fip248inf210/project_home.html HTTP/1.1"
2449	2024/03/13 11:33:08	"GET /uv248fip248inf210/project_part4.html HTTP/1.1"
2449	2024/03/13 11:33:13	"GET /uv248fip248inf210/project_part3.html HTTP/1.1"
2449	2024/03/13 11:34:37	"GET /uv248fip248inf210/project_specifications.html HTTP/1.1"
2449	2024/01/22 14:14:56	"GET /uv248fip248inf210/data_home.html HTTP/1.1"
2449	2024/01/22 14:15:03	"GET /uv248fip248inf210/lecture_modeling_normalization.html HTTP/1.1"
2449	2024/01/22 14:15:17	"GET /uv248fip248inf210/activity_sql.html HTTP/1.1"
2449	2024/01/22 14:15:54	"GET /uv248fip248inf210/index.html HTTP/1.1"
2449	2024/01/22 14:16:04	"GET /uv248fip248inf210/images/data/prerequisite_data/prerequisite_data.html HTTP/1.1"
2449	2024/01/22 14:26:12	"GET /uv248fip248inf210/activity_conceptual_modeling.html HTTP/1.1"
2449	2024/01/22 14:33:37	"GET /uv248fip248inf210/web_architecture_home.html HTTP/1.1"
2449	2024/02/19 09:40:43	"GET /uv248fip248inf210/lecture_transaction.html HTTP/1.1"
2449	2024/02/19 09:40:57	"GET /uv248fip248inf210/lecture_transaction.html HTTP/1.1"
2449	2024/02/19 09:41:01	"GET /uv248fip248inf210/lecture_transaction.html HTTP/1.1"
2449	2024/02/19 09:41:04	"GET /uv248fip248inf210/lecture_transaction.html HTTP/1.1"
2449	2024/02/19 09:41:06	"GET /uv248fip248inf210/lecture_transaction.html HTTP/1.1"
2449	2024/02/19 09:41:13	"GET /uv248fip248inf210/index.html HTTP/1.1"
2449	2024/02/19 09:41:15	"GET /uv248fip248inf210/project_home.html HTTP/1.1"
2449	2024/02/19 09:42:22	"GET /uv248fip248inf210/data_home.html HTTP/1.1"
2449	2024/02/19 09:42:32	"GET /uv248fip248inf210/web_architecture_home.html HTTP/1.1"
2449	2024/02/19 09:42:51	"GET /uv248fip248inf210/practice_spring_2tiers_ext.html HTTP/1.1"
2449	2024/02/19 09:43:32	"GET /uv248fip248inf210/practice_spring_2tiers.html HTTP/1.1"
2449	2024/02/19 09:59:48	"GET /uv248fip248inf210/technical_environment_home.html HTTP/1.1"
2449	2024/02/19 09:59:51	"GET /uv248fip248inf210/practice_docker_advanced.html HTTP/1.1"
2449	2024/02/19 10:00:13	"GET /uv248fip248inf210/documentation_programming.html HTTP/1.1"
2449	2024/02/19 10:00:19	"GET /uv248fip248inf210/practice_spring.html HTTP/1.1"
2449	2024/01/17 09:37:24	"GET /uv248fip248inf210/data_home.html HTTP/1.1"
2449	2024/01/17 09:37:26	"GET /uv248fip248inf210/lecture_relational_model.html HTTP/1.1"
2449	2024/01/17 09:41:39	"GET /uv248fip248inf210/lecture_db_integrity.html HTTP/1.1"
2449	2024/01/17 09:47:33	"GET /uv248fip248inf210/lecture_relational_algebra.html HTTP/1.1"
2449	2024/01/17 09:55:39	"GET /uv248fip248inf210/activity_relational_model.html HTTP/1.1"
2449	2024/01/19 10:05:53	"GET /uv248fip248inf210/data_home.html HTTP/1.1"
2449	2024/01/19 10:05:56	"GET /uv248fip248inf210/lecture_modeling_normalization.html HTTP/1.1"
2449	2024/01/19 11:33:57	"GET /uv248fip248inf210/lecture_conceptual_modeling.html HTTP/1.1"
2449	2024/01/11 08:11:21	"GET /uv248fip248inf210/practice_docker.html HTTP/1.1"
2449	2024/01/11 08:42:27	"GET /uv248fip248inf210/practice_docker_advanced.html HTTP/1.1"
2449	2024/01/11 08:42:38	"GET /uv248fip248inf210/documentation_si.html HTTP/1.1"
2449	2024/01/11 08:42:39	"GET /uv248fip248inf210/practice_postgresql.html HTTP/1.1"
2449	2024/01/11 08:42:54	"GET /uv248fip248inf210/documentation_programming.html HTTP/1.1"
2449	2024/01/11 09:41:35	"GET /uv248fip248inf210/inversion_of_control.html HTTP/1.1"
2449	2024/01/11 09:49:39	"GET /uv248fip248inf210/practice_spring.html HTTP/1.1"
2449	2024/01/11 10:23:32	"GET /uv248fip248inf210/documentation_si.html HTTP/1.1"
2449	2024/01/11 15:29:21	"GET /uv248fip248inf210/index.html HTTP/1.1"
2449	2024/01/11 15:29:28	"GET /uv248fip248inf210/web_architecture_home.html HTTP/1.1"
2449	2024/01/11 15:29:32	"GET /uv248fip248inf210/data_home.html HTTP/1.1"
2449	2024/01/11 15:29:48	"GET /uv248fip248inf210/lecture_relational_model.html HTTP/1.1"
2449	2024/01/11 15:49:12	"GET /uv248fip248inf210/lecture_db_integrity.html HTTP/1.1"
2449	2024/01/11 15:55:20	"GET /uv248fip248inf210/lecture_relational_algebra.html HTTP/1.1"
2449	2024/02/21 13:54:08	"GET /uv248fip248inf210/index.html HTTP/1.1"
2449	2024/02/21 13:54:11	"GET /uv248fip248inf210/project_home.html HTTP/1.1"
2449	2024/02/21 13:54:14	"GET /uv248fip248inf210/project_presentation.html HTTP/1.1"
2449	2024/02/21 13:55:23	"GET /uv248fip248inf210/project_part1.html HTTP/1.1"
2449	2024/01/09 10:36:15	"GET /uv248fip248inf210/technical_environment_home.html HTTP/1.1"
2449	2024/01/09 10:58:14	"GET /uv248fip248inf210/technical_environment_home.html HTTP/1.1"
2449	2024/01/09 11:51:15	"GET /uv248fip248inf210/documentation_docker.html HTTP/1.1"
2449	2024/01/09 11:57:30	"GET /uv248fip248inf210/documentation_programming.html HTTP/1.1"
2449	2024/01/09 12:02:44	"GET /uv248fip248inf210/practice_docker.html HTTP/1.1"
2449	2024/02/26 11:41:47	"GET /uv248fip248inf210/index.html HTTP/1.1"
2449	2024/02/26 11:42:02	"GET /uv248fip248inf210/project_home.html HTTP/1.1"
2449	2024/02/26 11:44:35	"GET /uv248fip248inf210/project_part2.html HTTP/1.1"
2449	2024/01/15 11:51:51	"GET /uv248fip248inf210/data_home.html HTTP/1.1"
