245	2024/01/29 09:34:57	"GET /uv248fip248inf210/practice_spring_2tiers.html HTTP/1.1"
245	2024/01/29 09:35:25	"GET /uv248fip248inf210/lecture_mvc_spring.html HTTP/1.1"
245	2024/01/29 09:35:26	"GET /uv248fip248inf210/images/web_architecture/prerequisite_archiweb/prerequisite_archiweb.html HTTP/1.1"
245	2024/01/29 09:36:14	"GET /uv248fip248inf210/lecture_dto.html HTTP/1.1"
245	2024/01/29 09:40:08	"GET /uv248fip248inf210/lecture_xml.html HTTP/1.1"
245	2024/01/29 10:04:39	"GET /uv248fip248inf210/lecture_validity.html HTTP/1.1"
245	2024/01/29 10:10:37	"GET /uv248fip248inf210/practice_xml.html HTTP/1.1"
245	2024/01/29 11:18:57	"GET /uv248fip248inf210/web_architecture_home.html HTTP/1.1"
245	2024/02/13 08:03:36	"GET /uv248fip248inf210/images/data/prerequisite_data/prerequisite_data.html HTTP/1.1"
245	2024/02/13 08:03:42	"GET /uv248fip248inf210/practice_transaction.html HTTP/1.1"
245	2024/02/13 08:03:53	"GET /uv248fip248inf210/project_specifications.html HTTP/1.1"
245	2024/02/13 08:03:59	"GET /uv248fip248inf210/project_task_time.html HTTP/1.1"
245	2024/02/13 08:04:15	"GET /uv248fip248inf210/practice_independence_views.html HTTP/1.1"
245	2024/02/13 08:04:32	"GET /uv248fip248inf210/index.html HTTP/1.1"
245	2024/02/13 08:04:42	"GET /uv248fip248inf210/data_home.html HTTP/1.1"
245	2024/02/13 08:04:42	"GET /uv248fip248inf210/data_home.html HTTP/1.1"
245	2024/02/13 08:05:24	"GET /uv248fip248inf210/index.html HTTP/1.1"
245	2024/02/13 08:05:30	"GET /uv248fip248inf210/web_architecture_home.html HTTP/1.1"
245	2024/02/13 08:05:32	"GET /uv248fip248inf210/images/web_architecture/prerequisite_archiweb/prerequisite_archiweb.html HTTP/1.1"
245	2024/02/13 08:05:38	"GET /uv248fip248inf210/practice_jpa_advanced.html HTTP/1.1"
245	2024/02/13 08:10:43	"GET /uv248fip248inf210/practice_jpa.html HTTP/1.1"
245	2024/02/06 14:30:16	"GET /uv248fip248inf210/images/data/prerequisite_data/prerequisite_data.html HTTP/1.1"
245	2024/02/06 14:30:47	"GET /uv248fip248inf210/data_home.html HTTP/1.1"
245	2024/02/06 14:31:06	"GET /uv248fip248inf210/lecture_independence_views.html HTTP/1.1"
245	2024/02/06 14:41:57	"GET /uv248fip248inf210/lecture_relational_algebra.html HTTP/1.1"
245	2024/02/06 14:55:16	"GET /uv248fip248inf210/activity_conceptual_modeling_advanced.html HTTP/1.1"
245	2024/02/06 14:55:29	"GET /uv248fip248inf210/activity_conceptual_modeling.html HTTP/1.1"
245	2024/02/06 14:57:33	"GET /uv248fip248inf210/activity_normalization.html HTTP/1.1"
245	2024/02/06 14:57:44	"GET /uv248fip248inf210/practice_independence_views.html HTTP/1.1"
245	2024/02/06 15:00:08	"GET /uv248fip248inf210/lecture_relational_model.html HTTP/1.1"
245	2024/02/06 15:34:14	"GET /uv248fip248inf210/index.html HTTP/1.1"
245	2024/02/06 15:42:39	"GET /uv248fip248inf210/practice_transaction.html HTTP/1.1"
245	2024/02/06 16:09:50	"GET /uv248fip248inf210/project_home.html HTTP/1.1"
245	2024/02/06 16:09:55	"GET /uv248fip248inf210/project_presentation.html HTTP/1.1"
245	2024/02/06 16:11:30	"GET /uv248fip248inf210/project_specifications.html HTTP/1.1"
245	2024/02/06 16:11:33	"GET /uv248fip248inf210/project_evaluation.html HTTP/1.1"
245	2024/02/06 16:18:41	"GET /uv248fip248inf210/project_task_time.html HTTP/1.1"
245	2024/02/06 16:47:08	"GET /uv248fip248inf210/project_specifications.html HTTP/1.1"
245	2024/03/11 13:02:12	"GET /uv248fip248inf210/index.html HTTP/1.1"
245	2024/03/11 13:02:25	"GET /uv248fip248inf210/data_home.html HTTP/1.1"
245	2024/03/11 13:02:32	"GET /uv248fip248inf210/images/data/prerequisite_data/prerequisite_data.html HTTP/1.1"
245	2024/03/11 13:02:39	"GET /uv248fip248inf210/lecture_normalization.html HTTP/1.1"
245	2024/03/11 13:13:01	"GET /uv248fip248inf210/activity_normalization.html HTTP/1.1"
245	2024/03/04 09:36:24	"GET /uv248fip248inf210/project_part2.html HTTP/1.1"
245	2024/03/04 09:37:09	"GET /uv248fip248inf210/project_part3.html HTTP/1.1"
245	2024/03/04 09:49:36	"GET /uv248fip248inf210/project_specifications.html HTTP/1.1"
245	2024/03/04 13:14:47	"GET /uv248fip248inf210/project_specifications.html HTTP/1.1"
245	2024/03/09 16:08:27	"GET /uv248fip248inf210/project_specifications.html HTTP/1.1"
245	2024/03/09 23:53:31	"GET /uv248fip248inf210/project_part3.html HTTP/1.1"
245	2024/03/06 13:19:11	"GET /uv248fip248inf210/project_specifications.html HTTP/1.1"
245	2024/03/06 18:56:02	"GET /uv248fip248inf210/project_specifications.html HTTP/1.1"
245	2024/03/06 18:57:41	"GET /uv248fip248inf210/project_task_time.html HTTP/1.1"
245	2024/02/05 13:49:00	"GET /uv248fip248inf210/lecture_json.html HTTP/1.1"
245	2024/02/05 14:25:40	"GET /uv248fip248inf210/practice_json.html HTTP/1.1"
245	2024/02/05 15:21:41	"GET /uv248fip248inf210/lecture_xml.html HTTP/1.1"
245	2024/02/05 15:22:02	"GET /uv248fip248inf210/lecture_validity.html HTTP/1.1"
245	2024/02/05 15:22:37	"GET /uv248fip248inf210/index.html HTTP/1.1"
245	2024/02/05 15:36:13	"GET /uv248fip248inf210/lecture_conceptual_modeling.html HTTP/1.1"
245	2024/02/05 15:36:45	"GET /uv248fip248inf210/activity_conceptual_modeling.html HTTP/1.1"
245	2024/01/22 09:33:34	"GET /uv248fip248inf210/practice_spring_2tiers.html HTTP/1.1"
245	2024/01/22 13:51:01	"GET /uv248fip248inf210/practice_spring_2tiers.html HTTP/1.1"
245	2024/01/22 15:45:01	"GET /uv248fip248inf210/images/web_architecture/prerequisite_archiweb/prerequisite_archiweb.html HTTP/1.1"
245	2024/01/22 15:45:07	"GET /uv248fip248inf210/lecture_mvc_spring.html HTTP/1.1"
245	2024/02/19 09:39:03	"GET /uv248fip248inf210/project_task_time.html HTTP/1.1"
245	2024/02/19 09:39:10	"GET /uv248fip248inf210/index.html HTTP/1.1"
245	2024/02/19 09:39:35	"GET /uv248fip248inf210/web_architecture_home.html HTTP/1.1"
245	2024/02/19 09:39:52	"GET /uv248fip248inf210/data_home.html HTTP/1.1"
245	2024/02/19 09:40:37	"GET /uv248fip248inf210/practice_spring_2tiers_ext.html HTTP/1.1"
245	2024/02/04 16:42:08	"GET /uv248fip248inf210/web_architecture_home.html HTTP/1.1"
245	2024/02/04 16:42:21	"GET /uv248fip248inf210/index.html HTTP/1.1"
245	2024/02/04 16:43:49	"GET /uv248fip248inf210/images/web_architecture/prerequisite_archiweb/prerequisite_archiweb.html HTTP/1.1"
245	2024/02/04 16:44:04	"GET /uv248fip248inf210/practice_xml.html HTTP/1.1"
245	2024/02/04 16:44:41	"GET /uv248fip248inf210/web_architecture_home.html HTTP/1.1"
245	2024/02/04 16:44:46	"GET /uv248fip248inf210/data_home.html HTTP/1.1"
245	2024/02/04 16:45:00	"GET /uv248fip248inf210/images/data/prerequisite_data/prerequisite_data.html HTTP/1.1"
245	2024/02/04 16:55:08	"GET /uv248fip248inf210/lecture_relational_model.html HTTP/1.1"
245	2024/02/04 16:59:18	"GET /uv248fip248inf210/lecture_db_integrity.html HTTP/1.1"
245	2024/02/04 17:12:51	"GET /uv248fip248inf210/lecture_modeling_normalization.html HTTP/1.1"
245	2024/02/04 17:25:09	"GET /uv248fip248inf210/lecture_conceptual_modeling.html HTTP/1.1"
245	2024/02/04 17:38:24	"GET /uv248fip248inf210/lecture_normalization.html HTTP/1.1"
245	2024/02/04 17:48:42	"GET /uv248fip248inf210/lecture_transaction.html HTTP/1.1"
245	2024/02/04 17:54:42	"GET /uv248fip248inf210/lecture_technical_architecture.html HTTP/1.1"
245	2024/02/04 17:59:56	"GET /uv248fip248inf210/lecture_mvc_spring.html HTTP/1.1"
245	2024/02/04 18:12:59	"GET /uv248fip248inf210/lecture_jpa.html HTTP/1.1"
245	2024/02/04 18:20:55	"GET /uv248fip248inf210/lecture_dto.html HTTP/1.1"
245	2024/03/07 10:09:52	"GET /uv248fip248inf210/project_specifications.html HTTP/1.1"
245	2024/02/22 09:22:47	"GET /uv248fip248inf210/lecture_normalization.html HTTP/1.1"
245	2024/02/22 09:23:13	"GET /uv248fip248inf210/activity_conceptual_modeling.html HTTP/1.1"
245	2024/02/22 09:23:24	"GET /uv248fip248inf210/activity_normalization.html HTTP/1.1"
245	2024/01/17 09:31:13	"GET /uv248fip248inf210/lecture_transaction.html HTTP/1.1"
245	2024/01/17 09:39:57	"GET /uv248fip248inf210/practice_transaction.html HTTP/1.1"
245	2024/01/17 10:42:26	"GET /uv248fip248inf210/practice_transaction_correction.html HTTP/1.1"
245	2024/01/19 09:34:49	"GET /uv248fip248inf210/index.html HTTP/1.1"
245	2024/01/19 09:35:24	"GET /uv248fip248inf210/images/data/prerequisite_data/prerequisite_data.html HTTP/1.1"
245	2024/01/19 09:35:33	"GET /uv248fip248inf210/practice_transaction.html HTTP/1.1"
245	2024/01/19 09:36:22	"GET /uv248fip248inf210/web_architecture_home.html HTTP/1.1"
245	2024/01/19 09:36:27	"GET /uv248fip248inf210/images/web_architecture/prerequisite_archiweb/prerequisite_archiweb.html HTTP/1.1"
245	2024/01/19 09:38:43	"GET /uv248fip248inf210/lecture_technical_architecture.html HTTP/1.1"
245	2024/01/19 09:46:31	"GET /uv248fip248inf210/lecture_software_architecture.html HTTP/1.1"
245	2024/01/19 10:04:00	"GET /uv248fip248inf210/lecture_mvc_spring.html HTTP/1.1"
245	2024/01/19 10:15:07	"GET /uv248fip248inf210/practice_spring_2tiers.html HTTP/1.1"
245	2024/01/11 08:00:44	"GET /uv248fip248inf210/practice_docker.html HTTP/1.1"
245	2024/01/11 08:59:49	"GET /uv248fip248inf210/documentation_programming.html HTTP/1.1"
245	2024/01/11 09:01:47	"GET /uv248fip248inf210/practice_spring.html HTTP/1.1"
245	2024/01/11 09:02:34	"GET /uv248fip248inf210/technical_environment_home.html HTTP/1.1"
245	2024/01/11 09:09:38	"GET /uv248fip248inf210/index.html HTTP/1.1"
245	2024/01/11 09:13:36	"GET /uv248fip248inf210/practice_spring.html HTTP/1.1"
245	2024/01/11 09:13:45	"GET /uv248fip248inf210/technical_environment_home.html HTTP/1.1"
245	2024/01/11 10:28:26	"GET /uv248fip248inf210/index.html HTTP/1.1"
245	2024/01/11 10:28:34	"GET /uv248fip248inf210/technical_environment_home.html HTTP/1.1"
245	2024/01/11 10:28:53	"GET /uv248fip248inf210/images/technical_environment/prerequisite_techenv/prerequisite_techenv.html HTTP/1.1"
245	2024/01/11 10:28:56	"GET /uv248fip248inf210/documentation_programming.html HTTP/1.1"
245	2024/01/11 10:29:05	"GET /uv248fip248inf210/practice_spring.html HTTP/1.1"
245	2024/01/11 10:29:19	"GET /uv248fip248inf210/practice_postgresql.html HTTP/1.1"
245	2024/01/11 10:34:02	"GET /uv248fip248inf210/practice_docker.html HTTP/1.1"
245	2024/01/11 15:20:58	"GET /uv248fip248inf210/index.html HTTP/1.1"
245	2024/01/11 15:26:59	"GET /uv248fip248inf210/data_home.html HTTP/1.1"
245	2024/01/11 15:27:05	"GET /uv248fip248inf210/images/data/prerequisite_data/prerequisite_data.html HTTP/1.1"
245	2024/01/11 15:36:42	"GET /uv248fip248inf210/lecture_relational_model.html HTTP/1.1"
245	2024/01/11 15:43:12	"GET /uv248fip248inf210/lecture_db_integrity.html HTTP/1.1"
245	2024/01/11 15:54:02	"GET /uv248fip248inf210/activity_sql.html HTTP/1.1"
245	2024/01/11 15:54:27	"GET /uv248fip248inf210/lecture_relational_algebra.html HTTP/1.1"
245	2024/02/21 13:53:28	"GET /uv248fip248inf210/index.html HTTP/1.1"
245	2024/02/21 13:53:33	"GET /uv248fip248inf210/project_home.html HTTP/1.1"
245	2024/02/21 13:53:37	"GET /uv248fip248inf210/project_part1.html HTTP/1.1"
245	2024/02/21 13:54:48	"GET /uv248fip248inf210/project_specifications.html HTTP/1.1"
245	2024/02/21 14:04:36	"GET /uv248fip248inf210/data_home.html HTTP/1.1"
245	2024/02/21 14:04:39	"GET /uv248fip248inf210/images/data/prerequisite_data/prerequisite_data.html HTTP/1.1"
245	2024/02/21 14:04:52	"GET /uv248fip248inf210/activity_relational_model.html HTTP/1.1"
245	2024/02/21 14:05:02	"GET /uv248fip248inf210/lecture_relational_model.html HTTP/1.1"
245	2024/02/21 14:05:09	"GET /uv248fip248inf210/lecture_db_integrity.html HTTP/1.1"
245	2024/02/21 14:05:23	"GET /uv248fip248inf210/lecture_modeling_normalization.html HTTP/1.1"
245	2024/02/21 14:05:28	"GET /uv248fip248inf210/lecture_conceptual_modeling.html HTTP/1.1"
245	2024/02/21 20:50:52	"GET /uv248fip248inf210/project_task_time.html HTTP/1.1"
245	2024/02/29 22:34:58	"GET /uv248fip248inf210/project_part3.html HTTP/1.1"
245	2024/02/29 22:35:01	"GET /uv248fip248inf210/project_part2.html HTTP/1.1"
245	2024/01/09 10:31:34	"GET /uv248fip248inf210/technical_environment_home.html HTTP/1.1"
245	2024/01/09 10:32:10	"GET /uv248fip248inf210/images/technical_environment/prerequisite_techenv/prerequisite_techenv.html HTTP/1.1"
245	2024/01/09 11:19:42	"GET /uv248fip248inf210/documentation_docker.html HTTP/1.1"
245	2024/01/09 11:47:09	"GET /uv248fip248inf210/practice_docker.html HTTP/1.1"
245	2024/02/26 09:38:45	"GET /uv248fip248inf210/activity_normalization.html HTTP/1.1"
245	2024/02/26 09:38:50	"GET /uv248fip248inf210/project_specifications.html HTTP/1.1"
245	2024/02/26 09:38:51	"GET /uv248fip248inf210/project_part1.html HTTP/1.1"
245	2024/02/26 09:38:56	"GET /uv248fip248inf210/project_part2.html HTTP/1.1"
245	2024/02/26 10:26:22	"GET /uv248fip248inf210/project_part2.html HTTP/1.1"
245	2024/02/26 11:27:48	"GET /uv248fip248inf210/project_part2.html HTTP/1.1"
245	2024/01/15 09:31:15	"GET /uv248fip248inf210/activity_conceptual_modeling.html HTTP/1.1"
245	2024/01/15 09:31:36	"GET /uv248fip248inf210/activity_normalization.html HTTP/1.1"
245	2024/01/15 09:39:28	"GET /uv248fip248inf210/lecture_normalization.html HTTP/1.1"
245	2024/01/15 10:12:10	"GET /uv248fip248inf210/activity_normalization_correction.html HTTP/1.1"
245	2024/01/15 11:22:19	"GET /uv248fip248inf210/activity_decomposition.html HTTP/1.1"
245	2024/01/15 11:47:56	"GET /uv248fip248inf210/activity_decomposition_correction.html HTTP/1.1"
245	2024/02/28 09:31:50	"GET /uv248fip248inf210/project_part2.html HTTP/1.1"
245	2024/02/28 15:45:43	"GET /uv248fip248inf210/project_part2.html HTTP/1.1"
245	2024/02/28 16:24:52	"GET /uv248fip248inf210/project_part3.html HTTP/1.1"
245	2024/01/12 09:38:40	"GET /uv248fip248inf210/activity_sql.html HTTP/1.1"
245	2024/01/12 11:17:48	"GET /uv248fip248inf210/activity_sql_correction.html HTTP/1.1"
245	2024/01/12 11:26:41	"GET /uv248fip248inf210/practice_sql.html HTTP/1.1"
245	2024/01/12 11:27:28	"GET /uv248fip248inf210/practice_postgresql.html HTTP/1.1"
245	2024/01/12 13:44:50	"GET /uv248fip248inf210/practice_sql.html HTTP/1.1"
245	2024/01/12 13:57:52	"GET /uv248fip248inf210/images/data/prerequisite_data/prerequisite_data.html HTTP/1.1"
245	2024/01/12 13:57:53	"GET /uv248fip248inf210/activity_sql.html HTTP/1.1"
245	2024/01/12 14:14:01	"GET /uv248fip248inf210/lecture_db_integrity.html HTTP/1.1"
245	2024/01/12 15:25:38	"GET /uv248fip248inf210/practice_sql_correction.html HTTP/1.1"
245	2024/01/12 15:41:46	"GET /uv248fip248inf210/lecture_modeling_normalization.html HTTP/1.1"
245	2024/01/12 15:54:30	"GET /uv248fip248inf210/lecture_conceptual_modeling.html HTTP/1.1"
245	2024/01/12 16:14:38	"GET /uv248fip248inf210/lecture_normalization.html HTTP/1.1"
245	2024/01/12 20:17:02	"GET /uv248fip248inf210/activity_conceptual_modeling.html HTTP/1.1"
245	2024/01/12 20:19:24	"GET /uv248fip248inf210/lecture_relational_model.html HTTP/1.1"
245	2024/01/12 20:19:24	"GET /uv248fip248inf210/lecture_db_integrity.html HTTP/1.1"
245	2024/01/12 20:19:25	"GET /uv248fip248inf210/lecture_modeling_normalization.html HTTP/1.1"
245	2024/01/12 20:19:26	"GET /uv248fip248inf210/lecture_conceptual_modeling.html HTTP/1.1"
245	2024/01/12 20:21:48	"GET /uv248fip248inf210/lecture_normalization.html HTTP/1.1"
245	2024/01/12 20:22:07	"GET /uv248fip248inf210/activity_normalization.html HTTP/1.1"
245	2024/01/12 21:59:55	"GET /uv248fip248inf210/activity_conceptual_modeling_correction.html HTTP/1.1"
245	2024/01/12 22:01:49	"GET /uv248fip248inf210/index.html HTTP/1.1"
245	2024/01/12 22:04:22	"GET /uv248fip248inf210/activity_conceptual_modeling_correction.html HTTP/1.1"
