246	2024/02/09 09:37:13	"GET /uv248fip248inf210/project_home.html HTTP/1.1"
246	2024/02/09 09:37:18	"GET /uv248fip248inf210/project_part1.html HTTP/1.1"
246	2024/02/09 11:17:06	"GET /uv248fip248inf210/project_part2.html HTTP/1.1"
246	2024/02/09 11:18:04	"GET /uv248fip248inf210/project_evaluation.html HTTP/1.1"
246	2024/02/09 11:18:25	"GET /uv248fip248inf210/bd_cours_mor_generalites.html HTTP/1.1"
246	2024/03/02 16:37:43	"GET /uv248fip248inf210/project_home.html HTTP/1.1"
246	2024/03/02 16:38:20	"GET /uv248fip248inf210/project_part3.html HTTP/1.1"
246	2024/03/02 16:38:23	"GET /uv248fip248inf210/project_structureui.html HTTP/1.1"
246	2024/01/29 09:51:39	"GET /uv248fip248inf210/web_architecture_home.html HTTP/1.1"
246	2024/01/29 09:51:41	"GET /uv248fip248inf210/images/web_architecture/prerequisite_archiweb/prerequisite_archiweb.html HTTP/1.1"
246	2024/01/29 09:51:52	"GET /uv248fip248inf210/practice_jpa.html HTTP/1.1"
246	2024/02/13 08:06:31	"GET /uv248fip248inf210/project_home.html HTTP/1.1"
246	2024/02/13 08:06:34	"GET /uv248fip248inf210/project_part2.html HTTP/1.1"
246	2024/02/13 08:09:38	"GET /uv248fip248inf210/fproject_part3.html HTTP/1.1"
246	2024/02/13 08:09:53	"GET /uv248fip248inf210/fproject_part3.html HTTP/1.1"
246	2024/02/13 08:09:56	"GET /uv248fip248inf210/project_structureui.html HTTP/1.1"
246	2024/02/13 08:12:58	"GET /uv248fip248inf210/index.html HTTP/1.1"
246	2024/02/13 08:13:01	"GET /uv248fip248inf210/web_architecture_home.html HTTP/1.1"
246	2024/02/13 08:13:04	"GET /uv248fip248inf210/images/web_architecture/prerequisite_archiweb/prerequisite_archiweb.html HTTP/1.1"
246	2024/02/13 08:13:10	"GET /uv248fip248inf210/practice_jpa_advanced.html HTTP/1.1"
246	2024/02/13 08:14:48	"GET /uv248fip248inf210/data_home.html HTTP/1.1"
246	2024/02/13 08:14:50	"GET /uv248fip248inf210/images/data/prerequisite_data/prerequisite_data.html HTTP/1.1"
246	2024/02/13 08:15:07	"GET /uv248fip248inf210/activity_conceptual_modeling_advanced.html HTTP/1.1"
246	2024/02/13 08:55:05	"GET /uv248fip248inf210/project_part1.html HTTP/1.1"
246	2024/02/13 08:59:16	"GET /uv248fip248inf210/technical_environment_home.html HTTP/1.1"
246	2024/02/06 14:24:38	"GET /uv248fip248inf210/data_home.html HTTP/1.1"
246	2024/02/06 14:24:44	"GET /uv248fip248inf210/activity_conceptual_modeling_advanced.html HTTP/1.1"
246	2024/02/06 14:26:15	"GET /uv248fip248inf210/index.html HTTP/1.1"
246	2024/02/06 14:26:23	"GET /uv248fip248inf210/technical_environment_home.html HTTP/1.1"
246	2024/02/06 14:26:39	"GET /uv248fip248inf210/images/web_architecture/prerequisite_archiweb/prerequisite_archiweb.html HTTP/1.1"
246	2024/02/06 14:26:42	"GET /uv248fip248inf210/practice_jpa_advanced.html HTTP/1.1"
246	2024/02/06 14:29:06	"GET /uv248fip248inf210/images/data/prerequisite_data/prerequisite_data.html HTTP/1.1"
246	2024/02/06 14:30:13	"GET /uv248fip248inf210/activity_conceptual_modeling.html HTTP/1.1"
246	2024/02/06 14:39:21	"GET /uv248fip248inf210/activity_conceptual_modeling_correction.html HTTP/1.1"
246	2024/02/06 15:03:54	"GET /uv248fip248inf210/activity_conceptual_modeling_advanced_correction.html HTTP/1.1"
246	2024/03/11 13:27:52	"GET /uv248fip248inf210/project_part1.html HTTP/1.1"
246	2024/03/11 13:27:56	"GET /uv248fip248inf210/index.html HTTP/1.1"
246	2024/03/11 13:27:58	"GET /uv248fip248inf210/data_home.html HTTP/1.1"
246	2024/03/11 13:28:03	"GET /uv248fip248inf210/activity_conceptual_modeling.html HTTP/1.1"
246	2024/03/11 13:28:06	"GET /uv248fip248inf210/activity_normalization.html HTTP/1.1"
246	2024/03/11 13:28:07	"GET /uv248fip248inf210/lecture_normalization.html HTTP/1.1"
246	2024/03/11 13:28:18	"GET /uv248fip248inf210/activity_decomposition.html HTTP/1.1"
246	2024/03/11 13:28:33	"GET /uv248fip248inf210/lecture_conceptual_modeling.html HTTP/1.1"
246	2024/03/11 13:29:00	"GET /uv248fip248inf210/lecture_modeling_normalization.html HTTP/1.1"
246	2024/03/11 13:40:13	"GET /uv248fip248inf210/web_architecture_home.html HTTP/1.1"
246	2024/03/11 13:40:16	"GET /uv248fip248inf210/index.html HTTP/1.1"
246	2024/03/11 13:40:35	"GET /uv248fip248inf210/data_home.html HTTP/1.1"
246	2024/03/11 13:40:54	"GET /uv248fip248inf210/lecture_conceptual_modeling.html HTTP/1.1"
246	2024/03/11 13:40:56	"GET /uv248fip248inf210/lecture_normalization.html HTTP/1.1"
246	2024/03/11 13:54:51	"GET /uv248fip248inf210/activity_conceptual_modeling.html HTTP/1.1"
246	2024/03/11 13:55:00	"GET /uv248fip248inf210/activity_normalization.html HTTP/1.1"
246	2024/03/11 13:55:07	"GET /uv248fip248inf210/activity_normalization_correction.html HTTP/1.1"
246	2024/03/04 09:39:12	"GET /uv248fip248inf210/project_specifications.html HTTP/1.1"
246	2024/03/04 12:44:06	"GET /uv248fip248inf210/project_home.html HTTP/1.1"
246	2024/03/03 12:33:37	"GET /uv248fip248inf210/project_home.html HTTP/1.1"
246	2024/03/03 12:33:57	"GET /uv248fip248inf210/project_specifications.html HTTP/1.1"
246	2024/02/08 09:56:44	"GET /uv248fip248inf210/project_home.html HTTP/1.1"
246	2024/02/08 09:56:49	"GET /uv248fip248inf210/project_part1.html HTTP/1.1"
246	2024/02/08 09:56:51	"GET /uv248fip248inf210/project_presentation.html HTTP/1.1"
246	2024/02/08 09:56:53	"GET /uv248fip248inf210/project_evaluation.html HTTP/1.1"
246	2024/02/08 09:57:35	"GET /uv248fip248inf210/project_specifications.html HTTP/1.1"
246	2024/02/08 10:05:11	"GET /uv248fip248inf210/project_task_time.html HTTP/1.1"
246	2024/03/01 22:09:26	"GET /uv248fip248inf210/data_home.html HTTP/1.1"
246	2024/03/01 22:09:28	"GET /uv248fip248inf210/index.html HTTP/1.1"
246	2024/03/01 22:09:31	"GET /uv248fip248inf210/project_home.html HTTP/1.1"
246	2024/03/01 22:09:36	"GET /uv248fip248inf210/project_part2.html HTTP/1.1"
246	2024/03/06 09:33:39	"GET /uv248fip248inf210/project_home.html HTTP/1.1"
246	2024/03/06 09:33:50	"GET /uv248fip248inf210/project_specifications.html HTTP/1.1"
246	2024/03/06 09:41:49	"GET /uv248fip248inf210/project_part4.html HTTP/1.1"
246	2024/03/06 20:11:10	"GET /uv248fip248inf210/project_evaluation.html HTTP/1.1"
246	2024/03/06 23:59:45	"GET /uv248fip248inf210/project_structureui.html HTTP/1.1"
246	2024/03/07 00:00:03	"GET /uv248fip248inf210/project_part3.html HTTP/1.1"
246	2024/02/05 11:05:06	"GET /uv248fip248inf210/data_home.html HTTP/1.1"
246	2024/02/05 11:05:14	"GET /uv248fip248inf210/activity_normalization.html HTTP/1.1"
246	2024/02/05 11:05:58	"GET /uv248fip248inf210/activity_normalization_correction.html HTTP/1.1"
246	2024/02/05 15:10:23	"GET /uv248fip248inf210/web_architecture_home.html HTTP/1.1"
246	2024/02/05 15:44:44	"GET /uv248fip248inf210/index.html HTTP/1.1"
246	2024/01/22 13:49:11	"GET /uv248fip248inf210/web_architecture_home.html HTTP/1.1"
246	2024/01/22 13:49:14	"GET /uv248fip248inf210/images/web_architecture/prerequisite_archiweb/prerequisite_archiweb.html HTTP/1.1"
246	2024/01/22 13:49:16	"GET /uv248fip248inf210/lecture_xml.html HTTP/1.1"
246	2024/01/22 13:49:23	"GET /uv248fip248inf210/lecture_validity.html HTTP/1.1"
246	2024/01/22 13:49:35	"GET /uv248fip248inf210/practice_xml.html HTTP/1.1"
246	2024/01/22 14:21:13	"GET /uv248fip248inf210/index.html HTTP/1.1"
246	2024/01/22 14:21:15	"GET /uv248fip248inf210/data_home.html HTTP/1.1"
246	2024/01/22 14:21:16	"GET /uv248fip248inf210/images/data/prerequisite_data/prerequisite_data.html HTTP/1.1"
246	2024/01/22 14:46:46	"GET /uv248fip248inf210/lecture_jpa.html HTTP/1.1"
246	2024/01/22 14:53:34	"GET /uv248fip248inf210/practice_jpa.html HTTP/1.1"
246	2024/02/18 14:59:14	"GET /uv248fip248inf210/project_specifications.html HTTP/1.1"
246	2024/02/18 14:59:17	"GET /uv248fip248inf210/index.html HTTP/1.1"
246	2024/02/18 14:59:20	"GET /uv248fip248inf210/data_home.html HTTP/1.1"
246	2024/02/18 14:59:22	"GET /uv248fip248inf210/activity_sql.html HTTP/1.1"
246	2024/02/18 14:59:23	"GET /uv248fip248inf210/practice_sql.html HTTP/1.1"
246	2024/02/18 14:59:26	"GET /uv248fip248inf210/practice_sql_correction.html HTTP/1.1"
246	2024/03/07 10:56:00	"GET /uv248fip248inf210/project_specifications.html HTTP/1.1"
246	2024/03/07 11:23:25	"GET /uv248fip248inf210/project_home.html HTTP/1.1"
246	2024/03/07 11:23:27	"GET /uv248fip248inf210/project_evaluation.html HTTP/1.1"
246	2024/03/08 13:33:18	"GET /uv248fip248inf210/project_home.html HTTP/1.1"
246	2024/03/08 13:33:22	"GET /uv248fip248inf210/project_specifications.html HTTP/1.1"
246	2024/02/03 15:27:55	"GET /uv248fip248inf210/data_home.html HTTP/1.1"
246	2024/02/03 15:28:03	"GET /uv248fip248inf210/lecture_conceptual_modeling.html HTTP/1.1"
246	2024/02/03 15:47:58	"GET /uv248fip248inf210/lecture_normalization.html HTTP/1.1"
246	2024/02/03 15:48:19	"GET /uv248fip248inf210/activity_conceptual_modeling.html HTTP/1.1"
246	2024/02/03 15:48:24	"GET /uv248fip248inf210/activity_conceptual_modeling_correction.html HTTP/1.1"
246	2024/01/10 14:06:07	"GET /uv248fip248inf210/technical_environment_home.html HTTP/1.1"
246	2024/01/10 14:06:28	"GET /uv248fip248inf210/documentation_docker.html HTTP/1.1"
246	2024/01/10 14:06:32	"GET /uv248fip248inf210/practice_docker.html HTTP/1.1"
246	2024/01/10 14:06:41	"GET /uv248fip248inf210/practice_postgresql.html HTTP/1.1"
246	2024/01/10 14:13:01	"GET /uv248fip248inf210/documentation_programming.html HTTP/1.1"
246	2024/01/10 14:26:00	"GET /uv248fip248inf210/documentation_si.html HTTP/1.1"
246	2024/01/10 14:26:11	"GET /uv248fip248inf210/documentation_rdbms.html HTTP/1.1"
246	2024/01/10 14:26:26	"GET /uv248fip248inf210/inversion_of_control.html HTTP/1.1"
246	2024/01/10 14:30:19	"GET /uv248fip248inf210/web_architecture_home.html HTTP/1.1"
246	2024/01/10 14:30:35	"GET /uv248fip248inf210/images/web_architecture/prerequisite_archiweb/prerequisite_archiweb.html HTTP/1.1"
246	2024/01/10 14:33:00	"GET /uv248fip248inf210/lecture_technical_architecture.html HTTP/1.1"
246	2024/01/10 14:43:15	"GET /uv248fip248inf210/lecture_software_architecture.html HTTP/1.1"
246	2024/01/10 14:43:22	"GET /uv248fip248inf210/lecture_mvc_spring.html HTTP/1.1"
246	2024/01/17 09:36:38	"GET /uv248fip248inf210/data_home.html HTTP/1.1"
246	2024/01/17 09:40:07	"GET /uv248fip248inf210/images/data/prerequisite_data/prerequisite_data.html HTTP/1.1"
246	2024/01/17 09:40:10	"GET /uv248fip248inf210/activity_sql.html HTTP/1.1"
246	2024/01/17 09:42:38	"GET /uv248fip248inf210/practice_sql.html HTTP/1.1"
246	2024/01/17 10:04:09	"GET /uv248fip248inf210/practice_sql_correction.html HTTP/1.1"
246	2024/01/17 11:11:53	"GET /uv248fip248inf210/lecture_transaction.html HTTP/1.1"
246	2024/01/17 11:13:04	"GET /uv248fip248inf210/index.html HTTP/1.1"
246	2024/01/17 11:13:09	"GET /uv248fip248inf210/web_architecture_home.html HTTP/1.1"
246	2024/01/17 11:13:11	"GET /uv248fip248inf210/images/web_architecture/prerequisite_archiweb/prerequisite_archiweb.html HTTP/1.1"
246	2024/01/17 11:35:56	"GET /uv248fip248inf210/practice_transaction.html HTTP/1.1"
246	2024/01/17 11:49:09	"GET /uv248fip248inf210/practice_transaction_correction.html HTTP/1.1"
246	2024/01/19 09:36:59	"GET /uv248fip248inf210/web_architecture_home.html HTTP/1.1"
246	2024/01/19 09:37:04	"GET /uv248fip248inf210/data_home.html HTTP/1.1"
246	2024/01/19 09:37:05	"GET /uv248fip248inf210/images/data/prerequisite_data/prerequisite_data.html HTTP/1.1"
246	2024/01/19 09:37:07	"GET /uv248fip248inf210/practice_transaction.html HTTP/1.1"
246	2024/01/19 09:43:22	"GET /uv248fip248inf210/activity_decomposition.html HTTP/1.1"
246	2024/01/19 09:43:43	"GET /uv248fip248inf210/activity_decomposition_correction.html HTTP/1.1"
246	2024/01/19 10:19:21	"GET /uv248fip248inf210/practice_transaction_correction.html HTTP/1.1"
246	2024/01/19 10:27:13	"GET /uv248fip248inf210/lecture_db_integrity.html HTTP/1.1"
246	2024/01/19 10:27:30	"GET /uv248fip248inf210/activity_relational_model.html HTTP/1.1"
246	2024/01/19 10:27:53	"GET /uv248fip248inf210/index.html HTTP/1.1"
246	2024/01/19 10:31:53	"GET /uv248fip248inf210/images/web_architecture/prerequisite_archiweb/prerequisite_archiweb.html HTTP/1.1"
246	2024/01/19 10:32:03	"GET /uv248fip248inf210/lecture_dto.html HTTP/1.1"
246	2024/01/19 10:32:10	"GET /uv248fip248inf210/lecture_json.html HTTP/1.1"
246	2024/01/19 10:32:20	"GET /uv248fip248inf210/practice_json.html HTTP/1.1"
246	2024/01/19 11:14:14	"GET /uv248fip248inf210/lecture_mvc_spring.html HTTP/1.1"
246	2024/01/19 11:14:17	"GET /uv248fip248inf210/lecture_jpa.html HTTP/1.1"
246	2024/01/19 11:14:20	"GET /uv248fip248inf210/practice_spring_2tiers.html HTTP/1.1"
246	2024/01/19 11:27:09	"GET /uv248fip248inf210/lecture_xml.html HTTP/1.1"
246	2024/01/19 11:35:42	"GET /uv248fip248inf210/lecture_validity.html HTTP/1.1"
246	2024/01/19 11:36:15	"GET /uv248fip248inf210/practice_xml.html HTTP/1.1"
246	2024/01/11 08:11:40	"GET /uv248fip248inf210/technical_environment_home.html HTTP/1.1"
246	2024/01/11 08:50:17	"GET /uv248fip248inf210/index.html HTTP/1.1"
246	2024/01/11 08:50:19	"GET /uv248fip248inf210/web_architecture_home.html HTTP/1.1"
246	2024/01/11 08:57:37	"GET /uv248fip248inf210/lecture_technical_architecture.html HTTP/1.1"
246	2024/01/11 08:58:10	"GET /uv248fip248inf210/lecture_mvc_spring.html HTTP/1.1"
246	2024/01/11 10:19:08	"GET /uv248fip248inf210/index.html HTTP/1.1"
246	2024/01/11 10:19:16	"GET /uv248fip248inf210/data_home.html HTTP/1.1"
246	2024/01/11 10:19:18	"GET /uv248fip248inf210/images/data/prerequisite_data/prerequisite_data.html HTTP/1.1"
246	2024/01/11 10:20:59	"GET /uv248fip248inf210/web_architecture_home.html HTTP/1.1"
246	2024/01/11 10:21:03	"GET /uv248fip248inf210/images/web_architecture/prerequisite_archiweb/prerequisite_archiweb.html HTTP/1.1"
246	2024/01/11 10:28:20	"GET /uv248fip248inf210/lecture_relational_model.html HTTP/1.1"
246	2024/01/11 15:26:32	"GET /uv248fip248inf210/data_home.html HTTP/1.1"
246	2024/01/11 15:26:51	"GET /uv248fip248inf210/lecture_modeling_normalization.html HTTP/1.1"
246	2024/01/11 15:43:06	"GET /uv248fip248inf210/index.html HTTP/1.1"
246	2024/01/11 15:44:42	"GET /uv248fip248inf210/lecture_conceptual_modeling.html HTTP/1.1"
246	2024/01/11 15:56:39	"GET /uv248fip248inf210/web_architecture_home.html HTTP/1.1"
246	2024/01/11 15:56:46	"GET /uv248fip248inf210/lecture_mvc_spring.html HTTP/1.1"
246	2024/01/11 15:56:48	"GET /uv248fip248inf210/practice_jpa.html HTTP/1.1"
246	2024/01/11 15:57:05	"GET /uv248fip248inf210/activity_sql.html HTTP/1.1"
246	2024/01/11 16:05:17	"GET /uv248fip248inf210/images/data/prerequisite_data/prerequisite_data.html HTTP/1.1"
246	2024/01/11 16:05:20	"GET /uv248fip248inf210/activity_conceptual_modeling.html HTTP/1.1"
246	2024/02/21 11:25:29	"GET /uv248fip248inf210/project_specifications.html HTTP/1.1"
246	2024/02/21 11:25:31	"GET /uv248fip248inf210/project_part1.html HTTP/1.1"
246	2024/02/21 11:26:01	"GET /uv248fip248inf210/project_part2.html HTTP/1.1"
246	2024/02/21 15:56:19	"GET /uv248fip248inf210/project_home.html HTTP/1.1"
246	2024/02/21 15:56:22	"GET /uv248fip248inf210/project_part2.html HTTP/1.1"
246	2024/02/21 15:56:28	"GET /uv248fip248inf210/project_part1.html HTTP/1.1"
246	2024/02/21 16:23:00	"GET /uv248fip248inf210/project_specifications.html HTTP/1.1"
246	2024/01/13 14:15:53	"GET /uv248fip248inf210/web_architecture_home.html HTTP/1.1"
246	2024/01/13 14:16:02	"GET /uv248fip248inf210/images/web_architecture/prerequisite_archiweb/prerequisite_archiweb.html HTTP/1.1"
246	2024/01/13 14:16:38	"GET /uv248fip248inf210/practice_spring_2tiers.html HTTP/1.1"
246	2024/01/13 17:58:31	"GET /uv248fip248inf210/lecture_jpa.html HTTP/1.1"
246	2024/01/13 18:01:07	"GET /uv248fip248inf210/practice_jpa.html HTTP/1.1"
246	2024/01/13 18:01:15	"GET /uv248fip248inf210/practice_jpa.html HTTP/1.1"
246	2024/01/13 18:02:48	"GET /uv248fip248inf210/lecture_dto.html HTTP/1.1"
246	2024/01/13 18:02:50	"GET /uv248fip248inf210/lecture_xml.html HTTP/1.1"
246	2024/01/13 18:03:11	"GET /uv248fip248inf210/practice_xml.html HTTP/1.1"
246	2024/01/13 18:03:12	"GET /uv248fip248inf210/lecture_jaxb.html HTTP/1.1"
246	2024/01/13 18:03:29	"GET /uv248fip248inf210/lecture_json.html HTTP/1.1"
246	2024/01/13 18:03:31	"GET /uv248fip248inf210/index.html HTTP/1.1"
246	2024/01/13 18:03:35	"GET /uv248fip248inf210/project_home.html HTTP/1.1"
246	2024/01/13 18:03:37	"GET /uv248fip248inf210/project_presentation.html HTTP/1.1"
246	2024/01/13 18:14:43	"GET /uv248fip248inf210/fproject_part3.html HTTP/1.1"
246	2024/01/13 18:14:48	"GET /uv248fip248inf210/project_part1.html HTTP/1.1"
246	2024/01/13 18:14:54	"GET /uv248fip248inf210/project_specifications.html HTTP/1.1"
246	2024/01/13 18:14:59	"GET /uv248fip248inf210/project_task_time.html HTTP/1.1"
246	2024/01/13 18:17:50	"GET /uv248fip248inf210/project_evaluation.html HTTP/1.1"
246	2024/01/13 18:32:08	"GET /uv248fip248inf210/bd_cours_mor_generalites.html HTTP/1.1"
246	2024/01/09 09:53:17	"GET /uv248fip248inf210/technical_environment_home.html HTTP/1.1"
246	2024/01/09 09:54:46	"GET /uv248fip248inf210/index.html HTTP/1.1"
246	2024/01/09 09:57:01	"GET /uv248fip248inf210/images/technical_environment/prerequisite_techenv/prerequisite_techenv.html HTTP/1.1"
246	2024/01/09 09:58:25	"GET /uv248fip248inf210/web_architecture_home.html HTTP/1.1"
246	2024/01/09 10:25:03	"GET /uv248fip248inf210/technical_environment_home.html HTTP/1.1"
246	2024/01/09 10:25:06	"GET /uv248fip248inf210/images/technical_environment/prerequisite_techenv/prerequisite_techenv.html HTTP/1.1"
246	2024/01/09 10:52:20	"GET /uv248fip248inf210/documentation_programming.html HTTP/1.1"
246	2024/01/09 11:08:17	"GET /uv248fip248inf210/practice_spring.html HTTP/1.1"
246	2024/01/09 11:42:22	"GET /uv248fip248inf210/documentation_docker.html HTTP/1.1"
246	2024/01/09 11:56:56	"GET /uv248fip248inf210/practice_docker.html HTTP/1.1"
246	2024/01/09 14:52:57	"GET /uv248fip248inf210/practice_postgresql.html HTTP/1.1"
246	2024/02/26 09:33:49	"GET /uv248fip248inf210/project_home.html HTTP/1.1"
246	2024/02/26 09:34:16	"GET /uv248fip248inf210/project_part2.html HTTP/1.1"
246	2024/02/26 10:15:23	"GET /uv248fip248inf210/project_part2.html HTTP/1.1"
246	2024/02/26 10:45:13	"GET /uv248fip248inf210/project_part1.html HTTP/1.1"
246	2024/02/26 11:07:12	"GET /uv248fip248inf210/project_part1.html HTTP/1.1"
246	2024/02/26 11:07:14	"GET /uv248fip248inf210/project_part2.html HTTP/1.1"
246	2024/01/14 11:54:03	"GET /uv248fip248inf210/data_home.html HTTP/1.1"
246	2024/01/14 11:54:08	"GET /uv248fip248inf210/images/data/prerequisite_data/prerequisite_data.html HTTP/1.1"
246	2024/01/14 11:54:13	"GET /uv248fip248inf210/activity_sql.html HTTP/1.1"
246	2024/01/14 12:19:10	"GET /uv248fip248inf210/lecture_relational_algebra.html HTTP/1.1"
246	2024/01/14 12:30:57	"GET /uv248fip248inf210/practice_sql.html HTTP/1.1"
246	2024/01/14 12:31:07	"GET /uv248fip248inf210/activity_sql_correction.html HTTP/1.1"
246	2024/01/15 09:42:01	"GET /uv248fip248inf210/web_architecture_home.html HTTP/1.1"
246	2024/01/15 09:42:04	"GET /uv248fip248inf210/images/web_architecture/prerequisite_archiweb/prerequisite_archiweb.html HTTP/1.1"
246	2024/01/15 09:42:14	"GET /uv248fip248inf210/lecture_mvc_spring.html HTTP/1.1"
246	2024/01/15 09:45:07	"GET /uv248fip248inf210/lecture_jpa.html HTTP/1.1"
246	2024/01/15 09:45:28	"GET /uv248fip248inf210/practice_jpa.html HTTP/1.1"
246	2024/01/15 09:53:22	"GET /uv248fip248inf210/index.html HTTP/1.1"
246	2024/01/15 09:53:27	"GET /uv248fip248inf210/data_home.html HTTP/1.1"
246	2024/01/15 09:53:31	"GET /uv248fip248inf210/activity_normalization.html HTTP/1.1"
246	2024/01/15 09:55:03	"GET /uv248fip248inf210/activity_normalization_correction.html HTTP/1.1"
246	2024/01/15 10:03:16	"GET /uv248fip248inf210/practice_spring_2tiers_ext.html HTTP/1.1"
246	2024/02/27 14:35:40	"GET /uv248fip248inf210/project_home.html HTTP/1.1"
246	2024/02/27 14:35:43	"GET /uv248fip248inf210/project_part2.html HTTP/1.1"
246	2024/02/27 14:35:47	"GET /uv248fip248inf210/project_part3.html HTTP/1.1"
246	2024/02/28 09:40:24	"GET /uv248fip248inf210/project_home.html HTTP/1.1"
246	2024/02/28 09:40:41	"GET /uv248fip248inf210/project_part2.html HTTP/1.1"
246	2024/02/28 13:54:38	"GET /uv248fip248inf210/data_home.html HTTP/1.1"
246	2024/02/28 13:54:40	"GET /uv248fip248inf210/index.html HTTP/1.1"
246	2024/02/28 13:54:46	"GET /uv248fip248inf210/project_part3.html HTTP/1.1"
246	2024/02/28 13:54:48	"GET /uv248fip248inf210/project_structureui.html HTTP/1.1"
246	2024/02/28 13:54:52	"GET /uv248fip248inf210/project_presentation.html HTTP/1.1"
246	2024/02/28 14:20:47	"GET /uv248fip248inf210/project_part4.html HTTP/1.1"
246	2024/02/28 14:45:16	"GET /uv248fip248inf210/project_specifications.html HTTP/1.1"
246	2024/01/12 10:17:12	"GET /uv248fip248inf210/data_home.html HTTP/1.1"
246	2024/01/12 10:17:29	"GET /uv248fip248inf210/activity_conceptual_modeling.html HTTP/1.1"
246	2024/01/12 10:18:01	"GET /uv248fip248inf210/lecture_normalization.html HTTP/1.1"
246	2024/01/12 10:18:11	"GET /uv248fip248inf210/lecture_conceptual_modeling.html HTTP/1.1"
246	2024/01/12 11:25:19	"GET /uv248fip248inf210/activity_conceptual_modeling_correction.html HTTP/1.1"
246	2024/01/12 12:05:52	"GET /uv248fip248inf210/lecture_relational_model.html HTTP/1.1"
246	2024/01/12 12:05:56	"GET /uv248fip248inf210/index.html HTTP/1.1"
246	2024/01/12 12:06:18	"GET /uv248fip248inf210/images/data/prerequisite_data/prerequisite_data.html HTTP/1.1"
246	2024/01/12 12:06:21	"GET /uv248fip248inf210/activity_conceptual_modeling_advanced.html HTTP/1.1"
246	2024/01/12 13:00:20	"GET /uv248fip248inf210/data_home.html HTTP/1.1"
246	2024/01/12 13:00:52	"GET /uv248fip248inf210/lecture_normalization.html HTTP/1.1"
246	2024/01/12 13:06:28	"GET /uv248fip248inf210/web_architecture_home.html HTTP/1.1"
246	2024/01/12 13:08:05	"GET /uv248fip248inf210/practice_spring_2tiers.html HTTP/1.1"
246	2024/01/12 13:10:17	"GET /uv248fip248inf210/lecture_mvc_spring.html HTTP/1.1"
246	2024/01/12 13:10:22	"GET /uv248fip248inf210/lecture_jpa.html HTTP/1.1"
246	2024/01/12 13:10:50	"GET /uv248fip248inf210/practice_jpa.html HTTP/1.1"
246	2024/01/12 13:46:37	"GET /uv248fip248inf210/activity_conceptual_modeling.html HTTP/1.1"
246	2024/01/12 14:11:11	"GET /uv248fip248inf210/images/data/prerequisite_data/prerequisite_data.html HTTP/1.1"
246	2024/01/12 14:11:20	"GET /uv248fip248inf210/practice_sql.html HTTP/1.1"
246	2024/01/12 14:27:19	"GET /uv248fip248inf210/activity_normalization.html HTTP/1.1"
246	2024/01/12 14:59:03	"GET /uv248fip248inf210/activity_conceptual_modeling_correction.html HTTP/1.1"
246	2024/01/12 15:57:00	"GET /uv248fip248inf210/activity_decomposition.html HTTP/1.1"
246	2024/01/12 16:22:09	"GET /uv248fip248inf210/activity_decomposition_correction.html HTTP/1.1"
246	2024/01/12 16:27:38	"GET /uv248fip248inf210/index.html HTTP/1.1"
246	2024/01/12 16:28:05	"GET /uv248fip248inf210/web_architecture_home.html HTTP/1.1"
246	2024/01/12 16:28:09	"GET /uv248fip248inf210/images/web_architecture/prerequisite_archiweb/prerequisite_archiweb.html HTTP/1.1"
246	2024/01/12 16:28:50	"GET /uv248fip248inf210/lecture_mvc_spring.html HTTP/1.1"
246	2024/01/12 16:28:59	"GET /uv248fip248inf210/practice_spring_2tiers.html HTTP/1.1"
246	2024/01/12 16:29:42	"GET /uv248fip248inf210/practice_jpa.html HTTP/1.1"
246	2024/01/12 16:30:06	"GET /uv248fip248inf210/lecture_software_architecture.html HTTP/1.1"
246	2024/01/12 18:28:03	"GET /uv248fip248inf210/data_home.html HTTP/1.1"
246	2024/01/12 18:28:14	"GET /uv248fip248inf210/lecture_technical_architecture.html HTTP/1.1"
246	2024/02/21 00:11:32	"GET /uv248fip248inf210/practice_sql_correction.html HTTP/1.1"
246	2024/02/21 00:11:34	"GET /uv248fip248inf210/index.html HTTP/1.1"
246	2024/02/21 00:11:36	"GET /uv248fip248inf210/project_home.html HTTP/1.1"
246	2024/02/21 00:11:38	"GET /uv248fip248inf210/project_part1.html HTTP/1.1"
246	2024/02/21 00:11:43	"GET /uv248fip248inf210/project_specifications.html HTTP/1.1"
246	2024/02/21 00:11:46	"GET /uv248fip248inf210/project_part2.html HTTP/1.1"
246	2024/02/21 00:11:49	"GET /uv248fip248inf210/project_part3.html HTTP/1.1"
246	2024/02/21 00:11:53	"GET /uv248fip248inf210/project_part4.html HTTP/1.1"
246	2024/02/21 00:11:56	"GET /uv248fip248inf210/project_part1.html HTTP/1.1"
246	2024/02/21 00:12:26	"GET /uv248fip248inf210/project_part4.html HTTP/1.1"
246	2024/02/21 00:12:29	"GET /uv248fip248inf210/project_presentation.html HTTP/1.1"
246	2024/02/21 00:12:34	"GET /uv248fip248inf210/project_part1.html HTTP/1.1"
246	2024/02/21 00:12:39	"GET /uv248fip248inf210/project_evaluation.html HTTP/1.1"
246	2024/02/21 00:14:29	"GET /uv248fip248inf210/project_task_time.html HTTP/1.1"
246	2024/02/21 00:14:38	"GET /uv248fip248inf210/project_part1.html HTTP/1.1"
