247	2024/01/26 11:03:40	"GET /uv248fip248inf210/index.html HTTP/1.1"
247	2024/01/26 11:03:47	"GET /uv248fip248inf210/data_home.html HTTP/1.1"
247	2024/01/26 11:04:07	"GET /uv248fip248inf210/activity_conceptual_modeling_advanced.html HTTP/1.1"
247	2024/01/26 11:08:24	"GET /uv248fip248inf210/activity_conceptual_modeling.html HTTP/1.1"
247	2024/01/26 11:24:03	"GET /uv248fip248inf210/activity_conceptual_modeling_correction.html HTTP/1.1"
247	2024/01/29 09:35:50	"GET /uv248fip248inf210/index.html HTTP/1.1"
247	2024/01/29 09:40:58	"GET /uv248fip248inf210/data_home.html HTTP/1.1"
247	2024/01/29 09:41:06	"GET /uv248fip248inf210/practice_sql.html HTTP/1.1"
247	2024/01/29 09:41:12	"GET /uv248fip248inf210/lecture_transaction.html HTTP/1.1"
247	2024/01/29 09:41:17	"GET /uv248fip248inf210/practice_transaction.html HTTP/1.1"
247	2024/01/29 09:41:23	"GET /uv248fip248inf210/lecture_relational_model.html HTTP/1.1"
247	2024/01/29 09:46:14	"GET /uv248fip248inf210/lecture_db_integrity.html HTTP/1.1"
247	2024/01/29 10:03:04	"GET /uv248fip248inf210/lecture_relational_algebra.html HTTP/1.1"
247	2024/01/29 10:09:52	"GET /uv248fip248inf210/activity_relational_model.html HTTP/1.1"
247	2024/01/29 10:21:51	"GET /uv248fip248inf210/activity_relational_model_correction.html HTTP/1.1"
247	2024/01/29 10:27:51	"GET /uv248fip248inf210/lecture_modeling_normalization.html HTTP/1.1"
247	2024/01/29 10:42:30	"GET /uv248fip248inf210/web_architecture_home.html HTTP/1.1"
247	2024/01/29 10:42:33	"GET /uv248fip248inf210/lecture_software_architecture.html HTTP/1.1"
247	2024/01/29 10:42:38	"GET /uv248fip248inf210/lecture_technical_architecture.html HTTP/1.1"
247	2024/01/29 10:42:50	"GET /uv248fip248inf210/lecture_mvc_spring.html HTTP/1.1"
247	2024/01/29 10:43:01	"GET /uv248fip248inf210/lecture_jpa.html HTTP/1.1"
247	2024/01/29 10:43:07	"GET /uv248fip248inf210/practice_jpa.html HTTP/1.1"
247	2024/01/29 11:14:22	"GET /uv248fip248inf210/lecture_conceptual_modeling.html HTTP/1.1"
247	2024/03/10 21:07:05	"GET /uv248fip248inf210/activity_normalization_correction.html HTTP/1.1"
247	2024/03/10 21:07:09	"GET /uv248fip248inf210/index.html HTTP/1.1"
247	2024/03/10 21:07:12	"GET /uv248fip248inf210/data_home.html HTTP/1.1"
247	2024/03/10 21:07:21	"GET /uv248fip248inf210/project_home.html HTTP/1.1"
247	2024/03/10 21:07:23	"GET /uv248fip248inf210/project_evaluation.html HTTP/1.1"
247	2024/03/10 21:08:12	"GET /uv248fip248inf210/project_part4.html HTTP/1.1"
247	2024/03/10 21:08:18	"GET /uv248fip248inf210/project_structureui.html HTTP/1.1"
247	2024/03/10 21:08:24	"GET /uv248fip248inf210/project_part3.html HTTP/1.1"
247	2024/03/10 21:15:36	"GET /uv248fip248inf210/project_specifications.html HTTP/1.1"
247	2024/03/10 21:57:34	"GET /uv248fip248inf210/project_task_time.html HTTP/1.1"
247	2024/02/13 08:08:40	"GET /uv248fip248inf210/activity_normalization_correction.html HTTP/1.1"
247	2024/02/13 08:09:53	"GET /uv248fip248inf210/index.html HTTP/1.1"
247	2024/02/13 08:09:57	"GET /uv248fip248inf210/project_home.html HTTP/1.1"
247	2024/02/13 08:10:00	"GET /uv248fip248inf210/project_part1.html HTTP/1.1"
247	2024/02/13 08:11:38	"GET /uv248fip248inf210/project_specifications.html HTTP/1.1"
247	2024/02/13 08:14:32	"GET /uv248fip248inf210/practice_jpa_advanced.html HTTP/1.1"
247	2024/02/13 08:14:50	"GET /uv248fip248inf210/practice_spring_2tiers_ext.html HTTP/1.1"
247	2024/02/13 08:29:52	"GET /uv248fip248inf210/lecture_jpa.html HTTP/1.1"
247	2024/02/13 08:29:53	"GET /uv248fip248inf210/practice_jpa.html HTTP/1.1"
247	2024/02/13 10:18:09	"GET /uv248fip248inf210/project_task_time.html HTTP/1.1"
247	2024/02/13 10:24:51	"GET /uv248fip248inf210/lecture_relational_model.html HTTP/1.1"
247	2024/02/13 10:24:55	"GET /uv248fip248inf210/activity_relational_model.html HTTP/1.1"
247	2024/02/13 10:25:00	"GET /uv248fip248inf210/lecture_conceptual_modeling.html HTTP/1.1"
247	2024/02/13 10:43:53	"GET /uv248fip248inf210/lecture_modeling_normalization.html HTTP/1.1"
247	2024/02/06 14:03:02	"GET /uv248fip248inf210/index.html HTTP/1.1"
247	2024/02/06 14:03:08	"GET /uv248fip248inf210/lecture_db_integrity.html HTTP/1.1"
247	2024/02/06 14:03:11	"GET /uv248fip248inf210/activity_relational_model.html HTTP/1.1"
247	2024/02/06 14:03:18	"GET /uv248fip248inf210/lecture_normalization.html HTTP/1.1"
247	2024/02/06 14:03:28	"GET /uv248fip248inf210/lecture_conceptual_modeling.html HTTP/1.1"
247	2024/02/06 14:41:31	"GET /uv248fip248inf210/project_home.html HTTP/1.1"
247	2024/02/06 14:41:33	"GET /uv248fip248inf210/project_presentation.html HTTP/1.1"
247	2024/02/06 14:47:55	"GET /uv248fip248inf210/project_evaluation.html HTTP/1.1"
247	2024/02/06 14:49:12	"GET /uv248fip248inf210/project_specifications.html HTTP/1.1"
247	2024/02/06 14:52:23	"GET /uv248fip248inf210/practice_sql.html HTTP/1.1"
247	2024/02/06 15:04:07	"GET /uv248fip248inf210/project_part1.html HTTP/1.1"
247	2024/01/28 16:01:00	"GET /uv248fip248inf210/technical_environment_home.html HTTP/1.1"
247	2024/03/11 12:50:39	"GET /uv248fip248inf210/project_part1.html HTTP/1.1"
247	2024/03/11 12:53:13	"GET /uv248fip248inf210/project_part2.html HTTP/1.1"
247	2024/03/11 13:41:39	"GET /uv248fip248inf210/lecture_relational_model.html HTTP/1.1"
247	2024/03/11 13:48:01	"GET /uv248fip248inf210/lecture_db_integrity.html HTTP/1.1"
247	2024/03/11 13:48:04	"GET /uv248fip248inf210/activity_relational_model.html HTTP/1.1"
247	2024/03/11 13:48:08	"GET /uv248fip248inf210/lecture_modeling_normalization.html HTTP/1.1"
247	2024/03/11 13:48:11	"GET /uv248fip248inf210/lecture_normalization.html HTTP/1.1"
247	2024/03/11 13:56:41	"GET /uv248fip248inf210/lecture_conceptual_modeling.html HTTP/1.1"
247	2024/03/11 13:57:24	"GET /uv248fip248inf210/activity_conceptual_modeling.html HTTP/1.1"
247	2024/03/11 13:58:16	"GET /uv248fip248inf210/activity_normalization.html HTTP/1.1"
247	2024/03/11 13:58:21	"GET /uv248fip248inf210/activity_decomposition.html HTTP/1.1"
247	2024/03/04 09:25:47	"GET /uv248fip248inf210/activity_normalization_correction.html HTTP/1.1"
247	2024/03/04 09:25:51	"GET /uv248fip248inf210/index.html HTTP/1.1"
247	2024/03/04 09:25:55	"GET /uv248fip248inf210/data_home.html HTTP/1.1"
247	2024/03/04 09:26:45	"GET /uv248fip248inf210/project_home.html HTTP/1.1"
247	2024/03/04 09:26:48	"GET /uv248fip248inf210/project_part3.html HTTP/1.1"
247	2024/03/04 09:27:03	"GET /uv248fip248inf210/project_structureui.html HTTP/1.1"
247	2024/03/04 09:27:13	"GET /uv248fip248inf210/project_part4.html HTTP/1.1"
247	2024/03/04 09:45:42	"GET /uv248fip248inf210/project_part2.html HTTP/1.1"
247	2024/03/04 09:48:46	"GET /uv248fip248inf210/project_specifications.html HTTP/1.1"
247	2024/03/04 10:22:40	"GET /uv248fip248inf210/web_architecture_home.html HTTP/1.1"
247	2024/03/04 10:22:49	"GET /uv248fip248inf210/practice_spring_2tiers.html HTTP/1.1"
247	2024/03/04 10:23:22	"GET /uv248fip248inf210/practice_spring_2tiers_ext.html HTTP/1.1"
247	2024/03/04 10:23:41	"GET /uv248fip248inf210/lecture_xml.html HTTP/1.1"
247	2024/03/04 10:24:03	"GET /uv248fip248inf210/practice_jpa.html HTTP/1.1"
247	2024/02/17 17:24:29	"GET /uv248fip248inf210/activity_normalization_correction.html HTTP/1.1"
247	2024/02/17 17:24:34	"GET /uv248fip248inf210/index.html HTTP/1.1"
247	2024/02/17 17:24:37	"GET /uv248fip248inf210/project_home.html HTTP/1.1"
247	2024/02/17 17:24:39	"GET /uv248fip248inf210/project_part1.html HTTP/1.1"
247	2024/02/17 17:45:53	"GET /uv248fip248inf210/data_home.html HTTP/1.1"
247	2024/02/17 17:45:58	"GET /uv248fip248inf210/lecture_conceptual_modeling.html HTTP/1.1"
247	2024/02/17 17:48:36	"GET /uv248fip248inf210/lecture_normalization.html HTTP/1.1"
247	2024/02/17 17:48:43	"GET /uv248fip248inf210/activity_conceptual_modeling.html HTTP/1.1"
247	2024/02/17 17:48:48	"GET /uv248fip248inf210/activity_normalization.html HTTP/1.1"
247	2024/02/17 17:48:55	"GET /uv248fip248inf210/activity_decomposition.html HTTP/1.1"
247	2024/02/17 17:49:01	"GET /uv248fip248inf210/lecture_relational_model.html HTTP/1.1"
247	2024/02/17 17:49:05	"GET /uv248fip248inf210/lecture_db_integrity.html HTTP/1.1"
247	2024/02/17 17:49:10	"GET /uv248fip248inf210/activity_relational_model.html HTTP/1.1"
247	2024/02/17 17:51:05	"GET /uv248fip248inf210/lecture_modeling_normalization.html HTTP/1.1"
247	2024/02/17 18:52:26	"GET /uv248fip248inf210/activity_conceptual_modeling_advanced.html HTTP/1.1"
247	2024/02/17 18:52:29	"GET /uv248fip248inf210/activity_conceptual_modeling_advanced_correction.html HTTP/1.1"
247	2024/02/17 18:52:45	"GET /uv248fip248inf210/activity_sql.html HTTP/1.1"
247	2024/02/17 20:58:36	"GET /uv248fip248inf210/practice_sql.html HTTP/1.1"
247	2024/02/17 20:58:48	"GET /uv248fip248inf210/practice_independence_views.html HTTP/1.1"
247	2024/02/02 18:13:26	"GET /uv248fip248inf210/web_architecture_home.html HTTP/1.1"
247	2024/02/02 18:13:30	"GET /uv248fip248inf210/lecture_technical_architecture.html HTTP/1.1"
247	2024/02/02 18:13:34	"GET /uv248fip248inf210/lecture_software_architecture.html HTTP/1.1"
247	2024/01/30 15:30:05	"GET /uv248fip248inf210/lecture_software_architecture.html HTTP/1.1"
247	2024/03/06 09:44:17	"GET /uv248fip248inf210/project_home.html HTTP/1.1"
247	2024/03/06 16:15:17	"GET /uv248fip248inf210/project_part4.html HTTP/1.1"
247	2024/03/06 16:16:30	"GET /uv248fip248inf210/project_structureui.html HTTP/1.1"
247	2024/03/06 16:16:44	"GET /uv248fip248inf210/project_part3.html HTTP/1.1"
247	2024/03/06 16:17:08	"GET /uv248fip248inf210/project_specifications.html HTTP/1.1"
247	2024/02/05 09:53:45	"GET /uv248fip248inf210/activity_normalization_correction.html HTTP/1.1"
247	2024/02/05 10:27:15	"GET /uv248fip248inf210/activity_conceptual_modeling_correction.html HTTP/1.1"
247	2024/02/05 10:36:44	"GET /uv248fip248inf210/activity_decomposition.html HTTP/1.1"
247	2024/02/05 10:36:49	"GET /uv248fip248inf210/activity_sql.html HTTP/1.1"
247	2024/02/05 10:36:59	"GET /uv248fip248inf210/practice_sql.html HTTP/1.1"
247	2024/02/05 10:37:05	"GET /uv248fip248inf210/lecture_transaction.html HTTP/1.1"
247	2024/02/05 10:37:08	"GET /uv248fip248inf210/practice_transaction.html HTTP/1.1"
247	2024/02/05 13:51:41	"GET /uv248fip248inf210/web_architecture_home.html HTTP/1.1"
247	2024/02/05 14:32:27	"GET /uv248fip248inf210/practice_spring_2tiers.html HTTP/1.1"
247	2024/02/05 14:34:01	"GET /uv248fip248inf210/activity_conceptual_modeling_advanced_correction.html HTTP/1.1"
247	2024/02/05 14:35:08	"GET /uv248fip248inf210/practice_independence_views.html HTTP/1.1"
247	2024/02/05 14:35:12	"GET /uv248fip248inf210/practice_independence_views_correction.html HTTP/1.1"
247	2024/02/05 14:36:17	"GET /uv248fip248inf210/lecture_conceptual_modeling.html HTTP/1.1"
247	2024/02/05 14:51:55	"GET /uv248fip248inf210/activity_sql_correction.html HTTP/1.1"
247	2024/02/05 15:27:46	"GET /uv248fip248inf210/lecture_xml.html HTTP/1.1"
247	2024/02/05 15:27:49	"GET /uv248fip248inf210/lecture_json.html HTTP/1.1"
247	2024/02/05 15:27:54	"GET /uv248fip248inf210/practice_json.html HTTP/1.1"
247	2024/02/05 15:28:05	"GET /uv248fip248inf210/practice_xml.html HTTP/1.1"
247	2024/02/05 15:28:13	"GET /uv248fip248inf210/lecture_technical_architecture.html HTTP/1.1"
247	2024/02/05 15:28:15	"GET /uv248fip248inf210/lecture_software_architecture.html HTTP/1.1"
247	2024/02/05 16:06:49	"GET /uv248fip248inf210/practice_jpa.html HTTP/1.1"
247	2024/02/10 15:51:49	"GET /uv248fip248inf210/activity_normalization_correction.html HTTP/1.1"
247	2024/02/10 15:51:54	"GET /uv248fip248inf210/lecture_db_integrity.html HTTP/1.1"
247	2024/02/10 15:52:09	"GET /uv248fip248inf210/index.html HTTP/1.1"
247	2024/02/10 15:52:12	"GET /uv248fip248inf210/web_architecture_home.html HTTP/1.1"
247	2024/02/10 15:52:16	"GET /uv248fip248inf210/lecture_software_architecture.html HTTP/1.1"
247	2024/02/10 15:52:24	"GET /uv248fip248inf210/practice_spring_2tiers.html HTTP/1.1"
247	2024/02/10 15:52:28	"GET /uv248fip248inf210/practice_jpa.html HTTP/1.1"
247	2024/02/10 15:52:34	"GET /uv248fip248inf210/data_home.html HTTP/1.1"
247	2024/02/10 15:52:42	"GET /uv248fip248inf210/lecture_transaction.html HTTP/1.1"
247	2024/01/22 09:47:46	"GET /uv248fip248inf210/data_home.html HTTP/1.1"
247	2024/01/22 09:47:52	"GET /uv248fip248inf210/practice_advanced_sql.html HTTP/1.1"
247	2024/01/22 13:54:18	"GET /uv248fip248inf210/lecture_transaction.html HTTP/1.1"
247	2024/01/22 14:15:09	"GET /uv248fip248inf210/lecture_isolation.html HTTP/1.1"
247	2024/01/22 14:15:14	"GET /uv248fip248inf210/lecture_indexation.html HTTP/1.1"
247	2024/01/22 14:17:46	"GET /uv248fip248inf210/practice_transaction.html HTTP/1.1"
247	2024/01/22 14:39:30	"GET /uv248fip248inf210/lecture_relational_model.html HTTP/1.1"
247	2024/01/22 14:39:38	"GET /uv248fip248inf210/lecture_db_integrity.html HTTP/1.1"
247	2024/01/22 14:39:44	"GET /uv248fip248inf210/lecture_relational_algebra.html HTTP/1.1"
247	2024/01/22 14:39:48	"GET /uv248fip248inf210/activity_relational_model.html HTTP/1.1"
247	2024/01/22 14:57:45	"GET /uv248fip248inf210/practice_transaction_correction.html HTTP/1.1"
247	2024/01/22 16:06:34	"GET /uv248fip248inf210/index.html HTTP/1.1"
247	2024/01/22 16:06:43	"GET /uv248fip248inf210/project_home.html HTTP/1.1"
247	2024/01/22 16:06:45	"GET /uv248fip248inf210/project_presentation.html HTTP/1.1"
247	2024/01/22 16:06:46	"GET /uv248fip248inf210/project_evaluation.html HTTP/1.1"
247	2024/01/22 16:12:05	"GET /uv248fip248inf210/project_specifications.html HTTP/1.1"
247	2024/01/22 16:12:52	"GET /uv248fip248inf210/project_task_time.html HTTP/1.1"
247	2024/01/22 16:13:02	"GET /uv248fip248inf210/project_part1.html HTTP/1.1"
247	2024/02/19 09:35:31	"GET /uv248fip248inf210/index.html HTTP/1.1"
247	2024/02/19 09:35:36	"GET /uv248fip248inf210/web_architecture_home.html HTTP/1.1"
247	2024/02/19 09:47:56	"GET /uv248fip248inf210/practice_jpa_advanced.html HTTP/1.1"
247	2024/02/19 09:48:00	"GET /uv248fip248inf210/practice_spring_2tiers_ext.html HTTP/1.1"
247	2024/02/04 11:18:55	"GET /uv248fip248inf210/documentation_si.html HTTP/1.1"
247	2024/02/04 11:48:15	"GET /uv248fip248inf210/documentation_programming.html HTTP/1.1"
247	2024/02/04 11:48:21	"GET /uv248fip248inf210/inversion_of_control.html HTTP/1.1"
247	2024/02/04 11:48:22	"GET /uv248fip248inf210/spring_bean.html HTTP/1.1"
247	2024/02/04 11:48:34	"GET /uv248fip248inf210/practice_spring.html HTTP/1.1"
247	2024/02/04 15:57:55	"GET /uv248fip248inf210/lecture_jpa.html HTTP/1.1"
247	2024/02/04 15:58:07	"GET /uv248fip248inf210/lecture_mvc_spring.html HTTP/1.1"
247	2024/02/04 17:03:22	"GET /uv248fip248inf210/data_home.html HTTP/1.1"
247	2024/02/04 17:03:25	"GET /uv248fip248inf210/lecture_relational_model.html HTTP/1.1"
247	2024/02/04 17:03:32	"GET /uv248fip248inf210/activity_relational_model.html HTTP/1.1"
247	2024/02/04 17:03:41	"GET /uv248fip248inf210/lecture_conceptual_modeling.html HTTP/1.1"
247	2024/02/04 17:05:00	"GET /uv248fip248inf210/activity_conceptual_modeling.html HTTP/1.1"
247	2024/02/04 17:14:29	"GET /uv248fip248inf210/activity_conceptual_modeling_advanced.html HTTP/1.1"
247	2024/02/04 17:14:35	"GET /uv248fip248inf210/activity_normalization.html HTTP/1.1"
247	2024/02/04 17:46:09	"GET /uv248fip248inf210/lecture_normalization.html HTTP/1.1"
247	2024/02/04 23:31:02	"GET /uv248fip248inf210/lecture_db_integrity.html HTTP/1.1"
247	2024/02/04 23:32:04	"GET /uv248fip248inf210/lecture_modeling_normalization.html HTTP/1.1"
247	2024/03/07 08:47:35	"GET /uv248fip248inf210/project_part4.html HTTP/1.1"
247	2024/03/07 08:47:44	"GET /uv248fip248inf210/project_part4.html HTTP/1.1"
247	2024/03/07 09:45:09	"GET /uv248fip248inf210/technical_environment_home.html HTTP/1.1"
247	2024/03/07 09:45:12	"GET /uv248fip248inf210/index.html HTTP/1.1"
247	2024/03/07 09:45:14	"GET /uv248fip248inf210/project_home.html HTTP/1.1"
247	2024/03/07 17:26:37	"GET /uv248fip248inf210/project_task_time.html HTTP/1.1"
247	2024/03/07 17:26:59	"GET /uv248fip248inf210/project_part3.html HTTP/1.1"
247	2024/03/07 17:27:34	"GET /uv248fip248inf210/project_structureui.html HTTP/1.1"
247	2024/03/07 17:27:48	"GET /uv248fip248inf210/project_specifications.html HTTP/1.1"
247	2024/03/07 19:08:00	"GET /uv248fip248inf210/project_part4.html HTTP/1.1"
247	2024/02/03 15:14:24	"GET /uv248fip248inf210/index.html HTTP/1.1"
247	2024/02/03 15:17:19	"GET /uv248fip248inf210/technical_environment_home.html HTTP/1.1"
247	2024/02/03 16:00:53	"GET /uv248fip248inf210/documentation_docker.html HTTP/1.1"
247	2024/02/03 22:12:50	"GET /uv248fip248inf210/practice_docker.html HTTP/1.1"
247	2024/02/03 22:26:26	"GET /uv248fip248inf210/practice_docker_advanced.html HTTP/1.1"
247	2024/02/03 22:45:02	"GET /uv248fip248inf210/documentation_rdbms.html HTTP/1.1"
247	2024/02/03 22:45:06	"GET /uv248fip248inf210/practice_postgresql.html HTTP/1.1"
247	2024/02/22 09:09:57	"GET /uv248fip248inf210/data_home.html HTTP/1.1"
247	2024/02/22 09:10:02	"GET /uv248fip248inf210/lecture_relational_model.html HTTP/1.1"
247	2024/02/22 09:10:05	"GET /uv248fip248inf210/lecture_db_integrity.html HTTP/1.1"
247	2024/02/22 09:10:08	"GET /uv248fip248inf210/activity_relational_model.html HTTP/1.1"
247	2024/02/22 09:10:15	"GET /uv248fip248inf210/lecture_modeling_normalization.html HTTP/1.1"
247	2024/02/22 09:10:17	"GET /uv248fip248inf210/lecture_conceptual_modeling.html HTTP/1.1"
247	2024/01/17 09:32:16	"GET /uv248fip248inf210/data_home.html HTTP/1.1"
247	2024/01/17 09:38:33	"GET /uv248fip248inf210/activity_sql.html HTTP/1.1"
247	2024/01/17 09:53:05	"GET /uv248fip248inf210/lecture_relational_model.html HTTP/1.1"
247	2024/01/17 09:53:10	"GET /uv248fip248inf210/lecture_db_integrity.html HTTP/1.1"
247	2024/01/17 09:53:18	"GET /uv248fip248inf210/lecture_relational_algebra.html HTTP/1.1"
247	2024/01/17 09:53:40	"GET /uv248fip248inf210/activity_relational_model.html HTTP/1.1"
247	2024/01/17 09:53:49	"GET /uv248fip248inf210/lecture_modeling_normalization.html HTTP/1.1"
247	2024/01/17 09:53:54	"GET /uv248fip248inf210/lecture_conceptual_modeling.html HTTP/1.1"
247	2024/01/17 09:54:34	"GET /uv248fip248inf210/lecture_normalization.html HTTP/1.1"
247	2024/01/17 09:54:41	"GET /uv248fip248inf210/lecture_independence_views.html HTTP/1.1"
247	2024/01/17 09:54:41	"GET /uv248fip248inf210/activity_conceptual_modeling.html HTTP/1.1"
247	2024/01/17 09:54:53	"GET /uv248fip248inf210/activity_normalization.html HTTP/1.1"
247	2024/01/17 09:54:57	"GET /uv248fip248inf210/activity_decomposition.html HTTP/1.1"
247	2024/01/17 09:55:01	"GET /uv248fip248inf210/practice_independence_views.html HTTP/1.1"
247	2024/01/17 09:55:04	"GET /uv248fip248inf210/practice_sql.html HTTP/1.1"
247	2024/01/17 11:06:05	"GET /uv248fip248inf210/index.html HTTP/1.1"
247	2024/01/17 11:47:40	"GET /uv248fip248inf210/practice_sql_correction.html HTTP/1.1"
247	2024/01/17 11:49:30	"GET /uv248fip248inf210/practice_advanced_sql.html HTTP/1.1"
247	2024/01/17 11:49:41	"GET /uv248fip248inf210/lecture_transaction.html HTTP/1.1"
247	2024/01/17 11:49:45	"GET /uv248fip248inf210/practice_transaction.html HTTP/1.1"
247	2024/10/12 16:10:22	"GET /uv248fip248inf210/activity_normalization_correction.html HTTP/1.1"
247	2024/02/24 20:54:34	"GET /uv248fip248inf210/index.html HTTP/1.1"
247	2024/02/24 20:54:37	"GET /uv248fip248inf210/project_home.html HTTP/1.1"
247	2024/02/24 20:54:40	"GET /uv248fip248inf210/project_part2.html HTTP/1.1"
247	2024/02/24 21:05:47	"GET /uv248fip248inf210/project_part2.html HTTP/1.1"
247	2024/01/19 09:38:36	"GET /uv248fip248inf210/data_home.html HTTP/1.1"
247	2024/01/19 09:39:45	"GET /uv248fip248inf210/practice_advanced_sql.html HTTP/1.1"
247	2024/01/19 09:50:30	"GET /uv248fip248inf210/activity_normalization.html HTTP/1.1"
247	2024/01/19 09:50:39	"GET /uv248fip248inf210/activity_sql.html HTTP/1.1"
247	2024/01/19 09:50:48	"GET /uv248fip248inf210/lecture_modeling_normalization.html HTTP/1.1"
247	2024/01/19 09:50:51	"GET /uv248fip248inf210/lecture_conceptual_modeling.html HTTP/1.1"
247	2024/01/19 09:50:56	"GET /uv248fip248inf210/lecture_normalization.html HTTP/1.1"
247	2024/01/19 09:51:04	"GET /uv248fip248inf210/lecture_independence_views.html HTTP/1.1"
247	2024/01/19 09:51:05	"GET /uv248fip248inf210/activity_conceptual_modeling.html HTTP/1.1"
247	2024/01/19 09:51:12	"GET /uv248fip248inf210/activity_decomposition.html HTTP/1.1"
247	2024/01/19 09:51:52	"GET /uv248fip248inf210/practice_independence_views.html HTTP/1.1"
247	2024/01/19 10:38:08	"GET /uv248fip248inf210/practice_advanced_sql_correction.html HTTP/1.1"
247	2024/01/11 08:05:50	"GET /uv248fip248inf210/data_home.html HTTP/1.1"
247	2024/01/11 08:05:56	"GET /uv248fip248inf210/technical_environment_home.html HTTP/1.1"
247	2024/01/11 08:06:06	"GET /uv248fip248inf210/practice_postgresql.html HTTP/1.1"
247	2024/01/11 08:06:17	"GET /uv248fip248inf210/documentation_programming.html HTTP/1.1"
247	2024/01/11 08:17:20	"GET /uv248fip248inf210/inversion_of_control.html HTTP/1.1"
247	2024/01/11 08:29:10	"GET /uv248fip248inf210/spring_bean.html HTTP/1.1"
247	2024/01/11 08:31:59	"GET /uv248fip248inf210/practice_spring.html HTTP/1.1"
247	2024/01/11 10:13:22	"GET /uv248fip248inf210/index.html HTTP/1.1"
247	2024/01/11 10:15:59	"GET /uv248fip248inf210/technical_environment_home.html HTTP/1.1"
247	2024/01/11 10:16:04	"GET /uv248fip248inf210/web_architecture_home.html HTTP/1.1"
247	2024/01/11 10:21:30	"GET /uv248fip248inf210/lecture_technical_architecture.html HTTP/1.1"
247	2024/01/11 10:32:37	"GET /uv248fip248inf210/lecture_software_architecture.html HTTP/1.1"
247	2024/01/11 10:45:37	"GET /uv248fip248inf210/lecture_mvc_spring.html HTTP/1.1"
247	2024/01/11 12:58:17	"GET /uv248fip248inf210/lecture_jpa.html HTTP/1.1"
247	2024/01/11 12:58:22	"GET /uv248fip248inf210/practice_jpa_advanced.html HTTP/1.1"
247	2024/01/11 15:32:14	"GET /uv248fip248inf210/practice_jpa_advanced.html HTTP/1.1"
247	2024/01/11 15:36:48	"GET /uv248fip248inf210/lecture_jpa.html HTTP/1.1"
247	2024/01/11 15:36:57	"GET /uv248fip248inf210/practice_jpa.html HTTP/1.1"
247	2024/01/11 15:41:16	"GET /uv248fip248inf210/index.html HTTP/1.1"
247	2024/01/11 15:48:30	"GET /uv248fip248inf210/web_architecture_home.html HTTP/1.1"
247	2024/01/11 16:21:27	"GET /uv248fip248inf210/practice_jpa.html HTTP/1.1"
247	2024/02/21 13:49:58	"GET /uv248fip248inf210/activity_normalization_correction.html HTTP/1.1"
247	2024/02/21 13:50:01	"GET /uv248fip248inf210/index.html HTTP/1.1"
247	2024/02/21 13:53:52	"GET /uv248fip248inf210/project_home.html HTTP/1.1"
247	2024/02/21 13:53:55	"GET /uv248fip248inf210/project_part1.html HTTP/1.1"
247	2024/02/21 13:54:24	"GET /uv248fip248inf210/project_part2.html HTTP/1.1"
247	2024/02/21 14:24:40	"GET /uv248fip248inf210/project_part1.html HTTP/1.1"
247	2024/02/21 14:30:09	"GET /uv248fip248inf210/project_part1.html HTTP/1.1"
247	2024/02/21 15:32:00	"GET /uv248fip248inf210/project_home.html HTTP/1.1"
247	2024/02/21 15:32:03	"GET /uv248fip248inf210/project_part1.html HTTP/1.1"
247	2024/02/21 15:32:20	"GET /uv248fip248inf210/project_part2.html HTTP/1.1"
247	2024/02/21 16:17:38	"GET /uv248fip248inf210/project_specifications.html HTTP/1.1"
247	2024/02/21 16:17:39	"GET /uv248fip248inf210/project_task_time.html HTTP/1.1"
247	2024/02/21 16:17:44	"GET /uv248fip248inf210/project_evaluation.html HTTP/1.1"
247	2024/02/21 16:23:00	"GET /uv248fip248inf210/project_presentation.html HTTP/1.1"
247	2024/02/21 20:43:17	"GET /uv248fip248inf210/project_part1.html HTTP/1.1"
247	2024/02/21 20:50:12	"GET /uv248fip248inf210/project_task_time.html HTTP/1.1"
247	2024/02/29 08:57:56	"GET /uv248fip248inf210/project_part3.html HTTP/1.1"
247	2024/01/09 10:24:24	"GET /uv248fip248inf210/technical_environment_home.html HTTP/1.1"
247	2024/01/09 10:45:17	"GET /uv248fip248inf210/documentation_docker.html HTTP/1.1"
247	2024/01/09 10:53:41	"GET /uv248fip248inf210/practice_docker.html HTTP/1.1"
247	2024/01/09 11:17:43	"GET /uv248fip248inf210/practice_postgresql.html HTTP/1.1"
247	2024/01/09 11:35:10	"GET /uv248fip248inf210/practice_docker_advanced.html HTTP/1.1"
247	2024/01/09 11:56:49	"GET /uv248fip248inf210/documentation_si.html HTTP/1.1"
247	2024/01/09 11:57:05	"GET /uv248fip248inf210/documentation_rdbms.html HTTP/1.1"
247	2024/01/09 12:09:55	"GET /uv248fip248inf210/documentation_programming.html HTTP/1.1"
247	2024/02/26 09:37:40	"GET /uv248fip248inf210/activity_normalization_correction.html HTTP/1.1"
247	2024/02/26 09:38:31	"GET /uv248fip248inf210/project_home.html HTTP/1.1"
247	2024/02/26 09:38:36	"GET /uv248fip248inf210/project_part1.html HTTP/1.1"
247	2024/02/26 09:39:04	"GET /uv248fip248inf210/project_part2.html HTTP/1.1"
247	2024/02/26 11:19:22	"GET /uv248fip248inf210/project_part2.html HTTP/1.1"
247	2024/02/26 11:22:50	"GET /uv248fip248inf210/project_specifications.html HTTP/1.1"
247	2024/02/26 11:22:53	"GET /uv248fip248inf210/project_task_time.html HTTP/1.1"
247	2024/02/26 11:23:11	"GET /uv248fip248inf210/project_evaluation.html HTTP/1.1"
247	2024/01/14 14:35:33	"GET /uv248fip248inf210/web_architecture_home.html HTTP/1.1"
247	2024/01/14 14:35:42	"GET /uv248fip248inf210/practice_jpa_advanced.html HTTP/1.1"
247	2024/01/14 14:35:48	"GET /uv248fip248inf210/practice_spring_2tiers.html HTTP/1.1"
247	2024/01/14 14:35:59	"GET /uv248fip248inf210/practice_jpa.html HTTP/1.1"
247	2024/01/15 09:19:08	"GET /uv248fip248inf210/web_architecture_home.html HTTP/1.1"
247	2024/01/15 09:28:23	"GET /uv248fip248inf210/practice_spring_2tiers.html HTTP/1.1"
247	2024/01/15 09:28:25	"GET /uv248fip248inf210/practice_jpa.html HTTP/1.1"
247	2024/01/15 09:58:04	"GET /uv248fip248inf210/lecture_jpa.html HTTP/1.1"
247	2024/02/28 08:47:28	"GET /uv248fip248inf210/index.html HTTP/1.1"
247	2024/02/28 08:47:37	"GET /uv248fip248inf210/data_home.html HTTP/1.1"
247	2024/02/28 08:48:02	"GET /uv248fip248inf210/project_home.html HTTP/1.1"
247	2024/02/28 08:48:05	"GET /uv248fip248inf210/project_part2.html HTTP/1.1"
247	2024/02/28 16:07:08	"GET /uv248fip248inf210/project_part3.html HTTP/1.1"
247	2024/02/28 16:21:44	"GET /uv248fip248inf210/project_specifications.html HTTP/1.1"
247	2024/04/10 10:05:09	"GET /uv248fip248inf210/activity_normalization_correction.html HTTP/1.1"
247	2024/01/12 10:23:12	"GET /uv248fip248inf210/web_architecture_home.html HTTP/1.1"
247	2024/01/12 10:23:17	"GET /uv248fip248inf210/practice_jpa.html HTTP/1.1"
247	2024/01/12 10:26:40	"GET /uv248fip248inf210/practice_jpa_advanced.html HTTP/1.1"
247	2024/01/12 10:26:47	"GET /uv248fip248inf210/practice_spring_2tiers.html HTTP/1.1"
247	2024/01/12 10:29:08	"GET /uv248fip248inf210/practice_spring_2tiers_ext.html HTTP/1.1"
247	2024/01/12 10:39:02	"GET /uv248fip248inf210/lecture_technical_architecture.html HTTP/1.1"
247	2024/01/12 11:24:25	"GET /uv248fip248inf210/lecture_software_architecture.html HTTP/1.1"
247	2024/01/12 11:50:58	"GET /uv248fip248inf210/lecture_mvc_spring.html HTTP/1.1"
247	2024/01/12 11:56:05	"GET /uv248fip248inf210/lecture_jpa.html HTTP/1.1"
247	2024/01/12 13:49:29	"GET /uv248fip248inf210/web_architecture_home.html HTTP/1.1"
247	2024/01/12 13:49:34	"GET /uv248fip248inf210/practice_jpa.html HTTP/1.1"
247	2024/01/12 13:59:55	"GET /uv248fip248inf210/lecture_jpa.html HTTP/1.1"
247	2024/01/12 14:05:18	"GET /uv248fip248inf210/lecture_mvc_spring.html HTTP/1.1"
247	2024/01/12 14:05:35	"GET /uv248fip248inf210/lecture_software_architecture.html HTTP/1.1"
247	2024/01/12 14:41:19	"GET /uv248fip248inf210/practice_jpa_advanced.html HTTP/1.1"
247	2024/10/02 15:39:14	"GET /uv248fip248inf210/activity_normalization_correction.html HTTP/1.1"
