249	2024/01/29 09:41:54	"GET /uv248fip248inf210/data_home.html HTTP/1.1"
249	2024/01/29 09:42:05	"GET /uv248fip248inf210/lecture_relational_model.html HTTP/1.1"
249	2024/01/29 09:42:11	"GET /uv248fip248inf210/lecture_modeling_normalization.html HTTP/1.1"
249	2024/01/29 10:37:20	"GET /uv248fip248inf210/lecture_conceptual_modeling.html HTTP/1.1"
249	2024/01/29 10:37:21	"GET /uv248fip248inf210/activity_normalization.html HTTP/1.1"
249	2024/01/29 10:37:22	"GET /uv248fip248inf210/activity_conceptual_modeling.html HTTP/1.1"
249	2024/01/29 13:10:50	"GET /uv248fip248inf210/web_architecture_home.html HTTP/1.1"
249	2024/01/29 13:10:59	"GET /uv248fip248inf210/lecture_technical_architecture.html HTTP/1.1"
249	2024/03/10 23:08:25	"GET /uv248fip248inf210/practice_postgresql.html HTTP/1.1"
249	2024/03/10 23:08:28	"GET /uv248fip248inf210/technical_environment_home.html HTTP/1.1"
249	2024/03/10 23:08:52	"GET /uv248fip248inf210/project_home.html HTTP/1.1"
249	2024/02/13 08:10:32	"GET /uv248fip248inf210/project_home.html HTTP/1.1"
249	2024/02/13 08:10:34	"GET /uv248fip248inf210/project_part1.html HTTP/1.1"
249	2024/02/13 08:12:13	"GET /uv248fip248inf210/project_part2.html HTTP/1.1"
249	2024/02/13 08:12:17	"GET /uv248fip248inf210/project_part2.html HTTP/1.1"
249	2024/02/13 08:20:04	"GET /uv248fip248inf210/technical_environment_home.html HTTP/1.1"
249	2024/02/13 08:20:07	"GET /uv248fip248inf210/web_architecture_home.html HTTP/1.1"
249	2024/02/13 08:20:18	"GET /uv248fip248inf210/practice_jpa_advanced.html HTTP/1.1"
249	2024/02/06 14:58:01	"GET /uv248fip248inf210/web_architecture_home.html HTTP/1.1"
249	2024/02/06 14:58:05	"GET /uv248fip248inf210/lecture_jpa.html HTTP/1.1"
249	2024/03/11 09:30:36	"GET /uv248fip248inf210/data_home.html HTTP/1.1"
249	2024/03/11 09:33:22	"GET /uv248fip248inf210/lecture_relational_model.html HTTP/1.1"
249	2024/03/11 09:33:28	"GET /uv248fip248inf210/lecture_modeling_normalization.html HTTP/1.1"
249	2024/03/11 09:33:32	"GET /uv248fip248inf210/lecture_normalization.html HTTP/1.1"
249	2024/03/11 09:38:56	"GET /uv248fip248inf210/lecture_conceptual_modeling.html HTTP/1.1"
249	2024/03/11 10:02:27	"GET /uv248fip248inf210/documentation_docker.html HTTP/1.1"
249	2024/03/11 10:02:29	"GET /uv248fip248inf210/practice_docker.html HTTP/1.1"
249	2024/03/11 10:03:39	"GET /uv248fip248inf210/practice_docker.html HTTP/1.1"
249	2024/03/04 09:56:56	"GET /uv248fip248inf210/project_home.html HTTP/1.1"
249	2024/03/04 09:57:02	"GET /uv248fip248inf210/project_specifications.html HTTP/1.1"
249	2024/03/01 22:12:55	"GET /uv248fip248inf210/project_home.html HTTP/1.1"
249	2024/03/01 22:12:56	"GET /uv248fip248inf210/project_evaluation.html HTTP/1.1"
249	2024/03/13 15:38:46	"GET /uv248fip248inf210/technical_environment_home.html HTTP/1.1"
249	2024/03/13 15:38:49	"GET /uv248fip248inf210/documentation_programming.html HTTP/1.1"
249	2024/03/13 15:39:09	"GET /uv248fip248inf210/web_architecture_home.html HTTP/1.1"
249	2024/03/13 15:39:15	"GET /uv248fip248inf210/lecture_mvc_spring.html HTTP/1.1"
249	2024/03/13 15:40:11	"GET /uv248fip248inf210/lecture_jpa.html HTTP/1.1"
249	2024/03/13 15:40:18	"GET /uv248fip248inf210/practice_jpa.html HTTP/1.1"
249	2024/03/13 16:00:17	"GET /uv248fip248inf210/lecture_technical_architecture.html HTTP/1.1"
249	2024/03/13 16:00:20	"GET /uv248fip248inf210/lecture_software_architecture.html HTTP/1.1"
249	2024/03/06 09:48:47	"GET /uv248fip248inf210/project_specifications.html HTTP/1.1"
249	2024/03/06 13:56:53	"GET /uv248fip248inf210/project_home.html HTTP/1.1"
249	2024/03/06 13:56:55	"GET /uv248fip248inf210/project_part4.html HTTP/1.1"
249	2024/03/06 13:56:58	"GET /uv248fip248inf210/project_part3.html HTTP/1.1"
249	2024/03/06 13:57:06	"GET /uv248fip248inf210/project_presentation.html HTTP/1.1"
249	2024/02/05 09:24:05	"GET /uv248fip248inf210/practice_sql.html HTTP/1.1"
249	2024/02/05 09:24:24	"GET /uv248fip248inf210/practice_sql_correction.html HTTP/1.1"
249	2024/02/05 09:27:54	"GET /uv248fip248inf210/practice_sql.html HTTP/1.1"
249	2024/02/05 14:02:30	"GET /uv248fip248inf210/web_architecture_home.html HTTP/1.1"
249	2024/02/05 14:05:03	"GET /uv248fip248inf210/data_home.html HTTP/1.1"
249	2024/02/05 14:05:12	"GET /uv248fip248inf210/lecture_normalization.html HTTP/1.1"
249	2024/02/05 15:36:50	"GET /uv248fip248inf210/data_home.html HTTP/1.1"
249	2024/02/05 15:36:59	"GET /uv248fip248inf210/lecture_modeling_normalization.html HTTP/1.1"
249	2024/02/05 15:37:05	"GET /uv248fip248inf210/activity_conceptual_modeling.html HTTP/1.1"
249	2024/02/05 15:37:15	"GET /uv248fip248inf210/activity_conceptual_modeling_correction.html HTTP/1.1"
249	2024/02/05 15:46:46	"GET /uv248fip248inf210/lecture_conceptual_modeling.html HTTP/1.1"
249	2024/01/22 14:17:37	"GET /uv248fip248inf210/data_home.html HTTP/1.1"
249	2024/01/22 14:18:03	"GET /uv248fip248inf210/practice_transaction.html HTTP/1.1"
249	2024/01/22 14:18:38	"GET /uv248fip248inf210/lecture_modeling_normalization.html HTTP/1.1"
249	2024/01/22 14:30:40	"GET /uv248fip248inf210/practice_transaction.html HTTP/1.1"
249	2024/01/22 14:30:53	"GET /uv248fip248inf210/technical_environment_home.html HTTP/1.1"
249	2024/01/22 14:32:48	"GET /uv248fip248inf210/web_architecture_home.html HTTP/1.1"
249	2024/01/22 14:34:49	"GET /uv248fip248inf210/data_home.html HTTP/1.1"
249	2024/01/22 14:34:51	"GET /uv248fip248inf210/images/data/prerequisite_data/prerequisite_data.html HTTP/1.1"
249	2024/02/19 08:05:53	"GET /uv248fip248inf210/project_home.html HTTP/1.1"
249	2024/02/19 08:06:07	"GET /uv248fip248inf210/project_presentation.html HTTP/1.1"
249	2024/02/19 08:11:14	"GET /uv248fip248inf210/project_part1.html HTTP/1.1"
249	2024/02/19 08:11:18	"GET /uv248fip248inf210/project_specifications.html HTTP/1.1"
249	2024/02/19 08:15:31	"GET /uv248fip248inf210/project_part2.html HTTP/1.1"
249	2024/02/19 09:40:48	"GET /uv248fip248inf210/technical_environment_home.html HTTP/1.1"
249	2024/02/19 09:41:01	"GET /uv248fip248inf210/practice_docker_advanced.html HTTP/1.1"
249	2024/02/19 09:41:26	"GET /uv248fip248inf210/web_architecture_home.html HTTP/1.1"
249	2024/02/19 09:41:30	"GET /uv248fip248inf210/data_home.html HTTP/1.1"
249	2024/02/19 09:42:38	"GET /uv248fip248inf210/practice_spring_2tiers_ext.html HTTP/1.1"
249	2024/02/04 12:46:11	"GET /uv248fip248inf210/data_home.html HTTP/1.1"
249	2024/02/04 12:46:56	"GET /uv248fip248inf210/lecture_relational_model.html HTTP/1.1"
249	2024/02/04 12:46:57	"GET /uv248fip248inf210/lecture_db_integrity.html HTTP/1.1"
249	2024/02/04 12:46:58	"GET /uv248fip248inf210/activity_relational_model.html HTTP/1.1"
249	2024/02/04 12:47:02	"GET /uv248fip248inf210/lecture_modeling_normalization.html HTTP/1.1"
249	2024/02/04 12:52:41	"GET /uv248fip248inf210/activity_relational_model.html HTTP/1.1"
249	2024/02/04 12:53:28	"GET /uv248fip248inf210/lecture_conceptual_modeling.html HTTP/1.1"
249	2024/02/04 12:56:12	"GET /uv248fip248inf210/lecture_normalization.html HTTP/1.1"
249	2024/03/07 10:23:59	"GET /uv248fip248inf210/project_specifications.html HTTP/1.1"
249	2024/07/14 06:31:32	"GET /uv248fip248inf210/technical_environment_home.html HTTP/1.1"
249	2024/07/14 06:31:37	"GET /uv248fip248inf210/documentation_si.html HTTP/1.1"
249	2024/07/14 06:32:19	"GET /uv248fip248inf210/documentation_rdbms.html HTTP/1.1"
249	2024/07/14 07:17:50	"GET /uv248fip248inf210/practice_postgresql.html HTTP/1.1"
249	2024/01/17 13:47:52	"GET /uv248fip248inf210/project_home.html HTTP/1.1"
249	2024/01/17 13:48:00	"GET /uv248fip248inf210/project_part1.html HTTP/1.1"
249	2024/01/17 13:48:31	"GET /uv248fip248inf210/data_home.html HTTP/1.1"
249	2024/01/17 13:48:36	"GET /uv248fip248inf210/images/data/prerequisite_data/prerequisite_data.html HTTP/1.1"
249	2024/01/17 13:48:58	"GET /uv248fip248inf210/lecture_modeling_normalization.html HTTP/1.1"
249	2024/01/17 13:52:32	"GET /uv248fip248inf210/lecture_relational_model.html HTTP/1.1"
249	2024/01/17 13:53:53	"GET /uv248fip248inf210/lecture_transaction.html HTTP/1.1"
249	2024/01/17 14:00:54	"GET /uv248fip248inf210/practice_transaction.html HTTP/1.1"
249	2024/01/17 14:05:20	"GET /uv248fip248inf210/documentation_rdbms.html HTTP/1.1"
249	2024/01/17 16:18:38	"GET /uv248fip248inf210/bd_cours_isolation.html HTTP/1.1"
249	2024/01/17 16:18:40	"GET /uv248fip248inf210/bd_tp_isolation.html HTTP/1.1"
249	2024/01/17 16:18:43	"GET /uv248fip248inf210/practice_isolation.html HTTP/1.1"
249	2024/01/17 23:54:58	"GET /uv248fip248inf210/data_home.html HTTP/1.1"
249	2024/01/17 23:56:59	"GET /uv248fip248inf210/lecture_modeling_normalization.html HTTP/1.1"
249	2024/01/17 23:57:04	"GET /uv248fip248inf210/lecture_relational_model.html HTTP/1.1"
249	2024/01/19 09:32:37	"GET /uv248fip248inf210/data_home.html HTTP/1.1"
249	2024/01/19 09:32:42	"GET /uv248fip248inf210/activity_sql.html HTTP/1.1"
249	2024/01/19 09:32:45	"GET /uv248fip248inf210/practice_sql.html HTTP/1.1"
249	2024/01/11 08:01:33	"GET /uv248fip248inf210/web_architecture_home.html HTTP/1.1"
249	2024/01/11 08:01:46	"GET /uv248fip248inf210/lecture_technical_architecture.html HTTP/1.1"
249	2024/01/11 08:01:48	"GET /uv248fip248inf210/lecture_jpa.html HTTP/1.1"
249	2024/01/11 08:03:33	"GET /uv248fip248inf210/practice_jpa.html HTTP/1.1"
249	2024/01/11 08:03:53	"GET /uv248fip248inf210/technical_environment_home.html HTTP/1.1"
249	2024/01/11 08:04:04	"GET /uv248fip248inf210/data_home.html HTTP/1.1"
249	2024/01/11 08:04:07	"GET /uv248fip248inf210/project_home.html HTTP/1.1"
249	2024/01/11 08:04:17	"GET /uv248fip248inf210/project_presentation.html HTTP/1.1"
249	2024/01/11 08:04:21	"GET /uv248fip248inf210/project_presentation.html HTTP/1.1"
249	2024/01/11 08:16:00	"GET /uv248fip248inf210/project_part1.html HTTP/1.1"
249	2024/01/11 08:18:13	"GET /uv248fip248inf210/practice_jpa.html HTTP/1.1"
249	2024/01/11 08:23:52	"GET /uv248fip248inf210/technical_environment_home.html HTTP/1.1"
249	2024/01/11 08:24:02	"GET /uv248fip248inf210/web_architecture_home.html HTTP/1.1"
249	2024/01/11 08:24:06	"GET /uv248fip248inf210/lecture_jpa.html HTTP/1.1"
249	2024/01/11 08:24:06	"GET /uv248fip248inf210/lecture_mvc_spring.html HTTP/1.1"
249	2024/01/11 09:53:22	"GET /uv248fip248inf210/practice_jpa.html HTTP/1.1"
249	2024/01/11 09:57:25	"GET /uv248fip248inf210/practice_spring_2tiers.html HTTP/1.1"
249	2024/01/11 10:27:55	"GET /uv248fip248inf210/index.html HTTP/1.1"
249	2024/01/11 10:33:41	"GET /uv248fip248inf210/data_home.html HTTP/1.1"
249	2024/01/11 10:39:30	"GET /uv248fip248inf210/web_architecture_home.html HTTP/1.1"
249	2024/01/11 10:39:32	"GET /uv248fip248inf210/lecture_technical_architecture.html HTTP/1.1"
249	2024/01/11 10:39:41	"GET /uv248fip248inf210/lecture_software_architecture.html HTTP/1.1"
249	2024/01/11 10:39:51	"GET /uv248fip248inf210/lecture_mvc_spring.html HTTP/1.1"
249	2024/01/11 14:43:48	"GET /uv248fip248inf210/technical_environment_home.html HTTP/1.1"
249	2024/01/11 15:33:13	"GET /uv248fip248inf210/web_architecture_home.html HTTP/1.1"
249	2024/01/11 15:36:22	"GET /uv248fip248inf210/data_home.html HTTP/1.1"
249	2024/01/11 15:36:33	"GET /uv248fip248inf210/practice_xml.html HTTP/1.1"
249	2024/01/11 15:36:38	"GET /uv248fip248inf210/practice_spring_2tiers.html HTTP/1.1"
249	2024/01/11 16:11:45	"GET /uv248fip248inf210/web_architecture_home.html HTTP/1.1"
249	2024/02/21 12:55:56	"GET /uv248fip248inf210/data_home.html HTTP/1.1"
249	2024/02/21 12:59:14	"GET /uv248fip248inf210/images/data/prerequisite_data/prerequisite_data.html HTTP/1.1"
249	2024/02/21 13:04:25	"GET /uv248fip248inf210/project_home.html HTTP/1.1"
249	2024/02/21 13:07:20	"GET /uv248fip248inf210/project_presentation.html HTTP/1.1"
249	2024/02/21 13:07:23	"GET /uv248fip248inf210/project_part1.html HTTP/1.1"
249	2024/02/21 13:49:08	"GET /uv248fip248inf210/project_specifications.html HTTP/1.1"
249	2024/02/21 13:50:21	"GET /uv248fip248inf210/project_part1.html HTTP/1.1"
249	2024/02/21 13:50:26	"GET /uv248fip248inf210/project_presentation.html HTTP/1.1"
249	2024/02/21 13:54:55	"GET /uv248fip248inf210/lecture_normalization.html HTTP/1.1"
249	2024/02/21 13:55:06	"GET /uv248fip248inf210/lecture_conceptual_modeling.html HTTP/1.1"
249	2024/02/21 14:57:32	"GET /uv248fip248inf210/project_specifications.html HTTP/1.1"
249	2024/02/29 16:20:14	"GET /uv248fip248inf210/project_specifications.html HTTP/1.1"
249	2024/01/09 09:56:36	"GET /uv248fip248inf210/data_home.html HTTP/1.1"
249	2024/01/09 09:56:40	"GET /uv248fip248inf210/images/data/prerequisite_data/prerequisite_data.html HTTP/1.1"
249	2024/01/09 10:00:41	"GET /uv248fip248inf210/technical_environment_home.html HTTP/1.1"
249	2024/01/09 10:02:29	"GET /uv248fip248inf210/images/technical_environment/prerequisite_techenv/prerequisite_techenv.html HTTP/1.1"
249	2024/01/09 10:24:35	"GET /uv248fip248inf210/documentation_docker.html HTTP/1.1"
249	2024/01/09 10:26:02	"GET /uv248fip248inf210/practice_docker.html HTTP/1.1"
249	2024/01/09 10:48:38	"GET /uv248fip248inf210/documentation_programming.html HTTP/1.1"
249	2024/01/09 10:55:21	"GET /uv248fip248inf210/inversion_of_control.html HTTP/1.1"
249	2024/01/09 10:58:09	"GET /uv248fip248inf210/practice_spring.html HTTP/1.1"
249	2024/01/09 11:11:56	"GET /uv248fip248inf210/practice_postgresql.html HTTP/1.1"
249	2024/01/09 11:16:48	"GET /uv248fip248inf210/documentation_rdbms.html HTTP/1.1"
249	2024/01/09 11:19:52	"GET /uv248fip248inf210/web_architecture_home.html HTTP/1.1"
249	2024/01/09 11:21:26	"GET /uv248fip248inf210/images/web_architecture/prerequisite_archiweb/prerequisite_archiweb.html HTTP/1.1"
249	2024/01/09 11:23:10	"GET /uv248fip248inf210/lecture_dto.html HTTP/1.1"
249	2024/01/09 11:24:27	"GET /uv248fip248inf210/lecture_xml.html HTTP/1.1"
249	2024/01/09 11:24:44	"GET /uv248fip248inf210/lecture_validity.html HTTP/1.1"
249	2024/01/09 11:24:48	"GET /uv248fip248inf210/practice_xml.html HTTP/1.1"
249	2024/01/09 11:25:55	"GET /uv248fip248inf210/lecture_dto.html HTTP/1.1"
249	2024/01/09 11:37:40	"GET /uv248fip248inf210/lecture_dto.html HTTP/1.1"
249	2024/01/09 11:37:45	"GET /uv248fip248inf210/lecture_technical_architecture.html HTTP/1.1"
249	2024/01/09 11:53:43	"GET /uv248fip248inf210/lecture_software_architecture.html HTTP/1.1"
249	2024/01/09 11:55:50	"GET /uv248fip248inf210/lecture_mvc_spring.html HTTP/1.1"
249	2024/01/09 12:02:41	"GET /uv248fip248inf210/lecture_jpa.html HTTP/1.1"
249	2024/01/09 12:03:52	"GET /uv248fip248inf210/practice_jpa.html HTTP/1.1"
249	2024/02/26 09:37:06	"GET /uv248fip248inf210/project_home.html HTTP/1.1"
249	2024/02/26 09:37:10	"GET /uv248fip248inf210/project_part1.html HTTP/1.1"
249	2024/02/26 09:37:17	"GET /uv248fip248inf210/project_part2.html HTTP/1.1"
249	2024/02/26 11:48:28	"GET /uv248fip248inf210/technical_environment_home.html HTTP/1.1"
249	2024/02/26 11:48:37	"GET /uv248fip248inf210/practice_docker.html HTTP/1.1"
249	2024/02/26 23:02:24	"GET /uv248fip248inf210/project_home.html HTTP/1.1"
249	2024/02/26 23:42:19	"GET /uv248fip248inf210/web_architecture_home.html HTTP/1.1"
249	2024/02/26 23:42:31	"GET /uv248fip248inf210/project_part2.html HTTP/1.1"
249	2024/02/27 00:41:24	"GET /uv248fip248inf210/practice_postgresql.html HTTP/1.1"
249	2024/01/15 09:29:16	"GET /uv248fip248inf210/data_home.html HTTP/1.1"
249	2024/01/15 09:29:19	"GET /uv248fip248inf210/web_architecture_home.html HTTP/1.1"
249	2024/01/15 09:29:34	"GET /uv248fip248inf210/lecture_dto.html HTTP/1.1"
249	2024/01/15 09:29:42	"GET /uv248fip248inf210/practice_xml.html HTTP/1.1"
249	2024/01/15 09:30:05	"GET /uv248fip248inf210/technical_environment_home.html HTTP/1.1"
249	2024/01/15 09:30:10	"GET /uv248fip248inf210/images/web_architecture/prerequisite_archiweb/prerequisite_archiweb.html HTTP/1.1"
249	2024/01/15 09:30:17	"GET /uv248fip248inf210/lecture_validity.html HTTP/1.1"
249	2024/01/15 09:48:40	"GET /uv248fip248inf210/lecture_json.html HTTP/1.1"
249	2024/01/15 11:30:00	"GET /uv248fip248inf210/data_home.html HTTP/1.1"
249	2024/01/15 11:30:22	"GET /uv248fip248inf210/data_home.html HTTP/1.1"
249	2024/01/15 11:30:51	"GET /uv248fip248inf210/practice_xml.html HTTP/1.1"
249	2024/01/15 11:31:01	"GET /uv248fip248inf210/lecture_json.html HTTP/1.1"
249	2024/01/15 11:31:03	"GET /uv248fip248inf210/practice_json.html HTTP/1.1"
249	2024/01/15 12:05:15	"GET /uv248fip248inf210/data_home.html HTTP/1.1"
249	2024/01/15 12:05:18	"GET /uv248fip248inf210/lecture_relational_model.html HTTP/1.1"
249	2024/02/27 14:10:55	"GET /uv248fip248inf210/project_home.html HTTP/1.1"
249	2024/02/27 14:10:59	"GET /uv248fip248inf210/project_part2.html HTTP/1.1"
249	2024/02/27 23:09:42	"GET /uv248fip248inf210/project_part3.html HTTP/1.1"
249	2024/02/28 12:03:56	"GET /uv248fip248inf210/project_home.html HTTP/1.1"
249	2024/02/28 12:03:58	"GET /uv248fip248inf210/project_part3.html HTTP/1.1"
249	2024/02/28 13:20:17	"GET /uv248fip248inf210/project_specifications.html HTTP/1.1"
249	2024/02/28 14:37:57	"GET /uv248fip248inf210/project_part4.html HTTP/1.1"
249	2024/01/12 11:24:12	"GET /uv248fip248inf210/technical_environment_home.html HTTP/1.1"
249	2024/01/12 13:50:51	"GET /uv248fip248inf210/data_home.html HTTP/1.1"
249	2024/01/12 13:51:08	"GET /uv248fip248inf210/web_architecture_home.html HTTP/1.1"
249	2024/01/12 13:51:12	"GET /uv248fip248inf210/lecture_xml.html HTTP/1.1"
249	2024/01/12 13:51:16	"GET /uv248fip248inf210/practice_xml.html HTTP/1.1"
249	2024/01/12 13:52:09	"GET /uv248fip248inf210/web_architecture_home.html HTTP/1.1"
249	2024/01/12 13:52:10	"GET /uv248fip248inf210/data_home.html HTTP/1.1"
249	2024/01/12 13:53:00	"GET /uv248fip248inf210/images/data/prerequisite_data/prerequisite_data.html HTTP/1.1"
249	2024/01/12 13:55:08	"GET /uv248fip248inf210/images/web_architecture/prerequisite_archiweb/prerequisite_archiweb.html HTTP/1.1"
249	2024/01/12 13:55:27	"GET /uv248fip248inf210/practice_sql.html HTTP/1.1"
