2510	2025/03/24 09:28:14	"GET /uv2582fip2582inf210/technical_environment_home.html HTTP/1.1"
2510	2025/03/24 09:28:37	"GET /uv2582fip2582inf210/documentation_docker.html HTTP/1.1"
2510	2025/03/24 09:28:51	"GET /uv2582fip2582inf210/practice_docker.html HTTP/1.1"
2510	2025/03/24 09:28:58	"GET /uv2582fip2582inf210/practice_docker_advanced.html HTTP/1.1"
2510	2025/03/24 09:29:21	"GET /uv2582fip2582inf210/documentation_programming.html HTTP/1.1"
2510	2025/03/24 09:29:25	"GET /uv2582fip2582inf210/documentation_rdbms.html HTTP/1.1"
2510	2025/03/24 09:29:56	"GET /uv2582fip2582inf210/index.html HTTP/1.1"
2510	2025/03/24 09:31:29	"GET /uv2582fip2582inf210/practice_postgresql.html HTTP/1.1"
2510	2025/03/24 09:31:41	"GET /uv2582fip2582inf210/spring_bean.html HTTP/1.1"
2510	2025/03/24 09:31:42	"GET /uv2582fip2582inf210/practice_spring.html HTTP/1.1"
2510	2025/03/24 09:55:46	"GET /uv2582fip2582inf210/data_home.html HTTP/1.1"
2510	2025/03/24 09:55:51	"GET /uv2582fip2582inf210/lecture_relational_model.html HTTP/1.1"
2510	2025/03/24 09:55:56	"GET /uv2582fip2582inf210/lecture_conceptual_modeling.html HTTP/1.1"
2510	2025/03/24 09:56:10	"GET /uv2582fip2582inf210/activity_conceptual_modeling.html HTTP/1.1"
2510	2025/02/20 20:10:27	"GET /uv2582fip2582inf210/data_home.html HTTP/1.1"
2510	2025/02/20 20:10:31	"GET /uv2582fip2582inf210/lecture_modeling_normalization.html HTTP/1.1"
2510	2025/02/20 20:10:39	"GET /uv2582fip2582inf210/lecture_conceptual_modeling.html HTTP/1.1"
2510	2025/02/20 20:13:50	"GET /uv2582fip2582inf210/activity_conceptual_modeling.html HTTP/1.1"
2510	2025/02/20 20:15:44	"GET /uv2582fip2582inf210/lecture_normalization.html HTTP/1.1"
2510	2025/02/20 20:38:46	"GET /uv2582fip2582inf210/activity_normalization.html HTTP/1.1"
2510	2025/02/20 20:38:53	"GET /uv2582fip2582inf210/activity_decomposition.html HTTP/1.1"
2510	2025/02/20 22:28:18	"GET /uv2582fip2582inf210/activity_conceptual_modeling_advanced.html HTTP/1.1"
2510	2025/02/20 22:28:27	"GET /uv2582fip2582inf210/practice_independence_views.html HTTP/1.1"
2510	2025/02/28 15:12:55	"GET /uv2582fip2582inf210/project_presentation.html HTTP/1.1"
2510	2025/02/28 15:14:23	"GET /uv2582fip2582inf210/index.html HTTP/1.1"
2510	2025/02/28 15:14:25	"GET /uv2582fip2582inf210/technical_environment_home.html HTTP/1.1"
2510	2025/02/28 15:14:42	"GET /uv2582fip2582inf210/documentation_docker.html HTTP/1.1"
2510	2025/02/28 15:14:50	"GET /uv2582fip2582inf210/documentation_rdbms.html HTTP/1.1"
2510	2025/02/28 15:14:55	"GET /uv2582fip2582inf210/practice_docker_advanced.html HTTP/1.1"
2510	2025/02/28 15:14:57	"GET /uv2582fip2582inf210/practice_docker.html HTTP/1.1"
2510	2025/02/26 09:49:49	"GET /uv2582fip2582inf210/technical_environment_home.html HTTP/1.1"
2510	2025/02/26 09:49:54	"GET /uv2582fip2582inf210/index.html HTTP/1.1"
2510	2025/02/26 09:50:09	"GET /uv2582fip2582inf210/project_presentation.html HTTP/1.1"
2510	2025/02/26 09:50:16	"GET /uv2582fip2582inf210/project_part1.html HTTP/1.1"
2510	2025/02/26 09:53:07	"GET /uv2582fip2582inf210/project_specifications.html HTTP/1.1"
2510	2025/06/27 07:25:20	"GET /uv2582fip2582inf210/data_home.html HTTP/1.1"
2510	2025/06/27 07:25:32	"GET /uv2582fip2582inf210/lecture_modeling_normalization.html HTTP/1.1"
2510	2025/02/24 14:04:36	"GET /uv2582fip2582inf210/project_home.html HTTP/1.1"
2510	2025/02/24 14:04:39	"GET /uv2582fip2582inf210/technical_environment_home.html HTTP/1.1"
2510	2025/02/24 14:04:41	"GET /uv2582fip2582inf210/web_architecture_home.html HTTP/1.1"
2510	2025/02/24 14:04:43	"GET /uv2582fip2582inf210/practice_spring_2tiers_ext.html HTTP/1.1"
2510	2025/03/07 13:23:43	"GET /uv2582fip2582inf210/data_home.html HTTP/1.1"
2510	2025/03/07 13:23:45	"GET /uv2582fip2582inf210/project_presentation.html HTTP/1.1"
2510	2025/03/07 13:23:47	"GET /uv2582fip2582inf210/project_part2.html HTTP/1.1"
2510	2025/02/19 14:15:54	"GET /uv2582fip2582inf210/project_home.html HTTP/1.1"
2510	2025/02/19 14:16:00	"GET /uv2582fip2582inf210/data_home.html HTTP/1.1"
2510	2025/01/24 09:44:07	"GET /uv2582fip2582inf210/technical_environment_home.html HTTP/1.1"
2510	2025/01/24 09:45:48	"GET /uv2582fip2582inf210/documentation_docker.html HTTP/1.1"
2510	2025/01/24 09:46:11	"GET /uv2582fip2582inf210/practice_docker.html HTTP/1.1"
2510	2025/01/24 09:46:20	"GET /uv2582fip2582inf210/practice_docker_advanced.html HTTP/1.1"
2510	2025/01/24 10:14:42	"GET /uv2582fip2582inf210/documentation_rdbms.html HTTP/1.1"
2510	2025/01/24 10:14:54	"GET /uv2582fip2582inf210/practice_postgresql.html HTTP/1.1"
2510	2025/01/24 10:16:21	"GET /uv2582fip2582inf210/documentation_programming.html HTTP/1.1"
2510	2025/01/24 10:16:25	"GET /uv2582fip2582inf210/inversion_of_control.html HTTP/1.1"
2510	2025/01/24 10:16:43	"GET /uv2582fip2582inf210/spring_bean.html HTTP/1.1"
2510	2025/01/24 10:16:45	"GET /uv2582fip2582inf210/practice_spring.html HTTP/1.1"
2510	2025/01/31 14:13:08	"GET /uv2582fip2582inf210/web_architecture_home.html HTTP/1.1"
2510	2025/01/31 14:13:21	"GET /uv2582fip2582inf210/data_home.html HTTP/1.1"
2510	2025/01/31 14:13:32	"GET /uv2582fip2582inf210/activity_conceptual_modeling.html HTTP/1.1"
2510	2025/01/31 14:14:00	"GET /uv2582fip2582inf210/activity_conceptual_modeling_advanced.html HTTP/1.1"
2510	2025/01/31 15:06:57	"GET /uv2582fip2582inf210/lecture_normalization.html HTTP/1.1"
2510	2025/01/31 15:53:36	"GET /uv2582fip2582inf210/activity_normalization.html HTTP/1.1"
2510	2025/01/31 16:22:33	"GET /uv2582fip2582inf210/lecture_normalization.html HTTP/1.1"
2510	2025/01/30 09:37:43	"GET /uv2582fip2582inf210/web_architecture_home.html HTTP/1.1"
2510	2025/01/30 09:37:51	"GET /uv2582fip2582inf210/data_home.html HTTP/1.1"
2510	2025/01/30 09:40:32	"GET /uv2582fip2582inf210/images/prerequisite_data/prerequisite_data_2025.html HTTP/1.1"
2510	2025/01/30 09:40:52	"GET /uv2582fip2582inf210/lecture_relational_model.html HTTP/1.1"
2510	2025/01/30 09:42:09	"GET /uv2582fip2582inf210/lecture_db_integrity.html HTTP/1.1"
2510	2025/01/30 09:56:14	"GET /uv2582fip2582inf210/lecture_relational_algebra.html HTTP/1.1"
2510	2025/01/30 09:56:51	"GET /uv2582fip2582inf210/activity_relational_model.html HTTP/1.1"
2510	2025/01/30 11:21:26	"GET /uv2582fip2582inf210/lecture_modeling_normalization.html HTTP/1.1"
2510	2025/01/30 11:28:48	"GET /uv2582fip2582inf210/lecture_conceptual_modeling.html HTTP/1.1"
2510	2025/03/09 19:43:53	"GET /uv2582fip2582inf210/project_presentation.html HTTP/1.1"
2510	2025/03/09 19:43:55	"GET /uv2582fip2582inf210/project_part3.html HTTP/1.1"
2510	2025/03/09 19:45:14	"GET /uv2582fip2582inf210/project_specifications.html HTTP/1.1"
2510	2025/01/22 14:36:45	"GET /uv2582fip2582inf210/technical_environment_home.html HTTP/1.1"
2510	2025/01/22 14:38:31	"GET /uv2582fip2582inf210/documentation_docker.html HTTP/1.1"
2510	2025/01/22 14:38:34	"GET /uv2582fip2582inf210/practice_docker.html HTTP/1.1"
2510	2025/01/22 14:38:35	"GET /uv2582fip2582inf210/practice_docker_advanced.html HTTP/1.1"
2510	2025/01/22 14:39:17	"GET /uv2582fip2582inf210/practice_postgresql.html HTTP/1.1"
2510	2025/01/22 14:39:30	"GET /uv2582fip2582inf210/documentation_programming.html HTTP/1.1"
2510	2025/01/22 14:41:18	"GET /uv2582fip2582inf210/index.html HTTP/1.1"
2510	2025/02/05 14:02:19	"GET /uv2582fip2582inf210/technical_environment_home.html HTTP/1.1"
2510	2025/02/05 14:02:29	"GET /uv2582fip2582inf210/index.html HTTP/1.1"
2510	2025/02/05 14:02:33	"GET /uv2582fip2582inf210/data_home.html HTTP/1.1"
2510	2025/02/05 14:02:37	"GET /uv2582fip2582inf210/practice_advanced_sql.html HTTP/1.1"
2510	2025/02/05 14:04:29	"GET /uv2582fip2582inf210/lecture_transaction.html HTTP/1.1"
2510	2025/02/05 14:04:37	"GET /uv2582fip2582inf210/practice_transaction.html HTTP/1.1"
2510	2025/02/05 14:16:28	"GET /uv2582fip2582inf210/project_home.html HTTP/1.1"
2510	2025/02/05 14:16:31	"GET /uv2582fip2582inf210/data_home.html HTTP/1.1"
2510	2025/02/05 14:16:34	"GET /uv2582fip2582inf210/lecture_transaction.html HTTP/1.1"
2510	2025/02/05 14:16:42	"GET /uv2582fip2582inf210/practice_transaction.html HTTP/1.1"
2510	2025/02/05 15:51:00	"GET /uv2582fip2582inf210/lecture_indexation.html HTTP/1.1"
2510	2025/02/05 15:51:15	"GET /uv2582fip2582inf210/practice_indexation.html HTTP/1.1"
2510	2025/02/05 15:51:25	"GET /uv2582fip2582inf210/index.html HTTP/1.1"
2510	2025/02/05 15:51:28	"GET /uv2582fip2582inf210/web_architecture_home.html HTTP/1.1"
2510	2025/02/05 15:51:44	"GET /uv2582fip2582inf210/lecture_xml.html HTTP/1.1"
2510	2025/02/05 16:13:58	"GET /uv2582fip2582inf210/lecture_json.html HTTP/1.1"
2510	2025/02/05 16:14:38	"GET /uv2582fip2582inf210/practice_json.html HTTP/1.1"
2510	2025/02/05 16:14:43	"GET /uv2582fip2582inf210/practice_apis.html HTTP/1.1"
2510	2025/02/05 16:22:51	"GET /uv2582fip2582inf210/practice_xpath.html HTTP/1.1"
2510	2025/02/05 16:22:54	"GET /uv2582fip2582inf210/lecture_jaxb.html HTTP/1.1"
2510	2025/02/05 16:26:45	"GET /uv2582fip2582inf210/lecture_validity.html HTTP/1.1"
2510	2025/02/10 15:00:12	"GET /uv2582fip2582inf210/technical_environment_home.html HTTP/1.1"
2510	2025/02/10 15:00:17	"GET /uv2582fip2582inf210/index.html HTTP/1.1"
2510	2025/02/10 15:00:20	"GET /uv2582fip2582inf210/web_architecture_home.html HTTP/1.1"
2510	2025/02/10 15:00:27	"GET /uv2582fip2582inf210/practice_schema_xml.html HTTP/1.1"
2510	2025/02/10 16:39:40	"GET /uv2582fip2582inf210/technical_environment_home.html HTTP/1.1"
2510	2025/02/12 09:36:37	"GET /uv2582fip2582inf210/index.html HTTP/1.1"
2510	2025/02/12 09:36:45	"GET /uv2582fip2582inf210/data_home.html HTTP/1.1"
2510	2025/02/12 09:37:04	"GET /uv2582fip2582inf210/web_architecture_home.html HTTP/1.1"
2510	2025/02/12 09:41:08	"GET /uv2582fip2582inf210/lecture_technical_architecture.html HTTP/1.1"
2510	2025/02/12 09:41:09	"GET /uv2582fip2582inf210/lecture_software_architecture.html HTTP/1.1"
2510	2025/02/12 09:43:30	"GET /uv2582fip2582inf210/lecture_mvc_spring.html HTTP/1.1"
2510	2025/02/12 09:45:08	"GET /uv2582fip2582inf210/lecture_jpa.html HTTP/1.1"
2510	2025/02/12 09:49:46	"GET /uv2582fip2582inf210/web_architecture_home.html HTTP/1.1"
2510	2025/02/12 09:49:49	"GET /uv2582fip2582inf210/lecture_jpa.html HTTP/1.1"
2510	2025/02/12 09:50:17	"GET /uv2582fip2582inf210/practice_jpa.html HTTP/1.1"
2510	2025/02/12 10:01:16	"GET /uv2582fip2582inf210/index.html HTTP/1.1"
2510	2025/02/12 10:01:25	"GET /uv2582fip2582inf210/technical_environment_home.html HTTP/1.1"
2510	2025/02/12 10:01:31	"GET /uv2582fip2582inf210/documentation_programming.html HTTP/1.1"
2510	2025/02/12 10:01:36	"GET /uv2582fip2582inf210/practice_spring.html HTTP/1.1"
2510	2025/02/12 14:22:03	"GET /uv2582fip2582inf210/practice_spring_2tiers.html HTTP/1.1"
2510	2025/03/03 12:11:35	"GET /uv2582fip2582inf210/project_presentation.html HTTP/1.1"
2510	2025/03/03 12:11:37	"GET /uv2582fip2582inf210/project_part2.html HTTP/1.1"
2510	2025/02/14 09:43:04	"GET /uv2582fip2582inf210/technical_environment_home.html HTTP/1.1"
2510	2025/02/14 09:43:20	"GET /uv2582fip2582inf210/practice_spring_2tiers.html HTTP/1.1"
2510	2025/01/29 14:15:58	"GET /uv2582fip2582inf210/project_home.html HTTP/1.1"
2510	2025/01/29 14:16:05	"GET /uv2582fip2582inf210/web_architecture_home.html HTTP/1.1"
2510	2025/01/29 14:16:10	"GET /uv2582fip2582inf210/practice_spring_2tiers.html HTTP/1.1"
2510	2025/01/29 14:16:23	"GET /uv2582fip2582inf210/lecture_dto.html HTTP/1.1"
2510	2025/01/29 14:16:24	"GET /uv2582fip2582inf210/lecture_software_architecture.html HTTP/1.1"
2510	2025/01/29 14:16:33	"GET /uv2582fip2582inf210/lecture_mvc_spring.html HTTP/1.1"
2510	2025/01/29 14:16:46	"GET /uv2582fip2582inf210/practice_spring_2tiers_ext.html HTTP/1.1"
2510	2025/01/29 14:17:16	"GET /uv2582fip2582inf210/lecture_jpa.html HTTP/1.1"
2510	2025/01/29 14:17:18	"GET /uv2582fip2582inf210/practice_jpa.html HTTP/1.1"
2510	2025/01/29 14:17:18	"GET /uv2582fip2582inf210/practice_jpa_advanced.html HTTP/1.1"
2510	2025/01/29 14:17:19	"GET /uv2582fip2582inf210/practice_spring_2tiers.html HTTP/1.1"
2510	2025/01/29 14:17:55	"GET /uv2582fip2582inf210/technical_environment_home.html HTTP/1.1"
2510	2025/01/29 14:17:59	"GET /uv2582fip2582inf210/inversion_of_control.html HTTP/1.1"
2510	2025/01/29 14:18:02	"GET /uv2582fip2582inf210/documentation_programming.html HTTP/1.1"
2510	2025/01/29 14:18:05	"GET /uv2582fip2582inf210/practice_spring.html HTTP/1.1"
2510	2025/01/29 14:21:10	"GET /uv2582fip2582inf210/spring_bean.html HTTP/1.1"
