2511	2025/02/27 10:21:09	"GET /uv2582fip2582inf210/project_presentation.html HTTP/1.1"
2511	2025/02/27 10:21:15	"GET /uv2582fip2582inf210/project_specifications.html HTTP/1.1"
2511	2025/02/27 10:21:22	"GET /uv2582fip2582inf210/project_part1.html HTTP/1.1"
2511	2025/02/27 10:33:07	"GET /uv2582fip2582inf210/project_evaluation.html HTTP/1.1"
2511	2025/03/24 08:17:36	"GET /uv2582fip2582inf210/web_architecture_home.html HTTP/1.1"
2511	2025/03/24 08:17:38	"GET /uv2582fip2582inf210/index.html HTTP/1.1"
2511	2025/03/24 08:17:40	"GET /uv2582fip2582inf210/data_home.html HTTP/1.1"
2511	2025/03/24 08:17:54	"GET /uv2582fip2582inf210/lecture_relational_model.html HTTP/1.1"
2511	2025/03/24 08:18:00	"GET /uv2582fip2582inf210/lecture_db_integrity.html HTTP/1.1"
2511	2025/03/24 08:18:09	"GET /uv2582fip2582inf210/lecture_modeling_normalization.html HTTP/1.1"
2511	2025/03/24 08:18:25	"GET /uv2582fip2582inf210/lecture_conceptual_modeling.html HTTP/1.1"
2511	2025/03/24 09:16:57	"GET /uv2582fip2582inf210/technical_environment_home.html HTTP/1.1"
2511	2025/02/20 13:41:00	"GET /uv2582fip2582inf210/index.html HTTP/1.1"
2511	2025/02/20 13:43:04	"GET /uv2582fip2582inf210/data_home.html HTTP/1.1"
2511	2025/02/20 13:44:00	"GET /uv2582fip2582inf210/lecture_mvc_spring.html HTTP/1.1"
2511	2025/02/20 13:53:21	"GET /uv2582fip2582inf210/lecture_jpa.html HTTP/1.1"
2511	2025/02/20 14:22:45	"GET /uv2582fip2582inf210/lecture_xml.html HTTP/1.1"
2511	2025/02/20 14:22:55	"GET /uv2582fip2582inf210/lecture_json.html HTTP/1.1"
2511	2025/02/20 14:24:03	"GET /uv2582fip2582inf210/practice_spring_2tiers.html HTTP/1.1"
2511	2025/02/21 09:43:59	"GET /uv2582fip2582inf210/technical_environment_home.html HTTP/1.1"
2511	2025/02/21 09:44:06	"GET /uv2582fip2582inf210/index.html HTTP/1.1"
2511	2025/02/21 09:44:10	"GET /uv2582fip2582inf210/web_architecture_home.html HTTP/1.1"
2511	2025/02/21 09:44:23	"GET /uv2582fip2582inf210/data_home.html HTTP/1.1"
2511	2025/02/21 09:44:52	"GET /uv2582fip2582inf210/lecture_relational_model.html HTTP/1.1"
2511	2025/02/21 09:45:11	"GET /uv2582fip2582inf210/lecture_db_integrity.html HTTP/1.1"
2511	2025/02/21 12:56:13	"GET /uv2582fip2582inf210/index.html HTTP/1.1"
2511	2025/02/21 12:57:32	"GET /uv2582fip2582inf210/data_home.html HTTP/1.1"
2511	2025/02/21 12:57:38	"GET /uv2582fip2582inf210/lecture_normalization.html HTTP/1.1"
2511	2025/02/21 12:57:40	"GET /uv2582fip2582inf210/activity_normalization.html HTTP/1.1"
2511	2025/02/21 14:58:20	"GET /uv2582fip2582inf210/practice_jpa.html HTTP/1.1"
2511	2025/02/26 09:52:00	"GET /uv2582fip2582inf210/project_presentation.html HTTP/1.1"
2511	2025/02/26 09:53:00	"GET /uv2582fip2582inf210/project_part1.html HTTP/1.1"
2511	2025/02/26 09:56:09	"GET /uv2582fip2582inf210/project_specifications.html HTTP/1.1"
2511	2025/02/26 10:21:52	"GET /uv2582fip2582inf210/index.html HTTP/1.1"
2511	2025/02/26 10:21:56	"GET /uv2582fip2582inf210/data_home.html HTTP/1.1"
2511	2025/02/26 10:22:03	"GET /uv2582fip2582inf210/lecture_normalization.html HTTP/1.1"
2511	2025/02/26 10:22:21	"GET /uv2582fip2582inf210/activity_conceptual_modeling.html HTTP/1.1"
2511	2025/02/26 10:22:23	"GET /uv2582fip2582inf210/lecture_conceptual_modeling.html HTTP/1.1"
2511	2025/02/26 10:25:01	"GET /uv2582fip2582inf210/project_task_time.html HTTP/1.1"
2511	2025/02/26 10:25:02	"GET /uv2582fip2582inf210/project_specifications.html HTTP/1.1"
2511	2025/02/24 14:19:53	"GET /uv2582fip2582inf210/web_architecture_home.html HTTP/1.1"
2511	2025/02/24 14:20:02	"GET /uv2582fip2582inf210/practice_spring_2tiers_ext.html HTTP/1.1"
2511	2025/02/24 14:20:06	"GET /uv2582fip2582inf210/index.html HTTP/1.1"
2511	2025/02/24 14:24:32	"GET /uv2582fip2582inf210/lecture_dto.html HTTP/1.1"
2511	2025/03/27 11:14:14	"GET /uv2582fip2582inf210/index.html HTTP/1.1"
2511	2025/03/27 11:14:18	"GET /uv2582fip2582inf210/technical_environment_home.html HTTP/1.1"
2511	2025/03/27 11:14:41	"GET /uv2582fip2582inf210/project_presentation.html HTTP/1.1"
2511	2025/03/27 11:14:45	"GET /uv2582fip2582inf210/project_evaluation.html HTTP/1.1"
2511	2025/03/27 11:25:16	"GET /uv2582fip2582inf210/project_task_time.html HTTP/1.1"
2511	2025/03/27 11:25:45	"GET /uv2582fip2582inf210/project_part1.html HTTP/1.1"
2511	2025/03/21 09:46:25	"GET /uv2582fip2582inf210/technical_environment_home.html HTTP/1.1"
2511	2025/03/21 09:46:30	"GET /uv2582fip2582inf210/index.html HTTP/1.1"
2511	2025/03/21 09:46:32	"GET /uv2582fip2582inf210/project_presentation.html HTTP/1.1"
2511	2025/03/21 09:46:48	"GET /uv2582fip2582inf210/project_evaluation.html HTTP/1.1"
2511	2025/03/21 09:46:55	"GET /uv2582fip2582inf210/project_specifications.html HTTP/1.1"
2511	2025/03/07 22:10:45	"GET /uv2582fip2582inf210/project_presentation.html HTTP/1.1"
2511	2025/03/07 22:10:48	"GET /uv2582fip2582inf210/project_part3.html HTTP/1.1"
2511	2025/03/07 22:11:18	"GET /uv2582fip2582inf210/project_structureui.html HTTP/1.1"
2511	2025/02/19 14:09:11	"GET /uv2582fip2582inf210/data_home.html HTTP/1.1"
2511	2025/02/19 14:09:19	"GET /uv2582fip2582inf210/web_architecture_home.html HTTP/1.1"
2511	2025/02/19 14:09:24	"GET /uv2582fip2582inf210/technical_environment_home.html HTTP/1.1"
2511	2025/02/19 14:09:29	"GET /uv2582fip2582inf210/practice_spring.html HTTP/1.1"
2511	2025/02/19 14:21:55	"GET /uv2582fip2582inf210/documentation_programming.html HTTP/1.1"
2511	2025/02/19 14:22:03	"GET /uv2582fip2582inf210/documentation_docker.html HTTP/1.1"
2511	2025/02/19 14:22:19	"GET /uv2582fip2582inf210/practice_postgresql.html HTTP/1.1"
2511	2025/02/19 14:39:43	"GET /uv2582fip2582inf210/index.html HTTP/1.1"
2511	2025/02/03 09:34:15	"GET /uv2582fip2582inf210/index.html HTTP/1.1"
2511	2025/02/03 09:34:18	"GET /uv2582fip2582inf210/technical_environment_home.html HTTP/1.1"
2511	2025/02/03 09:34:32	"GET /uv2582fip2582inf210/practice_spring.html HTTP/1.1"
2511	2025/02/03 09:35:38	"GET /uv2582fip2582inf210/practice_postgresql.html HTTP/1.1"
2511	2025/02/03 09:35:57	"GET /uv2582fip2582inf210/documentation_rdbms.html HTTP/1.1"
2511	2025/02/03 09:37:09	"GET /uv2582fip2582inf210/web_architecture_home.html HTTP/1.1"
2511	2025/02/03 09:37:22	"GET /uv2582fip2582inf210/data_home.html HTTP/1.1"
2511	2025/02/03 09:37:28	"GET /uv2582fip2582inf210/images/prerequisite_data/prerequisite_data_2025.html HTTP/1.1"
2511	2025/02/03 09:37:42	"GET /uv2582fip2582inf210/lecture_modeling_normalization.html HTTP/1.1"
2511	2025/02/03 09:43:54	"GET /uv2582fip2582inf210/lecture_conceptual_modeling.html HTTP/1.1"
2511	2025/02/03 10:02:22	"GET /uv2582fip2582inf210/activity_conceptual_modeling.html HTTP/1.1"
2511	2025/02/03 10:15:21	"GET /uv2582fip2582inf210/activity_conceptual_modeling_correction.html HTTP/1.1"
2511	2025/02/03 10:21:14	"GET /uv2582fip2582inf210/lecture_normalization.html HTTP/1.1"
2511	2025/02/03 10:33:46	"GET /uv2582fip2582inf210/activity_decomposition.html HTTP/1.1"
2511	2025/02/03 11:23:28	"GET /uv2582fip2582inf210/activity_normalization.html HTTP/1.1"
2511	2025/02/03 11:35:17	"GET /uv2582fip2582inf210/activity_normalization_correction.html HTTP/1.1"
2511	2025/01/24 09:46:30	"GET /uv2582fip2582inf210/technical_environment_home.html HTTP/1.1"
2511	2025/01/24 11:19:12	"GET /uv2582fip2582inf210/images/prerequisite_techenv/prerequisite_techenv_2025.html HTTP/1.1"
2511	2025/01/24 11:19:15	"GET /uv2582fip2582inf210/documentation_docker.html HTTP/1.1"
2511	2025/01/24 11:19:30	"GET /uv2582fip2582inf210/practice_docker.html HTTP/1.1"
2511	2025/01/31 14:04:59	"GET /uv2582fip2582inf210/web_architecture_home.html HTTP/1.1"
2511	2025/01/31 14:05:06	"GET /uv2582fip2582inf210/index.html HTTP/1.1"
2511	2025/01/31 14:06:59	"GET /uv2582fip2582inf210/activity_sql.html HTTP/1.1"
2511	2025/01/31 14:56:55	"GET /uv2582fip2582inf210/activity_sql_correction.html HTTP/1.1"
2511	2025/01/31 15:00:42	"GET /uv2582fip2582inf210/technical_environment_home.html HTTP/1.1"
2511	2025/01/31 15:00:54	"GET /uv2582fip2582inf210/documentation_rdbms.html HTTP/1.1"
2511	2025/01/31 15:00:59	"GET /uv2582fip2582inf210/practice_postgresql.html HTTP/1.1"
2511	2025/01/31 15:01:48	"GET /uv2582fip2582inf210/data_home.html HTTP/1.1"
2511	2025/01/31 15:50:53	"GET /uv2582fip2582inf210/practice_sql.html HTTP/1.1"
2511	2025/01/31 16:34:29	"GET /uv2582fip2582inf210/practice_sql_correction.html HTTP/1.1"
2511	2025/01/30 09:33:03	"GET /uv2582fip2582inf210/technical_environment_home.html HTTP/1.1"
2511	2025/01/30 09:33:07	"GET /uv2582fip2582inf210/practice_postgresql.html HTTP/1.1"
2511	2025/01/30 09:35:08	"GET /uv2582fip2582inf210/practice_docker.html HTTP/1.1"
2511	2025/01/30 09:38:38	"GET /uv2582fip2582inf210/documentation_rdbms.html HTTP/1.1"
2511	2025/01/30 09:42:29	"GET /uv2582fip2582inf210/practice_docker_advanced.html HTTP/1.1"
2511	2025/01/30 09:47:46	"GET /uv2582fip2582inf210/practice_spring.html HTTP/1.1"
2511	2025/01/30 09:48:32	"GET /uv2582fip2582inf210/index.html HTTP/1.1"
2511	2025/01/30 09:48:34	"GET /uv2582fip2582inf210/data_home.html HTTP/1.1"
2511	2025/01/30 09:51:31	"GET /uv2582fip2582inf210/lecture_db_integrity.html HTTP/1.1"
2511	2025/01/30 10:04:38	"GET /uv2582fip2582inf210/activity_relational_model.html HTTP/1.1"
2511	2025/01/30 12:04:41	"GET /uv2582fip2582inf210/activity_relational_model_correction.html HTTP/1.1"
2511	2025/02/17 14:09:08	"GET /uv2582fip2582inf210/data_home.html HTTP/1.1"
2511	2025/02/17 14:09:20	"GET /uv2582fip2582inf210/lecture_relational_model.html HTTP/1.1"
2511	2025/02/17 14:09:33	"GET /uv2582fip2582inf210/lecture_db_integrity.html HTTP/1.1"
2511	2025/02/17 14:09:44	"GET /uv2582fip2582inf210/activity_relational_model.html HTTP/1.1"
2511	2025/02/17 14:10:16	"GET /uv2582fip2582inf210/lecture_modeling_normalization.html HTTP/1.1"
2511	2025/02/17 14:10:23	"GET /uv2582fip2582inf210/lecture_conceptual_modeling.html HTTP/1.1"
2511	2025/02/17 14:18:27	"GET /uv2582fip2582inf210/activity_normalization.html HTTP/1.1"
2511	2025/02/17 14:19:06	"GET /uv2582fip2582inf210/lecture_normalization.html HTTP/1.1"
2511	2025/02/17 14:35:23	"GET /uv2582fip2582inf210/activity_normalization_correction.html HTTP/1.1"
2511	2025/03/14 11:10:11	"GET /uv2582fip2582inf210/project_specifications.html HTTP/1.1"
2511	2025/03/14 11:10:25	"GET /uv2582fip2582inf210/project_task_time.html HTTP/1.1"
2511	2025/03/14 11:10:45	"GET /uv2582fip2582inf210/project_evaluation.html HTTP/1.1"
2511	2025/03/13 21:39:37	"GET /uv2582fip2582inf210/technical_environment_home.html HTTP/1.1"
2511	2025/03/13 21:39:39	"GET /uv2582fip2582inf210/index.html HTTP/1.1"
2511	2025/03/13 21:39:41	"GET /uv2582fip2582inf210/project_presentation.html HTTP/1.1"
2511	2025/03/13 21:45:06	"GET /uv2582fip2582inf210/project_part2.html HTTP/1.1"
2511	2025/03/13 22:18:24	"GET /uv2582fip2582inf210/data_home.html HTTP/1.1"
2511	2025/03/06 11:31:19	"GET /uv2582fip2582inf210/project_presentation.html HTTP/1.1"
2511	2025/03/06 11:31:22	"GET /uv2582fip2582inf210/project_part2.html HTTP/1.1"
2511	2025/02/05 14:01:33	"GET /uv2582fip2582inf210/data_home.html HTTP/1.1"
2511	2025/02/05 14:02:27	"GET /uv2582fip2582inf210/index.html HTTP/1.1"
2511	2025/02/05 14:08:39	"GET /uv2582fip2582inf210/lecture_transaction.html HTTP/1.1"
2511	2025/02/05 14:18:02	"GET /uv2582fip2582inf210/practice_transaction.html HTTP/1.1"
2511	2025/02/05 15:51:09	"GET /uv2582fip2582inf210/practice_transaction_correction.html HTTP/1.1"
2511	2025/02/05 16:03:49	"GET /uv2582fip2582inf210/web_architecture_home.html HTTP/1.1"
2511	2025/02/05 16:03:55	"GET /uv2582fip2582inf210/lecture_technical_architecture.html HTTP/1.1"
2511	2025/02/05 16:15:48	"GET /uv2582fip2582inf210/lecture_software_architecture.html HTTP/1.1"
2511	2025/02/05 16:22:41	"GET /uv2582fip2582inf210/lecture_dto.html HTTP/1.1"
2511	2025/02/10 14:18:34	"GET /uv2582fip2582inf210/technical_environment_home.html HTTP/1.1"
2511	2025/02/10 14:18:36	"GET /uv2582fip2582inf210/index.html HTTP/1.1"
2511	2025/02/10 14:18:40	"GET /uv2582fip2582inf210/data_home.html HTTP/1.1"
2511	2025/02/10 14:18:44	"GET /uv2582fip2582inf210/lecture_db_integrity.html HTTP/1.1"
2511	2025/02/10 14:18:49	"GET /uv2582fip2582inf210/lecture_conceptual_modeling.html HTTP/1.1"
2511	2025/02/10 14:19:10	"GET /uv2582fip2582inf210/activity_normalization.html HTTP/1.1"
2511	2025/02/10 14:19:23	"GET /uv2582fip2582inf210/lecture_normalization.html HTTP/1.1"
2511	2025/02/10 14:31:00	"GET /uv2582fip2582inf210/lecture_modeling_normalization.html HTTP/1.1"
2511	2025/02/10 14:31:29	"GET /uv2582fip2582inf210/activity_sql.html HTTP/1.1"
2511	2025/02/10 14:32:06	"GET /uv2582fip2582inf210/activity_conceptual_modeling.html HTTP/1.1"
2511	2025/02/10 14:32:24	"GET /uv2582fip2582inf210/lecture_relational_model.html HTTP/1.1"
2511	2025/02/10 16:10:53	"GET /uv2582fip2582inf210/web_architecture_home.html HTTP/1.1"
2511	2025/02/10 16:11:27	"GET /uv2582fip2582inf210/lecture_technical_architecture.html HTTP/1.1"
2511	2025/02/10 16:11:43	"GET /uv2582fip2582inf210/lecture_software_architecture.html HTTP/1.1"
2511	2025/02/10 16:12:12	"GET /uv2582fip2582inf210/lecture_dto.html HTTP/1.1"
2511	2025/02/10 16:39:32	"GET /uv2582fip2582inf210/lecture_mvc_spring.html HTTP/1.1"
2511	2025/03/19 08:26:37	"GET /uv2582fip2582inf210/project_specifications.html HTTP/1.1"
2511	2025/03/19 08:38:54	"GET /uv2582fip2582inf210/project_structureui.html HTTP/1.1"
2511	2025/02/12 09:47:44	"GET /uv2582fip2582inf210/lecture_jpa.html HTTP/1.1"
2511	2025/02/12 09:58:17	"GET /uv2582fip2582inf210/practice_jpa.html HTTP/1.1"
2511	2025/02/12 11:54:08	"GET /uv2582fip2582inf210/index.html HTTP/1.1"
2511	2025/02/12 14:23:26	"GET /uv2582fip2582inf210/practice_jpa_advanced.html HTTP/1.1"
2511	2025/03/04 14:08:54	"GET /uv2582fip2582inf210/documentation_programming.html HTTP/1.1"
2511	2025/03/03 11:06:15	"GET /uv2582fip2582inf210/project_presentation.html HTTP/1.1"
2511	2025/03/03 11:14:31	"GET /uv2582fip2582inf210/project_evaluation.html HTTP/1.1"
2511	2025/03/03 11:15:53	"GET /uv2582fip2582inf210/project_task_time.html HTTP/1.1"
2511	2025/03/03 11:17:45	"GET /uv2582fip2582inf210/project_specifications.html HTTP/1.1"
2511	2025/03/03 11:23:18	"GET /uv2582fip2582inf210/project_evaluation.html HTTP/1.1"
2511	2025/03/03 11:23:21	"GET /uv2582fip2582inf210/project_part2.html HTTP/1.1"
2511	2025/03/03 11:55:13	"GET /uv2582fip2582inf210/project_part1.html HTTP/1.1"
2511	2025/03/03 11:55:15	"GET /uv2582fip2582inf210/index.html HTTP/1.1"
2511	2025/03/03 15:44:47	"GET /uv2582fip2582inf210/technical_environment_home.html HTTP/1.1"
2511	2025/03/03 15:44:51	"GET /uv2582fip2582inf210/documentation_programming.html HTTP/1.1"
2511	2025/03/03 16:20:27	"GET /uv2582fip2582inf210/project_presentation.html HTTP/1.1"
2511	2025/03/03 16:20:30	"GET /uv2582fip2582inf210/project_part2.html HTTP/1.1"
2511	2025/02/14 09:42:29	"GET /uv2582fip2582inf210/data_home.html HTTP/1.1"
2511	2025/02/14 09:42:35	"GET /uv2582fip2582inf210/web_architecture_home.html HTTP/1.1"
2511	2025/01/29 14:07:44	"GET /uv2582fip2582inf210/web_architecture_home.html HTTP/1.1"
2511	2025/01/29 14:08:21	"GET /uv2582fip2582inf210/data_home.html HTTP/1.1"
2511	2025/01/29 14:08:35	"GET /uv2582fip2582inf210/lecture_relational_model.html HTTP/1.1"
2511	2025/01/29 14:08:56	"GET /uv2582fip2582inf210/lecture_db_integrity.html HTTP/1.1"
2511	2025/01/29 14:09:11	"GET /uv2582fip2582inf210/lecture_relational_algebra.html HTTP/1.1"
2511	2025/01/29 14:10:04	"GET /uv2582fip2582inf210/activity_relational_model.html HTTP/1.1"
2511	2025/01/29 14:11:51	"GET /uv2582fip2582inf210/technical_environment_home.html HTTP/1.1"
2511	2025/01/29 14:14:18	"GET /uv2582fip2582inf210/documentation_rdbms.html HTTP/1.1"
2511	2025/01/29 14:19:31	"GET /uv2582fip2582inf210/practice_postgresql.html HTTP/1.1"
2511	2025/01/29 14:21:38	"GET /uv2582fip2582inf210/documentation_docker.html HTTP/1.1"
2511	2025/01/29 14:21:59	"GET /uv2582fip2582inf210/practice_docker.html HTTP/1.1"
2511	2025/01/29 14:22:22	"GET /uv2582fip2582inf210/practice_docker_advanced.html HTTP/1.1"
2511	2025/03/05 14:25:11	"GET /uv2582fip2582inf210/web_architecture_home.html HTTP/1.1"
2511	2025/03/05 14:25:24	"GET /uv2582fip2582inf210/practice_spring_2tiers_ext.html HTTP/1.1"
2511	2025/03/05 15:44:19	"GET /uv2582fip2582inf210/index.html HTTP/1.1"
2511	2025/03/05 15:44:22	"GET /uv2582fip2582inf210/project_presentation.html HTTP/1.1"
2511	2025/03/05 15:44:24	"GET /uv2582fip2582inf210/project_evaluation.html HTTP/1.1"
2511	2025/03/05 15:44:39	"GET /uv2582fip2582inf210/project_part2.html HTTP/1.1"
2511	2025/03/05 15:44:57	"GET /uv2582fip2582inf210/project_task_time.html HTTP/1.1"
2511	2025/03/10 10:02:56	"GET /uv2582fip2582inf210/project_presentation.html HTTP/1.1"
2511	2025/03/10 10:02:59	"GET /uv2582fip2582inf210/project_part3.html HTTP/1.1"
2511	2025/03/10 10:05:06	"GET /uv2582fip2582inf210/project_structureui.html HTTP/1.1"
2511	2025/03/10 10:06:25	"GET /uv2582fip2582inf210/index.html HTTP/1.1"
2511	2025/03/18 13:58:37	"GET /uv2582fip2582inf210/project_presentation.html HTTP/1.1"
2511	2025/03/18 13:58:39	"GET /uv2582fip2582inf210/project_part3.html HTTP/1.1"
