2512	2025/04/02 21:06:24	"GET /uv2582fip2582inf210/project_presentation.html HTTP/1.1"
2512	2025/02/20 13:43:21	"GET /uv2582fip2582inf210/practice_jpa.html HTTP/1.1"
2512	2025/02/20 14:01:31	"GET /uv2582fip2582inf210/lecture_mvc_spring.html HTTP/1.1"
2512	2025/02/20 14:23:43	"GET /uv2582fip2582inf210/practice_spring_2tiers.html HTTP/1.1"
2512	2025/02/20 14:45:51	"GET /uv2582fip2582inf210/images/prerequisite_data/prerequisite_data_2025.html HTTP/1.1"
2512	2025/02/20 15:05:46	"GET /uv2582fip2582inf210/web_architecture_home.html HTTP/1.1"
2512	2025/04/03 15:40:04	"GET /uv2582fip2582inf210/project_task_time.html HTTP/1.1"
2512	2025/02/26 10:05:43	"GET /uv2582fip2582inf210/project_presentation.html HTTP/1.1"
2512	2025/02/26 10:07:15	"GET /uv2582fip2582inf210/project_specifications.html HTTP/1.1"
2512	2025/02/26 10:19:36	"GET /uv2582fip2582inf210/project_part1.html HTTP/1.1"
2512	2025/02/26 10:28:10	"GET /uv2582fip2582inf210/index.html HTTP/1.1"
2512	2025/02/26 10:28:19	"GET /uv2582fip2582inf210/data_home.html HTTP/1.1"
2512	2025/02/26 10:28:37	"GET /uv2582fip2582inf210/lecture_conceptual_modeling.html HTTP/1.1"
2512	2025/02/24 14:08:52	"GET /uv2582fip2582inf210/web_architecture_home.html HTTP/1.1"
2512	2025/02/24 14:08:56	"GET /uv2582fip2582inf210/practice_spring_2tiers_ext.html HTTP/1.1"
2512	2025/02/19 14:18:04	"GET /uv2582fip2582inf210/index.html HTTP/1.1"
2512	2025/02/19 14:18:11	"GET /uv2582fip2582inf210/project_home.html HTTP/1.1"
2512	2025/02/19 14:18:19	"GET /uv2582fip2582inf210/data_home.html HTTP/1.1"
2512	2025/02/19 14:18:41	"GET /uv2582fip2582inf210/practice_jpa.html HTTP/1.1"
2512	2025/02/19 14:18:56	"GET /uv2582fip2582inf210/practice_jpa_advanced.html HTTP/1.1"
2512	2025/02/19 14:18:59	"GET /uv2582fip2582inf210/practice_spring_2tiers.html HTTP/1.1"
2512	2025/02/19 14:28:34	"GET /uv2582fip2582inf210/practice_xml.html HTTP/1.1"
2512	2025/02/19 15:30:20	"GET /uv2582fip2582inf210/practice_json.html HTTP/1.1"
2512	2025/02/03 10:15:25	"GET /uv2582fip2582inf210/activity_sql_correction.html HTTP/1.1"
2512	2025/02/03 10:33:12	"GET /uv2582fip2582inf210/technical_environment_home.html HTTP/1.1"
2512	2025/02/03 10:33:19	"GET /uv2582fip2582inf210/web_architecture_home.html HTTP/1.1"
2512	2025/02/03 10:33:32	"GET /uv2582fip2582inf210/data_home.html HTTP/1.1"
2512	2025/02/03 10:33:56	"GET /uv2582fip2582inf210/images/prerequisite_data/prerequisite_data_2025.html HTTP/1.1"
2512	2025/02/03 10:33:58	"GET /uv2582fip2582inf210/activity_sql.html HTTP/1.1"
2512	2025/02/03 11:20:03	"GET /uv2582fip2582inf210/practice_sql.html HTTP/1.1"
2512	2025/01/24 09:47:41	"GET /uv2582fip2582inf210/technical_environment_home.html HTTP/1.1"
2512	2025/01/24 09:47:46	"GET /uv2582fip2582inf210/images/prerequisite_techenv/prerequisite_techenv_2025.html HTTP/1.1"
2512	2025/01/31 14:05:49	"GET /uv2582fip2582inf210/activity_relational_model_correction.html HTTP/1.1"
2512	2025/01/31 14:06:30	"GET /uv2582fip2582inf210/lecture_modeling_normalization.html HTTP/1.1"
2512	2025/01/31 14:13:06	"GET /uv2582fip2582inf210/lecture_conceptual_modeling.html HTTP/1.1"
2512	2025/01/31 14:21:03	"GET /uv2582fip2582inf210/activity_conceptual_modeling.html HTTP/1.1"
2512	2025/01/31 14:32:59	"GET /uv2582fip2582inf210/lecture_normalization.html HTTP/1.1"
2512	2025/01/31 14:36:07	"GET /uv2582fip2582inf210/activity_normalization.html HTTP/1.1"
2512	2025/01/31 15:14:21	"GET /uv2582fip2582inf210/activity_sql.html HTTP/1.1"
2512	2025/01/30 09:47:36	"GET /uv2582fip2582inf210/index.html HTTP/1.1"
2512	2025/01/30 09:48:35	"GET /uv2582fip2582inf210/technical_environment_home.html HTTP/1.1"
2512	2025/01/30 09:51:44	"GET /uv2582fip2582inf210/documentation_programming.html HTTP/1.1"
2512	2025/01/30 09:55:05	"GET /uv2582fip2582inf210/data_home.html HTTP/1.1"
2512	2025/01/30 09:55:11	"GET /uv2582fip2582inf210/lecture_relational_model.html HTTP/1.1"
2512	2025/01/30 09:58:05	"GET /uv2582fip2582inf210/lecture_db_integrity.html HTTP/1.1"
2512	2025/01/30 10:04:48	"GET /uv2582fip2582inf210/activity_relational_model.html HTTP/1.1"
2512	2025/02/17 14:09:22	"GET /uv2582fip2582inf210/lecture_technical_architecture.html HTTP/1.1"
2512	2025/02/17 14:09:26	"GET /uv2582fip2582inf210/index.html HTTP/1.1"
2512	2025/02/17 14:09:36	"GET /uv2582fip2582inf210/technical_environment_home.html HTTP/1.1"
2512	2025/02/17 14:09:50	"GET /uv2582fip2582inf210/web_architecture_home.html HTTP/1.1"
2512	2025/02/17 14:10:20	"GET /uv2582fip2582inf210/data_home.html HTTP/1.1"
2512	2025/02/17 14:10:38	"GET /uv2582fip2582inf210/lecture_conceptual_modeling.html HTTP/1.1"
2512	2025/02/17 14:18:11	"GET /uv2582fip2582inf210/activity_normalization.html HTTP/1.1"
2512	2025/02/17 14:18:56	"GET /uv2582fip2582inf210/activity_normalization_correction.html HTTP/1.1"
2512	2025/03/14 15:52:33	"GET /uv2582fip2582inf210/project_part3.html HTTP/1.1"
2512	2025/03/14 15:52:57	"GET /uv2582fip2582inf210/project_structureui.html HTTP/1.1"
2512	2025/03/13 21:19:49	"GET /uv2582fip2582inf210/project_part1.html HTTP/1.1"
2512	2025/02/10 14:06:09	"GET /uv2582fip2582inf210/web_architecture_home.html HTTP/1.1"
2512	2025/02/10 14:20:40	"GET /uv2582fip2582inf210/lecture_modeling_normalization.html HTTP/1.1"
2512	2025/02/10 16:12:01	"GET /uv2582fip2582inf210/lecture_conceptual_modeling.html HTTP/1.1"
2512	2025/02/12 09:35:20	"GET /uv2582fip2582inf210/data_home.html HTTP/1.1"
2512	2025/02/12 09:35:32	"GET /uv2582fip2582inf210/practice_sql.html HTTP/1.1"
2512	2025/02/12 10:32:15	"GET /uv2582fip2582inf210/practice_sql_correction.html HTTP/1.1"
2512	2025/02/12 10:36:52	"GET /uv2582fip2582inf210/practice_sql.html HTTP/1.1"
2512	2025/02/12 12:10:03	"GET /uv2582fip2582inf210/practice_sql.html HTTP/1.1"
2512	2025/02/12 14:16:36	"GET /uv2582fip2582inf210/lecture_transaction.html HTTP/1.1"
2512	2025/02/12 14:21:53	"GET /uv2582fip2582inf210/practice_transaction.html HTTP/1.1"
2512	2025/02/12 14:23:21	"GET /uv2582fip2582inf210/practice_jpa.html HTTP/1.1"
2512	2025/03/03 11:11:18	"GET /uv2582fip2582inf210/project_presentation.html HTTP/1.1"
2512	2025/03/03 11:11:23	"GET /uv2582fip2582inf210/project_part1.html HTTP/1.1"
2512	2025/03/03 11:15:27	"GET /uv2582fip2582inf210/project_evaluation.html HTTP/1.1"
2512	2025/03/03 11:32:12	"GET /uv2582fip2582inf210/project_evaluation.html HTTP/1.1"
2512	2025/03/03 11:32:15	"GET /uv2582fip2582inf210/project_part2.html HTTP/1.1"
2512	2025/03/16 16:39:12	"GET /uv2582fip2582inf210/project_part3.html HTTP/1.1"
2512	2025/03/16 17:03:46	"GET /uv2582fip2582inf210/project_structureui.html HTTP/1.1"
2512	2025/02/14 09:50:41	"GET /uv2582fip2582inf210/practice_transaction.html HTTP/1.1"
2512	2025/02/14 09:50:49	"GET /uv2582fip2582inf210/index.html HTTP/1.1"
2512	2025/02/14 09:51:00	"GET /uv2582fip2582inf210/project_home.html HTTP/1.1"
2512	2025/02/14 09:51:09	"GET /uv2582fip2582inf210/data_home.html HTTP/1.1"
2512	2025/02/14 09:51:12	"GET /uv2582fip2582inf210/web_architecture_home.html HTTP/1.1"
2512	2025/02/14 09:51:16	"GET /uv2582fip2582inf210/lecture_technical_architecture.html HTTP/1.1"
2512	2025/01/29 14:11:32	"GET /uv2582fip2582inf210/technical_environment_home.html HTTP/1.1"
2512	2025/01/29 14:18:15	"GET /uv2582fip2582inf210/images/prerequisite_techenv/prerequisite_techenv_2025.html HTTP/1.1"
2512	2025/01/29 14:18:22	"GET /uv2582fip2582inf210/documentation_docker.html HTTP/1.1"
2512	2025/01/29 14:25:57	"GET /uv2582fip2582inf210/practice_docker.html HTTP/1.1"
2512	2025/01/29 14:51:42	"GET /uv2582fip2582inf210/practice_postgresql.html HTTP/1.1"
2512	2025/01/29 15:06:01	"GET /uv2582fip2582inf210/documentation_programming.html HTTP/1.1"
2512	2025/01/29 15:06:36	"GET /uv2582fip2582inf210/practice_spring.html HTTP/1.1"
