2513	2025/02/27 20:37:22	"GET /uv2582fip2582inf210/project_presentation.html HTTP/1.1"
2513	2025/02/27 20:37:24	"GET /uv2582fip2582inf210/project_part1.html HTTP/1.1"
2513	2025/02/27 21:14:43	"GET /uv2582fip2582inf210/project_specifications.html HTTP/1.1"
2513	2025/03/24 10:50:53	"GET /uv2582fip2582inf210/technical_environment_home.html HTTP/1.1"
2513	2025/03/24 10:50:58	"GET /uv2582fip2582inf210/web_architecture_home.html HTTP/1.1"
2513	2025/03/24 10:51:03	"GET /uv2582fip2582inf210/images/prerequisite_data/prerequisite_data_2025.html HTTP/1.1"
2513	2025/03/24 10:51:06	"GET /uv2582fip2582inf210/lecture_conceptual_modeling.html HTTP/1.1"
2513	2025/04/02 21:34:15	"GET /uv2582fip2582inf210/project_presentation.html HTTP/1.1"
2513	2025/04/02 21:34:17	"GET /uv2582fip2582inf210/project_specifications.html HTTP/1.1"
2513	2025/04/02 23:07:21	"GET /uv2582fip2582inf210/project_part3.html HTTP/1.1"
2513	2025/04/02 23:07:27	"GET /uv2582fip2582inf210/index.html HTTP/1.1"
2513	2025/03/23 21:45:35	"GET /uv2582fip2582inf210/data_home.html HTTP/1.1"
2513	2025/03/23 21:45:38	"GET /uv2582fip2582inf210/project_presentation.html HTTP/1.1"
2513	2025/03/23 21:45:54	"GET /uv2582fip2582inf210/project_evaluation.html HTTP/1.1"
2513	2025/03/23 21:52:07	"GET /uv2582fip2582inf210/index.html HTTP/1.1"
2513	2025/02/20 17:53:59	"GET /uv2582fip2582inf210/data_home.html HTTP/1.1"
2513	2025/02/20 17:54:00	"GET /uv2582fip2582inf210/images/prerequisite_data/prerequisite_data_2025.html HTTP/1.1"
2513	2025/02/20 17:54:04	"GET /uv2582fip2582inf210/lecture_conceptual_modeling.html HTTP/1.1"
2513	2025/02/20 17:54:26	"GET /uv2582fip2582inf210/lecture_normalization.html HTTP/1.1"
2513	2025/02/20 17:54:36	"GET /uv2582fip2582inf210/lecture_db_integrity.html HTTP/1.1"
2513	2025/02/20 17:54:45	"GET /uv2582fip2582inf210/lecture_transaction.html HTTP/1.1"
2513	2025/02/20 17:54:54	"GET /uv2582fip2582inf210/activity_sql.html HTTP/1.1"
2513	2025/02/20 21:33:07	"GET /uv2582fip2582inf210/activity_conceptual_modeling.html HTTP/1.1"
2513	2025/02/20 21:58:10	"GET /uv2582fip2582inf210/web_architecture_home.html HTTP/1.1"
2513	2025/02/20 21:58:11	"GET /uv2582fip2582inf210/images/prerequisite_archiweb/prerequisite_archiweb_2025.html HTTP/1.1"
2513	2025/02/20 21:58:18	"GET /uv2582fip2582inf210/lecture_json.html HTTP/1.1"
2513	2025/02/20 21:58:28	"GET /uv2582fip2582inf210/practice_spring_2tiers.html HTTP/1.1"
2513	2025/02/20 23:01:10	"GET /uv2582fip2582inf210/lecture_technical_architecture.html HTTP/1.1"
2513	2025/02/28 15:37:10	"GET /uv2582fip2582inf210/data_home.html HTTP/1.1"
2513	2025/02/28 15:37:14	"GET /uv2582fip2582inf210/project_presentation.html HTTP/1.1"
2513	2025/02/28 15:37:23	"GET /uv2582fip2582inf210/project_part1.html HTTP/1.1"
2513	2025/02/28 15:39:25	"GET /uv2582fip2582inf210/project_specifications.html HTTP/1.1"
2513	2025/02/28 15:40:02	"GET /uv2582fip2582inf210/project_task_time.html HTTP/1.1"
2513	2025/02/28 15:41:42	"GET /uv2582fip2582inf210/project_part2.html HTTP/1.1"
2513	2025/02/28 15:41:43	"GET /uv2582fip2582inf210/project_part2.html HTTP/1.1"
2513	2025/02/21 09:37:24	"GET /uv2582fip2582inf210/lecture_mvc_spring.html HTTP/1.1"
2513	2025/02/21 09:37:26	"GET /uv2582fip2582inf210/lecture_jpa.html HTTP/1.1"
2513	2025/02/21 09:37:51	"GET /uv2582fip2582inf210/practice_jpa.html HTTP/1.1"
2513	2025/02/21 09:40:29	"GET /uv2582fip2582inf210/lecture_dto.html HTTP/1.1"
2513	2025/04/03 20:31:04	"GET /uv2582fip2582inf210/project_presentation.html HTTP/1.1"
2513	2025/04/03 20:31:10	"GET /uv2582fip2582inf210/project_specifications.html HTTP/1.1"
2513	2025/02/26 08:18:17	"GET /uv2582fip2582inf210/project_presentation.html HTTP/1.1"
2513	2025/02/26 08:18:43	"GET /uv2582fip2582inf210/project_specifications.html HTTP/1.1"
2513	2025/02/26 09:48:53	"GET /uv2582fip2582inf210/project_part1.html HTTP/1.1"
2513	2025/02/26 09:50:46	"GET /uv2582fip2582inf210/project_presentation.html HTTP/1.1"
2513	2025/02/26 09:51:19	"GET /uv2582fip2582inf210/project_evaluation.html HTTP/1.1"
2513	2025/02/26 09:52:15	"GET /uv2582fip2582inf210/project_specifications.html HTTP/1.1"
2513	2025/02/26 14:11:10	"GET /uv2582fip2582inf210/project_presentation.html HTTP/1.1"
2513	2025/02/26 14:11:34	"GET /uv2582fip2582inf210/project_specifications.html HTTP/1.1"
2513	2025/02/26 14:36:01	"GET /uv2582fip2582inf210/data_home.html HTTP/1.1"
2513	2025/02/26 14:36:02	"GET /uv2582fip2582inf210/images/prerequisite_data/prerequisite_data_2025.html HTTP/1.1"
2513	2025/02/26 14:36:05	"GET /uv2582fip2582inf210/lecture_conceptual_modeling.html HTTP/1.1"
2513	2025/02/24 14:04:51	"GET /uv2582fip2582inf210/web_architecture_home.html HTTP/1.1"
2513	2025/02/24 14:14:48	"GET /uv2582fip2582inf210/web_architecture_home.html HTTP/1.1"
2513	2025/02/24 14:31:18	"GET /uv2582fip2582inf210/images/prerequisite_archiweb/prerequisite_archiweb_2025.html HTTP/1.1"
2513	2025/02/24 14:31:20	"GET /uv2582fip2582inf210/lecture_json.html HTTP/1.1"
2513	2025/02/24 15:08:15	"GET /uv2582fip2582inf210/lecture_validity.html HTTP/1.1"
2513	2025/03/07 11:23:24	"GET /uv2582fip2582inf210/data_home.html HTTP/1.1"
2513	2025/03/07 11:23:25	"GET /uv2582fip2582inf210/images/prerequisite_data/prerequisite_data_2025.html HTTP/1.1"
2513	2025/03/07 11:23:43	"GET /uv2582fip2582inf210/activity_sql.html HTTP/1.1"
2513	2025/03/07 11:25:01	"GET /uv2582fip2582inf210/lecture_db_integrity.html HTTP/1.1"
2513	2025/03/07 11:25:48	"GET /uv2582fip2582inf210/activity_normalization.html HTTP/1.1"
2513	2025/03/07 11:25:55	"GET /uv2582fip2582inf210/lecture_normalization.html HTTP/1.1"
2513	2025/03/07 11:26:03	"GET /uv2582fip2582inf210/lecture_transaction.html HTTP/1.1"
2513	2025/03/07 11:26:08	"GET /uv2582fip2582inf210/lecture_relational_model.html HTTP/1.1"
2513	2025/03/07 11:26:39	"GET /uv2582fip2582inf210/technical_environment_home.html HTTP/1.1"
2513	2025/03/07 11:26:40	"GET /uv2582fip2582inf210/images/prerequisite_techenv/prerequisite_techenv_2025.html HTTP/1.1"
2513	2025/03/07 11:26:48	"GET /uv2582fip2582inf210/practice_postgresql.html HTTP/1.1"
2513	2025/03/07 11:26:55	"GET /uv2582fip2582inf210/documentation_docker.html HTTP/1.1"
2513	2025/03/07 11:26:59	"GET /uv2582fip2582inf210/practice_docker.html HTTP/1.1"
2513	2025/03/07 11:27:59	"GET /uv2582fip2582inf210/practice_sql.html HTTP/1.1"
2513	2025/03/07 14:08:17	"GET /uv2582fip2582inf210/project_presentation.html HTTP/1.1"
2513	2025/03/07 14:08:20	"GET /uv2582fip2582inf210/project_part2.html HTTP/1.1"
2513	2025/03/12 12:25:03	"GET /uv2582fip2582inf210/project_presentation.html HTTP/1.1"
2513	2025/03/15 12:08:47	"GET /uv2582fip2582inf210/project_presentation.html HTTP/1.1"
2513	2025/03/15 12:08:52	"GET /uv2582fip2582inf210/project_part3.html HTTP/1.1"
2513	2025/03/15 12:08:53	"GET /uv2582fip2582inf210/project_structureui.html HTTP/1.1"
2513	2025/03/15 12:11:11	"GET /uv2582fip2582inf210/project_specifications.html HTTP/1.1"
2513	2025/02/03 14:06:50	"GET /uv2582fip2582inf210/data_home.html HTTP/1.1"
2513	2025/02/03 14:06:52	"GET /uv2582fip2582inf210/images/prerequisite_data/prerequisite_data_2025.html HTTP/1.1"
2513	2025/02/03 14:06:53	"GET /uv2582fip2582inf210/lecture_normalization.html HTTP/1.1"
2513	2025/02/03 14:09:17	"GET /uv2582fip2582inf210/activity_normalization.html HTTP/1.1"
2513	2025/02/03 14:16:57	"GET /uv2582fip2582inf210/activity_normalization_correction.html HTTP/1.1"
2513	2025/02/03 16:29:58	"GET /uv2582fip2582inf210/activity_decomposition.html HTTP/1.1"
2513	2025/02/16 15:15:12	"GET /uv2582fip2582inf210/practice_spring_2tiers.html HTTP/1.1"
2513	2025/02/16 15:16:47	"GET /uv2582fip2582inf210/technical_environment_home.html HTTP/1.1"
2513	2025/02/16 15:16:52	"GET /uv2582fip2582inf210/images/prerequisite_techenv/prerequisite_techenv_2025.html HTTP/1.1"
2513	2025/02/16 15:16:53	"GET /uv2582fip2582inf210/documentation_programming.html HTTP/1.1"
2513	2025/02/16 15:16:57	"GET /uv2582fip2582inf210/practice_spring.html HTTP/1.1"
2513	2025/01/24 09:35:01	"GET /uv2582fip2582inf210/technical_environment_home.html HTTP/1.1"
2513	2025/01/24 09:35:12	"GET /uv2582fip2582inf210/images/prerequisite_techenv/prerequisite_techenv_2025.html HTTP/1.1"
2513	2025/01/24 09:35:27	"GET /uv2582fip2582inf210/documentation_rdbms.html HTTP/1.1"
2513	2025/01/24 09:44:29	"GET /uv2582fip2582inf210/documentation_docker.html HTTP/1.1"
2513	2025/01/24 09:52:52	"GET /uv2582fip2582inf210/practice_docker.html HTTP/1.1"
2513	2025/01/31 14:14:20	"GET /uv2582fip2582inf210/activity_conceptual_modeling_correction.html HTTP/1.1"
2513	2025/01/31 14:25:48	"GET /uv2582fip2582inf210/lecture_normalization.html HTTP/1.1"
2513	2025/01/31 15:58:54	"GET /uv2582fip2582inf210/activity_normalization.html HTTP/1.1"
2513	2025/01/30 09:35:31	"GET /uv2582fip2582inf210/data_home.html HTTP/1.1"
2513	2025/01/30 09:35:34	"GET /uv2582fip2582inf210/images/prerequisite_data/prerequisite_data_2025.html HTTP/1.1"
2513	2025/01/30 09:42:34	"GET /uv2582fip2582inf210/lecture_relational_model.html HTTP/1.1"
2513	2025/01/30 09:56:04	"GET /uv2582fip2582inf210/lecture_db_integrity.html HTTP/1.1"
2513	2025/01/30 10:09:08	"GET /uv2582fip2582inf210/activity_relational_model.html HTTP/1.1"
2513	2025/01/30 10:45:23	"GET /uv2582fip2582inf210/activity_relational_model_correction.html HTTP/1.1"
2513	2025/01/30 11:08:28	"GET /uv2582fip2582inf210/lecture_modeling_normalization.html HTTP/1.1"
2513	2025/01/30 11:17:56	"GET /uv2582fip2582inf210/lecture_conceptual_modeling.html HTTP/1.1"
2513	2025/01/30 11:55:12	"GET /uv2582fip2582inf210/activity_conceptual_modeling.html HTTP/1.1"
2513	2025/02/17 14:09:26	"GET /uv2582fip2582inf210/data_home.html HTTP/1.1"
2513	2025/02/17 14:09:27	"GET /uv2582fip2582inf210/images/prerequisite_data/prerequisite_data_2025.html HTTP/1.1"
2513	2025/02/17 14:09:31	"GET /uv2582fip2582inf210/web_architecture_home.html HTTP/1.1"
2513	2025/02/17 14:09:31	"GET /uv2582fip2582inf210/images/prerequisite_archiweb/prerequisite_archiweb_2025.html HTTP/1.1"
2513	2025/02/17 14:32:00	"GET /uv2582fip2582inf210/activity_conceptual_modeling.html HTTP/1.1"
2513	2025/02/17 14:32:07	"GET /uv2582fip2582inf210/lecture_conceptual_modeling.html HTTP/1.1"
2513	2025/03/14 15:50:08	"GET /uv2582fip2582inf210/project_presentation.html HTTP/1.1"
2513	2025/03/14 15:50:10	"GET /uv2582fip2582inf210/project_part3.html HTTP/1.1"
2513	2025/03/14 15:50:39	"GET /uv2582fip2582inf210/project_structureui.html HTTP/1.1"
2513	2025/03/13 23:08:41	"GET /uv2582fip2582inf210/project_presentation.html HTTP/1.1"
2513	2025/03/13 23:08:44	"GET /uv2582fip2582inf210/project_part2.html HTTP/1.1"
2513	2025/03/06 20:06:39	"GET /uv2582fip2582inf210/project_presentation.html HTTP/1.1"
2513	2025/03/06 20:07:03	"GET /uv2582fip2582inf210/project_specifications.html HTTP/1.1"
2513	2025/03/06 20:08:51	"GET /uv2582fip2582inf210/project_part2.html HTTP/1.1"
2513	2025/02/05 14:09:28	"GET /uv2582fip2582inf210/data_home.html HTTP/1.1"
2513	2025/02/05 14:09:33	"GET /uv2582fip2582inf210/images/prerequisite_data/prerequisite_data_2025.html HTTP/1.1"
2513	2025/02/05 14:09:55	"GET /uv2582fip2582inf210/activity_decomposition.html HTTP/1.1"
2513	2025/02/05 14:10:39	"GET /uv2582fip2582inf210/web_architecture_home.html HTTP/1.1"
2513	2025/02/05 14:10:43	"GET /uv2582fip2582inf210/images/prerequisite_archiweb/prerequisite_archiweb_2025.html HTTP/1.1"
2513	2025/02/05 14:41:28	"GET /uv2582fip2582inf210/activity_decomposition_correction.html HTTP/1.1"
2513	2025/02/05 14:48:11	"GET /uv2582fip2582inf210/activity_sql.html HTTP/1.1"
2513	2025/02/05 15:01:03	"GET /uv2582fip2582inf210/activity_sql_correction.html HTTP/1.1"
2513	2025/02/10 14:08:24	"GET /uv2582fip2582inf210/data_home.html HTTP/1.1"
2513	2025/02/10 14:08:26	"GET /uv2582fip2582inf210/images/prerequisite_data/prerequisite_data_2025.html HTTP/1.1"
2513	2025/02/10 14:08:53	"GET /uv2582fip2582inf210/activity_sql.html HTTP/1.1"
2513	2025/02/10 14:28:22	"GET /uv2582fip2582inf210/activity_sql_correction.html HTTP/1.1"
2513	2025/02/10 14:29:51	"GET /uv2582fip2582inf210/practice_sql.html HTTP/1.1"
2513	2025/02/10 15:34:52	"GET /uv2582fip2582inf210/lecture_transaction.html HTTP/1.1"
2513	2025/02/10 16:25:32	"GET /uv2582fip2582inf210/practice_transaction.html HTTP/1.1"
2513	2025/02/12 09:35:26	"GET /uv2582fip2582inf210/lecture_transaction.html HTTP/1.1"
2513	2025/02/12 09:35:58	"GET /uv2582fip2582inf210/practice_sql.html HTTP/1.1"
2513	2025/02/12 09:36:32	"GET /uv2582fip2582inf210/technical_environment_home.html HTTP/1.1"
2513	2025/02/12 09:36:37	"GET /uv2582fip2582inf210/images/prerequisite_techenv/prerequisite_techenv_2025.html HTTP/1.1"
2513	2025/02/12 09:36:42	"GET /uv2582fip2582inf210/practice_docker.html HTTP/1.1"
2513	2025/02/12 14:20:16	"GET /uv2582fip2582inf210/data_home.html HTTP/1.1"
2513	2025/02/12 14:20:18	"GET /uv2582fip2582inf210/images/prerequisite_data/prerequisite_data_2025.html HTTP/1.1"
2513	2025/02/12 14:20:21	"GET /uv2582fip2582inf210/practice_transaction.html HTTP/1.1"
2513	2025/02/12 14:28:21	"GET /uv2582fip2582inf210/practice_transaction_correction.html HTTP/1.1"
2513	2025/03/03 11:21:54	"GET /uv2582fip2582inf210/project_presentation.html HTTP/1.1"
2513	2025/03/03 11:23:23	"GET /uv2582fip2582inf210/project_part2.html HTTP/1.1"
2513	2025/03/03 11:23:44	"GET /uv2582fip2582inf210/project_part1.html HTTP/1.1"
2513	2025/03/03 11:23:53	"GET /uv2582fip2582inf210/project_part2.html HTTP/1.1"
2513	2025/03/03 12:05:38	"GET /uv2582fip2582inf210/project_part1.html HTTP/1.1"
2513	2025/03/03 12:05:57	"GET /uv2582fip2582inf210/project_task_time.html HTTP/1.1"
2513	2025/03/03 12:05:58	"GET /uv2582fip2582inf210/project_specifications.html HTTP/1.1"
2513	2025/03/03 13:41:58	"GET /uv2582fip2582inf210/project_presentation.html HTTP/1.1"
2513	2025/03/03 13:42:00	"GET /uv2582fip2582inf210/project_part2.html HTTP/1.1"
2513	2025/03/16 13:20:02	"GET /uv2582fip2582inf210/project_presentation.html HTTP/1.1"
2513	2025/03/16 13:20:05	"GET /uv2582fip2582inf210/project_part3.html HTTP/1.1"
2513	2025/03/16 13:20:12	"GET /uv2582fip2582inf210/project_evaluation.html HTTP/1.1"
2513	2025/03/16 13:20:14	"GET /uv2582fip2582inf210/project_specifications.html HTTP/1.1"
2513	2025/02/15 11:18:06	"GET /uv2582fip2582inf210/lecture_software_architecture.html HTTP/1.1"
2513	2025/02/15 11:20:16	"GET /uv2582fip2582inf210/lecture_mvc_spring.html HTTP/1.1"
2513	2025/02/14 09:35:18	"GET /uv2582fip2582inf210/data_home.html HTTP/1.1"
2513	2025/02/14 09:35:20	"GET /uv2582fip2582inf210/images/prerequisite_data/prerequisite_data_2025.html HTTP/1.1"
2513	2025/02/14 09:35:22	"GET /uv2582fip2582inf210/practice_transaction.html HTTP/1.1"
2513	2025/02/14 09:35:49	"GET /uv2582fip2582inf210/practice_transaction_correction.html HTTP/1.1"
2513	2025/02/14 09:50:31	"GET /uv2582fip2582inf210/web_architecture_home.html HTTP/1.1"
2513	2025/02/14 09:50:36	"GET /uv2582fip2582inf210/images/prerequisite_archiweb/prerequisite_archiweb_2025.html HTTP/1.1"
2513	2025/01/29 14:06:04	"GET /uv2582fip2582inf210/technical_environment_home.html HTTP/1.1"
2513	2025/01/29 14:17:49	"GET /uv2582fip2582inf210/images/prerequisite_techenv/prerequisite_techenv_2025.html HTTP/1.1"
2513	2025/01/29 14:17:52	"GET /uv2582fip2582inf210/documentation_docker.html HTTP/1.1"
2513	2025/01/29 14:25:18	"GET /uv2582fip2582inf210/practice_docker.html HTTP/1.1"
2513	2025/03/05 14:11:11	"GET /uv2582fip2582inf210/project_presentation.html HTTP/1.1"
2513	2025/03/05 14:11:15	"GET /uv2582fip2582inf210/project_part2.html HTTP/1.1"
2513	2025/03/18 13:43:03	"GET /uv2582fip2582inf210/project_presentation.html HTTP/1.1"
2513	2025/03/18 13:43:06	"GET /uv2582fip2582inf210/project_part3.html HTTP/1.1"
2513	2025/03/18 13:43:08	"GET /uv2582fip2582inf210/project_structureui.html HTTP/1.1"
2513	2025/03/18 13:43:10	"GET /uv2582fip2582inf210/project_specifications.html HTTP/1.1"
2513	2025/03/18 20:45:51	"GET /uv2582fip2582inf210/technical_environment_home.html HTTP/1.1"
2513	2025/03/18 20:45:54	"GET /uv2582fip2582inf210/project_evaluation.html HTTP/1.1"
2513	2025/03/18 20:45:58	"GET /uv2582fip2582inf210/project_task_time.html HTTP/1.1"
