2514	2025/03/24 09:44:51	"GET /uv2582fip2582inf210/data_home.html HTTP/1.1"
2514	2025/03/24 11:27:33	"GET /uv2582fip2582inf210/index.html HTTP/1.1"
2514	2025/02/20 17:55:22	"GET /uv2582fip2582inf210/data_home.html HTTP/1.1"
2514	2025/02/20 17:55:27	"GET /uv2582fip2582inf210/lecture_normalization.html HTTP/1.1"
2514	2025/02/21 13:33:04	"GET /uv2582fip2582inf210/practice_jpa.html HTTP/1.1"
2514	2025/02/21 13:37:00	"GET /uv2582fip2582inf210/lecture_software_architecture.html HTTP/1.1"
2514	2025/02/21 13:37:07	"GET /uv2582fip2582inf210/lecture_dto.html HTTP/1.1"
2514	2025/02/21 13:37:11	"GET /uv2582fip2582inf210/lecture_mvc_spring.html HTTP/1.1"
2514	2025/02/21 13:51:57	"GET /uv2582fip2582inf210/index.html HTTP/1.1"
2514	2025/02/21 13:52:01	"GET /uv2582fip2582inf210/data_home.html HTTP/1.1"
2514	2025/02/21 13:52:08	"GET /uv2582fip2582inf210/activity_normalization.html HTTP/1.1"
2514	2025/02/21 13:52:12	"GET /uv2582fip2582inf210/lecture_normalization.html HTTP/1.1"
2514	2025/02/26 08:46:08	"GET /uv2582fip2582inf210/project_presentation.html HTTP/1.1"
2514	2025/02/26 08:46:11	"GET /uv2582fip2582inf210/project_specifications.html HTTP/1.1"
2514	2025/02/26 09:52:06	"GET /uv2582fip2582inf210/project_task_time.html HTTP/1.1"
2514	2025/02/26 09:53:24	"GET /uv2582fip2582inf210/project_evaluation.html HTTP/1.1"
2514	2025/02/26 09:57:45	"GET /uv2582fip2582inf210/project_part1.html HTTP/1.1"
2514	2025/02/26 10:28:24	"GET /uv2582fip2582inf210/index.html HTTP/1.1"
2514	2025/02/26 10:28:51	"GET /uv2582fip2582inf210/data_home.html HTTP/1.1"
2514	2025/02/26 10:28:56	"GET /uv2582fip2582inf210/lecture_modeling_normalization.html HTTP/1.1"
2514	2025/02/26 10:29:00	"GET /uv2582fip2582inf210/lecture_conceptual_modeling.html HTTP/1.1"
2514	2025/02/26 13:40:01	"GET /uv2582fip2582inf210/activity_conceptual_modeling.html HTTP/1.1"
2514	2025/02/26 13:40:09	"GET /uv2582fip2582inf210/lecture_normalization.html HTTP/1.1"
2514	2025/02/26 14:15:20	"GET /uv2582fip2582inf210/activity_normalization.html HTTP/1.1"
2514	2025/02/26 14:15:25	"GET /uv2582fip2582inf210/activity_decomposition.html HTTP/1.1"
2514	2025/02/26 14:15:28	"GET /uv2582fip2582inf210/lecture_independence_views.html HTTP/1.1"
2514	2025/02/26 14:15:30	"GET /uv2582fip2582inf210/activity_conceptual_modeling_advanced.html HTTP/1.1"
2514	2025/02/24 14:09:55	"GET /uv2582fip2582inf210/data_home.html HTTP/1.1"
2514	2025/02/24 14:10:06	"GET /uv2582fip2582inf210/technical_environment_home.html HTTP/1.1"
2514	2025/02/24 14:10:11	"GET /uv2582fip2582inf210/web_architecture_home.html HTTP/1.1"
2514	2025/02/24 14:10:13	"GET /uv2582fip2582inf210/practice_spring_2tiers_ext.html HTTP/1.1"
2514	2025/02/24 14:13:32	"GET /uv2582fip2582inf210/practice_spring_2tiers.html HTTP/1.1"
2514	2025/03/20 12:57:38	"GET /uv2582fip2582inf210/data_home.html HTTP/1.1"
2514	2025/02/25 21:38:22	"GET /uv2582fip2582inf210/project_presentation.html HTTP/1.1"
2514	2025/02/25 21:39:04	"GET /uv2582fip2582inf210/project_evaluation.html HTTP/1.1"
2514	2025/03/07 16:15:24	"GET /uv2582fip2582inf210/project_specifications.html HTTP/1.1"
2514	2025/03/07 16:15:27	"GET /uv2582fip2582inf210/project_part3.html HTTP/1.1"
2514	2025/03/07 16:39:48	"GET /uv2582fip2582inf210/project_task_time.html HTTP/1.1"
2514	2025/02/19 15:40:03	"GET /uv2582fip2582inf210/index.html HTTP/1.1"
2514	2025/02/19 15:40:59	"GET /uv2582fip2582inf210/lecture_jpa.html HTTP/1.1"
2514	2025/02/19 16:01:55	"GET /uv2582fip2582inf210/practice_spring_2tiers.html HTTP/1.1"
2514	2025/02/19 16:02:02	"GET /uv2582fip2582inf210/practice_jpa_advanced.html HTTP/1.1"
2514	2025/02/19 16:02:17	"GET /uv2582fip2582inf210/practice_jpa.html HTTP/1.1"
2514	2025/02/19 16:03:15	"GET /uv2582fip2582inf210/practice_spring_2tiers_ext.html HTTP/1.1"
2514	2025/02/03 09:32:46	"GET /uv2582fip2582inf210/activity_sql.html HTTP/1.1"
2514	2025/02/03 10:07:40	"GET /uv2582fip2582inf210/activity_sql_correction.html HTTP/1.1"
2514	2025/02/03 10:26:35	"GET /uv2582fip2582inf210/practice_sql.html HTTP/1.1"
2514	2025/02/03 10:29:06	"GET /uv2582fip2582inf210/lecture_relational_model.html HTTP/1.1"
2514	2025/02/03 10:29:11	"GET /uv2582fip2582inf210/lecture_db_integrity.html HTTP/1.1"
2514	2025/02/03 10:29:18	"GET /uv2582fip2582inf210/activity_relational_model.html HTTP/1.1"
2514	2025/02/03 10:42:20	"GET /uv2582fip2582inf210/documentation_rdbms.html HTTP/1.1"
2514	2025/02/03 10:42:36	"GET /uv2582fip2582inf210/practice_postgresql.html HTTP/1.1"
2514	2025/02/03 11:06:58	"GET /uv2582fip2582inf210/practice_sql_correction.html HTTP/1.1"
2514	2025/01/24 09:45:40	"GET /uv2582fip2582inf210/technical_environment_home.html HTTP/1.1"
2514	2025/01/24 10:17:44	"GET /uv2582fip2582inf210/documentation_docker.html HTTP/1.1"
2514	2025/01/24 10:29:34	"GET /uv2582fip2582inf210/practice_docker.html HTTP/1.1"
2514	2025/01/24 11:33:11	"GET /uv2582fip2582inf210/documentation_programming.html HTTP/1.1"
2514	2025/01/24 11:33:13	"GET /uv2582fip2582inf210/practice_spring.html HTTP/1.1"
2514	2025/01/24 11:41:44	"GET /uv2582fip2582inf210/inversion_of_control.html HTTP/1.1"
2514	2025/01/24 11:41:44	"GET /uv2582fip2582inf210/inversion_of_control.html HTTP/1.1"
2514	2025/01/24 12:02:50	"GET /uv2582fip2582inf210/spring_bean.html HTTP/1.1"
2514	2025/01/24 15:54:50	"GET /uv2582fip2582inf210/index.html HTTP/1.1"
2514	2025/01/31 14:06:40	"GET /uv2582fip2582inf210/activity_relational_model.html HTTP/1.1"
2514	2025/01/31 14:14:16	"GET /uv2582fip2582inf210/lecture_conceptual_modeling.html HTTP/1.1"
2514	2025/01/31 14:57:40	"GET /uv2582fip2582inf210/activity_conceptual_modeling.html HTTP/1.1"
2514	2025/01/31 15:05:48	"GET /uv2582fip2582inf210/activity_conceptual_modeling_correction.html HTTP/1.1"
2514	2025/01/31 15:40:13	"GET /uv2582fip2582inf210/lecture_normalization.html HTTP/1.1"
2514	2025/01/31 15:45:46	"GET /uv2582fip2582inf210/activity_sql.html HTTP/1.1"
2514	2025/03/08 09:32:26	"GET /uv2582fip2582inf210/project_structureui.html HTTP/1.1"
2514	2025/03/08 23:00:50	"GET /uv2582fip2582inf210/project_part3.html HTTP/1.1"
2514	2025/03/08 23:03:28	"GET /uv2582fip2582inf210/project_structureui.html HTTP/1.1"
2514	2025/03/08 23:04:16	"GET /uv2582fip2582inf210/project_specifications.html HTTP/1.1"
2514	2025/01/30 09:32:54	"GET /uv2582fip2582inf210/index.html HTTP/1.1"
2514	2025/01/30 09:32:58	"GET /uv2582fip2582inf210/web_architecture_home.html HTTP/1.1"
2514	2025/01/30 09:39:12	"GET /uv2582fip2582inf210/activity_relational_model.html HTTP/1.1"
2514	2025/01/30 09:39:58	"GET /uv2582fip2582inf210/lecture_relational_model.html HTTP/1.1"
2514	2025/01/30 09:58:52	"GET /uv2582fip2582inf210/lecture_db_integrity.html HTTP/1.1"
2514	2025/01/30 10:12:30	"GET /uv2582fip2582inf210/lecture_dto.html HTTP/1.1"
2514	2025/01/30 12:07:40	"GET /uv2582fip2582inf210/lecture_modeling_normalization.html HTTP/1.1"
2514	2025/01/30 12:08:56	"GET /uv2582fip2582inf210/activity_relational_model_correction.html HTTP/1.1"
2514	2025/03/09 10:19:10	"GET /uv2582fip2582inf210/project_specifications.html HTTP/1.1"
2514	2025/02/17 14:09:40	"GET /uv2582fip2582inf210/technical_environment_home.html HTTP/1.1"
2514	2025/02/17 14:09:43	"GET /uv2582fip2582inf210/web_architecture_home.html HTTP/1.1"
2514	2025/02/17 14:09:54	"GET /uv2582fip2582inf210/lecture_technical_architecture.html HTTP/1.1"
2514	2025/02/17 14:10:04	"GET /uv2582fip2582inf210/lecture_software_architecture.html HTTP/1.1"
2514	2025/01/22 14:44:43	"GET /uv2582fip2582inf210/technical_environment_home.html HTTP/1.1"
2514	2025/02/18 18:58:41	"GET /uv2582fip2582inf210/project_home.html HTTP/1.1"
2514	2025/02/18 18:58:57	"GET /uv2582fip2582inf210/images/prerequisite_techenv/prerequisite_techenv_2025.html HTTP/1.1"
2514	2025/02/18 19:00:19	"GET /uv2582fip2582inf210/documentation_docker.html HTTP/1.1"
2514	2025/02/18 19:04:11	"GET /uv2582fip2582inf210/practice_docker.html HTTP/1.1"
2514	2025/02/18 19:11:51	"GET /uv2582fip2582inf210/practice_postgresql.html HTTP/1.1"
2514	2025/02/18 19:14:33	"GET /uv2582fip2582inf210/documentation_programming.html HTTP/1.1"
2514	2025/02/18 19:16:01	"GET /uv2582fip2582inf210/practice_spring.html HTTP/1.1"
2514	2025/02/18 19:21:52	"GET /uv2582fip2582inf210/spring_bean.html HTTP/1.1"
2514	2025/02/18 19:27:33	"GET /uv2582fip2582inf210/index.html HTTP/1.1"
2514	2025/02/18 19:27:39	"GET /uv2582fip2582inf210/data_home.html HTTP/1.1"
2514	2025/02/18 19:27:42	"GET /uv2582fip2582inf210/lecture_relational_model.html HTTP/1.1"
2514	2025/02/18 19:31:53	"GET /uv2582fip2582inf210/lecture_db_integrity.html HTTP/1.1"
2514	2025/02/18 19:40:40	"GET /uv2582fip2582inf210/activity_relational_model.html HTTP/1.1"
2514	2025/02/18 19:40:50	"GET /uv2582fip2582inf210/activity_relational_model_correction.html HTTP/1.1"
2514	2025/02/18 19:41:05	"GET /uv2582fip2582inf210/lecture_modeling_normalization.html HTTP/1.1"
2514	2025/02/18 19:43:52	"GET /uv2582fip2582inf210/lecture_conceptual_modeling.html HTTP/1.1"
2514	2025/03/06 18:49:14	"GET /uv2582fip2582inf210/project_part1.html HTTP/1.1"
2514	2025/03/06 18:49:31	"GET /uv2582fip2582inf210/project_specifications.html HTTP/1.1"
2514	2025/02/05 14:29:27	"GET /uv2582fip2582inf210/practice_sql.html HTTP/1.1"
2514	2025/02/05 14:44:02	"GET /uv2582fip2582inf210/practice_sql_correction.html HTTP/1.1"
2514	2025/02/05 14:47:35	"GET /uv2582fip2582inf210/lecture_transaction.html HTTP/1.1"
2514	2025/02/05 15:03:50	"GET /uv2582fip2582inf210/practice_transaction.html HTTP/1.1"
2514	2025/02/10 14:12:57	"GET /uv2582fip2582inf210/data_home.html HTTP/1.1"
2514	2025/02/10 14:14:09	"GET /uv2582fip2582inf210/lecture_db_tools.html HTTP/1.1"
2514	2025/02/10 14:14:18	"GET /uv2582fip2582inf210/practice_transaction.html HTTP/1.1"
2514	2025/02/10 14:14:47	"GET /uv2582fip2582inf210/practice_sql.html HTTP/1.1"
2514	2025/02/10 14:15:06	"GET /uv2582fip2582inf210/lecture_transaction.html HTTP/1.1"
2514	2025/02/10 14:18:34	"GET /uv2582fip2582inf210/index.html HTTP/1.1"
2514	2025/02/10 14:18:38	"GET /uv2582fip2582inf210/web_architecture_home.html HTTP/1.1"
2514	2025/02/10 14:18:51	"GET /uv2582fip2582inf210/lecture_normalization.html HTTP/1.1"
2514	2025/02/10 14:21:13	"GET /uv2582fip2582inf210/lecture_conceptual_modeling.html HTTP/1.1"
2514	2025/02/10 14:21:46	"GET /uv2582fip2582inf210/activity_conceptual_modeling.html HTTP/1.1"
2514	2025/03/19 09:43:54	"GET /uv2582fip2582inf210/project_presentation.html HTTP/1.1"
2514	2025/03/19 14:39:51	"GET /uv2582fip2582inf210/project_specifications.html HTTP/1.1"
2514	2025/02/12 09:37:49	"GET /uv2582fip2582inf210/practice_sql.html HTTP/1.1"
2514	2025/02/12 09:46:52	"GET /uv2582fip2582inf210/web_architecture_home.html HTTP/1.1"
2514	2025/02/12 09:48:59	"GET /uv2582fip2582inf210/lecture_technical_architecture.html HTTP/1.1"
2514	2025/02/12 09:53:52	"GET /uv2582fip2582inf210/data_home.html HTTP/1.1"
2514	2025/02/12 10:06:18	"GET /uv2582fip2582inf210/lecture_software_architecture.html HTTP/1.1"
2514	2025/02/12 10:16:10	"GET /uv2582fip2582inf210/lecture_dto.html HTTP/1.1"
2514	2025/02/12 10:21:36	"GET /uv2582fip2582inf210/lecture_mvc_spring.html HTTP/1.1"
2514	2025/02/12 10:32:14	"GET /uv2582fip2582inf210/index.html HTTP/1.1"
2514	2025/02/12 10:34:45	"GET /uv2582fip2582inf210/lecture_jpa.html HTTP/1.1"
2514	2025/02/12 10:35:03	"GET /uv2582fip2582inf210/practice_jpa.html HTTP/1.1"
2514	2025/02/12 10:35:14	"GET /uv2582fip2582inf210/practice_jpa_advanced.html HTTP/1.1"
2514	2025/02/12 10:35:21	"GET /uv2582fip2582inf210/practice_spring_2tiers.html HTTP/1.1"
2514	2025/02/12 10:35:35	"GET /uv2582fip2582inf210/lecture_xml.html HTTP/1.1"
2514	2025/02/12 10:35:47	"GET /uv2582fip2582inf210/lecture_json.html HTTP/1.1"
2514	2025/02/12 10:36:18	"GET /uv2582fip2582inf210/practice_json.html HTTP/1.1"
2514	2025/03/03 11:23:42	"GET /uv2582fip2582inf210/project_presentation.html HTTP/1.1"
2514	2025/03/03 11:23:44	"GET /uv2582fip2582inf210/project_part2.html HTTP/1.1"
2514	2025/03/03 11:41:10	"GET /uv2582fip2582inf210/project_specifications.html HTTP/1.1"
2514	2025/03/03 11:41:47	"GET /uv2582fip2582inf210/project_part2.html HTTP/1.1"
2514	2025/03/03 11:44:30	"GET /uv2582fip2582inf210/project_part1.html HTTP/1.1"
2514	2025/03/03 11:44:39	"GET /uv2582fip2582inf210/project_part2.html HTTP/1.1"
2514	2025/01/29 14:03:07	"GET /uv2582fip2582inf210/project_home.html HTTP/1.1"
2514	2025/01/29 14:03:15	"GET /uv2582fip2582inf210/data_home.html HTTP/1.1"
2514	2025/01/29 14:03:30	"GET /uv2582fip2582inf210/technical_environment_home.html HTTP/1.1"
2514	2025/01/29 14:04:06	"GET /uv2582fip2582inf210/documentation_programming.html HTTP/1.1"
2514	2025/01/29 14:04:07	"GET /uv2582fip2582inf210/practice_spring.html HTTP/1.1"
2514	2025/01/29 15:08:37	"GET /uv2582fip2582inf210/spring_bean.html HTTP/1.1"
2514	2025/01/29 15:09:57	"GET /uv2582fip2582inf210/documentation_docker.html HTTP/1.1"
2514	2025/01/29 15:15:30	"GET /uv2582fip2582inf210/practice_docker.html HTTP/1.1"
2514	2025/01/29 20:09:34	"GET /uv2582fip2582inf210/practice_docker_advanced.html HTTP/1.1"
2514	2025/01/29 20:28:20	"GET /uv2582fip2582inf210/documentation_rdbms.html HTTP/1.1"
2514	2025/01/29 20:41:26	"GET /uv2582fip2582inf210/practice_postgresql.html HTTP/1.1"
2514	2025/03/05 11:55:28	"GET /uv2582fip2582inf210/project_part1.html HTTP/1.1"
2514	2025/03/05 11:55:30	"GET /uv2582fip2582inf210/project_part2.html HTTP/1.1"
2514	2025/03/05 14:53:58	"GET /uv2582fip2582inf210/project_specifications.html HTTP/1.1"
2514	2025/03/05 17:42:58	"GET /uv2582fip2582inf210/project_part2.html HTTP/1.1"
