2515	2025/04/02 15:56:01	"GET /uv2582fip2582inf210/project_presentation.html HTTP/1.1"
2515	2025/04/02 15:56:05	"GET /uv2582fip2582inf210/project_evaluation.html HTTP/1.1"
2515	2025/04/02 15:56:33	"GET /uv2582fip2582inf210/project_specifications.html HTTP/1.1"
2515	2025/04/02 15:56:36	"GET /uv2582fip2582inf210/project_task_time.html HTTP/1.1"
2515	2025/04/02 15:56:39	"GET /uv2582fip2582inf210/project_part1.html HTTP/1.1"
2515	2025/04/02 20:46:37	"GET /uv2582fip2582inf210/project_part3.html HTTP/1.1"
2515	2025/04/02 20:46:38	"GET /uv2582fip2582inf210/project_structureui.html HTTP/1.1"
2515	2025/02/28 13:37:07	"GET /uv2582fip2582inf210/project_presentation.html HTTP/1.1"
2515	2025/02/28 13:37:14	"GET /uv2582fip2582inf210/data_home.html HTTP/1.1"
2515	2025/02/28 13:37:17	"GET /uv2582fip2582inf210/lecture_relational_model.html HTTP/1.1"
2515	2025/02/28 13:37:22	"GET /uv2582fip2582inf210/lecture_db_integrity.html HTTP/1.1"
2515	2025/02/28 13:37:24	"GET /uv2582fip2582inf210/activity_relational_model.html HTTP/1.1"
2515	2025/02/28 13:37:25	"GET /uv2582fip2582inf210/lecture_modeling_normalization.html HTTP/1.1"
2515	2025/02/28 13:37:30	"GET /uv2582fip2582inf210/activity_conceptual_modeling.html HTTP/1.1"
2515	2025/02/28 13:37:37	"GET /uv2582fip2582inf210/lecture_normalization.html HTTP/1.1"
2515	2025/02/28 13:37:53	"GET /uv2582fip2582inf210/activity_normalization.html HTTP/1.1"
2515	2025/02/28 13:37:55	"GET /uv2582fip2582inf210/activity_decomposition.html HTTP/1.1"
2515	2025/02/28 13:38:03	"GET /uv2582fip2582inf210/activity_sql.html HTTP/1.1"
2515	2025/02/28 14:00:50	"GET /uv2582fip2582inf210/index.html HTTP/1.1"
2515	2025/02/28 14:01:05	"GET /uv2582fip2582inf210/project_part1.html HTTP/1.1"
2515	2025/02/28 14:01:11	"GET /uv2582fip2582inf210/project_task_time.html HTTP/1.1"
2515	2025/02/28 14:01:12	"GET /uv2582fip2582inf210/project_specifications.html HTTP/1.1"
2515	2025/02/28 21:00:26	"GET /uv2582fip2582inf210/project_presentation.html HTTP/1.1"
2515	2025/02/28 21:00:30	"GET /uv2582fip2582inf210/project_part1.html HTTP/1.1"
2515	2025/02/28 21:29:44	"GET /uv2582fip2582inf210/project_specifications.html HTTP/1.1"
2515	2025/02/28 21:31:12	"GET /uv2582fip2582inf210/index.html HTTP/1.1"
2515	2025/02/28 21:31:17	"GET /uv2582fip2582inf210/lecture_conceptual_modeling.html HTTP/1.1"
2515	2025/02/28 21:31:22	"GET /uv2582fip2582inf210/lecture_normalization.html HTTP/1.1"
2515	2025/02/28 21:39:14	"GET /uv2582fip2582inf210/project_part1.html HTTP/1.1"
2515	2025/04/04 15:45:48	"GET /uv2582fip2582inf210/technical_environment_home.html HTTP/1.1"
2515	2025/04/04 15:45:50	"GET /uv2582fip2582inf210/index.html HTTP/1.1"
2515	2025/04/04 15:45:52	"GET /uv2582fip2582inf210/web_architecture_home.html HTTP/1.1"
2515	2025/04/04 15:46:25	"GET /uv2582fip2582inf210/project_presentation.html HTTP/1.1"
2515	2025/04/04 15:46:39	"GET /uv2582fip2582inf210/project_task_time.html HTTP/1.1"
2515	2025/02/21 13:53:15	"GET /uv2582fip2582inf210/data_home.html HTTP/1.1"
2515	2025/02/21 13:53:19	"GET /uv2582fip2582inf210/lecture_db_integrity.html HTTP/1.1"
2515	2025/02/21 13:53:31	"GET /uv2582fip2582inf210/activity_relational_model.html HTTP/1.1"
2515	2025/02/21 13:53:40	"GET /uv2582fip2582inf210/lecture_modeling_normalization.html HTTP/1.1"
2515	2025/02/21 13:53:51	"GET /uv2582fip2582inf210/lecture_conceptual_modeling.html HTTP/1.1"
2515	2025/02/21 13:57:20	"GET /uv2582fip2582inf210/lecture_normalization.html HTTP/1.1"
2515	2025/02/21 13:58:42	"GET /uv2582fip2582inf210/activity_normalization.html HTTP/1.1"
2515	2025/02/26 09:56:05	"GET /uv2582fip2582inf210/project_presentation.html HTTP/1.1"
2515	2025/02/26 09:56:31	"GET /uv2582fip2582inf210/project_specifications.html HTTP/1.1"
2515	2025/02/26 09:56:32	"GET /uv2582fip2582inf210/project_evaluation.html HTTP/1.1"
2515	2025/02/26 09:57:01	"GET /uv2582fip2582inf210/project_task_time.html HTTP/1.1"
2515	2025/02/26 09:57:12	"GET /uv2582fip2582inf210/project_part1.html HTTP/1.1"
2515	2025/02/26 11:38:47	"GET /uv2582fip2582inf210/index.html HTTP/1.1"
2515	2025/02/26 11:38:49	"GET /uv2582fip2582inf210/data_home.html HTTP/1.1"
2515	2025/02/26 11:38:53	"GET /uv2582fip2582inf210/lecture_modeling_normalization.html HTTP/1.1"
2515	2025/02/26 11:38:54	"GET /uv2582fip2582inf210/lecture_conceptual_modeling.html HTTP/1.1"
2515	2025/02/26 15:00:43	"GET /uv2582fip2582inf210/activity_conceptual_modeling.html HTTP/1.1"
2515	2025/02/26 15:00:44	"GET /uv2582fip2582inf210/lecture_normalization.html HTTP/1.1"
2515	2025/02/26 15:00:45	"GET /uv2582fip2582inf210/activity_normalization.html HTTP/1.1"
2515	2025/02/26 15:00:47	"GET /uv2582fip2582inf210/activity_decomposition.html HTTP/1.1"
2515	2025/02/26 15:00:52	"GET /uv2582fip2582inf210/activity_sql.html HTTP/1.1"
2515	2025/02/26 15:00:53	"GET /uv2582fip2582inf210/lecture_modeling_normalization.html HTTP/1.1"
2515	2025/02/26 15:00:54	"GET /uv2582fip2582inf210/lecture_conceptual_modeling.html HTTP/1.1"
2515	2025/02/26 16:42:57	"GET /uv2582fip2582inf210/project_part1.html HTTP/1.1"
2515	2025/02/26 16:43:03	"GET /uv2582fip2582inf210/project_presentation.html HTTP/1.1"
2515	2025/02/26 16:43:36	"GET /uv2582fip2582inf210/project_task_time.html HTTP/1.1"
2515	2025/02/26 16:44:09	"GET /uv2582fip2582inf210/project_specifications.html HTTP/1.1"
2515	2025/02/26 17:03:39	"GET /uv2582fip2582inf210/index.html HTTP/1.1"
2515	2025/02/24 14:06:44	"GET /uv2582fip2582inf210/web_architecture_home.html HTTP/1.1"
2515	2025/02/24 14:06:54	"GET /uv2582fip2582inf210/practice_spring_2tiers_ext.html HTTP/1.1"
2515	2025/03/07 14:00:35	"GET /uv2582fip2582inf210/project_presentation.html HTTP/1.1"
2515	2025/03/07 14:00:37	"GET /uv2582fip2582inf210/project_part2.html HTTP/1.1"
2515	2025/03/07 14:23:25	"GET /uv2582fip2582inf210/project_specifications.html HTTP/1.1"
2515	2025/02/03 09:45:27	"GET /uv2582fip2582inf210/data_home.html HTTP/1.1"
2515	2025/02/03 09:45:39	"GET /uv2582fip2582inf210/web_architecture_home.html HTTP/1.1"
2515	2025/02/03 09:45:54	"GET /uv2582fip2582inf210/practice_xml.html HTTP/1.1"
2515	2025/02/03 09:46:24	"GET /uv2582fip2582inf210/index.html HTTP/1.1"
2515	2025/02/03 09:46:26	"GET /uv2582fip2582inf210/data_home.html HTTP/1.1"
2515	2025/02/03 09:51:28	"GET /uv2582fip2582inf210/lecture_db_integrity.html HTTP/1.1"
2515	2025/02/03 09:59:19	"GET /uv2582fip2582inf210/practice_spring_2tiers.html HTTP/1.1"
2515	2025/02/03 09:59:42	"GET /uv2582fip2582inf210/practice_jpa_advanced.html HTTP/1.1"
2515	2025/02/03 09:59:58	"GET /uv2582fip2582inf210/practice_spring_2tiers_ext.html HTTP/1.1"
2515	2025/01/24 09:36:57	"GET /uv2582fip2582inf210/technical_environment_home.html HTTP/1.1"
2515	2025/01/24 09:38:39	"GET /uv2582fip2582inf210/images/prerequisite_techenv/prerequisite_techenv_2025.html HTTP/1.1"
2515	2025/01/24 09:53:03	"GET /uv2582fip2582inf210/documentation_docker.html HTTP/1.1"
2515	2025/01/24 09:53:24	"GET /uv2582fip2582inf210/practice_docker.html HTTP/1.1"
2515	2025/01/24 09:57:56	"GET /uv2582fip2582inf210/practice_docker_advanced.html HTTP/1.1"
2515	2025/01/24 09:59:44	"GET /uv2582fip2582inf210/practice_postgresql.html HTTP/1.1"
2515	2025/01/24 10:01:48	"GET /uv2582fip2582inf210/practice_docker_advanced.html HTTP/1.1"
2515	2025/01/24 10:02:43	"GET /uv2582fip2582inf210/practice_docker_advanced.html HTTP/1.1"
2515	2025/01/24 10:03:01	"GET /uv2582fip2582inf210/documentation_rdbms.html HTTP/1.1"
2515	2025/01/24 10:03:34	"GET /uv2582fip2582inf210/documentation_rdbms.html HTTP/1.1"
2515	2025/01/24 10:09:40	"GET /uv2582fip2582inf210/documentation_programming.html HTTP/1.1"
2515	2025/01/24 10:10:07	"GET /uv2582fip2582inf210/inversion_of_control.html HTTP/1.1"
2515	2025/01/24 10:12:58	"GET /uv2582fip2582inf210/spring_bean.html HTTP/1.1"
2515	2025/01/24 10:13:28	"GET /uv2582fip2582inf210/practice_spring.html HTTP/1.1"
2515	2025/01/24 11:29:19	"GET /uv2582fip2582inf210/index.html HTTP/1.1"
2515	2025/01/24 11:29:22	"GET /uv2582fip2582inf210/web_architecture_home.html HTTP/1.1"
2515	2025/01/31 14:17:03	"GET /uv2582fip2582inf210/practice_spring_2tiers.html HTTP/1.1"
2515	2025/01/31 14:21:20	"GET /uv2582fip2582inf210/practice_xml.html HTTP/1.1"
2515	2025/01/31 14:24:24	"GET /uv2582fip2582inf210/lecture_xml.html HTTP/1.1"
2515	2025/01/31 14:35:47	"GET /uv2582fip2582inf210/lecture_json.html HTTP/1.1"
2515	2025/01/31 14:35:56	"GET /uv2582fip2582inf210/practice_json.html HTTP/1.1"
2515	2025/01/30 09:41:48	"GET /uv2582fip2582inf210/web_architecture_home.html HTTP/1.1"
2515	2025/01/30 09:42:34	"GET /uv2582fip2582inf210/lecture_technical_architecture.html HTTP/1.1"
2515	2025/01/30 09:45:59	"GET /uv2582fip2582inf210/lecture_software_architecture.html HTTP/1.1"
2515	2025/01/30 09:48:43	"GET /uv2582fip2582inf210/lecture_dto.html HTTP/1.1"
2515	2025/01/30 09:48:59	"GET /uv2582fip2582inf210/lecture_xml.html HTTP/1.1"
2515	2025/01/30 09:50:05	"GET /uv2582fip2582inf210/index.html HTTP/1.1"
2515	2025/01/30 09:50:44	"GET /uv2582fip2582inf210/lecture_mvc_spring.html HTTP/1.1"
2515	2025/01/30 09:55:40	"GET /uv2582fip2582inf210/lecture_mvc_spring.html HTTP/1.1"
2515	2025/01/30 10:03:07	"GET /uv2582fip2582inf210/lecture_jpa.html HTTP/1.1"
2515	2025/01/30 10:12:31	"GET /uv2582fip2582inf210/data_home.html HTTP/1.1"
2515	2025/01/30 10:12:39	"GET /uv2582fip2582inf210/lecture_relational_model.html HTTP/1.1"
2515	2025/01/30 10:12:41	"GET /uv2582fip2582inf210/lecture_db_integrity.html HTTP/1.1"
2515	2025/01/30 10:19:11	"GET /uv2582fip2582inf210/practice_jpa.html HTTP/1.1"
2515	2025/01/30 11:23:52	"GET /uv2582fip2582inf210/practice_jpa_advanced.html HTTP/1.1"
2515	2025/01/30 11:33:36	"GET /uv2582fip2582inf210/practice_spring_2tiers.html HTTP/1.1"
2515	2025/01/30 12:04:49	"GET /uv2582fip2582inf210/lecture_validity.html HTTP/1.1"
2515	2025/01/30 12:09:54	"GET /uv2582fip2582inf210/lecture_xpath.html HTTP/1.1"
2515	2025/01/30 12:10:57	"GET /uv2582fip2582inf210/lecture_parser.html HTTP/1.1"
2515	2025/01/30 12:11:30	"GET /uv2582fip2582inf210/lecture_jaxb.html HTTP/1.1"
2515	2025/01/30 12:11:34	"GET /uv2582fip2582inf210/practice_xml.html HTTP/1.1"
2515	2025/02/17 14:10:03	"GET /uv2582fip2582inf210/data_home.html HTTP/1.1"
2515	2025/02/17 14:10:09	"GET /uv2582fip2582inf210/lecture_modeling_normalization.html HTTP/1.1"
2515	2025/02/17 14:10:11	"GET /uv2582fip2582inf210/lecture_conceptual_modeling.html HTTP/1.1"
2515	2025/02/17 14:10:17	"GET /uv2582fip2582inf210/activity_conceptual_modeling.html HTTP/1.1"
2515	2025/02/17 14:51:18	"GET /uv2582fip2582inf210/activity_normalization.html HTTP/1.1"
2515	2025/02/17 14:51:19	"GET /uv2582fip2582inf210/activity_decomposition.html HTTP/1.1"
2515	2025/02/17 14:51:23	"GET /uv2582fip2582inf210/activity_conceptual_modeling.html HTTP/1.1"
2515	2025/02/17 14:51:35	"GET /uv2582fip2582inf210/lecture_conceptual_modeling.html HTTP/1.1"
2515	2025/02/17 15:48:51	"GET /uv2582fip2582inf210/lecture_modeling_normalization.html HTTP/1.1"
2515	2025/02/17 15:49:23	"GET /uv2582fip2582inf210/lecture_normalization.html HTTP/1.1"
2515	2025/03/14 10:14:46	"GET /uv2582fip2582inf210/project_part2.html HTTP/1.1"
2515	2025/03/14 14:08:07	"GET /uv2582fip2582inf210/project_presentation.html HTTP/1.1"
2515	2025/03/14 14:50:47	"GET /uv2582fip2582inf210/index.html HTTP/1.1"
2515	2025/03/14 14:50:53	"GET /uv2582fip2582inf210/data_home.html HTTP/1.1"
2515	2025/03/14 14:50:56	"GET /uv2582fip2582inf210/lecture_db_integrity.html HTTP/1.1"
2515	2025/03/14 14:50:58	"GET /uv2582fip2582inf210/lecture_relational_model.html HTTP/1.1"
2515	2025/03/14 14:51:03	"GET /uv2582fip2582inf210/lecture_conceptual_modeling.html HTTP/1.1"
2515	2025/03/14 14:51:03	"GET /uv2582fip2582inf210/activity_conceptual_modeling.html HTTP/1.1"
2515	2025/03/14 14:51:06	"GET /uv2582fip2582inf210/lecture_conceptual_modeling.html HTTP/1.1"
2515	2025/03/06 12:33:31	"GET /uv2582fip2582inf210/project_presentation.html HTTP/1.1"
2515	2025/03/06 12:33:33	"GET /uv2582fip2582inf210/project_part2.html HTTP/1.1"
2515	2025/02/05 14:02:51	"GET /uv2582fip2582inf210/data_home.html HTTP/1.1"
2515	2025/02/05 14:02:55	"GET /uv2582fip2582inf210/index.html HTTP/1.1"
2515	2025/02/05 14:02:57	"GET /uv2582fip2582inf210/PresentationUVINF210/pres.html HTTP/1.1"
2515	2025/02/05 14:04:54	"GET /uv2582fip2582inf210/technical_environment_home.html HTTP/1.1"
2515	2025/02/05 14:04:57	"GET /uv2582fip2582inf210/web_architecture_home.html HTTP/1.1"
2515	2025/02/05 14:05:12	"GET /uv2582fip2582inf210/project_home.html HTTP/1.1"
2515	2025/02/05 14:05:20	"GET /uv2582fip2582inf210/practice_spring_2tiers.html HTTP/1.1"
2515	2025/02/05 14:14:11	"GET /uv2582fip2582inf210/lecture_mvc_spring.html HTTP/1.1"
2515	2025/02/05 14:14:11	"GET /uv2582fip2582inf210/lecture_jpa.html HTTP/1.1"
2515	2025/02/10 14:02:12	"GET /uv2582fip2582inf210/data_home.html HTTP/1.1"
2515	2025/02/10 14:02:15	"GET /uv2582fip2582inf210/lecture_relational_model.html HTTP/1.1"
2515	2025/02/10 14:43:17	"GET /uv2582fip2582inf210/lecture_db_integrity.html HTTP/1.1"
2515	2025/03/19 10:30:46	"GET /uv2582fip2582inf210/project_specifications.html HTTP/1.1"
2515	2025/03/19 10:38:15	"GET /uv2582fip2582inf210/index.html HTTP/1.1"
2515	2025/02/12 09:42:12	"GET /uv2582fip2582inf210/data_home.html HTTP/1.1"
2515	2025/02/12 09:42:15	"GET /uv2582fip2582inf210/lecture_db_integrity.html HTTP/1.1"
2515	2025/02/12 09:42:49	"GET /uv2582fip2582inf210/activity_relational_model.html HTTP/1.1"
2515	2025/02/12 14:07:38	"GET /uv2582fip2582inf210/index.html HTTP/1.1"
2515	2025/02/12 14:07:42	"GET /uv2582fip2582inf210/web_architecture_home.html HTTP/1.1"
2515	2025/02/12 14:07:46	"GET /uv2582fip2582inf210/practice_xml.html HTTP/1.1"
2515	2025/02/12 14:07:48	"GET /uv2582fip2582inf210/lecture_xml.html HTTP/1.1"
2515	2025/02/12 14:41:40	"GET /uv2582fip2582inf210/lecture_validity.html HTTP/1.1"
2515	2025/02/12 15:03:37	"GET /uv2582fip2582inf210/lecture_xpath.html HTTP/1.1"
2515	2025/02/12 15:11:53	"GET /uv2582fip2582inf210/lecture_json.html HTTP/1.1"
2515	2025/03/11 20:11:34	"GET /uv2582fip2582inf210/project_presentation.html HTTP/1.1"
2515	2025/03/11 20:11:37	"GET /uv2582fip2582inf210/project_part2.html HTTP/1.1"
2515	2025/03/11 20:16:05	"GET /uv2582fip2582inf210/project_part3.html HTTP/1.1"
2515	2025/03/04 09:35:28	"GET /uv2582fip2582inf210/project_part2.html HTTP/1.1"
2515	2025/03/04 16:33:00	"GET /uv2582fip2582inf210/index.html HTTP/1.1"
2515	2025/03/03 11:23:42	"GET /uv2582fip2582inf210/project_presentation.html HTTP/1.1"
2515	2025/03/03 11:23:44	"GET /uv2582fip2582inf210/project_part2.html HTTP/1.1"
2515	2025/03/03 11:35:40	"GET /uv2582fip2582inf210/project_presentation.html HTTP/1.1"
2515	2025/03/03 11:35:42	"GET /uv2582fip2582inf210/project_evaluation.html HTTP/1.1"
2515	2025/03/03 11:35:48	"GET /uv2582fip2582inf210/project_part1.html HTTP/1.1"
2515	2025/03/03 11:35:51	"GET /uv2582fip2582inf210/project_part2.html HTTP/1.1"
2515	2025/03/03 14:39:20	"GET /uv2582fip2582inf210/project_presentation.html HTTP/1.1"
2515	2025/03/03 15:05:05	"GET /uv2582fip2582inf210/project_part2.html HTTP/1.1"
2515	2025/03/03 19:02:59	"GET /uv2582fip2582inf210/web_architecture_home.html HTTP/1.1"
2515	2025/03/03 19:03:06	"GET /uv2582fip2582inf210/lecture_mvc_spring.html HTTP/1.1"
2515	2025/03/03 19:03:10	"GET /uv2582fip2582inf210/lecture_jpa.html HTTP/1.1"
2515	2025/03/03 19:03:15	"GET /uv2582fip2582inf210/practice_jpa.html HTTP/1.1"
2515	2025/03/03 19:03:23	"GET /uv2582fip2582inf210/practice_spring_2tiers.html HTTP/1.1"
2515	2025/03/03 19:03:34	"GET /uv2582fip2582inf210/lecture_software_architecture.html HTTP/1.1"
2515	2025/03/03 19:03:37	"GET /uv2582fip2582inf210/lecture_dto.html HTTP/1.1"
2515	2025/03/03 19:03:39	"GET /uv2582fip2582inf210/lecture_technical_architecture.html HTTP/1.1"
2515	2025/03/03 19:03:44	"GET /uv2582fip2582inf210/lecture_mvc_spring.html HTTP/1.1"
2515	2025/03/03 19:03:53	"GET /uv2582fip2582inf210/practice_jpa_advanced.html HTTP/1.1"
2515	2025/03/03 19:03:54	"GET /uv2582fip2582inf210/practice_jpa.html HTTP/1.1"
2515	2025/03/03 19:05:09	"GET /uv2582fip2582inf210/index.html HTTP/1.1"
2515	2025/03/03 19:05:12	"GET /uv2582fip2582inf210/technical_environment_home.html HTTP/1.1"
2515	2025/03/03 19:05:35	"GET /uv2582fip2582inf210/documentation_docker.html HTTP/1.1"
2515	2025/03/03 19:05:38	"GET /uv2582fip2582inf210/practice_docker.html HTTP/1.1"
2515	2025/03/03 19:05:41	"GET /uv2582fip2582inf210/documentation_programming.html HTTP/1.1"
2515	2025/03/03 19:05:44	"GET /uv2582fip2582inf210/practice_spring.html HTTP/1.1"
2515	2025/03/03 20:06:54	"GET /uv2582fip2582inf210/project_presentation.html HTTP/1.1"
2515	2025/03/03 20:06:55	"GET /uv2582fip2582inf210/project_part2.html HTTP/1.1"
2515	2025/03/03 20:07:45	"GET /uv2582fip2582inf210/inversion_of_control.html HTTP/1.1"
2515	2025/03/03 20:07:52	"GET /uv2582fip2582inf210/spring_bean.html HTTP/1.1"
2515	2025/03/03 20:07:55	"GET /uv2582fip2582inf210/practice_spring.html HTTP/1.1"
2515	2025/03/03 23:13:05	"GET /uv2582fip2582inf210/project_presentation.html HTTP/1.1"
2515	2025/03/03 23:13:07	"GET /uv2582fip2582inf210/project_part2.html HTTP/1.1"
2515	2025/02/14 09:42:37	"GET /uv2582fip2582inf210/data_home.html HTTP/1.1"
2515	2025/02/14 09:42:49	"GET /uv2582fip2582inf210/lecture_relational_algebra.html HTTP/1.1"
2515	2025/02/14 09:42:49	"GET /uv2582fip2582inf210/lecture_db_integrity.html HTTP/1.1"
2515	2025/02/14 09:42:53	"GET /uv2582fip2582inf210/activity_relational_model.html HTTP/1.1"
2515	2025/02/14 09:43:05	"GET /uv2582fip2582inf210/lecture_modeling_normalization.html HTTP/1.1"
2515	2025/02/14 09:43:26	"GET /uv2582fip2582inf210/lecture_conceptual_modeling.html HTTP/1.1"
2515	2025/01/29 14:08:15	"GET /uv2582fip2582inf210/web_architecture_home.html HTTP/1.1"
2515	2025/01/29 14:08:29	"GET /uv2582fip2582inf210/images/prerequisite_archiweb/prerequisite_archiweb_2025.html HTTP/1.1"
2515	2025/01/29 14:08:33	"GET /uv2582fip2582inf210/lecture_technical_architecture.html HTTP/1.1"
2515	2025/01/29 14:16:39	"GET /uv2582fip2582inf210/lecture_software_architecture.html HTTP/1.1"
2515	2025/03/05 13:04:09	"GET /uv2582fip2582inf210/index.html HTTP/1.1"
2515	2025/03/05 13:04:12	"GET /uv2582fip2582inf210/project_presentation.html HTTP/1.1"
2515	2025/03/05 13:04:14	"GET /uv2582fip2582inf210/project_part2.html HTTP/1.1"
2515	2025/03/18 14:01:11	"GET /uv2582fip2582inf210/project_presentation.html HTTP/1.1"
2515	2025/03/18 14:01:56	"GET /uv2582fip2582inf210/project_part3.html HTTP/1.1"
2515	2025/03/18 14:04:17	"GET /uv2582fip2582inf210/project_structureui.html HTTP/1.1"
2515	2025/03/18 14:42:41	"GET /uv2582fip2582inf210/project_evaluation.html HTTP/1.1"
2515	2025/03/18 14:43:09	"GET /uv2582fip2582inf210/project_task_time.html HTTP/1.1"
2515	2025/03/18 14:43:12	"GET /uv2582fip2582inf210/project_part1.html HTTP/1.1"
