2516	2025/02/27 22:39:34	"GET /uv2582fip2582inf210/project_presentation.html HTTP/1.1"
2516	2025/02/27 22:39:37	"GET /uv2582fip2582inf210/project_part1.html HTTP/1.1"
2516	2025/02/27 22:39:46	"GET /uv2582fip2582inf210/project_specifications.html HTTP/1.1"
2516	2025/03/24 10:19:06	"GET /uv2582fip2582inf210/data_home.html HTTP/1.1"
2516	2025/03/24 10:19:10	"GET /uv2582fip2582inf210/lecture_modeling_normalization.html HTTP/1.1"
2516	2025/03/24 10:19:13	"GET /uv2582fip2582inf210/lecture_conceptual_modeling.html HTTP/1.1"
2516	2025/03/24 10:19:14	"GET /uv2582fip2582inf210/activity_conceptual_modeling.html HTTP/1.1"
2516	2025/03/24 10:19:19	"GET /uv2582fip2582inf210/activity_conceptual_modeling_correction.html HTTP/1.1"
2516	2025/04/02 21:20:30	"GET /uv2582fip2582inf210/project_presentation.html HTTP/1.1"
2516	2025/04/02 21:20:33	"GET /uv2582fip2582inf210/project_specifications.html HTTP/1.1"
2516	2025/04/02 21:20:44	"GET /uv2582fip2582inf210/project_task_time.html HTTP/1.1"
2516	2025/02/21 12:59:50	"GET /uv2582fip2582inf210/data_home.html HTTP/1.1"
2516	2025/02/21 13:00:32	"GET /uv2582fip2582inf210/activity_conceptual_modeling.html HTTP/1.1"
2516	2025/02/21 13:00:47	"GET /uv2582fip2582inf210/lecture_conceptual_modeling.html HTTP/1.1"
2516	2025/02/21 14:00:04	"GET /uv2582fip2582inf210/data_home.html HTTP/1.1"
2516	2025/02/21 14:03:14	"GET /uv2582fip2582inf210/lecture_normalization.html HTTP/1.1"
2516	2025/02/21 14:53:51	"GET /uv2582fip2582inf210/web_architecture_home.html HTTP/1.1"
2516	2025/02/21 15:11:16	"GET /uv2582fip2582inf210/practice_jpa.html HTTP/1.1"
2516	2025/04/03 12:41:59	"GET /uv2582fip2582inf210/project_presentation.html HTTP/1.1"
2516	2025/04/03 12:42:20	"GET /uv2582fip2582inf210/project_task_time.html HTTP/1.1"
2516	2025/02/26 09:52:34	"GET /uv2582fip2582inf210/project_presentation.html HTTP/1.1"
2516	2025/02/26 09:52:45	"GET /uv2582fip2582inf210/project_specifications.html HTTP/1.1"
2516	2025/02/26 10:12:44	"GET /uv2582fip2582inf210/project_part1.html HTTP/1.1"
2516	2025/02/26 10:19:23	"GET /uv2582fip2582inf210/project_task_time.html HTTP/1.1"
2516	2025/02/26 10:20:01	"GET /uv2582fip2582inf210/project_evaluation.html HTTP/1.1"
2516	2025/02/24 14:04:22	"GET /uv2582fip2582inf210/web_architecture_home.html HTTP/1.1"
2516	2025/02/24 14:04:31	"GET /uv2582fip2582inf210/practice_spring_2tiers_ext.html HTTP/1.1"
2516	2025/02/24 14:13:19	"GET /uv2582fip2582inf210/practice_spring_2tiers.html HTTP/1.1"
2516	2025/02/24 14:13:31	"GET /uv2582fip2582inf210/practice_jpa_advanced.html HTTP/1.1"
2516	2025/02/24 14:13:32	"GET /uv2582fip2582inf210/practice_jpa.html HTTP/1.1"
2516	2025/02/24 14:24:02	"GET /uv2582fip2582inf210/lecture_dto.html HTTP/1.1"
2516	2025/03/27 12:58:08	"GET /uv2582fip2582inf210/project_specifications.html HTTP/1.1"
2516	2025/03/27 12:58:12	"GET /uv2582fip2582inf210/index.html HTTP/1.1"
2516	2025/03/27 12:58:17	"GET /uv2582fip2582inf210/technical_environment_home.html HTTP/1.1"
2516	2025/03/27 12:58:20	"GET /uv2582fip2582inf210/documentation_docker.html HTTP/1.1"
2516	2025/03/27 12:58:31	"GET /uv2582fip2582inf210/practice_docker.html HTTP/1.1"
2516	2025/02/04 14:07:51	"GET /uv2582fip2582inf210/technical_environment_home.html HTTP/1.1"
2516	2025/02/04 14:07:56	"GET /uv2582fip2582inf210/practice_postgresql.html HTTP/1.1"
2516	2025/02/04 14:08:06	"GET /uv2582fip2582inf210/documentation_programming.html HTTP/1.1"
2516	2025/02/04 14:08:33	"GET /uv2582fip2582inf210/practice_spring.html HTTP/1.1"
2516	2025/03/07 14:15:31	"GET /uv2582fip2582inf210/data_home.html HTTP/1.1"
2516	2025/03/07 14:15:35	"GET /uv2582fip2582inf210/project_presentation.html HTTP/1.1"
2516	2025/03/07 14:15:37	"GET /uv2582fip2582inf210/project_part2.html HTTP/1.1"
2516	2025/02/19 14:04:51	"GET /uv2582fip2582inf210/project_home.html HTTP/1.1"
2516	2025/02/03 09:34:14	"GET /uv2582fip2582inf210/data_home.html HTTP/1.1"
2516	2025/02/03 09:34:46	"GET /uv2582fip2582inf210/activity_sql.html HTTP/1.1"
2516	2025/02/03 09:36:14	"GET /uv2582fip2582inf210/practice_sql.html HTTP/1.1"
2516	2025/02/03 09:47:52	"GET /uv2582fip2582inf210/PresentationUVINF210/pres.html HTTP/1.1"
2516	2025/02/03 09:47:57	"GET /uv2582fip2582inf210/technical_environment_home.html HTTP/1.1"
2516	2025/02/03 09:48:04	"GET /uv2582fip2582inf210/practice_docker.html HTTP/1.1"
2516	2025/02/03 10:07:25	"GET /uv2582fip2582inf210/practice_sql_correction.html HTTP/1.1"
2516	2025/02/03 10:18:23	"GET /uv2582fip2582inf210/practice_sql.html HTTP/1.1"
2516	2025/02/03 11:01:54	"GET /uv2582fip2582inf210/practice_advanced_sql.html HTTP/1.1"
2516	2025/02/03 11:02:03	"GET /uv2582fip2582inf210/lecture_transaction.html HTTP/1.1"
2516	2025/02/03 11:10:34	"GET /uv2582fip2582inf210/practice_transaction.html HTTP/1.1"
2516	2025/02/03 11:51:45	"GET /uv2582fip2582inf210/practice_transaction_correction.html HTTP/1.1"
2516	2025/01/24 09:45:07	"GET /uv2582fip2582inf210/technical_environment_home.html HTTP/1.1"
2516	2025/01/24 10:21:31	"GET /uv2582fip2582inf210/documentation_docker.html HTTP/1.1"
2516	2025/01/24 11:14:31	"GET /uv2582fip2582inf210/practice_docker.html HTTP/1.1"
2516	2025/01/24 12:10:04	"GET /uv2582fip2582inf210/practice_docker_advanced.html HTTP/1.1"
2516	2025/01/24 12:52:26	"GET /uv2582fip2582inf210/web_architecture_home.html HTTP/1.1"
2516	2025/01/24 12:52:32	"GET /uv2582fip2582inf210/images/prerequisite_archiweb/prerequisite_archiweb_2025.html HTTP/1.1"
2516	2025/01/31 14:35:33	"GET /uv2582fip2582inf210/activity_normalization.html HTTP/1.1"
2516	2025/01/31 14:40:11	"GET /uv2582fip2582inf210/activity_normalization_correction.html HTTP/1.1"
2516	2025/01/31 15:39:44	"GET /uv2582fip2582inf210/activity_sql.html HTTP/1.1"
2516	2025/01/31 15:49:03	"GET /uv2582fip2582inf210/activity_sql_correction.html HTTP/1.1"
2516	2025/01/31 16:30:31	"GET /uv2582fip2582inf210/practice_sql.html HTTP/1.1"
2516	2025/01/31 16:35:08	"GET /uv2582fip2582inf210/documentation_rdbms.html HTTP/1.1"
2516	2025/09/18 11:48:17	"GET /uv2582fip2582inf210/data_home.html HTTP/1.1"
2516	2025/09/18 11:48:23	"GET /uv2582fip2582inf210/lecture_normalization.html HTTP/1.1"
2516	2025/09/18 14:43:58	"GET /uv2582fip2582inf210/lecture_software_architecture.html HTTP/1.1"
2516	2025/09/18 14:45:19	"GET /uv2582fip2582inf210/lecture_technical_architecture.html HTTP/1.1"
2516	2025/01/30 09:37:15	"GET /uv2582fip2582inf210/technical_environment_home.html HTTP/1.1"
2516	2025/01/30 09:37:23	"GET /uv2582fip2582inf210/data_home.html HTTP/1.1"
2516	2025/01/30 09:37:39	"GET /uv2582fip2582inf210/lecture_relational_model.html HTTP/1.1"
2516	2025/01/30 09:39:59	"GET /uv2582fip2582inf210/images/prerequisite_data/prerequisite_data_2025.html HTTP/1.1"
2516	2025/01/30 09:52:47	"GET /uv2582fip2582inf210/lecture_db_integrity.html HTTP/1.1"
2516	2025/01/30 10:00:12	"GET /uv2582fip2582inf210/activity_relational_model.html HTTP/1.1"
2516	2025/01/30 11:15:18	"GET /uv2582fip2582inf210/activity_relational_model_correction.html HTTP/1.1"
2516	2025/01/30 11:17:42	"GET /uv2582fip2582inf210/lecture_modeling_normalization.html HTTP/1.1"
2516	2025/01/30 11:18:36	"GET /uv2582fip2582inf210/PresentationUVINF210/pres.html HTTP/1.1"
2516	2025/01/30 11:34:00	"GET /uv2582fip2582inf210/lecture_conceptual_modeling.html HTTP/1.1"
2516	2025/01/30 11:48:42	"GET /uv2582fip2582inf210/activity_conceptual_modeling.html HTTP/1.1"
2516	2025/01/30 11:48:57	"GET /uv2582fip2582inf210/lecture_normalization.html HTTP/1.1"
2516	2025/01/30 11:50:16	"GET /uv2582fip2582inf210/activity_conceptual_modeling_correction.html HTTP/1.1"
2516	2025/02/17 14:10:08	"GET /uv2582fip2582inf210/data_home.html HTTP/1.1"
2516	2025/02/17 14:10:21	"GET /uv2582fip2582inf210/activity_normalization.html HTTP/1.1"
2516	2025/02/17 14:11:15	"GET /uv2582fip2582inf210/lecture_conceptual_modeling.html HTTP/1.1"
2516	2025/02/17 14:11:33	"GET /uv2582fip2582inf210/activity_conceptual_modeling.html HTTP/1.1"
2516	2025/02/17 14:11:37	"GET /uv2582fip2582inf210/activity_conceptual_modeling_correction.html HTTP/1.1"
2516	2025/02/17 14:17:59	"GET /uv2582fip2582inf210/activity_normalization_correction.html HTTP/1.1"
2516	2025/02/17 14:48:36	"GET /uv2582fip2582inf210/lecture_normalization.html HTTP/1.1"
2516	2025/03/06 20:53:11	"GET /uv2582fip2582inf210/technical_environment_home.html HTTP/1.1"
2516	2025/03/06 20:53:17	"GET /uv2582fip2582inf210/web_architecture_home.html HTTP/1.1"
2516	2025/03/06 20:53:19	"GET /uv2582fip2582inf210/lecture_jpa.html HTTP/1.1"
2516	2025/03/06 20:53:30	"GET /uv2582fip2582inf210/practice_jpa.html HTTP/1.1"
2516	2025/02/05 14:03:24	"GET /uv2582fip2582inf210/data_home.html HTTP/1.1"
2516	2025/02/05 14:03:40	"GET /uv2582fip2582inf210/index.html HTTP/1.1"
2516	2025/02/05 14:04:32	"GET /uv2582fip2582inf210/lecture_transaction.html HTTP/1.1"
2516	2025/02/05 14:04:34	"GET /uv2582fip2582inf210/practice_transaction.html HTTP/1.1"
2516	2025/02/05 14:04:44	"GET /uv2582fip2582inf210/web_architecture_home.html HTTP/1.1"
2516	2025/02/05 14:04:53	"GET /uv2582fip2582inf210/project_home.html HTTP/1.1"
2516	2025/02/05 14:05:40	"GET /uv2582fip2582inf210/practice_spring.html HTTP/1.1"
2516	2025/02/05 15:13:39	"GET /uv2582fip2582inf210/lecture_technical_architecture.html HTTP/1.1"
2516	2025/02/05 15:13:49	"GET /uv2582fip2582inf210/lecture_software_architecture.html HTTP/1.1"
2516	2025/02/05 15:14:07	"GET /uv2582fip2582inf210/lecture_dto.html HTTP/1.1"
2516	2025/02/05 15:52:13	"GET /uv2582fip2582inf210/lecture_mvc_spring.html HTTP/1.1"
2516	2025/02/05 16:05:54	"GET /uv2582fip2582inf210/lecture_jpa.html HTTP/1.1"
2516	2025/02/05 16:05:58	"GET /uv2582fip2582inf210/lecture_jpa.html HTTP/1.1"
2516	2025/02/05 16:22:19	"GET /uv2582fip2582inf210/practice_jpa.html HTTP/1.1"
2516	2025/02/10 14:04:06	"GET /uv2582fip2582inf210/web_architecture_home.html HTTP/1.1"
2516	2025/02/10 14:04:18	"GET /uv2582fip2582inf210/practice_jpa.html HTTP/1.1"
2516	2025/02/10 14:06:27	"GET /uv2582fip2582inf210/lecture_jpa.html HTTP/1.1"
2516	2025/02/10 14:18:53	"GET /uv2582fip2582inf210/data_home.html HTTP/1.1"
2516	2025/02/10 14:18:58	"GET /uv2582fip2582inf210/lecture_normalization.html HTTP/1.1"
2516	2025/02/10 15:00:36	"GET /uv2582fip2582inf210/activity_conceptual_modeling.html HTTP/1.1"
2516	2025/02/10 15:00:59	"GET /uv2582fip2582inf210/lecture_conceptual_modeling.html HTTP/1.1"
2516	2025/02/10 16:15:45	"GET /uv2582fip2582inf210/technical_environment_home.html HTTP/1.1"
2516	2025/02/10 16:15:50	"GET /uv2582fip2582inf210/practice_spring.html HTTP/1.1"
2516	2025/03/19 09:48:15	"GET /uv2582fip2582inf210/project_presentation.html HTTP/1.1"
2516	2025/03/19 09:48:17	"GET /uv2582fip2582inf210/project_part2.html HTTP/1.1"
2516	2025/03/19 11:56:20	"GET /uv2582fip2582inf210/project_specifications.html HTTP/1.1"
2516	2025/03/19 11:56:44	"GET /uv2582fip2582inf210/project_structureui.html HTTP/1.1"
2516	2025/02/12 09:34:00	"GET /uv2582fip2582inf210/lecture_xml.html HTTP/1.1"
2516	2025/02/12 10:11:26	"GET /uv2582fip2582inf210/lecture_mvc_spring.html HTTP/1.1"
2516	2025/02/12 15:10:25	"GET /uv2582fip2582inf210/practice_jpa_advanced.html HTTP/1.1"
2516	2025/02/12 15:11:55	"GET /uv2582fip2582inf210/practice_spring_2tiers.html HTTP/1.1"
2516	2025/02/12 15:12:49	"GET /uv2582fip2582inf210/practice_spring_2tiers_ext.html HTTP/1.1"
2516	2025/03/11 20:47:40	"GET /uv2582fip2582inf210/project_presentation.html HTTP/1.1"
2516	2025/03/11 20:47:44	"GET /uv2582fip2582inf210/project_part2.html HTTP/1.1"
2516	2025/03/03 11:03:54	"GET /uv2582fip2582inf210/project_presentation.html HTTP/1.1"
2516	2025/03/03 11:04:55	"GET /uv2582fip2582inf210/project_part1.html HTTP/1.1"
2516	2025/03/03 11:06:03	"GET /uv2582fip2582inf210/project_part1.html HTTP/1.1"
2516	2025/03/03 11:06:10	"GET /uv2582fip2582inf210/project_specifications.html HTTP/1.1"
2516	2025/03/03 11:10:56	"GET /uv2582fip2582inf210/project_part1.html HTTP/1.1"
2516	2025/03/03 11:11:21	"GET /uv2582fip2582inf210/project_part1.html HTTP/1.1"
2516	2025/03/03 11:14:31	"GET /uv2582fip2582inf210/technical_environment_home.html HTTP/1.1"
2516	2025/03/03 11:14:54	"GET /uv2582fip2582inf210/project_presentation.html HTTP/1.1"
2516	2025/03/03 11:14:59	"GET /uv2582fip2582inf210/project_task_time.html HTTP/1.1"
2516	2025/03/03 11:15:54	"GET /uv2582fip2582inf210/project_evaluation.html HTTP/1.1"
2516	2025/03/03 11:23:26	"GET /uv2582fip2582inf210/project_evaluation.html HTTP/1.1"
2516	2025/03/03 11:23:29	"GET /uv2582fip2582inf210/project_part2.html HTTP/1.1"
2516	2025/03/03 11:52:44	"GET /uv2582fip2582inf210/web_architecture_home.html HTTP/1.1"
2516	2025/03/03 11:52:51	"GET /uv2582fip2582inf210/practice_jpa.html HTTP/1.1"
2516	2025/03/16 19:30:49	"GET /uv2582fip2582inf210/web_architecture_home.html HTTP/1.1"
2516	2025/03/16 19:30:52	"GET /uv2582fip2582inf210/project_presentation.html HTTP/1.1"
2516	2025/03/16 19:30:55	"GET /uv2582fip2582inf210/project_part3.html HTTP/1.1"
2516	2025/09/13 17:22:42	"GET /uv2582fip2582inf210/technical_environment_home.html HTTP/1.1"
2516	2025/09/13 17:23:44	"GET /uv2582fip2582inf210/web_architecture_home.html HTTP/1.1"
2516	2025/02/14 09:35:08	"GET /uv2582fip2582inf210/web_architecture_home.html HTTP/1.1"
2516	2025/02/14 09:35:33	"GET /uv2582fip2582inf210/lecture_jpa.html HTTP/1.1"
2516	2025/02/14 09:35:42	"GET /uv2582fip2582inf210/practice_jpa.html HTTP/1.1"
2516	2025/03/17 12:41:11	"GET /uv2582fip2582inf210/project_specifications.html HTTP/1.1"
2516	2025/03/17 19:45:40	"GET /uv2582fip2582inf210/project_part3.html HTTP/1.1"
2516	2025/03/17 19:47:30	"GET /uv2582fip2582inf210/project_structureui.html HTTP/1.1"
2516	2025/01/29 14:09:23	"GET /uv2582fip2582inf210/technical_environment_home.html HTTP/1.1"
2516	2025/01/29 14:09:30	"GET /uv2582fip2582inf210/practice_docker.html HTTP/1.1"
2516	2025/01/29 14:11:04	"GET /uv2582fip2582inf210/practice_docker_advanced.html HTTP/1.1"
2516	2025/03/05 10:39:54	"GET /uv2582fip2582inf210/project_presentation.html HTTP/1.1"
2516	2025/03/05 10:40:04	"GET /uv2582fip2582inf210/project_part2.html HTTP/1.1"
