2517	2025/02/21 12:57:15	"GET /uv2582fip2582inf210/technical_environment_home.html HTTP/1.1"
2517	2025/02/21 12:57:22	"GET /uv2582fip2582inf210/index.html HTTP/1.1"
2517	2025/02/21 12:57:26	"GET /uv2582fip2582inf210/data_home.html HTTP/1.1"
2517	2025/02/21 12:57:51	"GET /uv2582fip2582inf210/activity_normalization.html HTTP/1.1"
2517	2025/02/21 12:59:26	"GET /uv2582fip2582inf210/activity_decomposition.html HTTP/1.1"
2517	2025/02/26 09:51:06	"GET /uv2582fip2582inf210/technical_environment_home.html HTTP/1.1"
2517	2025/02/26 09:51:09	"GET /uv2582fip2582inf210/index.html HTTP/1.1"
2517	2025/02/26 09:54:23	"GET /uv2582fip2582inf210/project_presentation.html HTTP/1.1"
2517	2025/02/26 09:57:28	"GET /uv2582fip2582inf210/project_specifications.html HTTP/1.1"
2517	2025/02/26 09:57:35	"GET /uv2582fip2582inf210/project_evaluation.html HTTP/1.1"
2517	2025/02/26 10:09:28	"GET /uv2582fip2582inf210/project_task_time.html HTTP/1.1"
2517	2025/02/26 10:10:20	"GET /uv2582fip2582inf210/project_part1.html HTTP/1.1"
2517	2025/02/24 14:04:33	"GET /uv2582fip2582inf210/technical_environment_home.html HTTP/1.1"
2517	2025/02/24 14:04:36	"GET /uv2582fip2582inf210/index.html HTTP/1.1"
2517	2025/02/24 14:04:40	"GET /uv2582fip2582inf210/web_architecture_home.html HTTP/1.1"
2517	2025/02/24 14:04:49	"GET /uv2582fip2582inf210/practice_spring_2tiers_ext.html HTTP/1.1"
2517	2025/02/24 14:41:29	"GET /uv2582fip2582inf210/lecture_dto.html HTTP/1.1"
2517	2025/03/15 10:11:43	"GET /uv2582fip2582inf210/index.html HTTP/1.1"
2517	2025/03/15 10:12:55	"GET /uv2582fip2582inf210/project_presentation.html HTTP/1.1"
2517	2025/03/15 10:13:03	"GET /uv2582fip2582inf210/project_specifications.html HTTP/1.1"
2517	2025/03/15 10:13:06	"GET /uv2582fip2582inf210/project_part3.html HTTP/1.1"
2517	2025/02/03 09:38:46	"GET /uv2582fip2582inf210/technical_environment_home.html HTTP/1.1"
2517	2025/02/03 09:40:59	"GET /uv2582fip2582inf210/index.html HTTP/1.1"
2517	2025/02/03 09:41:04	"GET /uv2582fip2582inf210/web_architecture_home.html HTTP/1.1"
2517	2025/02/03 09:41:08	"GET /uv2582fip2582inf210/lecture_jpa.html HTTP/1.1"
2517	2025/02/03 09:42:13	"GET /uv2582fip2582inf210/practice_jpa.html HTTP/1.1"
2517	2025/01/24 09:43:25	"GET /uv2582fip2582inf210/technical_environment_home.html HTTP/1.1"
2517	2025/01/24 10:27:55	"GET /uv2582fip2582inf210/documentation_docker.html HTTP/1.1"
2517	2025/01/24 10:36:19	"GET /uv2582fip2582inf210/practice_docker.html HTTP/1.1"
2517	2025/01/24 11:15:45	"GET /uv2582fip2582inf210/practice_docker_advanced.html HTTP/1.1"
2517	2025/01/24 11:20:13	"GET /uv2582fip2582inf210/documentation_rdbms.html HTTP/1.1"
2517	2025/01/24 11:20:58	"GET /uv2582fip2582inf210/practice_postgresql.html HTTP/1.1"
2517	2025/01/24 11:32:41	"GET /uv2582fip2582inf210/documentation_programming.html HTTP/1.1"
2517	2025/01/24 11:40:38	"GET /uv2582fip2582inf210/inversion_of_control.html HTTP/1.1"
2517	2025/01/24 11:40:45	"GET /uv2582fip2582inf210/practice_spring.html HTTP/1.1"
2517	2025/01/24 11:41:14	"GET /uv2582fip2582inf210/index.html HTTP/1.1"
2517	2025/01/24 11:52:00	"GET /uv2582fip2582inf210/spring_bean.html HTTP/1.1"
2517	2025/01/31 14:05:53	"GET /uv2582fip2582inf210/technical_environment_home.html HTTP/1.1"
2517	2025/01/31 14:05:57	"GET /uv2582fip2582inf210/index.html HTTP/1.1"
2517	2025/01/31 14:06:02	"GET /uv2582fip2582inf210/web_architecture_home.html HTTP/1.1"
2517	2025/01/31 14:23:26	"GET /uv2582fip2582inf210/lecture_mvc_spring.html HTTP/1.1"
2517	2025/01/31 14:58:40	"GET /uv2582fip2582inf210/lecture_jpa.html HTTP/1.1"
2517	2025/01/31 15:51:01	"GET /uv2582fip2582inf210/practice_jpa.html HTTP/1.1"
2517	2025/01/30 09:38:43	"GET /uv2582fip2582inf210/technical_environment_home.html HTTP/1.1"
2517	2025/01/30 09:41:00	"GET /uv2582fip2582inf210/images/prerequisite_archiweb/prerequisite_archiweb_2025.html HTTP/1.1"
2517	2025/01/30 09:41:49	"GET /uv2582fip2582inf210/lecture_technical_architecture.html HTTP/1.1"
2517	2025/01/30 09:48:17	"GET /uv2582fip2582inf210/lecture_software_architecture.html HTTP/1.1"
2517	2025/01/30 09:53:54	"GET /uv2582fip2582inf210/lecture_dto.html HTTP/1.1"
2517	2025/01/30 09:56:18	"GET /uv2582fip2582inf210/lecture_mvc_spring.html HTTP/1.1"
2517	2025/01/30 09:58:06	"GET /uv2582fip2582inf210/lecture_xml.html HTTP/1.1"
2517	2025/01/30 10:05:42	"GET /uv2582fip2582inf210/practice_xml.html HTTP/1.1"
2517	2025/01/30 10:13:13	"GET /uv2582fip2582inf210/data_home.html HTTP/1.1"
2517	2025/01/30 10:13:19	"GET /uv2582fip2582inf210/lecture_relational_model.html HTTP/1.1"
2517	2025/01/30 10:13:24	"GET /uv2582fip2582inf210/lecture_db_integrity.html HTTP/1.1"
2517	2025/01/30 10:13:29	"GET /uv2582fip2582inf210/activity_relational_model.html HTTP/1.1"
2517	2025/01/30 11:24:00	"GET /uv2582fip2582inf210/lecture_json.html HTTP/1.1"
2517	2025/01/30 11:33:18	"GET /uv2582fip2582inf210/practice_json.html HTTP/1.1"
2517	2025/01/30 12:02:34	"GET /uv2582fip2582inf210/project_home.html HTTP/1.1"
2517	2025/02/17 14:10:37	"GET /uv2582fip2582inf210/technical_environment_home.html HTTP/1.1"
2517	2025/02/17 14:11:15	"GET /uv2582fip2582inf210/index.html HTTP/1.1"
2517	2025/02/17 14:11:20	"GET /uv2582fip2582inf210/data_home.html HTTP/1.1"
2517	2025/03/14 11:12:30	"GET /uv2582fip2582inf210/project_presentation.html HTTP/1.1"
2517	2025/03/14 11:12:34	"GET /uv2582fip2582inf210/project_part3.html HTTP/1.1"
2517	2025/03/14 11:12:41	"GET /uv2582fip2582inf210/project_specifications.html HTTP/1.1"
2517	2025/01/22 14:49:19	"GET /uv2582fip2582inf210/PresentationUVINF210/pres.html HTTP/1.1"
2517	2025/03/13 14:26:46	"GET /uv2582fip2582inf210/technical_environment_home.html HTTP/1.1"
2517	2025/03/13 14:26:48	"GET /uv2582fip2582inf210/index.html HTTP/1.1"
2517	2025/03/13 14:26:51	"GET /uv2582fip2582inf210/project_presentation.html HTTP/1.1"
2517	2025/03/13 14:26:55	"GET /uv2582fip2582inf210/project_part3.html HTTP/1.1"
2517	2025/03/13 14:26:56	"GET /uv2582fip2582inf210/project_structureui.html HTTP/1.1"
2517	2025/03/13 18:02:18	"GET /uv2582fip2582inf210/technical_environment_home.html HTTP/1.1"
2517	2025/03/13 18:02:23	"GET /uv2582fip2582inf210/index.html HTTP/1.1"
2517	2025/03/13 18:02:26	"GET /uv2582fip2582inf210/project_presentation.html HTTP/1.1"
2517	2025/03/13 18:02:28	"GET /uv2582fip2582inf210/project_part3.html HTTP/1.1"
2517	2025/03/13 18:22:04	"GET /uv2582fip2582inf210/project_specifications.html HTTP/1.1"
2517	2025/03/06 14:14:50	"GET /uv2582fip2582inf210/index.html HTTP/1.1"
2517	2025/03/06 14:15:06	"GET /uv2582fip2582inf210/project_presentation.html HTTP/1.1"
2517	2025/03/06 14:15:16	"GET /uv2582fip2582inf210/project_part2.html HTTP/1.1"
2517	2025/02/05 14:06:22	"GET /uv2582fip2582inf210/technical_environment_home.html HTTP/1.1"
2517	2025/02/05 14:07:19	"GET /uv2582fip2582inf210/index.html HTTP/1.1"
2517	2025/02/05 14:07:23	"GET /uv2582fip2582inf210/project_home.html HTTP/1.1"
2517	2025/02/05 14:07:35	"GET /uv2582fip2582inf210/data_home.html HTTP/1.1"
2517	2025/02/05 14:08:00	"GET /uv2582fip2582inf210/web_architecture_home.html HTTP/1.1"
2517	2025/02/05 14:08:12	"GET /uv2582fip2582inf210/practice_jpa.html HTTP/1.1"
2517	2025/02/05 16:04:45	"GET /uv2582fip2582inf210/practice_jpa_advanced.html HTTP/1.1"
2517	2025/02/10 14:02:32	"GET /uv2582fip2582inf210/technical_environment_home.html HTTP/1.1"
2517	2025/02/10 14:02:36	"GET /uv2582fip2582inf210/index.html HTTP/1.1"
2517	2025/02/10 14:02:43	"GET /uv2582fip2582inf210/web_architecture_home.html HTTP/1.1"
2517	2025/02/10 14:02:51	"GET /uv2582fip2582inf210/practice_jpa_advanced.html HTTP/1.1"
2517	2025/02/10 14:03:06	"GET /uv2582fip2582inf210/practice_spring_2tiers.html HTTP/1.1"
2517	2025/02/10 14:03:51	"GET /uv2582fip2582inf210/data_home.html HTTP/1.1"
2517	2025/03/19 14:05:47	"GET /uv2582fip2582inf210/technical_environment_home.html HTTP/1.1"
2517	2025/03/19 14:05:51	"GET /uv2582fip2582inf210/index.html HTTP/1.1"
2517	2025/03/19 14:05:54	"GET /uv2582fip2582inf210/project_presentation.html HTTP/1.1"
2517	2025/03/19 14:05:57	"GET /uv2582fip2582inf210/project_evaluation.html HTTP/1.1"
2517	2025/03/19 14:06:03	"GET /uv2582fip2582inf210/project_specifications.html HTTP/1.1"
2517	2025/03/19 14:44:33	"GET /uv2582fip2582inf210/project_task_time.html HTTP/1.1"
2517	2025/02/12 09:36:44	"GET /uv2582fip2582inf210/technical_environment_home.html HTTP/1.1"
2517	2025/02/12 09:36:53	"GET /uv2582fip2582inf210/index.html HTTP/1.1"
2517	2025/02/12 09:37:13	"GET /uv2582fip2582inf210/web_architecture_home.html HTTP/1.1"
2517	2025/02/12 11:57:25	"GET /uv2582fip2582inf210/data_home.html HTTP/1.1"
2517	2025/02/12 12:00:38	"GET /uv2582fip2582inf210/lecture_relational_model.html HTTP/1.1"
2517	2025/02/12 12:06:37	"GET /uv2582fip2582inf210/lecture_db_integrity.html HTTP/1.1"
2517	2025/02/12 14:26:54	"GET /uv2582fip2582inf210/activity_relational_model.html HTTP/1.1"
2517	2025/02/12 14:50:06	"GET /uv2582fip2582inf210/activity_relational_model_correction.html HTTP/1.1"
2517	2025/02/12 14:52:05	"GET /uv2582fip2582inf210/data_home.html HTTP/1.1"
2517	2025/02/12 14:52:20	"GET /uv2582fip2582inf210/lecture_modeling_normalization.html HTTP/1.1"
2517	2025/02/12 15:00:05	"GET /uv2582fip2582inf210/lecture_conceptual_modeling.html HTTP/1.1"
2517	2025/03/11 18:30:54	"GET /uv2582fip2582inf210/technical_environment_home.html HTTP/1.1"
2517	2025/03/11 18:30:55	"GET /uv2582fip2582inf210/index.html HTTP/1.1"
2517	2025/03/11 18:30:59	"GET /uv2582fip2582inf210/project_presentation.html HTTP/1.1"
2517	2025/03/11 18:31:01	"GET /uv2582fip2582inf210/project_part2.html HTTP/1.1"
2517	2025/03/11 20:06:19	"GET /uv2582fip2582inf210/project_part3.html HTTP/1.1"
2517	2025/03/04 18:17:48	"GET /uv2582fip2582inf210/technical_environment_home.html HTTP/1.1"
2517	2025/03/04 18:17:52	"GET /uv2582fip2582inf210/index.html HTTP/1.1"
2517	2025/03/04 18:17:54	"GET /uv2582fip2582inf210/project_presentation.html HTTP/1.1"
2517	2025/03/04 18:17:57	"GET /uv2582fip2582inf210/project_part2.html HTTP/1.1"
2517	2025/03/04 18:23:48	"GET /uv2582fip2582inf210/project_part1.html HTTP/1.1"
2517	2025/03/04 22:03:01	"GET /uv2582fip2582inf210/project_part1.html HTTP/1.1"
2517	2025/03/04 22:13:35	"GET /uv2582fip2582inf210/project_part2.html HTTP/1.1"
2517	2025/02/14 09:38:43	"GET /uv2582fip2582inf210/technical_environment_home.html HTTP/1.1"
2517	2025/02/14 09:38:47	"GET /uv2582fip2582inf210/index.html HTTP/1.1"
2517	2025/02/14 09:40:44	"GET /uv2582fip2582inf210/data_home.html HTTP/1.1"
2517	2025/01/29 14:01:54	"GET /uv2582fip2582inf210/technical_environment_home.html HTTP/1.1"
2517	2025/01/29 14:03:58	"GET /uv2582fip2582inf210/documentation_docker.html HTTP/1.1"
2517	2025/01/29 14:05:22	"GET /uv2582fip2582inf210/documentation_rdbms.html HTTP/1.1"
2517	2025/01/29 14:05:35	"GET /uv2582fip2582inf210/practice_postgresql.html HTTP/1.1"
2517	2025/01/29 14:06:36	"GET /uv2582fip2582inf210/practice_docker.html HTTP/1.1"
2517	2025/01/29 14:21:09	"GET /uv2582fip2582inf210/documentation_programming.html HTTP/1.1"
2517	2025/01/29 14:21:16	"GET /uv2582fip2582inf210/practice_spring.html HTTP/1.1"
2517	2025/01/29 14:55:43	"GET /uv2582fip2582inf210/index.html HTTP/1.1"
2517	2025/01/29 14:56:19	"GET /uv2582fip2582inf210/web_architecture_home.html HTTP/1.1"
2517	2025/03/05 09:42:12	"GET /uv2582fip2582inf210/project_presentation.html HTTP/1.1"
2517	2025/03/05 09:42:20	"GET /uv2582fip2582inf210/project_part2.html HTTP/1.1"
