2518	2025/03/24 09:53:08	"GET /uv2582fip2582inf210/index.html HTTP/1.1"
2518	2025/03/24 09:53:15	"GET /uv2582fip2582inf210/data_home.html HTTP/1.1"
2518	2025/03/24 09:53:23	"GET /uv2582fip2582inf210/lecture_conceptual_modeling.html HTTP/1.1"
2518	2025/02/20 21:36:44	"GET /uv2582fip2582inf210/index.html HTTP/1.1"
2518	2025/02/20 21:36:50	"GET /uv2582fip2582inf210/data_home.html HTTP/1.1"
2518	2025/02/20 21:36:57	"GET /uv2582fip2582inf210/images/prerequisite_data/prerequisite_data_2025.html HTTP/1.1"
2518	2025/02/20 21:37:14	"GET /uv2582fip2582inf210/lecture_normalization.html HTTP/1.1"
2518	2025/02/21 14:05:06	"GET /uv2582fip2582inf210/index.html HTTP/1.1"
2518	2025/04/03 20:19:39	"GET /uv2582fip2582inf210/index.html HTTP/1.1"
2518	2025/04/03 20:19:43	"GET /uv2582fip2582inf210/project_presentation.html HTTP/1.1"
2518	2025/04/03 20:19:48	"GET /uv2582fip2582inf210/project_evaluation.html HTTP/1.1"
2518	2025/04/03 20:19:51	"GET /uv2582fip2582inf210/project_evaluation.html HTTP/1.1"
2518	2025/04/03 20:19:57	"GET /uv2582fip2582inf210/project_task_time.html HTTP/1.1"
2518	2025/02/26 14:32:25	"GET /uv2582fip2582inf210/index.html HTTP/1.1"
2518	2025/02/26 14:36:00	"GET /uv2582fip2582inf210/data_home.html HTTP/1.1"
2518	2025/02/26 14:36:07	"GET /uv2582fip2582inf210/lecture_normalization.html HTTP/1.1"
2518	2025/02/26 14:47:44	"GET /uv2582fip2582inf210/project_presentation.html HTTP/1.1"
2518	2025/02/26 14:48:23	"GET /uv2582fip2582inf210/project_part1.html HTTP/1.1"
2518	2025/02/24 14:05:43	"GET /uv2582fip2582inf210/index.html HTTP/1.1"
2518	2025/02/24 14:06:16	"GET /uv2582fip2582inf210/data_home.html HTTP/1.1"
2518	2025/02/24 14:06:19	"GET /uv2582fip2582inf210/images/prerequisite_data/prerequisite_data_2025.html HTTP/1.1"
2518	2025/02/24 14:06:28	"GET /uv2582fip2582inf210/activity_sql.html HTTP/1.1"
2518	2025/03/20 13:01:59	"GET /uv2582fip2582inf210/project_specifications.html HTTP/1.1"
2518	2025/03/07 14:15:17	"GET /uv2582fip2582inf210/project_part2.html HTTP/1.1"
2518	2025/02/19 15:55:59	"GET /uv2582fip2582inf210/web_architecture_home.html HTTP/1.1"
2518	2025/02/19 15:56:07	"GET /uv2582fip2582inf210/images/prerequisite_archiweb/prerequisite_archiweb_2025.html HTTP/1.1"
2518	2025/02/19 15:56:16	"GET /uv2582fip2582inf210/lecture_dto.html HTTP/1.1"
2518	2025/02/19 16:05:06	"GET /uv2582fip2582inf210/lecture_xml.html HTTP/1.1"
2518	2025/02/19 16:19:31	"GET /uv2582fip2582inf210/lecture_validity.html HTTP/1.1"
2518	2025/02/19 16:21:13	"GET /uv2582fip2582inf210/practice_xml.html HTTP/1.1"
2518	2025/02/19 16:21:56	"GET /uv2582fip2582inf210/index.html HTTP/1.1"
2518	2025/02/19 16:22:03	"GET /uv2582fip2582inf210/data_home.html HTTP/1.1"
2518	2025/02/19 16:22:04	"GET /uv2582fip2582inf210/images/prerequisite_data/prerequisite_data_2025.html HTTP/1.1"
2518	2025/02/19 16:22:37	"GET /uv2582fip2582inf210/project_home.html HTTP/1.1"
2518	2025/02/19 16:22:59	"GET /uv2582fip2582inf210/web_architecture_home.html HTTP/1.1"
2518	2025/02/19 16:23:05	"GET /uv2582fip2582inf210/images/prerequisite_archiweb/prerequisite_archiweb_2025.html HTTP/1.1"
2518	2025/02/19 16:23:13	"GET /uv2582fip2582inf210/practice_xml.html HTTP/1.1"
2518	2025/02/19 16:33:37	"GET /uv2582fip2582inf210/lecture_json.html HTTP/1.1"
2518	2025/02/19 16:38:11	"GET /uv2582fip2582inf210/lecture_json.html HTTP/1.1"
2518	2025/02/19 16:38:34	"GET /uv2582fip2582inf210/practice_json.html HTTP/1.1"
2518	2025/02/03 11:11:19	"GET /uv2582fip2582inf210/index.html HTTP/1.1"
2518	2025/02/03 11:11:28	"GET /uv2582fip2582inf210/web_architecture_home.html HTTP/1.1"
2518	2025/02/03 11:15:00	"GET /uv2582fip2582inf210/data_home.html HTTP/1.1"
2518	2025/02/03 11:15:07	"GET /uv2582fip2582inf210/lecture_relational_model.html HTTP/1.1"
2518	2025/02/03 14:04:37	"GET /uv2582fip2582inf210/lecture_relational_algebra.html HTTP/1.1"
2518	2025/02/03 14:15:47	"GET /uv2582fip2582inf210/activity_conceptual_modeling.html HTTP/1.1"
2518	2025/02/03 14:15:53	"GET /uv2582fip2582inf210/activity_conceptual_modeling_advanced.html HTTP/1.1"
2518	2025/02/03 14:40:25	"GET /uv2582fip2582inf210/images/prerequisite_data/prerequisite_data_2025.html HTTP/1.1"
2518	2025/02/03 14:40:41	"GET /uv2582fip2582inf210/lecture_transaction.html HTTP/1.1"
2518	2025/02/03 14:45:07	"GET /uv2582fip2582inf210/practice_transaction.html HTTP/1.1"
2518	2025/01/24 11:16:29	"GET /uv2582fip2582inf210/technical_environment_home.html HTTP/1.1"
2518	2025/01/24 11:16:36	"GET /uv2582fip2582inf210/images/prerequisite_techenv/prerequisite_techenv_2025.html HTTP/1.1"
2518	2025/01/24 11:17:10	"GET /uv2582fip2582inf210/documentation_rdbms.html HTTP/1.1"
2518	2025/01/24 11:42:41	"GET /uv2582fip2582inf210/documentation_docker.html HTTP/1.1"
2518	2025/01/24 11:54:05	"GET /uv2582fip2582inf210/practice_docker.html HTTP/1.1"
2518	2025/01/24 12:10:22	"GET /uv2582fip2582inf210/practice_postgresql.html HTTP/1.1"
2518	2025/01/31 15:18:09	"GET /uv2582fip2582inf210/data_home.html HTTP/1.1"
2518	2025/01/31 15:18:27	"GET /uv2582fip2582inf210/activity_sql.html HTTP/1.1"
2518	2025/01/31 15:19:29	"GET /uv2582fip2582inf210/index.html HTTP/1.1"
2518	2025/01/31 15:19:34	"GET /uv2582fip2582inf210/technical_environment_home.html HTTP/1.1"
2518	2025/03/08 13:35:27	"GET /uv2582fip2582inf210/project_part2.html HTTP/1.1"
2518	2025/03/08 13:35:34	"GET /uv2582fip2582inf210/project_part3.html HTTP/1.1"
2518	2025/03/08 14:07:56	"GET /uv2582fip2582inf210/project_specifications.html HTTP/1.1"
2518	2025/03/08 14:27:53	"GET /uv2582fip2582inf210/project_part1.html HTTP/1.1"
2518	2025/03/08 15:25:09	"GET /uv2582fip2582inf210/index.html HTTP/1.1"
2518	2025/03/08 15:25:16	"GET /uv2582fip2582inf210/data_home.html HTTP/1.1"
2518	2025/03/08 15:25:23	"GET /uv2582fip2582inf210/web_architecture_home.html HTTP/1.1"
2518	2025/03/08 15:25:34	"GET /uv2582fip2582inf210/images/prerequisite_archiweb/prerequisite_archiweb_2025.html HTTP/1.1"
2518	2025/03/08 15:25:36	"GET /uv2582fip2582inf210/practice_jpa.html HTTP/1.1"
2518	2025/03/08 15:35:21	"GET /uv2582fip2582inf210/project_presentation.html HTTP/1.1"
2518	2025/02/17 14:10:58	"GET /uv2582fip2582inf210/index.html HTTP/1.1"
2518	2025/02/17 14:11:11	"GET /uv2582fip2582inf210/data_home.html HTTP/1.1"
2518	2025/02/17 14:11:14	"GET /uv2582fip2582inf210/images/prerequisite_data/prerequisite_data_2025.html HTTP/1.1"
2518	2025/02/17 14:11:18	"GET /uv2582fip2582inf210/lecture_conceptual_modeling.html HTTP/1.1"
2518	2025/02/17 15:37:55	"GET /uv2582fip2582inf210/lecture_normalization.html HTTP/1.1"
2518	2025/03/13 17:13:22	"GET /uv2582fip2582inf210/project_part3.html HTTP/1.1"
2518	2025/03/13 17:15:34	"GET /uv2582fip2582inf210/project_specifications.html HTTP/1.1"
2518	2025/02/05 14:12:31	"GET /uv2582fip2582inf210/index.html HTTP/1.1"
2518	2025/02/05 14:13:04	"GET /uv2582fip2582inf210/data_home.html HTTP/1.1"
2518	2025/02/05 14:13:20	"GET /uv2582fip2582inf210/web_architecture_home.html HTTP/1.1"
2518	2025/02/05 14:13:34	"GET /uv2582fip2582inf210/images/prerequisite_archiweb/prerequisite_archiweb_2025.html HTTP/1.1"
2518	2025/02/05 14:13:40	"GET /uv2582fip2582inf210/lecture_technical_architecture.html HTTP/1.1"
2518	2025/02/05 14:36:46	"GET /uv2582fip2582inf210/lecture_software_architecture.html HTTP/1.1"
2518	2025/02/05 14:45:38	"GET /uv2582fip2582inf210/lecture_dto.html HTTP/1.1"
2518	2025/02/05 14:45:52	"GET /uv2582fip2582inf210/practice_spring_2tiers.html HTTP/1.1"
2518	2025/02/05 14:46:29	"GET /uv2582fip2582inf210/lecture_mvc_spring.html HTTP/1.1"
2518	2025/02/05 16:02:59	"GET /uv2582fip2582inf210/project_home.html HTTP/1.1"
2518	2025/02/05 16:03:21	"GET /uv2582fip2582inf210/technical_environment_home.html HTTP/1.1"
2518	2025/02/05 16:03:53	"GET /uv2582fip2582inf210/documentation_docker.html HTTP/1.1"
2518	2025/02/05 16:03:55	"GET /uv2582fip2582inf210/practice_docker.html HTTP/1.1"
2518	2025/02/10 14:05:10	"GET /uv2582fip2582inf210/web_architecture_home.html HTTP/1.1"
2518	2025/02/10 14:05:15	"GET /uv2582fip2582inf210/images/prerequisite_archiweb/prerequisite_archiweb_2025.html HTTP/1.1"
2518	2025/02/10 14:05:19	"GET /uv2582fip2582inf210/practice_spring_2tiers.html HTTP/1.1"
2518	2025/02/12 09:39:07	"GET /uv2582fip2582inf210/index.html HTTP/1.1"
2518	2025/02/12 10:05:02	"GET /uv2582fip2582inf210/web_architecture_home.html HTTP/1.1"
2518	2025/02/12 10:05:05	"GET /uv2582fip2582inf210/images/prerequisite_archiweb/prerequisite_archiweb_2025.html HTTP/1.1"
2518	2025/02/12 11:11:00	"GET /uv2582fip2582inf210/lecture_jpa.html HTTP/1.1"
2518	2025/02/12 14:19:21	"GET /uv2582fip2582inf210/practice_jpa.html HTTP/1.1"
2518	2025/03/03 11:18:33	"GET /uv2582fip2582inf210/index.html HTTP/1.1"
2518	2025/03/03 11:18:52	"GET /uv2582fip2582inf210/data_home.html HTTP/1.1"
2518	2025/03/03 11:19:05	"GET /uv2582fip2582inf210/project_presentation.html HTTP/1.1"
2518	2025/03/03 11:19:14	"GET /uv2582fip2582inf210/project_part2.html HTTP/1.1"
2518	2025/03/03 11:27:41	"GET /uv2582fip2582inf210/project_part1.html HTTP/1.1"
2518	2025/02/01 14:33:09	"GET /uv2582fip2582inf210/documentation_docker.html HTTP/1.1"
2518	2025/02/01 14:33:22	"GET /uv2582fip2582inf210/practice_docker.html HTTP/1.1"
2518	2025/02/14 09:40:12	"GET /uv2582fip2582inf210/PresentationUVINF210/pres.html HTTP/1.1"
2518	2025/02/14 09:40:17	"GET /uv2582fip2582inf210/web_architecture_home.html HTTP/1.1"
2518	2025/02/14 09:40:20	"GET /uv2582fip2582inf210/images/prerequisite_archiweb/prerequisite_archiweb_2025.html HTTP/1.1"
2518	2025/02/14 09:40:22	"GET /uv2582fip2582inf210/practice_jpa.html HTTP/1.1"
2518	2025/02/10 00:49:04	"GET /uv2582fip2582inf210/index.html HTTP/1.1"
2518	2025/02/10 00:49:22	"GET /uv2582fip2582inf210/web_architecture_home.html HTTP/1.1"
2518	2025/02/10 00:49:27	"GET /uv2582fip2582inf210/images/prerequisite_archiweb/prerequisite_archiweb_2025.html HTTP/1.1"
2518	2025/02/10 00:49:31	"GET /uv2582fip2582inf210/practice_spring_2tiers.html HTTP/1.1"
2518	2025/03/05 11:28:45	"GET /uv2582fip2582inf210/index.html HTTP/1.1"
2518	2025/03/05 11:28:58	"GET /uv2582fip2582inf210/project_presentation.html HTTP/1.1"
2518	2025/03/05 11:29:03	"GET /uv2582fip2582inf210/project_part2.html HTTP/1.1"
2518	2025/03/05 11:45:41	"GET /uv2582fip2582inf210/project_part1.html HTTP/1.1"
