2519	2025/03/24 10:00:52	"GET /uv2582fip2582inf210/project_presentation.html HTTP/1.1"
2519	2025/03/24 10:00:54	"GET /uv2582fip2582inf210/index.html HTTP/1.1"
2519	2025/03/24 10:00:57	"GET /uv2582fip2582inf210/data_home.html HTTP/1.1"
2519	2025/03/24 10:01:05	"GET /uv2582fip2582inf210/lecture_conceptual_modeling.html HTTP/1.1"
2519	2025/03/24 10:05:12	"GET /uv2582fip2582inf210/web_architecture_home.html HTTP/1.1"
2519	2025/03/24 10:05:15	"GET /uv2582fip2582inf210/technical_environment_home.html HTTP/1.1"
2519	2025/04/02 14:29:19	"GET /uv2582fip2582inf210/project_presentation.html HTTP/1.1"
2519	2025/04/02 14:29:22	"GET /uv2582fip2582inf210/project_evaluation.html HTTP/1.1"
2519	2025/04/02 22:09:01	"GET /uv2582fip2582inf210/project_specifications.html HTTP/1.1"
2519	2025/02/20 18:25:15	"GET /uv2582fip2582inf210/technical_environment_home.html HTTP/1.1"
2519	2025/02/20 18:25:24	"GET /uv2582fip2582inf210/documentation_programming.html HTTP/1.1"
2519	2025/02/20 18:25:36	"GET /uv2582fip2582inf210/practice_docker.html HTTP/1.1"
2519	2025/02/20 19:24:17	"GET /uv2582fip2582inf210/index.html HTTP/1.1"
2519	2025/02/20 21:22:44	"GET /uv2582fip2582inf210/data_home.html HTTP/1.1"
2519	2025/02/20 21:23:19	"GET /uv2582fip2582inf210/activity_normalization.html HTTP/1.1"
2519	2025/02/20 21:25:05	"GET /uv2582fip2582inf210/lecture_normalization.html HTTP/1.1"
2519	2025/04/11 11:14:17	"GET /uv2582fip2582inf210/index.html HTTP/1.1"
2519	2025/02/21 14:12:10	"GET /uv2582fip2582inf210/activity_conceptual_modeling.html HTTP/1.1"
2519	2025/02/21 14:12:13	"GET /uv2582fip2582inf210/lecture_conceptual_modeling.html HTTP/1.1"
2519	2025/02/21 14:12:19	"GET /uv2582fip2582inf210/lecture_modeling_normalization.html HTTP/1.1"
2519	2025/04/03 16:23:28	"GET /uv2582fip2582inf210/project_task_time.html HTTP/1.1"
2519	2025/04/03 20:43:00	"GET /uv2582fip2582inf210/project_presentation.html HTTP/1.1"
2519	2025/04/03 21:07:52	"GET /uv2582fip2582inf210/project_part1.html HTTP/1.1"
2519	2025/04/03 21:10:18	"GET /uv2582fip2582inf210/project_part2.html HTTP/1.1"
2519	2025/04/03 21:24:59	"GET /uv2582fip2582inf210/project_task_time.html HTTP/1.1"
2519	2025/03/25 12:12:34	"GET /uv2582fip2582inf210/project_presentation.html HTTP/1.1"
2519	2025/03/25 12:15:07	"GET /uv2582fip2582inf210/lecture_conceptual_modeling.html HTTP/1.1"
2519	2025/02/26 09:50:57	"GET /uv2582fip2582inf210/index.html HTTP/1.1"
2519	2025/02/26 09:51:02	"GET /uv2582fip2582inf210/project_presentation.html HTTP/1.1"
2519	2025/02/26 09:51:20	"GET /uv2582fip2582inf210/project_task_time.html HTTP/1.1"
2519	2025/02/26 09:51:25	"GET /uv2582fip2582inf210/project_specifications.html HTTP/1.1"
2519	2025/02/26 14:44:49	"GET /uv2582fip2582inf210/project_part1.html HTTP/1.1"
2519	2025/02/26 15:09:48	"GET /uv2582fip2582inf210/index.html HTTP/1.1"
2519	2025/02/26 15:09:51	"GET /uv2582fip2582inf210/web_architecture_home.html HTTP/1.1"
2519	2025/02/26 15:09:55	"GET /uv2582fip2582inf210/data_home.html HTTP/1.1"
2519	2025/02/26 15:10:02	"GET /uv2582fip2582inf210/lecture_normalization.html HTTP/1.1"
2519	2025/02/26 15:19:24	"GET /uv2582fip2582inf210/project_presentation.html HTTP/1.1"
2519	2025/04/01 10:56:13	"GET /uv2582fip2582inf210/project_presentation.html HTTP/1.1"
2519	2025/04/01 10:56:29	"GET /uv2582fip2582inf210/project_specifications.html HTTP/1.1"
2519	2025/02/24 14:10:36	"GET /uv2582fip2582inf210/project_home.html HTTP/1.1"
2519	2025/02/24 14:10:43	"GET /uv2582fip2582inf210/index.html HTTP/1.1"
2519	2025/02/24 14:10:47	"GET /uv2582fip2582inf210/data_home.html HTTP/1.1"
2519	2025/02/24 14:57:27	"GET /uv2582fip2582inf210/practice_sql.html HTTP/1.1"
2519	2025/02/24 14:59:12	"GET /uv2582fip2582inf210/practice_advanced_sql.html HTTP/1.1"
2519	2025/02/24 14:59:54	"GET /uv2582fip2582inf210/lecture_relational_algebra.html HTTP/1.1"
2519	2025/03/20 17:18:59	"GET /uv2582fip2582inf210/project_presentation.html HTTP/1.1"
2519	2025/03/21 09:51:36	"GET /uv2582fip2582inf210/project_part3.html HTTP/1.1"
2519	2025/03/21 09:52:43	"GET /uv2582fip2582inf210/project_specifications.html HTTP/1.1"
2519	2025/02/25 16:51:35	"GET /uv2582fip2582inf210/index.html HTTP/1.1"
2519	2025/02/25 16:51:45	"GET /uv2582fip2582inf210/licence.html HTTP/1.1"
2519	2025/03/07 14:25:22	"GET /uv2582fip2582inf210/project_presentation.html HTTP/1.1"
2519	2025/03/07 14:25:25	"GET /uv2582fip2582inf210/project_part2.html HTTP/1.1"
2519	2025/02/19 14:09:31	"GET /uv2582fip2582inf210/web_architecture_home.html HTTP/1.1"
2519	2025/02/19 14:10:29	"GET /uv2582fip2582inf210/images/prerequisite_archiweb/prerequisite_archiweb_2025.html HTTP/1.1"
2519	2025/02/19 14:18:27	"GET /uv2582fip2582inf210/practice_spring_2tiers.html HTTP/1.1"
2519	2025/02/03 14:14:48	"GET /uv2582fip2582inf210/lecture_conceptual_modeling.html HTTP/1.1"
2519	2025/02/03 14:16:18	"GET /uv2582fip2582inf210/lecture_normalization.html HTTP/1.1"
2519	2025/02/03 14:16:33	"GET /uv2582fip2582inf210/index.html HTTP/1.1"
2519	2025/02/03 14:42:40	"GET /uv2582fip2582inf210/activity_normalization.html HTTP/1.1"
2519	2025/02/03 14:44:28	"GET /uv2582fip2582inf210/activity_normalization_correction.html HTTP/1.1"
2519	2025/02/03 15:15:45	"GET /uv2582fip2582inf210/lecture_transaction.html HTTP/1.1"
2519	2025/02/03 16:01:02	"GET /uv2582fip2582inf210/practice_transaction.html HTTP/1.1"
2519	2025/02/03 16:04:28	"GET /uv2582fip2582inf210/documentation_rdbms.html HTTP/1.1"
2519	2025/02/03 16:05:12	"GET /uv2582fip2582inf210/practice_postgresql.html HTTP/1.1"
2519	2025/02/03 16:24:28	"GET /uv2582fip2582inf210/practice_transaction_correction.html HTTP/1.1"
2519	2025/02/03 23:08:56	"GET /uv2582fip2582inf210/index.html HTTP/1.1"
2519	2025/01/24 09:49:17	"GET /uv2582fip2582inf210/PresentationUVINF210/pres.html HTTP/1.1"
2519	2025/01/24 09:49:36	"GET /uv2582fip2582inf210/licence.html HTTP/1.1"
2519	2025/01/24 09:51:15	"GET /uv2582fip2582inf210/technical_environment_home.html HTTP/1.1"
2519	2025/01/24 10:08:36	"GET /uv2582fip2582inf210/documentation_docker.html HTTP/1.1"
2519	2025/01/24 10:39:55	"GET /uv2582fip2582inf210/practice_docker.html HTTP/1.1"
2519	2025/01/31 14:23:47	"GET /uv2582fip2582inf210/lecture_conceptual_modeling.html HTTP/1.1"
2519	2025/01/31 14:29:37	"GET /uv2582fip2582inf210/activity_conceptual_modeling.html HTTP/1.1"
2519	2025/01/31 15:59:11	"GET /uv2582fip2582inf210/activity_conceptual_modeling_correction.html HTTP/1.1"
2519	2025/01/30 09:53:44	"GET /uv2582fip2582inf210/lecture_technical_architecture.html HTTP/1.1"
2519	2025/01/30 09:53:57	"GET /uv2582fip2582inf210/lecture_dto.html HTTP/1.1"
2519	2025/01/30 09:54:01	"GET /uv2582fip2582inf210/index.html HTTP/1.1"
2519	2025/01/30 09:54:08	"GET /uv2582fip2582inf210/data_home.html HTTP/1.1"
2519	2025/01/30 09:57:34	"GET /uv2582fip2582inf210/lecture_relational_model.html HTTP/1.1"
2519	2025/01/30 10:02:00	"GET /uv2582fip2582inf210/lecture_modeling_normalization.html HTTP/1.1"
2519	2025/01/30 10:04:05	"GET /uv2582fip2582inf210/lecture_db_tools.html HTTP/1.1"
2519	2025/01/30 10:07:38	"GET /uv2582fip2582inf210/lecture_db_integrity.html HTTP/1.1"
2519	2025/01/30 10:23:13	"GET /uv2582fip2582inf210/lecture_relational_algebra.html HTTP/1.1"
2519	2025/01/30 10:27:30	"GET /uv2582fip2582inf210/activity_relational_model.html HTTP/1.1"
2519	2025/02/02 13:52:29	"GET /uv2582fip2582inf210/technical_environment_home.html HTTP/1.1"
2519	2025/02/02 13:53:19	"GET /uv2582fip2582inf210/data_home.html HTTP/1.1"
2519	2025/02/02 13:54:16	"GET /uv2582fip2582inf210/web_architecture_home.html HTTP/1.1"
2519	2025/02/02 13:58:01	"GET /uv2582fip2582inf210/documentation_docker.html HTTP/1.1"
2519	2025/02/02 14:13:56	"GET /uv2582fip2582inf210/practice_docker.html HTTP/1.1"
2519	2025/02/02 14:36:17	"GET /uv2582fip2582inf210/practice_postgresql.html HTTP/1.1"
2519	2025/02/02 20:09:12	"GET /uv2582fip2582inf210/technical_environment_home.html HTTP/1.1"
2519	2025/02/02 20:09:24	"GET /uv2582fip2582inf210/practice_postgresql.html HTTP/1.1"
2519	2025/02/02 20:10:09	"GET /uv2582fip2582inf210/practice_docker.html HTTP/1.1"
2519	2025/02/02 20:31:03	"GET /uv2582fip2582inf210/documentation_programming.html HTTP/1.1"
2519	2025/03/06 08:19:03	"GET /uv2582fip2582inf210/project_presentation.html HTTP/1.1"
2519	2025/03/06 08:19:08	"GET /uv2582fip2582inf210/project_part2.html HTTP/1.1"
2519	2025/02/05 14:09:52	"GET /uv2582fip2582inf210/data_home.html HTTP/1.1"
2519	2025/02/05 14:09:59	"GET /uv2582fip2582inf210/practice_transaction.html HTTP/1.1"
2519	2025/02/05 14:24:34	"GET /uv2582fip2582inf210/documentation_rdbms.html HTTP/1.1"
2519	2025/02/05 14:24:39	"GET /uv2582fip2582inf210/practice_postgresql.html HTTP/1.1"
2519	2025/02/05 14:29:11	"GET /uv2582fip2582inf210/practice_transaction_correction.html HTTP/1.1"
2519	2025/02/05 14:29:57	"GET /uv2582fip2582inf210/practice_sql.html HTTP/1.1"
2519	2025/02/05 14:30:23	"GET /uv2582fip2582inf210/practice_advanced_sql.html HTTP/1.1"
2519	2025/02/05 14:30:31	"GET /uv2582fip2582inf210/activity_sql.html HTTP/1.1"
2519	2025/02/05 14:32:12	"GET /uv2582fip2582inf210/practice_indexation.html HTTP/1.1"
2519	2025/02/05 14:47:16	"GET /uv2582fip2582inf210/index.html HTTP/1.1"
2519	2025/02/05 14:47:22	"GET /uv2582fip2582inf210/web_architecture_home.html HTTP/1.1"
2519	2025/02/05 14:59:50	"GET /uv2582fip2582inf210/lecture_dto.html HTTP/1.1"
2519	2025/02/05 15:00:06	"GET /uv2582fip2582inf210/lecture_technical_architecture.html HTTP/1.1"
2519	2025/02/05 15:45:30	"GET /uv2582fip2582inf210/lecture_software_architecture.html HTTP/1.1"
2519	2025/02/05 15:59:01	"GET /uv2582fip2582inf210/lecture_mvc_spring.html HTTP/1.1"
2519	2025/02/05 16:09:05	"GET /uv2582fip2582inf210/lecture_jpa.html HTTP/1.1"
2519	2025/02/10 14:13:11	"GET /uv2582fip2582inf210/web_architecture_home.html HTTP/1.1"
2519	2025/02/10 14:16:55	"GET /uv2582fip2582inf210/lecture_software_architecture.html HTTP/1.1"
2519	2025/02/10 14:17:03	"GET /uv2582fip2582inf210/lecture_dto.html HTTP/1.1"
2519	2025/02/10 14:17:42	"GET /uv2582fip2582inf210/lecture_mvc_spring.html HTTP/1.1"
2519	2025/02/10 15:52:18	"GET /uv2582fip2582inf210/lecture_jpa.html HTTP/1.1"
2519	2025/02/10 15:52:48	"GET /uv2582fip2582inf210/index.html HTTP/1.1"
2519	2025/02/10 15:53:38	"GET /uv2582fip2582inf210/practice_spring_2tiers.html HTTP/1.1"
2519	2025/02/10 15:59:02	"GET /uv2582fip2582inf210/lecture_xml.html HTTP/1.1"
2519	2025/02/10 16:38:26	"GET /uv2582fip2582inf210/practice_json.html HTTP/1.1"
2519	2025/03/19 10:48:40	"GET /uv2582fip2582inf210/project_specifications.html HTTP/1.1"
2519	2025/03/11 21:28:05	"GET /uv2582fip2582inf210/project_presentation.html HTTP/1.1"
2519	2025/03/11 21:28:08	"GET /uv2582fip2582inf210/project_part2.html HTTP/1.1"
2519	2025/03/11 22:02:28	"GET /uv2582fip2582inf210/project_part3.html HTTP/1.1"
2519	2025/03/03 11:09:05	"GET /uv2582fip2582inf210/project_presentation.html HTTP/1.1"
2519	2025/03/03 11:09:06	"GET /uv2582fip2582inf210/project_presentation.html HTTP/1.1"
2519	2025/03/03 11:11:31	"GET /uv2582fip2582inf210/project_part1.html HTTP/1.1"
2519	2025/03/03 11:22:26	"GET /uv2582fip2582inf210/project_specifications.html HTTP/1.1"
2519	2025/03/03 11:42:15	"GET /uv2582fip2582inf210/project_specifications.html HTTP/1.1"
2519	2025/03/03 11:52:40	"GET /uv2582fip2582inf210/project_part2.html HTTP/1.1"
2519	2025/03/03 14:18:24	"GET /uv2582fip2582inf210/web_architecture_home.html HTTP/1.1"
2519	2025/03/03 14:18:27	"GET /uv2582fip2582inf210/index.html HTTP/1.1"
2519	2025/03/03 14:18:42	"GET /uv2582fip2582inf210/project_presentation.html HTTP/1.1"
2519	2025/03/03 14:18:47	"GET /uv2582fip2582inf210/project_part2.html HTTP/1.1"
2519	2025/03/16 12:42:49	"GET /uv2582fip2582inf210/project_presentation.html HTTP/1.1"
2519	2025/03/16 12:43:28	"GET /uv2582fip2582inf210/project_structureui.html HTTP/1.1"
2519	2025/03/16 12:43:30	"GET /uv2582fip2582inf210/project_part3.html HTTP/1.1"
2519	2025/03/16 13:06:31	"GET /uv2582fip2582inf210/project_specifications.html HTTP/1.1"
2519	2025/01/29 14:13:25	"GET /uv2582fip2582inf210/web_architecture_home.html HTTP/1.1"
2519	2025/01/29 14:13:56	"GET /uv2582fip2582inf210/technical_environment_home.html HTTP/1.1"
2519	2025/01/29 14:13:58	"GET /uv2582fip2582inf210/documentation_docker.html HTTP/1.1"
2519	2025/01/29 14:13:59	"GET /uv2582fip2582inf210/practice_docker.html HTTP/1.1"
2519	2025/01/29 15:11:06	"GET /uv2582fip2582inf210/practice_postgresql.html HTTP/1.1"
2519	2025/03/05 09:58:05	"GET /uv2582fip2582inf210/project_presentation.html HTTP/1.1"
2519	2025/03/05 09:58:07	"GET /uv2582fip2582inf210/project_part2.html HTTP/1.1"
2519	2025/03/18 22:38:29	"GET /uv2582fip2582inf210/project_presentation.html HTTP/1.1"
2519	2025/03/18 22:38:34	"GET /uv2582fip2582inf210/project_part3.html HTTP/1.1"
