252	2025/02/27 21:39:57	"GET /uv2582fip2582inf210/project_presentation.html HTTP/1.1"
252	2025/02/27 21:40:01	"GET /uv2582fip2582inf210/project_part1.html HTTP/1.1"
252	2025/02/27 21:40:13	"GET /uv2582fip2582inf210/project_specifications.html HTTP/1.1"
252	2025/08/24 23:49:56	"GET /uv2582fip2582inf210/project_part2.html HTTP/1.1"
252	2025/08/24 23:50:01	"GET /uv2582fip2582inf210/project_structureui.html HTTP/1.1"
252	2025/02/28 14:16:16	"GET /uv2582fip2582inf210/project_presentation.html HTTP/1.1"
252	2025/02/28 14:16:23	"GET /uv2582fip2582inf210/project_part1.html HTTP/1.1"
252	2025/02/28 14:16:48	"GET /uv2582fip2582inf210/project_evaluation.html HTTP/1.1"
252	2025/02/28 14:16:58	"GET /uv2582fip2582inf210/project_specifications.html HTTP/1.1"
252	2025/02/28 14:16:59	"GET /uv2582fip2582inf210/project_task_time.html HTTP/1.1"
252	2025/02/28 14:21:29	"GET /uv2582fip2582inf210/practice_spring_2tiers.html HTTP/1.1"
252	2025/02/28 14:21:29	"GET /uv2582fip2582inf210/activity_conceptual_modeling.html HTTP/1.1"
252	2025/02/28 21:06:53	"GET /uv2582fip2582inf210/project_evaluation.html HTTP/1.1"
252	2025/02/28 21:13:54	"GET /uv2582fip2582inf210/project_presentation.html HTTP/1.1"
252	2025/02/28 21:14:51	"GET /uv2582fip2582inf210/project_task_time.html HTTP/1.1"
252	2025/02/28 21:29:16	"GET /uv2582fip2582inf210/project_specifications.html HTTP/1.1"
252	2025/04/04 20:15:20	"GET /uv2582fip2582inf210/technical_environment_home.html HTTP/1.1"
252	2025/04/04 20:15:22	"GET /uv2582fip2582inf210/index.html HTTP/1.1"
252	2025/04/04 20:15:25	"GET /uv2582fip2582inf210/project_presentation.html HTTP/1.1"
252	2025/04/04 20:15:34	"GET /uv2582fip2582inf210/project_evaluation.html HTTP/1.1"
252	2025/04/04 22:41:05	"GET /uv2582fip2582inf210/project_part3.html HTTP/1.1"
252	2025/02/21 03:53:57	"GET /uv2582fip2582inf210/project_home.html HTTP/1.1"
252	2025/02/21 03:54:00	"GET /uv2582fip2582inf210/index.html HTTP/1.1"
252	2025/02/21 08:26:06	"GET /uv2582fip2582inf210/data_home.html HTTP/1.1"
252	2025/02/21 08:26:15	"GET /uv2582fip2582inf210/lecture_conceptual_modeling.html HTTP/1.1"
252	2025/02/21 08:26:29	"GET /uv2582fip2582inf210/activity_conceptual_modeling.html HTTP/1.1"
252	2025/02/21 11:50:33	"GET /uv2582fip2582inf210/lecture_normalization.html HTTP/1.1"
252	2025/02/21 13:56:45	"GET /uv2582fip2582inf210/practice_spring_2tiers.html HTTP/1.1"
252	2025/02/21 14:56:43	"GET /uv2582fip2582inf210/web_architecture_home.html HTTP/1.1"
252	2025/02/26 09:56:15	"GET /uv2582fip2582inf210/project_presentation.html HTTP/1.1"
252	2025/02/26 09:57:16	"GET /uv2582fip2582inf210/project_specifications.html HTTP/1.1"
252	2025/02/26 09:57:22	"GET /uv2582fip2582inf210/project_part1.html HTTP/1.1"
252	2025/02/26 09:59:38	"GET /uv2582fip2582inf210/project_evaluation.html HTTP/1.1"
252	2025/02/26 10:00:16	"GET /uv2582fip2582inf210/project_task_time.html HTTP/1.1"
252	2025/02/26 10:04:21	"GET /uv2582fip2582inf210/index.html HTTP/1.1"
252	2025/04/01 19:06:03	"GET /uv2582fip2582inf210/project_presentation.html HTTP/1.1"
252	2025/04/01 19:06:11	"GET /uv2582fip2582inf210/project_part3.html HTTP/1.1"
252	2025/04/01 22:38:27	"GET /uv2582fip2582inf210/project_part3.html HTTP/1.1"
252	2025/04/01 22:38:45	"GET /uv2582fip2582inf210/project_part2.html HTTP/1.1"
252	2025/02/24 14:07:51	"GET /uv2582fip2582inf210/web_architecture_home.html HTTP/1.1"
252	2025/02/24 14:07:57	"GET /uv2582fip2582inf210/practice_spring_2tiers_ext.html HTTP/1.1"
252	2025/02/24 14:59:39	"GET /uv2582fip2582inf210/practice_spring_2tiers.html HTTP/1.1"
252	2025/02/24 15:08:22	"GET /uv2582fip2582inf210/lecture_dto.html HTTP/1.1"
252	2025/08/27 09:11:38	"GET /uv2582fip2582inf210/technical_environment_home.html HTTP/1.1"
252	2025/08/27 09:11:50	"GET /uv2582fip2582inf210/index.html HTTP/1.1"
252	2025/08/27 09:11:54	"GET /uv2582fip2582inf210/web_architecture_home.html HTTP/1.1"
252	2025/08/27 09:11:58	"GET /uv2582fip2582inf210/lecture_technical_architecture.html HTTP/1.1"
252	2025/08/27 09:12:03	"GET /uv2582fip2582inf210/lecture_software_architecture.html HTTP/1.1"
252	2025/04/07 23:28:47	"GET /uv2582fip2582inf210/project_presentation.html HTTP/1.1"
252	2025/03/07 08:13:06	"GET /uv2582fip2582inf210/project_presentation.html HTTP/1.1"
252	2025/03/07 08:13:20	"GET /uv2582fip2582inf210/project_specifications.html HTTP/1.1"
252	2025/02/19 14:30:22	"GET /uv2582fip2582inf210/web_architecture_home.html HTTP/1.1"
252	2025/02/19 14:30:27	"GET /uv2582fip2582inf210/practice_spring_2tiers.html HTTP/1.1"
252	2025/02/03 09:38:16	"GET /uv2582fip2582inf210/lecture_normalization.html HTTP/1.1"
252	2025/02/03 09:47:43	"GET /uv2582fip2582inf210/technical_environment_home.html HTTP/1.1"
252	2025/02/03 09:48:02	"GET /uv2582fip2582inf210/lecture_technical_architecture.html HTTP/1.1"
252	2025/02/03 09:48:03	"GET /uv2582fip2582inf210/lecture_software_architecture.html HTTP/1.1"
252	2025/02/16 10:32:59	"GET /uv2582fip2582inf210/web_architecture_home.html HTTP/1.1"
252	2025/02/16 10:43:52	"GET /uv2582fip2582inf210/practice_jpa_advanced.html HTTP/1.1"
252	2025/02/16 10:44:20	"GET /uv2582fip2582inf210/practice_spring_2tiers.html HTTP/1.1"
252	2025/02/16 10:46:15	"GET /uv2582fip2582inf210/data_home.html HTTP/1.1"
252	2025/02/16 12:09:12	"GET /uv2582fip2582inf210/practice_spring_2tiers_ext.html HTTP/1.1"
252	2025/02/16 12:09:12	"GET /uv2582fip2582inf210/PresentationUVINF210/pres.html HTTP/1.1"
252	2025/01/24 09:50:34	"GET /uv2582fip2582inf210/PresentationUVINF210/pres.html HTTP/1.1"
252	2025/01/24 09:52:05	"GET /uv2582fip2582inf210/technical_environment_home.html HTTP/1.1"
252	2025/01/24 09:55:33	"GET /uv2582fip2582inf210/technical_environment_home.html HTTP/1.1"
252	2025/01/24 10:04:14	"GET /uv2582fip2582inf210/documentation_docker.html HTTP/1.1"
252	2025/01/24 10:04:23	"GET /uv2582fip2582inf210/practice_docker.html HTTP/1.1"
252	2025/01/24 10:06:13	"GET /uv2582fip2582inf210/images/prerequisite_techenv/prerequisite_techenv_2025.html HTTP/1.1"
252	2025/01/24 10:06:42	"GET /uv2582fip2582inf210/index.html HTTP/1.1"
252	2025/01/31 14:03:12	"GET /uv2582fip2582inf210/practice_spring.html HTTP/1.1"
252	2025/01/31 14:19:44	"GET /uv2582fip2582inf210/documentation_programming.html HTTP/1.1"
252	2025/01/31 14:20:37	"GET /uv2582fip2582inf210/index.html HTTP/1.1"
252	2025/01/31 14:20:47	"GET /uv2582fip2582inf210/web_architecture_home.html HTTP/1.1"
252	2025/01/31 14:20:54	"GET /uv2582fip2582inf210/lecture_technical_architecture.html HTTP/1.1"
252	2025/01/31 14:21:03	"GET /uv2582fip2582inf210/lecture_software_architecture.html HTTP/1.1"
252	2025/01/31 14:21:11	"GET /uv2582fip2582inf210/lecture_dto.html HTTP/1.1"
252	2025/01/31 14:21:40	"GET /uv2582fip2582inf210/practice_jpa.html HTTP/1.1"
252	2025/01/31 14:22:13	"GET /uv2582fip2582inf210/practice_spring_2tiers.html HTTP/1.1"
252	2025/01/31 14:34:11	"GET /uv2582fip2582inf210/lecture_jpa.html HTTP/1.1"
252	2025/01/31 14:45:04	"GET /uv2582fip2582inf210/lecture_mvc_spring.html HTTP/1.1"
252	2025/03/08 15:52:35	"GET /uv2582fip2582inf210/index.html HTTP/1.1"
252	2025/03/08 15:52:38	"GET /uv2582fip2582inf210/web_architecture_home.html HTTP/1.1"
252	2025/03/08 15:52:53	"GET /uv2582fip2582inf210/lecture_jpa.html HTTP/1.1"
252	2025/03/08 15:53:10	"GET /uv2582fip2582inf210/practice_spring_2tiers_ext.html HTTP/1.1"
252	2025/03/08 15:53:31	"GET /uv2582fip2582inf210/lecture_mvc_spring.html HTTP/1.1"
252	2025/03/08 16:04:07	"GET /uv2582fip2582inf210/practice_jpa.html HTTP/1.1"
252	2025/03/08 16:08:01	"GET /uv2582fip2582inf210/practice_jpa_advanced.html HTTP/1.1"
252	2025/03/08 16:10:14	"GET /uv2582fip2582inf210/practice_spring_2tiers.html HTTP/1.1"
252	2025/03/08 16:14:47	"GET /uv2582fip2582inf210/lecture_xml.html HTTP/1.1"
252	2025/03/08 16:15:12	"GET /uv2582fip2582inf210/practice_xml.html HTTP/1.1"
252	2025/03/08 16:16:58	"GET /uv2582fip2582inf210/lecture_json.html HTTP/1.1"
252	2025/03/08 16:19:13	"GET /uv2582fip2582inf210/practice_json.html HTTP/1.1"
252	2025/03/08 16:21:38	"GET /uv2582fip2582inf210/project_part2.html HTTP/1.1"
252	2025/01/30 09:56:32	"GET /uv2582fip2582inf210/data_home.html HTTP/1.1"
252	2025/01/30 09:57:33	"GET /uv2582fip2582inf210/lecture_relational_model.html HTTP/1.1"
252	2025/01/30 10:11:36	"GET /uv2582fip2582inf210/index.html HTTP/1.1"
252	2025/01/30 10:11:39	"GET /uv2582fip2582inf210/technical_environment_home.html HTTP/1.1"
252	2025/01/30 10:11:45	"GET /uv2582fip2582inf210/practice_postgresql.html HTTP/1.1"
252	2025/02/17 08:08:21	"GET /uv2582fip2582inf210/index.html HTTP/1.1"
252	2025/02/17 08:08:26	"GET /uv2582fip2582inf210/data_home.html HTTP/1.1"
252	2025/02/17 08:08:42	"GET /uv2582fip2582inf210/lecture_relational_model.html HTTP/1.1"
252	2025/02/17 08:08:56	"GET /uv2582fip2582inf210/lecture_db_integrity.html HTTP/1.1"
252	2025/02/17 08:09:07	"GET /uv2582fip2582inf210/activity_relational_model.html HTTP/1.1"
252	2025/02/17 08:10:52	"GET /uv2582fip2582inf210/lecture_modeling_normalization.html HTTP/1.1"
252	2025/02/17 08:11:11	"GET /uv2582fip2582inf210/lecture_conceptual_modeling.html HTTP/1.1"
252	2025/02/17 08:11:42	"GET /uv2582fip2582inf210/activity_conceptual_modeling.html HTTP/1.1"
252	2025/02/17 08:11:56	"GET /uv2582fip2582inf210/lecture_normalization.html HTTP/1.1"
252	2025/02/17 08:12:12	"GET /uv2582fip2582inf210/activity_normalization.html HTTP/1.1"
252	2025/02/17 13:31:42	"GET /uv2582fip2582inf210/index.html HTTP/1.1"
252	2025/02/17 14:16:33	"GET /uv2582fip2582inf210/lecture_conceptual_modeling.html HTTP/1.1"
252	2025/02/17 15:08:06	"GET /uv2582fip2582inf210/lecture_modeling_normalization.html HTTP/1.1"
252	2025/02/17 15:08:53	"GET /uv2582fip2582inf210/lecture_normalization.html HTTP/1.1"
252	2025/02/17 15:08:58	"GET /uv2582fip2582inf210/activity_decomposition.html HTTP/1.1"
252	2025/02/17 15:09:22	"GET /uv2582fip2582inf210/activity_conceptual_modeling.html HTTP/1.1"
252	2025/02/02 09:10:35	"GET /uv2582fip2582inf210/web_architecture_home.html HTTP/1.1"
252	2025/02/02 09:19:51	"GET /uv2582fip2582inf210/index.html HTTP/1.1"
252	2025/02/02 09:19:54	"GET /uv2582fip2582inf210/technical_environment_home.html HTTP/1.1"
252	2025/02/02 09:20:02	"GET /uv2582fip2582inf210/documentation_docker.html HTTP/1.1"
252	2025/02/02 09:20:08	"GET /uv2582fip2582inf210/practice_docker.html HTTP/1.1"
252	2025/02/02 09:20:13	"GET /uv2582fip2582inf210/practice_docker_advanced.html HTTP/1.1"
252	2025/02/02 09:20:21	"GET /uv2582fip2582inf210/documentation_rdbms.html HTTP/1.1"
252	2025/02/02 09:20:26	"GET /uv2582fip2582inf210/practice_postgresql.html HTTP/1.1"
252	2025/02/02 09:20:31	"GET /uv2582fip2582inf210/documentation_programming.html HTTP/1.1"
252	2025/02/02 09:20:34	"GET /uv2582fip2582inf210/inversion_of_control.html HTTP/1.1"
252	2025/02/02 09:20:44	"GET /uv2582fip2582inf210/spring_bean.html HTTP/1.1"
252	2025/02/02 09:20:48	"GET /uv2582fip2582inf210/practice_spring.html HTTP/1.1"
252	2025/02/02 09:21:01	"GET /uv2582fip2582inf210/lecture_technical_architecture.html HTTP/1.1"
252	2025/02/02 11:01:05	"GET /uv2582fip2582inf210/PresentationUVINF210/pres.html HTTP/1.1"
252	2025/02/02 11:25:40	"GET /uv2582fip2582inf210/practice_jpa.html HTTP/1.1"
252	2025/02/02 11:26:21	"GET /uv2582fip2582inf210/practice_jpa_advanced.html HTTP/1.1"
252	2025/02/02 11:26:28	"GET /uv2582fip2582inf210/practice_spring_2tiers.html HTTP/1.1"
252	2025/02/02 11:26:49	"GET /uv2582fip2582inf210/practice_spring_2tiers_ext.html HTTP/1.1"
252	2025/02/02 11:28:13	"GET /uv2582fip2582inf210/data_home.html HTTP/1.1"
252	2025/02/02 12:07:38	"GET /uv2582fip2582inf210/lecture_jpa.html HTTP/1.1"
252	2025/02/02 12:09:10	"GET /uv2582fip2582inf210/lecture_transaction.html HTTP/1.1"
252	2025/02/02 12:09:35	"GET /uv2582fip2582inf210/practice_transaction.html HTTP/1.1"
252	2025/02/02 12:13:06	"GET /uv2582fip2582inf210/lecture_xml.html HTTP/1.1"
252	2025/02/02 12:13:22	"GET /uv2582fip2582inf210/lecture_validity.html HTTP/1.1"
252	2025/02/02 12:13:35	"GET /uv2582fip2582inf210/lecture_xpath.html HTTP/1.1"
252	2025/02/02 12:13:45	"GET /uv2582fip2582inf210/lecture_parser.html HTTP/1.1"
252	2025/02/02 12:13:52	"GET /uv2582fip2582inf210/lecture_jaxb.html HTTP/1.1"
252	2025/02/02 12:14:04	"GET /uv2582fip2582inf210/practice_xml.html HTTP/1.1"
252	2025/02/02 12:14:13	"GET /uv2582fip2582inf210/practice_schema_xml.html HTTP/1.1"
252	2025/02/02 12:14:17	"GET /uv2582fip2582inf210/practice_xpath.html HTTP/1.1"
252	2025/02/02 12:14:24	"GET /uv2582fip2582inf210/practice_apis.html HTTP/1.1"
252	2025/02/02 12:14:28	"GET /uv2582fip2582inf210/lecture_json.html HTTP/1.1"
252	2025/02/02 12:14:47	"GET /uv2582fip2582inf210/practice_json.html HTTP/1.1"
252	2025/02/02 12:14:57	"GET /uv2582fip2582inf210/lecture_relational_model.html HTTP/1.1"
252	2025/02/02 12:15:28	"GET /uv2582fip2582inf210/lecture_db_integrity.html HTTP/1.1"
252	2025/02/02 12:15:37	"GET /uv2582fip2582inf210/lecture_relational_algebra.html HTTP/1.1"
252	2025/02/02 12:16:12	"GET /uv2582fip2582inf210/activity_relational_model.html HTTP/1.1"
252	2025/02/02 12:16:25	"GET /uv2582fip2582inf210/lecture_modeling_normalization.html HTTP/1.1"
252	2025/02/02 12:16:36	"GET /uv2582fip2582inf210/activity_conceptual_modeling.html HTTP/1.1"
252	2025/02/02 12:16:36	"GET /uv2582fip2582inf210/lecture_conceptual_modeling.html HTTP/1.1"
252	2025/02/02 12:16:56	"GET /uv2582fip2582inf210/lecture_normalization.html HTTP/1.1"
252	2025/03/14 15:17:54	"GET /uv2582fip2582inf210/project_presentation.html HTTP/1.1"
252	2025/03/14 15:17:57	"GET /uv2582fip2582inf210/project_part2.html HTTP/1.1"
252	2025/03/14 23:57:39	"GET /uv2582fip2582inf210/project_evaluation.html HTTP/1.1"
252	2025/02/18 21:02:07	"GET /uv2582fip2582inf210/project_home.html HTTP/1.1"
252	2025/03/13 18:35:53	"GET /uv2582fip2582inf210/project_presentation.html HTTP/1.1"
252	2025/03/13 18:36:02	"GET /uv2582fip2582inf210/project_part2.html HTTP/1.1"
252	2025/03/13 21:04:52	"GET /uv2582fip2582inf210/project_part3.html HTTP/1.1"
252	2025/03/13 21:07:27	"GET /uv2582fip2582inf210/project_specifications.html HTTP/1.1"
252	2025/03/06 21:22:23	"GET /uv2582fip2582inf210/project_presentation.html HTTP/1.1"
252	2025/03/06 22:03:02	"GET /uv2582fip2582inf210/project_part2.html HTTP/1.1"
252	2025/02/10 13:37:56	"GET /uv2582fip2582inf210/web_architecture_home.html HTTP/1.1"
252	2025/02/10 13:38:00	"GET /uv2582fip2582inf210/practice_spring_2tiers.html HTTP/1.1"
252	2025/02/10 16:11:49	"GET /uv2582fip2582inf210/index.html HTTP/1.1"
252	2025/02/10 16:11:52	"GET /uv2582fip2582inf210/data_home.html HTTP/1.1"
252	2025/02/10 16:12:17	"GET /uv2582fip2582inf210/practice_sql.html HTTP/1.1"
252	2025/02/10 16:12:24	"GET /uv2582fip2582inf210/practice_advanced_sql.html HTTP/1.1"
252	2025/02/10 16:12:43	"GET /uv2582fip2582inf210/technical_environment_home.html HTTP/1.1"
252	2025/02/10 16:12:48	"GET /uv2582fip2582inf210/practice_postgresql.html HTTP/1.1"
252	2025/02/10 16:12:49	"GET /uv2582fip2582inf210/documentation_rdbms.html HTTP/1.1"
252	2025/03/19 13:50:01	"GET /uv2582fip2582inf210/project_evaluation.html HTTP/1.1"
252	2025/03/19 14:15:57	"GET /uv2582fip2582inf210/project_part3.html HTTP/1.1"
252	2025/03/19 14:18:19	"GET /uv2582fip2582inf210/project_structureui.html HTTP/1.1"
252	2025/02/12 09:47:39	"GET /uv2582fip2582inf210/PresentationUVINF210/pres.html HTTP/1.1"
252	2025/02/12 09:48:09	"GET /uv2582fip2582inf210/web_architecture_home.html HTTP/1.1"
252	2025/02/12 09:48:45	"GET /uv2582fip2582inf210/index.html HTTP/1.1"
252	2025/02/12 09:48:54	"GET /uv2582fip2582inf210/data_home.html HTTP/1.1"
252	2025/02/12 09:59:18	"GET /uv2582fip2582inf210/web_architecture_home.html HTTP/1.1"
252	2025/02/12 10:01:13	"GET /uv2582fip2582inf210/lecture_relational_model.html HTTP/1.1"
252	2025/02/12 10:01:18	"GET /uv2582fip2582inf210/lecture_db_integrity.html HTTP/1.1"
252	2025/02/12 10:01:24	"GET /uv2582fip2582inf210/lecture_relational_algebra.html HTTP/1.1"
252	2025/02/12 10:01:26	"GET /uv2582fip2582inf210/activity_relational_model.html HTTP/1.1"
252	2025/02/12 10:17:58	"GET /uv2582fip2582inf210/practice_jpa.html HTTP/1.1"
252	2025/02/12 10:24:32	"GET /uv2582fip2582inf210/lecture_jpa.html HTTP/1.1"
252	2025/02/12 10:24:32	"GET /uv2582fip2582inf210/PresentationUVINF210/pres.html HTTP/1.1"
252	2025/02/12 10:28:24	"GET /uv2582fip2582inf210/practice_jpa_advanced.html HTTP/1.1"
252	2025/02/12 10:28:26	"GET /uv2582fip2582inf210/practice_spring_2tiers.html HTTP/1.1"
252	2025/02/12 10:28:38	"GET /uv2582fip2582inf210/lecture_xml.html HTTP/1.1"
252	2025/02/12 21:15:37	"GET /uv2582fip2582inf210/lecture_jpa.html HTTP/1.1"
252	2025/02/12 22:04:24	"GET /uv2582fip2582inf210/practice_jpa_advanced.html HTTP/1.1"
252	2025/02/12 22:04:47	"GET /uv2582fip2582inf210/practice_spring_2tiers.html HTTP/1.1"
252	2025/02/12 22:05:10	"GET /uv2582fip2582inf210/practice_spring_2tiers_ext.html HTTP/1.1"
252	2025/02/12 22:05:47	"GET /uv2582fip2582inf210/lecture_xml.html HTTP/1.1"
252	2025/02/12 22:06:24	"GET /uv2582fip2582inf210/lecture_validity.html HTTP/1.1"
252	2025/02/12 22:06:31	"GET /uv2582fip2582inf210/lecture_xpath.html HTTP/1.1"
252	2025/02/12 22:06:39	"GET /uv2582fip2582inf210/lecture_parser.html HTTP/1.1"
252	2025/02/12 22:06:50	"GET /uv2582fip2582inf210/lecture_jaxb.html HTTP/1.1"
252	2025/02/12 22:07:05	"GET /uv2582fip2582inf210/practice_xml.html HTTP/1.1"
252	2025/02/12 22:07:15	"GET /uv2582fip2582inf210/practice_schema_xml.html HTTP/1.1"
252	2025/02/12 22:07:20	"GET /uv2582fip2582inf210/practice_xpath.html HTTP/1.1"
252	2025/02/12 22:07:24	"GET /uv2582fip2582inf210/practice_apis.html HTTP/1.1"
252	2025/02/12 22:07:28	"GET /uv2582fip2582inf210/lecture_json.html HTTP/1.1"
252	2025/02/12 22:07:33	"GET /uv2582fip2582inf210/practice_json.html HTTP/1.1"
252	2025/02/12 22:07:36	"GET /uv2582fip2582inf210/index.html HTTP/1.1"
252	2025/02/12 22:07:40	"GET /uv2582fip2582inf210/data_home.html HTTP/1.1"
252	2025/02/12 22:07:53	"GET /uv2582fip2582inf210/lecture_relational_model.html HTTP/1.1"
252	2025/02/12 22:08:10	"GET /uv2582fip2582inf210/lecture_modeling_normalization.html HTTP/1.1"
252	2025/02/12 22:08:23	"GET /uv2582fip2582inf210/lecture_conceptual_modeling.html HTTP/1.1"
252	2025/02/12 22:08:35	"GET /uv2582fip2582inf210/activity_conceptual_modeling.html HTTP/1.1"
252	2025/02/12 22:08:38	"GET /uv2582fip2582inf210/activity_conceptual_modeling_advanced.html HTTP/1.1"
252	2025/02/12 22:08:46	"GET /uv2582fip2582inf210/lecture_normalization.html HTTP/1.1"
252	2025/02/12 22:08:50	"GET /uv2582fip2582inf210/activity_normalization.html HTTP/1.1"
252	2025/02/12 22:09:03	"GET /uv2582fip2582inf210/practice_sql.html HTTP/1.1"
252	2025/02/08 14:09:35	"GET /uv2582fip2582inf210/technical_environment_home.html HTTP/1.1"
252	2025/02/08 14:09:56	"GET /uv2582fip2582inf210/inversion_of_control.html HTTP/1.1"
252	2025/02/08 14:10:29	"GET /uv2582fip2582inf210/index.html HTTP/1.1"
252	2025/02/08 14:10:33	"GET /uv2582fip2582inf210/web_architecture_home.html HTTP/1.1"
252	2025/02/08 14:15:08	"GET /uv2582fip2582inf210/data_home.html HTTP/1.1"
252	2025/02/08 14:36:38	"GET /uv2582fip2582inf210/spring_bean.html HTTP/1.1"
252	2025/02/08 14:36:43	"GET /uv2582fip2582inf210/practice_spring.html HTTP/1.1"
252	2025/02/08 15:28:54	"GET /uv2582fip2582inf210/practice_jpa_advanced.html HTTP/1.1"
252	2025/02/08 15:29:11	"GET /uv2582fip2582inf210/practice_spring_2tiers.html HTTP/1.1"
252	2025/02/08 15:29:48	"GET /uv2582fip2582inf210/practice_spring_2tiers_ext.html HTTP/1.1"
252	2025/02/08 15:45:51	"GET /uv2582fip2582inf210/project_home.html HTTP/1.1"
252	2025/02/08 15:46:12	"GET /uv2582fip2582inf210/practice_jpa.html HTTP/1.1"
252	2025/03/03 11:10:58	"GET /uv2582fip2582inf210/project_presentation.html HTTP/1.1"
252	2025/03/03 11:14:33	"GET /uv2582fip2582inf210/project_specifications.html HTTP/1.1"
252	2025/03/03 11:18:29	"GET /uv2582fip2582inf210/project_part2.html HTTP/1.1"
252	2025/03/03 11:23:08	"GET /uv2582fip2582inf210/project_evaluation.html HTTP/1.1"
252	2025/03/03 11:28:45	"GET /uv2582fip2582inf210/project_part2.html HTTP/1.1"
252	2025/03/03 11:37:55	"GET /uv2582fip2582inf210/activity_conceptual_modeling.html HTTP/1.1"
252	2025/03/03 11:37:55	"GET /uv2582fip2582inf210/practice_spring_2tiers.html HTTP/1.1"
252	2025/03/03 15:10:16	"GET /uv2582fip2582inf210/index.html HTTP/1.1"
252	2025/03/03 16:32:36	"GET /uv2582fip2582inf210/project_evaluation.html HTTP/1.1"
252	2025/03/03 16:32:39	"GET /uv2582fip2582inf210/project_part2.html HTTP/1.1"
252	2025/02/15 11:01:43	"GET /uv2582fip2582inf210/project_home.html HTTP/1.1"
252	2025/02/15 11:16:46	"GET /uv2582fip2582inf210/PresentationUVINF210/pres.html HTTP/1.1"
252	2025/02/15 12:47:13	"GET /uv2582fip2582inf210/web_architecture_home.html HTTP/1.1"
252	2025/02/15 12:47:19	"GET /uv2582fip2582inf210/practice_jpa.html HTTP/1.1"
252	2025/02/15 13:28:53	"GET /uv2582fip2582inf210/practice_jpa_advanced.html HTTP/1.1"
252	2025/02/15 13:29:24	"GET /uv2582fip2582inf210/practice_spring_2tiers.html HTTP/1.1"
252	2025/02/15 13:29:49	"GET /uv2582fip2582inf210/practice_spring_2tiers_ext.html HTTP/1.1"
252	2025/02/15 13:30:07	"GET /uv2582fip2582inf210/index.html HTTP/1.1"
252	2025/02/15 13:30:10	"GET /uv2582fip2582inf210/data_home.html HTTP/1.1"
252	2025/02/15 13:30:14	"GET /uv2582fip2582inf210/lecture_relational_model.html HTTP/1.1"
252	2025/02/15 13:30:20	"GET /uv2582fip2582inf210/lecture_db_integrity.html HTTP/1.1"
252	2025/02/15 13:30:22	"GET /uv2582fip2582inf210/activity_relational_model.html HTTP/1.1"
252	2025/02/15 13:30:30	"GET /uv2582fip2582inf210/lecture_modeling_normalization.html HTTP/1.1"
252	2025/02/15 13:30:36	"GET /uv2582fip2582inf210/lecture_conceptual_modeling.html HTTP/1.1"
252	2025/02/15 13:30:48	"GET /uv2582fip2582inf210/activity_conceptual_modeling.html HTTP/1.1"
252	2025/02/15 13:30:53	"GET /uv2582fip2582inf210/lecture_normalization.html HTTP/1.1"
252	2025/02/15 13:31:07	"GET /uv2582fip2582inf210/activity_normalization.html HTTP/1.1"
252	2025/02/15 13:31:14	"GET /uv2582fip2582inf210/activity_decomposition.html HTTP/1.1"
252	2025/02/15 13:31:21	"GET /uv2582fip2582inf210/activity_sql.html HTTP/1.1"
252	2025/02/15 13:31:28	"GET /uv2582fip2582inf210/lecture_transaction.html HTTP/1.1"
252	2025/02/15 13:31:32	"GET /uv2582fip2582inf210/practice_transaction.html HTTP/1.1"
252	2025/02/15 13:31:43	"GET /uv2582fip2582inf210/lecture_isolation.html HTTP/1.1"
252	2025/02/15 13:31:54	"GET /uv2582fip2582inf210/lecture_relational_algebra.html HTTP/1.1"
252	2025/02/01 13:57:01	"GET /uv2582fip2582inf210/data_home.html HTTP/1.1"
252	2025/02/01 13:57:07	"GET /uv2582fip2582inf210/technical_environment_home.html HTTP/1.1"
252	2025/02/01 14:08:03	"GET /uv2582fip2582inf210/PresentationUVINF210/pres.html HTTP/1.1"
252	2025/02/01 14:16:06	"GET /uv2582fip2582inf210/project_home.html HTTP/1.1"
252	2025/02/01 14:41:07	"GET /uv2582fip2582inf210/practice_postgresql.html HTTP/1.1"
252	2025/02/01 14:41:11	"GET /uv2582fip2582inf210/documentation_docker.html HTTP/1.1"
252	2025/02/01 15:22:43	"GET /uv2582fip2582inf210/practice_docker.html HTTP/1.1"
252	2025/02/01 15:22:48	"GET /uv2582fip2582inf210/practice_docker_advanced.html HTTP/1.1"
252	2025/02/01 15:23:07	"GET /uv2582fip2582inf210/documentation_rdbms.html HTTP/1.1"
252	2025/02/01 15:23:32	"GET /uv2582fip2582inf210/documentation_programming.html HTTP/1.1"
252	2025/02/01 15:23:47	"GET /uv2582fip2582inf210/inversion_of_control.html HTTP/1.1"
252	2025/02/01 15:24:10	"GET /uv2582fip2582inf210/spring_bean.html HTTP/1.1"
252	2025/02/01 15:24:17	"GET /uv2582fip2582inf210/practice_spring.html HTTP/1.1"
252	2025/02/01 17:12:32	"GET /uv2582fip2582inf210/lecture_relational_model.html HTTP/1.1"
252	2025/02/01 17:12:40	"GET /uv2582fip2582inf210/lecture_relational_algebra.html HTTP/1.1"
252	2025/02/01 17:12:41	"GET /uv2582fip2582inf210/lecture_db_integrity.html HTTP/1.1"
252	2025/02/01 17:12:50	"GET /uv2582fip2582inf210/activity_relational_model.html HTTP/1.1"
252	2025/02/01 17:12:54	"GET /uv2582fip2582inf210/lecture_modeling_normalization.html HTTP/1.1"
252	2025/02/01 17:13:02	"GET /uv2582fip2582inf210/lecture_conceptual_modeling.html HTTP/1.1"
252	2025/02/01 17:13:12	"GET /uv2582fip2582inf210/activity_conceptual_modeling.html HTTP/1.1"
252	2025/02/01 17:13:17	"GET /uv2582fip2582inf210/lecture_normalization.html HTTP/1.1"
252	2025/02/01 17:13:19	"GET /uv2582fip2582inf210/activity_normalization.html HTTP/1.1"
252	2025/02/01 17:13:23	"GET /uv2582fip2582inf210/activity_sql.html HTTP/1.1"
252	2025/02/01 17:13:28	"GET /uv2582fip2582inf210/practice_sql.html HTTP/1.1"
252	2025/03/17 21:26:14	"GET /uv2582fip2582inf210/PresentationUVINF210/pres.html HTTP/1.1"
252	2025/01/29 14:12:46	"GET /uv2582fip2582inf210/technical_environment_home.html HTTP/1.1"
252	2025/01/29 14:13:00	"GET /uv2582fip2582inf210/documentation_docker.html HTTP/1.1"
252	2025/01/29 14:13:13	"GET /uv2582fip2582inf210/practice_docker.html HTTP/1.1"
252	2025/01/29 14:37:22	"GET /uv2582fip2582inf210/practice_postgresql.html HTTP/1.1"
252	2025/01/29 14:44:48	"GET /uv2582fip2582inf210/documentation_programming.html HTTP/1.1"
252	2025/01/29 14:44:58	"GET /uv2582fip2582inf210/practice_spring.html HTTP/1.1"
252	2025/02/13 10:16:36	"GET /uv2582fip2582inf210/practice_sql.html HTTP/1.1"
252	2025/02/13 10:38:43	"GET /uv2582fip2582inf210/data_home.html HTTP/1.1"
252	2025/02/13 12:38:14	"GET /uv2582fip2582inf210/practice_sql.html HTTP/1.1"
252	2025/02/13 12:47:12	"GET /uv2582fip2582inf210/web_architecture_home.html HTTP/1.1"
252	2025/02/13 12:48:34	"GET /uv2582fip2582inf210/practice_spring_2tiers_ext.html HTTP/1.1"
252	2025/03/18 23:56:36	"GET /uv2582fip2582inf210/practice_spring_2tiers.html HTTP/1.1"
252	2025/03/18 23:56:40	"GET /uv2582fip2582inf210/index.html HTTP/1.1"
252	2025/03/18 23:56:43	"GET /uv2582fip2582inf210/project_presentation.html HTTP/1.1"
252	2025/03/19 00:57:31	"GET /uv2582fip2582inf210/project_part2.html HTTP/1.1"
