2520	2025/03/31 17:35:11	"GET /uv2582fip2582inf210/project_presentation.html HTTP/1.1"
2520	2025/03/31 17:35:14	"GET /uv2582fip2582inf210/project_specifications.html HTTP/1.1"
2520	2025/03/24 09:57:15	"GET /uv2582fip2582inf210/web_architecture_home.html HTTP/1.1"
2520	2025/03/24 09:57:47	"GET /uv2582fip2582inf210/practice_schema_xml.html HTTP/1.1"
2520	2025/03/24 09:58:09	"GET /uv2582fip2582inf210/index.html HTTP/1.1"
2520	2025/03/24 09:58:13	"GET /uv2582fip2582inf210/data_home.html HTTP/1.1"
2520	2025/03/24 09:58:18	"GET /uv2582fip2582inf210/lecture_conceptual_modeling.html HTTP/1.1"
2520	2025/04/02 20:41:49	"GET /uv2582fip2582inf210/project_presentation.html HTTP/1.1"
2520	2025/04/02 20:41:57	"GET /uv2582fip2582inf210/project_specifications.html HTTP/1.1"
2520	2025/04/04 16:39:39	"GET /uv2582fip2582inf210/project_presentation.html HTTP/1.1"
2520	2025/04/04 16:39:44	"GET /uv2582fip2582inf210/project_task_time.html HTTP/1.1"
2520	2025/04/04 19:58:25	"GET /uv2582fip2582inf210/project_part1.html HTTP/1.1"
2520	2025/04/03 16:03:49	"GET /uv2582fip2582inf210/project_presentation.html HTTP/1.1"
2520	2025/04/03 16:03:51	"GET /uv2582fip2582inf210/project_task_time.html HTTP/1.1"
2520	2025/02/26 09:58:00	"GET /uv2582fip2582inf210/project_presentation.html HTTP/1.1"
2520	2025/02/26 09:58:14	"GET /uv2582fip2582inf210/project_specifications.html HTTP/1.1"
2520	2025/02/26 09:58:18	"GET /uv2582fip2582inf210/project_task_time.html HTTP/1.1"
2520	2025/02/26 10:23:50	"GET /uv2582fip2582inf210/project_part1.html HTTP/1.1"
2520	2025/02/26 11:21:43	"GET /uv2582fip2582inf210/index.html HTTP/1.1"
2520	2025/02/26 11:21:48	"GET /uv2582fip2582inf210/data_home.html HTTP/1.1"
2520	2025/02/26 11:21:59	"GET /uv2582fip2582inf210/lecture_conceptual_modeling.html HTTP/1.1"
2520	2025/02/24 14:07:00	"GET /uv2582fip2582inf210/project_home.html HTTP/1.1"
2520	2025/02/24 14:07:10	"GET /uv2582fip2582inf210/data_home.html HTTP/1.1"
2520	2025/02/24 14:07:25	"GET /uv2582fip2582inf210/web_architecture_home.html HTTP/1.1"
2520	2025/02/24 14:07:30	"GET /uv2582fip2582inf210/practice_spring_2tiers_ext.html HTTP/1.1"
2520	2025/03/27 15:22:22	"GET /uv2582fip2582inf210/web_architecture_home.html HTTP/1.1"
2520	2025/03/27 15:22:28	"GET /uv2582fip2582inf210/index.html HTTP/1.1"
2520	2025/03/27 15:22:47	"GET /uv2582fip2582inf210/data_home.html HTTP/1.1"
2520	2025/03/27 15:22:54	"GET /uv2582fip2582inf210/project_presentation.html HTTP/1.1"
2520	2025/03/27 15:23:02	"GET /uv2582fip2582inf210/project_specifications.html HTTP/1.1"
2520	2025/03/21 09:39:30	"GET /uv2582fip2582inf210/project_presentation.html HTTP/1.1"
2520	2025/03/21 10:03:03	"GET /uv2582fip2582inf210/project_specifications.html HTTP/1.1"
2520	2025/03/07 14:21:12	"GET /uv2582fip2582inf210/project_part2.html HTTP/1.1"
2520	2025/03/07 14:22:08	"GET /uv2582fip2582inf210/project_specifications.html HTTP/1.1"
2520	2025/03/07 14:52:34	"GET /uv2582fip2582inf210/project_presentation.html HTTP/1.1"
2520	2025/03/07 14:52:39	"GET /uv2582fip2582inf210/project_specifications.html HTTP/1.1"
2520	2025/02/03 10:16:58	"GET /uv2582fip2582inf210/practice_transaction_correction.html HTTP/1.1"
2520	2025/02/03 11:15:33	"GET /uv2582fip2582inf210/lecture_transaction.html HTTP/1.1"
2520	2025/02/03 11:15:50	"GET /uv2582fip2582inf210/practice_transaction.html HTTP/1.1"
2520	2025/01/24 09:44:36	"GET /uv2582fip2582inf210/technical_environment_home.html HTTP/1.1"
2520	2025/01/24 10:31:35	"GET /uv2582fip2582inf210/documentation_docker.html HTTP/1.1"
2520	2025/01/24 10:33:54	"GET /uv2582fip2582inf210/images/prerequisite_techenv/prerequisite_techenv_2025.html HTTP/1.1"
2520	2025/01/24 11:27:11	"GET /uv2582fip2582inf210/practice_docker.html HTTP/1.1"
2520	2025/01/24 11:27:16	"GET /uv2582fip2582inf210/practice_docker_advanced.html HTTP/1.1"
2520	2025/01/24 11:52:18	"GET /uv2582fip2582inf210/documentation_rdbms.html HTTP/1.1"
2520	2025/01/24 11:58:36	"GET /uv2582fip2582inf210/documentation_programming.html HTTP/1.1"
2520	2025/01/24 11:59:03	"GET /uv2582fip2582inf210/practice_spring.html HTTP/1.1"
2520	2025/01/31 14:05:01	"GET /uv2582fip2582inf210/activity_relational_model.html HTTP/1.1"
2520	2025/01/31 14:05:12	"GET /uv2582fip2582inf210/lecture_normalization.html HTTP/1.1"
2520	2025/01/31 14:05:17	"GET /uv2582fip2582inf210/activity_conceptual_modeling.html HTTP/1.1"
2520	2025/01/31 14:11:38	"GET /uv2582fip2582inf210/activity_normalization.html HTTP/1.1"
2520	2025/01/31 14:12:33	"GET /uv2582fip2582inf210/activity_normalization_correction.html HTTP/1.1"
2520	2025/01/31 14:29:00	"GET /uv2582fip2582inf210/activity_sql.html HTTP/1.1"
2520	2025/01/31 14:29:23	"GET /uv2582fip2582inf210/practice_sql.html HTTP/1.1"
2520	2025/01/31 14:50:42	"GET /uv2582fip2582inf210/practice_sql.html HTTP/1.1"
2520	2025/01/31 15:06:02	"GET /uv2582fip2582inf210/practice_sql_correction.html HTTP/1.1"
2520	2025/01/31 16:16:05	"GET /uv2582fip2582inf210/lecture_transaction.html HTTP/1.1"
2520	2025/01/31 16:16:09	"GET /uv2582fip2582inf210/practice_transaction.html HTTP/1.1"
2520	2025/01/31 16:18:36	"GET /uv2582fip2582inf210/documentation_rdbms.html HTTP/1.1"
2520	2025/01/30 09:35:27	"GET /uv2582fip2582inf210/index.html HTTP/1.1"
2520	2025/01/30 09:35:34	"GET /uv2582fip2582inf210/data_home.html HTTP/1.1"
2520	2025/01/30 09:39:34	"GET /uv2582fip2582inf210/lecture_relational_model.html HTTP/1.1"
2520	2025/01/30 09:46:10	"GET /uv2582fip2582inf210/lecture_db_integrity.html HTTP/1.1"
2520	2025/01/30 09:50:35	"GET /uv2582fip2582inf210/lecture_relational_algebra.html HTTP/1.1"
2520	2025/01/30 09:56:33	"GET /uv2582fip2582inf210/activity_relational_model.html HTTP/1.1"
2520	2025/01/30 11:16:33	"GET /uv2582fip2582inf210/activity_relational_model_correction.html HTTP/1.1"
2520	2025/01/30 11:18:20	"GET /uv2582fip2582inf210/lecture_modeling_normalization.html HTTP/1.1"
2520	2025/01/30 11:44:33	"GET /uv2582fip2582inf210/lecture_conceptual_modeling.html HTTP/1.1"
2520	2025/01/30 11:44:41	"GET /uv2582fip2582inf210/activity_conceptual_modeling.html HTTP/1.1"
2520	2025/02/17 14:12:37	"GET /uv2582fip2582inf210/web_architecture_home.html HTTP/1.1"
2520	2025/02/17 14:12:46	"GET /uv2582fip2582inf210/practice_xml.html HTTP/1.1"
2520	2025/02/17 14:12:51	"GET /uv2582fip2582inf210/lecture_json.html HTTP/1.1"
2520	2025/02/17 14:12:55	"GET /uv2582fip2582inf210/practice_json.html HTTP/1.1"
2520	2025/02/17 14:13:00	"GET /uv2582fip2582inf210/practice_jpa.html HTTP/1.1"
2520	2025/02/17 14:13:31	"GET /uv2582fip2582inf210/data_home.html HTTP/1.1"
2520	2025/02/17 14:13:46	"GET /uv2582fip2582inf210/lecture_conceptual_modeling.html HTTP/1.1"
2520	2025/02/17 14:18:25	"GET /uv2582fip2582inf210/activity_normalization.html HTTP/1.1"
2520	2025/02/17 14:18:41	"GET /uv2582fip2582inf210/activity_normalization_correction.html HTTP/1.1"
2520	2025/03/13 15:42:33	"GET /uv2582fip2582inf210/project_part3.html HTTP/1.1"
2520	2025/03/13 15:42:40	"GET /uv2582fip2582inf210/project_structureui.html HTTP/1.1"
2520	2025/03/13 15:53:57	"GET /uv2582fip2582inf210/project_specifications.html HTTP/1.1"
2520	2025/03/06 08:25:02	"GET /uv2582fip2582inf210/project_presentation.html HTTP/1.1"
2520	2025/03/06 08:25:05	"GET /uv2582fip2582inf210/project_part2.html HTTP/1.1"
2520	2025/02/05 14:06:30	"GET /uv2582fip2582inf210/index.html HTTP/1.1"
2520	2025/02/05 14:06:40	"GET /uv2582fip2582inf210/technical_environment_home.html HTTP/1.1"
2520	2025/02/05 14:06:45	"GET /uv2582fip2582inf210/practice_spring.html HTTP/1.1"
2520	2025/02/05 14:06:49	"GET /uv2582fip2582inf210/practice_spring.html HTTP/1.1"
2520	2025/02/05 15:15:11	"GET /uv2582fip2582inf210/web_architecture_home.html HTTP/1.1"
2520	2025/02/05 15:15:17	"GET /uv2582fip2582inf210/lecture_technical_architecture.html HTTP/1.1"
2520	2025/02/05 15:15:27	"GET /uv2582fip2582inf210/practice_jpa.html HTTP/1.1"
2520	2025/02/10 16:12:07	"GET /uv2582fip2582inf210/data_home.html HTTP/1.1"
2520	2025/02/10 16:12:11	"GET /uv2582fip2582inf210/web_architecture_home.html HTTP/1.1"
2520	2025/02/10 16:12:20	"GET /uv2582fip2582inf210/lecture_xml.html HTTP/1.1"
2520	2025/02/10 16:12:27	"GET /uv2582fip2582inf210/lecture_mvc_spring.html HTTP/1.1"
2520	2025/02/10 16:13:24	"GET /uv2582fip2582inf210/practice_jpa.html HTTP/1.1"
2520	2025/02/12 12:02:47	"GET /uv2582fip2582inf210/practice_jpa_advanced.html HTTP/1.1"
2520	2025/02/12 12:02:56	"GET /uv2582fip2582inf210/practice_spring_2tiers.html HTTP/1.1"
2520	2025/03/03 11:05:51	"GET /uv2582fip2582inf210/project_part1.html HTTP/1.1"
2520	2025/03/03 11:25:29	"GET /uv2582fip2582inf210/project_part1.html HTTP/1.1"
2520	2025/03/03 11:35:11	"GET /uv2582fip2582inf210/project_part2.html HTTP/1.1"
2520	2025/03/03 11:35:42	"GET /uv2582fip2582inf210/project_part1.html HTTP/1.1"
2520	2025/03/03 14:38:25	"GET /uv2582fip2582inf210/project_specifications.html HTTP/1.1"
2520	2025/02/14 09:45:14	"GET /uv2582fip2582inf210/web_architecture_home.html HTTP/1.1"
2520	2025/02/14 09:45:29	"GET /uv2582fip2582inf210/practice_xml.html HTTP/1.1"
2520	2025/02/14 09:45:43	"GET /uv2582fip2582inf210/practice_json.html HTTP/1.1"
2520	2025/02/14 09:45:53	"GET /uv2582fip2582inf210/practice_jpa_advanced.html HTTP/1.1"
2520	2025/02/14 09:46:04	"GET /uv2582fip2582inf210/practice_jpa.html HTTP/1.1"
2520	2025/01/29 14:13:39	"GET /uv2582fip2582inf210/practice_spring.html HTTP/1.1"
2520	2025/01/29 15:12:01	"GET /uv2582fip2582inf210/documentation_docker.html HTTP/1.1"
2520	2025/01/29 15:12:08	"GET /uv2582fip2582inf210/practice_postgresql.html HTTP/1.1"
2520	2025/03/05 23:26:28	"GET /uv2582fip2582inf210/project_part1.html HTTP/1.1"
2520	2025/03/05 23:29:53	"GET /uv2582fip2582inf210/project_task_time.html HTTP/1.1"
2520	2025/03/05 23:30:18	"GET /uv2582fip2582inf210/project_specifications.html HTTP/1.1"
2520	2025/03/05 23:30:55	"GET /uv2582fip2582inf210/project_evaluation.html HTTP/1.1"
2520	2025/03/10 09:43:06	"GET /uv2582fip2582inf210/project_specifications.html HTTP/1.1"
2520	2025/03/10 09:43:10	"GET /uv2582fip2582inf210/project_part3.html HTTP/1.1"
2520	2025/03/10 09:43:32	"GET /uv2582fip2582inf210/project_structureui.html HTTP/1.1"
