2521	2025/03/24 09:42:46	"GET /uv2582fip2582inf210/data_home.html HTTP/1.1"
2521	2025/03/24 09:42:48	"GET /uv2582fip2582inf210/images/prerequisite_data/prerequisite_data_2025.html HTTP/1.1"
2521	2025/03/24 09:42:52	"GET /uv2582fip2582inf210/lecture_conceptual_modeling.html HTTP/1.1"
2521	2025/02/20 21:08:54	"GET /uv2582fip2582inf210/web_architecture_home.html HTTP/1.1"
2521	2025/02/20 21:08:55	"GET /uv2582fip2582inf210/images/prerequisite_archiweb/prerequisite_archiweb_2025.html HTTP/1.1"
2521	2025/02/20 21:08:59	"GET /uv2582fip2582inf210/lecture_mvc_spring.html HTTP/1.1"
2521	2025/02/20 21:09:10	"GET /uv2582fip2582inf210/practice_spring_2tiers.html HTTP/1.1"
2521	2025/02/20 22:52:26	"GET /uv2582fip2582inf210/data_home.html HTTP/1.1"
2521	2025/02/20 22:52:30	"GET /uv2582fip2582inf210/images/prerequisite_data/prerequisite_data_2025.html HTTP/1.1"
2521	2025/02/20 23:12:31	"GET /uv2582fip2582inf210/lecture_conceptual_modeling.html HTTP/1.1"
2521	2025/02/20 23:13:10	"GET /uv2582fip2582inf210/activity_conceptual_modeling.html HTTP/1.1"
2521	2025/02/20 23:13:13	"GET /uv2582fip2582inf210/activity_conceptual_modeling_correction.html HTTP/1.1"
2521	2025/02/20 23:26:10	"GET /uv2582fip2582inf210/lecture_normalization.html HTTP/1.1"
2521	2025/02/28 18:25:02	"GET /uv2582fip2582inf210/data_home.html HTTP/1.1"
2521	2025/02/28 18:25:09	"GET /uv2582fip2582inf210/lecture_conceptual_modeling.html HTTP/1.1"
2521	2025/02/28 18:41:48	"GET /uv2582fip2582inf210/lecture_normalization.html HTTP/1.1"
2521	2025/02/28 18:42:39	"GET /uv2582fip2582inf210/project_presentation.html HTTP/1.1"
2521	2025/02/28 19:03:38	"GET /uv2582fip2582inf210/project_part1.html HTTP/1.1"
2521	2025/02/28 19:03:48	"GET /uv2582fip2582inf210/project_specifications.html HTTP/1.1"
2521	2025/02/28 20:43:34	"GET /uv2582fip2582inf210/project_presentation.html HTTP/1.1"
2521	2025/02/28 20:43:45	"GET /uv2582fip2582inf210/project_presentation.html HTTP/1.1"
2521	2025/02/28 20:43:50	"GET /uv2582fip2582inf210/project_part1.html HTTP/1.1"
2521	2025/02/28 20:46:26	"GET /uv2582fip2582inf210/project_specifications.html HTTP/1.1"
2521	2025/02/28 20:46:35	"GET /uv2582fip2582inf210/project_task_time.html HTTP/1.1"
2521	2025/02/28 20:46:44	"GET /uv2582fip2582inf210/project_evaluation.html HTTP/1.1"
2521	2025/02/28 21:33:00	"GET /uv2582fip2582inf210/project_part1.html HTTP/1.1"
2521	2025/02/28 21:36:00	"GET /uv2582fip2582inf210/data_home.html HTTP/1.1"
2521	2025/02/28 21:36:02	"GET /uv2582fip2582inf210/images/prerequisite_data/prerequisite_data_2025.html HTTP/1.1"
2521	2025/02/28 21:36:06	"GET /uv2582fip2582inf210/lecture_conceptual_modeling.html HTTP/1.1"
2521	2025/04/04 19:23:44	"GET /uv2582fip2582inf210/project_presentation.html HTTP/1.1"
2521	2025/04/04 19:24:33	"GET /uv2582fip2582inf210/project_task_time.html HTTP/1.1"
2521	2025/02/21 13:59:45	"GET /uv2582fip2582inf210/web_architecture_home.html HTTP/1.1"
2521	2025/02/21 14:00:03	"GET /uv2582fip2582inf210/data_home.html HTTP/1.1"
2521	2025/02/21 14:00:04	"GET /uv2582fip2582inf210/images/prerequisite_data/prerequisite_data_2025.html HTTP/1.1"
2521	2025/02/21 14:00:14	"GET /uv2582fip2582inf210/lecture_normalization.html HTTP/1.1"
2521	2025/02/26 09:57:33	"GET /uv2582fip2582inf210/project_presentation.html HTTP/1.1"
2521	2025/02/26 09:57:44	"GET /uv2582fip2582inf210/project_part1.html HTTP/1.1"
2521	2025/02/26 09:59:14	"GET /uv2582fip2582inf210/project_evaluation.html HTTP/1.1"
2521	2025/02/26 10:20:28	"GET /uv2582fip2582inf210/project_specifications.html HTTP/1.1"
2521	2025/02/26 10:26:22	"GET /uv2582fip2582inf210/project_task_time.html HTTP/1.1"
2521	2025/02/26 11:30:32	"GET /uv2582fip2582inf210/project_presentation.html HTTP/1.1"
2521	2025/02/26 11:35:18	"GET /uv2582fip2582inf210/data_home.html HTTP/1.1"
2521	2025/02/26 11:35:21	"GET /uv2582fip2582inf210/images/prerequisite_data/prerequisite_data_2025.html HTTP/1.1"
2521	2025/02/26 11:35:24	"GET /uv2582fip2582inf210/lecture_conceptual_modeling.html HTTP/1.1"
2521	2025/02/24 14:11:11	"GET /uv2582fip2582inf210/technical_environment_home.html HTTP/1.1"
2521	2025/02/24 14:11:32	"GET /uv2582fip2582inf210/web_architecture_home.html HTTP/1.1"
2521	2025/02/24 14:11:34	"GET /uv2582fip2582inf210/images/prerequisite_archiweb/prerequisite_archiweb_2025.html HTTP/1.1"
2521	2025/02/24 14:11:48	"GET /uv2582fip2582inf210/lecture_jpa.html HTTP/1.1"
2521	2025/02/24 14:54:07	"GET /uv2582fip2582inf210/practice_jpa.html HTTP/1.1"
2521	2025/03/20 18:08:48	"GET /uv2582fip2582inf210/project_presentation.html HTTP/1.1"
2521	2025/03/07 14:05:33	"GET /uv2582fip2582inf210/project_presentation.html HTTP/1.1"
2521	2025/03/07 14:05:36	"GET /uv2582fip2582inf210/project_part2.html HTTP/1.1"
2521	2025/03/12 21:16:41	"GET /uv2582fip2582inf210/project_presentation.html HTTP/1.1"
2521	2025/03/12 21:16:44	"GET /uv2582fip2582inf210/project_part2.html HTTP/1.1"
2521	2025/02/19 14:13:29	"GET /uv2582fip2582inf210/data_home.html HTTP/1.1"
2521	2025/02/19 14:13:34	"GET /uv2582fip2582inf210/web_architecture_home.html HTTP/1.1"
2521	2025/02/19 14:13:37	"GET /uv2582fip2582inf210/images/prerequisite_archiweb/prerequisite_archiweb_2025.html HTTP/1.1"
2521	2025/02/19 14:13:39	"GET /uv2582fip2582inf210/practice_spring_2tiers.html HTTP/1.1"
2521	2025/02/03 14:03:49	"GET /uv2582fip2582inf210/data_home.html HTTP/1.1"
2521	2025/02/03 14:03:50	"GET /uv2582fip2582inf210/images/prerequisite_data/prerequisite_data_2025.html HTTP/1.1"
2521	2025/02/03 14:04:40	"GET /uv2582fip2582inf210/activity_conceptual_modeling.html HTTP/1.1"
2521	2025/02/03 14:04:46	"GET /uv2582fip2582inf210/activity_relational_model.html HTTP/1.1"
2521	2025/02/03 14:05:49	"GET /uv2582fip2582inf210/activity_relational_model_correction.html HTTP/1.1"
2521	2025/02/03 14:08:10	"GET /uv2582fip2582inf210/lecture_transaction.html HTTP/1.1"
2521	2025/02/03 14:12:41	"GET /uv2582fip2582inf210/lecture_normalization.html HTTP/1.1"
2521	2025/02/03 16:37:49	"GET /uv2582fip2582inf210/activity_normalization.html HTTP/1.1"
2521	2025/01/24 09:38:29	"GET /uv2582fip2582inf210/technical_environment_home.html HTTP/1.1"
2521	2025/01/24 09:38:34	"GET /uv2582fip2582inf210/images/prerequisite_techenv/prerequisite_techenv_2025.html HTTP/1.1"
2521	2025/01/24 09:39:54	"GET /uv2582fip2582inf210/technical_environment_home.html HTTP/1.1"
2521	2025/01/24 09:39:56	"GET /uv2582fip2582inf210/images/prerequisite_techenv/prerequisite_techenv_2025.html HTTP/1.1"
2521	2025/01/24 10:44:24	"GET /uv2582fip2582inf210/documentation_docker.html HTTP/1.1"
2521	2025/01/24 11:41:50	"GET /uv2582fip2582inf210/practice_docker.html HTTP/1.1"
2521	2025/01/31 14:12:31	"GET /uv2582fip2582inf210/technical_environment_home.html HTTP/1.1"
2521	2025/01/31 14:12:33	"GET /uv2582fip2582inf210/images/prerequisite_techenv/prerequisite_techenv_2025.html HTTP/1.1"
2521	2025/01/31 14:12:34	"GET /uv2582fip2582inf210/documentation_programming.html HTTP/1.1"
2521	2025/01/31 14:13:59	"GET /uv2582fip2582inf210/practice_spring.html HTTP/1.1"
2521	2025/01/31 15:06:18	"GET /uv2582fip2582inf210/index.html HTTP/1.1"
2521	2025/01/31 15:06:26	"GET /uv2582fip2582inf210/data_home.html HTTP/1.1"
2521	2025/01/31 15:06:27	"GET /uv2582fip2582inf210/images/prerequisite_data/prerequisite_data_2025.html HTTP/1.1"
2521	2025/01/31 15:12:54	"GET /uv2582fip2582inf210/lecture_relational_model.html HTTP/1.1"
2521	2025/01/31 15:43:25	"GET /uv2582fip2582inf210/lecture_db_integrity.html HTTP/1.1"
2521	2025/01/31 16:20:41	"GET /uv2582fip2582inf210/activity_relational_model.html HTTP/1.1"
2521	2025/01/31 16:26:18	"GET /uv2582fip2582inf210/activity_relational_model_correction.html HTTP/1.1"
2521	2025/01/30 09:38:31	"GET /uv2582fip2582inf210/web_architecture_home.html HTTP/1.1"
2521	2025/01/30 09:38:48	"GET /uv2582fip2582inf210/data_home.html HTTP/1.1"
2521	2025/01/30 09:46:41	"GET /uv2582fip2582inf210/technical_environment_home.html HTTP/1.1"
2521	2025/01/30 10:00:57	"GET /uv2582fip2582inf210/images/prerequisite_techenv/prerequisite_techenv_2025.html HTTP/1.1"
2521	2025/01/30 10:00:59	"GET /uv2582fip2582inf210/practice_docker.html HTTP/1.1"
2521	2025/01/30 11:02:51	"GET /uv2582fip2582inf210/practice_postgresql.html HTTP/1.1"
2521	2025/01/30 11:03:12	"GET /uv2582fip2582inf210/practice_docker_advanced.html HTTP/1.1"
2521	2025/01/30 11:03:18	"GET /uv2582fip2582inf210/practice_docker.html HTTP/1.1"
2521	2025/01/30 11:03:41	"GET /uv2582fip2582inf210/documentation_docker.html HTTP/1.1"
2521	2025/01/30 12:19:31	"GET /uv2582fip2582inf210/documentation_programming.html HTTP/1.1"
2521	2025/01/30 12:20:59	"GET /uv2582fip2582inf210/practice_spring.html HTTP/1.1"
2521	2025/03/09 17:55:35	"GET /uv2582fip2582inf210/project_presentation.html HTTP/1.1"
2521	2025/03/09 17:55:38	"GET /uv2582fip2582inf210/project_part2.html HTTP/1.1"
2521	2025/02/17 14:13:34	"GET /uv2582fip2582inf210/data_home.html HTTP/1.1"
2521	2025/02/17 14:13:36	"GET /uv2582fip2582inf210/images/prerequisite_data/prerequisite_data_2025.html HTTP/1.1"
2521	2025/02/17 14:13:44	"GET /uv2582fip2582inf210/lecture_conceptual_modeling.html HTTP/1.1"
2521	2025/02/17 15:33:26	"GET /uv2582fip2582inf210/lecture_normalization.html HTTP/1.1"
2521	2025/03/14 15:09:09	"GET /uv2582fip2582inf210/project_presentation.html HTTP/1.1"
2521	2025/03/14 15:09:16	"GET /uv2582fip2582inf210/project_part2.html HTTP/1.1"
2521	2025/01/22 14:38:39	"GET /uv2582fip2582inf210/data_home.html HTTP/1.1"
2521	2025/01/22 14:38:41	"GET /uv2582fip2582inf210/images/prerequisite_data/prerequisite_data_2025.html HTTP/1.1"
2521	2025/01/22 14:38:57	"GET /uv2582fip2582inf210/lecture_relational_model.html HTTP/1.1"
2521	2025/01/22 14:38:59	"GET /uv2582fip2582inf210/lecture_modeling_normalization.html HTTP/1.1"
2521	2025/01/22 14:39:46	"GET /uv2582fip2582inf210/activity_normalization.html HTTP/1.1"
2521	2025/01/22 14:58:23	"GET /uv2582fip2582inf210/index.html HTTP/1.1"
2521	2025/03/13 20:41:59	"GET /uv2582fip2582inf210/project_presentation.html HTTP/1.1"
2521	2025/03/13 20:42:02	"GET /uv2582fip2582inf210/project_part2.html HTTP/1.1"
2521	2025/03/06 21:07:36	"GET /uv2582fip2582inf210/project_presentation.html HTTP/1.1"
2521	2025/03/06 21:07:40	"GET /uv2582fip2582inf210/project_part2.html HTTP/1.1"
2521	2025/03/06 21:41:44	"GET /uv2582fip2582inf210/project_part2.html HTTP/1.1"
2521	2025/02/05 14:05:31	"GET /uv2582fip2582inf210/data_home.html HTTP/1.1"
2521	2025/02/05 14:05:37	"GET /uv2582fip2582inf210/images/prerequisite_data/prerequisite_data_2025.html HTTP/1.1"
2521	2025/02/05 14:07:20	"GET /uv2582fip2582inf210/project_home.html HTTP/1.1"
2521	2025/02/05 14:07:27	"GET /uv2582fip2582inf210/web_architecture_home.html HTTP/1.1"
2521	2025/02/05 14:27:34	"GET /uv2582fip2582inf210/lecture_relational_model.html HTTP/1.1"
2521	2025/02/05 14:32:57	"GET /uv2582fip2582inf210/lecture_db_integrity.html HTTP/1.1"
2521	2025/02/05 14:36:45	"GET /uv2582fip2582inf210/activity_relational_model.html HTTP/1.1"
2521	2025/02/05 14:38:48	"GET /uv2582fip2582inf210/activity_relational_model_correction.html HTTP/1.1"
2521	2025/02/05 14:39:33	"GET /uv2582fip2582inf210/lecture_modeling_normalization.html HTTP/1.1"
2521	2025/02/05 14:40:47	"GET /uv2582fip2582inf210/lecture_conceptual_modeling.html HTTP/1.1"
2521	2025/02/05 14:51:22	"GET /uv2582fip2582inf210/activity_conceptual_modeling.html HTTP/1.1"
2521	2025/02/05 14:51:31	"GET /uv2582fip2582inf210/lecture_normalization.html HTTP/1.1"
2521	2025/02/05 14:58:12	"GET /uv2582fip2582inf210/activity_decomposition.html HTTP/1.1"
2521	2025/02/05 15:09:23	"GET /uv2582fip2582inf210/activity_normalization.html HTTP/1.1"
2521	2025/02/05 15:11:35	"GET /uv2582fip2582inf210/activity_normalization_correction.html HTTP/1.1"
2521	2025/02/10 14:05:45	"GET /uv2582fip2582inf210/data_home.html HTTP/1.1"
2521	2025/02/10 14:05:52	"GET /uv2582fip2582inf210/images/prerequisite_data/prerequisite_data_2025.html HTTP/1.1"
2521	2025/02/10 14:06:01	"GET /uv2582fip2582inf210/activity_normalization.html HTTP/1.1"
2521	2025/02/10 14:06:47	"GET /uv2582fip2582inf210/activity_decomposition.html HTTP/1.1"
2521	2025/02/10 14:32:42	"GET /uv2582fip2582inf210/activity_decomposition_correction.html HTTP/1.1"
2521	2025/02/10 14:35:11	"GET /uv2582fip2582inf210/lecture_transaction.html HTTP/1.1"
2521	2025/02/10 14:35:19	"GET /uv2582fip2582inf210/practice_transaction.html HTTP/1.1"
2521	2025/02/10 16:06:14	"GET /uv2582fip2582inf210/practice_transaction_correction.html HTTP/1.1"
2521	2025/03/19 11:34:04	"GET /uv2582fip2582inf210/project_presentation.html HTTP/1.1"
2521	2025/03/19 11:34:07	"GET /uv2582fip2582inf210/project_part3.html HTTP/1.1"
2521	2025/03/19 11:34:09	"GET /uv2582fip2582inf210/project_structureui.html HTTP/1.1"
2521	2025/03/19 11:39:14	"GET /uv2582fip2582inf210/project_presentation.html HTTP/1.1"
2521	2025/03/19 11:39:32	"GET /uv2582fip2582inf210/project_specifications.html HTTP/1.1"
2521	2025/03/19 11:39:34	"GET /uv2582fip2582inf210/project_evaluation.html HTTP/1.1"
2521	2025/03/19 11:40:12	"GET /uv2582fip2582inf210/project_task_time.html HTTP/1.1"
2521	2025/02/12 10:33:07	"GET /uv2582fip2582inf210/activity_sql.html HTTP/1.1"
2521	2025/02/12 11:14:10	"GET /uv2582fip2582inf210/activity_sql_correction.html HTTP/1.1"
2521	2025/02/12 12:09:56	"GET /uv2582fip2582inf210/practice_sql.html HTTP/1.1"
2521	2025/02/12 14:17:18	"GET /uv2582fip2582inf210/practice_sql_correction.html HTTP/1.1"
2521	2025/02/12 15:00:44	"GET /uv2582fip2582inf210/web_architecture_home.html HTTP/1.1"
2521	2025/02/12 15:00:47	"GET /uv2582fip2582inf210/images/prerequisite_archiweb/prerequisite_archiweb_2025.html HTTP/1.1"
2521	2025/02/12 15:05:35	"GET /uv2582fip2582inf210/lecture_technical_architecture.html HTTP/1.1"
2521	2025/03/03 11:19:37	"GET /uv2582fip2582inf210/data_home.html HTTP/1.1"
2521	2025/03/03 11:19:41	"GET /uv2582fip2582inf210/project_presentation.html HTTP/1.1"
2521	2025/03/03 11:19:44	"GET /uv2582fip2582inf210/project_part2.html HTTP/1.1"
2521	2025/03/03 11:42:57	"GET /uv2582fip2582inf210/project_part1.html HTTP/1.1"
2521	2025/03/03 11:43:13	"GET /uv2582fip2582inf210/project_part2.html HTTP/1.1"
2521	2025/03/03 14:57:57	"GET /uv2582fip2582inf210/project_presentation.html HTTP/1.1"
2521	2025/03/03 14:58:01	"GET /uv2582fip2582inf210/project_part2.html HTTP/1.1"
2521	2025/03/03 15:03:46	"GET /uv2582fip2582inf210/project_part1.html HTTP/1.1"
2521	2025/02/01 18:59:06	"GET /uv2582fip2582inf210/activity_relational_model.html HTTP/1.1"
2521	2025/02/01 18:59:15	"GET /uv2582fip2582inf210/activity_relational_model_correction.html HTTP/1.1"
2521	2025/02/01 19:46:01	"GET /uv2582fip2582inf210/lecture_modeling_normalization.html HTTP/1.1"
2521	2025/02/01 19:54:00	"GET /uv2582fip2582inf210/lecture_conceptual_modeling.html HTTP/1.1"
2521	2025/02/01 20:01:09	"GET /uv2582fip2582inf210/activity_conceptual_modeling.html HTTP/1.1"
2521	2025/02/01 20:20:08	"GET /uv2582fip2582inf210/activity_conceptual_modeling_correction.html HTTP/1.1"
2521	2025/02/14 09:38:18	"GET /uv2582fip2582inf210/lecture_software_architecture.html HTTP/1.1"
2521	2025/02/14 09:46:19	"GET /uv2582fip2582inf210/lecture_mvc_spring.html HTTP/1.1"
2521	2025/03/02 18:10:50	"GET /uv2582fip2582inf210/web_architecture_home.html HTTP/1.1"
2521	2025/03/02 18:10:53	"GET /uv2582fip2582inf210/images/prerequisite_archiweb/prerequisite_archiweb_2025.html HTTP/1.1"
2521	2025/03/02 18:10:56	"GET /uv2582fip2582inf210/lecture_jpa.html HTTP/1.1"
2521	2025/03/02 18:15:41	"GET /uv2582fip2582inf210/practice_jpa.html HTTP/1.1"
2521	2025/03/02 18:18:44	"GET /uv2582fip2582inf210/lecture_transaction.html HTTP/1.1"
2521	2025/03/02 18:30:37	"GET /uv2582fip2582inf210/web_architecture_home.html HTTP/1.1"
2521	2025/03/02 18:30:38	"GET /uv2582fip2582inf210/images/prerequisite_archiweb/prerequisite_archiweb_2025.html HTTP/1.1"
2521	2025/03/02 18:30:41	"GET /uv2582fip2582inf210/practice_jpa.html HTTP/1.1"
2521	2025/03/02 23:18:07	"GET /uv2582fip2582inf210/practice_jpa_advanced.html HTTP/1.1"
2521	2025/01/29 14:03:22	"GET /uv2582fip2582inf210/technical_environment_home.html HTTP/1.1"
2521	2025/01/29 14:03:23	"GET /uv2582fip2582inf210/images/prerequisite_techenv/prerequisite_techenv_2025.html HTTP/1.1"
2521	2025/01/29 14:03:26	"GET /uv2582fip2582inf210/practice_docker.html HTTP/1.1"
