2522	2025/03/24 09:40:56	"GET /uv2582fip2582inf210/data_home.html HTTP/1.1"
2522	2025/03/24 09:41:03	"GET /uv2582fip2582inf210/lecture_conceptual_modeling.html HTTP/1.1"
2522	2025/03/24 09:51:40	"GET /uv2582fip2582inf210/activity_conceptual_modeling.html HTTP/1.1"
2522	2025/03/24 12:45:50	"GET /uv2582fip2582inf210/project_presentation.html HTTP/1.1"
2522	2025/03/24 12:52:05	"GET /uv2582fip2582inf210/project_specifications.html HTTP/1.1"
2522	2025/03/24 13:59:54	"GET /uv2582fip2582inf210/project_evaluation.html HTTP/1.1"
2522	2025/03/24 14:04:57	"GET /uv2582fip2582inf210/project_specifications.html HTTP/1.1"
2522	2025/02/28 09:41:21	"GET /uv2582fip2582inf210/project_presentation.html HTTP/1.1"
2522	2025/02/28 09:41:26	"GET /uv2582fip2582inf210/project_part1.html HTTP/1.1"
2522	2025/02/21 14:03:12	"GET /uv2582fip2582inf210/web_architecture_home.html HTTP/1.1"
2522	2025/02/21 14:03:15	"GET /uv2582fip2582inf210/data_home.html HTTP/1.1"
2522	2025/02/21 14:03:20	"GET /uv2582fip2582inf210/lecture_normalization.html HTTP/1.1"
2522	2025/02/26 09:51:39	"GET /uv2582fip2582inf210/project_presentation.html HTTP/1.1"
2522	2025/02/26 10:01:21	"GET /uv2582fip2582inf210/project_part1.html HTTP/1.1"
2522	2025/02/26 10:05:40	"GET /uv2582fip2582inf210/project_specifications.html HTTP/1.1"
2522	2025/02/26 10:05:48	"GET /uv2582fip2582inf210/project_task_time.html HTTP/1.1"
2522	2025/02/26 10:06:19	"GET /uv2582fip2582inf210/project_evaluation.html HTTP/1.1"
2522	2025/02/26 10:45:58	"GET /uv2582fip2582inf210/data_home.html HTTP/1.1"
2522	2025/02/26 10:46:04	"GET /uv2582fip2582inf210/lecture_relational_model.html HTTP/1.1"
2522	2025/02/26 10:46:09	"GET /uv2582fip2582inf210/lecture_modeling_normalization.html HTTP/1.1"
2522	2025/02/26 10:46:09	"GET /uv2582fip2582inf210/lecture_conceptual_modeling.html HTTP/1.1"
2522	2025/02/26 13:23:21	"GET /uv2582fip2582inf210/activity_conceptual_modeling.html HTTP/1.1"
2522	2025/02/24 14:33:13	"GET /uv2582fip2582inf210/project_home.html HTTP/1.1"
2522	2025/02/24 14:35:42	"GET /uv2582fip2582inf210/index.html HTTP/1.1"
2522	2025/02/24 14:36:00	"GET /uv2582fip2582inf210/web_architecture_home.html HTTP/1.1"
2522	2025/02/24 14:37:54	"GET /uv2582fip2582inf210/data_home.html HTTP/1.1"
2522	2025/02/24 14:51:32	"GET /uv2582fip2582inf210/project_home.html?C=M;O=D HTTP/1.1"
2522	2025/02/24 14:58:00	"GET /uv2582fip2582inf210/practice_spring_2tiers_ext.html HTTP/1.1"
2522	2025/02/24 15:00:37	"GET /uv2582fip2582inf210/lecture_xpath.html HTTP/1.1"
2522	2025/02/24 15:00:39	"GET /uv2582fip2582inf210/lecture_xml.html HTTP/1.1"
2522	2025/03/27 15:45:09	"GET /uv2582fip2582inf210/project_presentation.html HTTP/1.1"
2522	2025/03/27 15:45:11	"GET /uv2582fip2582inf210/project_evaluation.html HTTP/1.1"
2522	2025/03/27 15:51:45	"GET /uv2582fip2582inf210/project_structureui.html HTTP/1.1"
2522	2025/03/21 09:46:51	"GET /uv2582fip2582inf210/project_presentation.html HTTP/1.1"
2522	2025/03/21 09:48:40	"GET /uv2582fip2582inf210/project_specifications.html HTTP/1.1"
2522	2025/03/07 16:14:11	"GET /uv2582fip2582inf210/project_presentation.html HTTP/1.1"
2522	2025/03/07 16:16:47	"GET /uv2582fip2582inf210/project_part3.html HTTP/1.1"
2522	2025/03/12 13:06:37	"GET /uv2582fip2582inf210/project_presentation.html HTTP/1.1"
2522	2025/03/12 13:06:54	"GET /uv2582fip2582inf210/project_specifications.html HTTP/1.1"
2522	2025/02/03 14:03:12	"GET /uv2582fip2582inf210/images/prerequisite_data/prerequisite_data_2025.html HTTP/1.1"
2522	2025/02/03 14:03:30	"GET /uv2582fip2582inf210/lecture_normalization.html HTTP/1.1"
2522	2025/02/03 14:19:11	"GET /uv2582fip2582inf210/lecture_conceptual_modeling.html HTTP/1.1"
2522	2025/02/03 14:19:52	"GET /uv2582fip2582inf210/activity_conceptual_modeling.html HTTP/1.1"
2522	2025/02/03 14:21:00	"GET /uv2582fip2582inf210/activity_decomposition.html HTTP/1.1"
2522	2025/02/03 14:25:10	"GET /uv2582fip2582inf210/practice_advanced_sql.html HTTP/1.1"
2522	2025/02/03 14:40:55	"GET /uv2582fip2582inf210/practice_sql.html HTTP/1.1"
2522	2025/02/03 14:41:11	"GET /uv2582fip2582inf210/activity_sql.html HTTP/1.1"
2522	2025/02/03 14:46:59	"GET /uv2582fip2582inf210/practice_advanced_sql_correction.html HTTP/1.1"
2522	2025/02/03 15:32:37	"GET /uv2582fip2582inf210/lecture_indexation.html HTTP/1.1"
2522	2025/02/03 15:47:04	"GET /uv2582fip2582inf210/practice_indexation.html HTTP/1.1"
2522	2025/02/03 15:47:27	"GET /uv2582fip2582inf210/practice_isolation.html HTTP/1.1"
2522	2025/02/03 15:47:30	"GET /uv2582fip2582inf210/lecture_isolation.html HTTP/1.1"
2522	2025/02/03 16:22:08	"GET /uv2582fip2582inf210/index.html HTTP/1.1"
2522	2025/02/03 16:22:32	"GET /uv2582fip2582inf210/web_architecture_home.html HTTP/1.1"
2522	2025/02/03 16:22:37	"GET /uv2582fip2582inf210/project_home.html HTTP/1.1"
2522	2025/02/03 16:25:18	"GET /uv2582fip2582inf210/data_home.html HTTP/1.1"
2522	2025/02/03 16:30:37	"GET /uv2582fip2582inf210/images/prerequisite_archiweb/prerequisite_archiweb_2025.html HTTP/1.1"
2522	2025/02/03 16:30:40	"GET /uv2582fip2582inf210/lecture_software_architecture.html HTTP/1.1"
2522	2025/02/03 16:30:51	"GET /uv2582fip2582inf210/lecture_mvc_spring.html HTTP/1.1"
2522	2025/02/03 16:34:33	"GET /uv2582fip2582inf210/lecture_jpa.html HTTP/1.1"
2522	2025/01/24 09:36:26	"GET /uv2582fip2582inf210/technical_environment_home.html HTTP/1.1"
2522	2025/01/24 09:38:49	"GET /uv2582fip2582inf210/images/prerequisite_techenv/prerequisite_techenv_2025.html HTTP/1.1"
2522	2025/01/24 09:38:51	"GET /uv2582fip2582inf210/documentation_programming.html HTTP/1.1"
2522	2025/01/24 09:40:04	"GET /uv2582fip2582inf210/practice_docker_advanced.html HTTP/1.1"
2522	2025/01/24 09:58:54	"GET /uv2582fip2582inf210/inversion_of_control.html HTTP/1.1"
2522	2025/01/24 10:04:35	"GET /uv2582fip2582inf210/spring_bean.html HTTP/1.1"
2522	2025/01/24 10:27:57	"GET /uv2582fip2582inf210/practice_spring.html HTTP/1.1"
2522	2025/01/31 14:25:36	"GET /uv2582fip2582inf210/activity_relational_model_correction.html HTTP/1.1"
2522	2025/01/31 14:26:40	"GET /uv2582fip2582inf210/lecture_modeling_normalization.html HTTP/1.1"
2522	2025/01/31 14:28:15	"GET /uv2582fip2582inf210/lecture_conceptual_modeling.html HTTP/1.1"
2522	2025/01/31 14:31:17	"GET /uv2582fip2582inf210/activity_conceptual_modeling.html HTTP/1.1"
2522	2025/01/31 15:04:38	"GET /uv2582fip2582inf210/activity_conceptual_modeling_correction.html HTTP/1.1"
2522	2025/01/31 15:05:28	"GET /uv2582fip2582inf210/lecture_normalization.html HTTP/1.1"
2522	2025/01/31 16:24:03	"GET /uv2582fip2582inf210/activity_normalization.html HTTP/1.1"
2522	2025/01/31 16:33:40	"GET /uv2582fip2582inf210/activity_sql.html HTTP/1.1"
2522	2025/01/31 16:34:17	"GET /uv2582fip2582inf210/practice_sql.html HTTP/1.1"
2522	2025/01/31 16:34:57	"GET /uv2582fip2582inf210/practice_advanced_sql.html HTTP/1.1"
2522	2025/01/31 16:35:25	"GET /uv2582fip2582inf210/lecture_transaction.html HTTP/1.1"
2522	2025/01/31 21:14:48	"GET /uv2582fip2582inf210/web_architecture_home.html HTTP/1.1"
2522	2025/01/31 21:14:52	"GET /uv2582fip2582inf210/lecture_technical_architecture.html HTTP/1.1"
2522	2025/01/31 21:16:31	"GET /uv2582fip2582inf210/lecture_software_architecture.html HTTP/1.1"
2522	2025/01/31 21:22:58	"GET /uv2582fip2582inf210/lecture_dto.html HTTP/1.1"
2522	2025/01/31 21:30:30	"GET /uv2582fip2582inf210/lecture_mvc_spring.html HTTP/1.1"
2522	2025/01/31 23:25:46	"GET /uv2582fip2582inf210/practice_transaction.html HTTP/1.1"
2522	2025/01/31 23:25:55	"GET /uv2582fip2582inf210/index.html HTTP/1.1"
2522	2025/01/31 23:25:59	"GET /uv2582fip2582inf210/web_architecture_home.html HTTP/1.1"
2522	2025/01/31 23:26:04	"GET /uv2582fip2582inf210/lecture_software_architecture.html HTTP/1.1"
2522	2025/01/31 23:26:05	"GET /uv2582fip2582inf210/lecture_dto.html HTTP/1.1"
2522	2025/01/31 23:26:12	"GET /uv2582fip2582inf210/lecture_mvc_spring.html HTTP/1.1"
2522	2025/03/08 15:40:48	"GET /uv2582fip2582inf210/project_presentation.html HTTP/1.1"
2522	2025/03/08 15:40:51	"GET /uv2582fip2582inf210/project_part3.html HTTP/1.1"
2522	2025/03/08 15:46:42	"GET /uv2582fip2582inf210/project_structureui.html HTTP/1.1"
2522	2025/03/08 15:47:22	"GET /uv2582fip2582inf210/project_specifications.html HTTP/1.1"
2522	2025/01/30 09:36:57	"GET /uv2582fip2582inf210/data_home.html HTTP/1.1"
2522	2025/01/30 09:44:03	"GET /uv2582fip2582inf210/images/prerequisite_data/prerequisite_data_2025.html HTTP/1.1"
2522	2025/01/30 10:35:32	"GET /uv2582fip2582inf210/lecture_relational_model.html HTTP/1.1"
2522	2025/01/30 10:35:33	"GET /uv2582fip2582inf210/index.html HTTP/1.1"
2522	2025/01/30 10:35:39	"GET /uv2582fip2582inf210/technical_environment_home.html HTTP/1.1"
2522	2025/01/30 10:35:44	"GET /uv2582fip2582inf210/practice_postgresql.html HTTP/1.1"
2522	2025/01/30 11:19:47	"GET /uv2582fip2582inf210/lecture_db_integrity.html HTTP/1.1"
2522	2025/01/30 11:41:08	"GET /uv2582fip2582inf210/lecture_relational_algebra.html HTTP/1.1"
2522	2025/01/30 11:41:13	"GET /uv2582fip2582inf210/activity_relational_model.html HTTP/1.1"
2522	2025/03/09 16:26:41	"GET /uv2582fip2582inf210/project_presentation.html HTTP/1.1"
2522	2025/03/09 16:26:48	"GET /uv2582fip2582inf210/project_specifications.html HTTP/1.1"
2522	2025/02/17 14:14:44	"GET /uv2582fip2582inf210/data_home.html HTTP/1.1"
2522	2025/02/17 14:14:51	"GET /uv2582fip2582inf210/lecture_conceptual_modeling.html HTTP/1.1"
2522	2025/02/17 16:07:05	"GET /uv2582fip2582inf210/lecture_normalization.html HTTP/1.1"
2522	2025/03/01 09:15:01	"GET /uv2582fip2582inf210/project_task_time.html HTTP/1.1"
2522	2025/01/22 14:38:14	"GET /uv2582fip2582inf210/project_home.html HTTP/1.1"
2522	2025/01/22 14:38:38	"GET /uv2582fip2582inf210/technical_environment_home.html HTTP/1.1"
2522	2025/01/22 14:38:58	"GET /uv2582fip2582inf210/web_architecture_home.html HTTP/1.1"
2522	2025/02/05 14:26:23	"GET /uv2582fip2582inf210/practice_jpa.html HTTP/1.1"
2522	2025/02/05 14:48:13	"GET /uv2582fip2582inf210/practice_spring_2tiers_ext.html HTTP/1.1"
2522	2025/02/05 14:51:41	"GET /uv2582fip2582inf210/lecture_jpa.html HTTP/1.1"
2522	2025/02/05 15:53:00	"GET /uv2582fip2582inf210/practice_jpa_advanced.html HTTP/1.1"
2522	2025/02/10 14:21:54	"GET /uv2582fip2582inf210/web_architecture_home.html HTTP/1.1"
2522	2025/02/10 14:21:57	"GET /uv2582fip2582inf210/practice_jpa.html HTTP/1.1"
2522	2025/02/10 15:01:13	"GET /uv2582fip2582inf210/practice_jpa_advanced.html HTTP/1.1"
2522	2025/02/10 15:58:45	"GET /uv2582fip2582inf210/practice_spring_2tiers.html HTTP/1.1"
2522	2025/03/19 09:44:13	"GET /uv2582fip2582inf210/data_home.html HTTP/1.1"
2522	2025/03/19 09:44:15	"GET /uv2582fip2582inf210/project_presentation.html HTTP/1.1"
2522	2025/03/19 09:44:51	"GET /uv2582fip2582inf210/project_evaluation.html HTTP/1.1"
2522	2025/03/19 14:23:18	"GET /uv2582fip2582inf210/project_specifications.html HTTP/1.1"
2522	2025/03/19 15:10:56	"GET /uv2582fip2582inf210/index.html HTTP/1.1"
2522	2025/03/19 15:11:04	"GET /uv2582fip2582inf210/lecture_normalization.html HTTP/1.1"
2522	2025/02/12 09:58:24	"GET /uv2582fip2582inf210/practice_spring_2tiers.html HTTP/1.1"
2522	2025/03/11 18:17:53	"GET /uv2582fip2582inf210/project_presentation.html HTTP/1.1"
2522	2025/03/11 18:17:56	"GET /uv2582fip2582inf210/project_specifications.html HTTP/1.1"
2522	2025/03/03 11:20:15	"GET /uv2582fip2582inf210/project_presentation.html HTTP/1.1"
2522	2025/03/03 11:20:22	"GET /uv2582fip2582inf210/project_part2.html HTTP/1.1"
2522	2025/01/29 13:04:30	"GET /uv2582fip2582inf210/technical_environment_home.html HTTP/1.1"
2522	2025/01/29 13:04:33	"GET /uv2582fip2582inf210/images/prerequisite_techenv/prerequisite_techenv_2025.html HTTP/1.1"
2522	2025/01/29 14:09:59	"GET /uv2582fip2582inf210/practice_spring.html HTTP/1.1"
2522	2025/01/29 14:34:39	"GET /uv2582fip2582inf210/web_architecture_home.html HTTP/1.1"
2522	2025/01/29 14:42:03	"GET /uv2582fip2582inf210/images/prerequisite_archiweb/prerequisite_archiweb_2025.html HTTP/1.1"
2522	2025/01/29 14:50:16	"GET /uv2582fip2582inf210/lecture_technical_architecture.html HTTP/1.1"
