2523	2025/03/31 20:17:17	"GET /uv2582fip2582inf210/project_presentation.html HTTP/1.1"
2523	2025/03/31 20:17:17	"GET /uv2582fip2582inf210/project_presentation.html HTTP/1.1"
2523	2025/03/31 20:17:24	"GET /uv2582fip2582inf210/project_specifications.html HTTP/1.1"
2523	2025/03/31 20:17:24	"GET /uv2582fip2582inf210/project_specifications.html HTTP/1.1"
2523	2025/03/24 09:40:52	"GET /uv2582fip2582inf210/technical_environment_home.html HTTP/1.1"
2523	2025/03/24 09:40:52	"GET /uv2582fip2582inf210/technical_environment_home.html HTTP/1.1"
2523	2025/03/24 09:40:59	"GET /uv2582fip2582inf210/data_home.html HTTP/1.1"
2523	2025/03/24 09:41:00	"GET /uv2582fip2582inf210/data_home.html HTTP/1.1"
2523	2025/03/24 09:41:04	"GET /uv2582fip2582inf210/lecture_modeling_normalization.html HTTP/1.1"
2523	2025/03/24 09:41:04	"GET /uv2582fip2582inf210/lecture_modeling_normalization.html HTTP/1.1"
2523	2025/03/24 09:41:17	"GET /uv2582fip2582inf210/activity_conceptual_modeling.html HTTP/1.1"
2523	2025/03/24 09:41:17	"GET /uv2582fip2582inf210/activity_conceptual_modeling.html HTTP/1.1"
2523	2025/03/24 09:51:58	"GET /uv2582fip2582inf210/activity_conceptual_modeling_correction.html HTTP/1.1"
2523	2025/03/24 09:51:59	"GET /uv2582fip2582inf210/activity_conceptual_modeling_correction.html HTTP/1.1"
2523	2025/02/20 23:46:55	"GET /uv2582fip2582inf210/data_home.html HTTP/1.1"
2523	2025/02/20 23:47:06	"GET /uv2582fip2582inf210/activity_conceptual_modeling.html HTTP/1.1"
2523	2025/02/20 23:47:35	"GET /uv2582fip2582inf210/lecture_normalization.html HTTP/1.1"
2523	2025/02/26 10:03:23	"GET /uv2582fip2582inf210/project_presentation.html HTTP/1.1"
2523	2025/02/26 10:03:24	"GET /uv2582fip2582inf210/project_presentation.html HTTP/1.1"
2523	2025/02/26 10:03:29	"GET /uv2582fip2582inf210/project_part1.html HTTP/1.1"
2523	2025/02/26 10:03:29	"GET /uv2582fip2582inf210/project_part1.html HTTP/1.1"
2523	2025/02/26 10:06:32	"GET /uv2582fip2582inf210/project_evaluation.html HTTP/1.1"
2523	2025/02/26 10:06:32	"GET /uv2582fip2582inf210/project_evaluation.html HTTP/1.1"
2523	2025/02/26 10:10:47	"GET /uv2582fip2582inf210/project_specifications.html HTTP/1.1"
2523	2025/02/26 10:10:47	"GET /uv2582fip2582inf210/project_specifications.html HTTP/1.1"
2523	2025/02/26 10:28:28	"GET /uv2582fip2582inf210/project_task_time.html HTTP/1.1"
2523	2025/02/26 10:28:28	"GET /uv2582fip2582inf210/project_task_time.html HTTP/1.1"
2523	2025/02/26 13:39:09	"GET /uv2582fip2582inf210/project_specifications.html HTTP/1.1"
2523	2025/02/26 13:39:19	"GET /uv2582fip2582inf210/project_task_time.html HTTP/1.1"
2523	2025/02/26 13:39:23	"GET /uv2582fip2582inf210/index.html HTTP/1.1"
2523	2025/02/26 13:39:23	"GET /uv2582fip2582inf210/index.html HTTP/1.1"
2523	2025/02/26 13:39:28	"GET /uv2582fip2582inf210/technical_environment_home.html HTTP/1.1"
2523	2025/02/26 13:39:28	"GET /uv2582fip2582inf210/technical_environment_home.html HTTP/1.1"
2523	2025/02/26 13:39:34	"GET /uv2582fip2582inf210/data_home.html HTTP/1.1"
2523	2025/02/26 13:39:34	"GET /uv2582fip2582inf210/data_home.html HTTP/1.1"
2523	2025/02/26 13:39:40	"GET /uv2582fip2582inf210/activity_conceptual_modeling.html HTTP/1.1"
2523	2025/02/26 13:39:40	"GET /uv2582fip2582inf210/activity_conceptual_modeling.html HTTP/1.1"
2523	2025/02/26 13:39:44	"GET /uv2582fip2582inf210/activity_conceptual_modeling_correction.html HTTP/1.1"
2523	2025/02/26 13:39:44	"GET /uv2582fip2582inf210/activity_conceptual_modeling_correction.html HTTP/1.1"
2523	2025/02/26 13:55:44	"GET /uv2582fip2582inf210/project_part1.html HTTP/1.1"
2523	2025/04/01 19:36:24	"GET /uv2582fip2582inf210/project_presentation.html HTTP/1.1"
2523	2025/04/01 19:36:24	"GET /uv2582fip2582inf210/project_presentation.html HTTP/1.1"
2523	2025/04/01 19:36:28	"GET /uv2582fip2582inf210/project_specifications.html HTTP/1.1"
2523	2025/04/01 19:36:28	"GET /uv2582fip2582inf210/project_specifications.html HTTP/1.1"
2523	2025/02/24 14:57:51	"GET /uv2582fip2582inf210/web_architecture_home.html HTTP/1.1"
2523	2025/02/24 14:57:51	"GET /uv2582fip2582inf210/web_architecture_home.html HTTP/1.1"
2523	2025/02/24 14:57:55	"GET /uv2582fip2582inf210/lecture_xml.html HTTP/1.1"
2523	2025/02/24 14:57:55	"GET /uv2582fip2582inf210/lecture_xml.html HTTP/1.1"
2523	2025/02/24 14:57:59	"GET /uv2582fip2582inf210/practice_xml.html HTTP/1.1"
2523	2025/02/24 14:57:59	"GET /uv2582fip2582inf210/practice_xml.html HTTP/1.1"
2523	2025/03/21 10:16:36	"GET /uv2582fip2582inf210/project_presentation.html HTTP/1.1"
2523	2025/03/21 10:16:36	"GET /uv2582fip2582inf210/project_presentation.html HTTP/1.1"
2523	2025/03/21 10:16:40	"GET /uv2582fip2582inf210/project_specifications.html HTTP/1.1"
2523	2025/03/21 10:16:40	"GET /uv2582fip2582inf210/project_specifications.html HTTP/1.1"
2523	2025/03/07 10:11:28	"GET /uv2582fip2582inf210/project_presentation.html HTTP/1.1"
2523	2025/03/07 10:11:28	"GET /uv2582fip2582inf210/project_presentation.html HTTP/1.1"
2523	2025/03/07 10:11:30	"GET /uv2582fip2582inf210/project_part2.html HTTP/1.1"
2523	2025/03/07 10:11:30	"GET /uv2582fip2582inf210/project_part2.html HTTP/1.1"
2523	2025/03/07 14:07:16	"GET /uv2582fip2582inf210/data_home.html HTTP/1.1"
2523	2025/03/07 14:07:16	"GET /uv2582fip2582inf210/data_home.html HTTP/1.1"
2523	2025/03/07 14:07:19	"GET /uv2582fip2582inf210/index.html HTTP/1.1"
2523	2025/03/07 14:07:19	"GET /uv2582fip2582inf210/index.html HTTP/1.1"
2523	2025/03/12 18:51:38	"GET /uv2582fip2582inf210/project_presentation.html HTTP/1.1"
2523	2025/03/12 18:51:38	"GET /uv2582fip2582inf210/project_presentation.html HTTP/1.1"
2523	2025/03/12 18:51:45	"GET /uv2582fip2582inf210/project_part3.html HTTP/1.1"
2523	2025/03/12 18:51:45	"GET /uv2582fip2582inf210/project_part3.html HTTP/1.1"
2523	2025/03/12 19:08:01	"GET /uv2582fip2582inf210/project_specifications.html HTTP/1.1"
2523	2025/03/12 19:08:02	"GET /uv2582fip2582inf210/project_specifications.html HTTP/1.1"
2523	2025/03/15 17:53:42	"GET /uv2582fip2582inf210/web_architecture_home.html HTTP/1.1"
2523	2025/03/15 17:53:43	"GET /uv2582fip2582inf210/web_architecture_home.html HTTP/1.1"
2523	2025/03/15 17:53:46	"GET /uv2582fip2582inf210/project_presentation.html HTTP/1.1"
2523	2025/03/15 17:53:46	"GET /uv2582fip2582inf210/project_presentation.html HTTP/1.1"
2523	2025/03/15 17:53:57	"GET /uv2582fip2582inf210/project_specifications.html HTTP/1.1"
2523	2025/03/15 17:53:57	"GET /uv2582fip2582inf210/project_specifications.html HTTP/1.1"
2523	2025/02/03 14:04:14	"GET /uv2582fip2582inf210/technical_environment_home.html HTTP/1.1"
2523	2025/02/03 14:04:14	"GET /uv2582fip2582inf210/technical_environment_home.html HTTP/1.1"
2523	2025/02/03 14:04:27	"GET /uv2582fip2582inf210/technical_environment_home.html HTTP/1.1"
2523	2025/02/03 14:04:30	"GET /uv2582fip2582inf210/index.html HTTP/1.1"
2523	2025/02/03 14:04:30	"GET /uv2582fip2582inf210/index.html HTTP/1.1"
2523	2025/02/03 14:04:32	"GET /uv2582fip2582inf210/web_architecture_home.html HTTP/1.1"
2523	2025/02/03 14:04:32	"GET /uv2582fip2582inf210/web_architecture_home.html HTTP/1.1"
2523	2025/02/03 14:04:36	"GET /uv2582fip2582inf210/data_home.html HTTP/1.1"
2523	2025/02/03 14:04:36	"GET /uv2582fip2582inf210/data_home.html HTTP/1.1"
2523	2025/02/03 14:04:56	"GET /uv2582fip2582inf210/activity_normalization.html HTTP/1.1"
2523	2025/02/03 14:04:57	"GET /uv2582fip2582inf210/activity_normalization.html HTTP/1.1"
2523	2025/02/03 14:15:18	"GET /uv2582fip2582inf210/lecture_normalization.html HTTP/1.1"
2523	2025/02/03 14:15:19	"GET /uv2582fip2582inf210/lecture_normalization.html HTTP/1.1"
2523	2025/02/03 14:43:19	"GET /uv2582fip2582inf210/activity_normalization_correction.html HTTP/1.1"
2523	2025/02/03 14:43:20	"GET /uv2582fip2582inf210/activity_normalization_correction.html HTTP/1.1"
2523	2025/02/03 14:44:33	"GET /uv2582fip2582inf210/activity_normalization_correction.html HTTP/1.1"
2523	2025/02/03 15:54:54	"GET /uv2582fip2582inf210/lecture_transaction.html HTTP/1.1"
2523	2025/02/03 15:54:54	"GET /uv2582fip2582inf210/lecture_transaction.html HTTP/1.1"
2523	2025/02/03 16:25:34	"GET /uv2582fip2582inf210/practice_transaction.html HTTP/1.1"
2523	2025/02/03 16:25:34	"GET /uv2582fip2582inf210/practice_transaction.html HTTP/1.1"
2523	2025/01/24 09:38:43	"GET /uv2582fip2582inf210/technical_environment_home.html HTTP/1.1"
2523	2025/01/24 09:38:43	"GET /uv2582fip2582inf210/technical_environment_home.html HTTP/1.1"
2523	2025/01/24 09:44:35	"GET /uv2582fip2582inf210/documentation_programming.html HTTP/1.1"
2523	2025/01/24 09:44:37	"GET /uv2582fip2582inf210/documentation_programming.html HTTP/1.1"
2523	2025/01/24 09:59:05	"GET /uv2582fip2582inf210/inversion_of_control.html HTTP/1.1"
2523	2025/01/24 09:59:06	"GET /uv2582fip2582inf210/inversion_of_control.html HTTP/1.1"
2523	2025/01/24 10:42:30	"GET /uv2582fip2582inf210/project_home.html HTTP/1.1"
2523	2025/01/24 10:42:30	"GET /uv2582fip2582inf210/project_home.html HTTP/1.1"
2523	2025/01/24 10:42:40	"GET /uv2582fip2582inf210/data_home.html HTTP/1.1"
2523	2025/01/24 10:42:41	"GET /uv2582fip2582inf210/data_home.html HTTP/1.1"
2523	2025/01/24 11:27:43	"GET /uv2582fip2582inf210/spring_bean.html HTTP/1.1"
2523	2025/01/24 11:27:44	"GET /uv2582fip2582inf210/spring_bean.html HTTP/1.1"
2523	2025/01/24 11:29:59	"GET /uv2582fip2582inf210/practice_spring.html HTTP/1.1"
2523	2025/01/24 11:29:59	"GET /uv2582fip2582inf210/practice_spring.html HTTP/1.1"
2523	2025/01/31 14:11:19	"GET /uv2582fip2582inf210/index.html HTTP/1.1"
2523	2025/01/31 14:11:19	"GET /uv2582fip2582inf210/index.html HTTP/1.1"
2523	2025/01/31 14:11:50	"GET /uv2582fip2582inf210/technical_environment_home.html HTTP/1.1"
2523	2025/01/31 14:11:50	"GET /uv2582fip2582inf210/technical_environment_home.html HTTP/1.1"
2523	2025/01/31 14:11:53	"GET /uv2582fip2582inf210/practice_docker.html HTTP/1.1"
2523	2025/01/31 14:11:53	"GET /uv2582fip2582inf210/practice_docker.html HTTP/1.1"
2523	2025/01/31 14:21:42	"GET /uv2582fip2582inf210/lecture_modeling_normalization.html HTTP/1.1"
2523	2025/01/31 14:21:42	"GET /uv2582fip2582inf210/lecture_modeling_normalization.html HTTP/1.1"
2523	2025/01/31 14:28:46	"GET /uv2582fip2582inf210/lecture_conceptual_modeling.html HTTP/1.1"
2523	2025/01/31 14:28:46	"GET /uv2582fip2582inf210/lecture_conceptual_modeling.html HTTP/1.1"
2523	2025/01/31 14:50:17	"GET /uv2582fip2582inf210/activity_conceptual_modeling.html HTTP/1.1"
2523	2025/01/31 14:50:18	"GET /uv2582fip2582inf210/activity_conceptual_modeling.html HTTP/1.1"
2523	2025/01/31 14:52:19	"GET /uv2582fip2582inf210/lecture_normalization.html HTTP/1.1"
2523	2025/01/31 14:52:20	"GET /uv2582fip2582inf210/lecture_normalization.html HTTP/1.1"
2523	2025/01/31 15:45:10	"GET /uv2582fip2582inf210/activity_conceptual_modeling_correction.html HTTP/1.1"
2523	2025/01/31 15:45:10	"GET /uv2582fip2582inf210/activity_conceptual_modeling_correction.html HTTP/1.1"
2523	2025/01/31 16:23:22	"GET /uv2582fip2582inf210/activity_sql.html HTTP/1.1"
2523	2025/01/31 16:23:22	"GET /uv2582fip2582inf210/activity_sql.html HTTP/1.1"
2523	2025/01/30 09:35:36	"GET /uv2582fip2582inf210/technical_environment_home.html HTTP/1.1"
2523	2025/01/30 09:35:37	"GET /uv2582fip2582inf210/technical_environment_home.html HTTP/1.1"
2523	2025/01/30 09:38:51	"GET /uv2582fip2582inf210/documentation_docker.html HTTP/1.1"
2523	2025/01/30 09:38:51	"GET /uv2582fip2582inf210/documentation_docker.html HTTP/1.1"
2523	2025/01/30 09:57:43	"GET /uv2582fip2582inf210/practice_docker.html HTTP/1.1"
2523	2025/01/30 09:57:43	"GET /uv2582fip2582inf210/practice_docker.html HTTP/1.1"
2523	2025/01/30 10:34:22	"GET /uv2582fip2582inf210/practice_postgresql.html HTTP/1.1"
2523	2025/01/30 10:34:22	"GET /uv2582fip2582inf210/practice_postgresql.html HTTP/1.1"
2523	2025/01/30 10:40:09	"GET /uv2582fip2582inf210/documentation_rdbms.html HTTP/1.1"
2523	2025/01/30 10:40:09	"GET /uv2582fip2582inf210/documentation_rdbms.html HTTP/1.1"
2523	2025/01/30 11:09:42	"GET /uv2582fip2582inf210/index.html HTTP/1.1"
2523	2025/01/30 11:09:42	"GET /uv2582fip2582inf210/index.html HTTP/1.1"
2523	2025/01/30 11:09:45	"GET /uv2582fip2582inf210/web_architecture_home.html HTTP/1.1"
2523	2025/01/30 11:09:45	"GET /uv2582fip2582inf210/web_architecture_home.html HTTP/1.1"
2523	2025/01/30 11:09:55	"GET /uv2582fip2582inf210/data_home.html HTTP/1.1"
2523	2025/01/30 11:09:55	"GET /uv2582fip2582inf210/data_home.html HTTP/1.1"
2523	2025/01/30 11:10:21	"GET /uv2582fip2582inf210/lecture_technical_architecture.html HTTP/1.1"
2523	2025/01/30 11:10:21	"GET /uv2582fip2582inf210/lecture_technical_architecture.html HTTP/1.1"
2523	2025/01/30 11:10:29	"GET /uv2582fip2582inf210/lecture_relational_model.html HTTP/1.1"
2523	2025/01/30 11:10:29	"GET /uv2582fip2582inf210/lecture_relational_model.html HTTP/1.1"
2523	2025/01/30 11:18:16	"GET /uv2582fip2582inf210/lecture_db_integrity.html HTTP/1.1"
2523	2025/01/30 11:18:17	"GET /uv2582fip2582inf210/lecture_db_integrity.html HTTP/1.1"
2523	2025/01/30 11:38:57	"GET /uv2582fip2582inf210/activity_relational_model.html HTTP/1.1"
2523	2025/01/30 11:38:57	"GET /uv2582fip2582inf210/activity_relational_model.html HTTP/1.1"
2523	2025/02/17 14:15:25	"GET /uv2582fip2582inf210/technical_environment_home.html HTTP/1.1"
2523	2025/02/17 14:15:25	"GET /uv2582fip2582inf210/technical_environment_home.html HTTP/1.1"
2523	2025/02/17 14:15:31	"GET /uv2582fip2582inf210/practice_postgresql.html HTTP/1.1"
2523	2025/02/17 14:15:31	"GET /uv2582fip2582inf210/practice_postgresql.html HTTP/1.1"
2523	2025/02/17 14:15:36	"GET /uv2582fip2582inf210/index.html HTTP/1.1"
2523	2025/02/17 14:15:36	"GET /uv2582fip2582inf210/index.html HTTP/1.1"
2523	2025/02/17 14:15:40	"GET /uv2582fip2582inf210/web_architecture_home.html HTTP/1.1"
2523	2025/02/17 14:15:40	"GET /uv2582fip2582inf210/web_architecture_home.html HTTP/1.1"
2523	2025/02/17 14:15:45	"GET /uv2582fip2582inf210/data_home.html HTTP/1.1"
2523	2025/02/17 14:15:45	"GET /uv2582fip2582inf210/data_home.html HTTP/1.1"
2523	2025/02/17 14:15:52	"GET /uv2582fip2582inf210/lecture_conceptual_modeling.html HTTP/1.1"
2523	2025/02/17 14:15:52	"GET /uv2582fip2582inf210/lecture_conceptual_modeling.html HTTP/1.1"
2523	2025/02/17 15:31:51	"GET /uv2582fip2582inf210/lecture_normalization.html HTTP/1.1"
2523	2025/02/17 15:31:51	"GET /uv2582fip2582inf210/lecture_normalization.html HTTP/1.1"
2523	2025/02/05 14:34:01	"GET /uv2582fip2582inf210/web_architecture_home.html HTTP/1.1"
2523	2025/02/05 14:34:01	"GET /uv2582fip2582inf210/web_architecture_home.html HTTP/1.1"
2523	2025/02/05 14:35:42	"GET /uv2582fip2582inf210/lecture_technical_architecture.html HTTP/1.1"
2523	2025/02/05 14:35:43	"GET /uv2582fip2582inf210/lecture_technical_architecture.html HTTP/1.1"
2523	2025/02/05 14:48:58	"GET /uv2582fip2582inf210/lecture_software_architecture.html HTTP/1.1"
2523	2025/02/05 14:48:58	"GET /uv2582fip2582inf210/lecture_software_architecture.html HTTP/1.1"
2523	2025/02/05 15:57:18	"GET /uv2582fip2582inf210/lecture_dto.html HTTP/1.1"
2523	2025/02/05 15:57:19	"GET /uv2582fip2582inf210/lecture_dto.html HTTP/1.1"
2523	2025/02/05 15:57:33	"GET /uv2582fip2582inf210/licence.html HTTP/1.1"
2523	2025/02/05 15:57:33	"GET /uv2582fip2582inf210/licence.html HTTP/1.1"
2523	2025/02/05 16:04:16	"GET /uv2582fip2582inf210/lecture_xml.html HTTP/1.1"
2523	2025/02/05 16:04:18	"GET /uv2582fip2582inf210/lecture_xml.html HTTP/1.1"
2523	2025/02/05 16:04:56	"GET /uv2582fip2582inf210/lecture_json.html HTTP/1.1"
2523	2025/02/05 16:04:56	"GET /uv2582fip2582inf210/lecture_json.html HTTP/1.1"
2523	2025/02/05 16:08:50	"GET /uv2582fip2582inf210/lecture_mvc_spring.html HTTP/1.1"
2523	2025/02/05 16:08:50	"GET /uv2582fip2582inf210/lecture_mvc_spring.html HTTP/1.1"
2523	2025/02/10 14:36:26	"GET /uv2582fip2582inf210/web_architecture_home.html HTTP/1.1"
2523	2025/02/10 14:36:26	"GET /uv2582fip2582inf210/web_architecture_home.html HTTP/1.1"
2523	2025/02/10 14:36:31	"GET /uv2582fip2582inf210/lecture_dto.html HTTP/1.1"
2523	2025/02/10 14:36:31	"GET /uv2582fip2582inf210/lecture_dto.html HTTP/1.1"
2523	2025/02/10 14:36:37	"GET /uv2582fip2582inf210/lecture_mvc_spring.html HTTP/1.1"
2523	2025/02/10 14:36:37	"GET /uv2582fip2582inf210/lecture_mvc_spring.html HTTP/1.1"
2523	2025/02/12 10:03:50	"GET /uv2582fip2582inf210/web_architecture_home.html HTTP/1.1"
2523	2025/02/12 10:03:51	"GET /uv2582fip2582inf210/web_architecture_home.html HTTP/1.1"
2523	2025/02/12 10:05:50	"GET /uv2582fip2582inf210/lecture_mvc_spring.html HTTP/1.1"
2523	2025/02/12 10:05:50	"GET /uv2582fip2582inf210/lecture_mvc_spring.html HTTP/1.1"
2523	2025/02/12 10:35:34	"GET /uv2582fip2582inf210/lecture_jpa.html HTTP/1.1"
2523	2025/02/12 10:35:35	"GET /uv2582fip2582inf210/lecture_jpa.html HTTP/1.1"
2523	2025/02/12 11:57:44	"GET /uv2582fip2582inf210/index.html HTTP/1.1"
2523	2025/02/12 11:57:45	"GET /uv2582fip2582inf210/index.html HTTP/1.1"
2523	2025/02/12 11:57:47	"GET /uv2582fip2582inf210/technical_environment_home.html HTTP/1.1"
2523	2025/02/12 11:57:47	"GET /uv2582fip2582inf210/technical_environment_home.html HTTP/1.1"
2523	2025/02/12 11:57:54	"GET /uv2582fip2582inf210/practice_docker.html HTTP/1.1"
2523	2025/02/12 11:57:54	"GET /uv2582fip2582inf210/practice_docker.html HTTP/1.1"
2523	2025/02/12 11:58:03	"GET /uv2582fip2582inf210/practice_docker_advanced.html HTTP/1.1"
2523	2025/02/12 11:58:03	"GET /uv2582fip2582inf210/practice_docker_advanced.html HTTP/1.1"
2523	2025/02/12 11:58:13	"GET /uv2582fip2582inf210/documentation_docker.html HTTP/1.1"
2523	2025/02/12 11:58:14	"GET /uv2582fip2582inf210/documentation_docker.html HTTP/1.1"
2523	2025/02/12 11:58:20	"GET /uv2582fip2582inf210/practice_postgresql.html HTTP/1.1"
2523	2025/02/12 11:58:20	"GET /uv2582fip2582inf210/practice_postgresql.html HTTP/1.1"
2523	2025/02/12 14:37:15	"GET /uv2582fip2582inf210/practice_jpa.html HTTP/1.1"
2523	2025/02/12 14:37:15	"GET /uv2582fip2582inf210/practice_jpa.html HTTP/1.1"
2523	2025/03/03 11:29:07	"GET /uv2582fip2582inf210/project_presentation.html HTTP/1.1"
2523	2025/03/03 11:29:07	"GET /uv2582fip2582inf210/project_presentation.html HTTP/1.1"
2523	2025/03/03 11:29:10	"GET /uv2582fip2582inf210/project_part2.html HTTP/1.1"
2523	2025/03/03 11:29:10	"GET /uv2582fip2582inf210/project_part2.html HTTP/1.1"
2523	2025/03/17 10:14:30	"GET /uv2582fip2582inf210/project_presentation.html HTTP/1.1"
2523	2025/03/17 10:14:30	"GET /uv2582fip2582inf210/project_presentation.html HTTP/1.1"
2523	2025/01/29 14:02:10	"GET /uv2582fip2582inf210/technical_environment_home.html HTTP/1.1"
2523	2025/01/29 14:02:13	"GET /uv2582fip2582inf210/technical_environment_home.html HTTP/1.1"
2523	2025/01/29 14:02:14	"GET /uv2582fip2582inf210/technical_environment_home.html HTTP/1.1"
2523	2025/01/29 14:02:20	"GET /uv2582fip2582inf210/spring_bean.html HTTP/1.1"
2523	2025/01/29 14:02:20	"GET /uv2582fip2582inf210/spring_bean.html HTTP/1.1"
2523	2025/01/29 14:02:33	"GET /uv2582fip2582inf210/practice_spring.html HTTP/1.1"
2523	2025/01/29 14:02:34	"GET /uv2582fip2582inf210/practice_spring.html HTTP/1.1"
2523	2025/03/05 15:57:16	"GET /uv2582fip2582inf210/project_presentation.html HTTP/1.1"
2523	2025/03/05 15:57:16	"GET /uv2582fip2582inf210/project_presentation.html HTTP/1.1"
2523	2025/03/05 15:57:25	"GET /uv2582fip2582inf210/project_part2.html HTTP/1.1"
2523	2025/03/05 15:57:25	"GET /uv2582fip2582inf210/project_part2.html HTTP/1.1"
2523	2025/03/18 21:42:48	"GET /uv2582fip2582inf210/project_presentation.html HTTP/1.1"
2523	2025/03/18 21:42:48	"GET /uv2582fip2582inf210/project_presentation.html HTTP/1.1"
2523	2025/03/18 21:42:51	"GET /uv2582fip2582inf210/project_specifications.html HTTP/1.1"
2523	2025/03/18 21:42:52	"GET /uv2582fip2582inf210/project_specifications.html HTTP/1.1"
