2524	2025/03/24 09:38:38	"GET /uv2582fip2582inf210/index.html HTTP/1.1"
2524	2025/03/24 09:38:41	"GET /uv2582fip2582inf210/index.html HTTP/1.1"
2524	2025/03/24 09:38:45	"GET /uv2582fip2582inf210/data_home.html HTTP/1.1"
2524	2025/03/24 09:39:00	"GET /uv2582fip2582inf210/activity_relational_model.html HTTP/1.1"
2524	2025/03/24 09:39:05	"GET /uv2582fip2582inf210/activity_relational_model_correction.html HTTP/1.1"
2524	2025/03/24 09:39:11	"GET /uv2582fip2582inf210/activity_conceptual_modeling.html HTTP/1.1"
2524	2025/03/24 09:39:14	"GET /uv2582fip2582inf210/activity_conceptual_modeling_correction.html HTTP/1.1"
2524	2025/02/28 16:31:35	"GET /uv2582fip2582inf210/index.html HTTP/1.1"
2524	2025/02/28 16:31:43	"GET /uv2582fip2582inf210/project_presentation.html HTTP/1.1"
2524	2025/02/28 16:31:46	"GET /uv2582fip2582inf210/project_task_time.html HTTP/1.1"
2524	2025/02/28 16:31:55	"GET /uv2582fip2582inf210/project_part1.html HTTP/1.1"
2524	2025/02/21 11:02:48	"GET /uv2582fip2582inf210/index.html HTTP/1.1"
2524	2025/02/21 11:03:25	"GET /uv2582fip2582inf210/data_home.html HTTP/1.1"
2524	2025/02/21 11:03:29	"GET /uv2582fip2582inf210/lecture_conceptual_modeling.html HTTP/1.1"
2524	2025/02/21 11:03:31	"GET /uv2582fip2582inf210/activity_conceptual_modeling.html HTTP/1.1"
2524	2025/02/21 11:04:26	"GET /uv2582fip2582inf210/lecture_normalization.html HTTP/1.1"
2524	2025/02/21 11:04:39	"GET /uv2582fip2582inf210/activity_normalization.html HTTP/1.1"
2524	2025/02/21 11:04:43	"GET /uv2582fip2582inf210/activity_decomposition.html HTTP/1.1"
2524	2025/02/21 11:07:30	"GET /uv2582fip2582inf210/activity_decomposition_correction.html HTTP/1.1"
2524	2025/02/21 13:16:06	"GET /uv2582fip2582inf210/web_architecture_home.html HTTP/1.1"
2524	2025/02/21 13:16:11	"GET /uv2582fip2582inf210/lecture_software_architecture.html HTTP/1.1"
2524	2025/02/26 08:13:14	"GET /uv2582fip2582inf210/index.html HTTP/1.1"
2524	2025/02/26 08:15:48	"GET /uv2582fip2582inf210/web_architecture_home.html HTTP/1.1"
2524	2025/02/26 08:15:54	"GET /uv2582fip2582inf210/project_presentation.html HTTP/1.1"
2524	2025/02/26 08:18:51	"GET /uv2582fip2582inf210/project_specifications.html HTTP/1.1"
2524	2025/02/26 08:19:08	"GET /uv2582fip2582inf210/project_task_time.html HTTP/1.1"
2524	2025/02/26 08:19:36	"GET /uv2582fip2582inf210/project_part1.html HTTP/1.1"
2524	2025/02/26 09:01:40	"GET /uv2582fip2582inf210/project_evaluation.html HTTP/1.1"
2524	2025/02/26 09:53:58	"GET /uv2582fip2582inf210/project_presentation.html HTTP/1.1"
2524	2025/02/26 09:54:53	"GET /uv2582fip2582inf210/project_specifications.html HTTP/1.1"
2524	2025/02/26 09:55:01	"GET /uv2582fip2582inf210/project_part1.html HTTP/1.1"
2524	2025/02/26 10:27:15	"GET /uv2582fip2582inf210/index.html HTTP/1.1"
2524	2025/02/26 10:27:17	"GET /uv2582fip2582inf210/data_home.html HTTP/1.1"
2524	2025/02/26 10:27:20	"GET /uv2582fip2582inf210/activity_conceptual_modeling.html HTTP/1.1"
2524	2025/02/26 10:27:22	"GET /uv2582fip2582inf210/activity_conceptual_modeling_correction.html HTTP/1.1"
2524	2025/02/26 15:44:16	"GET /uv2582fip2582inf210/index.html HTTP/1.1"
2524	2025/02/26 15:44:18	"GET /uv2582fip2582inf210/project_presentation.html HTTP/1.1"
2524	2025/02/26 16:02:50	"GET /uv2582fip2582inf210/project_part1.html HTTP/1.1"
2524	2025/02/26 16:02:58	"GET /uv2582fip2582inf210/project_specifications.html HTTP/1.1"
2524	2025/02/24 14:04:35	"GET /uv2582fip2582inf210/index.html HTTP/1.1"
2524	2025/02/24 14:04:39	"GET /uv2582fip2582inf210/web_architecture_home.html HTTP/1.1"
2524	2025/02/24 14:05:18	"GET /uv2582fip2582inf210/practice_spring_2tiers_ext.html HTTP/1.1"
2524	2025/02/24 14:14:52	"GET /uv2582fip2582inf210/lecture_dto.html HTTP/1.1"
2524	2025/02/24 14:25:44	"GET /uv2582fip2582inf210/practice_spring_2tiers_ext.html HTTP/1.1"
2524	2025/03/28 20:41:27	"GET /uv2582fip2582inf210/index.html HTTP/1.1"
2524	2025/03/28 20:41:31	"GET /uv2582fip2582inf210/project_presentation.html HTTP/1.1"
2524	2025/03/28 20:41:37	"GET /uv2582fip2582inf210/project_structureui.html HTTP/1.1"
2524	2025/03/28 20:41:37	"GET /uv2582fip2582inf210/project_part3.html HTTP/1.1"
2524	2025/03/28 20:46:05	"GET /uv2582fip2582inf210/project_task_time.html HTTP/1.1"
2524	2025/03/28 20:50:06	"GET /uv2582fip2582inf210/project_specifications.html HTTP/1.1"
2524	2025/03/20 17:54:24	"GET /uv2582fip2582inf210/index.html HTTP/1.1"
2524	2025/03/20 17:54:34	"GET /uv2582fip2582inf210/project_task_time.html HTTP/1.1"
2524	2025/03/20 17:54:44	"GET /uv2582fip2582inf210/project_specifications.html HTTP/1.1"
2524	2025/03/21 09:36:06	"GET /uv2582fip2582inf210/project_presentation.html HTTP/1.1"
2524	2025/03/07 14:37:25	"GET /uv2582fip2582inf210/index.html HTTP/1.1"
2524	2025/03/07 14:41:06	"GET /uv2582fip2582inf210/project_presentation.html HTTP/1.1"
2524	2025/03/07 14:56:59	"GET /uv2582fip2582inf210/project_part3.html HTTP/1.1"
2524	2025/03/07 14:57:04	"GET /uv2582fip2582inf210/project_structureui.html HTTP/1.1"
2524	2025/03/07 15:11:25	"GET /uv2582fip2582inf210/project_structureui.html HTTP/1.1"
2524	2025/03/07 15:11:32	"GET /uv2582fip2582inf210/project_specifications.html HTTP/1.1"
2524	2025/03/07 16:19:00	"GET /uv2582fip2582inf210/project_task_time.html HTTP/1.1"
2524	2025/03/07 16:20:03	"GET /uv2582fip2582inf210/project_specifications.html HTTP/1.1"
2524	2025/03/12 17:20:16	"GET /uv2582fip2582inf210/index.html HTTP/1.1"
2524	2025/03/12 17:26:23	"GET /uv2582fip2582inf210/technical_environment_home.html HTTP/1.1"
2524	2025/03/12 17:26:26	"GET /uv2582fip2582inf210/project_presentation.html HTTP/1.1"
2524	2025/03/12 17:26:32	"GET /uv2582fip2582inf210/project_specifications.html HTTP/1.1"
2524	2025/02/03 09:36:21	"GET /uv2582fip2582inf210/data_home.html HTTP/1.1"
2524	2025/02/03 09:43:18	"GET /uv2582fip2582inf210/lecture_transaction.html HTTP/1.1"
2524	2025/02/03 09:43:22	"GET /uv2582fip2582inf210/practice_transaction.html HTTP/1.1"
2524	2025/02/03 09:45:54	"GET /uv2582fip2582inf210/images/prerequisite_data/prerequisite_data_2025.html HTTP/1.1"
2524	2025/02/03 10:01:50	"GET /uv2582fip2582inf210/practice_transaction_correction.html HTTP/1.1"
2524	2025/02/03 10:15:00	"GET /uv2582fip2582inf210/index.html HTTP/1.1"
2524	2025/02/03 10:15:01	"GET /uv2582fip2582inf210/web_architecture_home.html HTTP/1.1"
2524	2025/02/03 10:15:05	"GET /uv2582fip2582inf210/images/prerequisite_archiweb/prerequisite_archiweb_2025.html HTTP/1.1"
2524	2025/02/03 10:16:33	"GET /uv2582fip2582inf210/lecture_technical_architecture.html HTTP/1.1"
2524	2025/02/03 10:16:53	"GET /uv2582fip2582inf210/lecture_software_architecture.html HTTP/1.1"
2524	2025/02/03 10:17:22	"GET /uv2582fip2582inf210/lecture_dto.html HTTP/1.1"
2524	2025/02/03 10:17:31	"GET /uv2582fip2582inf210/lecture_mvc_spring.html HTTP/1.1"
2524	2025/02/03 10:18:03	"GET /uv2582fip2582inf210/lecture_jpa.html HTTP/1.1"
2524	2025/02/03 10:31:18	"GET /uv2582fip2582inf210/practice_spring_2tiers.html HTTP/1.1"
2524	2025/02/03 11:59:20	"GET /uv2582fip2582inf210/practice_jpa.html HTTP/1.1"
2524	2025/01/24 09:34:22	"GET /uv2582fip2582inf210/technical_environment_home.html HTTP/1.1"
2524	2025/01/24 09:38:54	"GET /uv2582fip2582inf210/documentation_docker.html HTTP/1.1"
2524	2025/01/24 09:52:57	"GET /uv2582fip2582inf210/practice_docker.html HTTP/1.1"
2524	2025/01/24 10:32:41	"GET /uv2582fip2582inf210/practice_docker_advanced.html HTTP/1.1"
2524	2025/01/24 10:36:12	"GET /uv2582fip2582inf210/documentation_rdbms.html HTTP/1.1"
2524	2025/01/24 10:37:00	"GET /uv2582fip2582inf210/practice_postgresql.html HTTP/1.1"
2524	2025/01/24 10:43:39	"GET /uv2582fip2582inf210/documentation_programming.html HTTP/1.1"
2524	2025/01/24 10:46:17	"GET /uv2582fip2582inf210/practice_spring.html HTTP/1.1"
2524	2025/01/24 11:45:36	"GET /uv2582fip2582inf210/inversion_of_control.html HTTP/1.1"
2524	2025/01/24 11:57:47	"GET /uv2582fip2582inf210/spring_bean.html HTTP/1.1"
2524	2025/01/31 14:10:19	"GET /uv2582fip2582inf210/web_architecture_home.html HTTP/1.1"
2524	2025/01/31 14:11:42	"GET /uv2582fip2582inf210/index.html HTTP/1.1"
2524	2025/01/31 14:11:44	"GET /uv2582fip2582inf210/data_home.html HTTP/1.1"
2524	2025/01/31 14:40:03	"GET /uv2582fip2582inf210/images/prerequisite_data/prerequisite_data_2025.html HTTP/1.1"
2524	2025/01/31 14:48:03	"GET /uv2582fip2582inf210/activity_normalization_correction.html HTTP/1.1"
2524	2025/01/31 14:52:52	"GET /uv2582fip2582inf210/activity_decomposition.html HTTP/1.1"
2524	2025/01/31 15:11:00	"GET /uv2582fip2582inf210/activity_decomposition_correction.html HTTP/1.1"
2524	2025/01/31 15:35:59	"GET /uv2582fip2582inf210/activity_sql.html HTTP/1.1"
2524	2025/01/31 15:38:46	"GET /uv2582fip2582inf210/practice_sql.html HTTP/1.1"
2524	2025/01/31 15:49:33	"GET /uv2582fip2582inf210/practice_sql_correction.html HTTP/1.1"
2524	2025/01/31 16:09:09	"GET /uv2582fip2582inf210/lecture_transaction.html HTTP/1.1"
2524	2025/01/31 16:13:15	"GET /uv2582fip2582inf210/practice_transaction.html HTTP/1.1"
2524	2025/01/30 09:32:49	"GET /uv2582fip2582inf210/lecture_jpa.html HTTP/1.1"
2524	2025/01/30 09:34:18	"GET /uv2582fip2582inf210/practice_spring_2tiers.html HTTP/1.1"
2524	2025/01/30 09:37:12	"GET /uv2582fip2582inf210/lecture_xml.html HTTP/1.1"
2524	2025/01/30 09:44:05	"GET /uv2582fip2582inf210/images/prerequisite_data/prerequisite_data_2025.html HTTP/1.1"
2524	2025/01/30 09:44:18	"GET /uv2582fip2582inf210/activity_relational_model.html HTTP/1.1"
2524	2025/01/30 09:44:22	"GET /uv2582fip2582inf210/lecture_relational_model.html HTTP/1.1"
2524	2025/01/30 09:50:29	"GET /uv2582fip2582inf210/lecture_db_integrity.html HTTP/1.1"
2524	2025/01/30 10:04:28	"GET /uv2582fip2582inf210/lecture_relational_algebra.html HTTP/1.1"
2524	2025/01/30 10:06:03	"GET /uv2582fip2582inf210/lecture_modeling_normalization.html HTTP/1.1"
2524	2025/01/30 10:11:40	"GET /uv2582fip2582inf210/lecture_conceptual_modeling.html HTTP/1.1"
2524	2025/01/30 10:11:58	"GET /uv2582fip2582inf210/lecture_normalization.html HTTP/1.1"
2524	2025/01/30 10:22:51	"GET /uv2582fip2582inf210/activity_conceptual_modeling.html HTTP/1.1"
2524	2025/01/30 11:10:27	"GET /uv2582fip2582inf210/activity_conceptual_modeling_correction.html HTTP/1.1"
2524	2025/01/30 11:45:15	"GET /uv2582fip2582inf210/activity_normalization.html HTTP/1.1"
2524	2025/01/30 11:53:44	"GET /uv2582fip2582inf210/activity_normalization_correction.html HTTP/1.1"
2524	2025/02/17 14:22:15	"GET /uv2582fip2582inf210/index.html HTTP/1.1"
2524	2025/02/17 14:22:30	"GET /uv2582fip2582inf210/web_architecture_home.html HTTP/1.1"
2524	2025/02/17 14:22:40	"GET /uv2582fip2582inf210/data_home.html HTTP/1.1"
2524	2025/02/17 14:23:40	"GET /uv2582fip2582inf210/lecture_conceptual_modeling.html HTTP/1.1"
2524	2025/02/17 14:24:02	"GET /uv2582fip2582inf210/activity_conceptual_modeling.html HTTP/1.1"
2524	2025/02/17 14:24:07	"GET /uv2582fip2582inf210/activity_conceptual_modeling_correction.html HTTP/1.1"
2524	2025/03/02 00:38:42	"GET /uv2582fip2582inf210/project_presentation.html HTTP/1.1"
2524	2025/03/14 12:00:32	"GET /uv2582fip2582inf210/project_presentation.html HTTP/1.1"
2524	2025/03/14 12:00:36	"GET /uv2582fip2582inf210/project_specifications.html HTTP/1.1"
2524	2025/01/22 14:47:24	"GET /uv2582fip2582inf210/web_architecture_home.html HTTP/1.1"
2524	2025/01/22 14:47:26	"GET /uv2582fip2582inf210/project_home.html HTTP/1.1"
2524	2025/01/22 14:47:37	"GET /uv2582fip2582inf210/project_home.html HTTP/1.1"
2524	2025/03/13 11:00:55	"GET /uv2582fip2582inf210/index.html HTTP/1.1"
2524	2025/03/13 11:00:59	"GET /uv2582fip2582inf210/project_presentation.html HTTP/1.1"
2524	2025/03/13 11:01:01	"GET /uv2582fip2582inf210/project_specifications.html HTTP/1.1"
2524	2025/03/06 16:04:11	"GET /uv2582fip2582inf210/project_presentation.html HTTP/1.1"
2524	2025/03/06 16:04:23	"GET /uv2582fip2582inf210/index.html HTTP/1.1"
2524	2025/03/06 16:04:27	"GET /uv2582fip2582inf210/web_architecture_home.html HTTP/1.1"
2524	2025/03/06 16:04:32	"GET /uv2582fip2582inf210/practice_spring_2tiers_ext.html HTTP/1.1"
2524	2025/02/05 14:04:35	"GET /uv2582fip2582inf210/index.html HTTP/1.1"
2524	2025/02/05 14:04:53	"GET /uv2582fip2582inf210/web_architecture_home.html HTTP/1.1"
2524	2025/02/05 14:04:56	"GET /uv2582fip2582inf210/images/prerequisite_archiweb/prerequisite_archiweb_2025.html HTTP/1.1"
2524	2025/02/05 14:05:10	"GET /uv2582fip2582inf210/practice_jpa.html HTTP/1.1"
2524	2025/02/05 14:08:28	"GET /uv2582fip2582inf210/practice_spring_2tiers.html HTTP/1.1"
2524	2025/02/05 15:46:49	"GET /uv2582fip2582inf210/practice_jpa_advanced.html HTTP/1.1"
2524	2025/02/05 15:47:10	"GET /uv2582fip2582inf210/lecture_xml.html HTTP/1.1"
2524	2025/02/05 16:07:16	"GET /uv2582fip2582inf210/practice_xml.html HTTP/1.1"
2524	2025/02/05 16:16:37	"GET /uv2582fip2582inf210/lecture_json.html HTTP/1.1"
2524	2025/02/05 16:16:56	"GET /uv2582fip2582inf210/practice_json.html HTTP/1.1"
2524	2025/02/10 13:59:53	"GET /uv2582fip2582inf210/index.html HTTP/1.1"
2524	2025/02/10 13:59:56	"GET /uv2582fip2582inf210/data_home.html HTTP/1.1"
2524	2025/02/10 13:59:59	"GET /uv2582fip2582inf210/web_architecture_home.html HTTP/1.1"
2524	2025/02/10 14:00:03	"GET /uv2582fip2582inf210/practice_jpa_advanced.html HTTP/1.1"
2524	2025/02/10 14:02:25	"GET /uv2582fip2582inf210/practice_jpa.html HTTP/1.1"
2524	2025/02/10 16:10:40	"GET /uv2582fip2582inf210/index.html HTTP/1.1"
2524	2025/03/19 13:16:43	"GET /uv2582fip2582inf210/index.html HTTP/1.1"
2524	2025/03/19 13:16:46	"GET /uv2582fip2582inf210/project_presentation.html HTTP/1.1"
2524	2025/03/19 13:16:50	"GET /uv2582fip2582inf210/project_specifications.html HTTP/1.1"
2524	2025/02/12 09:34:54	"GET /uv2582fip2582inf210/index.html HTTP/1.1"
2524	2025/02/12 09:35:10	"GET /uv2582fip2582inf210/project_home.html HTTP/1.1"
2524	2025/02/12 09:35:15	"GET /uv2582fip2582inf210/web_architecture_home.html HTTP/1.1"
2524	2025/02/12 09:42:08	"GET /uv2582fip2582inf210/lecture_json.html HTTP/1.1"
2524	2025/02/12 09:46:41	"GET /uv2582fip2582inf210/practice_json.html HTTP/1.1"
2524	2025/02/12 09:59:30	"GET /uv2582fip2582inf210/practice_xml.html HTTP/1.1"
2524	2025/02/12 09:59:41	"GET /uv2582fip2582inf210/images/prerequisite_archiweb/prerequisite_archiweb_2025.html HTTP/1.1"
2524	2025/02/12 09:59:56	"GET /uv2582fip2582inf210/lecture_validity.html HTTP/1.1"
2524	2025/02/12 10:00:03	"GET /uv2582fip2582inf210/lecture_xml.html HTTP/1.1"
2524	2025/03/11 22:16:39	"GET /uv2582fip2582inf210/index.html HTTP/1.1"
2524	2025/03/11 22:16:41	"GET /uv2582fip2582inf210/project_presentation.html HTTP/1.1"
2524	2025/03/11 22:16:44	"GET /uv2582fip2582inf210/project_specifications.html HTTP/1.1"
2524	2025/03/03 11:02:26	"GET /uv2582fip2582inf210/index.html HTTP/1.1"
2524	2025/03/03 11:03:29	"GET /uv2582fip2582inf210/index.html HTTP/1.1"
2524	2025/03/03 11:03:54	"GET /uv2582fip2582inf210/project_presentation.html HTTP/1.1"
2524	2025/03/03 11:05:58	"GET /uv2582fip2582inf210/project_presentation.html HTTP/1.1"
2524	2025/03/03 11:06:02	"GET /uv2582fip2582inf210/project_evaluation.html HTTP/1.1"
2524	2025/03/03 11:23:36	"GET /uv2582fip2582inf210/project_presentation.html HTTP/1.1"
2524	2025/03/03 11:23:38	"GET /uv2582fip2582inf210/project_part2.html HTTP/1.1"
2524	2025/03/16 13:15:06	"GET /uv2582fip2582inf210/index.html HTTP/1.1"
2524	2025/03/16 13:15:09	"GET /uv2582fip2582inf210/project_presentation.html HTTP/1.1"
2524	2025/03/16 13:15:12	"GET /uv2582fip2582inf210/project_task_time.html HTTP/1.1"
2524	2025/03/16 13:15:16	"GET /uv2582fip2582inf210/project_specifications.html HTTP/1.1"
2524	2025/03/16 14:58:05	"GET /uv2582fip2582inf210/project_specifications.html HTTP/1.1"
2524	2025/02/14 09:38:56	"GET /uv2582fip2582inf210/index.html HTTP/1.1"
2524	2025/02/14 09:39:03	"GET /uv2582fip2582inf210/web_architecture_home.html HTTP/1.1"
2524	2025/02/14 09:39:18	"GET /uv2582fip2582inf210/images/prerequisite_archiweb/prerequisite_archiweb_2025.html HTTP/1.1"
2524	2025/02/14 09:41:37	"GET /uv2582fip2582inf210/practice_json.html HTTP/1.1"
2524	2025/02/14 09:41:42	"GET /uv2582fip2582inf210/lecture_xpath.html HTTP/1.1"
2524	2025/03/17 13:22:00	"GET /uv2582fip2582inf210/index.html HTTP/1.1"
2524	2025/03/17 13:22:04	"GET /uv2582fip2582inf210/project_presentation.html HTTP/1.1"
2524	2025/03/17 13:22:07	"GET /uv2582fip2582inf210/project_specifications.html HTTP/1.1"
2524	2025/03/02 19:42:52	"GET /uv2582fip2582inf210/project_presentation.html HTTP/1.1"
2524	2025/03/02 20:17:24	"GET /uv2582fip2582inf210/project_evaluation.html HTTP/1.1"
2524	2025/01/29 13:49:56	"GET /uv2582fip2582inf210/data_home.html HTTP/1.1"
2524	2025/01/29 13:50:04	"GET /uv2582fip2582inf210/activity_sql.html HTTP/1.1"
2524	2025/01/29 13:50:16	"GET /uv2582fip2582inf210/technical_environment_home.html HTTP/1.1"
2524	2025/01/29 13:51:32	"GET /uv2582fip2582inf210/spring_bean.html HTTP/1.1"
2524	2025/01/29 13:51:35	"GET /uv2582fip2582inf210/inversion_of_control.html HTTP/1.1"
2524	2025/01/29 14:17:55	"GET /uv2582fip2582inf210/practice_docker_advanced.html HTTP/1.1"
2524	2025/01/29 14:20:56	"GET /uv2582fip2582inf210/index.html HTTP/1.1"
2524	2025/01/29 14:20:59	"GET /uv2582fip2582inf210/web_architecture_home.html HTTP/1.1"
2524	2025/01/29 14:21:04	"GET /uv2582fip2582inf210/lecture_technical_architecture.html HTTP/1.1"
2524	2025/01/29 14:30:59	"GET /uv2582fip2582inf210/lecture_software_architecture.html HTTP/1.1"
2524	2025/01/29 14:42:45	"GET /uv2582fip2582inf210/lecture_dto.html HTTP/1.1"
2524	2025/01/29 14:45:08	"GET /uv2582fip2582inf210/lecture_mvc_spring.html HTTP/1.1"
2524	2025/01/29 14:58:18	"GET /uv2582fip2582inf210/images/prerequisite_archiweb/prerequisite_archiweb_2025.html HTTP/1.1"
2524	2025/03/10 13:40:22	"GET /uv2582fip2582inf210/index.html HTTP/1.1"
2524	2025/03/10 13:40:26	"GET /uv2582fip2582inf210/project_presentation.html HTTP/1.1"
2524	2025/03/10 13:40:29	"GET /uv2582fip2582inf210/project_specifications.html HTTP/1.1"
