2525	2025/02/27 18:09:03	"GET /uv2582fip2582inf210/activity_conceptual_modeling_correction.html HTTP/1.1"
2525	2025/02/27 18:09:05	"GET /uv2582fip2582inf210/activity_conceptual_modeling_correction.html HTTP/1.1"
2525	2025/02/20 15:06:24	"GET /uv2582fip2582inf210/data_home.html HTTP/1.1"
2525	2025/02/20 15:06:24	"GET /uv2582fip2582inf210/data_home.html HTTP/1.1"
2525	2025/02/20 15:06:27	"GET /uv2582fip2582inf210/lecture_modeling_normalization.html HTTP/1.1"
2525	2025/02/20 15:06:27	"GET /uv2582fip2582inf210/lecture_modeling_normalization.html HTTP/1.1"
2525	2025/02/20 15:42:12	"GET /uv2582fip2582inf210/lecture_conceptual_modeling.html HTTP/1.1"
2525	2025/02/20 15:42:14	"GET /uv2582fip2582inf210/lecture_conceptual_modeling.html HTTP/1.1"
2525	2025/02/20 21:31:32	"GET /uv2582fip2582inf210/activity_conceptual_modeling.html HTTP/1.1"
2525	2025/02/20 21:31:33	"GET /uv2582fip2582inf210/activity_conceptual_modeling.html HTTP/1.1"
2525	2025/02/28 22:17:03	"GET /uv2582fip2582inf210/lecture_modeling_normalization.html HTTP/1.1"
2525	2025/02/28 22:17:04	"GET /uv2582fip2582inf210/lecture_modeling_normalization.html HTTP/1.1"
2525	2025/02/28 22:17:06	"GET /uv2582fip2582inf210/lecture_conceptual_modeling.html HTTP/1.1"
2525	2025/02/28 22:17:06	"GET /uv2582fip2582inf210/lecture_conceptual_modeling.html HTTP/1.1"
2525	2025/02/28 22:18:02	"GET /uv2582fip2582inf210/lecture_normalization.html HTTP/1.1"
2525	2025/02/28 22:18:02	"GET /uv2582fip2582inf210/lecture_normalization.html HTTP/1.1"
2525	2025/04/04 23:28:49	"GET /uv2582fip2582inf210/project_presentation.html HTTP/1.1"
2525	2025/04/04 23:28:49	"GET /uv2582fip2582inf210/project_presentation.html HTTP/1.1"
2525	2025/04/04 23:28:51	"GET /uv2582fip2582inf210/project_evaluation.html HTTP/1.1"
2525	2025/04/04 23:28:51	"GET /uv2582fip2582inf210/project_evaluation.html HTTP/1.1"
2525	2025/04/04 23:41:42	"GET /uv2582fip2582inf210/project_task_time.html HTTP/1.1"
2525	2025/04/04 23:41:43	"GET /uv2582fip2582inf210/project_task_time.html HTTP/1.1"
2525	2025/04/04 23:49:55	"GET /uv2582fip2582inf210/project_part3.html HTTP/1.1"
2525	2025/04/04 23:49:56	"GET /uv2582fip2582inf210/project_part3.html HTTP/1.1"
2525	2025/02/21 14:04:01	"GET /uv2582fip2582inf210/lecture_normalization.html HTTP/1.1"
2525	2025/02/21 14:04:02	"GET /uv2582fip2582inf210/lecture_normalization.html HTTP/1.1"
2525	2025/02/21 15:05:57	"GET /uv2582fip2582inf210/activity_sql.html HTTP/1.1"
2525	2025/02/21 15:05:57	"GET /uv2582fip2582inf210/activity_sql.html HTTP/1.1"
2525	2025/02/21 15:06:22	"GET /uv2582fip2582inf210/practice_sql.html HTTP/1.1"
2525	2025/02/21 15:06:22	"GET /uv2582fip2582inf210/practice_sql.html HTTP/1.1"
2525	2025/02/26 09:53:35	"GET /uv2582fip2582inf210/project_part1.html HTTP/1.1"
2525	2025/02/26 09:53:36	"GET /uv2582fip2582inf210/project_part1.html HTTP/1.1"
2525	2025/02/26 09:54:09	"GET /uv2582fip2582inf210/project_specifications.html HTTP/1.1"
2525	2025/02/26 09:54:10	"GET /uv2582fip2582inf210/project_specifications.html HTTP/1.1"
2525	2025/02/26 14:18:42	"GET /uv2582fip2582inf210/data_home.html HTTP/1.1"
2525	2025/02/26 14:18:42	"GET /uv2582fip2582inf210/data_home.html HTTP/1.1"
2525	2025/02/26 14:18:52	"GET /uv2582fip2582inf210/lecture_modeling_normalization.html HTTP/1.1"
2525	2025/02/26 14:18:52	"GET /uv2582fip2582inf210/lecture_modeling_normalization.html HTTP/1.1"
2525	2025/02/26 14:18:56	"GET /uv2582fip2582inf210/lecture_conceptual_modeling.html HTTP/1.1"
2525	2025/02/26 14:18:56	"GET /uv2582fip2582inf210/lecture_conceptual_modeling.html HTTP/1.1"
2525	2025/02/26 14:20:36	"GET /uv2582fip2582inf210/activity_conceptual_modeling.html HTTP/1.1"
2525	2025/02/26 14:20:37	"GET /uv2582fip2582inf210/activity_conceptual_modeling.html HTTP/1.1"
2525	2025/02/26 18:22:08	"GET /uv2582fip2582inf210/activity_conceptual_modeling.html HTTP/1.1"
2525	2025/02/26 18:22:12	"GET /uv2582fip2582inf210/lecture_normalization.html HTTP/1.1"
2525	2025/02/26 18:22:12	"GET /uv2582fip2582inf210/lecture_normalization.html HTTP/1.1"
2525	2025/02/24 14:06:28	"GET /uv2582fip2582inf210/web_architecture_home.html HTTP/1.1"
2525	2025/02/24 14:06:28	"GET /uv2582fip2582inf210/web_architecture_home.html HTTP/1.1"
2525	2025/02/24 14:06:38	"GET /uv2582fip2582inf210/practice_jpa_advanced.html HTTP/1.1"
2525	2025/02/24 14:06:39	"GET /uv2582fip2582inf210/practice_jpa_advanced.html HTTP/1.1"
2525	2025/02/24 14:09:21	"GET /uv2582fip2582inf210/practice_spring_2tiers.html HTTP/1.1"
2525	2025/02/24 14:09:22	"GET /uv2582fip2582inf210/practice_spring_2tiers.html HTTP/1.1"
2525	2025/02/24 14:14:14	"GET /uv2582fip2582inf210/practice_spring_2tiers_ext.html HTTP/1.1"
2525	2025/02/24 14:14:14	"GET /uv2582fip2582inf210/practice_spring_2tiers_ext.html HTTP/1.1"
2525	2025/02/24 14:15:32	"GET /uv2582fip2582inf210/lecture_software_architecture.html HTTP/1.1"
2525	2025/02/24 14:15:33	"GET /uv2582fip2582inf210/lecture_software_architecture.html HTTP/1.1"
2525	2025/03/20 23:36:54	"GET /uv2582fip2582inf210/project_presentation.html HTTP/1.1"
2525	2025/03/20 23:36:54	"GET /uv2582fip2582inf210/project_presentation.html HTTP/1.1"
2525	2025/03/20 23:37:02	"GET /uv2582fip2582inf210/project_specifications.html HTTP/1.1"
2525	2025/03/20 23:37:02	"GET /uv2582fip2582inf210/project_specifications.html HTTP/1.1"
2525	2025/02/23 16:00:41	"GET /uv2582fip2582inf210/project_home.html HTTP/1.1"
2525	2025/02/23 16:00:41	"GET /uv2582fip2582inf210/project_home.html HTTP/1.1"
2525	2025/02/25 21:42:24	"GET /uv2582fip2582inf210/project_presentation.html HTTP/1.1"
2525	2025/02/25 21:42:24	"GET /uv2582fip2582inf210/project_presentation.html HTTP/1.1"
2525	2025/02/25 21:47:23	"GET /uv2582fip2582inf210/project_evaluation.html HTTP/1.1"
2525	2025/02/25 21:47:24	"GET /uv2582fip2582inf210/project_evaluation.html HTTP/1.1"
2525	2025/02/25 21:48:02	"GET /uv2582fip2582inf210/project_specifications.html HTTP/1.1"
2525	2025/02/25 21:48:02	"GET /uv2582fip2582inf210/project_specifications.html HTTP/1.1"
2525	2025/03/07 14:46:15	"GET /uv2582fip2582inf210/index.html HTTP/1.1"
2525	2025/03/07 14:46:16	"GET /uv2582fip2582inf210/index.html HTTP/1.1"
2525	2025/03/07 14:46:19	"GET /uv2582fip2582inf210/web_architecture_home.html HTTP/1.1"
2525	2025/03/07 14:46:19	"GET /uv2582fip2582inf210/web_architecture_home.html HTTP/1.1"
2525	2025/03/07 14:46:25	"GET /uv2582fip2582inf210/practice_spring_2tiers.html HTTP/1.1"
2525	2025/03/07 14:46:25	"GET /uv2582fip2582inf210/practice_spring_2tiers.html HTTP/1.1"
2525	2025/03/07 14:49:13	"GET /uv2582fip2582inf210/data_home.html HTTP/1.1"
2525	2025/03/07 14:49:14	"GET /uv2582fip2582inf210/data_home.html HTTP/1.1"
2525	2025/03/07 14:49:44	"GET /uv2582fip2582inf210/lecture_json.html HTTP/1.1"
2525	2025/03/07 14:49:44	"GET /uv2582fip2582inf210/lecture_json.html HTTP/1.1"
2525	2025/03/07 14:49:57	"GET /uv2582fip2582inf210/practice_json.html HTTP/1.1"
2525	2025/03/07 14:49:57	"GET /uv2582fip2582inf210/practice_json.html HTTP/1.1"
2525	2025/02/19 14:17:02	"GET /uv2582fip2582inf210/web_architecture_home.html HTTP/1.1"
2525	2025/02/19 14:17:04	"GET /uv2582fip2582inf210/web_architecture_home.html HTTP/1.1"
2525	2025/02/19 14:17:10	"GET /uv2582fip2582inf210/practice_jpa.html HTTP/1.1"
2525	2025/02/19 14:17:12	"GET /uv2582fip2582inf210/practice_jpa.html HTTP/1.1"
2525	2025/02/19 14:18:41	"GET /uv2582fip2582inf210/practice_spring_2tiers.html HTTP/1.1"
2525	2025/02/19 14:18:48	"GET /uv2582fip2582inf210/practice_spring_2tiers.html HTTP/1.1"
2525	2025/03/15 11:03:55	"GET /uv2582fip2582inf210/project_presentation.html HTTP/1.1"
2525	2025/03/15 11:03:56	"GET /uv2582fip2582inf210/project_presentation.html HTTP/1.1"
2525	2025/03/15 11:03:57	"GET /uv2582fip2582inf210/project_part3.html HTTP/1.1"
2525	2025/03/15 11:03:57	"GET /uv2582fip2582inf210/project_part3.html HTTP/1.1"
2525	2025/03/15 11:31:40	"GET /uv2582fip2582inf210/project_specifications.html HTTP/1.1"
2525	2025/03/15 11:31:41	"GET /uv2582fip2582inf210/project_specifications.html HTTP/1.1"
2525	2025/03/15 11:31:41	"GET /uv2582fip2582inf210/project_task_time.html HTTP/1.1"
2525	2025/03/15 11:31:42	"GET /uv2582fip2582inf210/project_task_time.html HTTP/1.1"
2525	2025/03/15 21:56:48	"GET /uv2582fip2582inf210/project_structureui.html HTTP/1.1"
2525	2025/03/15 21:56:48	"GET /uv2582fip2582inf210/project_structureui.html HTTP/1.1"
2525	2025/03/15 22:02:57	"GET /uv2582fip2582inf210/project_part3.html HTTP/1.1"
2525	2025/03/15 22:03:00	"GET /uv2582fip2582inf210/project_part3.html HTTP/1.1"
2525	2025/02/03 14:04:14	"GET /uv2582fip2582inf210/data_home.html HTTP/1.1"
2525	2025/02/03 14:04:15	"GET /uv2582fip2582inf210/data_home.html HTTP/1.1"
2525	2025/02/03 14:04:20	"GET /uv2582fip2582inf210/lecture_relational_model.html HTTP/1.1"
2525	2025/02/03 14:04:20	"GET /uv2582fip2582inf210/lecture_relational_model.html HTTP/1.1"
2525	2025/02/03 14:07:55	"GET /uv2582fip2582inf210/lecture_transaction.html HTTP/1.1"
2525	2025/02/03 14:07:55	"GET /uv2582fip2582inf210/lecture_transaction.html HTTP/1.1"
2525	2025/02/03 14:28:15	"GET /uv2582fip2582inf210/practice_transaction.html HTTP/1.1"
2525	2025/02/03 14:28:19	"GET /uv2582fip2582inf210/practice_transaction.html HTTP/1.1"
2525	2025/02/03 14:42:05	"GET /uv2582fip2582inf210/documentation_rdbms.html HTTP/1.1"
2525	2025/02/03 14:42:11	"GET /uv2582fip2582inf210/documentation_rdbms.html HTTP/1.1"
2525	2025/02/03 14:44:25	"GET /uv2582fip2582inf210/practice_postgresql.html HTTP/1.1"
2525	2025/02/03 14:44:25	"GET /uv2582fip2582inf210/practice_postgresql.html HTTP/1.1"
2525	2025/01/24 09:40:35	"GET /uv2582fip2582inf210/technical_environment_home.html HTTP/1.1"
2525	2025/01/24 09:40:35	"GET /uv2582fip2582inf210/technical_environment_home.html HTTP/1.1"
2525	2025/01/24 09:41:31	"GET /uv2582fip2582inf210/images/prerequisite_techenv/prerequisite_techenv_2025.html HTTP/1.1"
2525	2025/01/24 09:41:33	"GET /uv2582fip2582inf210/images/prerequisite_techenv/prerequisite_techenv_2025.html HTTP/1.1"
2525	2025/01/24 11:36:32	"GET /uv2582fip2582inf210/documentation_docker.html HTTP/1.1"
2525	2025/01/24 11:36:32	"GET /uv2582fip2582inf210/documentation_docker.html HTTP/1.1"
2525	2025/01/24 11:37:13	"GET /uv2582fip2582inf210/web_architecture_home.html HTTP/1.1"
2525	2025/01/24 11:37:14	"GET /uv2582fip2582inf210/web_architecture_home.html HTTP/1.1"
2525	2025/01/24 11:37:26	"GET /uv2582fip2582inf210/data_home.html HTTP/1.1"
2525	2025/01/24 11:37:29	"GET /uv2582fip2582inf210/data_home.html HTTP/1.1"
2525	2025/01/24 11:38:23	"GET /uv2582fip2582inf210/practice_postgresql.html HTTP/1.1"
2525	2025/01/24 11:38:24	"GET /uv2582fip2582inf210/practice_postgresql.html HTTP/1.1"
2525	2025/01/31 14:03:25	"GET /uv2582fip2582inf210/technical_environment_home.html HTTP/1.1"
2525	2025/01/31 14:03:25	"GET /uv2582fip2582inf210/technical_environment_home.html HTTP/1.1"
2525	2025/01/31 14:03:40	"GET /uv2582fip2582inf210/practice_postgresql.html HTTP/1.1"
2525	2025/01/31 14:03:41	"GET /uv2582fip2582inf210/practice_postgresql.html HTTP/1.1"
2525	2025/01/31 14:17:07	"GET /uv2582fip2582inf210/images/prerequisite_techenv/prerequisite_techenv_2025.html HTTP/1.1"
2525	2025/01/31 14:17:12	"GET /uv2582fip2582inf210/images/prerequisite_techenv/prerequisite_techenv_2025.html HTTP/1.1"
2525	2025/01/31 14:25:55	"GET /uv2582fip2582inf210/practice_docker.html HTTP/1.1"
2525	2025/01/31 14:26:05	"GET /uv2582fip2582inf210/practice_docker.html HTTP/1.1"
2525	2025/01/31 14:47:15	"GET /uv2582fip2582inf210/documentation_programming.html HTTP/1.1"
2525	2025/01/31 14:47:26	"GET /uv2582fip2582inf210/documentation_programming.html HTTP/1.1"
2525	2025/01/31 14:47:35	"GET /uv2582fip2582inf210/practice_spring.html HTTP/1.1"
2525	2025/01/31 14:47:36	"GET /uv2582fip2582inf210/practice_spring.html HTTP/1.1"
2525	2025/01/31 16:05:04	"GET /uv2582fip2582inf210/index.html HTTP/1.1"
2525	2025/01/31 16:05:05	"GET /uv2582fip2582inf210/index.html HTTP/1.1"
2525	2025/01/31 16:05:07	"GET /uv2582fip2582inf210/data_home.html HTTP/1.1"
2525	2025/01/31 16:05:07	"GET /uv2582fip2582inf210/data_home.html HTTP/1.1"
2525	2025/01/31 16:05:29	"GET /uv2582fip2582inf210/lecture_relational_model.html HTTP/1.1"
2525	2025/01/31 16:05:29	"GET /uv2582fip2582inf210/lecture_relational_model.html HTTP/1.1"
2525	2025/03/08 17:19:41	"GET /uv2582fip2582inf210/project_part1.html HTTP/1.1"
2525	2025/03/08 17:19:41	"GET /uv2582fip2582inf210/project_part1.html HTTP/1.1"
2525	2025/01/30 09:37:55	"GET /uv2582fip2582inf210/data_home.html HTTP/1.1"
2525	2025/01/30 09:37:56	"GET /uv2582fip2582inf210/data_home.html HTTP/1.1"
2525	2025/01/30 09:38:05	"GET /uv2582fip2582inf210/technical_environment_home.html HTTP/1.1"
2525	2025/01/30 09:38:05	"GET /uv2582fip2582inf210/technical_environment_home.html HTTP/1.1"
2525	2025/01/30 09:38:08	"GET /uv2582fip2582inf210/practice_docker.html HTTP/1.1"
2525	2025/01/30 09:38:08	"GET /uv2582fip2582inf210/practice_docker.html HTTP/1.1"
2525	2025/01/30 10:02:55	"GET /uv2582fip2582inf210/documentation_docker.html HTTP/1.1"
2525	2025/01/30 10:02:55	"GET /uv2582fip2582inf210/documentation_docker.html HTTP/1.1"
2525	2025/03/09 21:25:15	"GET /uv2582fip2582inf210/project_presentation.html HTTP/1.1"
2525	2025/03/09 21:25:20	"GET /uv2582fip2582inf210/project_presentation.html HTTP/1.1"
2525	2025/03/09 21:25:32	"GET /uv2582fip2582inf210/project_part2.html HTTP/1.1"
2525	2025/03/09 21:25:37	"GET /uv2582fip2582inf210/project_part2.html HTTP/1.1"
2525	2025/02/17 14:32:07	"GET /uv2582fip2582inf210/data_home.html HTTP/1.1"
2525	2025/02/17 14:32:08	"GET /uv2582fip2582inf210/data_home.html HTTP/1.1"
2525	2025/02/17 14:32:17	"GET /uv2582fip2582inf210/activity_conceptual_modeling.html HTTP/1.1"
2525	2025/02/17 14:32:17	"GET /uv2582fip2582inf210/activity_conceptual_modeling.html HTTP/1.1"
2525	2025/02/17 14:32:25	"GET /uv2582fip2582inf210/lecture_conceptual_modeling.html HTTP/1.1"
2525	2025/02/17 14:32:26	"GET /uv2582fip2582inf210/lecture_conceptual_modeling.html HTTP/1.1"
2525	2025/02/17 15:39:30	"GET /uv2582fip2582inf210/lecture_normalization.html HTTP/1.1"
2525	2025/02/17 15:39:32	"GET /uv2582fip2582inf210/lecture_normalization.html HTTP/1.1"
2525	2025/03/01 14:15:47	"GET /uv2582fip2582inf210/project_presentation.html HTTP/1.1"
2525	2025/03/01 14:15:47	"GET /uv2582fip2582inf210/project_presentation.html HTTP/1.1"
2525	2025/03/01 14:15:54	"GET /uv2582fip2582inf210/project_part2.html HTTP/1.1"
2525	2025/03/01 14:15:55	"GET /uv2582fip2582inf210/project_part2.html HTTP/1.1"
2525	2025/03/01 14:33:13	"GET /uv2582fip2582inf210/project_evaluation.html HTTP/1.1"
2525	2025/03/01 14:33:14	"GET /uv2582fip2582inf210/project_evaluation.html HTTP/1.1"
2525	2025/03/14 11:16:47	"GET /uv2582fip2582inf210/project_part1.html HTTP/1.1"
2525	2025/03/14 11:16:48	"GET /uv2582fip2582inf210/project_part1.html HTTP/1.1"
2525	2025/03/14 11:16:52	"GET /uv2582fip2582inf210/project_part2.html HTTP/1.1"
2525	2025/03/14 11:16:53	"GET /uv2582fip2582inf210/project_part2.html HTTP/1.1"
2525	2025/03/14 20:40:50	"GET /uv2582fip2582inf210/project_part1.html HTTP/1.1"
2525	2025/03/14 20:40:50	"GET /uv2582fip2582inf210/project_part1.html HTTP/1.1"
2525	2025/03/14 20:40:58	"GET /uv2582fip2582inf210/project_part2.html HTTP/1.1"
2525	2025/03/06 19:09:18	"GET /uv2582fip2582inf210/project_presentation.html HTTP/1.1"
2525	2025/03/06 19:09:21	"GET /uv2582fip2582inf210/project_part2.html HTTP/1.1"
2525	2025/03/06 19:09:22	"GET /uv2582fip2582inf210/project_part2.html HTTP/1.1"
2525	2025/02/05 14:06:40	"GET /uv2582fip2582inf210/data_home.html HTTP/1.1"
2525	2025/02/05 14:06:41	"GET /uv2582fip2582inf210/data_home.html HTTP/1.1"
2525	2025/02/05 14:06:44	"GET /uv2582fip2582inf210/practice_transaction.html HTTP/1.1"
2525	2025/02/05 14:06:50	"GET /uv2582fip2582inf210/practice_transaction.html HTTP/1.1"
2525	2025/02/10 14:04:13	"GET /uv2582fip2582inf210/web_architecture_home.html HTTP/1.1"
2525	2025/02/10 14:04:13	"GET /uv2582fip2582inf210/web_architecture_home.html HTTP/1.1"
2525	2025/02/10 14:09:51	"GET /uv2582fip2582inf210/lecture_technical_architecture.html HTTP/1.1"
2525	2025/02/10 14:09:52	"GET /uv2582fip2582inf210/lecture_technical_architecture.html HTTP/1.1"
2525	2025/02/10 14:29:55	"GET /uv2582fip2582inf210/lecture_technical_architecture.html HTTP/1.1"
2525	2025/02/10 14:29:56	"GET /uv2582fip2582inf210/lecture_technical_architecture.html HTTP/1.1"
2525	2025/02/10 14:47:36	"GET /uv2582fip2582inf210/lecture_software_architecture.html HTTP/1.1"
2525	2025/02/10 14:47:38	"GET /uv2582fip2582inf210/lecture_software_architecture.html HTTP/1.1"
2525	2025/02/10 14:52:09	"GET /uv2582fip2582inf210/lecture_dto.html HTTP/1.1"
2525	2025/02/10 14:52:09	"GET /uv2582fip2582inf210/lecture_dto.html HTTP/1.1"
2525	2025/02/10 15:11:14	"GET /uv2582fip2582inf210/lecture_mvc_spring.html HTTP/1.1"
2525	2025/02/10 15:11:17	"GET /uv2582fip2582inf210/lecture_mvc_spring.html HTTP/1.1"
2525	2025/02/10 16:13:59	"GET /uv2582fip2582inf210/lecture_jpa.html HTTP/1.1"
2525	2025/02/10 16:14:02	"GET /uv2582fip2582inf210/lecture_jpa.html HTTP/1.1"
2525	2025/02/12 09:35:43	"GET /uv2582fip2582inf210/web_architecture_home.html HTTP/1.1"
2525	2025/02/12 09:35:43	"GET /uv2582fip2582inf210/web_architecture_home.html HTTP/1.1"
2525	2025/02/12 09:46:27	"GET /uv2582fip2582inf210/practice_jpa.html HTTP/1.1"
2525	2025/02/12 09:46:29	"GET /uv2582fip2582inf210/practice_jpa.html HTTP/1.1"
2525	2025/02/12 11:15:39	"GET /uv2582fip2582inf210/practice_jpa.html HTTP/1.1"
2525	2025/03/11 21:55:13	"GET /uv2582fip2582inf210/project_presentation.html HTTP/1.1"
2525	2025/03/11 21:55:16	"GET /uv2582fip2582inf210/project_part2.html HTTP/1.1"
2525	2025/03/11 21:55:18	"GET /uv2582fip2582inf210/project_presentation.html HTTP/1.1"
2525	2025/03/11 21:55:18	"GET /uv2582fip2582inf210/project_part2.html HTTP/1.1"
2525	2025/03/03 11:27:10	"GET /uv2582fip2582inf210/project_presentation.html HTTP/1.1"
2525	2025/03/03 11:27:11	"GET /uv2582fip2582inf210/project_presentation.html HTTP/1.1"
2525	2025/03/03 11:35:44	"GET /uv2582fip2582inf210/project_part2.html HTTP/1.1"
2525	2025/03/03 11:35:46	"GET /uv2582fip2582inf210/project_part2.html HTTP/1.1"
2525	2025/02/14 09:50:01	"GET /uv2582fip2582inf210/web_architecture_home.html HTTP/1.1"
2525	2025/02/14 09:50:02	"GET /uv2582fip2582inf210/web_architecture_home.html HTTP/1.1"
2525	2025/02/14 09:50:07	"GET /uv2582fip2582inf210/practice_jpa_advanced.html HTTP/1.1"
2525	2025/02/14 09:50:08	"GET /uv2582fip2582inf210/practice_jpa_advanced.html HTTP/1.1"
2525	2025/01/29 13:55:32	"GET /uv2582fip2582inf210/technical_environment_home.html HTTP/1.1"
2525	2025/01/29 13:55:33	"GET /uv2582fip2582inf210/technical_environment_home.html HTTP/1.1"
2525	2025/01/29 13:55:53	"GET /uv2582fip2582inf210/practice_docker.html HTTP/1.1"
2525	2025/01/29 13:55:53	"GET /uv2582fip2582inf210/practice_docker.html HTTP/1.1"
2525	2025/01/29 13:55:54	"GET /uv2582fip2582inf210/documentation_docker.html HTTP/1.1"
2525	2025/01/29 13:55:54	"GET /uv2582fip2582inf210/documentation_docker.html HTTP/1.1"
2525	2025/03/18 14:25:30	"GET /uv2582fip2582inf210/project_presentation.html HTTP/1.1"
2525	2025/03/18 14:25:31	"GET /uv2582fip2582inf210/project_presentation.html HTTP/1.1"
2525	2025/03/18 14:25:34	"GET /uv2582fip2582inf210/project_evaluation.html HTTP/1.1"
2525	2025/03/18 14:25:34	"GET /uv2582fip2582inf210/project_evaluation.html HTTP/1.1"
2525	2025/03/18 14:26:11	"GET /uv2582fip2582inf210/project_specifications.html HTTP/1.1"
2525	2025/03/18 14:26:12	"GET /uv2582fip2582inf210/project_specifications.html HTTP/1.1"
2525	2025/03/18 21:44:16	"GET /uv2582fip2582inf210/project_part2.html HTTP/1.1"
2525	2025/03/18 21:44:17	"GET /uv2582fip2582inf210/project_part2.html HTTP/1.1"
