2526	2025/04/05 19:36:40	"GET /uv2582fip2582inf210/technical_environment_home.html HTTP/1.1"
2526	2025/04/05 19:36:46	"GET /uv2582fip2582inf210/documentation_docker.html HTTP/1.1"
2526	2025/04/04 11:30:51	"GET /uv2582fip2582inf210/index.html HTTP/1.1"
2526	2025/04/04 11:30:57	"GET /uv2582fip2582inf210/project_presentation.html HTTP/1.1"
2526	2025/04/04 11:31:06	"GET /uv2582fip2582inf210/project_specifications.html HTTP/1.1"
2526	2025/04/04 14:51:21	"GET /uv2582fip2582inf210/project_task_time.html HTTP/1.1"
2526	2025/04/04 15:55:24	"GET /uv2582fip2582inf210/project_evaluation.html HTTP/1.1"
2526	2025/04/04 15:55:27	"GET /uv2582fip2582inf210/project_specifications.html HTTP/1.1"
2526	2025/02/21 14:23:52	"GET /uv2582fip2582inf210/index.html HTTP/1.1"
2526	2025/02/21 14:23:56	"GET /uv2582fip2582inf210/web_architecture_home.html HTTP/1.1"
2526	2025/02/21 14:24:01	"GET /uv2582fip2582inf210/data_home.html HTTP/1.1"
2526	2025/02/21 14:24:07	"GET /uv2582fip2582inf210/activity_normalization.html HTTP/1.1"
2526	2025/02/21 14:24:11	"GET /uv2582fip2582inf210/lecture_normalization.html HTTP/1.1"
2526	2025/02/21 14:24:18	"GET /uv2582fip2582inf210/activity_decomposition.html HTTP/1.1"
2526	2025/02/21 14:24:25	"GET /uv2582fip2582inf210/lecture_conceptual_modeling.html HTTP/1.1"
2526	2025/05/15 10:50:54	"GET /uv2582fip2582inf210/index.html HTTP/1.1"
2526	2025/05/15 10:51:00	"GET /uv2582fip2582inf210/project_presentation.html HTTP/1.1"
2526	2025/05/15 10:51:05	"GET /uv2582fip2582inf210/project_specifications.html HTTP/1.1"
2526	2025/05/15 13:44:20	"GET /uv2582fip2582inf210/project_part2.html HTTP/1.1"
2526	2025/05/15 13:50:02	"GET /uv2582fip2582inf210/project_evaluation.html HTTP/1.1"
2526	2025/02/26 09:52:55	"GET /uv2582fip2582inf210/index.html HTTP/1.1"
2526	2025/02/26 09:53:04	"GET /uv2582fip2582inf210/project_presentation.html HTTP/1.1"
2526	2025/02/26 09:55:06	"GET /uv2582fip2582inf210/project_specifications.html HTTP/1.1"
2526	2025/02/26 10:35:54	"GET /uv2582fip2582inf210/project_part1.html HTTP/1.1"
2526	2025/02/26 11:18:03	"GET /uv2582fip2582inf210/data_home.html HTTP/1.1"
2526	2025/02/26 11:18:10	"GET /uv2582fip2582inf210/activity_conceptual_modeling.html HTTP/1.1"
2526	2025/02/26 11:18:14	"GET /uv2582fip2582inf210/lecture_conceptual_modeling.html HTTP/1.1"
2526	2025/02/26 11:18:33	"GET /uv2582fip2582inf210/lecture_modeling_normalization.html HTTP/1.1"
2526	2025/02/26 11:18:36	"GET /uv2582fip2582inf210/lecture_conceptual_modeling.html HTTP/1.1"
2526	2025/02/26 14:22:35	"GET /uv2582fip2582inf210/project_part1.html HTTP/1.1"
2526	2025/02/26 14:22:44	"GET /uv2582fip2582inf210/project_specifications.html HTTP/1.1"
2526	2025/03/07 15:43:42	"GET /uv2582fip2582inf210/project_part2.html HTTP/1.1"
2526	2025/03/07 15:43:50	"GET /uv2582fip2582inf210/project_part3.html HTTP/1.1"
2526	2025/03/07 16:39:01	"GET /uv2582fip2582inf210/project_presentation.html HTTP/1.1"
2526	2025/03/07 16:39:08	"GET /uv2582fip2582inf210/project_part3.html HTTP/1.1"
2526	2025/03/07 18:11:52	"GET /uv2582fip2582inf210/project_structureui.html HTTP/1.1"
2526	2025/03/07 18:12:06	"GET /uv2582fip2582inf210/project_part3.html HTTP/1.1"
2526	2025/03/07 18:12:45	"GET /uv2582fip2582inf210/project_presentation.html HTTP/1.1"
2526	2025/03/07 18:12:48	"GET /uv2582fip2582inf210/project_specifications.html HTTP/1.1"
2526	2025/02/19 14:12:03	"GET /uv2582fip2582inf210/index.html HTTP/1.1"
2526	2025/02/19 14:12:33	"GET /uv2582fip2582inf210/lecture_technical_architecture.html HTTP/1.1"
2526	2025/02/19 14:12:39	"GET /uv2582fip2582inf210/lecture_software_architecture.html HTTP/1.1"
2526	2025/02/19 14:12:43	"GET /uv2582fip2582inf210/lecture_dto.html HTTP/1.1"
2526	2025/02/19 14:12:47	"GET /uv2582fip2582inf210/lecture_mvc_spring.html HTTP/1.1"
2526	2025/02/19 14:13:08	"GET /uv2582fip2582inf210/lecture_jpa.html HTTP/1.1"
2526	2025/02/19 14:13:12	"GET /uv2582fip2582inf210/practice_jpa.html HTTP/1.1"
2526	2025/02/19 22:17:51	"GET /uv2582fip2582inf210/index.html HTTP/1.1"
2526	2025/02/19 22:17:55	"GET /uv2582fip2582inf210/technical_environment_home.html HTTP/1.1"
2526	2025/02/19 22:17:58	"GET /uv2582fip2582inf210/documentation_docker.html HTTP/1.1"
2526	2025/02/19 22:26:57	"GET /uv2582fip2582inf210/practice_docker.html HTTP/1.1"
2526	2025/02/03 09:36:51	"GET /uv2582fip2582inf210/inversion_of_control.html HTTP/1.1"
2526	2025/02/03 09:38:14	"GET /uv2582fip2582inf210/index.html HTTP/1.1"
2526	2025/02/03 09:38:19	"GET /uv2582fip2582inf210/data_home.html HTTP/1.1"
2526	2025/02/03 09:38:25	"GET /uv2582fip2582inf210/activity_normalization.html HTTP/1.1"
2526	2025/02/03 09:51:09	"GET /uv2582fip2582inf210/lecture_modeling_normalization.html HTTP/1.1"
2526	2025/02/03 09:51:16	"GET /uv2582fip2582inf210/lecture_conceptual_modeling.html HTTP/1.1"
2526	2025/02/03 09:51:26	"GET /uv2582fip2582inf210/activity_conceptual_modeling_advanced.html HTTP/1.1"
2526	2025/02/03 09:54:41	"GET /uv2582fip2582inf210/lecture_normalization.html HTTP/1.1"
2526	2025/02/03 09:59:05	"GET /uv2582fip2582inf210/activity_normalization_correction.html HTTP/1.1"
2526	2025/02/03 11:03:07	"GET /uv2582fip2582inf210/practice_sql.html HTTP/1.1"
2526	2025/02/03 11:03:28	"GET /uv2582fip2582inf210/web_architecture_home.html HTTP/1.1"
2526	2025/02/03 11:05:42	"GET /uv2582fip2582inf210/lecture_software_architecture.html HTTP/1.1"
2526	2025/02/03 11:09:08	"GET /uv2582fip2582inf210/lecture_dto.html HTTP/1.1"
2526	2025/02/03 11:09:32	"GET /uv2582fip2582inf210/lecture_xml.html HTTP/1.1"
2526	2025/02/03 11:15:08	"GET /uv2582fip2582inf210/lecture_technical_architecture.html HTTP/1.1"
2526	2025/02/03 11:15:30	"GET /uv2582fip2582inf210/lecture_json.html HTTP/1.1"
2526	2025/02/03 11:15:37	"GET /uv2582fip2582inf210/practice_json.html HTTP/1.1"
2526	2025/02/03 11:23:19	"GET /uv2582fip2582inf210/practice_jpa.html HTTP/1.1"
2526	2025/02/03 11:25:22	"GET /uv2582fip2582inf210/lecture_jpa.html HTTP/1.1"
2526	2025/02/03 11:37:09	"GET /uv2582fip2582inf210/practice_jpa_advanced.html HTTP/1.1"
2526	2025/02/16 15:55:16	"GET /uv2582fip2582inf210/index.html HTTP/1.1"
2526	2025/02/16 15:55:20	"GET /uv2582fip2582inf210/technical_environment_home.html HTTP/1.1"
2526	2025/02/16 15:55:27	"GET /uv2582fip2582inf210/documentation_docker.html HTTP/1.1"
2526	2025/01/24 09:38:06	"GET /uv2582fip2582inf210/web_architecture_home.html HTTP/1.1"
2526	2025/01/24 09:42:35	"GET /uv2582fip2582inf210/index.html HTTP/1.1"
2526	2025/01/24 09:43:20	"GET /uv2582fip2582inf210/technical_environment_home.html HTTP/1.1"
2526	2025/01/24 09:54:46	"GET /uv2582fip2582inf210/documentation_docker.html HTTP/1.1"
2526	2025/01/24 09:54:57	"GET /uv2582fip2582inf210/practice_docker.html HTTP/1.1"
2526	2025/01/24 09:55:25	"GET /uv2582fip2582inf210/practice_docker_advanced.html HTTP/1.1"
2526	2025/01/24 09:56:34	"GET /uv2582fip2582inf210/documentation_rdbms.html HTTP/1.1"
2526	2025/01/24 09:59:06	"GET /uv2582fip2582inf210/practice_postgresql.html HTTP/1.1"
2526	2025/01/24 09:59:59	"GET /uv2582fip2582inf210/documentation_programming.html HTTP/1.1"
2526	2025/01/24 10:02:17	"GET /uv2582fip2582inf210/inversion_of_control.html HTTP/1.1"
2526	2025/01/24 10:13:34	"GET /uv2582fip2582inf210/spring_bean.html HTTP/1.1"
2526	2025/01/31 14:03:10	"GET /uv2582fip2582inf210/index.html HTTP/1.1"
2526	2025/01/31 14:03:13	"GET /uv2582fip2582inf210/data_home.html HTTP/1.1"
2526	2025/01/31 14:12:03	"GET /uv2582fip2582inf210/lecture_conceptual_modeling.html HTTP/1.1"
2526	2025/01/31 14:13:33	"GET /uv2582fip2582inf210/activity_conceptual_modeling.html HTTP/1.1"
2526	2025/01/31 15:06:56	"GET /uv2582fip2582inf210/activity_conceptual_modeling_correction.html HTTP/1.1"
2526	2025/01/31 16:09:55	"GET /uv2582fip2582inf210/activity_conceptual_modeling_advanced.html HTTP/1.1"
2526	2025/01/31 16:10:17	"GET /uv2582fip2582inf210/activity_normalization.html HTTP/1.1"
2526	2025/01/31 16:10:26	"GET /uv2582fip2582inf210/lecture_normalization.html HTTP/1.1"
2526	2025/01/31 16:21:16	"GET /uv2582fip2582inf210/lecture_normalization.html HTTP/1.1"
2526	2025/01/31 16:22:50	"GET /uv2582fip2582inf210/activity_normalization_correction.html HTTP/1.1"
2526	2025/01/30 09:38:22	"GET /uv2582fip2582inf210/inversion_of_control.html HTTP/1.1"
2526	2025/01/30 09:38:28	"GET /uv2582fip2582inf210/index.html HTTP/1.1"
2526	2025/01/30 09:38:31	"GET /uv2582fip2582inf210/web_architecture_home.html HTTP/1.1"
2526	2025/01/30 09:39:11	"GET /uv2582fip2582inf210/lecture_technical_architecture.html HTTP/1.1"
2526	2025/01/30 09:41:43	"GET /uv2582fip2582inf210/data_home.html HTTP/1.1"
2526	2025/01/30 09:42:21	"GET /uv2582fip2582inf210/lecture_relational_model.html HTTP/1.1"
2526	2025/01/30 09:45:44	"GET /uv2582fip2582inf210/lecture_db_integrity.html HTTP/1.1"
2526	2025/01/30 09:50:52	"GET /uv2582fip2582inf210/lecture_relational_algebra.html HTTP/1.1"
2526	2025/01/30 09:59:51	"GET /uv2582fip2582inf210/activity_relational_model.html HTTP/1.1"
2526	2025/01/30 10:01:02	"GET /uv2582fip2582inf210/activity_relational_model.html HTTP/1.1"
2526	2025/01/30 11:56:00	"GET /uv2582fip2582inf210/activity_relational_model_correction.html HTTP/1.1"
2526	2025/01/30 12:12:35	"GET /uv2582fip2582inf210/project_home.html HTTP/1.1"
2526	2025/01/30 12:12:58	"GET /uv2582fip2582inf210/lecture_modeling_normalization.html HTTP/1.1"
2526	2025/02/17 14:39:02	"GET /uv2582fip2582inf210/web_architecture_home.html HTTP/1.1"
2526	2025/02/17 14:39:06	"GET /uv2582fip2582inf210/data_home.html HTTP/1.1"
2526	2025/02/17 14:39:12	"GET /uv2582fip2582inf210/lecture_conceptual_modeling.html HTTP/1.1"
2526	2025/02/17 18:16:38	"GET /uv2582fip2582inf210/activity_decomposition.html HTTP/1.1"
2526	2025/02/17 18:17:38	"GET /uv2582fip2582inf210/activity_decomposition_correction.html HTTP/1.1"
2526	2025/02/17 18:27:30	"GET /uv2582fip2582inf210/activity_normalization.html HTTP/1.1"
2526	2025/02/17 18:27:37	"GET /uv2582fip2582inf210/lecture_normalization.html HTTP/1.1"
2526	2025/02/17 18:30:45	"GET /uv2582fip2582inf210/lecture_independence_views.html HTTP/1.1"
2526	2025/03/14 18:26:50	"GET /uv2582fip2582inf210/project_task_time.html HTTP/1.1"
2526	2025/03/14 19:15:30	"GET /uv2582fip2582inf210/project_specifications.html HTTP/1.1"
2526	2025/02/05 14:07:05	"GET /uv2582fip2582inf210/lecture_jpa.html HTTP/1.1"
2526	2025/02/05 14:07:21	"GET /uv2582fip2582inf210/practice_jpa.html HTTP/1.1"
2526	2025/02/05 15:03:32	"GET /uv2582fip2582inf210/index.html HTTP/1.1"
2526	2025/02/05 16:46:27	"GET /uv2582fip2582inf210/data_home.html HTTP/1.1"
2526	2025/02/05 16:46:31	"GET /uv2582fip2582inf210/practice_transaction.html HTTP/1.1"
2526	2025/02/05 16:46:50	"GET /uv2582fip2582inf210/practice_sql.html HTTP/1.1"
2526	2025/02/10 15:00:19	"GET /uv2582fip2582inf210/inversion_of_control.html HTTP/1.1"
2526	2025/02/10 15:00:23	"GET /uv2582fip2582inf210/index.html HTTP/1.1"
2526	2025/02/10 15:00:26	"GET /uv2582fip2582inf210/data_home.html HTTP/1.1"
2526	2025/02/10 15:00:31	"GET /uv2582fip2582inf210/lecture_conceptual_modeling.html HTTP/1.1"
2526	2025/02/10 16:09:50	"GET /uv2582fip2582inf210/practice_transaction.html HTTP/1.1"
2526	2025/02/10 16:09:56	"GET /uv2582fip2582inf210/lecture_transaction.html HTTP/1.1"
2526	2025/02/10 16:13:08	"GET /uv2582fip2582inf210/web_architecture_home.html HTTP/1.1"
2526	2025/02/10 16:13:13	"GET /uv2582fip2582inf210/practice_jpa.html HTTP/1.1"
2526	2025/02/10 16:22:44	"GET /uv2582fip2582inf210/lecture_jpa.html HTTP/1.1"
2526	2025/03/19 10:29:42	"GET /uv2582fip2582inf210/index.html HTTP/1.1"
2526	2025/03/19 10:30:27	"GET /uv2582fip2582inf210/project_presentation.html HTTP/1.1"
2526	2025/03/19 10:30:58	"GET /uv2582fip2582inf210/project_evaluation.html HTTP/1.1"
2526	2025/03/19 10:31:15	"GET /uv2582fip2582inf210/project_specifications.html HTTP/1.1"
2526	2025/02/12 09:37:09	"GET /uv2582fip2582inf210/inversion_of_control.html HTTP/1.1"
2526	2025/02/12 09:37:15	"GET /uv2582fip2582inf210/index.html HTTP/1.1"
2526	2025/02/12 11:28:31	"GET /uv2582fip2582inf210/practice_jpa_advanced.html HTTP/1.1"
2526	2025/02/12 15:07:01	"GET /uv2582fip2582inf210/practice_spring_2tiers.html HTTP/1.1"
2526	2025/02/12 15:07:24	"GET /uv2582fip2582inf210/project_home.html HTTP/1.1"
2526	2025/02/12 15:07:28	"GET /uv2582fip2582inf210/index.html HTTP/1.1"
2526	2025/02/12 15:15:41	"GET /uv2582fip2582inf210/practice_spring_2tiers_ext.html HTTP/1.1"
2526	2025/03/11 21:12:23	"GET /uv2582fip2582inf210/project_task_time.html HTTP/1.1"
2526	2025/03/11 21:26:20	"GET /uv2582fip2582inf210/project_specifications.html HTTP/1.1"
2526	2025/01/27 19:02:18	"GET /uv2582fip2582inf210/inversion_of_control.html HTTP/1.1"
2526	2025/01/27 19:02:21	"GET /uv2582fip2582inf210/documentation_programming.html HTTP/1.1"
2526	2025/03/03 11:27:39	"GET /uv2582fip2582inf210/index.html HTTP/1.1"
2526	2025/03/03 11:37:11	"GET /uv2582fip2582inf210/project_presentation.html HTTP/1.1"
2526	2025/03/03 11:37:14	"GET /uv2582fip2582inf210/project_part2.html HTTP/1.1"
2526	2025/02/14 09:38:26	"GET /uv2582fip2582inf210/project_home.html HTTP/1.1"
2526	2025/02/14 09:38:32	"GET /uv2582fip2582inf210/web_architecture_home.html HTTP/1.1"
2526	2025/01/29 14:16:54	"GET /uv2582fip2582inf210/inversion_of_control.html HTTP/1.1"
2526	2025/01/29 14:18:01	"GET /uv2582fip2582inf210/technical_environment_home.html HTTP/1.1"
2526	2025/01/29 14:24:24	"GET /uv2582fip2582inf210/spring_bean.html HTTP/1.1"
2526	2025/01/29 14:32:26	"GET /uv2582fip2582inf210/practice_spring.html HTTP/1.1"
2526	2025/03/05 17:30:34	"GET /uv2582fip2582inf210/project_part2.html HTTP/1.1"
