2527	2025/03/24 09:47:12	"GET /uv2582fip2582inf210/data_home.html HTTP/1.1"
2527	2025/03/24 09:47:15	"GET /uv2582fip2582inf210/images/prerequisite_data/prerequisite_data_2025.html HTTP/1.1"
2527	2025/03/24 09:47:27	"GET /uv2582fip2582inf210/lecture_conceptual_modeling.html HTTP/1.1"
2527	2025/02/28 13:02:23	"GET /uv2582fip2582inf210/lecture_software_architecture.html HTTP/1.1"
2527	2025/02/28 13:02:32	"GET /uv2582fip2582inf210/index.html HTTP/1.1"
2527	2025/02/28 13:02:36	"GET /uv2582fip2582inf210/data_home.html HTTP/1.1"
2527	2025/02/28 13:02:41	"GET /uv2582fip2582inf210/activity_conceptual_modeling.html HTTP/1.1"
2527	2025/02/28 13:02:44	"GET /uv2582fip2582inf210/activity_conceptual_modeling_advanced.html HTTP/1.1"
2527	2025/02/28 13:02:45	"GET /uv2582fip2582inf210/lecture_conceptual_modeling.html HTTP/1.1"
2527	2025/02/28 13:03:07	"GET /uv2582fip2582inf210/lecture_normalization.html HTTP/1.1"
2527	2025/02/21 14:09:54	"GET /uv2582fip2582inf210/data_home.html HTTP/1.1"
2527	2025/02/21 14:09:56	"GET /uv2582fip2582inf210/images/prerequisite_data/prerequisite_data_2025.html HTTP/1.1"
2527	2025/02/21 14:09:58	"GET /uv2582fip2582inf210/lecture_normalization.html HTTP/1.1"
2527	2025/02/26 10:04:32	"GET /uv2582fip2582inf210/lecture_software_architecture.html HTTP/1.1"
2527	2025/02/26 10:04:42	"GET /uv2582fip2582inf210/index.html HTTP/1.1"
2527	2025/02/26 10:04:45	"GET /uv2582fip2582inf210/project_presentation.html HTTP/1.1"
2527	2025/02/26 10:04:51	"GET /uv2582fip2582inf210/project_part1.html HTTP/1.1"
2527	2025/02/26 10:05:23	"GET /uv2582fip2582inf210/project_specifications.html HTTP/1.1"
2527	2025/02/24 14:09:07	"GET /uv2582fip2582inf210/web_architecture_home.html HTTP/1.1"
2527	2025/02/24 14:13:41	"GET /uv2582fip2582inf210/images/prerequisite_archiweb/prerequisite_archiweb_2025.html HTTP/1.1"
2527	2025/02/24 14:13:43	"GET /uv2582fip2582inf210/lecture_json.html HTTP/1.1"
2527	2025/02/24 14:14:18	"GET /uv2582fip2582inf210/practice_json.html HTTP/1.1"
2527	2025/02/24 15:13:43	"GET /uv2582fip2582inf210/practice_xml.html HTTP/1.1"
2527	2025/03/27 12:28:08	"GET /uv2582fip2582inf210/project_presentation.html HTTP/1.1"
2527	2025/03/27 12:28:38	"GET /uv2582fip2582inf210/project_specifications.html HTTP/1.1"
2527	2025/03/27 13:07:08	"GET /uv2582fip2582inf210/project_evaluation.html HTTP/1.1"
2527	2025/03/07 15:57:24	"GET /uv2582fip2582inf210/project_presentation.html HTTP/1.1"
2527	2025/03/07 15:57:29	"GET /uv2582fip2582inf210/project_part3.html HTTP/1.1"
2527	2025/03/15 21:31:19	"GET /uv2582fip2582inf210/project_presentation.html HTTP/1.1"
2527	2025/03/15 21:31:23	"GET /uv2582fip2582inf210/project_specifications.html HTTP/1.1"
2527	2025/02/03 14:11:14	"GET /uv2582fip2582inf210/data_home.html HTTP/1.1"
2527	2025/02/03 14:13:57	"GET /uv2582fip2582inf210/images/prerequisite_data/prerequisite_data_2025.html HTTP/1.1"
2527	2025/02/03 14:14:15	"GET /uv2582fip2582inf210/lecture_modeling_normalization.html HTTP/1.1"
2527	2025/02/03 14:23:22	"GET /uv2582fip2582inf210/lecture_normalization.html HTTP/1.1"
2527	2025/02/03 14:48:08	"GET /uv2582fip2582inf210/activity_normalization.html HTTP/1.1"
2527	2025/02/03 14:48:57	"GET /uv2582fip2582inf210/activity_normalization_correction.html HTTP/1.1"
2527	2025/02/03 16:32:25	"GET /uv2582fip2582inf210/index.html HTTP/1.1"
2527	2025/02/03 16:33:01	"GET /uv2582fip2582inf210/activity_decomposition.html HTTP/1.1"
2527	2025/02/03 16:33:07	"GET /uv2582fip2582inf210/activity_decomposition_correction.html HTTP/1.1"
2527	2025/02/16 15:00:44	"GET /uv2582fip2582inf210/data_home.html HTTP/1.1"
2527	2025/02/16 15:00:53	"GET /uv2582fip2582inf210/lecture_transaction.html HTTP/1.1"
2527	2025/02/16 15:03:59	"GET /uv2582fip2582inf210/practice_transaction.html HTTP/1.1"
2527	2025/02/16 15:29:56	"GET /uv2582fip2582inf210/practice_transaction_correction.html HTTP/1.1"
2527	2025/02/16 15:37:59	"GET /uv2582fip2582inf210/activity_sql.html HTTP/1.1"
2527	2025/02/16 15:49:47	"GET /uv2582fip2582inf210/activity_sql_correction.html HTTP/1.1"
2527	2025/02/16 16:24:26	"GET /uv2582fip2582inf210/practice_sql.html HTTP/1.1"
2527	2025/01/24 09:36:01	"GET /uv2582fip2582inf210/lecture_software_architecture.html HTTP/1.1"
2527	2025/01/24 09:38:28	"GET /uv2582fip2582inf210/technical_environment_home.html HTTP/1.1"
2527	2025/01/24 09:39:57	"GET /uv2582fip2582inf210/images/prerequisite_techenv/prerequisite_techenv_2025.html HTTP/1.1"
2527	2025/01/24 09:40:02	"GET /uv2582fip2582inf210/documentation_docker.html HTTP/1.1"
2527	2025/01/24 09:55:23	"GET /uv2582fip2582inf210/practice_docker.html HTTP/1.1"
2527	2025/01/24 11:27:17	"GET /uv2582fip2582inf210/documentation_rdbms.html HTTP/1.1"
2527	2025/01/24 11:27:40	"GET /uv2582fip2582inf210/practice_postgresql.html HTTP/1.1"
2527	2025/01/31 14:06:02	"GET /uv2582fip2582inf210/web_architecture_home.html HTTP/1.1"
2527	2025/01/31 14:06:44	"GET /uv2582fip2582inf210/data_home.html HTTP/1.1"
2527	2025/01/31 14:10:09	"GET /uv2582fip2582inf210/images/prerequisite_data/prerequisite_data_2025.html HTTP/1.1"
2527	2025/01/31 14:10:12	"GET /uv2582fip2582inf210/lecture_relational_model.html HTTP/1.1"
2527	2025/01/31 14:15:20	"GET /uv2582fip2582inf210/lecture_db_integrity.html HTTP/1.1"
2527	2025/01/31 14:38:47	"GET /uv2582fip2582inf210/activity_relational_model.html HTTP/1.1"
2527	2025/01/31 15:15:24	"GET /uv2582fip2582inf210/activity_relational_model_correction.html HTTP/1.1"
2527	2025/01/31 15:45:32	"GET /uv2582fip2582inf210/data_home.html HTTP/1.1"
2527	2025/01/31 15:45:34	"GET /uv2582fip2582inf210/images/prerequisite_data/prerequisite_data_2025.html HTTP/1.1"
2527	2025/01/31 15:45:36	"GET /uv2582fip2582inf210/activity_relational_model.html HTTP/1.1"
2527	2025/01/31 15:48:28	"GET /uv2582fip2582inf210/activity_relational_model_correction.html HTTP/1.1"
2527	2025/01/31 16:43:44	"GET /uv2582fip2582inf210/lecture_relational_algebra.html HTTP/1.1"
2527	2025/01/31 16:44:20	"GET /uv2582fip2582inf210/index.html HTTP/1.1"
2527	2025/01/30 15:27:11	"GET /uv2582fip2582inf210/technical_environment_home.html HTTP/1.1"
2527	2025/01/30 15:27:16	"GET /uv2582fip2582inf210/inversion_of_control.html HTTP/1.1"
2527	2025/01/30 15:27:18	"GET /uv2582fip2582inf210/spring_bean.html HTTP/1.1"
2527	2025/01/30 15:29:43	"GET /uv2582fip2582inf210/practice_spring.html HTTP/1.1"
2527	2025/01/30 16:55:46	"GET /uv2582fip2582inf210/index.html HTTP/1.1"
2527	2025/01/30 16:55:54	"GET /uv2582fip2582inf210/web_architecture_home.html HTTP/1.1"
2527	2025/01/30 17:00:07	"GET /uv2582fip2582inf210/images/prerequisite_archiweb/prerequisite_archiweb_2025.html HTTP/1.1"
2527	2025/01/30 17:01:05	"GET /uv2582fip2582inf210/lecture_technical_architecture.html HTTP/1.1"
2527	2025/03/09 16:18:02	"GET /uv2582fip2582inf210/project_presentation.html HTTP/1.1"
2527	2025/03/09 16:18:12	"GET /uv2582fip2582inf210/project_specifications.html HTTP/1.1"
2527	2025/03/09 17:04:15	"GET /uv2582fip2582inf210/index.html HTTP/1.1"
2527	2025/02/17 14:40:22	"GET /uv2582fip2582inf210/data_home.html HTTP/1.1"
2527	2025/02/17 14:40:26	"GET /uv2582fip2582inf210/lecture_conceptual_modeling.html HTTP/1.1"
2527	2025/03/14 21:36:18	"GET /uv2582fip2582inf210/project_presentation.html HTTP/1.1"
2527	2025/03/14 21:36:28	"GET /uv2582fip2582inf210/project_specifications.html HTTP/1.1"
2527	2025/01/22 15:37:50	"GET /uv2582fip2582inf210/web_architecture_home.html HTTP/1.1"
2527	2025/01/22 15:38:42	"GET /uv2582fip2582inf210/lecture_software_architecture.html HTTP/1.1"
2527	2025/01/22 15:38:46	"GET /uv2582fip2582inf210/lecture_technical_architecture.html HTTP/1.1"
2527	2025/01/22 15:41:25	"GET /uv2582fip2582inf210/lecture_dto.html HTTP/1.1"
2527	2025/01/22 15:41:42	"GET /uv2582fip2582inf210/practice_spring_2tiers_ext.html HTTP/1.1"
2527	2025/01/22 15:41:46	"GET /uv2582fip2582inf210/lecture_mvc_spring.html HTTP/1.1"
2527	2025/02/05 14:10:16	"GET /uv2582fip2582inf210/web_architecture_home.html HTTP/1.1"
2527	2025/02/05 14:10:21	"GET /uv2582fip2582inf210/images/prerequisite_archiweb/prerequisite_archiweb_2025.html HTTP/1.1"
2527	2025/02/05 14:28:52	"GET /uv2582fip2582inf210/lecture_dto.html HTTP/1.1"
2527	2025/02/05 14:33:21	"GET /uv2582fip2582inf210/lecture_software_architecture.html HTTP/1.1"
2527	2025/02/05 14:50:38	"GET /uv2582fip2582inf210/lecture_technical_architecture.html HTTP/1.1"
2527	2025/02/05 15:02:10	"GET /uv2582fip2582inf210/lecture_mvc_spring.html HTTP/1.1"
2527	2025/02/05 15:05:30	"GET /uv2582fip2582inf210/practice_spring_2tiers.html HTTP/1.1"
2527	2025/02/05 15:06:35	"GET /uv2582fip2582inf210/lecture_jpa.html HTTP/1.1"
2527	2025/02/05 15:06:44	"GET /uv2582fip2582inf210/practice_jpa.html HTTP/1.1"
2527	2025/02/05 15:39:58	"GET /uv2582fip2582inf210/web_architecture_home.html HTTP/1.1"
2527	2025/02/05 15:39:59	"GET /uv2582fip2582inf210/images/prerequisite_archiweb/prerequisite_archiweb_2025.html HTTP/1.1"
2527	2025/02/05 15:40:03	"GET /uv2582fip2582inf210/lecture_jpa.html HTTP/1.1"
2527	2025/02/05 15:40:16	"GET /uv2582fip2582inf210/practice_jpa.html HTTP/1.1"
2527	2025/02/05 16:30:31	"GET /uv2582fip2582inf210/lecture_mvc_spring.html HTTP/1.1"
2527	2025/02/10 14:08:50	"GET /uv2582fip2582inf210/web_architecture_home.html HTTP/1.1"
2527	2025/02/10 14:08:52	"GET /uv2582fip2582inf210/images/prerequisite_archiweb/prerequisite_archiweb_2025.html HTTP/1.1"
2527	2025/02/10 14:08:54	"GET /uv2582fip2582inf210/practice_jpa.html HTTP/1.1"
2527	2025/02/10 14:13:45	"GET /uv2582fip2582inf210/lecture_dto.html HTTP/1.1"
2527	2025/02/10 14:13:49	"GET /uv2582fip2582inf210/lecture_software_architecture.html HTTP/1.1"
2527	2025/02/10 14:33:25	"GET /uv2582fip2582inf210/lecture_jpa.html HTTP/1.1"
2527	2025/03/19 20:41:23	"GET /uv2582fip2582inf210/project_presentation.html HTTP/1.1"
2527	2025/03/19 20:41:26	"GET /uv2582fip2582inf210/project_specifications.html HTTP/1.1"
2527	2025/02/12 09:57:36	"GET /uv2582fip2582inf210/practice_jpa_advanced.html HTTP/1.1"
2527	2025/02/12 14:07:53	"GET /uv2582fip2582inf210/lecture_mvc_spring.html HTTP/1.1"
2527	2025/02/12 14:07:59	"GET /uv2582fip2582inf210/practice_spring_2tiers.html HTTP/1.1"
2527	2025/03/03 11:20:15	"GET /uv2582fip2582inf210/project_presentation.html HTTP/1.1"
2527	2025/03/03 11:20:23	"GET /uv2582fip2582inf210/project_part2.html HTTP/1.1"
2527	2025/03/03 14:17:04	"GET /uv2582fip2582inf210/project_presentation.html HTTP/1.1"
2527	2025/03/03 14:17:07	"GET /uv2582fip2582inf210/project_part2.html HTTP/1.1"
2527	2025/03/03 15:47:52	"GET /uv2582fip2582inf210/project_presentation.html HTTP/1.1"
2527	2025/03/03 15:47:55	"GET /uv2582fip2582inf210/project_part2.html HTTP/1.1"
2527	2025/02/15 14:04:12	"GET /uv2582fip2582inf210/data_home.html HTTP/1.1"
2527	2025/02/15 14:04:13	"GET /uv2582fip2582inf210/images/prerequisite_data/prerequisite_data_2025.html HTTP/1.1"
2527	2025/02/15 14:04:20	"GET /uv2582fip2582inf210/activity_relational_model.html HTTP/1.1"
2527	2025/02/15 14:05:04	"GET /uv2582fip2582inf210/lecture_validity.html HTTP/1.1"
2527	2025/02/15 14:05:27	"GET /uv2582fip2582inf210/practice_xml.html HTTP/1.1"
2527	2025/02/14 09:54:55	"GET /uv2582fip2582inf210/web_architecture_home.html HTTP/1.1"
2527	2025/02/14 09:54:56	"GET /uv2582fip2582inf210/images/prerequisite_archiweb/prerequisite_archiweb_2025.html HTTP/1.1"
2527	2025/02/14 09:54:59	"GET /uv2582fip2582inf210/practice_spring_2tiers.html HTTP/1.1"
2527	2025/01/29 16:36:54	"GET /uv2582fip2582inf210/technical_environment_home.html HTTP/1.1"
2527	2025/01/29 16:36:59	"GET /uv2582fip2582inf210/documentation_rdbms.html HTTP/1.1"
2527	2025/01/29 16:37:06	"GET /uv2582fip2582inf210/practice_postgresql.html HTTP/1.1"
2527	2025/01/29 16:56:44	"GET /uv2582fip2582inf210/documentation_programming.html HTTP/1.1"
2527	2025/01/29 17:02:01	"GET /uv2582fip2582inf210/inversion_of_control.html HTTP/1.1"
2527	2025/01/29 17:30:31	"GET /uv2582fip2582inf210/spring_bean.html HTTP/1.1"
2527	2025/03/05 13:27:04	"GET /uv2582fip2582inf210/project_presentation.html HTTP/1.1"
2527	2025/03/05 13:27:08	"GET /uv2582fip2582inf210/project_part2.html HTTP/1.1"
2527	2025/03/05 16:49:50	"GET /uv2582fip2582inf210/project_presentation.html HTTP/1.1"
2527	2025/03/05 16:49:53	"GET /uv2582fip2582inf210/project_part2.html HTTP/1.1"
2527	2025/03/05 18:48:21	"GET /uv2582fip2582inf210/project_presentation.html HTTP/1.1"
2527	2025/03/05 18:48:26	"GET /uv2582fip2582inf210/project_part2.html HTTP/1.1"
2527	2025/03/10 21:25:08	"GET /uv2582fip2582inf210/project_presentation.html HTTP/1.1"
2527	2025/03/10 21:25:12	"GET /uv2582fip2582inf210/project_specifications.html HTTP/1.1"
