2528	2025/02/20 21:05:42	"GET /uv2582fip2582inf210/activity_conceptual_modeling.html HTTP/1.1"
2528	2025/02/20 21:08:15	"GET /uv2582fip2582inf210/activity_conceptual_modeling_advanced.html HTTP/1.1"
2528	2025/02/20 21:49:13	"GET /uv2582fip2582inf210/lecture_conceptual_modeling.html HTTP/1.1"
2528	2025/02/20 22:08:15	"GET /uv2582fip2582inf210/lecture_modeling_normalization.html HTTP/1.1"
2528	2025/02/20 22:47:42	"GET /uv2582fip2582inf210/activity_conceptual_modeling_correction.html HTTP/1.1"
2528	2025/02/21 00:31:08	"GET /uv2582fip2582inf210/lecture_software_architecture.html HTTP/1.1"
2528	2025/02/21 00:31:13	"GET /uv2582fip2582inf210/index.html HTTP/1.1"
2528	2025/02/21 00:31:18	"GET /uv2582fip2582inf210/data_home.html HTTP/1.1"
2528	2025/02/21 00:31:31	"GET /uv2582fip2582inf210/web_architecture_home.html HTTP/1.1"
2528	2025/02/21 00:31:46	"GET /uv2582fip2582inf210/activity_normalization.html HTTP/1.1"
2528	2025/02/21 00:56:57	"GET /uv2582fip2582inf210/activity_conceptual_modeling_advanced_correction.html HTTP/1.1"
2528	2025/02/28 20:05:17	"GET /uv2582fip2582inf210/project_part1.html HTTP/1.1"
2528	2025/02/28 21:10:23	"GET /uv2582fip2582inf210/practice_jpa_advanced.html HTTP/1.1"
2528	2025/02/28 21:10:25	"GET /uv2582fip2582inf210/practice_jpa.html HTTP/1.1"
2528	2025/02/28 21:10:29	"GET /uv2582fip2582inf210/index.html HTTP/1.1"
2528	2025/02/28 21:10:34	"GET /uv2582fip2582inf210/data_home.html HTTP/1.1"
2528	2025/02/28 21:10:40	"GET /uv2582fip2582inf210/activity_normalization.html HTTP/1.1"
2528	2025/02/28 21:10:44	"GET /uv2582fip2582inf210/activity_decomposition.html HTTP/1.1"
2528	2025/02/28 21:10:52	"GET /uv2582fip2582inf210/activity_conceptual_modeling.html HTTP/1.1"
2528	2025/02/28 21:10:58	"GET /uv2582fip2582inf210/practice_advanced_sql.html HTTP/1.1"
2528	2025/02/28 21:11:26	"GET /uv2582fip2582inf210/documentation_rdbms.html HTTP/1.1"
2528	2025/02/28 21:11:44	"GET /uv2582fip2582inf210/lecture_normalization.html HTTP/1.1"
2528	2025/02/28 21:11:44	"GET /uv2582fip2582inf210/activity_normalization.html HTTP/1.1"
2528	2025/02/28 21:11:48	"GET /uv2582fip2582inf210/activity_decomposition.html HTTP/1.1"
2528	2025/02/28 21:11:56	"GET /uv2582fip2582inf210/lecture_independence_views.html HTTP/1.1"
2528	2025/02/28 21:12:03	"GET /uv2582fip2582inf210/web_architecture_home.html HTTP/1.1"
2528	2025/04/04 12:00:33	"GET /uv2582fip2582inf210/project_presentation.html HTTP/1.1"
2528	2025/04/04 12:00:46	"GET /uv2582fip2582inf210/project_task_time.html HTTP/1.1"
2528	2025/04/04 12:01:16	"GET /uv2582fip2582inf210/project_specifications.html HTTP/1.1"
2528	2025/02/21 15:04:04	"GET /uv2582fip2582inf210/lecture_db_integrity.html HTTP/1.1"
2528	2025/02/21 15:04:17	"GET /uv2582fip2582inf210/activity_conceptual_modeling.html HTTP/1.1"
2528	2025/02/21 15:04:20	"GET /uv2582fip2582inf210/lecture_modeling_normalization.html HTTP/1.1"
2528	2025/02/21 15:04:33	"GET /uv2582fip2582inf210/index.html HTTP/1.1"
2528	2025/02/21 15:04:36	"GET /uv2582fip2582inf210/web_architecture_home.html HTTP/1.1"
2528	2025/02/21 15:04:42	"GET /uv2582fip2582inf210/lecture_jpa.html HTTP/1.1"
2528	2025/02/21 15:04:43	"GET /uv2582fip2582inf210/practice_jpa.html HTTP/1.1"
2528	2025/02/21 15:06:08	"GET /uv2582fip2582inf210/index.html HTTP/1.1"
2528	2025/02/21 15:06:10	"GET /uv2582fip2582inf210/technical_environment_home.html HTTP/1.1"
2528	2025/02/21 15:06:19	"GET /uv2582fip2582inf210/practice_postgresql.html HTTP/1.1"
2528	2025/02/26 10:00:10	"GET /uv2582fip2582inf210/index.html HTTP/1.1"
2528	2025/02/26 10:00:17	"GET /uv2582fip2582inf210/project_presentation.html HTTP/1.1"
2528	2025/02/26 10:00:26	"GET /uv2582fip2582inf210/project_part1.html HTTP/1.1"
2528	2025/02/26 10:07:16	"GET /uv2582fip2582inf210/project_specifications.html HTTP/1.1"
2528	2025/02/24 14:09:28	"GET /uv2582fip2582inf210/index.html HTTP/1.1"
2528	2025/02/24 14:10:48	"GET /uv2582fip2582inf210/data_home.html HTTP/1.1"
2528	2025/02/24 14:10:52	"GET /uv2582fip2582inf210/project_home.html HTTP/1.1"
2528	2025/02/24 14:11:02	"GET /uv2582fip2582inf210/web_architecture_home.html HTTP/1.1"
2528	2025/02/24 14:12:45	"GET /uv2582fip2582inf210/lecture_xpath.html HTTP/1.1"
2528	2025/02/24 14:13:07	"GET /uv2582fip2582inf210/practice_spring_2tiers_ext.html HTTP/1.1"
2528	2025/02/24 14:17:26	"GET /uv2582fip2582inf210/practice_postgresql.html HTTP/1.1"
2528	2025/02/04 22:22:59	"GET /uv2582fip2582inf210/activity_sql.html HTTP/1.1"
2528	2025/02/04 22:30:18	"GET /uv2582fip2582inf210/activity_sql_correction.html HTTP/1.1"
2528	2025/02/03 09:38:12	"GET /uv2582fip2582inf210/lecture_independence_views.html HTTP/1.1"
2528	2025/02/03 09:38:23	"GET /uv2582fip2582inf210/activity_normalization.html HTTP/1.1"
2528	2025/02/03 09:50:30	"GET /uv2582fip2582inf210/lecture_normalization.html HTTP/1.1"
2528	2025/02/03 09:59:30	"GET /uv2582fip2582inf210/activity_normalization_correction.html HTTP/1.1"
2528	2025/02/03 11:03:29	"GET /uv2582fip2582inf210/practice_transaction.html HTTP/1.1"
2528	2025/02/03 11:04:12	"GET /uv2582fip2582inf210/lecture_independence_views.html HTTP/1.1"
2528	2025/02/03 11:04:34	"GET /uv2582fip2582inf210/web_architecture_home.html HTTP/1.1"
2528	2025/02/03 11:04:51	"GET /uv2582fip2582inf210/lecture_technical_architecture.html HTTP/1.1"
2528	2025/02/03 11:05:27	"GET /uv2582fip2582inf210/lecture_software_architecture.html HTTP/1.1"
2528	2025/02/03 11:12:19	"GET /uv2582fip2582inf210/lecture_dto.html HTTP/1.1"
2528	2025/02/03 11:15:07	"GET /uv2582fip2582inf210/lecture_mvc_spring.html HTTP/1.1"
2528	2025/02/03 11:15:54	"GET /uv2582fip2582inf210/lecture_jpa.html HTTP/1.1"
2528	2025/02/03 11:15:57	"GET /uv2582fip2582inf210/lecture_mvc_spring.html HTTP/1.1"
2528	2025/02/03 11:16:23	"GET /uv2582fip2582inf210/lecture_json.html HTTP/1.1"
2528	2025/02/03 11:18:21	"GET /uv2582fip2582inf210/index.html HTTP/1.1"
2528	2025/02/03 11:18:31	"GET /uv2582fip2582inf210/practice_json.html HTTP/1.1"
2528	2025/02/03 11:25:05	"GET /uv2582fip2582inf210/practice_jpa.html HTTP/1.1"
2528	2025/02/03 11:33:32	"GET /uv2582fip2582inf210/practice_jpa.html HTTP/1.1"
2528	2025/01/24 09:39:28	"GET /uv2582fip2582inf210/technical_environment_home.html HTTP/1.1"
2528	2025/01/24 10:31:17	"GET /uv2582fip2582inf210/practice_docker.html HTTP/1.1"
2528	2025/01/24 11:50:03	"GET /uv2582fip2582inf210/web_architecture_home.html HTTP/1.1"
2528	2025/01/24 11:52:11	"GET /uv2582fip2582inf210/documentation_rdbms.html HTTP/1.1"
2528	2025/01/24 11:52:20	"GET /uv2582fip2582inf210/practice_postgresql.html HTTP/1.1"
2528	2025/01/31 14:03:25	"GET /uv2582fip2582inf210/activity_decomposition.html HTTP/1.1"
2528	2025/01/31 14:07:32	"GET /uv2582fip2582inf210/lecture_conceptual_modeling.html HTTP/1.1"
2528	2025/01/31 14:09:42	"GET /uv2582fip2582inf210/activity_conceptual_modeling_advanced.html HTTP/1.1"
2528	2025/01/31 15:06:59	"GET /uv2582fip2582inf210/activity_conceptual_modeling_correction.html HTTP/1.1"
2528	2025/01/31 15:09:22	"GET /uv2582fip2582inf210/lecture_conceptual_modeling.html HTTP/1.1"
2528	2025/01/31 16:10:15	"GET /uv2582fip2582inf210/lecture_normalization.html HTTP/1.1"
2528	2025/01/31 16:16:47	"GET /uv2582fip2582inf210/activity_normalization.html HTTP/1.1"
2528	2025/01/31 16:36:59	"GET /uv2582fip2582inf210/lecture_normalization.html HTTP/1.1"
2528	2025/01/31 16:37:05	"GET /uv2582fip2582inf210/activity_conceptual_modeling_advanced.html HTTP/1.1"
2528	2025/01/31 16:37:08	"GET /uv2582fip2582inf210/activity_conceptual_modeling.html HTTP/1.1"
2528	2025/01/31 16:37:14	"GET /uv2582fip2582inf210/lecture_modeling_normalization.html HTTP/1.1"
2528	2025/01/30 09:37:26	"GET /uv2582fip2582inf210/web_architecture_home.html HTTP/1.1"
2528	2025/01/30 09:37:36	"GET /uv2582fip2582inf210/data_home.html HTTP/1.1"
2528	2025/01/30 09:41:21	"GET /uv2582fip2582inf210/lecture_relational_model.html HTTP/1.1"
2528	2025/01/30 09:47:44	"GET /uv2582fip2582inf210/lecture_db_integrity.html HTTP/1.1"
2528	2025/01/30 10:00:47	"GET /uv2582fip2582inf210/activity_relational_model.html HTTP/1.1"
2528	2025/01/30 10:01:15	"GET /uv2582fip2582inf210/practice_advanced_sql.html HTTP/1.1"
2528	2025/01/30 11:49:53	"GET /uv2582fip2582inf210/activity_conceptual_modeling.html HTTP/1.1"
2528	2025/01/30 11:50:27	"GET /uv2582fip2582inf210/lecture_modeling_normalization.html HTTP/1.1"
2528	2025/01/30 11:52:25	"GET /uv2582fip2582inf210/lecture_conceptual_modeling.html HTTP/1.1"
2528	2025/01/30 11:56:09	"GET /uv2582fip2582inf210/activity_relational_model_correction.html HTTP/1.1"
2528	2025/01/30 11:59:47	"GET /uv2582fip2582inf210/index.html HTTP/1.1"
2528	2025/02/17 14:40:46	"GET /uv2582fip2582inf210/index.html HTTP/1.1"
2528	2025/02/17 14:40:49	"GET /uv2582fip2582inf210/technical_environment_home.html HTTP/1.1"
2528	2025/02/17 14:41:08	"GET /uv2582fip2582inf210/data_home.html HTTP/1.1"
2528	2025/02/17 14:41:41	"GET /uv2582fip2582inf210/activity_conceptual_modeling.html HTTP/1.1"
2528	2025/02/17 14:41:42	"GET /uv2582fip2582inf210/lecture_conceptual_modeling.html HTTP/1.1"
2528	2025/03/14 11:32:13	"GET /uv2582fip2582inf210/project_presentation.html HTTP/1.1"
2528	2025/03/14 11:32:26	"GET /uv2582fip2582inf210/project_part2.html HTTP/1.1"
2528	2025/03/14 11:32:30	"GET /uv2582fip2582inf210/project_part3.html HTTP/1.1"
2528	2025/02/05 14:07:25	"GET /uv2582fip2582inf210/index.html HTTP/1.1"
2528	2025/02/05 14:07:34	"GET /uv2582fip2582inf210/web_architecture_home.html HTTP/1.1"
2528	2025/02/05 14:13:31	"GET /uv2582fip2582inf210/practice_jpa.html HTTP/1.1"
2528	2025/02/05 14:43:37	"GET /uv2582fip2582inf210/lecture_jpa.html HTTP/1.1"
2528	2025/02/10 14:19:20	"GET /uv2582fip2582inf210/index.html HTTP/1.1"
2528	2025/02/10 14:19:26	"GET /uv2582fip2582inf210/data_home.html HTTP/1.1"
2528	2025/02/10 14:19:47	"GET /uv2582fip2582inf210/lecture_modeling_normalization.html HTTP/1.1"
2528	2025/02/10 14:19:58	"GET /uv2582fip2582inf210/lecture_conceptual_modeling.html HTTP/1.1"
2528	2025/02/10 14:20:16	"GET /uv2582fip2582inf210/activity_conceptual_modeling.html HTTP/1.1"
2528	2025/02/10 14:20:23	"GET /uv2582fip2582inf210/activity_conceptual_modeling_advanced.html HTTP/1.1"
2528	2025/02/10 14:20:29	"GET /uv2582fip2582inf210/lecture_normalization.html HTTP/1.1"
2528	2025/02/10 15:01:21	"GET /uv2582fip2582inf210/lecture_normalization.html HTTP/1.1"
2528	2025/02/10 15:01:22	"GET /uv2582fip2582inf210/activity_normalization.html HTTP/1.1"
2528	2025/02/10 15:48:18	"GET /uv2582fip2582inf210/lecture_transaction.html HTTP/1.1"
2528	2025/02/10 15:48:23	"GET /uv2582fip2582inf210/practice_transaction.html HTTP/1.1"
2528	2025/02/10 16:10:14	"GET /uv2582fip2582inf210/web_architecture_home.html HTTP/1.1"
2528	2025/02/10 16:12:06	"GET /uv2582fip2582inf210/lecture_mvc_spring.html HTTP/1.1"
2528	2025/02/10 16:12:20	"GET /uv2582fip2582inf210/practice_jpa.html HTTP/1.1"
2528	2025/02/10 16:12:44	"GET /uv2582fip2582inf210/lecture_jpa.html HTTP/1.1"
2528	2025/03/19 10:19:40	"GET /uv2582fip2582inf210/project_specifications.html HTTP/1.1"
2528	2025/03/19 14:00:28	"GET /uv2582fip2582inf210/project_part2.html HTTP/1.1"
2528	2025/03/19 14:00:38	"GET /uv2582fip2582inf210/index.html HTTP/1.1"
2528	2025/03/19 14:00:44	"GET /uv2582fip2582inf210/web_architecture_home.html HTTP/1.1"
2528	2025/03/19 14:00:52	"GET /uv2582fip2582inf210/lecture_jpa.html HTTP/1.1"
2528	2025/03/19 14:00:57	"GET /uv2582fip2582inf210/practice_jpa.html HTTP/1.1"
2528	2025/02/12 11:29:07	"GET /uv2582fip2582inf210/practice_jpa_advanced.html HTTP/1.1"
2528	2025/02/12 15:15:27	"GET /uv2582fip2582inf210/lecture_xml.html HTTP/1.1"
2528	2025/02/12 15:15:38	"GET /uv2582fip2582inf210/practice_spring_2tiers.html HTTP/1.1"
2528	2025/03/03 11:17:07	"GET /uv2582fip2582inf210/project_part1.html HTTP/1.1"
2528	2025/03/03 11:17:21	"GET /uv2582fip2582inf210/index.html HTTP/1.1"
2528	2025/03/03 11:17:23	"GET /uv2582fip2582inf210/project_presentation.html HTTP/1.1"
2528	2025/03/03 11:18:09	"GET /uv2582fip2582inf210/project_part1.html HTTP/1.1"
2528	2025/03/03 11:30:37	"GET /uv2582fip2582inf210/project_part1.html HTTP/1.1"
2528	2025/03/03 11:30:41	"GET /uv2582fip2582inf210/project_part2.html HTTP/1.1"
2528	2025/03/03 11:43:45	"GET /uv2582fip2582inf210/project_part1.html HTTP/1.1"
2528	2025/03/03 12:09:20	"GET /uv2582fip2582inf210/project_part2.html HTTP/1.1"
2528	2025/02/14 09:42:32	"GET /uv2582fip2582inf210/practice_jpa.html HTTP/1.1"
2528	2025/02/14 09:42:44	"GET /uv2582fip2582inf210/practice_jpa_advanced.html HTTP/1.1"
2528	2025/02/14 09:43:16	"GET /uv2582fip2582inf210/practice_spring_2tiers.html HTTP/1.1"
2528	2025/02/14 09:55:22	"GET /uv2582fip2582inf210/lecture_xml.html HTTP/1.1"
2528	2025/03/17 19:08:57	"GET /uv2582fip2582inf210/project_part3.html HTTP/1.1"
2528	2025/03/17 19:10:19	"GET /uv2582fip2582inf210/project_part2.html HTTP/1.1"
2528	2025/01/29 14:07:29	"GET /uv2582fip2582inf210/documentation_rdbms.html HTTP/1.1"
2528	2025/01/29 14:09:12	"GET /uv2582fip2582inf210/practice_postgresql.html HTTP/1.1"
2528	2025/01/29 14:09:21	"GET /uv2582fip2582inf210/documentation_programming.html HTTP/1.1"
2528	2025/01/29 14:13:45	"GET /uv2582fip2582inf210/inversion_of_control.html HTTP/1.1"
2528	2025/01/29 14:22:07	"GET /uv2582fip2582inf210/practice_spring.html HTTP/1.1"
2528	2025/01/29 14:22:24	"GET /uv2582fip2582inf210/spring_bean.html HTTP/1.1"
