2529	2025/03/24 07:50:09	"GET /uv2582fip2582inf210/index.html HTTP/1.1"
2529	2025/03/24 07:50:18	"GET /uv2582fip2582inf210/web_architecture_home.html HTTP/1.1"
2529	2025/03/24 07:50:24	"GET /uv2582fip2582inf210/images/prerequisite_archiweb/prerequisite_archiweb_2025.html HTTP/1.1"
2529	2025/03/24 07:50:28	"GET /uv2582fip2582inf210/lecture_mvc_spring.html HTTP/1.1"
2529	2025/03/24 07:50:37	"GET /uv2582fip2582inf210/practice_spring_2tiers.html HTTP/1.1"
2529	2025/02/20 09:42:13	"GET /uv2582fip2582inf210/index.html HTTP/1.1"
2529	2025/02/20 13:41:32	"GET /uv2582fip2582inf210/index.html HTTP/1.1"
2529	2025/02/28 10:15:13	"GET /uv2582fip2582inf210/index.html HTTP/1.1"
2529	2025/02/28 10:15:17	"GET /uv2582fip2582inf210/project_presentation.html HTTP/1.1"
2529	2025/02/28 10:15:22	"GET /uv2582fip2582inf210/project_evaluation.html HTTP/1.1"
2529	2025/02/28 11:50:57	"GET /uv2582fip2582inf210/project_task_time.html HTTP/1.1"
2529	2025/02/28 12:00:14	"GET /uv2582fip2582inf210/project_specifications.html HTTP/1.1"
2529	2025/02/28 16:11:43	"GET /uv2582fip2582inf210/project_specifications.html HTTP/1.1"
2529	2025/02/21 13:25:47	"GET /uv2582fip2582inf210/web_architecture_home.html HTTP/1.1"
2529	2025/02/21 13:25:49	"GET /uv2582fip2582inf210/index.html HTTP/1.1"
2529	2025/02/21 13:25:51	"GET /uv2582fip2582inf210/data_home.html HTTP/1.1"
2529	2025/02/21 13:25:53	"GET /uv2582fip2582inf210/images/prerequisite_data/prerequisite_data_2025.html HTTP/1.1"
2529	2025/02/26 08:12:27	"GET /uv2582fip2582inf210/index.html HTTP/1.1"
2529	2025/02/26 08:12:30	"GET /uv2582fip2582inf210/project_presentation.html HTTP/1.1"
2529	2025/02/26 09:06:53	"GET /uv2582fip2582inf210/project_task_time.html HTTP/1.1"
2529	2025/02/26 09:12:04	"GET /uv2582fip2582inf210/project_specifications.html HTTP/1.1"
2529	2025/02/26 09:52:34	"GET /uv2582fip2582inf210/project_part1.html HTTP/1.1"
2529	2025/02/26 09:58:26	"GET /uv2582fip2582inf210/project_presentation.html HTTP/1.1"
2529	2025/02/26 16:11:39	"GET /uv2582fip2582inf210/index.html HTTP/1.1"
2529	2025/02/26 16:11:43	"GET /uv2582fip2582inf210/project_presentation.html HTTP/1.1"
2529	2025/02/26 16:11:51	"GET /uv2582fip2582inf210/project_task_time.html HTTP/1.1"
2529	2025/02/26 16:15:06	"GET /uv2582fip2582inf210/project_specifications.html HTTP/1.1"
2529	2025/02/24 14:03:14	"GET /uv2582fip2582inf210/index.html HTTP/1.1"
2529	2025/02/24 14:03:18	"GET /uv2582fip2582inf210/project_home.html HTTP/1.1"
2529	2025/02/24 14:04:17	"GET /uv2582fip2582inf210/images/prerequisite_archiweb/prerequisite_archiweb_2025.html HTTP/1.1"
2529	2025/02/24 14:04:25	"GET /uv2582fip2582inf210/lecture_technical_architecture.html HTTP/1.1"
2529	2025/02/24 14:14:28	"GET /uv2582fip2582inf210/practice_spring_2tiers_ext.html HTTP/1.1"
2529	2025/02/24 14:16:27	"GET /uv2582fip2582inf210/lecture_software_architecture.html HTTP/1.1"
2529	2025/02/24 14:20:35	"GET /uv2582fip2582inf210/lecture_dto.html HTTP/1.1"
2529	2025/02/22 15:59:54	"GET /uv2582fip2582inf210/index.html HTTP/1.1"
2529	2025/02/22 16:00:02	"GET /uv2582fip2582inf210/data_home.html HTTP/1.1"
2529	2025/02/22 16:00:12	"GET /uv2582fip2582inf210/lecture_indexation.html HTTP/1.1"
2529	2025/03/29 15:24:29	"GET /uv2582fip2582inf210/index.html HTTP/1.1"
2529	2025/03/29 15:24:35	"GET /uv2582fip2582inf210/project_presentation.html HTTP/1.1"
2529	2025/03/29 15:24:45	"GET /uv2582fip2582inf210/project_specifications.html HTTP/1.1"
2529	2025/02/25 21:08:00	"GET /uv2582fip2582inf210/index.html HTTP/1.1"
2529	2025/02/25 21:08:03	"GET /uv2582fip2582inf210/project_presentation.html HTTP/1.1"
2529	2025/02/25 22:22:18	"GET /uv2582fip2582inf210/index.html HTTP/1.1"
2529	2025/02/25 22:22:32	"GET /uv2582fip2582inf210/project_presentation.html HTTP/1.1"
2529	2025/02/25 22:22:34	"GET /uv2582fip2582inf210/project_evaluation.html HTTP/1.1"
2529	2025/02/25 22:23:20	"GET /uv2582fip2582inf210/project_task_time.html HTTP/1.1"
2529	2025/02/04 15:38:38	"GET /uv2582fip2582inf210/practice_advanced_sql.html HTTP/1.1"
2529	2025/02/04 15:38:58	"GET /uv2582fip2582inf210/practice_independence_views.html HTTP/1.1"
2529	2025/02/04 15:39:13	"GET /uv2582fip2582inf210/lecture_transaction.html HTTP/1.1"
2529	2025/02/04 16:18:02	"GET /uv2582fip2582inf210/practice_transaction.html HTTP/1.1"
2529	2025/03/07 15:53:10	"GET /uv2582fip2582inf210/project_presentation.html HTTP/1.1"
2529	2025/03/07 15:53:12	"GET /uv2582fip2582inf210/project_evaluation.html HTTP/1.1"
2529	2025/03/07 16:39:51	"GET /uv2582fip2582inf210/project_presentation.html HTTP/1.1"
2529	2025/03/12 18:24:52	"GET /uv2582fip2582inf210/project_specifications.html HTTP/1.1"
2529	2025/01/23 18:19:06	"GET /uv2582fip2582inf210/technical_environment_home.html HTTP/1.1"
2529	2025/01/23 18:19:18	"GET /uv2582fip2582inf210/index.html HTTP/1.1"
2529	2025/01/23 18:21:16	"GET /uv2582fip2582inf210/images/prerequisite_techenv/prerequisite_techenv_2025.html HTTP/1.1"
2529	2025/01/23 23:05:03	"GET /uv2582fip2582inf210/documentation_docker.html HTTP/1.1"
2529	2025/03/15 11:20:21	"GET /uv2582fip2582inf210/project_task_time.html HTTP/1.1"
2529	2025/03/15 11:20:25	"GET /uv2582fip2582inf210/project_specifications.html HTTP/1.1"
2529	2025/02/03 09:34:32	"GET /uv2582fip2582inf210/activity_conceptual_modeling_advanced.html HTTP/1.1"
2529	2025/02/03 09:34:34	"GET /uv2582fip2582inf210/activity_conceptual_modeling_advanced_correction.html HTTP/1.1"
2529	2025/02/03 09:34:46	"GET /uv2582fip2582inf210/activity_conceptual_modeling_correction.html HTTP/1.1"
2529	2025/02/03 09:59:56	"GET /uv2582fip2582inf210/index.html HTTP/1.1"
2529	2025/02/03 09:59:58	"GET /uv2582fip2582inf210/technical_environment_home.html HTTP/1.1"
2529	2025/02/03 10:00:04	"GET /uv2582fip2582inf210/images/prerequisite_techenv/prerequisite_techenv_2025.html HTTP/1.1"
2529	2025/02/03 10:00:06	"GET /uv2582fip2582inf210/practice_docker.html HTTP/1.1"
2529	2025/02/03 10:14:40	"GET /uv2582fip2582inf210/activity_normalization_correction.html HTTP/1.1"
2529	2025/02/03 11:08:11	"GET /uv2582fip2582inf210/activity_decomposition.html HTTP/1.1"
2529	2025/02/03 11:08:21	"GET /uv2582fip2582inf210/activity_decomposition_correction.html HTTP/1.1"
2529	2025/02/03 11:46:14	"GET /uv2582fip2582inf210/activity_sql.html HTTP/1.1"
2529	2025/02/03 11:59:05	"GET /uv2582fip2582inf210/activity_sql_correction.html HTTP/1.1"
2529	2025/02/03 19:31:41	"GET /uv2582fip2582inf210/practice_sql.html HTTP/1.1"
2529	2025/02/03 19:31:43	"GET /uv2582fip2582inf210/activity_sql.html HTTP/1.1"
2529	2025/02/03 19:47:59	"GET /uv2582fip2582inf210/practice_sql_correction.html HTTP/1.1"
2529	2025/02/16 11:52:58	"GET /uv2582fip2582inf210/index.html HTTP/1.1"
2529	2025/02/16 11:53:01	"GET /uv2582fip2582inf210/data_home.html HTTP/1.1"
2529	2025/02/16 11:53:03	"GET /uv2582fip2582inf210/images/prerequisite_data/prerequisite_data_2025.html HTTP/1.1"
2529	2025/02/16 11:53:06	"GET /uv2582fip2582inf210/lecture_relational_model.html HTTP/1.1"
2529	2025/02/16 12:02:57	"GET /uv2582fip2582inf210/lecture_db_integrity.html HTTP/1.1"
2529	2025/02/16 12:07:26	"GET /uv2582fip2582inf210/activity_relational_model.html HTTP/1.1"
2529	2025/02/16 12:21:24	"GET /uv2582fip2582inf210/lecture_modeling_normalization.html HTTP/1.1"
2529	2025/02/16 12:24:33	"GET /uv2582fip2582inf210/lecture_conceptual_modeling.html HTTP/1.1"
2529	2025/02/16 12:52:14	"GET /uv2582fip2582inf210/activity_conceptual_modeling.html HTTP/1.1"
2529	2025/02/16 12:52:19	"GET /uv2582fip2582inf210/lecture_normalization.html HTTP/1.1"
2529	2025/02/16 12:57:15	"GET /uv2582fip2582inf210/activity_normalization.html HTTP/1.1"
2529	2025/02/16 12:57:38	"GET /uv2582fip2582inf210/activity_decomposition.html HTTP/1.1"
2529	2025/01/24 09:28:39	"GET /uv2582fip2582inf210/technical_environment_home.html HTTP/1.1"
2529	2025/01/24 09:29:18	"GET /uv2582fip2582inf210/images/prerequisite_techenv/prerequisite_techenv_2025.html HTTP/1.1"
2529	2025/01/24 09:36:39	"GET /uv2582fip2582inf210/index.html HTTP/1.1"
2529	2025/01/24 09:39:08	"GET /uv2582fip2582inf210/practice_docker.html HTTP/1.1"
2529	2025/01/24 11:14:32	"GET /uv2582fip2582inf210/practice_postgresql.html HTTP/1.1"
2529	2025/01/24 11:27:31	"GET /uv2582fip2582inf210/documentation_rdbms.html HTTP/1.1"
2529	2025/01/24 11:37:13	"GET /uv2582fip2582inf210/documentation_programming.html HTTP/1.1"
2529	2025/01/24 11:41:54	"GET /uv2582fip2582inf210/practice_spring.html HTTP/1.1"
2529	2025/01/31 14:11:48	"GET /uv2582fip2582inf210/lecture_modeling_normalization.html HTTP/1.1"
2529	2025/01/31 14:41:25	"GET /uv2582fip2582inf210/lecture_conceptual_modeling.html HTTP/1.1"
2529	2025/01/31 15:14:32	"GET /uv2582fip2582inf210/activity_conceptual_modeling.html HTTP/1.1"
2529	2025/01/31 15:14:49	"GET /uv2582fip2582inf210/lecture_normalization.html HTTP/1.1"
2529	2025/01/31 15:47:20	"GET /uv2582fip2582inf210/activity_conceptual_modeling_correction.html HTTP/1.1"
2529	2025/01/30 09:36:36	"GET /uv2582fip2582inf210/images/prerequisite_data/prerequisite_data_2025.html HTTP/1.1"
2529	2025/01/30 09:40:14	"GET /uv2582fip2582inf210/lecture_relational_model.html HTTP/1.1"
2529	2025/01/30 09:41:42	"GET /uv2582fip2582inf210/lecture_db_integrity.html HTTP/1.1"
2529	2025/01/30 10:07:23	"GET /uv2582fip2582inf210/activity_relational_model.html HTTP/1.1"
2529	2025/01/30 10:11:50	"GET /uv2582fip2582inf210/technical_environment_home.html HTTP/1.1"
2529	2025/01/30 10:11:56	"GET /uv2582fip2582inf210/practice_postgresql.html HTTP/1.1"
2529	2025/01/30 10:12:51	"GET /uv2582fip2582inf210/practice_docker.html HTTP/1.1"
2529	2025/01/30 16:35:32	"GET /uv2582fip2582inf210/lecture_relational_algebra.html HTTP/1.1"
2529	2025/01/30 16:51:13	"GET /uv2582fip2582inf210/activity_relational_model_correction.html HTTP/1.1"
2529	2025/01/30 17:05:01	"GET /uv2582fip2582inf210/project_home.html HTTP/1.1"
2529	2025/01/30 17:07:42	"GET /uv2582fip2582inf210/web_architecture_home.html HTTP/1.1"
2529	2025/03/09 10:59:49	"GET /uv2582fip2582inf210/project_specifications.html HTTP/1.1"
2529	2025/03/09 10:59:55	"GET /uv2582fip2582inf210/project_structureui.html HTTP/1.1"
2529	2025/03/09 11:00:03	"GET /uv2582fip2582inf210/project_part3.html HTTP/1.1"
2529	2025/03/09 11:10:19	"GET /uv2582fip2582inf210/project_evaluation.html HTTP/1.1"
2529	2025/02/17 14:45:45	"GET /uv2582fip2582inf210/activity_normalization.html HTTP/1.1"
2529	2025/02/02 15:12:32	"GET /uv2582fip2582inf210/activity_conceptual_modeling.html HTTP/1.1"
2529	2025/02/02 15:22:56	"GET /uv2582fip2582inf210/lecture_normalization.html HTTP/1.1"
2529	2025/02/02 15:27:16	"GET /uv2582fip2582inf210/lecture_conceptual_modeling.html HTTP/1.1"
2529	2025/02/02 15:27:50	"GET /uv2582fip2582inf210/lecture_modeling_normalization.html HTTP/1.1"
2529	2025/02/02 15:28:39	"GET /uv2582fip2582inf210/lecture_sql.html HTTP/1.1"
2529	2025/02/02 15:51:45	"GET /uv2582fip2582inf210/activity_normalization.html HTTP/1.1"
2529	2025/02/02 15:51:52	"GET /uv2582fip2582inf210/practice_independence_views.html HTTP/1.1"
2529	2025/03/14 11:59:14	"GET /uv2582fip2582inf210/index.html HTTP/1.1"
2529	2025/03/14 11:59:17	"GET /uv2582fip2582inf210/project_presentation.html HTTP/1.1"
2529	2025/03/14 14:24:53	"GET /uv2582fip2582inf210/project_specifications.html HTTP/1.1"
2529	2025/03/14 14:35:02	"GET /uv2582fip2582inf210/project_part3.html HTTP/1.1"
2529	2025/03/14 14:35:09	"GET /uv2582fip2582inf210/project_structureui.html HTTP/1.1"
2529	2025/01/22 13:59:06	"GET /uv2582fip2582inf210/PresentationUVINF210/pres.html HTTP/1.1"
2529	2025/01/22 14:38:14	"GET /uv2582fip2582inf210/technical_environment_home.html HTTP/1.1"
2529	2025/01/22 14:38:24	"GET /uv2582fip2582inf210/web_architecture_home.html HTTP/1.1"
2529	2025/01/22 14:38:28	"GET /uv2582fip2582inf210/images/prerequisite_archiweb/prerequisite_archiweb_2025.html HTTP/1.1"
2529	2025/01/22 14:38:41	"GET /uv2582fip2582inf210/lecture_software_architecture.html HTTP/1.1"
2529	2025/01/22 14:38:55	"GET /uv2582fip2582inf210/index.html HTTP/1.1"
2529	2025/01/22 14:39:04	"GET /uv2582fip2582inf210/data_home.html HTTP/1.1"
2529	2025/01/22 14:39:18	"GET /uv2582fip2582inf210/images/prerequisite_data/prerequisite_data_2025.html HTTP/1.1"
2529	2025/01/22 14:39:32	"GET /uv2582fip2582inf210/project_home.html HTTP/1.1"
2529	2025/01/22 14:39:42	"GET /uv2582fip2582inf210/images/prerequisite_techenv/prerequisite_techenv_2025.html HTTP/1.1"
2529	2025/01/22 14:50:15	"GET /uv2582fip2582inf210/lecture_parser.html HTTP/1.1"
2529	2025/01/22 14:50:20	"GET /uv2582fip2582inf210/lecture_jaxb.html HTTP/1.1"
2529	2025/01/22 14:51:11	"GET /uv2582fip2582inf210/licence.html HTTP/1.1"
2529	2025/01/22 14:51:47	"GET /uv2582fip2582inf210/practice_spring_2tiers.html HTTP/1.1"
2529	2025/02/18 14:38:11	"GET /uv2582fip2582inf210/activity_decomposition.html HTTP/1.1"
2529	2025/02/18 14:41:55	"GET /uv2582fip2582inf210/activity_normalization.html HTTP/1.1"
2529	2025/02/18 15:07:29	"GET /uv2582fip2582inf210/activity_decomposition_correction.html HTTP/1.1"
2529	2025/03/06 16:34:38	"GET /uv2582fip2582inf210/project_evaluation.html HTTP/1.1"
2529	2025/03/06 22:22:08	"GET /uv2582fip2582inf210/index.html HTTP/1.1"
2529	2025/03/06 22:22:14	"GET /uv2582fip2582inf210/data_home.html HTTP/1.1"
2529	2025/03/06 22:22:16	"GET /uv2582fip2582inf210/project_presentation.html HTTP/1.1"
2529	2025/03/06 22:22:23	"GET /uv2582fip2582inf210/project_part2.html HTTP/1.1"
2529	2025/02/05 14:55:38	"GET /uv2582fip2582inf210/documentation_programming.html HTTP/1.1"
2529	2025/02/05 14:55:45	"GET /uv2582fip2582inf210/practice_spring.html HTTP/1.1"
2529	2025/02/05 14:55:49	"GET /uv2582fip2582inf210/index.html HTTP/1.1"
2529	2025/02/05 14:55:52	"GET /uv2582fip2582inf210/web_architecture_home.html HTTP/1.1"
2529	2025/02/05 14:55:54	"GET /uv2582fip2582inf210/images/prerequisite_archiweb/prerequisite_archiweb_2025.html HTTP/1.1"
2529	2025/02/05 15:01:14	"GET /uv2582fip2582inf210/practice_transaction_correction.html HTTP/1.1"
2529	2025/02/05 16:31:02	"GET /uv2582fip2582inf210/lecture_technical_architecture.html HTTP/1.1"
2529	2025/02/10 14:05:02	"GET /uv2582fip2582inf210/index.html HTTP/1.1"
2529	2025/02/10 14:05:06	"GET /uv2582fip2582inf210/data_home.html HTTP/1.1"
2529	2025/02/10 14:05:07	"GET /uv2582fip2582inf210/images/prerequisite_data/prerequisite_data_2025.html HTTP/1.1"
2529	2025/02/10 14:08:30	"GET /uv2582fip2582inf210/practice_transaction.html HTTP/1.1"
2529	2025/02/10 14:19:05	"GET /uv2582fip2582inf210/lecture_normalization.html HTTP/1.1"
2529	2025/02/10 15:00:15	"GET /uv2582fip2582inf210/activity_conceptual_modeling.html HTTP/1.1"
2529	2025/02/10 15:00:43	"GET /uv2582fip2582inf210/lecture_conceptual_modeling.html HTTP/1.1"
2529	2025/02/10 15:42:59	"GET /uv2582fip2582inf210/lecture_transaction.html HTTP/1.1"
2529	2025/02/12 10:14:14	"GET /uv2582fip2582inf210/lecture_jpa.html HTTP/1.1"
2529	2025/02/12 11:23:14	"GET /uv2582fip2582inf210/practice_spring_2tiers.html HTTP/1.1"
2529	2025/02/12 11:23:27	"GET /uv2582fip2582inf210/practice_jpa.html HTTP/1.1"
2529	2025/02/12 11:53:43	"GET /uv2582fip2582inf210/lecture_mvc_spring.html HTTP/1.1"
2529	2025/02/12 12:00:43	"GET /uv2582fip2582inf210/practice_jpa_advanced.html HTTP/1.1"
2529	2025/03/04 14:04:04	"GET /uv2582fip2582inf210/index.html HTTP/1.1"
2529	2025/03/04 14:04:06	"GET /uv2582fip2582inf210/project_presentation.html HTTP/1.1"
2529	2025/03/04 14:04:09	"GET /uv2582fip2582inf210/project_part2.html HTTP/1.1"
2529	2025/03/04 14:04:18	"GET /uv2582fip2582inf210/project_part2.html HTTP/1.1"
2529	2025/03/03 11:03:43	"GET /uv2582fip2582inf210/index.html HTTP/1.1"
2529	2025/03/03 11:04:03	"GET /uv2582fip2582inf210/project_presentation.html HTTP/1.1"
2529	2025/03/03 11:06:36	"GET /uv2582fip2582inf210/project_presentation.html HTTP/1.1"
2529	2025/03/03 11:11:17	"GET /uv2582fip2582inf210/project_presentation.html HTTP/1.1"
2529	2025/03/03 11:11:21	"GET /uv2582fip2582inf210/project_specifications.html HTTP/1.1"
2529	2025/03/03 11:12:01	"GET /uv2582fip2582inf210/project_evaluation.html HTTP/1.1"
2529	2025/03/03 11:17:02	"GET /uv2582fip2582inf210/project_evaluation.html HTTP/1.1"
2529	2025/03/03 11:21:08	"GET /uv2582fip2582inf210/project_evaluation.html HTTP/1.1"
2529	2025/03/03 11:22:04	"GET /uv2582fip2582inf210/project_part2.html HTTP/1.1"
2529	2025/03/03 11:23:21	"GET /uv2582fip2582inf210/project_part2.html HTTP/1.1"
2529	2025/03/03 11:23:22	"GET /uv2582fip2582inf210/project_part2.html HTTP/1.1"
2529	2025/03/03 11:23:22	"GET /uv2582fip2582inf210/project_part2.html HTTP/1.1"
2529	2025/03/03 11:23:22	"GET /uv2582fip2582inf210/project_part2.html HTTP/1.1"
2529	2025/03/03 11:23:23	"GET /uv2582fip2582inf210/project_part2.html HTTP/1.1"
2529	2025/03/03 11:23:24	"GET /uv2582fip2582inf210/project_part2.html HTTP/1.1"
2529	2025/03/03 14:18:41	"GET /uv2582fip2582inf210/data_home.html HTTP/1.1"
2529	2025/03/03 14:18:47	"GET /uv2582fip2582inf210/project_presentation.html HTTP/1.1"
2529	2025/03/03 14:18:58	"GET /uv2582fip2582inf210/project_evaluation.html HTTP/1.1"
2529	2025/03/03 14:56:40	"GET /uv2582fip2582inf210/project_presentation.html HTTP/1.1"
2529	2025/03/03 14:57:15	"GET /uv2582fip2582inf210/project_evaluation.html HTTP/1.1"
2529	2025/02/01 12:30:52	"GET /uv2582fip2582inf210/activity_conceptual_modeling.html HTTP/1.1"
2529	2025/02/01 12:30:58	"GET /uv2582fip2582inf210/activity_conceptual_modeling_advanced.html HTTP/1.1"
2529	2025/02/01 12:33:06	"GET /uv2582fip2582inf210/activity_conceptual_modeling_advanced_correction.html HTTP/1.1"
2529	2025/02/01 13:12:12	"GET /uv2582fip2582inf210/lecture_relational_model.html HTTP/1.1"
2529	2025/02/09 15:18:14	"GET /uv2582fip2582inf210/images/prerequisite_archiweb/prerequisite_archiweb_2025.html HTTP/1.1"
2529	2025/02/09 15:18:27	"GET /uv2582fip2582inf210/technical_environment_home.html HTTP/1.1"
2529	2025/02/09 15:18:35	"GET /uv2582fip2582inf210/images/prerequisite_techenv/prerequisite_techenv_2025.html HTTP/1.1"
2529	2025/02/09 15:18:36	"GET /uv2582fip2582inf210/practice_docker.html HTTP/1.1"
2529	2025/02/09 16:04:24	"GET /uv2582fip2582inf210/index.html HTTP/1.1"
2529	2025/02/09 16:04:27	"GET /uv2582fip2582inf210/web_architecture_home.html HTTP/1.1"
2529	2025/01/29 14:06:43	"GET /uv2582fip2582inf210/technical_environment_home.html HTTP/1.1"
2529	2025/01/29 14:06:44	"GET /uv2582fip2582inf210/images/prerequisite_techenv/prerequisite_techenv_2025.html HTTP/1.1"
2529	2025/01/29 14:09:14	"GET /uv2582fip2582inf210/practice_spring.html HTTP/1.1"
2529	2025/01/29 14:20:16	"GET /uv2582fip2582inf210/documentation_programming.html HTTP/1.1"
2529	2025/01/29 14:29:39	"GET /uv2582fip2582inf210/index.html HTTP/1.1"
2529	2025/01/29 14:29:44	"GET /uv2582fip2582inf210/web_architecture_home.html HTTP/1.1"
2529	2025/01/29 14:29:46	"GET /uv2582fip2582inf210/images/prerequisite_archiweb/prerequisite_archiweb_2025.html HTTP/1.1"
2529	2025/01/29 14:29:55	"GET /uv2582fip2582inf210/spring_bean.html HTTP/1.1"
2529	2025/01/29 14:44:15	"GET /uv2582fip2582inf210/inversion_of_control.html HTTP/1.1"
2529	2025/01/29 14:51:09	"GET /uv2582fip2582inf210/data_home.html HTTP/1.1"
2529	2025/01/29 14:56:57	"GET /uv2582fip2582inf210/lecture_technical_architecture.html HTTP/1.1"
2529	2025/03/10 22:23:16	"GET /uv2582fip2582inf210/project_specifications.html HTTP/1.1"
2529	2025/02/13 15:24:27	"GET /uv2582fip2582inf210/practice_jpa.html HTTP/1.1"
2529	2025/02/06 16:33:32	"GET /uv2582fip2582inf210/lecture_software_architecture.html HTTP/1.1"
2529	2025/02/06 16:53:47	"GET /uv2582fip2582inf210/lecture_mvc_spring.html HTTP/1.1"
2529	2025/02/06 17:06:55	"GET /uv2582fip2582inf210/practice_spring_2tiers.html HTTP/1.1"
2529	2025/02/06 17:17:41	"GET /uv2582fip2582inf210/practice_spring_2tiers_ext.html HTTP/1.1"
