253	2025/02/20 22:38:59	"GET /uv2582fip2582inf210/web_architecture_home.html HTTP/1.1"
253	2025/02/20 22:39:00	"GET /uv2582fip2582inf210/images/prerequisite_archiweb/prerequisite_archiweb_2025.html HTTP/1.1"
253	2025/02/20 22:39:02	"GET /uv2582fip2582inf210/practice_spring_2tiers.html HTTP/1.1"
253	2025/02/28 15:36:35	"GET /uv2582fip2582inf210/project_task_time.html HTTP/1.1"
253	2025/02/26 10:20:33	"GET /uv2582fip2582inf210/project_presentation.html HTTP/1.1"
253	2025/02/26 10:20:36	"GET /uv2582fip2582inf210/project_evaluation.html HTTP/1.1"
253	2025/02/26 10:20:48	"GET /uv2582fip2582inf210/index.html HTTP/1.1"
253	2025/02/26 10:22:07	"GET /uv2582fip2582inf210/project_specifications.html HTTP/1.1"
253	2025/02/24 14:14:44	"GET /uv2582fip2582inf210/data_home.html HTTP/1.1"
253	2025/02/24 14:14:52	"GET /uv2582fip2582inf210/practice_sql.html HTTP/1.1"
253	2025/02/24 15:00:29	"GET /uv2582fip2582inf210/lecture_transaction.html HTTP/1.1"
253	2025/02/24 15:00:54	"GET /uv2582fip2582inf210/web_architecture_home.html HTTP/1.1"
253	2025/02/24 15:00:56	"GET /uv2582fip2582inf210/images/prerequisite_archiweb/prerequisite_archiweb_2025.html HTTP/1.1"
253	2025/02/24 15:00:57	"GET /uv2582fip2582inf210/lecture_json.html HTTP/1.1"
253	2025/02/03 14:14:39	"GET /uv2582fip2582inf210/lecture_conceptual_modeling.html HTTP/1.1"
253	2025/02/03 14:42:15	"GET /uv2582fip2582inf210/images/prerequisite_techenv/prerequisite_techenv_2025.html HTTP/1.1"
253	2025/02/03 14:42:17	"GET /uv2582fip2582inf210/documentation_docker.html HTTP/1.1"
253	2025/02/03 16:08:38	"GET /uv2582fip2582inf210/activity_sql.html HTTP/1.1"
253	2025/02/03 16:34:17	"GET /uv2582fip2582inf210/practice_sql.html HTTP/1.1"
253	2025/02/16 18:20:19	"GET /uv2582fip2582inf210/technical_environment_home.html HTTP/1.1"
253	2025/02/16 18:35:23	"GET /uv2582fip2582inf210/documentation_docker.html HTTP/1.1"
253	2025/02/16 18:35:37	"GET /uv2582fip2582inf210/practice_docker.html HTTP/1.1"
253	2025/02/16 19:36:43	"GET /uv2582fip2582inf210/practice_docker_advanced.html HTTP/1.1"
253	2025/02/16 19:37:57	"GET /uv2582fip2582inf210/documentation_rdbms.html HTTP/1.1"
253	2025/02/16 19:50:16	"GET /uv2582fip2582inf210/practice_postgresql.html HTTP/1.1"
253	2025/01/24 11:13:20	"GET /uv2582fip2582inf210/PresentationUVINF210/pres.html HTTP/1.1"
253	2025/01/24 11:14:41	"GET /uv2582fip2582inf210/technical_environment_home.html HTTP/1.1"
253	2025/01/24 11:14:45	"GET /uv2582fip2582inf210/images/prerequisite_techenv/prerequisite_techenv_2025.html HTTP/1.1"
253	2025/01/24 11:14:47	"GET /uv2582fip2582inf210/technical_environment_home.html HTTP/1.1"
253	2025/01/24 11:26:05	"GET /uv2582fip2582inf210/images/prerequisite_techenv/prerequisite_techenv_2025.html HTTP/1.1"
253	2025/01/24 11:26:18	"GET /uv2582fip2582inf210/technical_environment_home.html HTTP/1.1"
253	2025/01/24 11:40:55	"GET /uv2582fip2582inf210/PresentationUVINF210/pres.html HTTP/1.1"
253	2025/01/24 11:41:20	"GET /uv2582fip2582inf210/documentation_docker.html HTTP/1.1"
253	2025/01/24 11:41:49	"GET /uv2582fip2582inf210/practice_docker.html HTTP/1.1"
253	2025/01/24 11:54:51	"GET /uv2582fip2582inf210/practice_postgresql.html HTTP/1.1"
253	2025/01/24 11:59:28	"GET /uv2582fip2582inf210/documentation_rdbms.html HTTP/1.1"
253	2025/01/31 14:18:55	"GET /uv2582fip2582inf210/technical_environment_home.html HTTP/1.1"
253	2025/01/31 14:19:08	"GET /uv2582fip2582inf210/documentation_docker.html HTTP/1.1"
253	2025/01/31 14:19:29	"GET /uv2582fip2582inf210/data_home.html HTTP/1.1"
253	2025/01/31 14:19:32	"GET /uv2582fip2582inf210/images/prerequisite_data/prerequisite_data_2025.html HTTP/1.1"
253	2025/01/31 14:20:05	"GET /uv2582fip2582inf210/lecture_modeling_normalization.html HTTP/1.1"
253	2025/01/31 14:21:33	"GET /uv2582fip2582inf210/images/prerequisite_techenv/prerequisite_techenv_2025.html HTTP/1.1"
253	2025/01/31 14:22:13	"GET /uv2582fip2582inf210/lecture_conceptual_modeling.html HTTP/1.1"
253	2025/01/31 14:22:14	"GET /uv2582fip2582inf210/activity_conceptual_modeling.html HTTP/1.1"
253	2025/01/31 14:22:15	"GET /uv2582fip2582inf210/activity_conceptual_modeling_advanced.html HTTP/1.1"
253	2025/01/31 14:22:16	"GET /uv2582fip2582inf210/lecture_normalization.html HTTP/1.1"
253	2025/01/31 14:22:17	"GET /uv2582fip2582inf210/activity_normalization.html HTTP/1.1"
253	2025/02/17 12:36:16	"GET /uv2582fip2582inf210/data_home.html HTTP/1.1"
253	2025/02/17 12:36:17	"GET /uv2582fip2582inf210/images/prerequisite_data/prerequisite_data_2025.html HTTP/1.1"
253	2025/02/17 12:36:21	"GET /uv2582fip2582inf210/practice_sql.html HTTP/1.1"
253	2025/03/14 09:56:41	"GET /uv2582fip2582inf210/project_presentation.html HTTP/1.1"
253	2025/03/14 09:56:45	"GET /uv2582fip2582inf210/project_part2.html HTTP/1.1"
253	2025/03/14 09:58:19	"GET /uv2582fip2582inf210/project_part1.html HTTP/1.1"
253	2025/02/05 16:07:08	"GET /uv2582fip2582inf210/activity_sql.html HTTP/1.1"
253	2025/02/05 16:25:12	"GET /uv2582fip2582inf210/lecture_independence_views.html HTTP/1.1"
253	2025/02/05 16:27:59	"GET /uv2582fip2582inf210/practice_independence_views.html HTTP/1.1"
253	2025/02/10 14:35:24	"GET /uv2582fip2582inf210/practice_sql.html HTTP/1.1"
253	2025/02/10 14:35:26	"GET /uv2582fip2582inf210/practice_advanced_sql.html HTTP/1.1"
253	2025/02/12 09:38:29	"GET /uv2582fip2582inf210/images/prerequisite_techenv/prerequisite_techenv_2025.html HTTP/1.1"
253	2025/02/12 10:38:31	"GET /uv2582fip2582inf210/data_home.html HTTP/1.1"
253	2025/02/12 10:38:42	"GET /uv2582fip2582inf210/lecture_transaction.html HTTP/1.1"
253	2025/02/12 11:33:08	"GET /uv2582fip2582inf210/practice_transaction.html HTTP/1.1"
253	2025/02/12 14:20:52	"GET /uv2582fip2582inf210/lecture_indexation.html HTTP/1.1"
253	2025/03/03 11:23:50	"GET /uv2582fip2582inf210/project_presentation.html HTTP/1.1"
253	2025/03/03 11:24:05	"GET /uv2582fip2582inf210/project_part2.html HTTP/1.1"
253	2025/03/03 14:33:46	"GET /uv2582fip2582inf210/project_presentation.html HTTP/1.1"
253	2025/03/03 14:33:54	"GET /uv2582fip2582inf210/project_specifications.html HTTP/1.1"
253	2025/03/03 14:34:45	"GET /uv2582fip2582inf210/project_task_time.html HTTP/1.1"
253	2025/03/03 14:35:14	"GET /uv2582fip2582inf210/project_evaluation.html HTTP/1.1"
253	2025/03/03 14:35:34	"GET /uv2582fip2582inf210/project_part1.html HTTP/1.1"
253	2025/03/03 14:35:50	"GET /uv2582fip2582inf210/project_part2.html HTTP/1.1"
253	2025/03/03 15:08:41	"GET /uv2582fip2582inf210/project_presentation.html HTTP/1.1"
253	2025/03/03 15:08:53	"GET /uv2582fip2582inf210/project_evaluation.html HTTP/1.1"
253	2025/03/03 15:09:08	"GET /uv2582fip2582inf210/project_specifications.html HTTP/1.1"
253	2025/03/03 15:09:29	"GET /uv2582fip2582inf210/project_task_time.html HTTP/1.1"
253	2025/03/03 15:39:17	"GET /uv2582fip2582inf210/project_task_time.html HTTP/1.1"
253	2025/03/03 15:39:22	"GET /uv2582fip2582inf210/project_part1.html HTTP/1.1"
253	2025/03/03 15:39:34	"GET /uv2582fip2582inf210/project_part2.html HTTP/1.1"
253	2025/02/14 09:38:37	"GET /uv2582fip2582inf210/data_home.html HTTP/1.1"
253	2025/02/14 09:38:45	"GET /uv2582fip2582inf210/practice_advanced_sql.html HTTP/1.1"
253	2025/02/14 09:57:35	"GET /uv2582fip2582inf210/lecture_transaction.html HTTP/1.1"
253	2025/02/14 09:58:13	"GET /uv2582fip2582inf210/practice_transaction.html HTTP/1.1"
253	2025/02/14 09:58:29	"GET /uv2582fip2582inf210/lecture_isolation.html HTTP/1.1"
