2530	2025/02/20 14:24:50	"GET /uv2582fip2582inf210/practice_spring_2tiers.html HTTP/1.1"
2530	2025/02/21 13:54:02	"GET /uv2582fip2582inf210/web_architecture_home.html HTTP/1.1"
2530	2025/02/21 14:15:25	"GET /uv2582fip2582inf210/index.html HTTP/1.1"
2530	2025/02/21 14:15:29	"GET /uv2582fip2582inf210/data_home.html HTTP/1.1"
2530	2025/02/21 14:15:40	"GET /uv2582fip2582inf210/lecture_normalization.html HTTP/1.1"
2530	2025/02/26 09:54:34	"GET /uv2582fip2582inf210/project_presentation.html HTTP/1.1"
2530	2025/02/26 09:55:46	"GET /uv2582fip2582inf210/project_specifications.html HTTP/1.1"
2530	2025/02/26 10:01:44	"GET /uv2582fip2582inf210/project_evaluation.html HTTP/1.1"
2530	2025/02/26 10:03:29	"GET /uv2582fip2582inf210/project_task_time.html HTTP/1.1"
2530	2025/02/26 10:03:49	"GET /uv2582fip2582inf210/project_part1.html HTTP/1.1"
2530	2025/02/26 10:11:32	"GET /uv2582fip2582inf210/index.html HTTP/1.1"
2530	2025/02/26 10:11:46	"GET /uv2582fip2582inf210/web_architecture_home.html HTTP/1.1"
2530	2025/02/26 10:12:03	"GET /uv2582fip2582inf210/data_home.html HTTP/1.1"
2530	2025/02/26 10:12:22	"GET /uv2582fip2582inf210/lecture_conceptual_modeling.html HTTP/1.1"
2530	2025/02/24 14:05:01	"GET /uv2582fip2582inf210/web_architecture_home.html HTTP/1.1"
2530	2025/02/24 14:05:04	"GET /uv2582fip2582inf210/practice_spring_2tiers_ext.html HTTP/1.1"
2530	2025/02/24 14:19:22	"GET /uv2582fip2582inf210/lecture_dto.html HTTP/1.1"
2530	2025/03/27 12:49:50	"GET /uv2582fip2582inf210/project_presentation.html HTTP/1.1"
2530	2025/03/27 12:49:52	"GET /uv2582fip2582inf210/project_specifications.html HTTP/1.1"
2530	2025/03/20 14:01:33	"GET /uv2582fip2582inf210/index.html HTTP/1.1"
2530	2025/03/20 14:01:36	"GET /uv2582fip2582inf210/project_presentation.html HTTP/1.1"
2530	2025/03/20 14:01:39	"GET /uv2582fip2582inf210/project_specifications.html HTTP/1.1"
2530	2025/03/26 13:39:43	"GET /uv2582fip2582inf210/project_presentation.html HTTP/1.1"
2530	2025/03/26 13:39:46	"GET /uv2582fip2582inf210/project_specifications.html HTTP/1.1"
2530	2025/03/07 14:15:44	"GET /uv2582fip2582inf210/project_presentation.html HTTP/1.1"
2530	2025/03/07 14:15:47	"GET /uv2582fip2582inf210/project_part2.html HTTP/1.1"
2530	2025/03/12 21:29:00	"GET /uv2582fip2582inf210/project_presentation.html HTTP/1.1"
2530	2025/03/12 21:29:02	"GET /uv2582fip2582inf210/project_part3.html HTTP/1.1"
2530	2025/03/12 21:44:33	"GET /uv2582fip2582inf210/project_specifications.html HTTP/1.1"
2530	2025/03/12 21:45:53	"GET /uv2582fip2582inf210/project_structureui.html HTTP/1.1"
2530	2025/02/03 09:34:13	"GET /uv2582fip2582inf210/data_home.html HTTP/1.1"
2530	2025/02/03 09:34:18	"GET /uv2582fip2582inf210/practice_sql.html HTTP/1.1"
2530	2025/02/03 10:31:56	"GET /uv2582fip2582inf210/activity_sql.html HTTP/1.1"
2530	2025/02/03 11:21:11	"GET /uv2582fip2582inf210/practice_sql_correction.html HTTP/1.1"
2530	2025/02/03 11:22:20	"GET /uv2582fip2582inf210/lecture_transaction.html HTTP/1.1"
2530	2025/02/03 11:23:48	"GET /uv2582fip2582inf210/practice_transaction.html HTTP/1.1"
2530	2025/01/24 09:43:08	"GET /uv2582fip2582inf210/technical_environment_home.html HTTP/1.1"
2530	2025/01/24 10:56:28	"GET /uv2582fip2582inf210/documentation_docker.html HTTP/1.1"
2530	2025/01/24 11:12:01	"GET /uv2582fip2582inf210/practice_docker.html HTTP/1.1"
2530	2025/01/31 14:09:15	"GET /uv2582fip2582inf210/lecture_normalization.html HTTP/1.1"
2530	2025/01/31 14:09:19	"GET /uv2582fip2582inf210/activity_conceptual_modeling_advanced.html HTTP/1.1"
2530	2025/01/31 14:23:26	"GET /uv2582fip2582inf210/activity_normalization.html HTTP/1.1"
2530	2025/01/31 15:45:04	"GET /uv2582fip2582inf210/activity_decomposition.html HTTP/1.1"
2530	2025/01/31 15:45:13	"GET /uv2582fip2582inf210/lecture_independence_views.html HTTP/1.1"
2530	2025/01/31 15:45:19	"GET /uv2582fip2582inf210/practice_independence_views.html HTTP/1.1"
2530	2025/01/31 15:45:24	"GET /uv2582fip2582inf210/activity_sql.html HTTP/1.1"
2530	2025/01/31 16:00:54	"GET /uv2582fip2582inf210/activity_sql_correction.html HTTP/1.1"
2530	2025/01/31 16:38:00	"GET /uv2582fip2582inf210/practice_sql.html HTTP/1.1"
2530	2025/01/30 09:36:32	"GET /uv2582fip2582inf210/data_home.html HTTP/1.1"
2530	2025/01/30 09:37:20	"GET /uv2582fip2582inf210/lecture_relational_model.html HTTP/1.1"
2530	2025/01/30 09:42:35	"GET /uv2582fip2582inf210/lecture_db_integrity.html HTTP/1.1"
2530	2025/01/30 09:50:30	"GET /uv2582fip2582inf210/lecture_relational_algebra.html HTTP/1.1"
2530	2025/01/30 09:54:09	"GET /uv2582fip2582inf210/activity_relational_model.html HTTP/1.1"
2530	2025/01/30 11:51:17	"GET /uv2582fip2582inf210/lecture_modeling_normalization.html HTTP/1.1"
2530	2025/01/30 11:54:42	"GET /uv2582fip2582inf210/lecture_conceptual_modeling.html HTTP/1.1"
2530	2025/01/30 12:05:48	"GET /uv2582fip2582inf210/activity_conceptual_modeling.html HTTP/1.1"
2530	2025/02/17 14:46:17	"GET /uv2582fip2582inf210/web_architecture_home.html HTTP/1.1"
2530	2025/02/17 14:46:23	"GET /uv2582fip2582inf210/data_home.html HTTP/1.1"
2530	2025/03/14 18:12:52	"GET /uv2582fip2582inf210/project_presentation.html HTTP/1.1"
2530	2025/03/14 18:27:57	"GET /uv2582fip2582inf210/project_evaluation.html HTTP/1.1"
2530	2025/03/14 18:28:02	"GET /uv2582fip2582inf210/project_specifications.html HTTP/1.1"
2530	2025/03/14 20:00:10	"GET /uv2582fip2582inf210/project_part3.html HTTP/1.1"
2530	2025/01/22 14:47:04	"GET /uv2582fip2582inf210/technical_environment_home.html HTTP/1.1"
2530	2025/03/13 17:56:42	"GET /uv2582fip2582inf210/project_presentation.html HTTP/1.1"
2530	2025/03/13 23:36:19	"GET /uv2582fip2582inf210/project_part2.html HTTP/1.1"
2530	2025/03/06 17:49:48	"GET /uv2582fip2582inf210/project_presentation.html HTTP/1.1"
2530	2025/03/06 17:49:51	"GET /uv2582fip2582inf210/project_part2.html HTTP/1.1"
2530	2025/03/06 22:35:36	"GET /uv2582fip2582inf210/project_presentation.html HTTP/1.1"
2530	2025/03/06 22:36:14	"GET /uv2582fip2582inf210/index.html HTTP/1.1"
2530	2025/03/06 22:36:18	"GET /uv2582fip2582inf210/technical_environment_home.html HTTP/1.1"
2530	2025/03/06 22:36:25	"GET /uv2582fip2582inf210/documentation_docker.html HTTP/1.1"
2530	2025/03/06 22:36:36	"GET /uv2582fip2582inf210/practice_docker.html HTTP/1.1"
2530	2025/03/06 22:36:38	"GET /uv2582fip2582inf210/practice_docker_advanced.html HTTP/1.1"
2530	2025/03/06 22:36:44	"GET /uv2582fip2582inf210/documentation_rdbms.html HTTP/1.1"
2530	2025/03/06 22:36:49	"GET /uv2582fip2582inf210/practice_postgresql.html HTTP/1.1"
2530	2025/02/05 14:09:42	"GET /uv2582fip2582inf210/web_architecture_home.html HTTP/1.1"
2530	2025/02/05 14:09:46	"GET /uv2582fip2582inf210/lecture_technical_architecture.html HTTP/1.1"
2530	2025/02/05 14:23:11	"GET /uv2582fip2582inf210/lecture_software_architecture.html HTTP/1.1"
2530	2025/02/05 14:31:44	"GET /uv2582fip2582inf210/lecture_dto.html HTTP/1.1"
2530	2025/02/05 14:33:50	"GET /uv2582fip2582inf210/lecture_mvc_spring.html HTTP/1.1"
2530	2025/02/05 15:09:18	"GET /uv2582fip2582inf210/lecture_jpa.html HTTP/1.1"
2530	2025/02/05 15:46:36	"GET /uv2582fip2582inf210/practice_jpa.html HTTP/1.1"
2530	2025/02/10 14:18:31	"GET /uv2582fip2582inf210/web_architecture_home.html HTTP/1.1"
2530	2025/02/10 14:18:34	"GET /uv2582fip2582inf210/technical_environment_home.html HTTP/1.1"
2530	2025/02/10 14:18:41	"GET /uv2582fip2582inf210/data_home.html HTTP/1.1"
2530	2025/02/10 14:18:47	"GET /uv2582fip2582inf210/lecture_db_integrity.html HTTP/1.1"
2530	2025/02/10 14:19:02	"GET /uv2582fip2582inf210/lecture_conceptual_modeling.html HTTP/1.1"
2530	2025/02/10 14:19:16	"GET /uv2582fip2582inf210/lecture_normalization.html HTTP/1.1"
2530	2025/02/10 14:31:23	"GET /uv2582fip2582inf210/activity_conceptual_modeling_advanced.html HTTP/1.1"
2530	2025/02/10 14:42:53	"GET /uv2582fip2582inf210/activity_normalization.html HTTP/1.1"
2530	2025/02/10 14:59:54	"GET /uv2582fip2582inf210/activity_conceptual_modeling.html HTTP/1.1"
2530	2025/02/10 15:43:15	"GET /uv2582fip2582inf210/practice_transaction.html HTTP/1.1"
2530	2025/02/10 15:43:31	"GET /uv2582fip2582inf210/lecture_transaction.html HTTP/1.1"
2530	2025/02/10 16:11:04	"GET /uv2582fip2582inf210/index.html HTTP/1.1"
2530	2025/02/10 16:11:17	"GET /uv2582fip2582inf210/practice_jpa.html HTTP/1.1"
2530	2025/02/10 16:11:25	"GET /uv2582fip2582inf210/lecture_xml.html HTTP/1.1"
2530	2025/02/10 16:11:31	"GET /uv2582fip2582inf210/practice_spring_2tiers.html HTTP/1.1"
2530	2025/02/12 09:35:41	"GET /uv2582fip2582inf210/web_architecture_home.html HTTP/1.1"
2530	2025/02/12 10:25:31	"GET /uv2582fip2582inf210/practice_jpa_advanced.html HTTP/1.1"
2530	2025/02/12 12:10:40	"GET /uv2582fip2582inf210/practice_spring_2tiers.html HTTP/1.1"
2530	2025/03/03 11:11:42	"GET /uv2582fip2582inf210/project_presentation.html HTTP/1.1"
2530	2025/03/03 11:12:11	"GET /uv2582fip2582inf210/project_evaluation.html HTTP/1.1"
2530	2025/03/03 11:37:56	"GET /uv2582fip2582inf210/project_presentation.html HTTP/1.1"
2530	2025/03/03 11:37:59	"GET /uv2582fip2582inf210/project_part2.html HTTP/1.1"
2530	2025/03/17 21:51:48	"GET /uv2582fip2582inf210/project_presentation.html HTTP/1.1"
2530	2025/03/17 21:52:04	"GET /uv2582fip2582inf210/project_specifications.html HTTP/1.1"
2530	2025/01/29 14:03:41	"GET /uv2582fip2582inf210/technical_environment_home.html HTTP/1.1"
2530	2025/01/29 14:03:45	"GET /uv2582fip2582inf210/practice_docker_advanced.html HTTP/1.1"
2530	2025/01/29 14:06:07	"GET /uv2582fip2582inf210/documentation_rdbms.html HTTP/1.1"
2530	2025/01/29 14:06:14	"GET /uv2582fip2582inf210/practice_docker.html HTTP/1.1"
2530	2025/01/29 23:35:36	"GET /uv2582fip2582inf210/practice_postgresql.html HTTP/1.1"
2530	2025/01/29 23:43:55	"GET /uv2582fip2582inf210/documentation_programming.html HTTP/1.1"
2530	2025/01/29 23:45:48	"GET /uv2582fip2582inf210/inversion_of_control.html HTTP/1.1"
2530	2025/01/29 23:53:35	"GET /uv2582fip2582inf210/spring_bean.html HTTP/1.1"
2530	2025/01/29 23:55:42	"GET /uv2582fip2582inf210/practice_spring.html HTTP/1.1"
2530	2025/03/05 09:44:09	"GET /uv2582fip2582inf210/project_presentation.html HTTP/1.1"
2530	2025/03/05 09:44:11	"GET /uv2582fip2582inf210/project_part2.html HTTP/1.1"
2530	2025/03/18 20:57:39	"GET /uv2582fip2582inf210/project_presentation.html HTTP/1.1"
2530	2025/03/18 20:58:00	"GET /uv2582fip2582inf210/technical_environment_home.html HTTP/1.1"
2530	2025/03/18 20:58:04	"GET /uv2582fip2582inf210/practice_docker_advanced.html HTTP/1.1"
2530	2025/03/18 20:58:08	"GET /uv2582fip2582inf210/practice_docker.html HTTP/1.1"
2530	2025/03/18 21:12:07	"GET /uv2582fip2582inf210/documentation_programming.html HTTP/1.1"
2530	2025/03/18 21:12:11	"GET /uv2582fip2582inf210/practice_spring.html HTTP/1.1"
2530	2025/03/18 21:31:10	"GET /uv2582fip2582inf210/index.html HTTP/1.1"
2530	2025/03/18 21:31:16	"GET /uv2582fip2582inf210/project_specifications.html HTTP/1.1"
