2531	2025/02/20 11:32:02	"GET /uv2582fip2582inf210/web_architecture_home.html HTTP/1.1"
2531	2025/02/20 11:32:19	"GET /uv2582fip2582inf210/practice_jpa_advanced.html HTTP/1.1"
2531	2025/02/20 17:32:04	"GET /uv2582fip2582inf210/data_home.html HTTP/1.1"
2531	2025/02/20 17:32:09	"GET /uv2582fip2582inf210/lecture_conceptual_modeling.html HTTP/1.1"
2531	2025/02/20 17:32:22	"GET /uv2582fip2582inf210/lecture_normalization.html HTTP/1.1"
2531	2025/02/20 21:10:19	"GET /uv2582fip2582inf210/practice_spring_2tiers.html HTTP/1.1"
2531	2025/02/20 21:10:36	"GET /uv2582fip2582inf210/index.html HTTP/1.1"
2531	2025/02/20 21:12:24	"GET /uv2582fip2582inf210/activity_conceptual_modeling.html HTTP/1.1"
2531	2025/02/28 11:29:29	"GET /uv2582fip2582inf210/project_presentation.html HTTP/1.1"
2531	2025/02/28 11:29:37	"GET /uv2582fip2582inf210/project_specifications.html HTTP/1.1"
2531	2025/02/28 11:32:49	"GET /uv2582fip2582inf210/project_task_time.html HTTP/1.1"
2531	2025/02/28 11:34:34	"GET /uv2582fip2582inf210/project_part1.html HTTP/1.1"
2531	2025/02/28 11:47:03	"GET /uv2582fip2582inf210/index.html HTTP/1.1"
2531	2025/02/28 11:47:06	"GET /uv2582fip2582inf210/technical_environment_home.html HTTP/1.1"
2531	2025/02/28 11:48:46	"GET /uv2582fip2582inf210/documentation_docker.html HTTP/1.1"
2531	2025/02/28 11:49:27	"GET /uv2582fip2582inf210/practice_docker.html HTTP/1.1"
2531	2025/02/28 11:50:27	"GET /uv2582fip2582inf210/practice_docker_advanced.html HTTP/1.1"
2531	2025/02/28 11:53:19	"GET /uv2582fip2582inf210/documentation_rdbms.html HTTP/1.1"
2531	2025/02/28 11:53:44	"GET /uv2582fip2582inf210/practice_postgresql.html HTTP/1.1"
2531	2025/02/28 11:54:58	"GET /uv2582fip2582inf210/documentation_programming.html HTTP/1.1"
2531	2025/02/28 11:55:53	"GET /uv2582fip2582inf210/inversion_of_control.html HTTP/1.1"
2531	2025/02/28 11:56:44	"GET /uv2582fip2582inf210/spring_bean.html HTTP/1.1"
2531	2025/02/28 11:58:10	"GET /uv2582fip2582inf210/practice_spring.html HTTP/1.1"
2531	2025/02/28 12:06:04	"GET /uv2582fip2582inf210/project_evaluation.html HTTP/1.1"
2531	2025/04/03 09:45:01	"GET /uv2582fip2582inf210/project_presentation.html HTTP/1.1"
2531	2025/04/03 09:45:04	"GET /uv2582fip2582inf210/project_specifications.html HTTP/1.1"
2531	2025/04/03 16:49:22	"GET /uv2582fip2582inf210/project_task_time.html HTTP/1.1"
2531	2025/04/03 16:56:33	"GET /uv2582fip2582inf210/project_specifications.html HTTP/1.1"
2531	2025/02/26 09:53:18	"GET /uv2582fip2582inf210/project_presentation.html HTTP/1.1"
2531	2025/02/26 10:03:06	"GET /uv2582fip2582inf210/project_specifications.html HTTP/1.1"
2531	2025/02/26 10:24:50	"GET /uv2582fip2582inf210/project_part1.html HTTP/1.1"
2531	2025/02/24 14:07:29	"GET /uv2582fip2582inf210/web_architecture_home.html HTTP/1.1"
2531	2025/02/24 14:07:43	"GET /uv2582fip2582inf210/practice_spring_2tiers_ext.html HTTP/1.1"
2531	2025/02/24 14:43:13	"GET /uv2582fip2582inf210/lecture_dto.html HTTP/1.1"
2531	2025/03/21 09:17:37	"GET /uv2582fip2582inf210/project_presentation.html HTTP/1.1"
2531	2025/03/21 09:17:49	"GET /uv2582fip2582inf210/project_part2.html HTTP/1.1"
2531	2025/03/21 09:18:02	"GET /uv2582fip2582inf210/project_part3.html HTTP/1.1"
2531	2025/03/21 11:36:12	"GET /uv2582fip2582inf210/project_specifications.html HTTP/1.1"
2531	2025/02/11 09:32:27	"GET /uv2582fip2582inf210/web_architecture_home.html HTTP/1.1"
2531	2025/02/11 09:32:31	"GET /uv2582fip2582inf210/practice_jpa.html HTTP/1.1"
2531	2025/02/11 09:46:38	"GET /uv2582fip2582inf210/lecture_jpa.html HTTP/1.1"
2531	2025/02/11 20:56:13	"GET /uv2582fip2582inf210/practice_jpa_advanced.html HTTP/1.1"
2531	2025/02/11 20:56:36	"GET /uv2582fip2582inf210/practice_spring_2tiers.html HTTP/1.1"
2531	2025/02/11 20:57:15	"GET /uv2582fip2582inf210/practice_json.html HTTP/1.1"
2531	2025/02/04 14:49:15	"GET /uv2582fip2582inf210/lecture_normalization.html HTTP/1.1"
2531	2025/02/04 20:48:42	"GET /uv2582fip2582inf210/activity_sql.html HTTP/1.1"
2531	2025/02/04 21:25:28	"GET /uv2582fip2582inf210/activity_sql_correction.html HTTP/1.1"
2531	2025/02/04 21:29:21	"GET /uv2582fip2582inf210/practice_sql.html HTTP/1.1"
2531	2025/02/04 21:29:55	"GET /uv2582fip2582inf210/lecture_transaction.html HTTP/1.1"
2531	2025/02/04 21:33:17	"GET /uv2582fip2582inf210/practice_transaction.html HTTP/1.1"
2531	2025/02/04 21:34:04	"GET /uv2582fip2582inf210/index.html HTTP/1.1"
2531	2025/02/04 21:34:18	"GET /uv2582fip2582inf210/images/prerequisite_data/prerequisite_data_2025.html HTTP/1.1"
2531	2025/02/04 21:35:48	"GET /uv2582fip2582inf210/technical_environment_home.html HTTP/1.1"
2531	2025/02/04 21:36:09	"GET /uv2582fip2582inf210/web_architecture_home.html HTTP/1.1"
2531	2025/02/04 21:36:15	"GET /uv2582fip2582inf210/project_home.html HTTP/1.1"
2531	2025/02/04 21:37:03	"GET /uv2582fip2582inf210/images/prerequisite_archiweb/prerequisite_archiweb_2025.html HTTP/1.1"
2531	2025/02/04 21:37:57	"GET /uv2582fip2582inf210/documentation_docker.html HTTP/1.1"
2531	2025/02/04 21:38:10	"GET /uv2582fip2582inf210/practice_docker.html HTTP/1.1"
2531	2025/02/04 22:11:40	"GET /uv2582fip2582inf210/practice_postgresql.html HTTP/1.1"
2531	2025/02/04 22:32:35	"GET /uv2582fip2582inf210/documentation_programming.html HTTP/1.1"
2531	2025/02/04 22:44:23	"GET /uv2582fip2582inf210/practice_spring.html HTTP/1.1"
2531	2025/03/07 09:59:42	"GET /uv2582fip2582inf210/project_presentation.html HTTP/1.1"
2531	2025/03/07 09:59:47	"GET /uv2582fip2582inf210/project_part2.html HTTP/1.1"
2531	2025/03/07 15:41:25	"GET /uv2582fip2582inf210/data_home.html HTTP/1.1"
2531	2025/02/19 16:06:31	"GET /uv2582fip2582inf210/web_architecture_home.html HTTP/1.1"
2531	2025/02/19 16:06:49	"GET /uv2582fip2582inf210/practice_jpa_advanced.html HTTP/1.1"
2531	2025/03/15 15:40:19	"GET /uv2582fip2582inf210/project_specifications.html HTTP/1.1"
2531	2025/02/03 10:26:35	"GET /uv2582fip2582inf210/data_home.html HTTP/1.1"
2531	2025/02/03 10:26:52	"GET /uv2582fip2582inf210/lecture_normalization.html HTTP/1.1"
2531	2025/02/03 11:20:27	"GET /uv2582fip2582inf210/activity_normalization.html HTTP/1.1"
2531	2025/02/03 11:58:32	"GET /uv2582fip2582inf210/activity_normalization_correction.html HTTP/1.1"
2531	2025/01/24 09:44:31	"GET /uv2582fip2582inf210/technical_environment_home.html HTTP/1.1"
2531	2025/01/24 11:19:25	"GET /uv2582fip2582inf210/images/prerequisite_techenv/prerequisite_techenv_2025.html HTTP/1.1"
2531	2025/01/24 11:19:34	"GET /uv2582fip2582inf210/documentation_docker.html HTTP/1.1"
2531	2025/01/24 11:27:57	"GET /uv2582fip2582inf210/practice_docker.html HTTP/1.1"
2531	2025/01/31 14:05:38	"GET /uv2582fip2582inf210/web_architecture_home.html HTTP/1.1"
2531	2025/01/31 14:05:42	"GET /uv2582fip2582inf210/data_home.html HTTP/1.1"
2531	2025/01/31 14:05:48	"GET /uv2582fip2582inf210/lecture_modeling_normalization.html HTTP/1.1"
2531	2025/01/31 14:18:59	"GET /uv2582fip2582inf210/lecture_conceptual_modeling.html HTTP/1.1"
2531	2025/01/31 14:39:42	"GET /uv2582fip2582inf210/activity_conceptual_modeling.html HTTP/1.1"
2531	2025/01/31 14:49:59	"GET /uv2582fip2582inf210/data_home.html HTTP/1.1"
2531	2025/01/31 14:50:03	"GET /uv2582fip2582inf210/activity_conceptual_modeling.html HTTP/1.1"
2531	2025/01/31 15:22:00	"GET /uv2582fip2582inf210/lecture_conceptual_modeling.html HTTP/1.1"
2531	2025/01/31 16:36:50	"GET /uv2582fip2582inf210/lecture_normalization.html HTTP/1.1"
2531	2025/01/31 16:39:42	"GET /uv2582fip2582inf210/lecture_normalization.html HTTP/1.1"
2531	2025/01/30 09:40:00	"GET /uv2582fip2582inf210/data_home.html HTTP/1.1"
2531	2025/01/30 09:40:31	"GET /uv2582fip2582inf210/images/prerequisite_data/prerequisite_data_2025.html HTTP/1.1"
2531	2025/01/30 09:45:48	"GET /uv2582fip2582inf210/lecture_relational_model.html HTTP/1.1"
2531	2025/01/30 09:56:55	"GET /uv2582fip2582inf210/lecture_db_integrity.html HTTP/1.1"
2531	2025/01/30 10:07:58	"GET /uv2582fip2582inf210/lecture_relational_algebra.html HTTP/1.1"
2531	2025/01/30 10:08:30	"GET /uv2582fip2582inf210/activity_relational_model.html HTTP/1.1"
2531	2025/01/30 11:48:25	"GET /uv2582fip2582inf210/activity_relational_model_correction.html HTTP/1.1"
2531	2025/02/17 15:05:35	"GET /uv2582fip2582inf210/data_home.html HTTP/1.1"
2531	2025/02/17 15:05:40	"GET /uv2582fip2582inf210/activity_conceptual_modeling.html HTTP/1.1"
2531	2025/02/17 15:05:49	"GET /uv2582fip2582inf210/lecture_conceptual_modeling.html HTTP/1.1"
2531	2025/02/17 20:53:01	"GET /uv2582fip2582inf210/web_architecture_home.html HTTP/1.1"
2531	2025/02/17 20:53:09	"GET /uv2582fip2582inf210/practice_spring_2tiers.html HTTP/1.1"
2531	2025/02/17 20:58:26	"GET /uv2582fip2582inf210/lecture_xml.html HTTP/1.1"
2531	2025/02/17 20:58:47	"GET /uv2582fip2582inf210/practice_xml.html HTTP/1.1"
2531	2025/02/17 20:58:57	"GET /uv2582fip2582inf210/practice_json.html HTTP/1.1"
2531	2025/03/14 11:50:04	"GET /uv2582fip2582inf210/project_presentation.html HTTP/1.1"
2531	2025/03/14 11:50:19	"GET /uv2582fip2582inf210/project_specifications.html HTTP/1.1"
2531	2025/03/14 12:06:16	"GET /uv2582fip2582inf210/project_part3.html HTTP/1.1"
2531	2025/03/13 15:57:14	"GET /uv2582fip2582inf210/web_architecture_home.html HTTP/1.1"
2531	2025/03/13 15:57:24	"GET /uv2582fip2582inf210/project_presentation.html HTTP/1.1"
2531	2025/03/13 15:57:29	"GET /uv2582fip2582inf210/project_part3.html HTTP/1.1"
2531	2025/03/13 16:31:30	"GET /uv2582fip2582inf210/project_structureui.html HTTP/1.1"
2531	2025/03/13 16:46:06	"GET /uv2582fip2582inf210/project_specifications.html HTTP/1.1"
2531	2025/03/06 15:35:57	"GET /uv2582fip2582inf210/project_presentation.html HTTP/1.1"
2531	2025/03/06 15:35:58	"GET /uv2582fip2582inf210/project_part2.html HTTP/1.1"
2531	2025/02/05 14:07:25	"GET /uv2582fip2582inf210/data_home.html HTTP/1.1"
2531	2025/02/05 14:07:28	"GET /uv2582fip2582inf210/practice_sql.html HTTP/1.1"
2531	2025/02/05 20:15:46	"GET /uv2582fip2582inf210/practice_sql_correction.html HTTP/1.1"
2531	2025/02/05 20:35:22	"GET /uv2582fip2582inf210/lecture_transaction.html HTTP/1.1"
2531	2025/02/05 20:36:17	"GET /uv2582fip2582inf210/practice_transaction.html HTTP/1.1"
2531	2025/02/05 21:11:09	"GET /uv2582fip2582inf210/practice_transaction_correction.html HTTP/1.1"
2531	2025/02/10 14:19:07	"GET /uv2582fip2582inf210/index.html HTTP/1.1"
2531	2025/02/10 14:19:11	"GET /uv2582fip2582inf210/data_home.html HTTP/1.1"
2531	2025/02/10 14:19:17	"GET /uv2582fip2582inf210/lecture_conceptual_modeling.html HTTP/1.1"
2531	2025/02/10 14:19:23	"GET /uv2582fip2582inf210/activity_normalization.html HTTP/1.1"
2531	2025/02/10 14:19:32	"GET /uv2582fip2582inf210/lecture_normalization.html HTTP/1.1"
2531	2025/02/10 15:11:51	"GET /uv2582fip2582inf210/activity_conceptual_modeling.html HTTP/1.1"
2531	2025/02/12 09:59:09	"GET /uv2582fip2582inf210/lecture_jpa.html HTTP/1.1"
2531	2025/02/12 16:39:34	"GET /uv2582fip2582inf210/lecture_mvc_spring.html HTTP/1.1"
2531	2025/02/08 11:15:40	"GET /uv2582fip2582inf210/data_home.html HTTP/1.1"
2531	2025/02/08 11:15:43	"GET /uv2582fip2582inf210/practice_transaction.html HTTP/1.1"
2531	2025/02/08 12:14:00	"GET /uv2582fip2582inf210/practice_transaction_correction.html HTTP/1.1"
2531	2025/02/08 15:52:20	"GET /uv2582fip2582inf210/index.html HTTP/1.1"
2531	2025/02/08 15:52:25	"GET /uv2582fip2582inf210/web_architecture_home.html HTTP/1.1"
2531	2025/02/08 18:14:48	"GET /uv2582fip2582inf210/lecture_technical_architecture.html HTTP/1.1"
2531	2025/02/08 18:20:06	"GET /uv2582fip2582inf210/lecture_software_architecture.html HTTP/1.1"
2531	2025/02/08 18:26:04	"GET /uv2582fip2582inf210/lecture_dto.html HTTP/1.1"
2531	2025/02/08 18:29:36	"GET /uv2582fip2582inf210/lecture_mvc_spring.html HTTP/1.1"
2531	2025/02/08 19:19:44	"GET /uv2582fip2582inf210/lecture_jpa.html HTTP/1.1"
2531	2025/02/08 20:06:57	"GET /uv2582fip2582inf210/practice_jpa.html HTTP/1.1"
2531	2025/03/03 11:06:14	"GET /uv2582fip2582inf210/project_presentation.html HTTP/1.1"
2531	2025/03/03 11:10:54	"GET /uv2582fip2582inf210/project_part1.html HTTP/1.1"
2531	2025/03/03 11:11:20	"GET /uv2582fip2582inf210/project_evaluation.html HTTP/1.1"
2531	2025/03/03 11:11:25	"GET /uv2582fip2582inf210/project_specifications.html HTTP/1.1"
2531	2025/03/03 11:25:05	"GET /uv2582fip2582inf210/project_specifications.html HTTP/1.1"
2531	2025/03/03 11:25:08	"GET /uv2582fip2582inf210/project_part2.html HTTP/1.1"
2531	2025/03/16 18:47:31	"GET /uv2582fip2582inf210/project_presentation.html HTTP/1.1"
2531	2025/03/16 18:47:36	"GET /uv2582fip2582inf210/project_specifications.html HTTP/1.1"
2531	2025/02/14 09:38:22	"GET /uv2582fip2582inf210/web_architecture_home.html HTTP/1.1"
2531	2025/02/14 09:38:29	"GET /uv2582fip2582inf210/practice_spring_2tiers.html HTTP/1.1"
2531	2025/01/29 14:22:57	"GET /uv2582fip2582inf210/technical_environment_home.html HTTP/1.1"
2531	2025/01/29 14:23:18	"GET /uv2582fip2582inf210/documentation_docker.html HTTP/1.1"
2531	2025/01/29 14:29:26	"GET /uv2582fip2582inf210/practice_docker.html HTTP/1.1"
2531	2025/01/29 14:29:41	"GET /uv2582fip2582inf210/documentation_rdbms.html HTTP/1.1"
2531	2025/01/29 14:35:36	"GET /uv2582fip2582inf210/practice_postgresql.html HTTP/1.1"
2531	2025/01/29 14:43:07	"GET /uv2582fip2582inf210/practice_docker_advanced.html HTTP/1.1"
2531	2025/03/05 12:35:32	"GET /uv2582fip2582inf210/project_presentation.html HTTP/1.1"
2531	2025/03/05 12:35:35	"GET /uv2582fip2582inf210/project_part2.html HTTP/1.1"
2531	2025/03/18 14:06:33	"GET /uv2582fip2582inf210/project_presentation.html HTTP/1.1"
2531	2025/03/18 14:06:39	"GET /uv2582fip2582inf210/project_specifications.html HTTP/1.1"
