2533	2025/03/24 09:11:08	"GET /uv2582fip2582inf210/project_presentation.html HTTP/1.1"
2533	2025/02/20 11:56:13	"GET /uv2582fip2582inf210/index.html HTTP/1.1"
2533	2025/02/20 11:56:16	"GET /uv2582fip2582inf210/web_architecture_home.html HTTP/1.1"
2533	2025/02/20 11:56:17	"GET /uv2582fip2582inf210/images/prerequisite_archiweb/prerequisite_archiweb_2025.html HTTP/1.1"
2533	2025/02/20 22:30:08	"GET /uv2582fip2582inf210/web_architecture_home.html HTTP/1.1"
2533	2025/02/20 22:30:11	"GET /uv2582fip2582inf210/practice_spring_2tiers.html HTTP/1.1"
2533	2025/02/28 18:38:17	"GET /uv2582fip2582inf210/project_presentation.html HTTP/1.1"
2533	2025/02/28 18:38:39	"GET /uv2582fip2582inf210/project_specifications.html HTTP/1.1"
2533	2025/02/28 19:39:36	"GET /uv2582fip2582inf210/project_evaluation.html HTTP/1.1"
2533	2025/02/28 21:45:01	"GET /uv2582fip2582inf210/index.html HTTP/1.1"
2533	2025/02/28 21:45:03	"GET /uv2582fip2582inf210/web_architecture_home.html HTTP/1.1"
2533	2025/02/28 21:45:08	"GET /uv2582fip2582inf210/data_home.html HTTP/1.1"
2533	2025/02/28 21:45:14	"GET /uv2582fip2582inf210/activity_normalization.html HTTP/1.1"
2533	2025/02/28 21:45:18	"GET /uv2582fip2582inf210/lecture_normalization.html HTTP/1.1"
2533	2025/04/04 18:42:30	"GET /uv2582fip2582inf210/project_task_time.html HTTP/1.1"
2533	2025/02/21 14:03:10	"GET /uv2582fip2582inf210/data_home.html HTTP/1.1"
2533	2025/02/21 14:03:19	"GET /uv2582fip2582inf210/activity_conceptual_modeling.html HTTP/1.1"
2533	2025/02/21 14:03:30	"GET /uv2582fip2582inf210/activity_normalization.html HTTP/1.1"
2533	2025/02/21 14:04:24	"GET /uv2582fip2582inf210/lecture_conceptual_modeling.html HTTP/1.1"
2533	2025/02/21 14:07:06	"GET /uv2582fip2582inf210/activity_relational_model.html HTTP/1.1"
2533	2025/02/21 14:10:02	"GET /uv2582fip2582inf210/lecture_relational_model.html HTTP/1.1"
2533	2025/02/21 14:10:19	"GET /uv2582fip2582inf210/lecture_modeling_normalization.html HTTP/1.1"
2533	2025/02/21 14:11:06	"GET /uv2582fip2582inf210/activity_decomposition.html HTTP/1.1"
2533	2025/02/21 14:11:50	"GET /uv2582fip2582inf210/activity_normalization_correction.html HTTP/1.1"
2533	2025/02/21 14:12:39	"GET /uv2582fip2582inf210/activity_sql.html HTTP/1.1"
2533	2025/02/21 14:12:46	"GET /uv2582fip2582inf210/index.html HTTP/1.1"
2533	2025/02/21 14:12:50	"GET /uv2582fip2582inf210/data_home.html HTTP/1.1"
2533	2025/02/21 14:12:57	"GET /uv2582fip2582inf210/images/prerequisite_data/prerequisite_data_2025.html HTTP/1.1"
2533	2025/02/21 14:13:11	"GET /uv2582fip2582inf210/lecture_normalization.html HTTP/1.1"
2533	2025/02/21 19:21:08	"GET /uv2582fip2582inf210/technical_environment_home.html HTTP/1.1"
2533	2025/02/21 20:42:19	"GET /uv2582fip2582inf210/documentation_docker.html HTTP/1.1"
2533	2025/02/21 20:42:34	"GET /uv2582fip2582inf210/documentation_programming.html HTTP/1.1"
2533	2025/02/21 20:42:37	"GET /uv2582fip2582inf210/practice_docker.html HTTP/1.1"
2533	2025/02/21 20:42:53	"GET /uv2582fip2582inf210/practice_postgresql.html HTTP/1.1"
2533	2025/04/03 23:14:29	"GET /uv2582fip2582inf210/project_presentation.html HTTP/1.1"
2533	2025/04/03 23:25:55	"GET /uv2582fip2582inf210/project_evaluation.html HTTP/1.1"
2533	2025/04/03 23:26:32	"GET /uv2582fip2582inf210/project_specifications.html HTTP/1.1"
2533	2025/02/24 14:44:12	"GET /uv2582fip2582inf210/index.html HTTP/1.1"
2533	2025/02/24 14:44:14	"GET /uv2582fip2582inf210/data_home.html HTTP/1.1"
2533	2025/02/24 14:44:16	"GET /uv2582fip2582inf210/index.html HTTP/1.1"
2533	2025/02/24 14:44:18	"GET /uv2582fip2582inf210/web_architecture_home.html HTTP/1.1"
2533	2025/02/24 14:44:28	"GET /uv2582fip2582inf210/lecture_mvc_spring.html HTTP/1.1"
2533	2025/02/24 14:51:22	"GET /uv2582fip2582inf210/practice_xml.html HTTP/1.1"
2533	2025/02/24 14:51:34	"GET /uv2582fip2582inf210/practice_spring.html HTTP/1.1"
2533	2025/02/24 16:37:50	"GET /uv2582fip2582inf210/lecture_json.html HTTP/1.1"
2533	2025/03/20 18:37:21	"GET /uv2582fip2582inf210/project_presentation.html HTTP/1.1"
2533	2025/02/25 10:18:52	"GET /uv2582fip2582inf210/images/prerequisite_data/prerequisite_data_2025.html HTTP/1.1"
2533	2025/02/25 10:25:02	"GET /uv2582fip2582inf210/lecture_db_integrity.html HTTP/1.1"
2533	2025/02/11 21:29:53	"GET /uv2582fip2582inf210/index.html HTTP/1.1"
2533	2025/02/11 21:30:51	"GET /uv2582fip2582inf210/project_home.html HTTP/1.1"
2533	2025/02/11 21:31:01	"GET /uv2582fip2582inf210/web_architecture_home.html HTTP/1.1"
2533	2025/03/07 14:19:52	"GET /uv2582fip2582inf210/data_home.html HTTP/1.1"
2533	2025/03/07 14:19:55	"GET /uv2582fip2582inf210/project_presentation.html HTTP/1.1"
2533	2025/03/07 14:19:57	"GET /uv2582fip2582inf210/project_part2.html HTTP/1.1"
2533	2025/03/07 20:31:22	"GET /uv2582fip2582inf210/project_presentation.html HTTP/1.1"
2533	2025/03/07 20:31:29	"GET /uv2582fip2582inf210/project_part2.html HTTP/1.1"
2533	2025/03/12 21:44:13	"GET /uv2582fip2582inf210/project_presentation.html HTTP/1.1"
2533	2025/03/12 21:44:15	"GET /uv2582fip2582inf210/project_part2.html HTTP/1.1"
2533	2025/02/19 21:00:12	"GET /uv2582fip2582inf210/web_architecture_home.html HTTP/1.1"
2533	2025/02/19 21:00:31	"GET /uv2582fip2582inf210/images/prerequisite_archiweb/prerequisite_archiweb_2025.html HTTP/1.1"
2533	2025/02/19 21:00:51	"GET /uv2582fip2582inf210/lecture_mvc_spring.html HTTP/1.1"
2533	2025/02/19 21:03:41	"GET /uv2582fip2582inf210/index.html HTTP/1.1"
2533	2025/02/19 21:03:43	"GET /uv2582fip2582inf210/technical_environment_home.html HTTP/1.1"
2533	2025/02/19 21:03:46	"GET /uv2582fip2582inf210/practice_spring.html HTTP/1.1"
2533	2025/02/19 21:08:23	"GET /uv2582fip2582inf210/lecture_xml.html HTTP/1.1"
2533	2025/02/19 21:08:31	"GET /uv2582fip2582inf210/practice_xml.html HTTP/1.1"
2533	2025/02/19 21:08:32	"GET /uv2582fip2582inf210/lecture_json.html HTTP/1.1"
2533	2025/02/03 14:06:57	"GET /uv2582fip2582inf210/technical_environment_home.html HTTP/1.1"
2533	2025/02/03 14:07:04	"GET /uv2582fip2582inf210/documentation_rdbms.html HTTP/1.1"
2533	2025/02/03 14:14:30	"GET /uv2582fip2582inf210/index.html HTTP/1.1"
2533	2025/02/03 14:14:36	"GET /uv2582fip2582inf210/web_architecture_home.html HTTP/1.1"
2533	2025/02/03 14:19:09	"GET /uv2582fip2582inf210/practice_postgresql.html HTTP/1.1"
2533	2025/02/03 15:11:36	"GET /uv2582fip2582inf210/documentation_programming.html HTTP/1.1"
2533	2025/02/03 15:53:18	"GET /uv2582fip2582inf210/inversion_of_control.html HTTP/1.1"
2533	2025/02/03 15:53:32	"GET /uv2582fip2582inf210/practice_docker_advanced.html HTTP/1.1"
2533	2025/01/24 09:54:50	"GET /uv2582fip2582inf210/technical_environment_home.html HTTP/1.1"
2533	2025/01/24 11:36:35	"GET /uv2582fip2582inf210/web_architecture_home.html HTTP/1.1"
2533	2025/01/31 14:11:57	"GET /uv2582fip2582inf210/technical_environment_home.html HTTP/1.1"
2533	2025/01/31 14:12:01	"GET /uv2582fip2582inf210/practice_docker.html HTTP/1.1"
2533	2025/01/31 14:48:19	"GET /uv2582fip2582inf210/practice_postgresql.html HTTP/1.1"
2533	2025/01/31 16:10:33	"GET /uv2582fip2582inf210/practice_docker_advanced.html HTTP/1.1"
2533	2025/01/31 16:10:54	"GET /uv2582fip2582inf210/index.html HTTP/1.1"
2533	2025/01/31 16:10:57	"GET /uv2582fip2582inf210/web_architecture_home.html HTTP/1.1"
2533	2025/01/31 16:11:03	"GET /uv2582fip2582inf210/practice_xpath.html HTTP/1.1"
2533	2025/01/31 16:11:05	"GET /uv2582fip2582inf210/lecture_technical_architecture.html HTTP/1.1"
2533	2025/01/31 16:13:19	"GET /uv2582fip2582inf210/data_home.html HTTP/1.1"
2533	2025/01/31 16:13:44	"GET /uv2582fip2582inf210/project_home.html HTTP/1.1"
2533	2025/01/31 16:19:49	"GET /uv2582fip2582inf210/documentation_rdbms.html HTTP/1.1"
2533	2025/03/08 13:10:10	"GET /uv2582fip2582inf210/project_presentation.html HTTP/1.1"
2533	2025/03/08 13:10:13	"GET /uv2582fip2582inf210/project_part2.html HTTP/1.1"
2533	2025/01/30 09:36:36	"GET /uv2582fip2582inf210/technical_environment_home.html HTTP/1.1"
2533	2025/01/30 09:36:43	"GET /uv2582fip2582inf210/documentation_rdbms.html HTTP/1.1"
2533	2025/01/30 09:36:56	"GET /uv2582fip2582inf210/practice_postgresql.html HTTP/1.1"
2533	2025/01/30 09:37:23	"GET /uv2582fip2582inf210/documentation_docker.html HTTP/1.1"
2533	2025/01/30 09:38:51	"GET /uv2582fip2582inf210/web_architecture_home.html HTTP/1.1"
2533	2025/01/30 09:38:55	"GET /uv2582fip2582inf210/data_home.html HTTP/1.1"
2533	2025/01/30 09:39:11	"GET /uv2582fip2582inf210/project_home.html HTTP/1.1"
2533	2025/01/30 09:44:10	"GET /uv2582fip2582inf210/images/prerequisite_data/prerequisite_data_2025.html HTTP/1.1"
2533	2025/01/30 10:12:56	"GET /uv2582fip2582inf210/practice_docker.html HTTP/1.1"
2533	2025/03/14 12:20:06	"GET /uv2582fip2582inf210/project_presentation.html HTTP/1.1"
2533	2025/03/14 12:20:08	"GET /uv2582fip2582inf210/project_part2.html HTTP/1.1"
2533	2025/03/14 20:30:37	"GET /uv2582fip2582inf210/project_presentation.html HTTP/1.1"
2533	2025/03/14 20:30:39	"GET /uv2582fip2582inf210/project_part2.html HTTP/1.1"
2533	2025/03/06 08:31:30	"GET /uv2582fip2582inf210/project_presentation.html HTTP/1.1"
2533	2025/03/06 08:31:35	"GET /uv2582fip2582inf210/project_part2.html HTTP/1.1"
2533	2025/02/05 14:07:12	"GET /uv2582fip2582inf210/technical_environment_home.html HTTP/1.1"
2533	2025/02/05 14:07:30	"GET /uv2582fip2582inf210/practice_docker_advanced.html HTTP/1.1"
2533	2025/02/05 14:12:13	"GET /uv2582fip2582inf210/technical_environment_home.html HTTP/1.1"
2533	2025/02/10 14:09:54	"GET /uv2582fip2582inf210/technical_environment_home.html HTTP/1.1"
2533	2025/02/10 14:09:57	"GET /uv2582fip2582inf210/practice_docker_advanced.html HTTP/1.1"
2533	2025/02/10 14:10:14	"GET /uv2582fip2582inf210/practice_postgresql.html HTTP/1.1"
2533	2025/02/10 14:10:21	"GET /uv2582fip2582inf210/documentation_programming.html HTTP/1.1"
2533	2025/02/10 14:38:03	"GET /uv2582fip2582inf210/practice_spring.html HTTP/1.1"
2533	2025/02/10 14:38:21	"GET /uv2582fip2582inf210/inversion_of_control.html HTTP/1.1"
2533	2025/02/12 09:38:58	"GET /uv2582fip2582inf210/technical_environment_home.html HTTP/1.1"
2533	2025/02/12 09:39:35	"GET /uv2582fip2582inf210/documentation_programming.html HTTP/1.1"
2533	2025/02/12 09:39:50	"GET /uv2582fip2582inf210/images/prerequisite_archiweb/prerequisite_archiweb_2025.html HTTP/1.1"
2533	2025/02/12 09:40:01	"GET /uv2582fip2582inf210/inversion_of_control.html HTTP/1.1"
2533	2025/02/12 09:40:06	"GET /uv2582fip2582inf210/lecture_technical_architecture.html HTTP/1.1"
2533	2025/02/12 10:06:13	"GET /uv2582fip2582inf210/lecture_software_architecture.html HTTP/1.1"
2533	2025/02/12 10:46:12	"GET /uv2582fip2582inf210/lecture_dto.html HTTP/1.1"
2533	2025/02/12 11:34:31	"GET /uv2582fip2582inf210/lecture_mvc_spring.html HTTP/1.1"
2533	2025/02/12 11:34:51	"GET /uv2582fip2582inf210/practice_spring.html HTTP/1.1"
2533	2025/02/12 11:38:26	"GET /uv2582fip2582inf210/documentation_docker.html HTTP/1.1"
2533	2025/02/12 11:38:43	"GET /uv2582fip2582inf210/practice_docker.html HTTP/1.1"
2533	2025/02/12 11:41:46	"GET /uv2582fip2582inf210/images/prerequisite_techenv/prerequisite_techenv_2025.html HTTP/1.1"
2533	2025/02/12 12:14:40	"GET /uv2582fip2582inf210/data_home.html HTTP/1.1"
2533	2025/02/12 12:14:45	"GET /uv2582fip2582inf210/images/prerequisite_data/prerequisite_data_2025.html HTTP/1.1"
2533	2025/02/12 12:26:00	"GET /uv2582fip2582inf210/technical_environment_home.html HTTP/1.1"
2533	2025/02/12 12:27:48	"GET /uv2582fip2582inf210/index.html HTTP/1.1"
2533	2025/02/12 12:27:48	"GET /uv2582fip2582inf210/index.html HTTP/1.1"
2533	2025/02/12 12:27:50	"GET /uv2582fip2582inf210/data_home.html HTTP/1.1"
2533	2025/02/12 12:28:36	"GET /uv2582fip2582inf210/images/prerequisite_data/prerequisite_data_2025.html HTTP/1.1"
2533	2025/02/12 12:29:44	"GET /uv2582fip2582inf210/images/prerequisite_data/prerequisite_data_2025.html HTTP/1.1"
2533	2025/02/12 12:29:51	"GET /uv2582fip2582inf210/web_architecture_home.html HTTP/1.1"
2533	2025/02/12 12:30:38	"GET /uv2582fip2582inf210/images/prerequisite_archiweb/prerequisite_archiweb_2025.html HTTP/1.1"
2533	2025/02/12 12:42:13	"GET /uv2582fip2582inf210/index.html HTTP/1.1"
2533	2025/02/12 12:42:15	"GET /uv2582fip2582inf210/technical_environment_home.html HTTP/1.1"
2533	2025/02/12 12:45:50	"GET /uv2582fip2582inf210/practice_jpa.html HTTP/1.1"
2533	2025/03/11 19:59:23	"GET /uv2582fip2582inf210/project_presentation.html HTTP/1.1"
2533	2025/03/11 19:59:25	"GET /uv2582fip2582inf210/project_part3.html HTTP/1.1"
2533	2025/03/03 14:30:41	"GET /uv2582fip2582inf210/project_presentation.html HTTP/1.1"
2533	2025/03/03 14:30:47	"GET /uv2582fip2582inf210/project_specifications.html HTTP/1.1"
2533	2025/03/03 14:30:48	"GET /uv2582fip2582inf210/project_task_time.html HTTP/1.1"
2533	2025/03/03 14:58:33	"GET /uv2582fip2582inf210/project_specifications.html HTTP/1.1"
2533	2025/03/03 14:58:38	"GET /uv2582fip2582inf210/project_part2.html HTTP/1.1"
2533	2025/03/16 18:06:29	"GET /uv2582fip2582inf210/project_presentation.html HTTP/1.1"
2533	2025/03/16 18:06:31	"GET /uv2582fip2582inf210/project_part2.html HTTP/1.1"
2533	2025/03/16 23:59:10	"GET /uv2582fip2582inf210/index.html HTTP/1.1"
2533	2025/03/16 23:59:12	"GET /uv2582fip2582inf210/web_architecture_home.html HTTP/1.1"
2533	2025/03/16 23:59:19	"GET /uv2582fip2582inf210/lecture_jpa.html HTTP/1.1"
2533	2025/02/14 09:40:42	"GET /uv2582fip2582inf210/data_home.html HTTP/1.1"
2533	2025/02/14 09:40:48	"GET /uv2582fip2582inf210/images/prerequisite_data/prerequisite_data_2025.html HTTP/1.1"
2533	2025/02/14 09:55:20	"GET /uv2582fip2582inf210/lecture_relational_model.html HTTP/1.1"
2533	2025/02/14 21:14:27	"GET /uv2582fip2582inf210/technical_environment_home.html HTTP/1.1"
2533	2025/03/17 19:16:01	"GET /uv2582fip2582inf210/project_presentation.html HTTP/1.1"
2533	2025/03/17 19:16:04	"GET /uv2582fip2582inf210/project_part2.html HTTP/1.1"
2533	2025/03/17 21:41:58	"GET /uv2582fip2582inf210/index.html HTTP/1.1"
2533	2025/03/17 21:42:00	"GET /uv2582fip2582inf210/web_architecture_home.html HTTP/1.1"
2533	2025/01/29 14:11:08	"GET /uv2582fip2582inf210/technical_environment_home.html HTTP/1.1"
2533	2025/01/29 14:11:11	"GET /uv2582fip2582inf210/images/prerequisite_techenv/prerequisite_techenv_2025.html HTTP/1.1"
2533	2025/03/05 15:52:29	"GET /uv2582fip2582inf210/project_presentation.html HTTP/1.1"
2533	2025/03/05 15:52:37	"GET /uv2582fip2582inf210/project_part2.html HTTP/1.1"
2533	2025/03/18 11:39:14	"GET /uv2582fip2582inf210/web_architecture_home.html HTTP/1.1"
2533	2025/03/18 11:39:20	"GET /uv2582fip2582inf210/lecture_mvc_spring.html HTTP/1.1"
2533	2025/03/18 11:55:15	"GET /uv2582fip2582inf210/lecture_jpa.html HTTP/1.1"
