2534	2025/03/24 09:38:01	"GET /uv2582fip2582inf210/project_presentation.html HTTP/1.1"
2534	2025/03/24 09:38:05	"GET /uv2582fip2582inf210/index.html HTTP/1.1"
2534	2025/03/24 09:38:11	"GET /uv2582fip2582inf210/web_architecture_home.html HTTP/1.1"
2534	2025/03/24 09:38:20	"GET /uv2582fip2582inf210/practice_jpa.html HTTP/1.1"
2534	2025/03/24 09:41:35	"GET /uv2582fip2582inf210/data_home.html HTTP/1.1"
2534	2025/03/24 09:43:22	"GET /uv2582fip2582inf210/lecture_conceptual_modeling.html HTTP/1.1"
2534	2025/02/20 20:43:25	"GET /uv2582fip2582inf210/data_home.html HTTP/1.1"
2534	2025/02/20 20:43:53	"GET /uv2582fip2582inf210/index.html HTTP/1.1"
2534	2025/02/20 20:43:56	"GET /uv2582fip2582inf210/web_architecture_home.html HTTP/1.1"
2534	2025/02/20 20:44:02	"GET /uv2582fip2582inf210/lecture_dto.html HTTP/1.1"
2534	2025/02/20 20:44:12	"GET /uv2582fip2582inf210/lecture_software_architecture.html HTTP/1.1"
2534	2025/02/20 20:44:23	"GET /uv2582fip2582inf210/lecture_technical_architecture.html HTTP/1.1"
2534	2025/02/20 20:44:27	"GET /uv2582fip2582inf210/lecture_jpa.html HTTP/1.1"
2534	2025/02/20 20:45:52	"GET /uv2582fip2582inf210/practice_jpa.html HTTP/1.1"
2534	2025/02/20 20:47:01	"GET /uv2582fip2582inf210/practice_jpa_advanced.html HTTP/1.1"
2534	2025/02/20 20:47:08	"GET /uv2582fip2582inf210/practice_spring_2tiers_ext.html HTTP/1.1"
2534	2025/02/20 20:47:09	"GET /uv2582fip2582inf210/practice_spring_2tiers.html HTTP/1.1"
2534	2025/02/20 20:47:20	"GET /uv2582fip2582inf210/lecture_jaxb.html HTTP/1.1"
2534	2025/02/20 20:47:54	"GET /uv2582fip2582inf210/lecture_conceptual_modeling.html HTTP/1.1"
2534	2025/02/21 13:59:32	"GET /uv2582fip2582inf210/data_home.html HTTP/1.1"
2534	2025/02/21 13:59:35	"GET /uv2582fip2582inf210/lecture_modeling_normalization.html HTTP/1.1"
2534	2025/02/21 13:59:40	"GET /uv2582fip2582inf210/activity_conceptual_modeling.html HTTP/1.1"
2534	2025/02/21 13:59:44	"GET /uv2582fip2582inf210/activity_conceptual_modeling_advanced.html HTTP/1.1"
2534	2025/02/21 13:59:45	"GET /uv2582fip2582inf210/lecture_normalization.html HTTP/1.1"
2534	2025/02/26 09:53:40	"GET /uv2582fip2582inf210/index.html HTTP/1.1"
2534	2025/02/26 09:53:42	"GET /uv2582fip2582inf210/project_presentation.html HTTP/1.1"
2534	2025/02/26 10:03:46	"GET /uv2582fip2582inf210/project_specifications.html HTTP/1.1"
2534	2025/02/26 10:45:43	"GET /uv2582fip2582inf210/technical_environment_home.html HTTP/1.1"
2534	2025/02/26 10:45:46	"GET /uv2582fip2582inf210/web_architecture_home.html HTTP/1.1"
2534	2025/02/26 10:45:56	"GET /uv2582fip2582inf210/data_home.html HTTP/1.1"
2534	2025/02/26 10:46:00	"GET /uv2582fip2582inf210/lecture_relational_model.html HTTP/1.1"
2534	2025/02/26 10:46:04	"GET /uv2582fip2582inf210/activity_relational_model.html HTTP/1.1"
2534	2025/02/26 10:46:12	"GET /uv2582fip2582inf210/lecture_conceptual_modeling.html HTTP/1.1"
2534	2025/02/26 10:59:47	"GET /uv2582fip2582inf210/data_home.html HTTP/1.1"
2534	2025/02/26 10:59:50	"GET /uv2582fip2582inf210/lecture_conceptual_modeling.html HTTP/1.1"
2534	2025/02/26 13:27:10	"GET /uv2582fip2582inf210/project_task_time.html HTTP/1.1"
2534	2025/02/26 13:27:39	"GET /uv2582fip2582inf210/project_specifications.html HTTP/1.1"
2534	2025/02/26 13:27:57	"GET /uv2582fip2582inf210/project_part1.html HTTP/1.1"
2534	2025/02/26 13:29:02	"GET /uv2582fip2582inf210/project_evaluation.html HTTP/1.1"
2534	2025/02/26 13:30:13	"GET /uv2582fip2582inf210/project_evaluation.html HTTP/1.1"
2534	2025/02/26 19:23:57	"GET /uv2582fip2582inf210/project_evaluation.html HTTP/1.1"
2534	2025/02/26 19:24:19	"GET /uv2582fip2582inf210/project_specifications.html HTTP/1.1"
2534	2025/02/24 14:08:25	"GET /uv2582fip2582inf210/data_home.html HTTP/1.1"
2534	2025/02/24 14:08:31	"GET /uv2582fip2582inf210/technical_environment_home.html HTTP/1.1"
2534	2025/02/24 14:08:38	"GET /uv2582fip2582inf210/images/prerequisite_techenv/prerequisite_techenv_2025.html HTTP/1.1"
2534	2025/02/24 14:08:39	"GET /uv2582fip2582inf210/practice_docker_advanced.html HTTP/1.1"
2534	2025/02/24 14:08:45	"GET /uv2582fip2582inf210/index.html HTTP/1.1"
2534	2025/02/24 14:08:49	"GET /uv2582fip2582inf210/web_architecture_home.html HTTP/1.1"
2534	2025/02/24 14:08:52	"GET /uv2582fip2582inf210/images/prerequisite_archiweb/prerequisite_archiweb_2025.html HTTP/1.1"
2534	2025/02/24 14:08:54	"GET /uv2582fip2582inf210/lecture_jaxb.html HTTP/1.1"
2534	2025/02/24 14:58:34	"GET /uv2582fip2582inf210/practice_spring.html HTTP/1.1"
2534	2025/02/24 15:00:35	"GET /uv2582fip2582inf210/spring_bean.html HTTP/1.1"
2534	2025/02/24 15:00:36	"GET /uv2582fip2582inf210/inversion_of_control.html HTTP/1.1"
2534	2025/02/24 15:00:45	"GET /uv2582fip2582inf210/lecture_isolation.html HTTP/1.1"
2534	2025/02/24 15:00:48	"GET /uv2582fip2582inf210/practice_isolation.html HTTP/1.1"
2534	2025/02/24 15:00:50	"GET /uv2582fip2582inf210/lecture_indexation.html HTTP/1.1"
2534	2025/02/24 15:00:51	"GET /uv2582fip2582inf210/practice_indexation.html HTTP/1.1"
2534	2025/02/24 15:01:06	"GET /uv2582fip2582inf210/practice_schema_xml.html HTTP/1.1"
2534	2025/02/24 15:01:15	"GET /uv2582fip2582inf210/lecture_xml.html HTTP/1.1"
2534	2025/03/21 10:11:02	"GET /uv2582fip2582inf210/project_presentation.html HTTP/1.1"
2534	2025/02/11 12:07:46	"GET /uv2582fip2582inf210/activity_decomposition.html HTTP/1.1"
2534	2025/02/11 23:41:50	"GET /uv2582fip2582inf210/activity_normalization.html HTTP/1.1"
2534	2025/03/07 14:05:28	"GET /uv2582fip2582inf210/project_presentation.html HTTP/1.1"
2534	2025/03/07 14:06:35	"GET /uv2582fip2582inf210/project_part2.html HTTP/1.1"
2534	2025/03/07 14:10:16	"GET /uv2582fip2582inf210/project_task_time.html HTTP/1.1"
2534	2025/03/07 14:34:43	"GET /uv2582fip2582inf210/data_home.html HTTP/1.1"
2534	2025/03/07 14:34:51	"GET /uv2582fip2582inf210/technical_environment_home.html HTTP/1.1"
2534	2025/03/07 14:35:07	"GET /uv2582fip2582inf210/practice_docker_advanced.html HTTP/1.1"
2534	2025/03/07 14:35:09	"GET /uv2582fip2582inf210/practice_docker.html HTTP/1.1"
2534	2025/03/07 14:56:04	"GET /uv2582fip2582inf210/index.html HTTP/1.1"
2534	2025/03/07 15:00:11	"GET /uv2582fip2582inf210/project_specifications.html HTTP/1.1"
2534	2025/03/07 15:36:54	"GET /uv2582fip2582inf210/project_part3.html HTTP/1.1"
2534	2025/03/12 18:13:20	"GET /uv2582fip2582inf210/data_home.html HTTP/1.1"
2534	2025/03/12 18:13:24	"GET /uv2582fip2582inf210/index.html HTTP/1.1"
2534	2025/03/12 18:13:27	"GET /uv2582fip2582inf210/project_presentation.html HTTP/1.1"
2534	2025/03/12 18:13:30	"GET /uv2582fip2582inf210/project_specifications.html HTTP/1.1"
2534	2025/02/03 14:00:34	"GET /uv2582fip2582inf210/web_architecture_home.html HTTP/1.1"
2534	2025/02/03 14:06:42	"GET /uv2582fip2582inf210/lecture_jpa.html HTTP/1.1"
2534	2025/02/03 14:06:47	"GET /uv2582fip2582inf210/practice_jpa.html HTTP/1.1"
2534	2025/01/24 09:42:14	"GET /uv2582fip2582inf210/PresentationUVINF210/pres.html HTTP/1.1"
2534	2025/01/24 09:43:42	"GET /uv2582fip2582inf210/technical_environment_home.html HTTP/1.1"
2534	2025/01/24 09:43:51	"GET /uv2582fip2582inf210/images/prerequisite_techenv/prerequisite_techenv_2025.html HTTP/1.1"
2534	2025/01/24 09:43:53	"GET /uv2582fip2582inf210/documentation_programming.html HTTP/1.1"
2534	2025/01/24 09:44:22	"GET /uv2582fip2582inf210/inversion_of_control.html HTTP/1.1"
2534	2025/01/24 09:44:36	"GET /uv2582fip2582inf210/spring_bean.html HTTP/1.1"
2534	2025/01/24 09:44:48	"GET /uv2582fip2582inf210/practice_spring.html HTTP/1.1"
2534	2025/01/24 09:46:20	"GET /uv2582fip2582inf210/documentation_docker.html HTTP/1.1"
2534	2025/01/24 11:27:49	"GET /uv2582fip2582inf210/practice_docker_advanced.html HTTP/1.1"
2534	2025/01/24 11:47:17	"GET /uv2582fip2582inf210/practice_docker.html HTTP/1.1"
2534	2025/01/24 11:54:42	"GET /uv2582fip2582inf210/documentation_rdbms.html HTTP/1.1"
2534	2025/01/31 14:05:46	"GET /uv2582fip2582inf210/lecture_xml.html HTTP/1.1"
2534	2025/01/31 14:05:50	"GET /uv2582fip2582inf210/lecture_json.html HTTP/1.1"
2534	2025/01/31 14:06:45	"GET /uv2582fip2582inf210/lecture_mvc_spring.html HTTP/1.1"
2534	2025/01/31 14:37:43	"GET /uv2582fip2582inf210/lecture_jpa.html HTTP/1.1"
2534	2025/01/31 16:03:56	"GET /uv2582fip2582inf210/practice_jpa.html HTTP/1.1"
2534	2025/01/30 09:33:57	"GET /uv2582fip2582inf210/project_home.html HTTP/1.1"
2534	2025/01/30 09:34:19	"GET /uv2582fip2582inf210/data_home.html HTTP/1.1"
2534	2025/01/30 09:34:23	"GET /uv2582fip2582inf210/images/prerequisite_data/prerequisite_data_2025.html HTTP/1.1"
2534	2025/01/30 09:34:27	"GET /uv2582fip2582inf210/index.html HTTP/1.1"
2534	2025/01/30 09:35:35	"GET /uv2582fip2582inf210/web_architecture_home.html HTTP/1.1"
2534	2025/01/30 09:35:37	"GET /uv2582fip2582inf210/lecture_technical_architecture.html HTTP/1.1"
2534	2025/01/30 10:04:16	"GET /uv2582fip2582inf210/technical_environment_home.html HTTP/1.1"
2534	2025/01/30 10:04:24	"GET /uv2582fip2582inf210/documentation_docker.html HTTP/1.1"
2534	2025/01/30 10:07:32	"GET /uv2582fip2582inf210/practice_docker.html HTTP/1.1"
2534	2025/01/30 10:24:32	"GET /uv2582fip2582inf210/practice_docker_advanced.html HTTP/1.1"
2534	2025/01/30 10:29:24	"GET /uv2582fip2582inf210/documentation_rdbms.html HTTP/1.1"
2534	2025/01/30 10:32:21	"GET /uv2582fip2582inf210/practice_postgresql.html HTTP/1.1"
2534	2025/01/30 10:34:50	"GET /uv2582fip2582inf210/web_architecture_home.html HTTP/1.1"
2534	2025/01/30 12:06:09	"GET /uv2582fip2582inf210/lecture_software_architecture.html HTTP/1.1"
2534	2025/01/30 12:11:19	"GET /uv2582fip2582inf210/lecture_dto.html HTTP/1.1"
2534	2025/02/17 17:35:57	"GET /uv2582fip2582inf210/data_home.html HTTP/1.1"
2534	2025/02/17 17:36:00	"GET /uv2582fip2582inf210/activity_sql.html HTTP/1.1"
2534	2025/02/17 17:37:59	"GET /uv2582fip2582inf210/activity_sql_correction.html HTTP/1.1"
2534	2025/02/17 17:44:40	"GET /uv2582fip2582inf210/lecture_conceptual_modeling.html HTTP/1.1"
2534	2025/03/14 10:36:36	"GET /uv2582fip2582inf210/technical_environment_home.html HTTP/1.1"
2534	2025/03/14 10:36:39	"GET /uv2582fip2582inf210/documentation_programming.html HTTP/1.1"
2534	2025/03/14 10:36:47	"GET /uv2582fip2582inf210/inversion_of_control.html HTTP/1.1"
2534	2025/03/14 10:36:54	"GET /uv2582fip2582inf210/spring_bean.html HTTP/1.1"
2534	2025/03/14 10:36:59	"GET /uv2582fip2582inf210/practice_spring.html HTTP/1.1"
2534	2025/03/14 11:11:50	"GET /uv2582fip2582inf210/index.html HTTP/1.1"
2534	2025/03/14 11:11:52	"GET /uv2582fip2582inf210/project_presentation.html HTTP/1.1"
2534	2025/03/14 11:11:59	"GET /uv2582fip2582inf210/project_task_time.html HTTP/1.1"
2534	2025/02/05 14:04:57	"GET /uv2582fip2582inf210/web_architecture_home.html HTTP/1.1"
2534	2025/02/05 14:05:04	"GET /uv2582fip2582inf210/practice_spring_2tiers_ext.html HTTP/1.1"
2534	2025/02/05 14:06:58	"GET /uv2582fip2582inf210/practice_spring_2tiers.html HTTP/1.1"
2534	2025/02/05 14:08:52	"GET /uv2582fip2582inf210/lecture_software_architecture.html HTTP/1.1"
2534	2025/02/05 16:40:36	"GET /uv2582fip2582inf210/technical_environment_home.html HTTP/1.1"
2534	2025/02/05 16:42:39	"GET /uv2582fip2582inf210/lecture_xml.html HTTP/1.1"
2534	2025/02/05 16:42:43	"GET /uv2582fip2582inf210/lecture_validity.html HTTP/1.1"
2534	2025/02/05 16:42:50	"GET /uv2582fip2582inf210/lecture_xpath.html HTTP/1.1"
2534	2025/02/05 16:42:51	"GET /uv2582fip2582inf210/lecture_parser.html HTTP/1.1"
2534	2025/02/05 16:42:53	"GET /uv2582fip2582inf210/lecture_jaxb.html HTTP/1.1"
2534	2025/02/10 14:28:37	"GET /uv2582fip2582inf210/data_home.html HTTP/1.1"
2534	2025/02/10 14:28:40	"GET /uv2582fip2582inf210/lecture_relational_model.html HTTP/1.1"
2534	2025/02/10 14:40:17	"GET /uv2582fip2582inf210/lecture_db_integrity.html HTTP/1.1"
2534	2025/02/10 14:46:31	"GET /uv2582fip2582inf210/lecture_relational_algebra.html HTTP/1.1"
2534	2025/02/10 14:58:04	"GET /uv2582fip2582inf210/activity_relational_model.html HTTP/1.1"
2534	2025/02/10 15:35:32	"GET /uv2582fip2582inf210/activity_relational_model_correction.html HTTP/1.1"
2534	2025/02/10 15:48:33	"GET /uv2582fip2582inf210/lecture_modeling_normalization.html HTTP/1.1"
2534	2025/02/10 15:56:10	"GET /uv2582fip2582inf210/lecture_conceptual_modeling.html HTTP/1.1"
2534	2025/02/10 16:11:18	"GET /uv2582fip2582inf210/activity_conceptual_modeling.html HTTP/1.1"
2534	2025/02/10 16:12:38	"GET /uv2582fip2582inf210/activity_conceptual_modeling_correction.html HTTP/1.1"
2534	2025/02/10 16:21:49	"GET /uv2582fip2582inf210/activity_conceptual_modeling_advanced.html HTTP/1.1"
2534	2025/02/10 16:31:39	"GET /uv2582fip2582inf210/activity_conceptual_modeling_advanced_correction.html HTTP/1.1"
2534	2025/02/10 16:33:18	"GET /uv2582fip2582inf210/lecture_normalization.html HTTP/1.1"
2534	2025/02/10 16:44:19	"GET /uv2582fip2582inf210/activity_normalization.html HTTP/1.1"
2534	2025/03/19 10:31:16	"GET /uv2582fip2582inf210/technical_environment_home.html HTTP/1.1"
2534	2025/03/19 10:42:28	"GET /uv2582fip2582inf210/index.html HTTP/1.1"
2534	2025/02/12 12:10:45	"GET /uv2582fip2582inf210/data_home.html HTTP/1.1"
2534	2025/02/12 12:10:50	"GET /uv2582fip2582inf210/index.html HTTP/1.1"
2534	2025/02/12 12:12:00	"GET /uv2582fip2582inf210/activity_normalization.html HTTP/1.1"
2534	2025/02/12 12:12:05	"GET /uv2582fip2582inf210/activity_decomposition.html HTTP/1.1"
2534	2025/02/12 12:27:41	"GET /uv2582fip2582inf210/activity_decomposition_correction.html HTTP/1.1"
2534	2025/02/12 12:33:30	"GET /uv2582fip2582inf210/lecture_independence_views.html HTTP/1.1"
2534	2025/02/12 13:30:04	"GET /uv2582fip2582inf210/practice_independence_views.html HTTP/1.1"
2534	2025/02/12 13:42:03	"GET /uv2582fip2582inf210/practice_independence_views_correction.html HTTP/1.1"
2534	2025/02/12 13:46:36	"GET /uv2582fip2582inf210/activity_sql.html HTTP/1.1"
2534	2025/02/12 13:51:22	"GET /uv2582fip2582inf210/activity_sql_correction.html HTTP/1.1"
2534	2025/03/11 18:22:49	"GET /uv2582fip2582inf210/technical_environment_home.html HTTP/1.1"
2534	2025/03/11 18:22:52	"GET /uv2582fip2582inf210/practice_docker_advanced.html HTTP/1.1"
2534	2025/03/11 18:23:02	"GET /uv2582fip2582inf210/practice_docker.html HTTP/1.1"
2534	2025/03/11 18:23:08	"GET /uv2582fip2582inf210/practice_postgresql.html HTTP/1.1"
2534	2025/03/11 18:24:16	"GET /uv2582fip2582inf210/images/prerequisite_techenv/prerequisite_techenv_2025.html HTTP/1.1"
2534	2025/03/11 19:29:47	"GET /uv2582fip2582inf210/project_presentation.html HTTP/1.1"
2534	2025/03/11 19:29:55	"GET /uv2582fip2582inf210/project_specifications.html HTTP/1.1"
2534	2025/03/03 11:28:47	"GET /uv2582fip2582inf210/data_home.html HTTP/1.1"
2534	2025/03/03 11:28:51	"GET /uv2582fip2582inf210/index.html HTTP/1.1"
2534	2025/03/03 11:28:53	"GET /uv2582fip2582inf210/project_presentation.html HTTP/1.1"
2534	2025/03/03 11:28:56	"GET /uv2582fip2582inf210/project_part2.html HTTP/1.1"
2534	2025/03/03 15:05:42	"GET /uv2582fip2582inf210/project_part2.html HTTP/1.1"
2534	2025/03/03 20:08:12	"GET /uv2582fip2582inf210/data_home.html HTTP/1.1"
2534	2025/03/03 20:08:16	"GET /uv2582fip2582inf210/project_presentation.html HTTP/1.1"
2534	2025/03/03 20:08:18	"GET /uv2582fip2582inf210/project_part2.html HTTP/1.1"
2534	2025/03/03 23:56:11	"GET /uv2582fip2582inf210/project_presentation.html HTTP/1.1"
2534	2025/03/03 23:56:17	"GET /uv2582fip2582inf210/project_part2.html HTTP/1.1"
2534	2025/02/14 09:37:38	"GET /uv2582fip2582inf210/data_home.html HTTP/1.1"
2534	2025/02/14 09:37:46	"GET /uv2582fip2582inf210/practice_advanced_sql.html HTTP/1.1"
2534	2025/02/14 09:42:12	"GET /uv2582fip2582inf210/practice_sql.html HTTP/1.1"
2534	2025/02/14 09:44:46	"GET /uv2582fip2582inf210/practice_sql_correction.html HTTP/1.1"
2534	2025/01/29 14:01:14	"GET /uv2582fip2582inf210/technical_environment_home.html HTTP/1.1"
2534	2025/01/29 14:01:20	"GET /uv2582fip2582inf210/practice_docker_advanced.html HTTP/1.1"
2534	2025/01/29 14:11:17	"GET /uv2582fip2582inf210/practice_spring.html HTTP/1.1"
2534	2025/01/29 18:04:10	"GET /uv2582fip2582inf210/project_home.html HTTP/1.1"
2534	2025/01/29 18:04:14	"GET /uv2582fip2582inf210/index.html HTTP/1.1"
2534	2025/01/29 18:04:16	"GET /uv2582fip2582inf210/data_home.html HTTP/1.1"
2534	2025/01/29 18:04:22	"GET /uv2582fip2582inf210/web_architecture_home.html HTTP/1.1"
2534	2025/01/29 18:04:47	"GET /uv2582fip2582inf210/technical_environment_home.html HTTP/1.1"
2534	2025/01/29 18:04:49	"GET /uv2582fip2582inf210/practice_postgresql.html HTTP/1.1"
2534	2025/03/10 17:55:07	"GET /uv2582fip2582inf210/project_presentation.html HTTP/1.1"
2534	2025/03/10 17:55:11	"GET /uv2582fip2582inf210/project_part3.html HTTP/1.1"
2534	2025/03/10 17:57:57	"GET /uv2582fip2582inf210/project_part3.html HTTP/1.1"
2534	2025/03/10 17:58:12	"GET /uv2582fip2582inf210/project_structureui.html HTTP/1.1"
2534	2025/02/13 14:35:24	"GET /uv2582fip2582inf210/data_home.html HTTP/1.1"
2534	2025/02/13 14:35:27	"GET /uv2582fip2582inf210/activity_sql.html HTTP/1.1"
2534	2025/02/13 14:35:32	"GET /uv2582fip2582inf210/activity_sql_correction.html HTTP/1.1"
2534	2025/02/13 14:36:30	"GET /uv2582fip2582inf210/practice_sql.html HTTP/1.1"
2534	2025/02/13 14:37:25	"GET /uv2582fip2582inf210/practice_sql_correction.html HTTP/1.1"
2534	2025/02/13 14:49:13	"GET /uv2582fip2582inf210/practice_advanced_sql.html HTTP/1.1"
2534	2025/02/13 14:49:18	"GET /uv2582fip2582inf210/practice_advanced_sql_correction.html HTTP/1.1"
2534	2025/02/13 14:50:22	"GET /uv2582fip2582inf210/lecture_transaction.html HTTP/1.1"
2534	2025/02/13 14:50:26	"GET /uv2582fip2582inf210/practice_transaction.html HTTP/1.1"
2534	2025/02/13 14:50:31	"GET /uv2582fip2582inf210/lecture_isolation.html HTTP/1.1"
2534	2025/02/13 14:50:33	"GET /uv2582fip2582inf210/practice_isolation.html HTTP/1.1"
2534	2025/02/13 14:50:37	"GET /uv2582fip2582inf210/lecture_indexation.html HTTP/1.1"
2534	2025/02/13 14:50:40	"GET /uv2582fip2582inf210/practice_indexation.html HTTP/1.1"
2534	2025/02/13 18:17:23	"GET /uv2582fip2582inf210/data_home.html HTTP/1.1"
2534	2025/02/13 18:35:59	"GET /uv2582fip2582inf210/index.html HTTP/1.1"
2534	2025/02/13 18:36:04	"GET /uv2582fip2582inf210/technical_environment_home.html HTTP/1.1"
2534	2025/02/13 18:36:06	"GET /uv2582fip2582inf210/practice_docker_advanced.html HTTP/1.1"
2534	2025/03/18 15:48:16	"GET /uv2582fip2582inf210/project_presentation.html HTTP/1.1"
2534	2025/03/18 15:48:44	"GET /uv2582fip2582inf210/project_specifications.html HTTP/1.1"
