2535	2025/02/27 08:15:30	"GET /uv2582fip2582inf210/practice_spring_2tiers.html HTTP/1.1"
2535	2025/02/20 22:05:11	"GET /uv2582fip2582inf210/lecture_normalization.html HTTP/1.1"
2535	2025/02/20 22:05:34	"GET /uv2582fip2582inf210/index.html HTTP/1.1"
2535	2025/02/20 22:05:50	"GET /uv2582fip2582inf210/lecture_xml.html HTTP/1.1"
2535	2025/02/20 22:07:09	"GET /uv2582fip2582inf210/practice_xml.html HTTP/1.1"
2535	2025/02/21 14:12:25	"GET /uv2582fip2582inf210/web_architecture_home.html HTTP/1.1"
2535	2025/02/21 14:12:27	"GET /uv2582fip2582inf210/index.html HTTP/1.1"
2535	2025/02/21 14:12:31	"GET /uv2582fip2582inf210/data_home.html HTTP/1.1"
2535	2025/02/21 14:12:39	"GET /uv2582fip2582inf210/lecture_modeling_normalization.html HTTP/1.1"
2535	2025/02/21 14:12:45	"GET /uv2582fip2582inf210/lecture_conceptual_modeling.html HTTP/1.1"
2535	2025/02/21 15:52:37	"GET /uv2582fip2582inf210/practice_xml.html HTTP/1.1"
2535	2025/02/21 15:52:43	"GET /uv2582fip2582inf210/lecture_json.html HTTP/1.1"
2535	2025/02/21 15:54:28	"GET /uv2582fip2582inf210/practice_json.html HTTP/1.1"
2535	2025/02/21 16:19:15	"GET /uv2582fip2582inf210/web_architecture_home.html HTTP/1.1"
2535	2025/02/21 16:19:19	"GET /uv2582fip2582inf210/practice_json.html HTTP/1.1"
2535	2025/02/26 22:22:39	"GET /uv2582fip2582inf210/lecture_normalization.html HTTP/1.1"
2535	2025/02/26 22:23:01	"GET /uv2582fip2582inf210/index.html HTTP/1.1"
2535	2025/02/26 22:23:03	"GET /uv2582fip2582inf210/web_architecture_home.html HTTP/1.1"
2535	2025/02/26 22:23:10	"GET /uv2582fip2582inf210/practice_xml.html HTTP/1.1"
2535	2025/02/26 22:23:22	"GET /uv2582fip2582inf210/lecture_json.html HTTP/1.1"
2535	2025/02/26 22:24:33	"GET /uv2582fip2582inf210/practice_json.html HTTP/1.1"
2535	2025/03/28 15:42:07	"GET /uv2582fip2582inf210/project_part3.html HTTP/1.1"
2535	2025/03/28 15:42:14	"GET /uv2582fip2582inf210/project_evaluation.html HTTP/1.1"
2535	2025/03/28 21:34:42	"GET /uv2582fip2582inf210/project_presentation.html HTTP/1.1"
2535	2025/03/28 21:34:56	"GET /uv2582fip2582inf210/project_specifications.html HTTP/1.1"
2535	2025/02/23 15:21:56	"GET /uv2582fip2582inf210/lecture_normalization.html HTTP/1.1"
2535	2025/02/23 15:22:08	"GET /uv2582fip2582inf210/lecture_relational_model.html HTTP/1.1"
2535	2025/02/23 15:22:21	"GET /uv2582fip2582inf210/lecture_modeling_normalization.html HTTP/1.1"
2535	2025/02/23 15:22:31	"GET /uv2582fip2582inf210/lecture_conceptual_modeling.html HTTP/1.1"
2535	2025/02/23 15:40:34	"GET /uv2582fip2582inf210/activity_sql.html HTTP/1.1"
2535	2025/02/23 15:40:54	"GET /uv2582fip2582inf210/lecture_conceptual_modeling.html HTTP/1.1"
2535	2025/02/25 11:19:07	"GET /uv2582fip2582inf210/web_architecture_home.html HTTP/1.1"
2535	2025/02/25 11:19:12	"GET /uv2582fip2582inf210/practice_spring_2tiers.html HTTP/1.1"
2535	2025/02/25 11:20:18	"GET /uv2582fip2582inf210/practice_spring_2tiers.html HTTP/1.1"
2535	2025/02/19 14:03:50	"GET /uv2582fip2582inf210/practice_spring_2tiers.html HTTP/1.1"
2535	2025/02/19 14:07:00	"GET /uv2582fip2582inf210/practice_spring_2tiers_ext.html HTTP/1.1"
2535	2025/02/19 14:09:11	"GET /uv2582fip2582inf210/lecture_xml.html HTTP/1.1"
2535	2025/02/19 14:10:05	"GET /uv2582fip2582inf210/practice_xml.html HTTP/1.1"
2535	2025/02/17 22:28:04	"GET /uv2582fip2582inf210/lecture_normalization.html HTTP/1.1"
2535	2025/02/17 22:28:10	"GET /uv2582fip2582inf210/index.html HTTP/1.1"
2535	2025/02/17 22:28:16	"GET /uv2582fip2582inf210/web_architecture_home.html HTTP/1.1"
2535	2025/02/17 22:28:26	"GET /uv2582fip2582inf210/lecture_mvc_spring.html HTTP/1.1"
2535	2025/02/17 22:30:18	"GET /uv2582fip2582inf210/lecture_jpa.html HTTP/1.1"
2535	2025/02/17 22:33:00	"GET /uv2582fip2582inf210/practice_jpa.html HTTP/1.1"
2535	2025/03/14 16:26:19	"GET /uv2582fip2582inf210/project_part3.html HTTP/1.1"
2535	2025/03/14 16:26:24	"GET /uv2582fip2582inf210/project_structureui.html HTTP/1.1"
2535	2025/03/14 16:26:34	"GET /uv2582fip2582inf210/project_specifications.html HTTP/1.1"
2535	2025/03/14 16:26:40	"GET /uv2582fip2582inf210/project_evaluation.html HTTP/1.1"
2535	2025/03/14 16:44:00	"GET /uv2582fip2582inf210/project_part2.html HTTP/1.1"
2535	2025/02/18 11:04:43	"GET /uv2582fip2582inf210/activity_sql.html HTTP/1.1"
2535	2025/02/18 11:05:28	"GET /uv2582fip2582inf210/index.html HTTP/1.1"
2535	2025/02/18 11:05:34	"GET /uv2582fip2582inf210/web_architecture_home.html HTTP/1.1"
2535	2025/02/18 11:05:38	"GET /uv2582fip2582inf210/practice_jpa_advanced.html HTTP/1.1"
2535	2025/02/18 21:48:34	"GET /uv2582fip2582inf210/lecture_normalization.html HTTP/1.1"
2535	2025/02/18 21:48:44	"GET /uv2582fip2582inf210/practice_jpa_advanced.html HTTP/1.1"
2535	2025/03/13 11:29:37	"GET /uv2582fip2582inf210/project_part1.html HTTP/1.1"
2535	2025/03/13 11:29:54	"GET /uv2582fip2582inf210/project_part2.html HTTP/1.1"
2535	2025/03/13 11:33:59	"GET /uv2582fip2582inf210/project_part3.html HTTP/1.1"
2535	2025/03/13 11:34:08	"GET /uv2582fip2582inf210/project_structureui.html HTTP/1.1"
2535	2025/03/13 11:34:17	"GET /uv2582fip2582inf210/project_evaluation.html HTTP/1.1"
2535	2025/03/13 11:35:48	"GET /uv2582fip2582inf210/project_task_time.html HTTP/1.1"
2535	2025/03/06 08:07:47	"GET /uv2582fip2582inf210/project_presentation.html HTTP/1.1"
2535	2025/03/06 08:08:25	"GET /uv2582fip2582inf210/project_specifications.html HTTP/1.1"
2535	2025/03/06 08:08:42	"GET /uv2582fip2582inf210/project_evaluation.html HTTP/1.1"
2535	2025/03/06 08:08:43	"GET /uv2582fip2582inf210/project_presentation.html HTTP/1.1"
2535	2025/03/06 08:09:55	"GET /uv2582fip2582inf210/project_task_time.html HTTP/1.1"
2535	2025/03/06 08:10:10	"GET /uv2582fip2582inf210/project_part1.html HTTP/1.1"
2535	2025/02/10 14:03:13	"GET /uv2582fip2582inf210/index.html HTTP/1.1"
2535	2025/02/10 14:03:23	"GET /uv2582fip2582inf210/data_home.html HTTP/1.1"
2535	2025/02/10 14:09:19	"GET /uv2582fip2582inf210/lecture_normalization.html HTTP/1.1"
2535	2025/02/10 14:37:23	"GET /uv2582fip2582inf210/activity_normalization.html HTTP/1.1"
2535	2025/02/10 14:50:35	"GET /uv2582fip2582inf210/activity_normalization_correction.html HTTP/1.1"
2535	2025/02/10 15:07:59	"GET /uv2582fip2582inf210/activity_decomposition.html HTTP/1.1"
2535	2025/02/10 15:43:05	"GET /uv2582fip2582inf210/activity_decomposition_correction.html HTTP/1.1"
2535	2025/01/20 11:37:28	"GET /uv2582fip2582inf210/index.html HTTP/1.1"
2535	2025/01/20 11:37:44	"GET /uv2582fip2582inf210/technical_environment_home.html HTTP/1.1"
2535	2025/01/20 11:40:00	"GET /uv2582fip2582inf210/images/prerequisite_techenv/prerequisite_techenv_2025.html HTTP/1.1"
2535	2025/01/20 11:48:04	"GET /uv2582fip2582inf210/web_architecture_home.html HTTP/1.1"
2535	2025/01/20 11:55:24	"GET /uv2582fip2582inf210/technical_environment_home.html HTTP/1.1"
2535	2025/01/20 11:55:26	"GET /uv2582fip2582inf210/documentation_docker.html HTTP/1.1"
2535	2025/01/20 11:57:41	"GET /uv2582fip2582inf210/practice_docker.html HTTP/1.1"
2535	2025/01/20 12:01:43	"GET /uv2582fip2582inf210/practice_docker.html HTTP/1.1"
2535	2025/01/20 12:08:52	"GET /uv2582fip2582inf210/practice_postgresql.html HTTP/1.1"
2535	2025/01/20 12:13:48	"GET /uv2582fip2582inf210/practice_docker_advanced.html HTTP/1.1"
2535	2025/01/20 14:07:54	"GET /uv2582fip2582inf210/technical_environment_home.html HTTP/1.1"
2535	2025/01/20 14:34:26	"GET /uv2582fip2582inf210/documentation_docker.html HTTP/1.1"
2535	2025/01/20 14:34:53	"GET /uv2582fip2582inf210/practice_docker.html HTTP/1.1"
2535	2025/01/20 14:51:09	"GET /uv2582fip2582inf210/documentation_rdbms.html HTTP/1.1"
2535	2025/01/20 14:51:28	"GET /uv2582fip2582inf210/practice_postgresql.html HTTP/1.1"
2535	2025/01/20 15:01:17	"GET /uv2582fip2582inf210/documentation_programming.html HTTP/1.1"
2535	2025/01/20 15:02:02	"GET /uv2582fip2582inf210/inversion_of_control.html HTTP/1.1"
2535	2025/01/20 15:02:13	"GET /uv2582fip2582inf210/spring_bean.html HTTP/1.1"
2535	2025/01/20 15:02:24	"GET /uv2582fip2582inf210/practice_spring.html HTTP/1.1"
2535	2025/02/12 21:42:41	"GET /uv2582fip2582inf210/technical_environment_home.html HTTP/1.1"
2535	2025/02/12 21:42:51	"GET /uv2582fip2582inf210/documentation_docker.html HTTP/1.1"
2535	2025/02/12 21:43:01	"GET /uv2582fip2582inf210/practice_docker.html HTTP/1.1"
2535	2025/02/12 21:43:15	"GET /uv2582fip2582inf210/practice_postgresql.html HTTP/1.1"
2535	2025/02/12 21:43:18	"GET /uv2582fip2582inf210/index.html HTTP/1.1"
2535	2025/02/12 21:43:21	"GET /uv2582fip2582inf210/web_architecture_home.html HTTP/1.1"
2535	2025/02/12 21:43:34	"GET /uv2582fip2582inf210/data_home.html HTTP/1.1"
2535	2025/02/12 21:43:42	"GET /uv2582fip2582inf210/lecture_relational_model.html HTTP/1.1"
2535	2025/02/12 21:44:31	"GET /uv2582fip2582inf210/activity_relational_model.html HTTP/1.1"
2535	2025/02/12 21:45:29	"GET /uv2582fip2582inf210/lecture_db_integrity.html HTTP/1.1"
2535	2025/02/12 21:49:21	"GET /uv2582fip2582inf210/lecture_modeling_normalization.html HTTP/1.1"
2535	2025/02/12 21:50:52	"GET /uv2582fip2582inf210/lecture_conceptual_modeling.html HTTP/1.1"
2535	2025/02/12 21:53:21	"GET /uv2582fip2582inf210/activity_conceptual_modeling.html HTTP/1.1"
2535	2025/02/12 21:54:21	"GET /uv2582fip2582inf210/lecture_normalization.html HTTP/1.1"
2535	2025/02/12 21:57:10	"GET /uv2582fip2582inf210/activity_normalization.html HTTP/1.1"
2535	2025/02/12 21:59:14	"GET /uv2582fip2582inf210/activity_decomposition.html HTTP/1.1"
2535	2025/03/11 08:10:26	"GET /uv2582fip2582inf210/project_part1.html HTTP/1.1"
2535	2025/03/11 08:10:54	"GET /uv2582fip2582inf210/project_part2.html HTTP/1.1"
2535	2025/03/04 08:30:17	"GET /uv2582fip2582inf210/practice_spring_2tiers.html HTTP/1.1"
2535	2025/03/04 08:30:22	"GET /uv2582fip2582inf210/index.html HTTP/1.1"
2535	2025/03/04 08:30:25	"GET /uv2582fip2582inf210/data_home.html HTTP/1.1"
2535	2025/03/04 08:30:40	"GET /uv2582fip2582inf210/activity_conceptual_modeling.html HTTP/1.1"
2535	2025/03/04 08:30:51	"GET /uv2582fip2582inf210/activity_conceptual_modeling_correction.html HTTP/1.1"
2535	2025/03/03 22:21:21	"GET /uv2582fip2582inf210/web_architecture_home.html HTTP/1.1"
2535	2025/03/03 22:21:28	"GET /uv2582fip2582inf210/data_home.html HTTP/1.1"
2535	2025/03/03 22:21:35	"GET /uv2582fip2582inf210/lecture_normalization.html HTTP/1.1"
2535	2025/01/29 14:11:38	"GET /uv2582fip2582inf210/index.html HTTP/1.1"
2535	2025/01/29 14:11:58	"GET /uv2582fip2582inf210/technical_environment_home.html HTTP/1.1"
2535	2025/01/29 14:12:03	"GET /uv2582fip2582inf210/web_architecture_home.html HTTP/1.1"
2535	2025/01/29 14:12:10	"GET /uv2582fip2582inf210/data_home.html HTTP/1.1"
2535	2025/01/29 14:13:20	"GET /uv2582fip2582inf210/lecture_relational_model.html HTTP/1.1"
2535	2025/01/29 14:15:10	"GET /uv2582fip2582inf210/lecture_db_integrity.html HTTP/1.1"
2535	2025/01/29 14:29:52	"GET /uv2582fip2582inf210/lecture_relational_algebra.html HTTP/1.1"
2535	2025/01/29 14:29:59	"GET /uv2582fip2582inf210/activity_relational_model.html HTTP/1.1"
2535	2025/01/29 15:51:32	"GET /uv2582fip2582inf210/activity_relational_model_correction.html HTTP/1.1"
2535	2025/01/29 15:59:26	"GET /uv2582fip2582inf210/index.html HTTP/1.1"
2535	2025/01/29 15:59:41	"GET /uv2582fip2582inf210/lecture_modeling_normalization.html HTTP/1.1"
2535	2025/01/29 15:59:51	"GET /uv2582fip2582inf210/licence.html HTTP/1.1"
2535	2025/01/29 16:03:59	"GET /uv2582fip2582inf210/lecture_conceptual_modeling.html HTTP/1.1"
2535	2025/01/29 16:04:23	"GET /uv2582fip2582inf210/activity_conceptual_modeling.html HTTP/1.1"
2535	2025/01/29 16:04:39	"GET /uv2582fip2582inf210/activity_conceptual_modeling_correction.html HTTP/1.1"
2535	2025/01/29 16:09:19	"GET /uv2582fip2582inf210/lecture_normalization.html HTTP/1.1"
2535	2025/03/05 14:09:00	"GET /uv2582fip2582inf210/index.html HTTP/1.1"
2535	2025/03/05 14:09:58	"GET /uv2582fip2582inf210/web_architecture_home.html HTTP/1.1"
2535	2025/03/05 14:10:02	"GET /uv2582fip2582inf210/practice_spring_2tiers_ext.html HTTP/1.1"
2535	2025/03/05 14:12:10	"GET /uv2582fip2582inf210/index.html HTTP/1.1"
2535	2025/03/05 14:14:42	"GET /uv2582fip2582inf210/lecture_software_architecture.html HTTP/1.1"
2535	2025/03/05 14:17:26	"GET /uv2582fip2582inf210/lecture_dto.html HTTP/1.1"
2535	2025/02/13 08:08:42	"GET /uv2582fip2582inf210/activity_sql.html HTTP/1.1"
2535	2025/02/13 08:10:53	"GET /uv2582fip2582inf210/practice_sql.html HTTP/1.1"
2535	2025/02/13 08:11:29	"GET /uv2582fip2582inf210/activity_sql.html HTTP/1.1"
2535	2025/02/13 08:29:22	"GET /uv2582fip2582inf210/activity_sql_correction.html HTTP/1.1"
2535	2025/02/13 08:42:20	"GET /uv2582fip2582inf210/documentation_rdbms.html HTTP/1.1"
2535	2025/02/13 09:10:00	"GET /uv2582fip2582inf210/practice_sql_correction.html HTTP/1.1"
2535	2025/02/13 10:37:21	"GET /uv2582fip2582inf210/lecture_transaction.html HTTP/1.1"
2535	2025/02/13 10:41:22	"GET /uv2582fip2582inf210/practice_transaction.html HTTP/1.1"
2535	2025/02/13 11:28:08	"GET /uv2582fip2582inf210/practice_transaction_correction.html HTTP/1.1"
2535	2025/02/13 22:11:39	"GET /uv2582fip2582inf210/lecture_normalization.html HTTP/1.1"
2535	2025/02/13 22:11:42	"GET /uv2582fip2582inf210/activity_sql.html HTTP/1.1"
2535	2025/02/13 22:14:35	"GET /uv2582fip2582inf210/practice_sql.html HTTP/1.1"
2535	2025/02/13 22:17:20	"GET /uv2582fip2582inf210/lecture_transaction.html HTTP/1.1"
2535	2025/02/13 22:19:13	"GET /uv2582fip2582inf210/practice_transaction.html HTTP/1.1"
2535	2025/03/18 09:43:27	"GET /uv2582fip2582inf210/project_part3.html HTTP/1.1"
2535	2025/03/18 10:19:07	"GET /uv2582fip2582inf210/project_structureui.html HTTP/1.1"
2535	2025/03/18 10:20:34	"GET /uv2582fip2582inf210/project_part3.html HTTP/1.1"
2535	2025/03/18 16:15:15	"GET /uv2582fip2582inf210/project_specifications.html HTTP/1.1"
