2536	2025/02/27 08:04:44	"GET /uv2582fip2582inf210/lecture_mvc_spring.html HTTP/1.1"
2536	2025/02/27 08:04:51	"GET /uv2582fip2582inf210/practice_spring_2tiers.html HTTP/1.1"
2536	2025/02/27 08:31:10	"GET /uv2582fip2582inf210/practice_spring_2tiers.html HTTP/1.1"
2536	2025/02/27 11:16:58	"GET /uv2582fip2582inf210/practice_spring_2tiers.html HTTP/1.1"
2536	2025/03/24 09:34:53	"GET /uv2582fip2582inf210/data_home.html HTTP/1.1"
2536	2025/03/24 09:34:56	"GET /uv2582fip2582inf210/lecture_conceptual_modeling.html HTTP/1.1"
2536	2025/03/23 22:44:11	"GET /uv2582fip2582inf210/data_home.html HTTP/1.1"
2536	2025/03/23 22:44:13	"GET /uv2582fip2582inf210/lecture_relational_model.html HTTP/1.1"
2536	2025/03/23 22:44:17	"GET /uv2582fip2582inf210/lecture_db_integrity.html HTTP/1.1"
2536	2025/03/23 22:44:25	"GET /uv2582fip2582inf210/activity_relational_model.html HTTP/1.1"
2536	2025/03/23 22:44:26	"GET /uv2582fip2582inf210/lecture_modeling_normalization.html HTTP/1.1"
2536	2025/03/23 22:44:29	"GET /uv2582fip2582inf210/lecture_conceptual_modeling.html HTTP/1.1"
2536	2025/02/21 14:10:57	"GET /uv2582fip2582inf210/practice_xml.html HTTP/1.1"
2536	2025/02/21 14:11:01	"GET /uv2582fip2582inf210/index.html HTTP/1.1"
2536	2025/02/21 14:11:05	"GET /uv2582fip2582inf210/data_home.html HTTP/1.1"
2536	2025/02/21 14:11:12	"GET /uv2582fip2582inf210/lecture_conceptual_modeling.html HTTP/1.1"
2536	2025/02/21 15:50:49	"GET /uv2582fip2582inf210/index.html HTTP/1.1"
2536	2025/02/21 15:50:54	"GET /uv2582fip2582inf210/web_architecture_home.html HTTP/1.1"
2536	2025/02/21 15:50:58	"GET /uv2582fip2582inf210/lecture_json.html HTTP/1.1"
2536	2025/02/21 15:52:22	"GET /uv2582fip2582inf210/practice_json.html HTTP/1.1"
2536	2025/02/21 16:31:49	"GET /uv2582fip2582inf210/lecture_validity.html HTTP/1.1"
2536	2025/02/21 16:31:52	"GET /uv2582fip2582inf210/practice_json.html HTTP/1.1"
2536	2025/03/28 18:24:29	"GET /uv2582fip2582inf210/project_presentation.html HTTP/1.1"
2536	2025/03/28 18:24:31	"GET /uv2582fip2582inf210/project_part3.html HTTP/1.1"
2536	2025/03/28 18:24:37	"GET /uv2582fip2582inf210/project_evaluation.html HTTP/1.1"
2536	2025/03/28 18:26:14	"GET /uv2582fip2582inf210/project_specifications.html HTTP/1.1"
2536	2025/03/28 18:26:27	"GET /uv2582fip2582inf210/project_structureui.html HTTP/1.1"
2536	2025/03/28 18:34:48	"GET /uv2582fip2582inf210/project_part2.html HTTP/1.1"
2536	2025/02/25 11:06:24	"GET /uv2582fip2582inf210/practice_json.html HTTP/1.1"
2536	2025/02/25 11:06:31	"GET /uv2582fip2582inf210/practice_spring_2tiers.html HTTP/1.1"
2536	2025/02/25 11:06:40	"GET /uv2582fip2582inf210/lecture_mvc_spring.html HTTP/1.1"
2536	2025/02/25 11:06:44	"GET /uv2582fip2582inf210/practice_spring_2tiers.html HTTP/1.1"
2536	2025/02/25 11:07:09	"GET /uv2582fip2582inf210/lecture_mvc_spring.html HTTP/1.1"
2536	2025/02/25 11:13:47	"GET /uv2582fip2582inf210/practice_spring_2tiers.html HTTP/1.1"
2536	2025/02/25 11:14:28	"GET /uv2582fip2582inf210/lecture_mvc_spring.html HTTP/1.1"
2536	2025/02/25 11:21:18	"GET /uv2582fip2582inf210/lecture_software_architecture.html HTTP/1.1"
2536	2025/02/25 11:23:35	"GET /uv2582fip2582inf210/practice_spring_2tiers.html HTTP/1.1"
2536	2025/02/25 11:24:36	"GET /uv2582fip2582inf210/practice_spring_2tiers_ext.html HTTP/1.1"
2536	2025/02/04 09:04:07	"GET /uv2582fip2582inf210/lecture_conceptual_modeling.html HTTP/1.1"
2536	2025/03/07 15:59:14	"GET /uv2582fip2582inf210/project_presentation.html HTTP/1.1"
2536	2025/03/07 16:14:22	"GET /uv2582fip2582inf210/project_part1.html HTTP/1.1"
2536	2025/03/07 16:14:38	"GET /uv2582fip2582inf210/project_specifications.html HTTP/1.1"
2536	2025/03/07 16:36:41	"GET /uv2582fip2582inf210/project_part2.html HTTP/1.1"
2536	2025/03/12 19:54:42	"GET /uv2582fip2582inf210/project_specifications.html HTTP/1.1"
2536	2025/03/12 19:54:54	"GET /uv2582fip2582inf210/project_part1.html HTTP/1.1"
2536	2025/02/19 13:54:18	"GET /uv2582fip2582inf210/web_architecture_home.html HTTP/1.1"
2536	2025/02/19 13:54:45	"GET /uv2582fip2582inf210/index.html HTTP/1.1"
2536	2025/02/19 13:55:16	"GET /uv2582fip2582inf210/index.html HTTP/1.1"
2536	2025/02/19 13:55:20	"GET /uv2582fip2582inf210/data_home.html HTTP/1.1"
2536	2025/02/19 13:55:21	"GET /uv2582fip2582inf210/index.html HTTP/1.1"
2536	2025/02/19 13:55:25	"GET /uv2582fip2582inf210/web_architecture_home.html HTTP/1.1"
2536	2025/02/19 14:03:56	"GET /uv2582fip2582inf210/practice_jpa_advanced.html HTTP/1.1"
2536	2025/02/19 15:41:13	"GET /uv2582fip2582inf210/lecture_xml.html HTTP/1.1"
2536	2025/02/19 15:42:24	"GET /uv2582fip2582inf210/lecture_xml.html HTTP/1.1"
2536	2025/02/19 16:02:02	"GET /uv2582fip2582inf210/practice_xml.html HTTP/1.1"
2536	2025/03/15 16:50:51	"GET /uv2582fip2582inf210/project_structureui.html HTTP/1.1"
2536	2025/03/15 16:51:01	"GET /uv2582fip2582inf210/project_specifications.html HTTP/1.1"
2536	2025/03/15 21:21:10	"GET /uv2582fip2582inf210/project_specifications.html HTTP/1.1"
2536	2025/01/24 14:15:24	"GET /uv2582fip2582inf210/index.html HTTP/1.1"
2536	2025/03/08 23:19:00	"GET /uv2582fip2582inf210/project_presentation.html HTTP/1.1"
2536	2025/03/08 23:19:02	"GET /uv2582fip2582inf210/project_part2.html HTTP/1.1"
2536	2025/03/09 15:06:44	"GET /uv2582fip2582inf210/project_part2.html HTTP/1.1"
2536	2025/03/09 15:06:51	"GET /uv2582fip2582inf210/project_part2.html HTTP/1.1"
2536	2025/03/09 20:16:36	"GET /uv2582fip2582inf210/project_part2.html HTTP/1.1"
2536	2025/03/09 20:32:42	"GET /uv2582fip2582inf210/project_part3.html HTTP/1.1"
2536	2025/03/09 20:32:48	"GET /uv2582fip2582inf210/project_structureui.html HTTP/1.1"
2536	2025/02/17 22:34:40	"GET /uv2582fip2582inf210/data_home.html HTTP/1.1"
2536	2025/02/17 22:34:43	"GET /uv2582fip2582inf210/web_architecture_home.html HTTP/1.1"
2536	2025/02/17 22:34:54	"GET /uv2582fip2582inf210/images/prerequisite_archiweb/prerequisite_archiweb_2025.html HTTP/1.1"
2536	2025/02/17 22:34:57	"GET /uv2582fip2582inf210/practice_jpa.html HTTP/1.1"
2536	2025/02/02 18:04:38	"GET /uv2582fip2582inf210/web_architecture_home.html HTTP/1.1"
2536	2025/02/02 18:04:43	"GET /uv2582fip2582inf210/data_home.html HTTP/1.1"
2536	2025/02/02 18:04:50	"GET /uv2582fip2582inf210/images/prerequisite_data/prerequisite_data_2025.html HTTP/1.1"
2536	2025/02/02 18:05:04	"GET /uv2582fip2582inf210/lecture_conceptual_modeling.html HTTP/1.1"
2536	2025/02/02 18:12:30	"GET /uv2582fip2582inf210/activity_conceptual_modeling.html HTTP/1.1"
2536	2025/02/02 18:23:16	"GET /uv2582fip2582inf210/activity_conceptual_modeling_correction.html HTTP/1.1"
2536	2025/02/02 18:30:10	"GET /uv2582fip2582inf210/index.html HTTP/1.1"
2536	2025/02/02 18:30:14	"GET /uv2582fip2582inf210/data_home.html HTTP/1.1"
2536	2025/02/02 18:30:15	"GET /uv2582fip2582inf210/images/prerequisite_data/prerequisite_data_2025.html HTTP/1.1"
2536	2025/02/02 18:30:28	"GET /uv2582fip2582inf210/lecture_relational_algebra.html HTTP/1.1"
2536	2025/02/02 18:30:29	"GET /uv2582fip2582inf210/activity_conceptual_modeling_advanced.html HTTP/1.1"
2536	2025/02/02 18:30:55	"GET /uv2582fip2582inf210/lecture_sql.html HTTP/1.1"
2536	2025/02/02 18:31:04	"GET /uv2582fip2582inf210/lecture_sql.html HTTP/1.1"
2536	2025/02/02 18:31:08	"GET /uv2582fip2582inf210/lecture_sql.html HTTP/1.1"
2536	2025/02/02 18:31:20	"GET /uv2582fip2582inf210/lecture_sql.html HTTP/1.1"
2536	2025/02/02 18:34:25	"GET /uv2582fip2582inf210/activity_conceptual_modeling_advanced_correction.html HTTP/1.1"
2536	2025/03/14 15:33:25	"GET /uv2582fip2582inf210/index.html HTTP/1.1"
2536	2025/03/14 17:30:00	"GET /uv2582fip2582inf210/project_part2.html HTTP/1.1"
2536	2025/03/14 22:54:07	"GET /uv2582fip2582inf210/project_specifications.html HTTP/1.1"
2536	2025/01/22 15:37:39	"GET /uv2582fip2582inf210/index.html HTTP/1.1"
2536	2025/02/18 11:06:38	"GET /uv2582fip2582inf210/practice_transaction_correction.html HTTP/1.1"
2536	2025/02/18 11:07:34	"GET /uv2582fip2582inf210/web_architecture_home.html HTTP/1.1"
2536	2025/02/18 11:08:41	"GET /uv2582fip2582inf210/practice_jpa.html HTTP/1.1"
2536	2025/02/18 11:43:47	"GET /uv2582fip2582inf210/practice_jpa_advanced.html HTTP/1.1"
2536	2025/02/18 11:54:37	"GET /uv2582fip2582inf210/index.html HTTP/1.1"
2536	2025/02/18 11:54:59	"GET /uv2582fip2582inf210/web_architecture_home.html HTTP/1.1"
2536	2025/03/13 10:14:43	"GET /uv2582fip2582inf210/project_specifications.html HTTP/1.1"
2536	2025/03/13 10:35:12	"GET /uv2582fip2582inf210/project_part2.html HTTP/1.1"
2536	2025/03/13 12:09:09	"GET /uv2582fip2582inf210/project_part3.html HTTP/1.1"
2536	2025/03/13 16:19:52	"GET /uv2582fip2582inf210/project_specifications.html HTTP/1.1"
2536	2025/03/13 16:41:41	"GET /uv2582fip2582inf210/project_part2.html HTTP/1.1"
2536	2025/03/13 16:41:43	"GET /uv2582fip2582inf210/project_part3.html HTTP/1.1"
2536	2025/03/13 16:44:25	"GET /uv2582fip2582inf210/project_structureui.html HTTP/1.1"
2536	2025/03/13 16:58:09	"GET /uv2582fip2582inf210/project_part3.html HTTP/1.1"
2536	2025/03/06 07:56:15	"GET /uv2582fip2582inf210/practice_spring_2tiers_ext.html HTTP/1.1"
2536	2025/03/06 07:59:28	"GET /uv2582fip2582inf210/index.html HTTP/1.1"
2536	2025/03/06 08:06:58	"GET /uv2582fip2582inf210/index.html HTTP/1.1"
2536	2025/03/06 08:07:00	"GET /uv2582fip2582inf210/project_presentation.html HTTP/1.1"
2536	2025/03/06 08:09:21	"GET /uv2582fip2582inf210/project_presentation.html HTTP/1.1"
2536	2025/03/06 08:16:53	"GET /uv2582fip2582inf210/project_specifications.html HTTP/1.1"
2536	2025/03/06 08:17:35	"GET /uv2582fip2582inf210/project_evaluation.html HTTP/1.1"
2536	2025/03/06 08:19:34	"GET /uv2582fip2582inf210/project_evaluation.html HTTP/1.1"
2536	2025/03/06 08:21:11	"GET /uv2582fip2582inf210/project_specifications.html HTTP/1.1"
2536	2025/03/06 08:21:14	"GET /uv2582fip2582inf210/project_task_time.html HTTP/1.1"
2536	2025/03/06 08:21:25	"GET /uv2582fip2582inf210/project_specifications.html HTTP/1.1"
2536	2025/03/06 08:30:37	"GET /uv2582fip2582inf210/project_part1.html HTTP/1.1"
2536	2025/03/06 08:44:46	"GET /uv2582fip2582inf210/project_part1.html HTTP/1.1"
2536	2025/03/06 08:52:09	"GET /uv2582fip2582inf210/project_specifications.html HTTP/1.1"
2536	2025/03/06 09:06:55	"GET /uv2582fip2582inf210/index.html HTTP/1.1"
2536	2025/03/06 09:06:58	"GET /uv2582fip2582inf210/data_home.html HTTP/1.1"
2536	2025/03/06 09:07:03	"GET /uv2582fip2582inf210/lecture_conceptual_modeling.html HTTP/1.1"
2536	2025/03/06 10:02:34	"GET /uv2582fip2582inf210/index.html HTTP/1.1"
2536	2025/03/06 10:02:37	"GET /uv2582fip2582inf210/data_home.html HTTP/1.1"
2536	2025/03/06 10:02:40	"GET /uv2582fip2582inf210/lecture_conceptual_modeling.html HTTP/1.1"
2536	2025/03/06 11:43:44	"GET /uv2582fip2582inf210/index.html HTTP/1.1"
2536	2025/03/06 11:43:47	"GET /uv2582fip2582inf210/data_home.html HTTP/1.1"
2536	2025/03/06 11:43:58	"GET /uv2582fip2582inf210/activity_conceptual_modeling.html HTTP/1.1"
2536	2025/03/06 11:43:59	"GET /uv2582fip2582inf210/lecture_conceptual_modeling.html HTTP/1.1"
2536	2025/03/06 18:32:49	"GET /uv2582fip2582inf210/project_presentation.html HTTP/1.1"
2536	2025/03/06 18:32:52	"GET /uv2582fip2582inf210/project_part1.html HTTP/1.1"
2536	2025/03/06 18:34:04	"GET /uv2582fip2582inf210/project_evaluation.html HTTP/1.1"
2536	2025/03/06 18:34:34	"GET /uv2582fip2582inf210/project_specifications.html HTTP/1.1"
2536	2025/03/06 18:34:58	"GET /uv2582fip2582inf210/project_part1.html HTTP/1.1"
2536	2025/03/06 20:45:53	"GET /uv2582fip2582inf210/index.html HTTP/1.1"
2536	2025/03/06 20:45:55	"GET /uv2582fip2582inf210/data_home.html HTTP/1.1"
2536	2025/03/06 20:45:58	"GET /uv2582fip2582inf210/activity_conceptual_modeling.html HTTP/1.1"
2536	2025/03/06 20:46:04	"GET /uv2582fip2582inf210/lecture_conceptual_modeling.html HTTP/1.1"
2536	2025/02/10 13:47:53	"GET /uv2582fip2582inf210/lecture_conceptual_modeling.html HTTP/1.1"
2536	2025/02/10 13:59:25	"GET /uv2582fip2582inf210/index.html HTTP/1.1"
2536	2025/02/10 14:00:23	"GET /uv2582fip2582inf210/data_home.html HTTP/1.1"
2536	2025/02/10 14:01:17	"GET /uv2582fip2582inf210/lecture_normalization.html HTTP/1.1"
2536	2025/02/10 14:11:14	"GET /uv2582fip2582inf210/lecture_sql.html HTTP/1.1"
2536	2025/02/10 14:30:21	"GET /uv2582fip2582inf210/activity_normalization.html HTTP/1.1"
2536	2025/02/10 14:31:27	"GET /uv2582fip2582inf210/activity_normalization_correction.html HTTP/1.1"
2536	2025/02/10 14:48:40	"GET /uv2582fip2582inf210/activity_decomposition.html HTTP/1.1"
2536	2025/02/10 14:49:25	"GET /uv2582fip2582inf210/activity_decomposition_correction.html HTTP/1.1"
2536	2025/02/10 14:52:24	"GET /uv2582fip2582inf210/activity_decomposition.html HTTP/1.1"
2536	2025/02/10 16:03:24	"GET /uv2582fip2582inf210/index.html HTTP/1.1"
2536	2025/02/10 16:03:43	"GET /uv2582fip2582inf210/data_home.html HTTP/1.1"
2536	2025/02/10 16:17:38	"GET /uv2582fip2582inf210/lecture_independence_views.html HTTP/1.1"
2536	2025/02/10 16:40:47	"GET /uv2582fip2582inf210/practice_independence_views.html HTTP/1.1"
2536	2025/02/10 16:40:51	"GET /uv2582fip2582inf210/activity_sql.html HTTP/1.1"
2536	2025/01/20 11:37:47	"GET /uv2582fip2582inf210/technical_environment_home.html HTTP/1.1"
2536	2025/01/20 11:40:24	"GET /uv2582fip2582inf210/documentation_docker.html HTTP/1.1"
2536	2025/01/20 11:40:40	"GET /uv2582fip2582inf210/practice_docker.html HTTP/1.1"
2536	2025/01/20 11:40:50	"GET /uv2582fip2582inf210/technical_environment_home.html HTTP/1.1"
2536	2025/01/20 11:43:29	"GET /uv2582fip2582inf210/documentation_docker.html HTTP/1.1"
2536	2025/01/20 11:43:49	"GET /uv2582fip2582inf210/practice_docker.html HTTP/1.1"
2536	2025/01/20 11:43:53	"GET /uv2582fip2582inf210/technical_environment_home.html HTTP/1.1"
2536	2025/01/20 11:44:54	"GET /uv2582fip2582inf210/documentation_docker.html HTTP/1.1"
2536	2025/01/20 11:45:03	"GET /uv2582fip2582inf210/technical_environment_home.html HTTP/1.1"
2536	2025/01/20 11:48:38	"GET /uv2582fip2582inf210/web_architecture_home.html HTTP/1.1"
2536	2025/01/20 11:48:42	"GET /uv2582fip2582inf210/technical_environment_home.html HTTP/1.1"
2536	2025/01/20 11:56:06	"GET /uv2582fip2582inf210/documentation_docker.html HTTP/1.1"
2536	2025/01/20 11:57:36	"GET /uv2582fip2582inf210/practice_docker.html HTTP/1.1"
2536	2025/01/20 12:01:06	"GET /uv2582fip2582inf210/practice_docker.html HTTP/1.1"
2536	2025/01/20 13:43:26	"GET /uv2582fip2582inf210/practice_docker.html HTTP/1.1"
2536	2025/01/20 13:46:08	"GET /uv2582fip2582inf210/practice_docker_advanced.html HTTP/1.1"
2536	2025/01/20 13:49:06	"GET /uv2582fip2582inf210/documentation_rdbms.html HTTP/1.1"
2536	2025/01/20 14:13:56	"GET /uv2582fip2582inf210/practice_postgresql.html HTTP/1.1"
2536	2025/01/20 14:19:25	"GET /uv2582fip2582inf210/documentation_programming.html HTTP/1.1"
2536	2025/01/20 14:22:01	"GET /uv2582fip2582inf210/documentation_programming.html HTTP/1.1"
2536	2025/01/20 14:22:02	"GET /uv2582fip2582inf210/inversion_of_control.html HTTP/1.1"
2536	2025/01/20 14:24:53	"GET /uv2582fip2582inf210/spring_bean.html HTTP/1.1"
2536	2025/01/20 14:36:57	"GET /uv2582fip2582inf210/spring_bean.html HTTP/1.1"
2536	2025/01/20 14:45:55	"GET /uv2582fip2582inf210/practice_spring.html HTTP/1.1"
2536	2025/01/20 16:01:03	"GET /uv2582fip2582inf210/index.html HTTP/1.1"
2536	2025/01/20 16:01:10	"GET /uv2582fip2582inf210/technical_environment_home.html HTTP/1.1"
2536	2025/01/20 16:01:11	"GET /uv2582fip2582inf210/index.html HTTP/1.1"
2536	2025/01/20 16:01:13	"GET /uv2582fip2582inf210/web_architecture_home.html HTTP/1.1"
2536	2025/01/20 16:01:20	"GET /uv2582fip2582inf210/index.html HTTP/1.1"
2536	2025/01/20 16:01:23	"GET /uv2582fip2582inf210/project_home.html HTTP/1.1"
2536	2025/01/20 16:01:27	"GET /uv2582fip2582inf210/index.html HTTP/1.1"
2536	2025/03/04 08:00:38	"GET /uv2582fip2582inf210/data_home.html HTTP/1.1"
2536	2025/03/04 08:00:43	"GET /uv2582fip2582inf210/lecture_normalization.html HTTP/1.1"
2536	2025/03/04 08:10:22	"GET /uv2582fip2582inf210/data_home.html HTTP/1.1"
2536	2025/03/04 08:10:32	"GET /uv2582fip2582inf210/web_architecture_home.html HTTP/1.1"
2536	2025/03/04 08:10:39	"GET /uv2582fip2582inf210/practice_spring_2tiers.html HTTP/1.1"
2536	2025/03/04 09:31:54	"GET /uv2582fip2582inf210/index.html HTTP/1.1"
2536	2025/03/04 09:31:56	"GET /uv2582fip2582inf210/data_home.html HTTP/1.1"
2536	2025/03/04 09:32:04	"GET /uv2582fip2582inf210/lecture_conceptual_modeling.html HTTP/1.1"
2536	2025/03/04 09:57:01	"GET /uv2582fip2582inf210/lecture_normalization.html HTTP/1.1"
2536	2025/03/03 21:51:10	"GET /uv2582fip2582inf210/lecture_normalization.html HTTP/1.1"
2536	2025/03/16 18:03:02	"GET /uv2582fip2582inf210/project_specifications.html HTTP/1.1"
2536	2025/03/16 18:33:41	"GET /uv2582fip2582inf210/project_structureui.html HTTP/1.1"
2536	2025/03/17 16:38:53	"GET /uv2582fip2582inf210/project_part3.html HTTP/1.1"
2536	2025/03/02 13:04:56	"GET /uv2582fip2582inf210/data_home.html HTTP/1.1"
2536	2025/03/02 13:05:01	"GET /uv2582fip2582inf210/lecture_normalization.html HTTP/1.1"
2536	2025/03/02 13:05:21	"GET /uv2582fip2582inf210/lecture_conceptual_modeling.html HTTP/1.1"
2536	2025/03/02 13:07:23	"GET /uv2582fip2582inf210/activity_conceptual_modeling.html HTTP/1.1"
2536	2025/03/02 13:07:24	"GET /uv2582fip2582inf210/lecture_normalization.html HTTP/1.1"
2536	2025/03/02 13:35:05	"GET /uv2582fip2582inf210/index.html HTTP/1.1"
2536	2025/03/02 13:35:07	"GET /uv2582fip2582inf210/technical_environment_home.html HTTP/1.1"
2536	2025/01/29 12:04:04	"GET /uv2582fip2582inf210/index.html HTTP/1.1"
2536	2025/01/29 13:49:56	"GET /uv2582fip2582inf210/index.html HTTP/1.1"
2536	2025/01/29 14:07:17	"GET /uv2582fip2582inf210/web_architecture_home.html HTTP/1.1"
2536	2025/01/29 14:07:28	"GET /uv2582fip2582inf210/practice_spring.html HTTP/1.1"
2536	2025/01/29 14:07:34	"GET /uv2582fip2582inf210/index.html HTTP/1.1"
2536	2025/01/29 14:07:36	"GET /uv2582fip2582inf210/data_home.html HTTP/1.1"
2536	2025/01/29 14:12:53	"GET /uv2582fip2582inf210/lecture_relational_model.html HTTP/1.1"
2536	2025/01/29 14:14:26	"GET /uv2582fip2582inf210/lecture_db_integrity.html HTTP/1.1"
2536	2025/01/29 14:17:41	"GET /uv2582fip2582inf210/lecture_db_integrity.html HTTP/1.1"
2536	2025/01/29 14:20:34	"GET /uv2582fip2582inf210/lecture_db_integrity.html HTTP/1.1"
2536	2025/01/29 14:29:42	"GET /uv2582fip2582inf210/activity_relational_model.html HTTP/1.1"
2536	2025/01/29 15:17:34	"GET /uv2582fip2582inf210/activity_relational_model_correction.html HTTP/1.1"
2536	2025/01/29 15:19:18	"GET /uv2582fip2582inf210/index.html HTTP/1.1"
2536	2025/01/29 15:19:20	"GET /uv2582fip2582inf210/data_home.html HTTP/1.1"
2536	2025/01/29 15:39:48	"GET /uv2582fip2582inf210/lecture_modeling_normalization.html HTTP/1.1"
2536	2025/01/29 16:04:41	"GET /uv2582fip2582inf210/lecture_conceptual_modeling.html HTTP/1.1"
2536	2025/01/29 16:33:41	"GET /uv2582fip2582inf210/lecture_independence_views.html HTTP/1.1"
2536	2025/01/29 16:33:42	"GET /uv2582fip2582inf210/lecture_conceptual_modeling.html HTTP/1.1"
2536	2025/03/05 14:10:04	"GET /uv2582fip2582inf210/project_presentation.html HTTP/1.1"
2536	2025/03/05 14:10:16	"GET /uv2582fip2582inf210/web_architecture_home.html HTTP/1.1"
2536	2025/03/05 14:10:21	"GET /uv2582fip2582inf210/practice_spring_2tiers_ext.html HTTP/1.1"
2536	2025/03/05 14:11:09	"GET /uv2582fip2582inf210/index.html HTTP/1.1"
2536	2025/03/05 14:14:28	"GET /uv2582fip2582inf210/lecture_software_architecture.html HTTP/1.1"
2536	2025/03/05 14:19:05	"GET /uv2582fip2582inf210/lecture_dto.html HTTP/1.1"
2536	2025/03/05 16:24:46	"GET /uv2582fip2582inf210/index.html HTTP/1.1"
2536	2025/02/13 08:09:55	"GET /uv2582fip2582inf210/activity_sql.html HTTP/1.1"
2536	2025/02/13 08:10:02	"GET /uv2582fip2582inf210/index.html HTTP/1.1"
2536	2025/02/13 08:10:07	"GET /uv2582fip2582inf210/data_home.html HTTP/1.1"
2536	2025/02/13 08:10:25	"GET /uv2582fip2582inf210/activity_sql.html HTTP/1.1"
2536	2025/02/13 08:17:42	"GET /uv2582fip2582inf210/activity_sql.html HTTP/1.1"
2536	2025/02/13 08:18:19	"GET /uv2582fip2582inf210/activity_sql_correction.html HTTP/1.1"
2536	2025/02/13 08:44:17	"GET /uv2582fip2582inf210/practice_sql.html HTTP/1.1"
2536	2025/02/13 08:47:49	"GET /uv2582fip2582inf210/practice_sql_correction.html HTTP/1.1"
2536	2025/02/13 09:12:46	"GET /uv2582fip2582inf210/practice_sql.html HTTP/1.1"
2536	2025/02/13 09:15:01	"GET /uv2582fip2582inf210/practice_sql_correction.html HTTP/1.1"
2536	2025/02/13 10:09:15	"GET /uv2582fip2582inf210/practice_advanced_sql.html HTTP/1.1"
2536	2025/02/13 10:09:29	"GET /uv2582fip2582inf210/lecture_transaction.html HTTP/1.1"
2536	2025/02/13 10:18:00	"GET /uv2582fip2582inf210/practice_transaction.html HTTP/1.1"
2536	2025/02/13 11:06:54	"GET /uv2582fip2582inf210/practice_transaction_correction.html HTTP/1.1"
2536	2025/03/18 09:30:45	"GET /uv2582fip2582inf210/project_specifications.html HTTP/1.1"
2536	2025/03/18 16:16:12	"GET /uv2582fip2582inf210/project_structureui.html HTTP/1.1"
