2539	2025/02/27 09:19:58	"GET /uv2582fip2582inf210/data_home.html HTTP/1.1"
2539	2025/02/27 09:20:02	"GET /uv2582fip2582inf210/lecture_normalization.html HTTP/1.1"
2539	2025/02/27 09:20:09	"GET /uv2582fip2582inf210/lecture_conceptual_modeling.html HTTP/1.1"
2539	2025/02/20 21:47:17	"GET /uv2582fip2582inf210/data_home.html HTTP/1.1"
2539	2025/02/20 21:47:31	"GET /uv2582fip2582inf210/images/prerequisite_data/prerequisite_data_2025.html HTTP/1.1"
2539	2025/02/20 21:47:36	"GET /uv2582fip2582inf210/lecture_conceptual_modeling.html HTTP/1.1"
2539	2025/02/20 21:48:30	"GET /uv2582fip2582inf210/activity_conceptual_modeling.html HTTP/1.1"
2539	2025/02/20 21:48:53	"GET /uv2582fip2582inf210/lecture_normalization.html HTTP/1.1"
2539	2025/02/20 21:49:52	"GET /uv2582fip2582inf210/activity_normalization.html HTTP/1.1"
2539	2025/02/20 21:49:55	"GET /uv2582fip2582inf210/lecture_transaction.html HTTP/1.1"
2539	2025/02/20 21:49:59	"GET /uv2582fip2582inf210/practice_transaction.html HTTP/1.1"
2539	2025/02/28 16:32:08	"GET /uv2582fip2582inf210/project_presentation.html HTTP/1.1"
2539	2025/02/28 16:32:11	"GET /uv2582fip2582inf210/project_part1.html HTTP/1.1"
2539	2025/02/28 16:32:25	"GET /uv2582fip2582inf210/project_specifications.html HTTP/1.1"
2539	2025/02/28 16:32:29	"GET /uv2582fip2582inf210/project_evaluation.html HTTP/1.1"
2539	2025/04/04 18:04:58	"GET /uv2582fip2582inf210/project_part1.html HTTP/1.1"
2539	2025/04/04 18:16:06	"GET /uv2582fip2582inf210/project_part2.html HTTP/1.1"
2539	2025/04/04 18:22:02	"GET /uv2582fip2582inf210/project_part3.html HTTP/1.1"
2539	2025/02/21 13:46:40	"GET /uv2582fip2582inf210/index.html HTTP/1.1"
2539	2025/04/03 20:23:28	"GET /uv2582fip2582inf210/project_presentation.html HTTP/1.1"
2539	2025/04/03 20:23:35	"GET /uv2582fip2582inf210/project_task_time.html HTTP/1.1"
2539	2025/02/26 07:54:11	"GET /uv2582fip2582inf210/project_presentation.html HTTP/1.1"
2539	2025/02/26 07:54:23	"GET /uv2582fip2582inf210/project_part1.html HTTP/1.1"
2539	2025/02/26 07:56:04	"GET /uv2582fip2582inf210/project_task_time.html HTTP/1.1"
2539	2025/02/26 09:32:21	"GET /uv2582fip2582inf210/project_evaluation.html HTTP/1.1"
2539	2025/02/26 09:32:38	"GET /uv2582fip2582inf210/project_part1.html HTTP/1.1"
2539	2025/02/26 09:49:20	"GET /uv2582fip2582inf210/project_specifications.html HTTP/1.1"
2539	2025/02/24 14:04:10	"GET /uv2582fip2582inf210/web_architecture_home.html HTTP/1.1"
2539	2025/02/24 14:04:13	"GET /uv2582fip2582inf210/practice_spring_2tiers_ext.html HTTP/1.1"
2539	2025/02/24 14:07:47	"GET /uv2582fip2582inf210/lecture_mvc_spring.html HTTP/1.1"
2539	2025/02/24 14:07:54	"GET /uv2582fip2582inf210/images/prerequisite_archiweb/prerequisite_archiweb_2025.html HTTP/1.1"
2539	2025/02/24 14:11:50	"GET /uv2582fip2582inf210/lecture_dto.html HTTP/1.1"
2539	2025/02/24 16:23:50	"GET /uv2582fip2582inf210/practice_spring_2tiers.html HTTP/1.1"
2539	2025/03/21 09:22:36	"GET /uv2582fip2582inf210/project_presentation.html HTTP/1.1"
2539	2025/02/25 21:18:08	"GET /uv2582fip2582inf210/project_presentation.html HTTP/1.1"
2539	2025/02/25 21:19:32	"GET /uv2582fip2582inf210/project_specifications.html HTTP/1.1"
2539	2025/02/25 21:19:41	"GET /uv2582fip2582inf210/project_task_time.html HTTP/1.1"
2539	2025/02/25 21:19:50	"GET /uv2582fip2582inf210/project_part1.html HTTP/1.1"
2539	2025/02/19 14:03:50	"GET /uv2582fip2582inf210/web_architecture_home.html HTTP/1.1"
2539	2025/02/19 14:03:52	"GET /uv2582fip2582inf210/practice_spring_2tiers.html HTTP/1.1"
2539	2025/03/15 12:12:39	"GET /uv2582fip2582inf210/project_presentation.html HTTP/1.1"
2539	2025/03/15 12:12:47	"GET /uv2582fip2582inf210/project_part3.html HTTP/1.1"
2539	2025/03/15 12:28:41	"GET /uv2582fip2582inf210/project_structureui.html HTTP/1.1"
2539	2025/03/15 12:28:42	"GET /uv2582fip2582inf210/project_specifications.html HTTP/1.1"
2539	2025/03/15 13:05:01	"GET /uv2582fip2582inf210/technical_environment_home.html HTTP/1.1"
2539	2025/03/15 13:05:04	"GET /uv2582fip2582inf210/web_architecture_home.html HTTP/1.1"
2539	2025/03/15 13:05:09	"GET /uv2582fip2582inf210/practice_jpa.html HTTP/1.1"
2539	2025/03/15 13:05:32	"GET /uv2582fip2582inf210/practice_jpa_advanced.html HTTP/1.1"
2539	2025/03/15 13:05:40	"GET /uv2582fip2582inf210/practice_spring_2tiers.html HTTP/1.1"
2539	2025/02/03 09:39:23	"GET /uv2582fip2582inf210/activity_sql.html HTTP/1.1"
2539	2025/02/03 10:07:33	"GET /uv2582fip2582inf210/activity_sql_correction.html HTTP/1.1"
2539	2025/02/03 10:25:52	"GET /uv2582fip2582inf210/practice_sql.html HTTP/1.1"
2539	2025/02/03 10:32:44	"GET /uv2582fip2582inf210/practice_sql_correction.html HTTP/1.1"
2539	2025/02/03 10:33:02	"GET /uv2582fip2582inf210/documentation_rdbms.html HTTP/1.1"
2539	2025/02/03 10:33:12	"GET /uv2582fip2582inf210/practice_postgresql.html HTTP/1.1"
2539	2025/02/03 11:43:01	"GET /uv2582fip2582inf210/lecture_transaction.html HTTP/1.1"
2539	2025/02/03 11:48:00	"GET /uv2582fip2582inf210/practice_transaction.html HTTP/1.1"
2539	2025/02/03 11:51:31	"GET /uv2582fip2582inf210/practice_transaction_correction.html HTTP/1.1"
2539	2025/01/24 09:33:03	"GET /uv2582fip2582inf210/technical_environment_home.html HTTP/1.1"
2539	2025/01/24 09:35:17	"GET /uv2582fip2582inf210/images/prerequisite_techenv/prerequisite_techenv_2025.html HTTP/1.1"
2539	2025/01/24 09:59:01	"GET /uv2582fip2582inf210/documentation_docker.html HTTP/1.1"
2539	2025/01/24 10:06:39	"GET /uv2582fip2582inf210/practice_docker.html HTTP/1.1"
2539	2025/01/24 10:38:17	"GET /uv2582fip2582inf210/documentation_rdbms.html HTTP/1.1"
2539	2025/01/24 10:38:47	"GET /uv2582fip2582inf210/practice_postgresql.html HTTP/1.1"
2539	2025/01/24 10:47:00	"GET /uv2582fip2582inf210/documentation_programming.html HTTP/1.1"
2539	2025/01/24 11:10:01	"GET /uv2582fip2582inf210/inversion_of_control.html HTTP/1.1"
2539	2025/01/24 11:10:16	"GET /uv2582fip2582inf210/practice_spring.html HTTP/1.1"
2539	2025/01/31 14:02:42	"GET /uv2582fip2582inf210/activity_conceptual_modeling.html HTTP/1.1"
2539	2025/01/31 14:07:36	"GET /uv2582fip2582inf210/activity_conceptual_modeling_correction.html HTTP/1.1"
2539	2025/01/31 15:05:17	"GET /uv2582fip2582inf210/lecture_normalization.html HTTP/1.1"
2539	2025/01/31 15:05:23	"GET /uv2582fip2582inf210/data_home.html HTTP/1.1"
2539	2025/01/31 15:05:24	"GET /uv2582fip2582inf210/images/prerequisite_data/prerequisite_data_2025.html HTTP/1.1"
2539	2025/01/31 16:12:16	"GET /uv2582fip2582inf210/activity_normalization.html HTTP/1.1"
2539	2025/01/31 16:19:18	"GET /uv2582fip2582inf210/activity_normalization_correction.html HTTP/1.1"
2539	2025/01/31 16:29:17	"GET /uv2582fip2582inf210/lecture_normalization.html HTTP/1.1"
2539	2025/03/08 10:20:17	"GET /uv2582fip2582inf210/technical_environment_home.html HTTP/1.1"
2539	2025/03/08 10:22:57	"GET /uv2582fip2582inf210/documentation_docker.html HTTP/1.1"
2539	2025/03/08 10:31:26	"GET /uv2582fip2582inf210/practice_docker.html HTTP/1.1"
2539	2025/03/08 10:34:13	"GET /uv2582fip2582inf210/practice_postgresql.html HTTP/1.1"
2539	2025/03/08 10:34:21	"GET /uv2582fip2582inf210/documentation_programming.html HTTP/1.1"
2539	2025/03/08 10:34:22	"GET /uv2582fip2582inf210/practice_spring.html HTTP/1.1"
2539	2025/03/08 10:37:13	"GET /uv2582fip2582inf210/index.html HTTP/1.1"
2539	2025/03/08 10:37:15	"GET /uv2582fip2582inf210/data_home.html HTTP/1.1"
2539	2025/03/08 10:37:17	"GET /uv2582fip2582inf210/images/prerequisite_data/prerequisite_data_2025.html HTTP/1.1"
2539	2025/03/08 10:37:29	"GET /uv2582fip2582inf210/activity_sql.html HTTP/1.1"
2539	2025/03/08 10:37:51	"GET /uv2582fip2582inf210/practice_sql.html HTTP/1.1"
2539	2025/03/08 10:37:55	"GET /uv2582fip2582inf210/documentation_rdbms.html HTTP/1.1"
2539	2025/01/30 09:29:10	"GET /uv2582fip2582inf210/web_architecture_home.html HTTP/1.1"
2539	2025/01/30 09:29:19	"GET /uv2582fip2582inf210/images/prerequisite_archiweb/prerequisite_archiweb_2025.html HTTP/1.1"
2539	2025/01/30 09:29:58	"GET /uv2582fip2582inf210/data_home.html HTTP/1.1"
2539	2025/01/30 09:30:00	"GET /uv2582fip2582inf210/images/prerequisite_data/prerequisite_data_2025.html HTTP/1.1"
2539	2025/01/30 09:39:48	"GET /uv2582fip2582inf210/lecture_relational_model.html HTTP/1.1"
2539	2025/01/30 09:45:13	"GET /uv2582fip2582inf210/lecture_db_integrity.html HTTP/1.1"
2539	2025/01/30 09:56:53	"GET /uv2582fip2582inf210/activity_relational_model.html HTTP/1.1"
2539	2025/01/30 11:14:09	"GET /uv2582fip2582inf210/activity_relational_model_correction.html HTTP/1.1"
2539	2025/01/30 11:21:04	"GET /uv2582fip2582inf210/lecture_modeling_normalization.html HTTP/1.1"
2539	2025/01/30 11:25:27	"GET /uv2582fip2582inf210/lecture_conceptual_modeling.html HTTP/1.1"
2539	2025/01/22 13:58:35	"GET /uv2582fip2582inf210/PresentationUVINF210/pres.html HTTP/1.1"
2539	2025/01/22 14:37:38	"GET /uv2582fip2582inf210/technical_environment_home.html HTTP/1.1"
2539	2025/01/22 14:38:11	"GET /uv2582fip2582inf210/web_architecture_home.html HTTP/1.1"
2539	2025/01/22 14:38:17	"GET /uv2582fip2582inf210/data_home.html HTTP/1.1"
2539	2025/01/22 14:38:23	"GET /uv2582fip2582inf210/images/prerequisite_data/prerequisite_data_2025.html HTTP/1.1"
2539	2025/01/22 14:38:24	"GET /uv2582fip2582inf210/data_home.html HTTP/1.1"
2539	2025/01/22 14:38:30	"GET /uv2582fip2582inf210/lecture_relational_model.html HTTP/1.1"
2539	2025/02/05 13:49:51	"GET /uv2582fip2582inf210/practice_transaction_correction.html HTTP/1.1"
2539	2025/02/05 13:49:52	"GET /uv2582fip2582inf210/practice_transaction.html HTTP/1.1"
2539	2025/02/05 13:53:30	"GET /uv2582fip2582inf210/index.html HTTP/1.1"
2539	2025/02/05 13:53:36	"GET /uv2582fip2582inf210/web_architecture_home.html HTTP/1.1"
2539	2025/02/05 14:08:04	"GET /uv2582fip2582inf210/lecture_transaction.html HTTP/1.1"
2539	2025/02/05 15:01:00	"GET /uv2582fip2582inf210/data_home.html HTTP/1.1"
2539	2025/02/05 15:01:08	"GET /uv2582fip2582inf210/project_home.html HTTP/1.1"
2539	2025/02/05 15:01:11	"GET /uv2582fip2582inf210/technical_environment_home.html HTTP/1.1"
2539	2025/02/05 15:01:21	"GET /uv2582fip2582inf210/lecture_technical_architecture.html HTTP/1.1"
2539	2025/02/05 15:01:26	"GET /uv2582fip2582inf210/images/prerequisite_archiweb/prerequisite_archiweb_2025.html HTTP/1.1"
2539	2025/02/05 15:12:56	"GET /uv2582fip2582inf210/lecture_software_architecture.html HTTP/1.1"
2539	2025/02/05 15:48:57	"GET /uv2582fip2582inf210/lecture_dto.html HTTP/1.1"
2539	2025/02/05 15:53:47	"GET /uv2582fip2582inf210/lecture_xml.html HTTP/1.1"
2539	2025/02/05 16:12:48	"GET /uv2582fip2582inf210/lecture_json.html HTTP/1.1"
2539	2025/02/05 16:15:39	"GET /uv2582fip2582inf210/practice_xml.html HTTP/1.1"
2539	2025/02/10 13:49:53	"GET /uv2582fip2582inf210/images/prerequisite_archiweb/prerequisite_archiweb_2025.html HTTP/1.1"
2539	2025/02/10 13:51:24	"GET /uv2582fip2582inf210/lecture_xml.html HTTP/1.1"
2539	2025/02/10 13:51:25	"GET /uv2582fip2582inf210/practice_xml.html HTTP/1.1"
2539	2025/02/10 14:14:33	"GET /uv2582fip2582inf210/index.html HTTP/1.1"
2539	2025/02/10 14:14:36	"GET /uv2582fip2582inf210/data_home.html HTTP/1.1"
2539	2025/02/10 14:14:45	"GET /uv2582fip2582inf210/lecture_transaction.html HTTP/1.1"
2539	2025/02/10 14:14:50	"GET /uv2582fip2582inf210/activity_sql.html HTTP/1.1"
2539	2025/02/10 14:14:57	"GET /uv2582fip2582inf210/lecture_conceptual_modeling.html HTTP/1.1"
2539	2025/02/10 14:15:01	"GET /uv2582fip2582inf210/lecture_normalization.html HTTP/1.1"
2539	2025/02/10 15:00:27	"GET /uv2582fip2582inf210/lecture_modeling_normalization.html HTTP/1.1"
2539	2025/02/10 16:14:27	"GET /uv2582fip2582inf210/practice_json.html HTTP/1.1"
2539	2025/02/10 16:14:30	"GET /uv2582fip2582inf210/practice_jpa.html HTTP/1.1"
2539	2025/02/10 16:15:03	"GET /uv2582fip2582inf210/lecture_jpa.html HTTP/1.1"
2539	2025/02/10 16:15:07	"GET /uv2582fip2582inf210/lecture_mvc_spring.html HTTP/1.1"
2539	2025/02/12 09:21:24	"GET /uv2582fip2582inf210/web_architecture_home.html HTTP/1.1"
2539	2025/02/12 09:43:25	"GET /uv2582fip2582inf210/index.html HTTP/1.1"
2539	2025/02/12 09:43:34	"GET /uv2582fip2582inf210/technical_environment_home.html HTTP/1.1"
2539	2025/02/12 09:43:38	"GET /uv2582fip2582inf210/images/prerequisite_techenv/prerequisite_techenv_2025.html HTTP/1.1"
2539	2025/02/12 09:43:40	"GET /uv2582fip2582inf210/documentation_programming.html HTTP/1.1"
2539	2025/02/12 09:43:47	"GET /uv2582fip2582inf210/practice_spring.html HTTP/1.1"
2539	2025/02/12 12:06:52	"GET /uv2582fip2582inf210/practice_jpa_advanced.html HTTP/1.1"
2539	2025/02/12 15:12:05	"GET /uv2582fip2582inf210/practice_spring_2tiers.html HTTP/1.1"
2539	2025/03/03 10:58:37	"GET /uv2582fip2582inf210/project_presentation.html HTTP/1.1"
2539	2025/03/03 11:04:48	"GET /uv2582fip2582inf210/project_presentation.html HTTP/1.1"
2539	2025/03/03 11:07:05	"GET /uv2582fip2582inf210/project_presentation.html HTTP/1.1"
2539	2025/03/03 11:09:12	"GET /uv2582fip2582inf210/project_presentation.html HTTP/1.1"
2539	2025/03/03 11:10:03	"GET /uv2582fip2582inf210/project_presentation.html HTTP/1.1"
2539	2025/03/03 11:10:43	"GET /uv2582fip2582inf210/index.html HTTP/1.1"
2539	2025/03/03 11:22:21	"GET /uv2582fip2582inf210/project_part1.html HTTP/1.1"
2539	2025/03/03 11:23:19	"GET /uv2582fip2582inf210/project_presentation.html HTTP/1.1"
2539	2025/03/03 11:23:21	"GET /uv2582fip2582inf210/project_part2.html HTTP/1.1"
2539	2025/03/03 15:39:14	"GET /uv2582fip2582inf210/web_architecture_home.html HTTP/1.1"
2539	2025/03/03 15:39:21	"GET /uv2582fip2582inf210/images/prerequisite_archiweb/prerequisite_archiweb_2025.html HTTP/1.1"
2539	2025/03/03 15:39:22	"GET /uv2582fip2582inf210/practice_spring_2tiers_ext.html HTTP/1.1"
2539	2025/02/14 09:19:38	"GET /uv2582fip2582inf210/practice_jpa_advanced.html HTTP/1.1"
2539	2025/02/14 09:19:52	"GET /uv2582fip2582inf210/practice_spring_2tiers.html HTTP/1.1"
2539	2025/02/14 09:20:55	"GET /uv2582fip2582inf210/index.html HTTP/1.1"
2539	2025/02/14 09:21:03	"GET /uv2582fip2582inf210/technical_environment_home.html HTTP/1.1"
2539	2025/02/14 09:21:07	"GET /uv2582fip2582inf210/images/prerequisite_archiweb/prerequisite_archiweb_2025.html HTTP/1.1"
2539	2025/01/29 14:02:46	"GET /uv2582fip2582inf210/practice_spring.html HTTP/1.1"
2539	2025/01/29 14:10:33	"GET /uv2582fip2582inf210/practice_spring.html HTTP/1.1"
2539	2025/01/29 16:32:01	"GET /uv2582fip2582inf210/practice_spring.html HTTP/1.1"
