2540	2025/02/28 14:16:23	"GET /uv2582fip2582inf210/web_architecture_home.html HTTP/1.1"
2540	2025/02/28 14:16:31	"GET /uv2582fip2582inf210/index.html HTTP/1.1"
2540	2025/02/28 14:16:37	"GET /uv2582fip2582inf210/data_home.html HTTP/1.1"
2540	2025/02/28 14:16:43	"GET /uv2582fip2582inf210/lecture_conceptual_modeling.html HTTP/1.1"
2540	2025/02/28 14:16:55	"GET /uv2582fip2582inf210/lecture_normalization.html HTTP/1.1"
2540	2025/02/21 12:30:09	"GET /uv2582fip2582inf210/data_home.html HTTP/1.1"
2540	2025/02/21 12:30:21	"GET /uv2582fip2582inf210/activity_normalization.html HTTP/1.1"
2540	2025/02/21 12:30:44	"GET /uv2582fip2582inf210/lecture_normalization.html HTTP/1.1"
2540	2025/02/21 12:38:30	"GET /uv2582fip2582inf210/activity_decomposition.html HTTP/1.1"
2540	2025/02/21 12:39:37	"GET /uv2582fip2582inf210/activity_normalization_correction.html HTTP/1.1"
2540	2025/02/21 12:48:56	"GET /uv2582fip2582inf210/index.html HTTP/1.1"
2540	2025/02/26 09:51:06	"GET /uv2582fip2582inf210/project_presentation.html HTTP/1.1"
2540	2025/02/26 09:51:09	"GET /uv2582fip2582inf210/project_specifications.html HTTP/1.1"
2540	2025/02/26 09:52:52	"GET /uv2582fip2582inf210/project_part1.html HTTP/1.1"
2540	2025/02/26 10:10:32	"GET /uv2582fip2582inf210/index.html HTTP/1.1"
2540	2025/02/26 10:10:36	"GET /uv2582fip2582inf210/web_architecture_home.html HTTP/1.1"
2540	2025/02/26 10:10:44	"GET /uv2582fip2582inf210/data_home.html HTTP/1.1"
2540	2025/02/26 10:10:51	"GET /uv2582fip2582inf210/lecture_normalization.html HTTP/1.1"
2540	2025/02/24 14:05:17	"GET /uv2582fip2582inf210/web_architecture_home.html HTTP/1.1"
2540	2025/02/24 14:05:37	"GET /uv2582fip2582inf210/practice_spring_2tiers_ext.html HTTP/1.1"
2540	2025/02/24 14:15:16	"GET /uv2582fip2582inf210/lecture_software_architecture.html HTTP/1.1"
2540	2025/03/21 09:41:24	"GET /uv2582fip2582inf210/project_presentation.html HTTP/1.1"
2540	2025/03/21 09:41:28	"GET /uv2582fip2582inf210/project_specifications.html HTTP/1.1"
2540	2025/03/07 15:41:19	"GET /uv2582fip2582inf210/project_presentation.html HTTP/1.1"
2540	2025/03/07 15:41:26	"GET /uv2582fip2582inf210/project_part3.html HTTP/1.1"
2540	2025/03/07 15:50:30	"GET /uv2582fip2582inf210/project_structureui.html HTTP/1.1"
2540	2025/03/07 15:51:46	"GET /uv2582fip2582inf210/project_part3.html HTTP/1.1"
2540	2025/03/07 16:10:06	"GET /uv2582fip2582inf210/project_specifications.html HTTP/1.1"
2540	2025/03/07 16:21:17	"GET /uv2582fip2582inf210/project_presentation.html HTTP/1.1"
2540	2025/03/07 16:21:19	"GET /uv2582fip2582inf210/project_structureui.html HTTP/1.1"
2540	2025/02/03 09:34:39	"GET /uv2582fip2582inf210/activity_sql.html HTTP/1.1"
2540	2025/02/03 09:34:42	"GET /uv2582fip2582inf210/practice_sql.html HTTP/1.1"
2540	2025/01/24 09:33:38	"GET /uv2582fip2582inf210/technical_environment_home.html HTTP/1.1"
2540	2025/01/24 10:12:41	"GET /uv2582fip2582inf210/practice_docker.html HTTP/1.1"
2540	2025/01/24 10:51:39	"GET /uv2582fip2582inf210/documentation_rdbms.html HTTP/1.1"
2540	2025/01/24 10:51:44	"GET /uv2582fip2582inf210/practice_postgresql.html HTTP/1.1"
2540	2025/01/24 10:55:44	"GET /uv2582fip2582inf210/documentation_programming.html HTTP/1.1"
2540	2025/01/24 10:55:46	"GET /uv2582fip2582inf210/practice_spring.html HTTP/1.1"
2540	2025/01/31 14:04:17	"GET /uv2582fip2582inf210/technical_environment_home.html HTTP/1.1"
2540	2025/01/31 14:04:39	"GET /uv2582fip2582inf210/activity_conceptual_modeling.html HTTP/1.1"
2540	2025/01/31 15:27:59	"GET /uv2582fip2582inf210/index.html HTTP/1.1"
2540	2025/01/31 15:28:01	"GET /uv2582fip2582inf210/data_home.html HTTP/1.1"
2540	2025/01/31 15:28:16	"GET /uv2582fip2582inf210/lecture_conceptual_modeling.html HTTP/1.1"
2540	2025/01/30 09:37:25	"GET /uv2582fip2582inf210/data_home.html HTTP/1.1"
2540	2025/01/30 09:38:25	"GET /uv2582fip2582inf210/lecture_relational_model.html HTTP/1.1"
2540	2025/01/30 09:47:33	"GET /uv2582fip2582inf210/lecture_db_integrity.html HTTP/1.1"
2540	2025/01/30 09:47:50	"GET /uv2582fip2582inf210/activity_relational_model.html HTTP/1.1"
2540	2025/01/30 11:50:20	"GET /uv2582fip2582inf210/index.html HTTP/1.1"
2540	2025/01/30 11:51:01	"GET /uv2582fip2582inf210/activity_sql.html HTTP/1.1"
2540	2025/01/30 11:51:33	"GET /uv2582fip2582inf210/practice_sql.html HTTP/1.1"
2540	2025/01/30 11:51:40	"GET /uv2582fip2582inf210/practice_advanced_sql.html HTTP/1.1"
2540	2025/01/30 11:52:28	"GET /uv2582fip2582inf210/technical_environment_home.html HTTP/1.1"
2540	2025/01/30 11:52:35	"GET /uv2582fip2582inf210/web_architecture_home.html HTTP/1.1"
2540	2025/01/30 11:58:52	"GET /uv2582fip2582inf210/images/prerequisite_archiweb/prerequisite_archiweb_2025.html HTTP/1.1"
2540	2025/02/05 14:09:59	"GET /uv2582fip2582inf210/web_architecture_home.html HTTP/1.1"
2540	2025/02/05 14:10:21	"GET /uv2582fip2582inf210/index.html HTTP/1.1"
2540	2025/02/05 14:10:24	"GET /uv2582fip2582inf210/project_home.html HTTP/1.1"
2540	2025/02/05 14:10:31	"GET /uv2582fip2582inf210/data_home.html HTTP/1.1"
2540	2025/02/05 14:10:43	"GET /uv2582fip2582inf210/practice_sql.html HTTP/1.1"
2540	2025/02/05 14:27:48	"GET /uv2582fip2582inf210/lecture_technical_architecture.html HTTP/1.1"
2540	2025/02/05 16:30:01	"GET /uv2582fip2582inf210/lecture_software_architecture.html HTTP/1.1"
2540	2025/02/10 14:23:40	"GET /uv2582fip2582inf210/web_architecture_home.html HTTP/1.1"
2540	2025/02/10 14:23:43	"GET /uv2582fip2582inf210/lecture_technical_architecture.html HTTP/1.1"
2540	2025/03/19 09:43:49	"GET /uv2582fip2582inf210/project_presentation.html HTTP/1.1"
2540	2025/03/19 09:43:52	"GET /uv2582fip2582inf210/project_part3.html HTTP/1.1"
2540	2025/03/19 09:43:55	"GET /uv2582fip2582inf210/project_structureui.html HTTP/1.1"
2540	2025/03/19 10:07:33	"GET /uv2582fip2582inf210/project_specifications.html HTTP/1.1"
2540	2025/03/19 10:38:50	"GET /uv2582fip2582inf210/project_task_time.html HTTP/1.1"
2540	2025/03/19 11:21:10	"GET /uv2582fip2582inf210/project_part2.html HTTP/1.1"
2540	2025/02/12 09:47:39	"GET /uv2582fip2582inf210/practice_jpa.html HTTP/1.1"
2540	2025/02/12 09:55:07	"GET /uv2582fip2582inf210/lecture_mvc_spring.html HTTP/1.1"
2540	2025/02/12 11:26:59	"GET /uv2582fip2582inf210/lecture_jpa.html HTTP/1.1"
2540	2025/02/12 14:23:01	"GET /uv2582fip2582inf210/index.html HTTP/1.1"
2540	2025/03/11 20:15:39	"GET /uv2582fip2582inf210/project_presentation.html HTTP/1.1"
2540	2025/03/11 20:15:41	"GET /uv2582fip2582inf210/project_specifications.html HTTP/1.1"
2540	2025/03/03 11:09:59	"GET /uv2582fip2582inf210/project_presentation.html HTTP/1.1"
2540	2025/03/03 11:11:54	"GET /uv2582fip2582inf210/project_part1.html HTTP/1.1"
2540	2025/03/03 11:23:21	"GET /uv2582fip2582inf210/project_part1.html HTTP/1.1"
2540	2025/03/03 11:24:27	"GET /uv2582fip2582inf210/project_specifications.html HTTP/1.1"
2540	2025/03/03 11:44:44	"GET /uv2582fip2582inf210/project_part2.html HTTP/1.1"
2540	2025/02/14 09:38:32	"GET /uv2582fip2582inf210/web_architecture_home.html HTTP/1.1"
2540	2025/02/14 09:39:50	"GET /uv2582fip2582inf210/practice_spring_2tiers.html HTTP/1.1"
2540	2025/01/29 14:09:53	"GET /uv2582fip2582inf210/technical_environment_home.html HTTP/1.1"
2540	2025/01/29 14:09:58	"GET /uv2582fip2582inf210/documentation_programming.html HTTP/1.1"
2540	2025/01/29 14:10:01	"GET /uv2582fip2582inf210/practice_spring.html HTTP/1.1"
2540	2025/03/05 10:48:45	"GET /uv2582fip2582inf210/project_presentation.html HTTP/1.1"
2540	2025/03/05 10:48:49	"GET /uv2582fip2582inf210/project_part2.html HTTP/1.1"
2540	2025/03/10 17:11:20	"GET /uv2582fip2582inf210/project_presentation.html HTTP/1.1"
2540	2025/03/10 17:11:22	"GET /uv2582fip2582inf210/project_specifications.html HTTP/1.1"
