2541	2025/02/20 15:21:34	"GET /uv2582fip2582inf210/practice_jpa_advanced.html HTTP/1.1"
2541	2025/02/20 22:10:11	"GET /uv2582fip2582inf210/practice_jpa_advanced.html HTTP/1.1"
2541	2025/02/20 22:10:25	"GET /uv2582fip2582inf210/data_home.html HTTP/1.1"
2541	2025/02/20 22:10:34	"GET /uv2582fip2582inf210/lecture_modeling_normalization.html HTTP/1.1"
2541	2025/02/20 22:10:44	"GET /uv2582fip2582inf210/activity_conceptual_modeling.html HTTP/1.1"
2541	2025/02/20 22:11:27	"GET /uv2582fip2582inf210/lecture_conceptual_modeling.html HTTP/1.1"
2541	2025/02/20 22:14:15	"GET /uv2582fip2582inf210/activity_conceptual_modeling_advanced.html HTTP/1.1"
2541	2025/02/20 22:14:20	"GET /uv2582fip2582inf210/activity_conceptual_modeling_advanced_correction.html HTTP/1.1"
2541	2025/02/20 22:31:17	"GET /uv2582fip2582inf210/activity_conceptual_modeling_correction.html HTTP/1.1"
2541	2025/02/20 22:35:25	"GET /uv2582fip2582inf210/lecture_normalization.html HTTP/1.1"
2541	2025/02/20 22:51:45	"GET /uv2582fip2582inf210/activity_normalization.html HTTP/1.1"
2541	2025/02/20 22:52:03	"GET /uv2582fip2582inf210/activity_decomposition.html HTTP/1.1"
2541	2025/02/20 22:52:41	"GET /uv2582fip2582inf210/activity_decomposition_correction.html HTTP/1.1"
2541	2025/02/21 14:15:07	"GET /uv2582fip2582inf210/lecture_normalization.html HTTP/1.1"
2541	2025/02/21 14:15:15	"GET /uv2582fip2582inf210/activity_normalization_correction.html HTTP/1.1"
2541	2025/02/21 14:15:28	"GET /uv2582fip2582inf210/activity_decomposition_correction.html HTTP/1.1"
2541	2025/03/22 15:34:30	"GET /uv2582fip2582inf210/data_home.html HTTP/1.1"
2541	2025/03/22 15:34:44	"GET /uv2582fip2582inf210/web_architecture_home.html HTTP/1.1"
2541	2025/03/22 15:35:01	"GET /uv2582fip2582inf210/practice_spring_2tiers.html HTTP/1.1"
2541	2025/03/22 15:38:21	"GET /uv2582fip2582inf210/lecture_technical_architecture.html HTTP/1.1"
2541	2025/03/22 15:38:28	"GET /uv2582fip2582inf210/lecture_software_architecture.html HTTP/1.1"
2541	2025/03/22 15:39:02	"GET /uv2582fip2582inf210/lecture_mvc_spring.html HTTP/1.1"
2541	2025/03/22 15:39:22	"GET /uv2582fip2582inf210/lecture_jpa.html HTTP/1.1"
2541	2025/03/22 15:39:32	"GET /uv2582fip2582inf210/practice_jpa.html HTTP/1.1"
2541	2025/03/22 15:40:12	"GET /uv2582fip2582inf210/practice_jpa_advanced.html HTTP/1.1"
2541	2025/02/26 09:57:36	"GET /uv2582fip2582inf210/project_presentation.html HTTP/1.1"
2541	2025/02/26 09:59:03	"GET /uv2582fip2582inf210/project_evaluation.html HTTP/1.1"
2541	2025/02/26 09:59:46	"GET /uv2582fip2582inf210/project_specifications.html HTTP/1.1"
2541	2025/02/26 09:59:48	"GET /uv2582fip2582inf210/project_part1.html HTTP/1.1"
2541	2025/02/26 11:53:31	"GET /uv2582fip2582inf210/project_part1.html HTTP/1.1"
2541	2025/02/24 14:09:57	"GET /uv2582fip2582inf210/web_architecture_home.html HTTP/1.1"
2541	2025/02/24 14:10:06	"GET /uv2582fip2582inf210/practice_spring_2tiers_ext.html HTTP/1.1"
2541	2025/02/24 14:15:06	"GET /uv2582fip2582inf210/lecture_dto.html HTTP/1.1"
2541	2025/03/21 10:08:02	"GET /uv2582fip2582inf210/project_presentation.html HTTP/1.1"
2541	2025/03/21 10:15:04	"GET /uv2582fip2582inf210/project_task_time.html HTTP/1.1"
2541	2025/03/07 14:26:08	"GET /uv2582fip2582inf210/project_presentation.html HTTP/1.1"
2541	2025/03/07 14:27:33	"GET /uv2582fip2582inf210/project_part2.html HTTP/1.1"
2541	2025/03/07 15:43:04	"GET /uv2582fip2582inf210/project_part2.html HTTP/1.1"
2541	2025/03/07 15:43:06	"GET /uv2582fip2582inf210/project_part3.html HTTP/1.1"
2541	2025/03/07 16:13:10	"GET /uv2582fip2582inf210/project_specifications.html HTTP/1.1"
2541	2025/02/19 14:07:19	"GET /uv2582fip2582inf210/web_architecture_home.html HTTP/1.1"
2541	2025/02/19 16:39:58	"GET /uv2582fip2582inf210/lecture_xml.html HTTP/1.1"
2541	2025/02/19 16:40:13	"GET /uv2582fip2582inf210/practice_xml.html HTTP/1.1"
2541	2025/02/19 16:40:17	"GET /uv2582fip2582inf210/lecture_json.html HTTP/1.1"
2541	2025/02/19 16:40:35	"GET /uv2582fip2582inf210/practice_json.html HTTP/1.1"
2541	2025/02/03 14:03:17	"GET /uv2582fip2582inf210/activity_sql.html HTTP/1.1"
2541	2025/02/03 14:03:40	"GET /uv2582fip2582inf210/activity_normalization.html HTTP/1.1"
2541	2025/02/03 14:05:07	"GET /uv2582fip2582inf210/lecture_normalization.html HTTP/1.1"
2541	2025/02/03 14:33:37	"GET /uv2582fip2582inf210/activity_sql_correction.html HTTP/1.1"
2541	2025/02/03 14:43:38	"GET /uv2582fip2582inf210/practice_sql.html HTTP/1.1"
2541	2025/02/03 15:42:17	"GET /uv2582fip2582inf210/data_home.html HTTP/1.1"
2541	2025/02/03 15:47:23	"GET /uv2582fip2582inf210/practice_sql.html HTTP/1.1"
2541	2025/02/03 15:55:44	"GET /uv2582fip2582inf210/practice_sql_correction.html HTTP/1.1"
2541	2025/02/03 16:08:18	"GET /uv2582fip2582inf210/practice_advanced_sql.html HTTP/1.1"
2541	2025/02/03 16:08:39	"GET /uv2582fip2582inf210/lecture_transaction.html HTTP/1.1"
2541	2025/02/03 16:16:31	"GET /uv2582fip2582inf210/practice_transaction.html HTTP/1.1"
2541	2025/02/03 16:18:32	"GET /uv2582fip2582inf210/lecture_relational_model.html HTTP/1.1"
2541	2025/02/03 16:22:33	"GET /uv2582fip2582inf210/data_home.html HTTP/1.1"
2541	2025/02/03 16:22:42	"GET /uv2582fip2582inf210/images/prerequisite_data/prerequisite_data_2025.html HTTP/1.1"
2541	2025/02/03 16:23:25	"GET /uv2582fip2582inf210/project_home.html HTTP/1.1"
2541	2025/02/03 16:23:30	"GET /uv2582fip2582inf210/web_architecture_home.html HTTP/1.1"
2541	2025/01/24 09:35:16	"GET /uv2582fip2582inf210/PresentationUVINF210/pres.html HTTP/1.1"
2541	2025/01/24 09:38:48	"GET /uv2582fip2582inf210/technical_environment_home.html HTTP/1.1"
2541	2025/01/24 09:39:57	"GET /uv2582fip2582inf210/documentation_docker.html HTTP/1.1"
2541	2025/01/24 09:49:21	"GET /uv2582fip2582inf210/documentation_rdbms.html HTTP/1.1"
2541	2025/01/24 09:49:53	"GET /uv2582fip2582inf210/practice_postgresql.html HTTP/1.1"
2541	2025/01/24 09:51:01	"GET /uv2582fip2582inf210/practice_docker.html HTTP/1.1"
2541	2025/01/24 11:29:39	"GET /uv2582fip2582inf210/data_home.html HTTP/1.1"
2541	2025/01/24 11:29:55	"GET /uv2582fip2582inf210/lecture_relational_model.html HTTP/1.1"
2541	2025/01/24 11:30:20	"GET /uv2582fip2582inf210/practice_docker.html HTTP/1.1"
2541	2025/01/24 11:51:12	"GET /uv2582fip2582inf210/images/prerequisite_techenv/prerequisite_techenv_2025.html HTTP/1.1"
2541	2025/01/24 12:11:30	"GET /uv2582fip2582inf210/practice_docker_advanced.html HTTP/1.1"
2541	2025/01/31 14:19:37	"GET /uv2582fip2582inf210/lecture_conceptual_modeling.html HTTP/1.1"
2541	2025/01/31 14:44:49	"GET /uv2582fip2582inf210/activity_conceptual_modeling.html HTTP/1.1"
2541	2025/01/31 15:45:09	"GET /uv2582fip2582inf210/activity_conceptual_modeling_correction.html HTTP/1.1"
2541	2025/01/31 16:16:04	"GET /uv2582fip2582inf210/lecture_normalization.html HTTP/1.1"
2541	2025/01/31 16:23:36	"GET /uv2582fip2582inf210/activity_sql.html HTTP/1.1"
2541	2025/03/08 14:52:30	"GET /uv2582fip2582inf210/project_specifications.html HTTP/1.1"
2541	2025/03/08 14:52:43	"GET /uv2582fip2582inf210/project_part3.html HTTP/1.1"
2541	2025/01/30 09:35:51	"GET /uv2582fip2582inf210/data_home.html HTTP/1.1"
2541	2025/01/30 09:37:04	"GET /uv2582fip2582inf210/lecture_relational_model.html HTTP/1.1"
2541	2025/01/30 10:02:33	"GET /uv2582fip2582inf210/lecture_db_integrity.html HTTP/1.1"
2541	2025/01/30 10:04:14	"GET /uv2582fip2582inf210/project_home.html HTTP/1.1"
2541	2025/01/30 10:04:17	"GET /uv2582fip2582inf210/technical_environment_home.html HTTP/1.1"
2541	2025/01/30 10:04:20	"GET /uv2582fip2582inf210/practice_spring.html HTTP/1.1"
2541	2025/01/30 10:29:31	"GET /uv2582fip2582inf210/activity_relational_model.html HTTP/1.1"
2541	2025/01/30 10:44:47	"GET /uv2582fip2582inf210/activity_relational_model_correction.html HTTP/1.1"
2541	2025/01/30 10:46:37	"GET /uv2582fip2582inf210/images/prerequisite_data/prerequisite_data_2025.html HTTP/1.1"
2541	2025/01/30 22:14:54	"GET /uv2582fip2582inf210/lecture_modeling_normalization.html HTTP/1.1"
2541	2025/01/30 22:14:58	"GET /uv2582fip2582inf210/lecture_relational_algebra.html HTTP/1.1"
2541	2025/01/25 10:08:27	"GET /uv2582fip2582inf210/practice_docker.html HTTP/1.1"
2541	2025/01/25 10:08:44	"GET /uv2582fip2582inf210/practice_docker_advanced.html HTTP/1.1"
2541	2025/01/25 10:30:48	"GET /uv2582fip2582inf210/documentation_rdbms.html HTTP/1.1"
2541	2025/01/25 10:31:05	"GET /uv2582fip2582inf210/technical_environment_home.html HTTP/1.1"
2541	2025/01/25 10:31:45	"GET /uv2582fip2582inf210/documentation_programming.html HTTP/1.1"
2541	2025/01/25 10:35:27	"GET /uv2582fip2582inf210/practice_postgresql.html HTTP/1.1"
2541	2025/01/25 13:29:01	"GET /uv2582fip2582inf210/technical_environment_home.html HTTP/1.1"
2541	2025/01/25 13:29:08	"GET /uv2582fip2582inf210/documentation_programming.html HTTP/1.1"
2541	2025/01/25 13:33:25	"GET /uv2582fip2582inf210/practice_spring.html HTTP/1.1"
2541	2025/01/25 13:33:29	"GET /uv2582fip2582inf210/inversion_of_control.html HTTP/1.1"
2541	2025/01/25 13:34:27	"GET /uv2582fip2582inf210/web_architecture_home.html HTTP/1.1"
2541	2025/01/25 13:34:50	"GET /uv2582fip2582inf210/data_home.html HTTP/1.1"
2541	2025/01/25 13:35:09	"GET /uv2582fip2582inf210/project_home.html HTTP/1.1"
2541	2025/01/25 13:40:27	"GET /uv2582fip2582inf210/spring_bean.html HTTP/1.1"
2541	2025/02/02 16:42:33	"GET /uv2582fip2582inf210/data_home.html HTTP/1.1"
2541	2025/02/02 16:42:39	"GET /uv2582fip2582inf210/lecture_normalization.html HTTP/1.1"
2541	2025/02/02 16:58:20	"GET /uv2582fip2582inf210/activity_normalization.html HTTP/1.1"
2541	2025/02/02 16:58:44	"GET /uv2582fip2582inf210/technical_environment_home.html HTTP/1.1"
2541	2025/02/02 17:00:17	"GET /uv2582fip2582inf210/project_home.html HTTP/1.1"
2541	2025/03/14 09:34:07	"GET /uv2582fip2582inf210/technical_environment_home.html HTTP/1.1"
2541	2025/03/14 09:37:17	"GET /uv2582fip2582inf210/documentation_docker.html HTTP/1.1"
2541	2025/03/14 09:37:52	"GET /uv2582fip2582inf210/practice_docker_advanced.html HTTP/1.1"
2541	2025/03/14 09:38:21	"GET /uv2582fip2582inf210/practice_docker.html HTTP/1.1"
2541	2025/03/14 18:52:03	"GET /uv2582fip2582inf210/project_presentation.html HTTP/1.1"
2541	2025/03/14 18:52:12	"GET /uv2582fip2582inf210/project_specifications.html HTTP/1.1"
2541	2025/01/22 14:48:26	"GET /uv2582fip2582inf210/PresentationUVINF210/pres.html HTTP/1.1"
2541	2025/01/22 14:50:17	"GET /uv2582fip2582inf210/PresentationUVINF210/pres.html HTTP/1.1"
2541	2025/03/06 08:42:19	"GET /uv2582fip2582inf210/project_part2.html HTTP/1.1"
2541	2025/02/05 14:11:09	"GET /uv2582fip2582inf210/web_architecture_home.html HTTP/1.1"
2541	2025/02/05 14:12:47	"GET /uv2582fip2582inf210/images/prerequisite_archiweb/prerequisite_archiweb_2025.html HTTP/1.1"
2541	2025/02/05 14:27:05	"GET /uv2582fip2582inf210/lecture_technical_architecture.html HTTP/1.1"
2541	2025/02/05 14:36:00	"GET /uv2582fip2582inf210/lecture_software_architecture.html HTTP/1.1"
2541	2025/02/05 14:52:08	"GET /uv2582fip2582inf210/lecture_dto.html HTTP/1.1"
2541	2025/02/05 14:55:48	"GET /uv2582fip2582inf210/lecture_mvc_spring.html HTTP/1.1"
2541	2025/02/05 16:01:37	"GET /uv2582fip2582inf210/lecture_jpa.html HTTP/1.1"
2541	2025/02/05 16:02:00	"GET /uv2582fip2582inf210/practice_jpa.html HTTP/1.1"
2541	2025/02/10 12:52:16	"GET /uv2582fip2582inf210/data_home.html HTTP/1.1"
2541	2025/02/10 12:52:24	"GET /uv2582fip2582inf210/web_architecture_home.html HTTP/1.1"
2541	2025/02/10 12:52:39	"GET /uv2582fip2582inf210/lecture_jpa.html HTTP/1.1"
2541	2025/02/10 14:20:30	"GET /uv2582fip2582inf210/web_architecture_home.html HTTP/1.1"
2541	2025/02/10 14:20:35	"GET /uv2582fip2582inf210/practice_jpa.html HTTP/1.1"
2541	2025/02/10 15:08:06	"GET /uv2582fip2582inf210/images/prerequisite_archiweb/prerequisite_archiweb_2025.html HTTP/1.1"
2541	2025/02/10 16:44:19	"GET /uv2582fip2582inf210/practice_jpa_advanced.html HTTP/1.1"
2541	2025/02/10 16:44:27	"GET /uv2582fip2582inf210/practice_spring_2tiers.html HTTP/1.1"
2541	2025/03/19 15:10:00	"GET /uv2582fip2582inf210/project_structureui.html HTTP/1.1"
2541	2025/03/03 11:09:53	"GET /uv2582fip2582inf210/project_presentation.html HTTP/1.1"
2541	2025/03/03 11:15:28	"GET /uv2582fip2582inf210/project_specifications.html HTTP/1.1"
2541	2025/03/03 11:18:11	"GET /uv2582fip2582inf210/project_presentation.html HTTP/1.1"
2541	2025/03/03 11:18:21	"GET /uv2582fip2582inf210/project_partie2.html HTTP/1.1"
2541	2025/03/03 11:18:41	"GET /uv2582fip2582inf210/project_part2.html HTTP/1.1"
2541	2025/02/15 16:38:16	"GET /uv2582fip2582inf210/practice_jpa_advanced.html HTTP/1.1"
2541	2025/01/29 14:11:58	"GET /uv2582fip2582inf210/technical_environment_home.html HTTP/1.1"
2541	2025/01/29 14:12:02	"GET /uv2582fip2582inf210/practice_spring.html HTTP/1.1"
2541	2025/01/29 14:12:24	"GET /uv2582fip2582inf210/documentation_programming.html HTTP/1.1"
2541	2025/01/29 14:12:26	"GET /uv2582fip2582inf210/inversion_of_control.html HTTP/1.1"
2541	2025/01/29 14:44:36	"GET /uv2582fip2582inf210/practice_spring.html HTTP/1.1"
2541	2025/02/13 21:01:43	"GET /uv2582fip2582inf210/web_architecture_home.html HTTP/1.1"
2541	2025/02/13 21:03:00	"GET /uv2582fip2582inf210/practice_spring_2tiers.html HTTP/1.1"
