2542	2025/02/27 22:29:25	"GET /uv2582fip2582inf210/data_home.html HTTP/1.1"
2542	2025/02/27 22:29:29	"GET /uv2582fip2582inf210/lecture_normalization.html HTTP/1.1"
2542	2025/04/02 20:12:10	"GET /uv2582fip2582inf210/project_presentation.html HTTP/1.1"
2542	2025/04/02 20:12:16	"GET /uv2582fip2582inf210/project_specifications.html HTTP/1.1"
2542	2025/02/28 21:42:09	"GET /uv2582fip2582inf210/project_presentation.html HTTP/1.1"
2542	2025/02/28 21:42:13	"GET /uv2582fip2582inf210/project_specifications.html HTTP/1.1"
2542	2025/02/21 13:33:27	"GET /uv2582fip2582inf210/data_home.html HTTP/1.1"
2542	2025/02/21 13:34:50	"GET /uv2582fip2582inf210/activity_conceptual_modeling.html HTTP/1.1"
2542	2025/02/21 13:34:56	"GET /uv2582fip2582inf210/activity_decomposition.html HTTP/1.1"
2542	2025/02/21 13:35:19	"GET /uv2582fip2582inf210/activity_normalization.html HTTP/1.1"
2542	2025/02/21 13:35:53	"GET /uv2582fip2582inf210/lecture_independence_views.html HTTP/1.1"
2542	2025/02/21 13:35:57	"GET /uv2582fip2582inf210/lecture_normalization.html HTTP/1.1"
2542	2025/02/21 13:39:00	"GET /uv2582fip2582inf210/practice_independence_views.html HTTP/1.1"
2542	2025/02/21 13:39:47	"GET /uv2582fip2582inf210/lecture_conceptual_modeling.html HTTP/1.1"
2542	2025/02/26 09:54:24	"GET /uv2582fip2582inf210/project_presentation.html HTTP/1.1"
2542	2025/02/26 09:54:37	"GET /uv2582fip2582inf210/project_part1.html HTTP/1.1"
2542	2025/02/26 09:59:45	"GET /uv2582fip2582inf210/project_specifications.html HTTP/1.1"
2542	2025/02/26 10:14:50	"GET /uv2582fip2582inf210/index.html HTTP/1.1"
2542	2025/02/26 10:14:56	"GET /uv2582fip2582inf210/web_architecture_home.html HTTP/1.1"
2542	2025/02/26 10:15:03	"GET /uv2582fip2582inf210/data_home.html HTTP/1.1"
2542	2025/02/26 10:15:09	"GET /uv2582fip2582inf210/lecture_conceptual_modeling.html HTTP/1.1"
2542	2025/02/26 14:12:59	"GET /uv2582fip2582inf210/index.html HTTP/1.1"
2542	2025/02/26 14:13:12	"GET /uv2582fip2582inf210/project_presentation.html HTTP/1.1"
2542	2025/02/26 14:13:18	"GET /uv2582fip2582inf210/project_specifications.html HTTP/1.1"
2542	2025/04/01 11:18:14	"GET /uv2582fip2582inf210/project_presentation.html HTTP/1.1"
2542	2025/04/01 11:20:39	"GET /uv2582fip2582inf210/project_specifications.html HTTP/1.1"
2542	2025/02/24 14:09:08	"GET /uv2582fip2582inf210/project_home.html HTTP/1.1"
2542	2025/03/07 14:25:51	"GET /uv2582fip2582inf210/project_presentation.html HTTP/1.1"
2542	2025/03/07 14:25:54	"GET /uv2582fip2582inf210/project_part2.html HTTP/1.1"
2542	2025/03/12 17:15:52	"GET /uv2582fip2582inf210/data_home.html HTTP/1.1"
2542	2025/03/12 17:15:58	"GET /uv2582fip2582inf210/project_presentation.html HTTP/1.1"
2542	2025/03/12 17:16:04	"GET /uv2582fip2582inf210/project_part2.html HTTP/1.1"
2542	2025/02/03 09:40:32	"GET /uv2582fip2582inf210/data_home.html HTTP/1.1"
2542	2025/02/03 09:40:50	"GET /uv2582fip2582inf210/lecture_transaction.html HTTP/1.1"
2542	2025/02/03 10:06:48	"GET /uv2582fip2582inf210/practice_transaction.html HTTP/1.1"
2542	2025/02/03 11:05:53	"GET /uv2582fip2582inf210/practice_sql.html HTTP/1.1"
2542	2025/02/03 11:31:40	"GET /uv2582fip2582inf210/practice_transaction_correction.html HTTP/1.1"
2542	2025/02/03 11:32:17	"GET /uv2582fip2582inf210/index.html HTTP/1.1"
2542	2025/02/03 11:32:23	"GET /uv2582fip2582inf210/project_home.html HTTP/1.1"
2542	2025/02/03 11:32:30	"GET /uv2582fip2582inf210/web_architecture_home.html HTTP/1.1"
2542	2025/02/03 11:36:04	"GET /uv2582fip2582inf210/lecture_technical_architecture.html HTTP/1.1"
2542	2025/02/03 11:40:11	"GET /uv2582fip2582inf210/lecture_software_architecture.html HTTP/1.1"
2542	2025/02/03 11:44:19	"GET /uv2582fip2582inf210/lecture_dto.html HTTP/1.1"
2542	2025/02/03 11:52:17	"GET /uv2582fip2582inf210/lecture_mvc_spring.html HTTP/1.1"
2542	2025/01/24 09:36:30	"GET /uv2582fip2582inf210/technical_environment_home.html HTTP/1.1"
2542	2025/01/24 10:00:26	"GET /uv2582fip2582inf210/documentation_docker.html HTTP/1.1"
2542	2025/01/24 10:31:28	"GET /uv2582fip2582inf210/practice_docker.html HTTP/1.1"
2542	2025/01/24 11:21:18	"GET /uv2582fip2582inf210/practice_postgresql.html HTTP/1.1"
2542	2025/01/24 11:50:37	"GET /uv2582fip2582inf210/practice_docker_advanced.html HTTP/1.1"
2542	2025/01/24 11:51:47	"GET /uv2582fip2582inf210/documentation_rdbms.html HTTP/1.1"
2542	2025/01/24 14:32:52	"GET /uv2582fip2582inf210/documentation_programming.html HTTP/1.1"
2542	2025/01/24 14:33:30	"GET /uv2582fip2582inf210/inversion_of_control.html HTTP/1.1"
2542	2025/01/24 14:49:35	"GET /uv2582fip2582inf210/spring_bean.html HTTP/1.1"
2542	2025/01/24 15:08:45	"GET /uv2582fip2582inf210/practice_spring.html HTTP/1.1"
2542	2025/01/31 14:09:21	"GET /uv2582fip2582inf210/lecture_normalization.html HTTP/1.1"
2542	2025/01/31 14:20:07	"GET /uv2582fip2582inf210/activity_decomposition.html HTTP/1.1"
2542	2025/01/31 14:27:16	"GET /uv2582fip2582inf210/activity_normalization.html HTTP/1.1"
2542	2025/01/31 15:44:30	"GET /uv2582fip2582inf210/activity_normalization_correction.html HTTP/1.1"
2542	2025/01/31 15:45:14	"GET /uv2582fip2582inf210/activity_sql.html HTTP/1.1"
2542	2025/01/31 15:51:04	"GET /uv2582fip2582inf210/activity_sql_correction.html HTTP/1.1"
2542	2025/01/31 16:17:38	"GET /uv2582fip2582inf210/practice_sql.html HTTP/1.1"
2542	2025/01/30 09:32:01	"GET /uv2582fip2582inf210/web_architecture_home.html HTTP/1.1"
2542	2025/01/30 09:32:36	"GET /uv2582fip2582inf210/lecture_technical_architecture.html HTTP/1.1"
2542	2025/01/30 09:36:49	"GET /uv2582fip2582inf210/lecture_xml.html HTTP/1.1"
2542	2025/01/30 09:37:27	"GET /uv2582fip2582inf210/data_home.html HTTP/1.1"
2542	2025/01/30 09:37:30	"GET /uv2582fip2582inf210/lecture_relational_model.html HTTP/1.1"
2542	2025/01/30 09:40:39	"GET /uv2582fip2582inf210/lecture_db_integrity.html HTTP/1.1"
2542	2025/01/30 09:43:41	"GET /uv2582fip2582inf210/lecture_relational_algebra.html HTTP/1.1"
2542	2025/01/30 09:50:32	"GET /uv2582fip2582inf210/activity_relational_model.html HTTP/1.1"
2542	2025/01/30 11:46:15	"GET /uv2582fip2582inf210/activity_relational_model_correction.html HTTP/1.1"
2542	2025/01/30 11:49:56	"GET /uv2582fip2582inf210/index.html HTTP/1.1"
2542	2025/01/30 11:50:10	"GET /uv2582fip2582inf210/lecture_modeling_normalization.html HTTP/1.1"
2542	2025/01/30 11:54:08	"GET /uv2582fip2582inf210/lecture_conceptual_modeling.html HTTP/1.1"
2542	2025/01/30 12:05:01	"GET /uv2582fip2582inf210/activity_conceptual_modeling.html HTTP/1.1"
2542	2025/03/14 09:37:08	"GET /uv2582fip2582inf210/project_presentation.html HTTP/1.1"
2542	2025/03/14 09:37:12	"GET /uv2582fip2582inf210/project_part3.html HTTP/1.1"
2542	2025/01/22 14:52:54	"GET /uv2582fip2582inf210/technical_environment_home.html HTTP/1.1"
2542	2025/03/13 15:36:51	"GET /uv2582fip2582inf210/project_presentation.html HTTP/1.1"
2542	2025/03/13 15:36:54	"GET /uv2582fip2582inf210/project_part2.html HTTP/1.1"
2542	2025/03/06 23:32:46	"GET /uv2582fip2582inf210/project_presentation.html HTTP/1.1"
2542	2025/03/06 23:32:49	"GET /uv2582fip2582inf210/project_part2.html HTTP/1.1"
2542	2025/03/07 00:45:48	"GET /uv2582fip2582inf210/project_part1.html HTTP/1.1"
2542	2025/02/05 14:06:08	"GET /uv2582fip2582inf210/web_architecture_home.html HTTP/1.1"
2542	2025/02/05 14:06:17	"GET /uv2582fip2582inf210/lecture_software_architecture.html HTTP/1.1"
2542	2025/02/05 14:06:24	"GET /uv2582fip2582inf210/lecture_dto.html HTTP/1.1"
2542	2025/02/05 14:06:30	"GET /uv2582fip2582inf210/lecture_mvc_spring.html HTTP/1.1"
2542	2025/02/05 14:16:37	"GET /uv2582fip2582inf210/lecture_jpa.html HTTP/1.1"
2542	2025/02/05 14:41:37	"GET /uv2582fip2582inf210/practice_jpa.html HTTP/1.1"
2542	2025/02/10 14:04:37	"GET /uv2582fip2582inf210/data_home.html HTTP/1.1"
2542	2025/02/10 14:05:10	"GET /uv2582fip2582inf210/web_architecture_home.html HTTP/1.1"
2542	2025/02/10 14:05:25	"GET /uv2582fip2582inf210/practice_jpa_advanced.html HTTP/1.1"
2542	2025/02/10 14:19:06	"GET /uv2582fip2582inf210/lecture_conceptual_modeling.html HTTP/1.1"
2542	2025/02/10 14:19:10	"GET /uv2582fip2582inf210/activity_normalization.html HTTP/1.1"
2542	2025/02/10 14:19:17	"GET /uv2582fip2582inf210/lecture_normalization.html HTTP/1.1"
2542	2025/02/10 14:19:53	"GET /uv2582fip2582inf210/activity_conceptual_modeling.html HTTP/1.1"
2542	2025/02/10 14:19:59	"GET /uv2582fip2582inf210/lecture_independence_views.html HTTP/1.1"
2542	2025/02/10 14:32:51	"GET /uv2582fip2582inf210/index.html HTTP/1.1"
2542	2025/02/10 14:52:21	"GET /uv2582fip2582inf210/lecture_modeling_normalization.html HTTP/1.1"
2542	2025/02/10 15:43:24	"GET /uv2582fip2582inf210/lecture_transaction.html HTTP/1.1"
2542	2025/03/19 22:02:58	"GET /uv2582fip2582inf210/project_presentation.html HTTP/1.1"
2542	2025/03/19 22:03:02	"GET /uv2582fip2582inf210/project_specifications.html HTTP/1.1"
2542	2025/02/12 09:35:58	"GET /uv2582fip2582inf210/index.html HTTP/1.1"
2542	2025/02/12 09:36:17	"GET /uv2582fip2582inf210/practice_jpa.html HTTP/1.1"
2542	2025/02/12 11:49:37	"GET /uv2582fip2582inf210/practice_jpa_advanced.html HTTP/1.1"
2542	2025/02/12 12:10:40	"GET /uv2582fip2582inf210/practice_spring_2tiers.html HTTP/1.1"
2542	2025/02/12 14:51:15	"GET /uv2582fip2582inf210/technical_environment_home.html HTTP/1.1"
2542	2025/02/12 14:51:20	"GET /uv2582fip2582inf210/inversion_of_control.html HTTP/1.1"
2542	2025/03/11 17:27:49	"GET /uv2582fip2582inf210/web_architecture_home.html HTTP/1.1"
2542	2025/03/11 17:27:57	"GET /uv2582fip2582inf210/practice_jpa.html HTTP/1.1"
2542	2025/03/11 17:30:52	"GET /uv2582fip2582inf210/practice_jpa_advanced.html HTTP/1.1"
2542	2025/03/11 17:53:58	"GET /uv2582fip2582inf210/index.html HTTP/1.1"
2542	2025/03/11 17:54:00	"GET /uv2582fip2582inf210/project_presentation.html HTTP/1.1"
2542	2025/03/11 17:54:04	"GET /uv2582fip2582inf210/project_part2.html HTTP/1.1"
2542	2025/03/03 11:08:53	"GET /uv2582fip2582inf210/project_presentation.html HTTP/1.1"
2542	2025/03/03 11:16:59	"GET /uv2582fip2582inf210/project_part1.html HTTP/1.1"
2542	2025/03/03 11:30:08	"GET /uv2582fip2582inf210/project_evaluation.html HTTP/1.1"
2542	2025/03/03 11:30:32	"GET /uv2582fip2582inf210/project_part2.html HTTP/1.1"
2542	2025/02/14 09:40:46	"GET /uv2582fip2582inf210/web_architecture_home.html HTTP/1.1"
2542	2025/02/14 09:40:51	"GET /uv2582fip2582inf210/lecture_xml.html HTTP/1.1"
2542	2025/02/14 09:42:57	"GET /uv2582fip2582inf210/web_architecture_home.html HTTP/1.1"
2542	2025/02/14 09:43:03	"GET /uv2582fip2582inf210/lecture_xml.html HTTP/1.1"
2542	2025/02/14 09:44:45	"GET /uv2582fip2582inf210/index.html HTTP/1.1"
2542	2025/02/14 09:47:52	"GET /uv2582fip2582inf210/lecture_json.html HTTP/1.1"
2542	2025/02/14 09:49:25	"GET /uv2582fip2582inf210/practice_json.html HTTP/1.1"
2542	2025/03/17 01:34:33	"GET /uv2582fip2582inf210/project_presentation.html HTTP/1.1"
2542	2025/03/17 01:34:42	"GET /uv2582fip2582inf210/project_part3.html HTTP/1.1"
2542	2025/03/17 01:57:41	"GET /uv2582fip2582inf210/project_structureui.html HTTP/1.1"
2542	2025/03/17 02:21:46	"GET /uv2582fip2582inf210/project_specifications.html HTTP/1.1"
2542	2025/03/17 02:21:48	"GET /uv2582fip2582inf210/project_task_time.html HTTP/1.1"
2542	2025/01/29 14:59:19	"GET /uv2582fip2582inf210/project_home.html HTTP/1.1"
2542	2025/03/05 09:39:47	"GET /uv2582fip2582inf210/project_presentation.html HTTP/1.1"
2542	2025/03/05 09:39:50	"GET /uv2582fip2582inf210/project_part2.html HTTP/1.1"
