2543	2025/02/27 19:27:24	"GET /uv2582fip2582inf210/index.html HTTP/1.1"
2543	2025/02/27 19:27:28	"GET /uv2582fip2582inf210/project_presentation.html HTTP/1.1"
2543	2025/02/27 19:27:33	"GET /uv2582fip2582inf210/project_evaluation.html HTTP/1.1"
2543	2025/02/27 19:27:42	"GET /uv2582fip2582inf210/project_part1.html HTTP/1.1"
2543	2025/02/27 19:33:00	"GET /uv2582fip2582inf210/project_specifications.html HTTP/1.1"
2543	2025/02/27 19:38:14	"GET /uv2582fip2582inf210/project_task_time.html HTTP/1.1"
2543	2025/03/24 09:43:43	"GET /uv2582fip2582inf210/index.html HTTP/1.1"
2543	2025/03/24 09:43:47	"GET /uv2582fip2582inf210/web_architecture_home.html HTTP/1.1"
2543	2025/03/24 09:43:50	"GET /uv2582fip2582inf210/data_home.html HTTP/1.1"
2543	2025/03/24 09:44:00	"GET /uv2582fip2582inf210/images/prerequisite_data/prerequisite_data_2025.html HTTP/1.1"
2543	2025/03/24 09:44:02	"GET /uv2582fip2582inf210/lecture_conceptual_modeling.html HTTP/1.1"
2543	2025/05/14 14:09:48	"GET /uv2582fip2582inf210/project_presentation.html HTTP/1.1"
2543	2025/05/14 14:10:00	"GET /uv2582fip2582inf210/project_evaluation.html HTTP/1.1"
2543	2025/02/28 12:51:27	"GET /uv2582fip2582inf210/index.html HTTP/1.1"
2543	2025/02/28 12:51:30	"GET /uv2582fip2582inf210/project_presentation.html HTTP/1.1"
2543	2025/02/28 12:51:38	"GET /uv2582fip2582inf210/project_task_time.html HTTP/1.1"
2543	2025/02/28 20:46:36	"GET /uv2582fip2582inf210/index.html HTTP/1.1"
2543	2025/02/28 20:46:40	"GET /uv2582fip2582inf210/project_presentation.html HTTP/1.1"
2543	2025/02/28 20:46:53	"GET /uv2582fip2582inf210/project_evaluation.html HTTP/1.1"
2543	2025/02/28 20:48:58	"GET /uv2582fip2582inf210/web_architecture_home.html HTTP/1.1"
2543	2025/02/28 20:49:06	"GET /uv2582fip2582inf210/practice_jpa_advanced.html HTTP/1.1"
2543	2025/02/28 20:49:19	"GET /uv2582fip2582inf210/practice_spring_2tiers.html HTTP/1.1"
2543	2025/02/28 20:49:22	"GET /uv2582fip2582inf210/lecture_jpa.html HTTP/1.1"
2543	2025/02/28 20:49:23	"GET /uv2582fip2582inf210/practice_jpa.html HTTP/1.1"
2543	2025/02/28 20:50:19	"GET /uv2582fip2582inf210/lecture_dto.html HTTP/1.1"
2543	2025/02/28 20:50:25	"GET /uv2582fip2582inf210/practice_xml.html HTTP/1.1"
2543	2025/02/28 20:50:31	"GET /uv2582fip2582inf210/practice_schema_xml.html HTTP/1.1"
2543	2025/02/28 20:50:35	"GET /uv2582fip2582inf210/lecture_json.html HTTP/1.1"
2543	2025/02/28 20:50:36	"GET /uv2582fip2582inf210/practice_json.html HTTP/1.1"
2543	2025/02/28 20:50:41	"GET /uv2582fip2582inf210/practice_spring_2tiers_ext.html HTTP/1.1"
2543	2025/02/28 20:57:47	"GET /uv2582fip2582inf210/project_part1.html HTTP/1.1"
2543	2025/02/28 20:57:58	"GET /uv2582fip2582inf210/project_part2.html HTTP/1.1"
2543	2025/02/28 22:37:45	"GET /uv2582fip2582inf210/project_part1.html HTTP/1.1"
2543	2025/02/21 13:54:36	"GET /uv2582fip2582inf210/index.html HTTP/1.1"
2543	2025/02/21 13:54:42	"GET /uv2582fip2582inf210/data_home.html HTTP/1.1"
2543	2025/02/21 13:54:44	"GET /uv2582fip2582inf210/images/prerequisite_data/prerequisite_data_2025.html HTTP/1.1"
2543	2025/02/21 13:54:51	"GET /uv2582fip2582inf210/activity_normalization.html HTTP/1.1"
2543	2025/02/21 13:54:54	"GET /uv2582fip2582inf210/lecture_normalization.html HTTP/1.1"
2543	2025/02/21 14:02:07	"GET /uv2582fip2582inf210/index.html HTTP/1.1"
2543	2025/02/21 14:02:11	"GET /uv2582fip2582inf210/data_home.html HTTP/1.1"
2543	2025/02/21 14:02:15	"GET /uv2582fip2582inf210/lecture_normalization.html HTTP/1.1"
2543	2025/02/21 14:52:47	"GET /uv2582fip2582inf210/index.html HTTP/1.1"
2543	2025/02/26 09:51:07	"GET /uv2582fip2582inf210/index.html HTTP/1.1"
2543	2025/02/26 09:51:15	"GET /uv2582fip2582inf210/project_presentation.html HTTP/1.1"
2543	2025/02/26 09:52:35	"GET /uv2582fip2582inf210/project_specifications.html HTTP/1.1"
2543	2025/02/26 10:00:14	"GET /uv2582fip2582inf210/data_home.html HTTP/1.1"
2543	2025/02/26 10:00:23	"GET /uv2582fip2582inf210/lecture_conceptual_modeling.html HTTP/1.1"
2543	2025/02/26 13:33:18	"GET /uv2582fip2582inf210/activity_conceptual_modeling.html HTTP/1.1"
2543	2025/02/26 13:36:32	"GET /uv2582fip2582inf210/project_evaluation.html HTTP/1.1"
2543	2025/02/26 13:49:36	"GET /uv2582fip2582inf210/project_specifications.html HTTP/1.1"
2543	2025/02/24 14:05:44	"GET /uv2582fip2582inf210/index.html HTTP/1.1"
2543	2025/02/24 14:06:06	"GET /uv2582fip2582inf210/project_home.html HTTP/1.1"
2543	2025/03/20 01:00:44	"GET /uv2582fip2582inf210/index.html HTTP/1.1"
2543	2025/03/21 09:44:11	"GET /uv2582fip2582inf210/index.html HTTP/1.1"
2543	2025/03/21 10:08:52	"GET /uv2582fip2582inf210/project_presentation.html HTTP/1.1"
2543	2025/03/07 14:04:31	"GET /uv2582fip2582inf210/index.html HTTP/1.1"
2543	2025/03/07 14:04:53	"GET /uv2582fip2582inf210/project_presentation.html HTTP/1.1"
2543	2025/03/07 14:04:56	"GET /uv2582fip2582inf210/project_part2.html HTTP/1.1"
2543	2025/03/12 12:59:51	"GET /uv2582fip2582inf210/index.html HTTP/1.1"
2543	2025/03/12 13:00:06	"GET /uv2582fip2582inf210/project_presentation.html HTTP/1.1"
2543	2025/03/12 13:00:11	"GET /uv2582fip2582inf210/project_specifications.html HTTP/1.1"
2543	2025/03/12 15:18:05	"GET /uv2582fip2582inf210/index.html HTTP/1.1"
2543	2025/03/12 15:18:15	"GET /uv2582fip2582inf210/project_presentation.html HTTP/1.1"
2543	2025/03/12 15:18:18	"GET /uv2582fip2582inf210/project_specifications.html HTTP/1.1"
2543	2025/02/03 14:14:06	"GET /uv2582fip2582inf210/index.html HTTP/1.1"
2543	2025/02/03 14:14:13	"GET /uv2582fip2582inf210/data_home.html HTTP/1.1"
2543	2025/02/03 14:14:15	"GET /uv2582fip2582inf210/images/prerequisite_data/prerequisite_data_2025.html HTTP/1.1"
2543	2025/02/03 14:18:00	"GET /uv2582fip2582inf210/lecture_modeling_normalization.html HTTP/1.1"
2543	2025/02/03 14:32:47	"GET /uv2582fip2582inf210/lecture_conceptual_modeling.html HTTP/1.1"
2543	2025/02/03 15:08:00	"GET /uv2582fip2582inf210/activity_conceptual_modeling.html HTTP/1.1"
2543	2025/02/03 15:50:37	"GET /uv2582fip2582inf210/activity_conceptual_modeling_correction.html HTTP/1.1"
2543	2025/02/03 16:12:15	"GET /uv2582fip2582inf210/lecture_normalization.html HTTP/1.1"
2543	2025/01/24 09:36:14	"GET /uv2582fip2582inf210/technical_environment_home.html HTTP/1.1"
2543	2025/01/24 09:37:14	"GET /uv2582fip2582inf210/index.html HTTP/1.1"
2543	2025/01/24 09:53:36	"GET /uv2582fip2582inf210/images/prerequisite_techenv/prerequisite_techenv_2025.html HTTP/1.1"
2543	2025/01/24 09:53:48	"GET /uv2582fip2582inf210/documentation_docker.html HTTP/1.1"
2543	2025/01/24 10:35:23	"GET /uv2582fip2582inf210/practice_docker.html HTTP/1.1"
2543	2025/01/24 11:15:58	"GET /uv2582fip2582inf210/documentation_programming.html HTTP/1.1"
2543	2025/01/24 21:23:27	"GET /uv2582fip2582inf210/index.html HTTP/1.1"
2543	2025/01/24 21:23:34	"GET /uv2582fip2582inf210/technical_environment_home.html HTTP/1.1"
2543	2025/01/31 14:05:39	"GET /uv2582fip2582inf210/lecture_relational_algebra.html HTTP/1.1"
2543	2025/01/31 14:24:04	"GET /uv2582fip2582inf210/lecture_modeling_normalization.html HTTP/1.1"
2543	2025/01/31 14:30:53	"GET /uv2582fip2582inf210/lecture_conceptual_modeling.html HTTP/1.1"
2543	2025/01/30 09:45:47	"GET /uv2582fip2582inf210/data_home.html HTTP/1.1"
2543	2025/01/30 09:57:00	"GET /uv2582fip2582inf210/technical_environment_home.html HTTP/1.1"
2543	2025/01/30 10:08:27	"GET /uv2582fip2582inf210/images/prerequisite_data/prerequisite_data_2025.html HTTP/1.1"
2543	2025/01/30 10:08:28	"GET /uv2582fip2582inf210/lecture_relational_model.html HTTP/1.1"
2543	2025/01/30 20:44:21	"GET /uv2582fip2582inf210/index.html HTTP/1.1"
2543	2025/01/30 20:44:26	"GET /uv2582fip2582inf210/images/prerequisite_data/prerequisite_data_2025.html HTTP/1.1"
2543	2025/01/30 20:45:35	"GET /uv2582fip2582inf210/lecture_relational_model.html HTTP/1.1"
2543	2025/01/30 20:50:53	"GET /uv2582fip2582inf210/lecture_db_integrity.html HTTP/1.1"
2543	2025/01/30 20:56:22	"GET /uv2582fip2582inf210/activity_relational_model.html HTTP/1.1"
2543	2025/01/30 21:05:49	"GET /uv2582fip2582inf210/activity_relational_model_correction.html HTTP/1.1"
2543	2025/03/09 11:08:32	"GET /uv2582fip2582inf210/index.html HTTP/1.1"
2543	2025/03/09 11:08:36	"GET /uv2582fip2582inf210/project_presentation.html HTTP/1.1"
2543	2025/03/14 10:06:03	"GET /uv2582fip2582inf210/index.html HTTP/1.1"
2543	2025/03/14 10:06:07	"GET /uv2582fip2582inf210/project_presentation.html HTTP/1.1"
2543	2025/03/14 10:06:11	"GET /uv2582fip2582inf210/project_part3.html HTTP/1.1"
2543	2025/03/14 11:14:03	"GET /uv2582fip2582inf210/project_specifications.html HTTP/1.1"
2543	2025/03/14 14:06:46	"GET /uv2582fip2582inf210/index.html HTTP/1.1"
2543	2025/01/22 18:47:41	"GET /uv2582fip2582inf210/technical_environment_home.html HTTP/1.1"
2543	2025/01/22 18:47:47	"GET /uv2582fip2582inf210/documentation_docker.html HTTP/1.1"
2543	2025/01/22 18:47:59	"GET /uv2582fip2582inf210/web_architecture_home.html HTTP/1.1"
2543	2025/01/22 18:48:03	"GET /uv2582fip2582inf210/index.html HTTP/1.1"
2543	2025/02/05 14:10:49	"GET /uv2582fip2582inf210/index.html HTTP/1.1"
2543	2025/02/05 14:10:54	"GET /uv2582fip2582inf210/web_architecture_home.html HTTP/1.1"
2543	2025/02/10 14:14:23	"GET /uv2582fip2582inf210/index.html HTTP/1.1"
2543	2025/02/10 14:33:49	"GET /uv2582fip2582inf210/web_architecture_home.html HTTP/1.1"
2543	2025/02/10 14:33:52	"GET /uv2582fip2582inf210/images/prerequisite_archiweb/prerequisite_archiweb_2025.html HTTP/1.1"
2543	2025/02/10 15:01:26	"GET /uv2582fip2582inf210/data_home.html HTTP/1.1"
2543	2025/02/10 15:01:30	"GET /uv2582fip2582inf210/images/prerequisite_data/prerequisite_data_2025.html HTTP/1.1"
2543	2025/02/10 15:01:38	"GET /uv2582fip2582inf210/lecture_normalization.html HTTP/1.1"
2543	2025/03/19 08:07:35	"GET /uv2582fip2582inf210/index.html HTTP/1.1"
2543	2025/03/19 08:08:46	"GET /uv2582fip2582inf210/project_presentation.html HTTP/1.1"
2543	2025/03/19 08:08:48	"GET /uv2582fip2582inf210/project_evaluation.html HTTP/1.1"
2543	2025/03/19 10:20:00	"GET /uv2582fip2582inf210/index.html HTTP/1.1"
2543	2025/03/19 10:20:04	"GET /uv2582fip2582inf210/project_presentation.html HTTP/1.1"
2543	2025/03/19 10:20:08	"GET /uv2582fip2582inf210/project_specifications.html HTTP/1.1"
2543	2025/03/19 14:12:03	"GET /uv2582fip2582inf210/project_specifications.html HTTP/1.1"
2543	2025/03/19 14:38:33	"GET /uv2582fip2582inf210/project_specifications.html HTTP/1.1"
2543	2025/03/11 13:06:25	"GET /uv2582fip2582inf210/project_presentation.html HTTP/1.1"
2543	2025/03/11 13:06:30	"GET /uv2582fip2582inf210/project_part3.html HTTP/1.1"
2543	2025/03/11 13:06:52	"GET /uv2582fip2582inf210/project_specifications.html HTTP/1.1"
2543	2025/01/27 20:43:09	"GET /uv2582fip2582inf210/index.html HTTP/1.1"
2543	2025/01/27 20:43:12	"GET /uv2582fip2582inf210/technical_environment_home.html HTTP/1.1"
2543	2025/01/27 20:43:17	"GET /uv2582fip2582inf210/images/prerequisite_techenv/prerequisite_techenv_2025.html HTTP/1.1"
2543	2025/01/27 20:43:19	"GET /uv2582fip2582inf210/practice_docker.html HTTP/1.1"
2543	2025/01/27 21:04:45	"GET /uv2582fip2582inf210/practice_postgresql.html HTTP/1.1"
2543	2025/01/27 21:08:50	"GET /uv2582fip2582inf210/documentation_programming.html HTTP/1.1"
2543	2025/01/27 21:09:21	"GET /uv2582fip2582inf210/practice_spring.html HTTP/1.1"
2543	2025/03/03 11:28:45	"GET /uv2582fip2582inf210/index.html HTTP/1.1"
2543	2025/03/03 11:28:49	"GET /uv2582fip2582inf210/project_presentation.html HTTP/1.1"
2543	2025/03/03 11:28:52	"GET /uv2582fip2582inf210/project_part2.html HTTP/1.1"
2543	2025/03/03 13:00:52	"GET /uv2582fip2582inf210/web_architecture_home.html HTTP/1.1"
2543	2025/03/03 13:00:59	"GET /uv2582fip2582inf210/practice_jpa_advanced.html HTTP/1.1"
2543	2025/03/03 13:01:03	"GET /uv2582fip2582inf210/practice_spring_2tiers_ext.html HTTP/1.1"
2543	2025/03/03 19:45:26	"GET /uv2582fip2582inf210/project_presentation.html HTTP/1.1"
2543	2025/03/03 20:02:38	"GET /uv2582fip2582inf210/project_part2.html HTTP/1.1"
2543	2025/03/03 20:05:31	"GET /uv2582fip2582inf210/web_architecture_home.html HTTP/1.1"
2543	2025/03/03 20:05:35	"GET /uv2582fip2582inf210/practice_jpa_advanced.html HTTP/1.1"
2543	2025/03/03 20:05:42	"GET /uv2582fip2582inf210/practice_spring_2tiers.html HTTP/1.1"
2543	2025/03/03 20:05:46	"GET /uv2582fip2582inf210/practice_jpa.html HTTP/1.1"
2543	2025/03/03 20:05:48	"GET /uv2582fip2582inf210/practice_spring_2tiers_ext.html HTTP/1.1"
2543	2025/02/14 09:40:57	"GET /uv2582fip2582inf210/index.html HTTP/1.1"
2543	2025/02/14 09:42:12	"GET /uv2582fip2582inf210/web_architecture_home.html HTTP/1.1"
2543	2025/02/14 09:42:14	"GET /uv2582fip2582inf210/images/prerequisite_archiweb/prerequisite_archiweb_2025.html HTTP/1.1"
2543	2025/02/14 09:42:22	"GET /uv2582fip2582inf210/practice_jpa.html HTTP/1.1"
2543	2025/03/17 12:41:04	"GET /uv2582fip2582inf210/index.html HTTP/1.1"
2543	2025/03/17 12:41:14	"GET /uv2582fip2582inf210/project_presentation.html HTTP/1.1"
2543	2025/03/17 12:41:17	"GET /uv2582fip2582inf210/project_specifications.html HTTP/1.1"
2543	2025/03/17 12:41:21	"GET /uv2582fip2582inf210/project_evaluation.html HTTP/1.1"
2543	2025/01/29 14:06:13	"GET /uv2582fip2582inf210/index.html HTTP/1.1"
2543	2025/01/29 14:06:16	"GET /uv2582fip2582inf210/technical_environment_home.html HTTP/1.1"
2543	2025/01/29 14:06:18	"GET /uv2582fip2582inf210/images/prerequisite_techenv/prerequisite_techenv_2025.html HTTP/1.1"
2543	2025/03/05 17:39:33	"GET /uv2582fip2582inf210/index.html HTTP/1.1"
2543	2025/03/05 17:39:37	"GET /uv2582fip2582inf210/project_presentation.html HTTP/1.1"
2543	2025/03/05 18:09:41	"GET /uv2582fip2582inf210/project_part2.html HTTP/1.1"
2543	2025/03/10 13:02:36	"GET /uv2582fip2582inf210/index.html HTTP/1.1"
2543	2025/03/10 13:02:40	"GET /uv2582fip2582inf210/project_presentation.html HTTP/1.1"
2543	2025/03/10 13:02:46	"GET /uv2582fip2582inf210/project_structureui.html HTTP/1.1"
2543	2025/03/10 13:02:49	"GET /uv2582fip2582inf210/project_part3.html HTTP/1.1"
2543	2025/03/10 19:01:30	"GET /uv2582fip2582inf210/project_part2.html HTTP/1.1"
2543	2025/03/10 22:03:00	"GET /uv2582fip2582inf210/web_architecture_home.html HTTP/1.1"
2543	2025/03/10 22:03:10	"GET /uv2582fip2582inf210/images/prerequisite_archiweb/prerequisite_archiweb_2025.html HTTP/1.1"
2543	2025/03/10 22:03:12	"GET /uv2582fip2582inf210/practice_spring_2tiers.html HTTP/1.1"
2543	2025/03/10 22:03:24	"GET /uv2582fip2582inf210/practice_jpa.html HTTP/1.1"
2543	2025/03/10 22:03:36	"GET /uv2582fip2582inf210/practice_jpa_advanced.html HTTP/1.1"
2543	2025/03/10 22:32:02	"GET /uv2582fip2582inf210/project_part3.html HTTP/1.1"
2543	2025/03/10 22:32:31	"GET /uv2582fip2582inf210/project_specifications.html HTTP/1.1"
