2544	2025/02/28 18:01:27	"GET /uv2582fip2582inf210/project_presentation.html HTTP/1.1"
2544	2025/02/28 18:01:30	"GET /uv2582fip2582inf210/project_part1.html HTTP/1.1"
2544	2025/02/28 18:01:59	"GET /uv2582fip2582inf210/project_specifications.html HTTP/1.1"
2544	2025/02/28 18:13:30	"GET /uv2582fip2582inf210/data_home.html HTTP/1.1"
2544	2025/02/28 18:13:48	"GET /uv2582fip2582inf210/project_task_time.html HTTP/1.1"
2544	2025/02/28 18:14:06	"GET /uv2582fip2582inf210/activity_decomposition.html HTTP/1.1"
2544	2025/02/28 18:14:09	"GET /uv2582fip2582inf210/activity_decomposition_correction.html HTTP/1.1"
2544	2025/02/28 18:14:14	"GET /uv2582fip2582inf210/activity_conceptual_modeling.html HTTP/1.1"
2544	2025/02/28 18:14:16	"GET /uv2582fip2582inf210/activity_conceptual_modeling_correction.html HTTP/1.1"
2544	2025/02/28 18:35:15	"GET /uv2582fip2582inf210/project_part1.html HTTP/1.1"
2544	2025/02/28 18:39:44	"GET /uv2582fip2582inf210/web_architecture_home.html HTTP/1.1"
2544	2025/02/28 18:39:46	"GET /uv2582fip2582inf210/practice_jpa.html HTTP/1.1"
2544	2025/02/21 14:02:47	"GET /uv2582fip2582inf210/data_home.html HTTP/1.1"
2544	2025/02/21 14:02:54	"GET /uv2582fip2582inf210/lecture_conceptual_modeling.html HTTP/1.1"
2544	2025/02/21 14:03:12	"GET /uv2582fip2582inf210/activity_normalization.html HTTP/1.1"
2544	2025/02/21 14:05:11	"GET /uv2582fip2582inf210/activity_decomposition.html HTTP/1.1"
2544	2025/02/21 14:57:54	"GET /uv2582fip2582inf210/index.html HTTP/1.1"
2544	2025/02/21 14:58:00	"GET /uv2582fip2582inf210/practice_jpa.html HTTP/1.1"
2544	2025/02/21 14:58:02	"GET /uv2582fip2582inf210/practice_spring_2tiers.html HTTP/1.1"
2544	2025/02/26 09:51:53	"GET /uv2582fip2582inf210/project_presentation.html HTTP/1.1"
2544	2025/02/26 10:00:18	"GET /uv2582fip2582inf210/project_evaluation.html HTTP/1.1"
2544	2025/02/26 10:00:57	"GET /uv2582fip2582inf210/project_specifications.html HTTP/1.1"
2544	2025/02/26 10:01:30	"GET /uv2582fip2582inf210/project_task_time.html HTTP/1.1"
2544	2025/02/26 10:01:38	"GET /uv2582fip2582inf210/project_part1.html HTTP/1.1"
2544	2025/02/26 13:30:57	"GET /uv2582fip2582inf210/project_presentation.html HTTP/1.1"
2544	2025/02/26 13:31:34	"GET /uv2582fip2582inf210/project_part1.html HTTP/1.1"
2544	2025/02/26 14:09:55	"GET /uv2582fip2582inf210/data_home.html HTTP/1.1"
2544	2025/02/26 14:09:59	"GET /uv2582fip2582inf210/activity_conceptual_modeling.html HTTP/1.1"
2544	2025/02/26 14:10:08	"GET /uv2582fip2582inf210/lecture_normalization.html HTTP/1.1"
2544	2025/02/26 14:10:24	"GET /uv2582fip2582inf210/activity_normalization.html HTTP/1.1"
2544	2025/02/26 14:10:28	"GET /uv2582fip2582inf210/activity_decomposition.html HTTP/1.1"
2544	2025/02/26 14:13:43	"GET /uv2582fip2582inf210/activity_conceptual_modeling_correction.html HTTP/1.1"
2544	2025/02/24 14:05:44	"GET /uv2582fip2582inf210/project_home.html HTTP/1.1"
2544	2025/02/24 14:57:43	"GET /uv2582fip2582inf210/data_home.html HTTP/1.1"
2544	2025/03/20 09:38:02	"GET /uv2582fip2582inf210/project_presentation.html HTTP/1.1"
2544	2025/03/20 09:38:10	"GET /uv2582fip2582inf210/project_specifications.html HTTP/1.1"
2544	2025/03/21 09:42:22	"GET /uv2582fip2582inf210/project_task_time.html HTTP/1.1"
2544	2025/03/21 09:42:25	"GET /uv2582fip2582inf210/project_part3.html HTTP/1.1"
2544	2025/03/21 09:42:39	"GET /uv2582fip2582inf210/project_structureui.html HTTP/1.1"
2544	2025/02/04 16:36:24	"GET /uv2582fip2582inf210/data_home.html HTTP/1.1"
2544	2025/02/04 16:36:33	"GET /uv2582fip2582inf210/web_architecture_home.html HTTP/1.1"
2544	2025/02/04 16:37:51	"GET /uv2582fip2582inf210/practice_spring_2tiers.html HTTP/1.1"
2544	2025/03/07 14:05:10	"GET /uv2582fip2582inf210/project_presentation.html HTTP/1.1"
2544	2025/03/07 14:05:13	"GET /uv2582fip2582inf210/project_part2.html HTTP/1.1"
2544	2025/03/07 20:23:58	"GET /uv2582fip2582inf210/project_part3.html HTTP/1.1"
2544	2025/03/12 16:47:41	"GET /uv2582fip2582inf210/project_presentation.html HTTP/1.1"
2544	2025/03/12 16:48:43	"GET /uv2582fip2582inf210/project_part2.html HTTP/1.1"
2544	2025/03/12 18:14:36	"GET /uv2582fip2582inf210/project_part3.html HTTP/1.1"
2544	2025/02/03 14:02:27	"GET /uv2582fip2582inf210/data_home.html HTTP/1.1"
2544	2025/02/03 14:02:32	"GET /uv2582fip2582inf210/lecture_normalization.html HTTP/1.1"
2544	2025/02/03 14:02:41	"GET /uv2582fip2582inf210/activity_sql.html HTTP/1.1"
2544	2025/02/03 14:03:51	"GET /uv2582fip2582inf210/activity_normalization.html HTTP/1.1"
2544	2025/02/03 14:44:31	"GET /uv2582fip2582inf210/activity_normalization_correction.html HTTP/1.1"
2544	2025/02/03 15:00:49	"GET /uv2582fip2582inf210/practice_sql.html HTTP/1.1"
2544	2025/02/03 15:46:03	"GET /uv2582fip2582inf210/practice_sql_correction.html HTTP/1.1"
2544	2025/02/03 16:12:42	"GET /uv2582fip2582inf210/lecture_transaction.html HTTP/1.1"
2544	2025/02/03 16:16:37	"GET /uv2582fip2582inf210/practice_transaction.html HTTP/1.1"
2544	2025/01/24 09:40:08	"GET /uv2582fip2582inf210/technical_environment_home.html HTTP/1.1"
2544	2025/01/24 09:40:30	"GET /uv2582fip2582inf210/images/prerequisite_techenv/prerequisite_techenv_2025.html HTTP/1.1"
2544	2025/01/24 10:07:43	"GET /uv2582fip2582inf210/documentation_docker.html HTTP/1.1"
2544	2025/01/24 11:16:11	"GET /uv2582fip2582inf210/practice_docker.html HTTP/1.1"
2544	2025/01/31 14:05:46	"GET /uv2582fip2582inf210/data_home.html HTTP/1.1"
2544	2025/01/31 14:05:55	"GET /uv2582fip2582inf210/lecture_modeling_normalization.html HTTP/1.1"
2544	2025/01/31 14:22:01	"GET /uv2582fip2582inf210/lecture_conceptual_modeling.html HTTP/1.1"
2544	2025/01/31 14:53:18	"GET /uv2582fip2582inf210/activity_conceptual_modeling.html HTTP/1.1"
2544	2025/01/31 15:14:15	"GET /uv2582fip2582inf210/activity_conceptual_modeling_correction.html HTTP/1.1"
2544	2025/01/31 15:14:19	"GET /uv2582fip2582inf210/activity_conceptual_modeling_correction.html HTTP/1.1"
2544	2025/01/31 16:16:10	"GET /uv2582fip2582inf210/lecture_normalization.html HTTP/1.1"
2544	2025/01/31 16:16:22	"GET /uv2582fip2582inf210/activity_normalization.html HTTP/1.1"
2544	2025/01/31 16:17:00	"GET /uv2582fip2582inf210/activity_conceptual_modeling_advanced.html HTTP/1.1"
2544	2025/01/31 16:20:08	"GET /uv2582fip2582inf210/index.html HTTP/1.1"
2544	2025/01/31 16:20:48	"GET /uv2582fip2582inf210/data_home.html HTTP/1.1"
2544	2025/01/31 16:22:20	"GET /uv2582fip2582inf210/web_architecture_home.html HTTP/1.1"
2544	2025/01/31 16:23:07	"GET /uv2582fip2582inf210/activity_sql.html HTTP/1.1"
2544	2025/01/31 16:42:37	"GET /uv2582fip2582inf210/images/prerequisite_data/prerequisite_data_2025.html HTTP/1.1"
2544	2025/01/30 09:36:29	"GET /uv2582fip2582inf210/images/prerequisite_data/prerequisite_data_2025.html HTTP/1.1"
2544	2025/01/30 09:36:33	"GET /uv2582fip2582inf210/data_home.html HTTP/1.1"
2544	2025/01/30 09:51:45	"GET /uv2582fip2582inf210/lecture_relational_model.html HTTP/1.1"
2544	2025/01/30 09:53:25	"GET /uv2582fip2582inf210/lecture_db_integrity.html HTTP/1.1"
2544	2025/01/30 10:29:24	"GET /uv2582fip2582inf210/activity_relational_model.html HTTP/1.1"
2544	2025/01/30 10:45:02	"GET /uv2582fip2582inf210/activity_relational_model_correction.html HTTP/1.1"
2544	2025/01/30 14:18:31	"GET /uv2582fip2582inf210/activity_relational_model_correction.html HTTP/1.1"
2544	2025/01/30 14:19:12	"GET /uv2582fip2582inf210/index.html HTTP/1.1"
2544	2025/02/02 17:38:31	"GET /uv2582fip2582inf210/data_home.html HTTP/1.1"
2544	2025/02/02 17:38:34	"GET /uv2582fip2582inf210/images/prerequisite_data/prerequisite_data_2025.html HTTP/1.1"
2544	2025/02/02 17:38:46	"GET /uv2582fip2582inf210/activity_conceptual_modeling.html HTTP/1.1"
2544	2025/02/02 17:38:50	"GET /uv2582fip2582inf210/lecture_normalization.html HTTP/1.1"
2544	2025/02/18 17:14:28	"GET /uv2582fip2582inf210/web_architecture_home.html HTTP/1.1"
2544	2025/02/18 17:14:30	"GET /uv2582fip2582inf210/practice_spring_2tiers.html HTTP/1.1"
2544	2025/03/06 08:14:35	"GET /uv2582fip2582inf210/project_presentation.html HTTP/1.1"
2544	2025/03/06 08:14:38	"GET /uv2582fip2582inf210/project_part2.html HTTP/1.1"
2544	2025/03/06 12:46:17	"GET /uv2582fip2582inf210/project_part3.html HTTP/1.1"
2544	2025/03/06 12:46:32	"GET /uv2582fip2582inf210/project_part325824.html HTTP/1.1"
2544	2025/02/05 14:08:16	"GET /uv2582fip2582inf210/web_architecture_home.html HTTP/1.1"
2544	2025/02/05 14:28:28	"GET /uv2582fip2582inf210/lecture_technical_architecture.html HTTP/1.1"
2544	2025/02/05 14:36:00	"GET /uv2582fip2582inf210/lecture_software_architecture.html HTTP/1.1"
2544	2025/02/05 14:48:53	"GET /uv2582fip2582inf210/lecture_jpa.html HTTP/1.1"
2544	2025/02/05 14:49:07	"GET /uv2582fip2582inf210/practice_jpa.html HTTP/1.1"
2544	2025/02/05 14:49:46	"GET /uv2582fip2582inf210/lecture_mvc_spring.html HTTP/1.1"
2544	2025/02/05 14:55:09	"GET /uv2582fip2582inf210/lecture_dto.html HTTP/1.1"
2544	2025/02/10 16:10:14	"GET /uv2582fip2582inf210/practice_jpa.html HTTP/1.1"
2544	2025/03/19 08:12:38	"GET /uv2582fip2582inf210/project_task_time.html HTTP/1.1"
2544	2025/03/19 08:13:26	"GET /uv2582fip2582inf210/project_part3.html HTTP/1.1"
2544	2025/03/19 08:13:37	"GET /uv2582fip2582inf210/project_structureui.html HTTP/1.1"
2544	2025/02/12 09:54:30	"GET /uv2582fip2582inf210/web_architecture_home.html HTTP/1.1"
2544	2025/02/12 09:56:49	"GET /uv2582fip2582inf210/practice_jpa.html HTTP/1.1"
2544	2025/02/12 10:16:46	"GET /uv2582fip2582inf210/lecture_mvc_spring.html HTTP/1.1"
2544	2025/02/12 10:22:41	"GET /uv2582fip2582inf210/practice_spring_2tiers.html HTTP/1.1"
2544	2025/02/12 10:23:13	"GET /uv2582fip2582inf210/lecture_jpa.html HTTP/1.1"
2544	2025/02/12 10:39:48	"GET /uv2582fip2582inf210/web_architecture_home.html HTTP/1.1"
2544	2025/03/03 11:23:52	"GET /uv2582fip2582inf210/project_presentation.html HTTP/1.1"
2544	2025/03/03 11:23:58	"GET /uv2582fip2582inf210/project_part1.html HTTP/1.1"
2544	2025/03/03 11:46:32	"GET /uv2582fip2582inf210/project_part2.html HTTP/1.1"
2544	2025/03/17 18:00:10	"GET /uv2582fip2582inf210/project_presentation.html HTTP/1.1"
2544	2025/03/17 18:00:13	"GET /uv2582fip2582inf210/project_part3.html HTTP/1.1"
2544	2025/03/17 18:00:15	"GET /uv2582fip2582inf210/project_structureui.html HTTP/1.1"
2544	2025/02/09 21:33:59	"GET /uv2582fip2582inf210/data_home.html HTTP/1.1"
2544	2025/02/09 21:34:07	"GET /uv2582fip2582inf210/index.html HTTP/1.1"
2544	2025/02/09 21:34:10	"GET /uv2582fip2582inf210/web_architecture_home.html HTTP/1.1"
2544	2025/02/09 21:34:15	"GET /uv2582fip2582inf210/project_home.html HTTP/1.1"
2544	2025/02/09 21:35:49	"GET /uv2582fip2582inf210/lecture_technical_architecture.html HTTP/1.1"
2544	2025/02/09 21:42:07	"GET /uv2582fip2582inf210/lecture_software_architecture.html HTTP/1.1"
2544	2025/02/09 21:45:07	"GET /uv2582fip2582inf210/lecture_dto.html HTTP/1.1"
2544	2025/02/09 21:46:22	"GET /uv2582fip2582inf210/lecture_mvc_spring.html HTTP/1.1"
2544	2025/02/09 21:46:31	"GET /uv2582fip2582inf210/lecture_jpa.html HTTP/1.1"
2544	2025/01/29 14:08:02	"GET /uv2582fip2582inf210/technical_environment_home.html HTTP/1.1"
2544	2025/01/29 14:08:27	"GET /uv2582fip2582inf210/images/prerequisite_techenv/prerequisite_techenv_2025.html HTTP/1.1"
2544	2025/01/29 14:37:52	"GET /uv2582fip2582inf210/spring_bean.html HTTP/1.1"
2544	2025/01/29 14:37:53	"GET /uv2582fip2582inf210/inversion_of_control.html HTTP/1.1"
2544	2025/01/29 14:42:01	"GET /uv2582fip2582inf210/documentation_programming.html HTTP/1.1"
2544	2025/01/29 18:09:20	"GET /uv2582fip2582inf210/documentation_docker.html HTTP/1.1"
2544	2025/01/29 18:12:25	"GET /uv2582fip2582inf210/practice_docker_advanced.html HTTP/1.1"
2544	2025/01/29 18:16:27	"GET /uv2582fip2582inf210/practice_docker.html HTTP/1.1"
2544	2025/01/29 18:45:09	"GET /uv2582fip2582inf210/practice_postgresql.html HTTP/1.1"
2544	2025/01/29 18:52:17	"GET /uv2582fip2582inf210/documentation_rdbms.html HTTP/1.1"
2544	2025/01/29 18:56:07	"GET /uv2582fip2582inf210/practice_spring.html HTTP/1.1"
2544	2025/01/29 19:35:08	"GET /uv2582fip2582inf210/index.html HTTP/1.1"
2544	2025/01/29 19:35:10	"GET /uv2582fip2582inf210/web_architecture_home.html HTTP/1.1"
2544	2025/01/29 19:35:25	"GET /uv2582fip2582inf210/lecture_jaxb.html HTTP/1.1"
2544	2025/01/29 19:35:33	"GET /uv2582fip2582inf210/lecture_technical_architecture.html HTTP/1.1"
2544	2025/01/29 19:35:42	"GET /uv2582fip2582inf210/data_home.html HTTP/1.1"
2544	2025/01/29 19:35:44	"GET /uv2582fip2582inf210/project_home.html HTTP/1.1"
2544	2025/03/05 11:56:40	"GET /uv2582fip2582inf210/project_presentation.html HTTP/1.1"
2544	2025/03/05 11:56:42	"GET /uv2582fip2582inf210/project_part2.html HTTP/1.1"
2544	2025/03/05 14:02:13	"GET /uv2582fip2582inf210/data_home.html HTTP/1.1"
2544	2025/03/18 13:14:42	"GET /uv2582fip2582inf210/project_presentation.html HTTP/1.1"
2544	2025/03/18 14:12:37	"GET /uv2582fip2582inf210/project_specifications.html HTTP/1.1"
2544	2025/03/18 21:43:05	"GET /uv2582fip2582inf210/project_presentation.html HTTP/1.1"
2544	2025/03/18 21:43:08	"GET /uv2582fip2582inf210/project_specifications.html HTTP/1.1"
