2545	2025/02/28 18:07:39	"GET /uv2582fip2582inf210/data_home.html HTTP/1.1"
2545	2025/02/28 18:08:09	"GET /uv2582fip2582inf210/lecture_normalization.html HTTP/1.1"
2545	2025/02/28 18:08:45	"GET /uv2582fip2582inf210/lecture_conceptual_modeling.html HTTP/1.1"
2545	2025/02/28 20:34:56	"GET /uv2582fip2582inf210/lecture_modeling_normalization.html HTTP/1.1"
2545	2025/02/28 20:35:02	"GET /uv2582fip2582inf210/lecture_normalization.html HTTP/1.1"
2545	2025/02/28 23:30:21	"GET /uv2582fip2582inf210/project_presentation.html HTTP/1.1"
2545	2025/02/28 23:30:31	"GET /uv2582fip2582inf210/project_evaluation.html HTTP/1.1"
2545	2025/02/28 23:30:34	"GET /uv2582fip2582inf210/project_part1.html HTTP/1.1"
2545	2025/04/04 17:16:28	"GET /uv2582fip2582inf210/project_part2.html HTTP/1.1"
2545	2025/04/04 18:07:19	"GET /uv2582fip2582inf210/project_part3.html HTTP/1.1"
2545	2025/04/04 18:07:37	"GET /uv2582fip2582inf210/project_evaluation.html HTTP/1.1"
2545	2025/02/21 13:49:07	"GET /uv2582fip2582inf210/web_architecture_home.html HTTP/1.1"
2545	2025/02/21 13:49:24	"GET /uv2582fip2582inf210/data_home.html HTTP/1.1"
2545	2025/02/21 13:49:30	"GET /uv2582fip2582inf210/lecture_modeling_normalization.html HTTP/1.1"
2545	2025/02/21 13:49:36	"GET /uv2582fip2582inf210/lecture_conceptual_modeling.html HTTP/1.1"
2545	2025/02/21 14:03:28	"GET /uv2582fip2582inf210/activity_decomposition.html HTTP/1.1"
2545	2025/02/21 14:03:32	"GET /uv2582fip2582inf210/activity_normalization.html HTTP/1.1"
2545	2025/02/21 14:03:42	"GET /uv2582fip2582inf210/lecture_normalization.html HTTP/1.1"
2545	2025/04/03 08:00:37	"GET /uv2582fip2582inf210/project_part2.html HTTP/1.1"
2545	2025/04/03 08:00:41	"GET /uv2582fip2582inf210/project_part3.html HTTP/1.1"
2545	2025/04/03 08:01:05	"GET /uv2582fip2582inf210/project_structureui.html HTTP/1.1"
2545	2025/02/26 09:53:46	"GET /uv2582fip2582inf210/project_presentation.html HTTP/1.1"
2545	2025/02/26 09:56:30	"GET /uv2582fip2582inf210/project_part1.html HTTP/1.1"
2545	2025/02/26 10:06:02	"GET /uv2582fip2582inf210/project_specifications.html HTTP/1.1"
2545	2025/02/24 14:07:44	"GET /uv2582fip2582inf210/project_home.html HTTP/1.1"
2545	2025/02/24 14:08:51	"GET /uv2582fip2582inf210/data_home.html HTTP/1.1"
2545	2025/02/24 14:09:11	"GET /uv2582fip2582inf210/lecture_relational_model.html HTTP/1.1"
2545	2025/02/24 14:09:54	"GET /uv2582fip2582inf210/technical_environment_home.html HTTP/1.1"
2545	2025/02/24 14:10:18	"GET /uv2582fip2582inf210/data_home.html HTTP/1.1"
2545	2025/02/24 14:23:59	"GET /uv2582fip2582inf210/technical_environment_home.html HTTP/1.1"
2545	2025/02/24 14:24:03	"GET /uv2582fip2582inf210/practice_docker.html HTTP/1.1"
2545	2025/03/20 11:33:21	"GET /uv2582fip2582inf210/project_part2.html HTTP/1.1"
2545	2025/03/20 11:33:27	"GET /uv2582fip2582inf210/project_structureui.html HTTP/1.1"
2545	2025/03/20 17:11:10	"GET /uv2582fip2582inf210/project_presentation.html HTTP/1.1"
2545	2025/03/07 14:08:31	"GET /uv2582fip2582inf210/project_presentation.html HTTP/1.1"
2545	2025/03/07 14:08:34	"GET /uv2582fip2582inf210/project_part2.html HTTP/1.1"
2545	2025/03/12 02:21:25	"GET /uv2582fip2582inf210/project_presentation.html HTTP/1.1"
2545	2025/03/12 02:21:29	"GET /uv2582fip2582inf210/project_part2.html HTTP/1.1"
2545	2025/03/12 17:32:20	"GET /uv2582fip2582inf210/project_presentation.html HTTP/1.1"
2545	2025/03/12 17:32:24	"GET /uv2582fip2582inf210/project_part2.html HTTP/1.1"
2545	2025/03/12 18:20:06	"GET /uv2582fip2582inf210/project_part1.html HTTP/1.1"
2545	2025/03/12 20:07:44	"GET /uv2582fip2582inf210/project_part2.html HTTP/1.1"
2545	2025/02/19 14:13:17	"GET /uv2582fip2582inf210/project_home.html HTTP/1.1"
2545	2025/02/19 14:29:43	"GET /uv2582fip2582inf210/data_home.html HTTP/1.1"
2545	2025/02/19 14:29:50	"GET /uv2582fip2582inf210/web_architecture_home.html HTTP/1.1"
2545	2025/02/03 13:49:01	"GET /uv2582fip2582inf210/web_architecture_home.html HTTP/1.1"
2545	2025/02/03 13:49:41	"GET /uv2582fip2582inf210/data_home.html HTTP/1.1"
2545	2025/02/03 13:49:55	"GET /uv2582fip2582inf210/images/prerequisite_data/prerequisite_data_2025.html HTTP/1.1"
2545	2025/02/03 13:50:16	"GET /uv2582fip2582inf210/activity_sql.html HTTP/1.1"
2545	2025/02/03 14:14:39	"GET /uv2582fip2582inf210/lecture_normalization.html HTTP/1.1"
2545	2025/02/03 14:33:13	"GET /uv2582fip2582inf210/activity_normalization.html HTTP/1.1"
2545	2025/02/03 14:40:02	"GET /uv2582fip2582inf210/activity_normalization_correction.html HTTP/1.1"
2545	2025/02/03 16:14:07	"GET /uv2582fip2582inf210/lecture_relational_model.html HTTP/1.1"
2545	2025/02/03 16:14:11	"GET /uv2582fip2582inf210/practice_sql.html HTTP/1.1"
2545	2025/02/03 16:36:03	"GET /uv2582fip2582inf210/activity_sql.html HTTP/1.1"
2545	2025/01/24 09:38:29	"GET /uv2582fip2582inf210/technical_environment_home.html HTTP/1.1"
2545	2025/01/24 09:40:04	"GET /uv2582fip2582inf210/documentation_docker.html HTTP/1.1"
2545	2025/01/24 10:38:27	"GET /uv2582fip2582inf210/documentation_programming.html HTTP/1.1"
2545	2025/01/24 10:44:47	"GET /uv2582fip2582inf210/images/prerequisite_techenv/prerequisite_techenv_2025.html HTTP/1.1"
2545	2025/01/24 10:45:14	"GET /uv2582fip2582inf210/practice_spring.html HTTP/1.1"
2545	2025/01/24 11:17:08	"GET /uv2582fip2582inf210/practice_docker.html HTTP/1.1"
2545	2025/01/24 11:17:51	"GET /uv2582fip2582inf210/documentation_programming.html HTTP/1.1"
2545	2025/01/24 11:17:57	"GET /uv2582fip2582inf210/practice_spring.html HTTP/1.1"
2545	2025/01/31 14:02:45	"GET /uv2582fip2582inf210/practice_sql.html HTTP/1.1"
2545	2025/01/31 14:15:05	"GET /uv2582fip2582inf210/activity_sql.html HTTP/1.1"
2545	2025/01/31 14:29:42	"GET /uv2582fip2582inf210/lecture_conceptual_modeling.html HTTP/1.1"
2545	2025/01/31 14:34:01	"GET /uv2582fip2582inf210/activity_conceptual_modeling.html HTTP/1.1"
2545	2025/01/31 14:35:52	"GET /uv2582fip2582inf210/activity_conceptual_modeling_correction.html HTTP/1.1"
2545	2025/01/31 14:36:30	"GET /uv2582fip2582inf210/lecture_normalization.html HTTP/1.1"
2545	2025/01/31 14:53:09	"GET /uv2582fip2582inf210/lecture_normalization.html HTTP/1.1"
2545	2025/01/31 16:04:41	"GET /uv2582fip2582inf210/activity_normalization.html HTTP/1.1"
2545	2025/01/30 09:47:32	"GET /uv2582fip2582inf210/technical_environment_home.html HTTP/1.1"
2545	2025/01/30 09:47:46	"GET /uv2582fip2582inf210/index.html HTTP/1.1"
2545	2025/01/30 09:53:22	"GET /uv2582fip2582inf210/practice_postgresql.html HTTP/1.1"
2545	2025/01/30 09:53:46	"GET /uv2582fip2582inf210/practice_postgresql.html HTTP/1.1"
2545	2025/01/30 09:55:14	"GET /uv2582fip2582inf210/data_home.html HTTP/1.1"
2545	2025/01/30 10:05:15	"GET /uv2582fip2582inf210/practice_docker.html HTTP/1.1"
2545	2025/01/30 10:12:33	"GET /uv2582fip2582inf210/images/prerequisite_data/prerequisite_data_2025.html HTTP/1.1"
2545	2025/01/30 10:15:27	"GET /uv2582fip2582inf210/lecture_modeling_normalization.html HTTP/1.1"
2545	2025/01/30 10:27:20	"GET /uv2582fip2582inf210/lecture_conceptual_modeling.html HTTP/1.1"
2545	2025/01/30 10:47:26	"GET /uv2582fip2582inf210/activity_conceptual_modeling.html HTTP/1.1"
2545	2025/01/30 11:11:53	"GET /uv2582fip2582inf210/activity_sql.html HTTP/1.1"
2545	2025/03/14 23:10:03	"GET /uv2582fip2582inf210/project_part2.html HTTP/1.1"
2545	2025/03/13 18:39:45	"GET /uv2582fip2582inf210/project_part2.html HTTP/1.1"
2545	2025/02/05 14:10:44	"GET /uv2582fip2582inf210/technical_environment_home.html HTTP/1.1"
2545	2025/02/05 14:11:09	"GET /uv2582fip2582inf210/web_architecture_home.html HTTP/1.1"
2545	2025/02/05 14:23:18	"GET /uv2582fip2582inf210/lecture_technical_architecture.html HTTP/1.1"
2545	2025/02/05 14:28:41	"GET /uv2582fip2582inf210/lecture_software_architecture.html HTTP/1.1"
2545	2025/02/05 14:32:38	"GET /uv2582fip2582inf210/lecture_dto.html HTTP/1.1"
2545	2025/02/05 14:33:04	"GET /uv2582fip2582inf210/lecture_mvc_spring.html HTTP/1.1"
2545	2025/02/05 15:46:43	"GET /uv2582fip2582inf210/images/prerequisite_archiweb/prerequisite_archiweb_2025.html HTTP/1.1"
2545	2025/02/05 16:10:43	"GET /uv2582fip2582inf210/lecture_jpa.html HTTP/1.1"
2545	2025/02/10 14:09:57	"GET /uv2582fip2582inf210/web_architecture_home.html HTTP/1.1"
2545	2025/02/10 14:16:56	"GET /uv2582fip2582inf210/images/prerequisite_archiweb/prerequisite_archiweb_2025.html HTTP/1.1"
2545	2025/02/10 14:19:29	"GET /uv2582fip2582inf210/lecture_xml.html HTTP/1.1"
2545	2025/02/10 14:20:13	"GET /uv2582fip2582inf210/practice_xml.html HTTP/1.1"
2545	2025/02/10 15:38:35	"GET /uv2582fip2582inf210/data_home.html HTTP/1.1"
2545	2025/02/10 15:38:47	"GET /uv2582fip2582inf210/lecture_transaction.html HTTP/1.1"
2545	2025/02/10 15:56:17	"GET /uv2582fip2582inf210/practice_transaction.html HTTP/1.1"
2545	2025/02/12 10:12:14	"GET /uv2582fip2582inf210/project_home.html HTTP/1.1"
2545	2025/02/12 10:17:11	"GET /uv2582fip2582inf210/lecture_technical_architecture.html HTTP/1.1"
2545	2025/02/12 10:18:32	"GET /uv2582fip2582inf210/lecture_software_architecture.html HTTP/1.1"
2545	2025/02/12 10:18:38	"GET /uv2582fip2582inf210/lecture_dto.html HTTP/1.1"
2545	2025/02/12 10:18:51	"GET /uv2582fip2582inf210/lecture_mvc_spring.html HTTP/1.1"
2545	2025/02/12 10:19:02	"GET /uv2582fip2582inf210/lecture_jpa.html HTTP/1.1"
2545	2025/02/12 13:56:02	"GET /uv2582fip2582inf210/practice_jpa.html HTTP/1.1"
2545	2025/03/11 13:09:51	"GET /uv2582fip2582inf210/project_presentation.html HTTP/1.1"
2545	2025/03/11 13:09:55	"GET /uv2582fip2582inf210/project_part2.html HTTP/1.1"
2545	2025/03/03 11:08:42	"GET /uv2582fip2582inf210/project_presentation.html HTTP/1.1"
2545	2025/03/03 11:09:09	"GET /uv2582fip2582inf210/project_evaluation.html HTTP/1.1"
2545	2025/03/03 11:10:39	"GET /uv2582fip2582inf210/project_evaluation.html HTTP/1.1"
2545	2025/03/03 11:12:40	"GET /uv2582fip2582inf210/web_architecture_home.html HTTP/1.1"
2545	2025/03/03 11:18:20	"GET /uv2582fip2582inf210/project_part1.html HTTP/1.1"
2545	2025/03/03 11:18:25	"GET /uv2582fip2582inf210/project_part2.html HTTP/1.1"
2545	2025/03/03 14:25:12	"GET /uv2582fip2582inf210/project_presentation.html HTTP/1.1"
2545	2025/03/03 14:25:49	"GET /uv2582fip2582inf210/project_part2.html HTTP/1.1"
2545	2025/02/15 15:48:33	"GET /uv2582fip2582inf210/web_architecture_home.html HTTP/1.1"
2545	2025/02/15 15:48:39	"GET /uv2582fip2582inf210/practice_spring_2tiers.html HTTP/1.1"
2545	2025/03/17 16:08:11	"GET /uv2582fip2582inf210/project_presentation.html HTTP/1.1"
2545	2025/03/17 16:41:04	"GET /uv2582fip2582inf210/project_part2.html HTTP/1.1"
2545	2025/03/17 22:13:23	"GET /uv2582fip2582inf210/project_part3.html HTTP/1.1"
2545	2025/03/17 22:39:35	"GET /uv2582fip2582inf210/project_structureui.html HTTP/1.1"
2545	2025/01/29 14:03:33	"GET /uv2582fip2582inf210/technical_environment_home.html HTTP/1.1"
2545	2025/01/29 14:04:38	"GET /uv2582fip2582inf210/documentation_docker.html HTTP/1.1"
2545	2025/01/29 14:04:49	"GET /uv2582fip2582inf210/practice_docker.html HTTP/1.1"
2545	2025/01/29 15:09:47	"GET /uv2582fip2582inf210/practice_postgresql.html HTTP/1.1"
2545	2025/03/05 13:13:27	"GET /uv2582fip2582inf210/project_part2.html HTTP/1.1"
2545	2025/03/18 20:32:57	"GET /uv2582fip2582inf210/project_presentation.html HTTP/1.1"
2545	2025/03/18 20:37:46	"GET /uv2582fip2582inf210/project_part3.html HTTP/1.1"
2545	2025/03/18 22:12:32	"GET /uv2582fip2582inf210/project_structureui.html HTTP/1.1"
