2546	2025/02/20 19:11:11	"GET /uv2582fip2582inf210/data_home.html HTTP/1.1"
2546	2025/02/20 19:11:37	"GET /uv2582fip2582inf210/lecture_modeling_normalization.html HTTP/1.1"
2546	2025/02/20 19:11:41	"GET /uv2582fip2582inf210/lecture_conceptual_modeling.html HTTP/1.1"
2546	2025/02/20 19:11:43	"GET /uv2582fip2582inf210/activity_conceptual_modeling.html HTTP/1.1"
2546	2025/02/20 19:12:05	"GET /uv2582fip2582inf210/activity_normalization.html HTTP/1.1"
2546	2025/02/20 19:12:11	"GET /uv2582fip2582inf210/activity_decomposition.html HTTP/1.1"
2546	2025/02/28 14:43:24	"GET /uv2582fip2582inf210/project_presentation.html HTTP/1.1"
2546	2025/02/28 14:43:29	"GET /uv2582fip2582inf210/project_specifications.html HTTP/1.1"
2546	2025/04/03 18:19:13	"GET /uv2582fip2582inf210/project_presentation.html HTTP/1.1"
2546	2025/04/03 18:19:33	"GET /uv2582fip2582inf210/project_task_time.html HTTP/1.1"
2546	2025/02/26 09:49:30	"GET /uv2582fip2582inf210/project_presentation.html HTTP/1.1"
2546	2025/02/26 09:53:31	"GET /uv2582fip2582inf210/project_part1.html HTTP/1.1"
2546	2025/02/26 09:54:38	"GET /uv2582fip2582inf210/project_specifications.html HTTP/1.1"
2546	2025/02/26 09:56:20	"GET /uv2582fip2582inf210/project_task_time.html HTTP/1.1"
2546	2025/02/26 15:10:24	"GET /uv2582fip2582inf210/project_specifications.html HTTP/1.1"
2546	2025/02/24 14:08:49	"GET /uv2582fip2582inf210/data_home.html HTTP/1.1"
2546	2025/02/24 14:08:53	"GET /uv2582fip2582inf210/web_architecture_home.html HTTP/1.1"
2546	2025/02/24 14:09:07	"GET /uv2582fip2582inf210/lecture_jaxb.html HTTP/1.1"
2546	2025/02/24 14:58:32	"GET /uv2582fip2582inf210/practice_xml.html HTTP/1.1"
2546	2025/03/20 21:15:32	"GET /uv2582fip2582inf210/project_presentation.html HTTP/1.1"
2546	2025/03/20 21:15:45	"GET /uv2582fip2582inf210/project_specifications.html HTTP/1.1"
2546	2025/03/21 09:45:36	"GET /uv2582fip2582inf210/project_presentation.html HTTP/1.1"
2546	2025/03/21 09:45:46	"GET /uv2582fip2582inf210/project_specifications.html HTTP/1.1"
2546	2025/02/11 19:17:22	"GET /uv2582fip2582inf210/web_architecture_home.html HTTP/1.1"
2546	2025/02/11 19:17:27	"GET /uv2582fip2582inf210/images/prerequisite_archiweb/prerequisite_archiweb_2025.html HTTP/1.1"
2546	2025/02/11 19:17:39	"GET /uv2582fip2582inf210/lecture_mvc_spring.html HTTP/1.1"
2546	2025/02/04 18:55:39	"GET /uv2582fip2582inf210/web_architecture_home.html HTTP/1.1"
2546	2025/02/04 18:56:05	"GET /uv2582fip2582inf210/data_home.html HTTP/1.1"
2546	2025/02/04 18:56:15	"GET /uv2582fip2582inf210/technical_environment_home.html HTTP/1.1"
2546	2025/02/04 19:09:06	"GET /uv2582fip2582inf210/activity_conceptual_modeling_correction.html HTTP/1.1"
2546	2025/02/04 19:34:26	"GET /uv2582fip2582inf210/lecture_technical_architecture.html HTTP/1.1"
2546	2025/02/04 19:34:30	"GET /uv2582fip2582inf210/lecture_software_architecture.html HTTP/1.1"
2546	2025/02/04 19:41:27	"GET /uv2582fip2582inf210/lecture_mvc_spring.html HTTP/1.1"
2546	2025/02/04 19:49:15	"GET /uv2582fip2582inf210/lecture_dto.html HTTP/1.1"
2546	2025/02/04 20:06:46	"GET /uv2582fip2582inf210/lecture_xml.html HTTP/1.1"
2546	2025/02/04 20:06:47	"GET /uv2582fip2582inf210/lecture_json.html HTTP/1.1"
2546	2025/02/04 20:11:04	"GET /uv2582fip2582inf210/lecture_validity.html HTTP/1.1"
2546	2025/02/04 20:11:12	"GET /uv2582fip2582inf210/lecture_xpath.html HTTP/1.1"
2546	2025/02/04 20:11:17	"GET /uv2582fip2582inf210/lecture_parser.html HTTP/1.1"
2546	2025/02/04 20:12:02	"GET /uv2582fip2582inf210/practice_xml.html HTTP/1.1"
2546	2025/02/04 20:33:21	"GET /uv2582fip2582inf210/practice_json.html HTTP/1.1"
2546	2025/02/04 21:11:11	"GET /uv2582fip2582inf210/project_home.html HTTP/1.1"
2546	2025/02/04 22:12:42	"GET /uv2582fip2582inf210/lecture_jpa.html HTTP/1.1"
2546	2025/03/07 14:33:36	"GET /uv2582fip2582inf210/project_presentation.html HTTP/1.1"
2546	2025/03/07 14:33:40	"GET /uv2582fip2582inf210/project_part2.html HTTP/1.1"
2546	2025/03/07 14:34:31	"GET /uv2582fip2582inf210/project_specifications.html HTTP/1.1"
2546	2025/03/07 14:45:32	"GET /uv2582fip2582inf210/project_specifications.html HTTP/1.1"
2546	2025/03/07 14:45:35	"GET /uv2582fip2582inf210/project_part3.html HTTP/1.1"
2546	2025/03/07 15:41:32	"GET /uv2582fip2582inf210/project_specifications.html HTTP/1.1"
2546	2025/03/07 22:54:46	"GET /uv2582fip2582inf210/project_specifications.html HTTP/1.1"
2546	2025/03/08 00:22:02	"GET /uv2582fip2582inf210/project_specifications.html HTTP/1.1"
2546	2025/02/19 14:13:01	"GET /uv2582fip2582inf210/web_architecture_home.html HTTP/1.1"
2546	2025/02/19 14:13:07	"GET /uv2582fip2582inf210/images/prerequisite_archiweb/prerequisite_archiweb_2025.html HTTP/1.1"
2546	2025/02/19 14:13:10	"GET /uv2582fip2582inf210/practice_spring_2tiers.html HTTP/1.1"
2546	2025/03/15 23:29:48	"GET /uv2582fip2582inf210/project_presentation.html HTTP/1.1"
2546	2025/03/15 23:29:54	"GET /uv2582fip2582inf210/project_specifications.html HTTP/1.1"
2546	2025/02/03 14:01:55	"GET /uv2582fip2582inf210/images/prerequisite_archiweb/prerequisite_archiweb_2025.html HTTP/1.1"
2546	2025/02/03 14:06:46	"GET /uv2582fip2582inf210/lecture_relational_model.html HTTP/1.1"
2546	2025/02/03 14:09:49	"GET /uv2582fip2582inf210/lecture_normalization.html HTTP/1.1"
2546	2025/02/03 14:09:57	"GET /uv2582fip2582inf210/lecture_modeling_normalization.html HTTP/1.1"
2546	2025/02/03 14:10:54	"GET /uv2582fip2582inf210/lecture_db_integrity.html HTTP/1.1"
2546	2025/02/03 14:14:40	"GET /uv2582fip2582inf210/activity_relational_model.html HTTP/1.1"
2546	2025/02/03 14:17:17	"GET /uv2582fip2582inf210/lecture_conceptual_modeling.html HTTP/1.1"
2546	2025/02/03 14:35:46	"GET /uv2582fip2582inf210/activity_conceptual_modeling.html HTTP/1.1"
2546	2025/02/03 16:31:57	"GET /uv2582fip2582inf210/lecture_jaxb.html HTTP/1.1"
2546	2025/02/03 16:35:28	"GET /uv2582fip2582inf210/activity_normalization.html HTTP/1.1"
2546	2025/02/03 16:35:47	"GET /uv2582fip2582inf210/activity_sql.html HTTP/1.1"
2546	2025/02/03 16:35:59	"GET /uv2582fip2582inf210/practice_sql.html HTTP/1.1"
2546	2025/01/24 09:37:16	"GET /uv2582fip2582inf210/PresentationUVINF210/pres.html HTTP/1.1"
2546	2025/01/24 09:38:22	"GET /uv2582fip2582inf210/technical_environment_home.html HTTP/1.1"
2546	2025/01/24 09:38:34	"GET /uv2582fip2582inf210/images/prerequisite_techenv/prerequisite_techenv_2025.html HTTP/1.1"
2546	2025/01/24 09:39:26	"GET /uv2582fip2582inf210/documentation_docker.html HTTP/1.1"
2546	2025/01/24 09:49:39	"GET /uv2582fip2582inf210/practice_docker.html HTTP/1.1"
2546	2025/01/24 10:09:34	"GET /uv2582fip2582inf210/practice_docker_advanced.html HTTP/1.1"
2546	2025/01/31 14:09:54	"GET /uv2582fip2582inf210/web_architecture_home.html HTTP/1.1"
2546	2025/01/31 14:10:07	"GET /uv2582fip2582inf210/data_home.html HTTP/1.1"
2546	2025/01/31 14:10:15	"GET /uv2582fip2582inf210/technical_environment_home.html HTTP/1.1"
2546	2025/01/31 14:10:21	"GET /uv2582fip2582inf210/documentation_rdbms.html HTTP/1.1"
2546	2025/01/31 14:10:26	"GET /uv2582fip2582inf210/documentation_programming.html HTTP/1.1"
2546	2025/01/31 14:10:58	"GET /uv2582fip2582inf210/practice_postgresql.html HTTP/1.1"
2546	2025/01/31 14:12:12	"GET /uv2582fip2582inf210/practice_docker_advanced.html HTTP/1.1"
2546	2025/01/31 14:40:30	"GET /uv2582fip2582inf210/practice_docker.html HTTP/1.1"
2546	2025/01/31 16:11:57	"GET /uv2582fip2582inf210/lecture_relational_model.html HTTP/1.1"
2546	2025/01/31 16:34:17	"GET /uv2582fip2582inf210/lecture_db_integrity.html HTTP/1.1"
2546	2025/03/08 21:43:17	"GET /uv2582fip2582inf210/project_presentation.html HTTP/1.1"
2546	2025/03/08 22:51:12	"GET /uv2582fip2582inf210/project_specifications.html HTTP/1.1"
2546	2025/01/30 09:38:55	"GET /uv2582fip2582inf210/data_home.html HTTP/1.1"
2546	2025/01/30 09:39:02	"GET /uv2582fip2582inf210/technical_environment_home.html HTTP/1.1"
2546	2025/01/30 09:39:12	"GET /uv2582fip2582inf210/documentation_docker.html HTTP/1.1"
2546	2025/01/30 09:46:28	"GET /uv2582fip2582inf210/practice_docker.html HTTP/1.1"
2546	2025/01/30 11:07:21	"GET /uv2582fip2582inf210/practice_postgresql.html HTTP/1.1"
2546	2025/01/30 12:00:55	"GET /uv2582fip2582inf210/practice_docker_advanced.html HTTP/1.1"
2546	2025/02/02 22:50:02	"GET /uv2582fip2582inf210/web_architecture_home.html HTTP/1.1"
2546	2025/02/02 22:50:37	"GET /uv2582fip2582inf210/data_home.html HTTP/1.1"
2546	2025/02/02 22:50:56	"GET /uv2582fip2582inf210/lecture_technical_architecture.html HTTP/1.1"
2546	2025/02/02 22:51:06	"GET /uv2582fip2582inf210/technical_environment_home.html HTTP/1.1"
2546	2025/02/02 22:51:11	"GET /uv2582fip2582inf210/practice_postgresql.html HTTP/1.1"
2546	2025/02/02 22:51:25	"GET /uv2582fip2582inf210/documentation_programming.html HTTP/1.1"
2546	2025/02/02 23:14:46	"GET /uv2582fip2582inf210/practice_spring.html HTTP/1.1"
2546	2025/02/02 23:15:32	"GET /uv2582fip2582inf210/images/prerequisite_techenv/prerequisite_techenv_2025.html HTTP/1.1"
2546	2025/02/02 23:15:32	"GET /uv2582fip2582inf210/images/prerequisite_techenv/prerequisite_techenv_2025.html HTTP/1.1"
2546	2025/03/14 09:56:13	"GET /uv2582fip2582inf210/project_presentation.html HTTP/1.1"
2546	2025/03/14 09:56:22	"GET /uv2582fip2582inf210/project_specifications.html HTTP/1.1"
2546	2025/03/14 21:52:38	"GET /uv2582fip2582inf210/project_specifications.html HTTP/1.1"
2546	2025/03/14 21:52:53	"GET /uv2582fip2582inf210/project_specifications.html HTTP/1.1"
2546	2025/03/14 21:54:03	"GET /uv2582fip2582inf210/project_presentation.html HTTP/1.1"
2546	2025/03/13 17:18:34	"GET /uv2582fip2582inf210/project_presentation.html HTTP/1.1"
2546	2025/03/13 17:18:56	"GET /uv2582fip2582inf210/project_specifications.html HTTP/1.1"
2546	2025/02/05 14:09:56	"GET /uv2582fip2582inf210/images/prerequisite_archiweb/prerequisite_archiweb_2025.html HTTP/1.1"
2546	2025/02/05 16:34:30	"GET /uv2582fip2582inf210/documentation_docker.html HTTP/1.1"
2546	2025/02/05 16:34:46	"GET /uv2582fip2582inf210/practice_docker.html HTTP/1.1"
2546	2025/02/05 22:43:18	"GET /uv2582fip2582inf210/technical_environment_home.html HTTP/1.1"
2546	2025/02/10 14:07:48	"GET /uv2582fip2582inf210/web_architecture_home.html HTTP/1.1"
2546	2025/02/10 14:08:34	"GET /uv2582fip2582inf210/lecture_mvc_spring.html HTTP/1.1"
2546	2025/02/10 14:16:26	"GET /uv2582fip2582inf210/lecture_software_architecture.html HTTP/1.1"
2546	2025/02/10 15:59:29	"GET /uv2582fip2582inf210/lecture_jpa.html HTTP/1.1"
2546	2025/03/19 14:11:09	"GET /uv2582fip2582inf210/technical_environment_home.html HTTP/1.1"
2546	2025/02/07 14:40:57	"GET /uv2582fip2582inf210/web_architecture_home.html HTTP/1.1"
2546	2025/02/07 14:41:15	"GET /uv2582fip2582inf210/lecture_dto.html HTTP/1.1"
2546	2025/02/07 14:41:23	"GET /uv2582fip2582inf210/lecture_mvc_spring.html HTTP/1.1"
2546	2025/02/12 09:44:41	"GET /uv2582fip2582inf210/lecture_jpa.html HTTP/1.1"
2546	2025/02/12 10:30:39	"GET /uv2582fip2582inf210/practice_jpa_advanced.html HTTP/1.1"
2546	2025/02/12 10:30:58	"GET /uv2582fip2582inf210/practice_spring_2tiers.html HTTP/1.1"
2546	2025/02/12 10:32:26	"GET /uv2582fip2582inf210/practice_spring_2tiers_ext.html HTTP/1.1"
2546	2025/02/12 15:05:56	"GET /uv2582fip2582inf210/practice_jpa.html HTTP/1.1"
2546	2025/03/11 01:51:52	"GET /uv2582fip2582inf210/project_presentation.html HTTP/1.1"
2546	2025/03/11 01:52:05	"GET /uv2582fip2582inf210/project_specifications.html HTTP/1.1"
2546	2025/03/04 10:34:02	"GET /uv2582fip2582inf210/project_presentation.html HTTP/1.1"
2546	2025/03/04 10:39:44	"GET /uv2582fip2582inf210/project_part2.html HTTP/1.1"
2546	2025/03/04 22:44:23	"GET /uv2582fip2582inf210/project_presentation.html HTTP/1.1"
2546	2025/03/05 00:17:02	"GET /uv2582fip2582inf210/project_part2.html HTTP/1.1"
2546	2025/03/03 11:33:32	"GET /uv2582fip2582inf210/project_presentation.html HTTP/1.1"
2546	2025/03/03 11:33:35	"GET /uv2582fip2582inf210/project_part1.html HTTP/1.1"
2546	2025/03/03 12:10:23	"GET /uv2582fip2582inf210/project_presentation.html HTTP/1.1"
2546	2025/03/03 12:10:27	"GET /uv2582fip2582inf210/project_part1.html HTTP/1.1"
2546	2025/03/03 14:20:21	"GET /uv2582fip2582inf210/project_presentation.html HTTP/1.1"
2546	2025/03/03 14:20:25	"GET /uv2582fip2582inf210/project_part2.html HTTP/1.1"
2546	2025/03/03 21:15:13	"GET /uv2582fip2582inf210/project_presentation.html HTTP/1.1"
2546	2025/03/03 21:15:28	"GET /uv2582fip2582inf210/project_part2.html HTTP/1.1"
2546	2025/03/03 22:29:38	"GET /uv2582fip2582inf210/project_presentation.html HTTP/1.1"
2546	2025/01/29 14:13:07	"GET /uv2582fip2582inf210/technical_environment_home.html HTTP/1.1"
2546	2025/01/29 14:39:01	"GET /uv2582fip2582inf210/practice_postgresql.html HTTP/1.1"
2546	2025/01/29 14:41:32	"GET /uv2582fip2582inf210/spring_bean.html HTTP/1.1"
2546	2025/01/29 14:41:36	"GET /uv2582fip2582inf210/documentation_programming.html HTTP/1.1"
2546	2025/01/29 14:41:41	"GET /uv2582fip2582inf210/inversion_of_control.html HTTP/1.1"
2546	2025/01/29 14:41:51	"GET /uv2582fip2582inf210/documentation_rdbms.html HTTP/1.1"
2546	2025/01/29 15:04:34	"GET /uv2582fip2582inf210/images/prerequisite_archiweb/prerequisite_archiweb_2025.html HTTP/1.1"
2546	2025/01/29 15:04:39	"GET /uv2582fip2582inf210/lecture_technical_architecture.html HTTP/1.1"
2546	2025/01/29 15:04:43	"GET /uv2582fip2582inf210/lecture_software_architecture.html HTTP/1.1"
2546	2025/01/29 15:04:46	"GET /uv2582fip2582inf210/lecture_mvc_spring.html HTTP/1.1"
2546	2025/01/29 15:06:10	"GET /uv2582fip2582inf210/lecture_jaxb.html HTTP/1.1"
2546	2025/01/29 15:06:17	"GET /uv2582fip2582inf210/lecture_validity.html HTTP/1.1"
2546	2025/01/29 15:10:09	"GET /uv2582fip2582inf210/practice_spring_2tiers.html HTTP/1.1"
2546	2025/01/29 15:10:26	"GET /uv2582fip2582inf210/web_architecture_home.html HTTP/1.1"
2546	2025/01/29 15:11:32	"GET /uv2582fip2582inf210/images/prerequisite_techenv/prerequisite_techenv_2025.html HTTP/1.1"
2546	2025/01/29 15:11:46	"GET /uv2582fip2582inf210/practice_docker.html HTTP/1.1"
2546	2025/01/29 15:11:55	"GET /uv2582fip2582inf210/practice_spring.html HTTP/1.1"
2546	2025/03/18 16:08:09	"GET /uv2582fip2582inf210/project_presentation.html HTTP/1.1"
2546	2025/03/18 16:08:13	"GET /uv2582fip2582inf210/project_specifications.html HTTP/1.1"
