2547	2025/02/26 09:53:14	"GET /uv2582fip2582inf210/project_presentation.html HTTP/1.1"
2547	2025/02/26 09:54:38	"GET /uv2582fip2582inf210/project_specifications.html HTTP/1.1"
2547	2025/02/26 10:03:37	"GET /uv2582fip2582inf210/project_task_time.html HTTP/1.1"
2547	2025/02/26 10:04:06	"GET /uv2582fip2582inf210/project_part1.html HTTP/1.1"
2547	2025/02/26 11:38:55	"GET /uv2582fip2582inf210/project_specifications.html HTTP/1.1"
2547	2025/02/24 14:14:37	"GET /uv2582fip2582inf210/data_home.html HTTP/1.1"
2547	2025/02/24 14:14:56	"GET /uv2582fip2582inf210/project_home.html HTTP/1.1"
2547	2025/02/24 14:15:06	"GET /uv2582fip2582inf210/practice_transaction.html HTTP/1.1"
2547	2025/02/24 14:17:32	"GET /uv2582fip2582inf210/practice_transaction.html HTTP/1.1"
2547	2025/02/24 14:17:36	"GET /uv2582fip2582inf210/practice_transaction.html HTTP/1.1"
2547	2025/02/24 15:13:53	"GET /uv2582fip2582inf210/lecture_transaction.html HTTP/1.1"
2547	2025/02/03 14:03:15	"GET /uv2582fip2582inf210/practice_docker.html HTTP/1.1"
2547	2025/02/03 14:03:22	"GET /uv2582fip2582inf210/index.html HTTP/1.1"
2547	2025/02/03 14:03:27	"GET /uv2582fip2582inf210/data_home.html HTTP/1.1"
2547	2025/02/03 14:03:34	"GET /uv2582fip2582inf210/lecture_normalization.html HTTP/1.1"
2547	2025/02/03 14:17:00	"GET /uv2582fip2582inf210/activity_normalization.html HTTP/1.1"
2547	2025/02/03 14:59:10	"GET /uv2582fip2582inf210/activity_sql.html HTTP/1.1"
2547	2025/02/03 15:44:49	"GET /uv2582fip2582inf210/practice_sql.html HTTP/1.1"
2547	2025/02/03 15:54:29	"GET /uv2582fip2582inf210/practice_sql_correction.html HTTP/1.1"
2547	2025/02/03 16:00:09	"GET /uv2582fip2582inf210/lecture_transaction.html HTTP/1.1"
2547	2025/02/03 16:31:56	"GET /uv2582fip2582inf210/practice_transaction.html HTTP/1.1"
2547	2025/01/24 09:38:31	"GET /uv2582fip2582inf210/technical_environment_home.html HTTP/1.1"
2547	2025/01/24 11:41:13	"GET /uv2582fip2582inf210/documentation_docker.html HTTP/1.1"
2547	2025/01/24 13:26:33	"GET /uv2582fip2582inf210/practice_docker.html HTTP/1.1"
2547	2025/01/31 14:13:30	"GET /uv2582fip2582inf210/web_architecture_home.html HTTP/1.1"
2547	2025/01/31 14:13:36	"GET /uv2582fip2582inf210/technical_environment_home.html HTTP/1.1"
2547	2025/01/31 14:14:00	"GET /uv2582fip2582inf210/data_home.html HTTP/1.1"
2547	2025/01/31 14:14:08	"GET /uv2582fip2582inf210/activity_relational_model.html HTTP/1.1"
2547	2025/01/31 14:14:33	"GET /uv2582fip2582inf210/lecture_db_integrity.html HTTP/1.1"
2547	2025/01/31 14:16:57	"GET /uv2582fip2582inf210/lecture_normalization.html HTTP/1.1"
2547	2025/01/31 15:01:28	"GET /uv2582fip2582inf210/activity_normalization.html HTTP/1.1"
2547	2025/01/30 09:36:39	"GET /uv2582fip2582inf210/data_home.html HTTP/1.1"
2547	2025/01/30 10:02:21	"GET /uv2582fip2582inf210/lecture_relational_model.html HTTP/1.1"
2547	2025/01/30 10:07:34	"GET /uv2582fip2582inf210/technical_environment_home.html HTTP/1.1"
2547	2025/01/30 10:07:41	"GET /uv2582fip2582inf210/practice_docker.html HTTP/1.1"
2547	2025/01/30 10:23:42	"GET /uv2582fip2582inf210/lecture_modeling_normalization.html HTTP/1.1"
2547	2025/01/30 10:33:33	"GET /uv2582fip2582inf210/lecture_conceptual_modeling.html HTTP/1.1"
2547	2025/01/30 11:20:19	"GET /uv2582fip2582inf210/activity_conceptual_modeling.html HTTP/1.1"
2547	2025/03/14 11:30:26	"GET /uv2582fip2582inf210/practice_docker_advanced.html HTTP/1.1"
2547	2025/03/14 11:30:38	"GET /uv2582fip2582inf210/project_part2.html HTTP/1.1"
2547	2025/03/14 11:31:20	"GET /uv2582fip2582inf210/project_presentation.html HTTP/1.1"
2547	2025/03/14 11:31:23	"GET /uv2582fip2582inf210/project_part3.html HTTP/1.1"
2547	2025/03/14 11:32:55	"GET /uv2582fip2582inf210/project_part1.html HTTP/1.1"
2547	2025/03/14 11:35:58	"GET /uv2582fip2582inf210/project_structureui.html HTTP/1.1"
2547	2025/03/14 14:35:29	"GET /uv2582fip2582inf210/project_specifications.html HTTP/1.1"
2547	2025/02/05 14:06:19	"GET /uv2582fip2582inf210/lecture_transaction.html HTTP/1.1"
2547	2025/02/05 14:06:39	"GET /uv2582fip2582inf210/practice_transaction.html HTTP/1.1"
2547	2025/02/05 14:30:04	"GET /uv2582fip2582inf210/practice_transaction_correction.html HTTP/1.1"
2547	2025/02/05 14:35:19	"GET /uv2582fip2582inf210/index.html HTTP/1.1"
2547	2025/02/05 14:35:24	"GET /uv2582fip2582inf210/web_architecture_home.html HTTP/1.1"
2547	2025/02/05 14:39:24	"GET /uv2582fip2582inf210/lecture_technical_architecture.html HTTP/1.1"
2547	2025/02/05 14:39:30	"GET /uv2582fip2582inf210/lecture_software_architecture.html HTTP/1.1"
2547	2025/02/05 14:39:33	"GET /uv2582fip2582inf210/lecture_dto.html HTTP/1.1"
2547	2025/02/05 16:00:48	"GET /uv2582fip2582inf210/lecture_conceptual_modeling.html HTTP/1.1"
2547	2025/02/05 16:00:55	"GET /uv2582fip2582inf210/lecture_modeling_normalization.html HTTP/1.1"
2547	2025/02/10 14:07:47	"GET /uv2582fip2582inf210/web_architecture_home.html HTTP/1.1"
2547	2025/02/10 14:17:01	"GET /uv2582fip2582inf210/lecture_dto.html HTTP/1.1"
2547	2025/02/10 14:17:02	"GET /uv2582fip2582inf210/lecture_software_architecture.html HTTP/1.1"
2547	2025/02/10 15:38:06	"GET /uv2582fip2582inf210/lecture_mvc_spring.html HTTP/1.1"
2547	2025/02/12 11:16:32	"GET /uv2582fip2582inf210/data_home.html HTTP/1.1"
2547	2025/02/12 12:11:44	"GET /uv2582fip2582inf210/lecture_jpa.html HTTP/1.1"
2547	2025/03/03 11:22:10	"GET /uv2582fip2582inf210/project_presentation.html HTTP/1.1"
2547	2025/03/03 11:22:12	"GET /uv2582fip2582inf210/project_part2.html HTTP/1.1"
2547	2025/03/03 11:39:52	"GET /uv2582fip2582inf210/project_part2.html HTTP/1.1"
2547	2025/03/03 14:15:04	"GET /uv2582fip2582inf210/web_architecture_home.html HTTP/1.1"
2547	2025/03/03 14:15:08	"GET /uv2582fip2582inf210/lecture_mvc_spring.html HTTP/1.1"
2547	2025/03/03 14:19:23	"GET /uv2582fip2582inf210/project_presentation.html HTTP/1.1"
2547	2025/03/03 14:19:25	"GET /uv2582fip2582inf210/project_part2.html HTTP/1.1"
2547	2025/03/03 14:25:41	"GET /uv2582fip2582inf210/practice_spring_2tiers.html HTTP/1.1"
2547	2025/03/03 14:25:53	"GET /uv2582fip2582inf210/lecture_jpa.html HTTP/1.1"
2547	2025/03/03 14:26:02	"GET /uv2582fip2582inf210/practice_jpa.html HTTP/1.1"
2547	2025/03/17 19:50:25	"GET /uv2582fip2582inf210/project_presentation.html HTTP/1.1"
2547	2025/03/17 19:50:26	"GET /uv2582fip2582inf210/project_evaluation.html HTTP/1.1"
2547	2025/03/17 19:50:29	"GET /uv2582fip2582inf210/project_specifications.html HTTP/1.1"
2547	2025/01/29 14:12:26	"GET /uv2582fip2582inf210/technical_environment_home.html HTTP/1.1"
2547	2025/01/29 14:20:42	"GET /uv2582fip2582inf210/documentation_docker.html HTTP/1.1"
2547	2025/01/29 14:32:34	"GET /uv2582fip2582inf210/practice_docker.html HTTP/1.1"
2547	2025/01/29 14:53:15	"GET /uv2582fip2582inf210/practice_docker_advanced.html HTTP/1.1"
2547	2025/03/05 11:24:10	"GET /uv2582fip2582inf210/project_presentation.html HTTP/1.1"
2547	2025/03/05 11:24:12	"GET /uv2582fip2582inf210/project_part2.html HTTP/1.1"
2547	2025/03/05 14:01:49	"GET /uv2582fip2582inf210/project_part1.html HTTP/1.1"
