2548	2025/04/02 16:46:12	"GET /uv2582fip2582inf210/data_home.html HTTP/1.1"
2548	2025/04/02 16:46:16	"GET /uv2582fip2582inf210/project_presentation.html HTTP/1.1"
2548	2025/04/02 16:46:18	"GET /uv2582fip2582inf210/project_evaluation.html HTTP/1.1"
2548	2025/02/21 13:53:42	"GET /uv2582fip2582inf210/data_home.html HTTP/1.1"
2548	2025/02/21 13:54:03	"GET /uv2582fip2582inf210/images/prerequisite_data/prerequisite_data_2025.html HTTP/1.1"
2548	2025/02/21 13:54:13	"GET /uv2582fip2582inf210/lecture_normalization.html HTTP/1.1"
2548	2025/02/21 13:54:28	"GET /uv2582fip2582inf210/activity_normalization.html HTTP/1.1"
2548	2025/02/21 13:54:33	"GET /uv2582fip2582inf210/activity_conceptual_modeling.html HTTP/1.1"
2548	2025/02/21 13:54:36	"GET /uv2582fip2582inf210/lecture_conceptual_modeling.html HTTP/1.1"
2548	2025/02/21 13:54:43	"GET /uv2582fip2582inf210/lecture_modeling_normalization.html HTTP/1.1"
2548	2025/04/03 16:57:27	"GET /uv2582fip2582inf210/project_presentation.html HTTP/1.1"
2548	2025/04/03 16:57:44	"GET /uv2582fip2582inf210/project_task_time.html HTTP/1.1"
2548	2025/04/03 18:44:30	"GET /uv2582fip2582inf210/project_presentation.html HTTP/1.1"
2548	2025/02/26 09:53:37	"GET /uv2582fip2582inf210/project_presentation.html HTTP/1.1"
2548	2025/02/26 09:55:35	"GET /uv2582fip2582inf210/project_specifications.html HTTP/1.1"
2548	2025/02/26 10:00:33	"GET /uv2582fip2582inf210/project_part1.html HTTP/1.1"
2548	2025/02/26 10:31:18	"GET /uv2582fip2582inf210/project_task_time.html HTTP/1.1"
2548	2025/02/24 14:08:26	"GET /uv2582fip2582inf210/project_home.html HTTP/1.1"
2548	2025/02/24 14:08:38	"GET /uv2582fip2582inf210/web_architecture_home.html HTTP/1.1"
2548	2025/02/24 14:09:07	"GET /uv2582fip2582inf210/images/prerequisite_archiweb/prerequisite_archiweb_2025.html HTTP/1.1"
2548	2025/02/24 14:09:10	"GET /uv2582fip2582inf210/lecture_json.html HTTP/1.1"
2548	2025/02/24 14:14:07	"GET /uv2582fip2582inf210/lecture_xml.html HTTP/1.1"
2548	2025/02/24 14:58:10	"GET /uv2582fip2582inf210/lecture_jaxb.html HTTP/1.1"
2548	2025/02/24 14:58:23	"GET /uv2582fip2582inf210/practice_xml.html HTTP/1.1"
2548	2025/03/27 23:36:26	"GET /uv2582fip2582inf210/project_presentation.html HTTP/1.1"
2548	2025/03/27 23:36:32	"GET /uv2582fip2582inf210/project_specifications.html HTTP/1.1"
2548	2025/03/28 00:11:45	"GET /uv2582fip2582inf210/technical_environment_home.html HTTP/1.1"
2548	2025/03/28 00:12:32	"GET /uv2582fip2582inf210/documentation_docker.html HTTP/1.1"
2548	2025/03/28 00:12:49	"GET /uv2582fip2582inf210/practice_docker.html HTTP/1.1"
2548	2025/03/28 00:38:35	"GET /uv2582fip2582inf210/documentation_docker.html HTTP/1.1"
2548	2025/03/28 01:35:46	"GET /uv2582fip2582inf210/technical_environment_home.html HTTP/1.1"
2548	2025/03/21 00:32:57	"GET /uv2582fip2582inf210/project_part2.html HTTP/1.1"
2548	2025/02/11 18:54:49	"GET /uv2582fip2582inf210/web_architecture_home.html HTTP/1.1"
2548	2025/02/11 20:21:20	"GET /uv2582fip2582inf210/practice_spring_2tiers.html HTTP/1.1"
2548	2025/02/11 20:29:59	"GET /uv2582fip2582inf210/practice_spring_2tiers_ext.html HTTP/1.1"
2548	2025/02/04 19:13:26	"GET /uv2582fip2582inf210/data_home.html HTTP/1.1"
2548	2025/02/04 19:13:30	"GET /uv2582fip2582inf210/images/prerequisite_data/prerequisite_data_2025.html HTTP/1.1"
2548	2025/02/04 19:35:56	"GET /uv2582fip2582inf210/lecture_relational_model.html HTTP/1.1"
2548	2025/02/04 19:41:26	"GET /uv2582fip2582inf210/lecture_db_integrity.html HTTP/1.1"
2548	2025/02/04 19:41:38	"GET /uv2582fip2582inf210/lecture_modeling_normalization.html HTTP/1.1"
2548	2025/02/04 20:40:32	"GET /uv2582fip2582inf210/activity_relational_model.html HTTP/1.1"
2548	2025/02/04 20:41:09	"GET /uv2582fip2582inf210/activity_relational_model_correction.html HTTP/1.1"
2548	2025/02/04 20:42:51	"GET /uv2582fip2582inf210/lecture_conceptual_modeling.html HTTP/1.1"
2548	2025/02/04 21:07:55	"GET /uv2582fip2582inf210/activity_conceptual_modeling.html HTTP/1.1"
2548	2025/02/04 23:12:29	"GET /uv2582fip2582inf210/activity_normalization.html HTTP/1.1"
2548	2025/02/04 23:20:55	"GET /uv2582fip2582inf210/activity_decomposition.html HTTP/1.1"
2548	2025/02/04 23:34:39	"GET /uv2582fip2582inf210/practice_transaction.html HTTP/1.1"
2548	2025/02/04 23:35:13	"GET /uv2582fip2582inf210/lecture_transaction.html HTTP/1.1"
2548	2025/03/07 14:45:03	"GET /uv2582fip2582inf210/project_presentation.html HTTP/1.1"
2548	2025/03/07 14:45:07	"GET /uv2582fip2582inf210/project_structureui.html HTTP/1.1"
2548	2025/03/07 14:46:29	"GET /uv2582fip2582inf210/project_part3.html HTTP/1.1"
2548	2025/03/07 14:51:19	"GET /uv2582fip2582inf210/project_part1.html HTTP/1.1"
2548	2025/03/07 14:53:17	"GET /uv2582fip2582inf210/project_part2.html HTTP/1.1"
2548	2025/03/07 14:55:38	"GET /uv2582fip2582inf210/project_part3.html HTTP/1.1"
2548	2025/03/07 14:56:42	"GET /uv2582fip2582inf210/project_presentation.html HTTP/1.1"
2548	2025/03/07 14:56:54	"GET /uv2582fip2582inf210/project_specifications.html HTTP/1.1"
2548	2025/01/23 18:31:58	"GET /uv2582fip2582inf210/technical_environment_home.html HTTP/1.1"
2548	2025/02/19 14:16:24	"GET /uv2582fip2582inf210/web_architecture_home.html HTTP/1.1"
2548	2025/02/19 14:16:31	"GET /uv2582fip2582inf210/practice_spring_2tiers.html HTTP/1.1"
2548	2025/03/15 16:47:03	"GET /uv2582fip2582inf210/project_presentation.html HTTP/1.1"
2548	2025/03/15 16:47:08	"GET /uv2582fip2582inf210/project_part1.html HTTP/1.1"
2548	2025/03/15 16:47:15	"GET /uv2582fip2582inf210/project_specifications.html HTTP/1.1"
2548	2025/02/03 14:05:46	"GET /uv2582fip2582inf210/data_home.html HTTP/1.1"
2548	2025/02/03 14:06:12	"GET /uv2582fip2582inf210/lecture_normalization.html HTTP/1.1"
2548	2025/02/03 14:10:01	"GET /uv2582fip2582inf210/lecture_normalization.html HTTP/1.1"
2548	2025/02/03 14:16:35	"GET /uv2582fip2582inf210/activity_normalization.html HTTP/1.1"
2548	2025/02/03 14:16:46	"GET /uv2582fip2582inf210/activity_normalization_correction.html HTTP/1.1"
2548	2025/02/03 14:45:55	"GET /uv2582fip2582inf210/web_architecture_home.html HTTP/1.1"
2548	2025/02/03 14:45:57	"GET /uv2582fip2582inf210/images/prerequisite_archiweb/prerequisite_archiweb_2025.html HTTP/1.1"
2548	2025/02/03 14:49:59	"GET /uv2582fip2582inf210/lecture_technical_architecture.html HTTP/1.1"
2548	2025/02/03 14:59:43	"GET /uv2582fip2582inf210/lecture_software_architecture.html HTTP/1.1"
2548	2025/02/03 15:07:31	"GET /uv2582fip2582inf210/lecture_dto.html HTTP/1.1"
2548	2025/02/03 15:10:28	"GET /uv2582fip2582inf210/lecture_xml.html HTTP/1.1"
2548	2025/02/03 15:11:44	"GET /uv2582fip2582inf210/practice_xml.html HTTP/1.1"
2548	2025/02/03 15:49:53	"GET /uv2582fip2582inf210/lecture_json.html HTTP/1.1"
2548	2025/02/03 15:50:39	"GET /uv2582fip2582inf210/lecture_jpa.html HTTP/1.1"
2548	2025/01/24 09:37:54	"GET /uv2582fip2582inf210/technical_environment_home.html HTTP/1.1"
2548	2025/01/24 09:39:15	"GET /uv2582fip2582inf210/documentation_programming.html HTTP/1.1"
2548	2025/01/24 09:39:45	"GET /uv2582fip2582inf210/documentation_docker.html HTTP/1.1"
2548	2025/01/24 09:40:18	"GET /uv2582fip2582inf210/images/prerequisite_techenv/prerequisite_techenv_2025.html HTTP/1.1"
2548	2025/01/24 11:39:55	"GET /uv2582fip2582inf210/documentation_rdbms.html HTTP/1.1"
2548	2025/01/31 14:09:47	"GET /uv2582fip2582inf210/web_architecture_home.html HTTP/1.1"
2548	2025/01/31 14:10:01	"GET /uv2582fip2582inf210/lecture_technical_architecture.html HTTP/1.1"
2548	2025/01/31 14:10:25	"GET /uv2582fip2582inf210/data_home.html HTTP/1.1"
2548	2025/01/31 14:10:45	"GET /uv2582fip2582inf210/activity_relational_model.html HTTP/1.1"
2548	2025/01/31 14:15:54	"GET /uv2582fip2582inf210/lecture_modeling_normalization.html HTTP/1.1"
2548	2025/01/31 14:16:18	"GET /uv2582fip2582inf210/lecture_conceptual_modeling.html HTTP/1.1"
2548	2025/01/31 14:19:18	"GET /uv2582fip2582inf210/activity_sql.html HTTP/1.1"
2548	2025/01/31 14:22:27	"GET /uv2582fip2582inf210/activity_conceptual_modeling.html HTTP/1.1"
2548	2025/01/31 14:31:29	"GET /uv2582fip2582inf210/activity_relational_model_correction.html HTTP/1.1"
2548	2025/01/31 14:58:16	"GET /uv2582fip2582inf210/activity_conceptual_modeling_correction.html HTTP/1.1"
2548	2025/01/31 15:10:37	"GET /uv2582fip2582inf210/activity_conceptual_modeling_advanced.html HTTP/1.1"
2548	2025/01/31 15:10:48	"GET /uv2582fip2582inf210/activity_conceptual_modeling_advanced_correction.html HTTP/1.1"
2548	2025/01/31 16:03:13	"GET /uv2582fip2582inf210/images/prerequisite_archiweb/prerequisite_archiweb_2025.html HTTP/1.1"
2548	2025/01/31 16:04:01	"GET /uv2582fip2582inf210/technical_environment_home.html HTTP/1.1"
2548	2025/01/31 16:04:12	"GET /uv2582fip2582inf210/images/prerequisite_techenv/prerequisite_techenv_2025.html HTTP/1.1"
2548	2025/01/31 16:04:31	"GET /uv2582fip2582inf210/documentation_docker.html HTTP/1.1"
2548	2025/01/31 16:04:45	"GET /uv2582fip2582inf210/practice_docker.html HTTP/1.1"
2548	2025/01/31 16:20:35	"GET /uv2582fip2582inf210/practice_docker_advanced.html HTTP/1.1"
2548	2025/03/08 21:17:02	"GET /uv2582fip2582inf210/project_presentation.html HTTP/1.1"
2548	2025/03/08 21:17:06	"GET /uv2582fip2582inf210/project_part2.html HTTP/1.1"
2548	2025/03/08 21:17:38	"GET /uv2582fip2582inf210/project_part3.html HTTP/1.1"
2548	2025/03/08 22:37:54	"GET /uv2582fip2582inf210/project_part1.html HTTP/1.1"
2548	2025/03/08 22:38:07	"GET /uv2582fip2582inf210/project_specifications.html HTTP/1.1"
2548	2025/01/30 09:42:05	"GET /uv2582fip2582inf210/PresentationUVINF210/pres.html HTTP/1.1"
2548	2025/01/30 10:40:10	"GET /uv2582fip2582inf210/technical_environment_home.html HTTP/1.1"
2548	2025/01/30 10:40:20	"GET /uv2582fip2582inf210/practice_postgresql.html HTTP/1.1"
2548	2025/01/30 11:15:42	"GET /uv2582fip2582inf210/documentation_rdbms.html HTTP/1.1"
2548	2025/01/30 11:24:35	"GET /uv2582fip2582inf210/index.html HTTP/1.1"
2548	2025/01/30 11:51:22	"GET /uv2582fip2582inf210/lecture_relational_model.html HTTP/1.1"
2548	2025/01/30 12:00:57	"GET /uv2582fip2582inf210/lecture_db_integrity.html HTTP/1.1"
2548	2025/01/30 23:18:34	"GET /uv2582fip2582inf210/practice_docker.html HTTP/1.1"
2548	2025/02/02 16:57:04	"GET /uv2582fip2582inf210/documentation_programming.html HTTP/1.1"
2548	2025/02/02 16:57:26	"GET /uv2582fip2582inf210/practice_spring.html HTTP/1.1"
2548	2025/03/13 12:33:58	"GET /uv2582fip2582inf210/project_presentation.html HTTP/1.1"
2548	2025/03/13 12:34:52	"GET /uv2582fip2582inf210/project_part2.html HTTP/1.1"
2548	2025/03/13 12:36:18	"GET /uv2582fip2582inf210/project_part1.html HTTP/1.1"
2548	2025/03/13 12:36:21	"GET /uv2582fip2582inf210/project_specifications.html HTTP/1.1"
2548	2025/02/05 14:10:45	"GET /uv2582fip2582inf210/web_architecture_home.html HTTP/1.1"
2548	2025/02/05 14:11:21	"GET /uv2582fip2582inf210/images/prerequisite_archiweb/prerequisite_archiweb_2025.html HTTP/1.1"
2548	2025/02/05 14:25:59	"GET /uv2582fip2582inf210/lecture_technical_architecture.html HTTP/1.1"
2548	2025/02/05 14:26:19	"GET /uv2582fip2582inf210/lecture_software_architecture.html HTTP/1.1"
2548	2025/02/05 14:51:41	"GET /uv2582fip2582inf210/lecture_jpa.html HTTP/1.1"
2548	2025/02/05 15:38:51	"GET /uv2582fip2582inf210/technical_environment_home.html HTTP/1.1"
2548	2025/02/05 15:38:57	"GET /uv2582fip2582inf210/documentation_docker.html HTTP/1.1"
2548	2025/02/05 15:39:12	"GET /uv2582fip2582inf210/practice_docker.html HTTP/1.1"
2548	2025/02/05 15:44:06	"GET /uv2582fip2582inf210/lecture_mvc_spring.html HTTP/1.1"
2548	2025/02/10 14:09:14	"GET /uv2582fip2582inf210/web_architecture_home.html HTTP/1.1"
2548	2025/02/10 14:14:38	"GET /uv2582fip2582inf210/lecture_jpa.html HTTP/1.1"
2548	2025/02/10 15:09:57	"GET /uv2582fip2582inf210/practice_jpa.html HTTP/1.1"
2548	2025/02/10 15:37:45	"GET /uv2582fip2582inf210/practice_spring_2tiers_ext.html HTTP/1.1"
2548	2025/03/19 14:02:42	"GET /uv2582fip2582inf210/project_presentation.html HTTP/1.1"
2548	2025/03/19 14:02:46	"GET /uv2582fip2582inf210/project_part2.html HTTP/1.1"
2548	2025/03/04 10:14:49	"GET /uv2582fip2582inf210/project_part2.html HTTP/1.1"
2548	2025/03/04 23:03:21	"GET /uv2582fip2582inf210/project_presentation.html HTTP/1.1"
2548	2025/03/04 23:03:25	"GET /uv2582fip2582inf210/project_part2.html HTTP/1.1"
2548	2025/03/05 00:00:59	"GET /uv2582fip2582inf210/project_presentation.html HTTP/1.1"
2548	2025/03/03 11:19:08	"GET /uv2582fip2582inf210/project_presentation.html HTTP/1.1"
2548	2025/03/03 11:54:45	"GET /uv2582fip2582inf210/project_part2.html HTTP/1.1"
2548	2025/03/16 18:38:38	"GET /uv2582fip2582inf210/project_part2.html HTTP/1.1"
2548	2025/02/09 17:08:56	"GET /uv2582fip2582inf210/web_architecture_home.html HTTP/1.1"
2548	2025/02/09 17:08:58	"GET /uv2582fip2582inf210/images/prerequisite_archiweb/prerequisite_archiweb_2025.html HTTP/1.1"
2548	2025/01/29 14:12:36	"GET /uv2582fip2582inf210/technical_environment_home.html HTTP/1.1"
2548	2025/01/29 14:17:08	"GET /uv2582fip2582inf210/web_architecture_home.html HTTP/1.1"
2548	2025/01/29 14:29:17	"GET /uv2582fip2582inf210/documentation_docker.html HTTP/1.1"
2548	2025/01/29 14:36:55	"GET /uv2582fip2582inf210/practice_docker_advanced.html HTTP/1.1"
2548	2025/01/29 15:05:56	"GET /uv2582fip2582inf210/PresentationUVINF210/pres.html HTTP/1.1"
2548	2025/01/29 15:11:58	"GET /uv2582fip2582inf210/images/prerequisite_techenv/prerequisite_techenv_2025.html HTTP/1.1"
2548	2025/01/29 20:17:40	"GET /uv2582fip2582inf210/lecture_technical_architecture.html HTTP/1.1"
2548	2025/01/29 20:17:58	"GET /uv2582fip2582inf210/data_home.html HTTP/1.1"
2548	2025/01/29 20:18:06	"GET /uv2582fip2582inf210/images/prerequisite_data/prerequisite_data_2025.html HTTP/1.1"
2548	2025/03/10 21:48:28	"GET /uv2582fip2582inf210/web_architecture_home.html HTTP/1.1"
2548	2025/03/10 21:48:53	"GET /uv2582fip2582inf210/project_presentation.html HTTP/1.1"
2548	2025/03/10 21:48:58	"GET /uv2582fip2582inf210/project_part1.html HTTP/1.1"
2548	2025/03/10 21:49:12	"GET /uv2582fip2582inf210/project_part2.html HTTP/1.1"
2548	2025/03/10 21:49:39	"GET /uv2582fip2582inf210/project_specifications.html HTTP/1.1"
