2549	2025/02/20 14:33:22	"GET /uv2582fip2582inf210/data_home.html HTTP/1.1"
2549	2025/02/20 14:33:24	"GET /uv2582fip2582inf210/images/prerequisite_data/prerequisite_data_2025.html HTTP/1.1"
2549	2025/02/20 14:33:32	"GET /uv2582fip2582inf210/activity_normalization.html HTTP/1.1"
2549	2025/02/20 14:38:45	"GET /uv2582fip2582inf210/activity_decomposition.html HTTP/1.1"
2549	2025/02/20 15:28:27	"GET /uv2582fip2582inf210/activity_decomposition_correction.html HTTP/1.1"
2549	2025/02/20 17:39:47	"GET /uv2582fip2582inf210/activity_conceptual_modeling.html HTTP/1.1"
2549	2025/02/20 17:39:48	"GET /uv2582fip2582inf210/lecture_conceptual_modeling.html HTTP/1.1"
2549	2025/02/20 20:40:08	"GET /uv2582fip2582inf210/lecture_normalization.html HTTP/1.1"
2549	2025/02/26 09:50:34	"GET /uv2582fip2582inf210/project_presentation.html HTTP/1.1"
2549	2025/02/26 09:51:13	"GET /uv2582fip2582inf210/project_specifications.html HTTP/1.1"
2549	2025/02/26 09:51:16	"GET /uv2582fip2582inf210/project_part1.html HTTP/1.1"
2549	2025/02/24 14:06:08	"GET /uv2582fip2582inf210/web_architecture_home.html HTTP/1.1"
2549	2025/02/24 14:06:10	"GET /uv2582fip2582inf210/images/prerequisite_archiweb/prerequisite_archiweb_2025.html HTTP/1.1"
2549	2025/02/24 14:06:30	"GET /uv2582fip2582inf210/practice_spring_2tiers_ext.html HTTP/1.1"
2549	2025/02/24 14:07:03	"GET /uv2582fip2582inf210/data_home.html HTTP/1.1"
2549	2025/02/24 14:07:05	"GET /uv2582fip2582inf210/images/prerequisite_data/prerequisite_data_2025.html HTTP/1.1"
2549	2025/02/24 14:07:52	"GET /uv2582fip2582inf210/lecture_independence_views.html HTTP/1.1"
2549	2025/02/24 14:15:29	"GET /uv2582fip2582inf210/activity_conceptual_modeling_advanced.html HTTP/1.1"
2549	2025/02/24 14:15:59	"GET /uv2582fip2582inf210/practice_independence_views.html HTTP/1.1"
2549	2025/02/24 15:15:54	"GET /uv2582fip2582inf210/practice_independence_views_correction.html HTTP/1.1"
2549	2025/03/28 11:28:07	"GET /uv2582fip2582inf210/project_specifications.html HTTP/1.1"
2549	2025/03/20 18:11:03	"GET /uv2582fip2582inf210/project_specifications.html HTTP/1.1"
2549	2025/03/20 19:06:32	"GET /uv2582fip2582inf210/project_part3.html HTTP/1.1"
2549	2025/03/20 19:06:38	"GET /uv2582fip2582inf210/project_structureui.html HTTP/1.1"
2549	2025/03/20 19:07:03	"GET /uv2582fip2582inf210/project_task_time.html HTTP/1.1"
2549	2025/03/20 19:07:39	"GET /uv2582fip2582inf210/project_evaluation.html HTTP/1.1"
2549	2025/02/22 15:30:19	"GET /uv2582fip2582inf210/project_home.html HTTP/1.1"
2549	2025/02/11 21:17:37	"GET /uv2582fip2582inf210/index.html HTTP/1.1"
2549	2025/02/11 21:17:43	"GET /uv2582fip2582inf210/data_home.html HTTP/1.1"
2549	2025/03/07 14:38:25	"GET /uv2582fip2582inf210/project_part2.html HTTP/1.1"
2549	2025/03/07 14:38:29	"GET /uv2582fip2582inf210/project_part3.html HTTP/1.1"
2549	2025/03/07 15:01:02	"GET /uv2582fip2582inf210/project_specifications.html HTTP/1.1"
2549	2025/03/12 18:05:01	"GET /uv2582fip2582inf210/technical_environment_home.html HTTP/1.1"
2549	2025/03/12 18:05:07	"GET /uv2582fip2582inf210/project_presentation.html HTTP/1.1"
2549	2025/03/12 18:05:11	"GET /uv2582fip2582inf210/project_evaluation.html HTTP/1.1"
2549	2025/03/12 18:05:13	"GET /uv2582fip2582inf210/project_specifications.html HTTP/1.1"
2549	2025/02/19 15:44:30	"GET /uv2582fip2582inf210/web_architecture_home.html HTTP/1.1"
2549	2025/02/19 15:44:36	"GET /uv2582fip2582inf210/images/prerequisite_archiweb/prerequisite_archiweb_2025.html HTTP/1.1"
2549	2025/02/19 15:46:50	"GET /uv2582fip2582inf210/lecture_xml.html HTTP/1.1"
2549	2025/02/19 15:52:55	"GET /uv2582fip2582inf210/lecture_validity.html HTTP/1.1"
2549	2025/02/19 15:56:20	"GET /uv2582fip2582inf210/practice_xml.html HTTP/1.1"
2549	2025/02/19 16:13:01	"GET /uv2582fip2582inf210/data_home.html HTTP/1.1"
2549	2025/02/03 14:06:31	"GET /uv2582fip2582inf210/activity_conceptual_modeling.html HTTP/1.1"
2549	2025/02/03 14:31:57	"GET /uv2582fip2582inf210/lecture_normalization.html HTTP/1.1"
2549	2025/02/03 14:34:51	"GET /uv2582fip2582inf210/activity_decomposition.html HTTP/1.1"
2549	2025/02/03 14:35:10	"GET /uv2582fip2582inf210/activity_normalization.html HTTP/1.1"
2549	2025/02/03 14:39:20	"GET /uv2582fip2582inf210/lecture_transaction.html HTTP/1.1"
2549	2025/02/03 14:44:42	"GET /uv2582fip2582inf210/practice_transaction.html HTTP/1.1"
2549	2025/02/03 14:45:55	"GET /uv2582fip2582inf210/documentation_rdbms.html HTTP/1.1"
2549	2025/02/03 16:25:02	"GET /uv2582fip2582inf210/practice_transaction_correction.html HTTP/1.1"
2549	2025/02/03 16:30:22	"GET /uv2582fip2582inf210/activity_sql.html HTTP/1.1"
2549	2025/02/03 16:33:50	"GET /uv2582fip2582inf210/practice_sql.html HTTP/1.1"
2549	2025/02/03 19:02:03	"GET /uv2582fip2582inf210/practice_indexation.html HTTP/1.1"
2549	2025/02/03 19:02:12	"GET /uv2582fip2582inf210/practice_isolation.html HTTP/1.1"
2549	2025/02/03 19:02:33	"GET /uv2582fip2582inf210/web_architecture_home.html HTTP/1.1"
2549	2025/02/03 19:02:34	"GET /uv2582fip2582inf210/images/prerequisite_archiweb/prerequisite_archiweb_2025.html HTTP/1.1"
2549	2025/02/03 19:02:45	"GET /uv2582fip2582inf210/lecture_technical_architecture.html HTTP/1.1"
2549	2025/02/03 21:38:48	"GET /uv2582fip2582inf210/lecture_software_architecture.html HTTP/1.1"
2549	2025/02/03 21:43:08	"GET /uv2582fip2582inf210/lecture_mvc_spring.html HTTP/1.1"
2549	2025/01/24 09:38:18	"GET /uv2582fip2582inf210/technical_environment_home.html HTTP/1.1"
2549	2025/01/24 09:38:35	"GET /uv2582fip2582inf210/images/prerequisite_techenv/prerequisite_techenv_2025.html HTTP/1.1"
2549	2025/01/24 09:43:09	"GET /uv2582fip2582inf210/documentation_docker.html HTTP/1.1"
2549	2025/01/24 09:45:09	"GET /uv2582fip2582inf210/practice_docker.html HTTP/1.1"
2549	2025/01/24 09:54:00	"GET /uv2582fip2582inf210/practice_docker_advanced.html HTTP/1.1"
2549	2025/01/24 10:01:46	"GET /uv2582fip2582inf210/documentation_rdbms.html HTTP/1.1"
2549	2025/01/24 10:05:06	"GET /uv2582fip2582inf210/practice_postgresql.html HTTP/1.1"
2549	2025/01/24 10:06:49	"GET /uv2582fip2582inf210/documentation_programming.html HTTP/1.1"
2549	2025/01/24 10:08:39	"GET /uv2582fip2582inf210/practice_spring.html HTTP/1.1"
2549	2025/01/24 11:41:06	"GET /uv2582fip2582inf210/spring_bean.html HTTP/1.1"
2549	2025/01/24 11:53:09	"GET /uv2582fip2582inf210/inversion_of_control.html HTTP/1.1"
2549	2025/01/31 14:01:40	"GET /uv2582fip2582inf210/images/prerequisite_data/prerequisite_data_2025.html HTTP/1.1"
2549	2025/01/31 14:01:51	"GET /uv2582fip2582inf210/lecture_modeling_normalization.html HTTP/1.1"
2549	2025/01/31 14:10:08	"GET /uv2582fip2582inf210/activity_relational_model.html HTTP/1.1"
2549	2025/01/31 14:12:18	"GET /uv2582fip2582inf210/lecture_conceptual_modeling.html HTTP/1.1"
2549	2025/01/31 15:36:56	"GET /uv2582fip2582inf210/activity_conceptual_modeling_correction.html HTTP/1.1"
2549	2025/01/31 15:37:52	"GET /uv2582fip2582inf210/lecture_normalization.html HTTP/1.1"
2549	2025/01/31 15:47:09	"GET /uv2582fip2582inf210/activity_normalization.html HTTP/1.1"
2549	2025/01/31 15:47:29	"GET /uv2582fip2582inf210/activity_decomposition.html HTTP/1.1"
2549	2025/01/31 18:30:47	"GET /uv2582fip2582inf210/lecture_normalization.html HTTP/1.1"
2549	2025/01/31 18:50:44	"GET /uv2582fip2582inf210/licence.html HTTP/1.1"
2549	2025/01/30 09:35:01	"GET /uv2582fip2582inf210/data_home.html HTTP/1.1"
2549	2025/01/30 09:35:28	"GET /uv2582fip2582inf210/project_home.html HTTP/1.1"
2549	2025/01/30 09:38:50	"GET /uv2582fip2582inf210/images/prerequisite_data/prerequisite_data_2025.html HTTP/1.1"
2549	2025/01/30 09:38:53	"GET /uv2582fip2582inf210/lecture_relational_model.html HTTP/1.1"
2549	2025/01/30 09:53:18	"GET /uv2582fip2582inf210/lecture_db_integrity.html HTTP/1.1"
2549	2025/01/30 10:22:22	"GET /uv2582fip2582inf210/activity_relational_model.html HTTP/1.1"
2549	2025/01/30 11:13:26	"GET /uv2582fip2582inf210/activity_relational_model_correction.html HTTP/1.1"
2549	2025/01/30 11:51:59	"GET /uv2582fip2582inf210/lecture_relational_algebra.html HTTP/1.1"
2549	2025/01/30 11:52:15	"GET /uv2582fip2582inf210/lecture_modeling_normalization.html HTTP/1.1"
2549	2025/01/30 11:52:28	"GET /uv2582fip2582inf210/activity_conceptual_modeling.html HTTP/1.1"
2549	2025/02/02 10:44:22	"GET /uv2582fip2582inf210/data_home.html HTTP/1.1"
2549	2025/02/02 10:44:24	"GET /uv2582fip2582inf210/images/prerequisite_data/prerequisite_data_2025.html HTTP/1.1"
2549	2025/03/14 17:25:16	"GET /uv2582fip2582inf210/technical_environment_home.html HTTP/1.1"
2549	2025/03/14 18:12:19	"GET /uv2582fip2582inf210/project_specifications.html HTTP/1.1"
2549	2025/01/22 14:39:09	"GET /uv2582fip2582inf210/PresentationUVINF210/pres.html HTTP/1.1"
2549	2025/01/22 14:39:27	"GET /uv2582fip2582inf210/technical_environment_home.html HTTP/1.1"
2549	2025/01/22 14:39:36	"GET /uv2582fip2582inf210/images/prerequisite_techenv/prerequisite_techenv_2025.html HTTP/1.1"
2549	2025/01/22 14:44:33	"GET /uv2582fip2582inf210/web_architecture_home.html HTTP/1.1"
2549	2025/01/22 14:44:35	"GET /uv2582fip2582inf210/images/prerequisite_archiweb/prerequisite_archiweb_2025.html HTTP/1.1"
2549	2025/01/22 14:52:23	"GET /uv2582fip2582inf210/documentation_docker.html HTTP/1.1"
2549	2025/01/22 14:52:35	"GET /uv2582fip2582inf210/practice_docker_advanced.html HTTP/1.1"
2549	2025/01/22 14:52:50	"GET /uv2582fip2582inf210/documentation_rdbms.html HTTP/1.1"
2549	2025/03/13 18:02:07	"GET /uv2582fip2582inf210/project_presentation.html HTTP/1.1"
2549	2025/03/13 18:02:12	"GET /uv2582fip2582inf210/project_specifications.html HTTP/1.1"
2549	2025/03/06 08:59:57	"GET /uv2582fip2582inf210/project_presentation.html HTTP/1.1"
2549	2025/03/06 09:00:02	"GET /uv2582fip2582inf210/project_part2.html HTTP/1.1"
2549	2025/02/05 14:05:05	"GET /uv2582fip2582inf210/web_architecture_home.html HTTP/1.1"
2549	2025/02/05 14:05:07	"GET /uv2582fip2582inf210/images/prerequisite_archiweb/prerequisite_archiweb_2025.html HTTP/1.1"
2549	2025/02/05 14:06:01	"GET /uv2582fip2582inf210/lecture_software_architecture.html HTTP/1.1"
2549	2025/02/05 14:06:16	"GET /uv2582fip2582inf210/lecture_technical_architecture.html HTTP/1.1"
2549	2025/02/05 14:08:23	"GET /uv2582fip2582inf210/practice_jpa.html HTTP/1.1"
2549	2025/02/05 14:09:41	"GET /uv2582fip2582inf210/practice_jpa_advanced.html HTTP/1.1"
2549	2025/02/05 14:23:46	"GET /uv2582fip2582inf210/lecture_mvc_spring.html HTTP/1.1"
2549	2025/02/05 14:38:28	"GET /uv2582fip2582inf210/practice_spring_2tiers.html HTTP/1.1"
2549	2025/02/05 15:37:06	"GET /uv2582fip2582inf210/index.html HTTP/1.1"
2549	2025/02/05 15:37:09	"GET /uv2582fip2582inf210/technical_environment_home.html HTTP/1.1"
2549	2025/02/05 15:37:15	"GET /uv2582fip2582inf210/images/prerequisite_techenv/prerequisite_techenv_2025.html HTTP/1.1"
2549	2025/02/05 15:37:17	"GET /uv2582fip2582inf210/practice_spring.html HTTP/1.1"
2549	2025/02/05 16:02:57	"GET /uv2582fip2582inf210/practice_postgresql.html HTTP/1.1"
2549	2025/02/05 16:03:49	"GET /uv2582fip2582inf210/documentation_docker.html HTTP/1.1"
2549	2025/02/05 16:04:01	"GET /uv2582fip2582inf210/practice_docker.html HTTP/1.1"
2549	2025/02/10 14:03:36	"GET /uv2582fip2582inf210/web_architecture_home.html HTTP/1.1"
2549	2025/02/10 14:03:37	"GET /uv2582fip2582inf210/images/prerequisite_archiweb/prerequisite_archiweb_2025.html HTTP/1.1"
2549	2025/02/10 14:03:43	"GET /uv2582fip2582inf210/practice_spring_2tiers.html HTTP/1.1"
2549	2025/02/10 18:13:57	"GET /uv2582fip2582inf210/practice_spring_2tiers_ext.html HTTP/1.1"
2549	2025/02/10 19:08:40	"GET /uv2582fip2582inf210/lecture_software_architecture.html HTTP/1.1"
2549	2025/02/10 19:09:11	"GET /uv2582fip2582inf210/lecture_dto.html HTTP/1.1"
2549	2025/03/19 08:27:16	"GET /uv2582fip2582inf210/project_specifications.html HTTP/1.1"
2549	2025/02/12 09:34:44	"GET /uv2582fip2582inf210/web_architecture_home.html HTTP/1.1"
2549	2025/02/12 09:35:38	"GET /uv2582fip2582inf210/data_home.html HTTP/1.1"
2549	2025/02/12 09:36:22	"GET /uv2582fip2582inf210/lecture_jpa.html HTTP/1.1"
2549	2025/02/12 09:46:33	"GET /uv2582fip2582inf210/practice_jpa.html HTTP/1.1"
2549	2025/02/12 14:36:57	"GET /uv2582fip2582inf210/practice_jpa_advanced.html HTTP/1.1"
2549	2025/03/11 13:14:21	"GET /uv2582fip2582inf210/project_presentation.html HTTP/1.1"
2549	2025/03/11 13:14:29	"GET /uv2582fip2582inf210/project_specifications.html HTTP/1.1"
2549	2025/03/03 11:09:26	"GET /uv2582fip2582inf210/project_presentation.html HTTP/1.1"
2549	2025/03/03 11:09:29	"GET /uv2582fip2582inf210/project_part2.html HTTP/1.1"
2549	2025/03/03 11:09:52	"GET /uv2582fip2582inf210/project_part1.html HTTP/1.1"
2549	2025/03/03 11:10:07	"GET /uv2582fip2582inf210/project_specifications.html HTTP/1.1"
2549	2025/03/03 18:31:48	"GET /uv2582fip2582inf210/index.html HTTP/1.1"
2549	2025/03/03 18:32:03	"GET /uv2582fip2582inf210/web_architecture_home.html HTTP/1.1"
2549	2025/03/03 18:32:06	"GET /uv2582fip2582inf210/data_home.html HTTP/1.1"
2549	2025/03/03 18:32:10	"GET /uv2582fip2582inf210/images/prerequisite_data/prerequisite_data_2025.html HTTP/1.1"
2549	2025/03/03 18:32:12	"GET /uv2582fip2582inf210/practice_advanced_sql.html HTTP/1.1"
2549	2025/03/03 18:32:30	"GET /uv2582fip2582inf210/practice_advanced_sql_correction.html HTTP/1.1"
2549	2025/02/01 09:42:46	"GET /uv2582fip2582inf210/index.html HTTP/1.1"
2549	2025/02/01 09:42:49	"GET /uv2582fip2582inf210/web_architecture_home.html HTTP/1.1"
2549	2025/02/01 09:43:16	"GET /uv2582fip2582inf210/project_home.html HTTP/1.1"
2549	2025/02/14 09:33:41	"GET /uv2582fip2582inf210/practice_jpa_advanced.html HTTP/1.1"
2549	2025/02/14 20:43:28	"GET /uv2582fip2582inf210/index.html HTTP/1.1"
2549	2025/02/14 20:43:40	"GET /uv2582fip2582inf210/web_architecture_home.html HTTP/1.1"
2549	2025/02/14 20:45:51	"GET /uv2582fip2582inf210/images/prerequisite_archiweb/prerequisite_archiweb_2025.html HTTP/1.1"
2549	2025/02/14 20:46:00	"GET /uv2582fip2582inf210/practice_xml.html HTTP/1.1"
2549	2025/01/29 14:06:07	"GET /uv2582fip2582inf210/technical_environment_home.html HTTP/1.1"
2549	2025/01/29 14:06:09	"GET /uv2582fip2582inf210/images/prerequisite_techenv/prerequisite_techenv_2025.html HTTP/1.1"
2549	2025/01/29 14:06:11	"GET /uv2582fip2582inf210/spring_bean.html HTTP/1.1"
2549	2025/01/29 14:07:11	"GET /uv2582fip2582inf210/inversion_of_control.html HTTP/1.1"
2549	2025/01/29 14:55:44	"GET /uv2582fip2582inf210/practice_docker_advanced.html HTTP/1.1"
2549	2025/01/29 14:59:27	"GET /uv2582fip2582inf210/documentation_rdbms.html HTTP/1.1"
2549	2025/01/29 15:05:19	"GET /uv2582fip2582inf210/documentation_programming.html HTTP/1.1"
2549	2025/01/29 15:05:27	"GET /uv2582fip2582inf210/practice_postgresql.html HTTP/1.1"
2549	2025/01/29 15:05:34	"GET /uv2582fip2582inf210/index.html HTTP/1.1"
2549	2025/01/29 15:05:36	"GET /uv2582fip2582inf210/web_architecture_home.html HTTP/1.1"
2549	2025/01/29 15:05:45	"GET /uv2582fip2582inf210/images/prerequisite_archiweb/prerequisite_archiweb_2025.html HTTP/1.1"
2549	2025/01/29 15:11:06	"GET /uv2582fip2582inf210/lecture_technical_architecture.html HTTP/1.1"
2549	2025/01/29 15:11:19	"GET /uv2582fip2582inf210/lecture_mvc_spring.html HTTP/1.1"
2549	2025/03/05 14:04:15	"GET /uv2582fip2582inf210/index.html HTTP/1.1"
2549	2025/03/05 14:04:18	"GET /uv2582fip2582inf210/project_presentation.html HTTP/1.1"
2549	2025/02/13 18:31:13	"GET /uv2582fip2582inf210/practice_jpa_advanced.html HTTP/1.1"
