255	2025/02/21 14:03:39	"GET /uv2582fip2582inf210/index.html HTTP/1.1"
255	2025/02/21 14:03:44	"GET /uv2582fip2582inf210/data_home.html HTTP/1.1"
255	2025/02/21 14:03:49	"GET /uv2582fip2582inf210/lecture_normalization.html HTTP/1.1"
255	2025/02/21 14:57:10	"GET /uv2582fip2582inf210/web_architecture_home.html HTTP/1.1"
255	2025/02/26 09:49:13	"GET /uv2582fip2582inf210/index.html HTTP/1.1"
255	2025/02/26 09:50:49	"GET /uv2582fip2582inf210/project_presentation.html HTTP/1.1"
255	2025/02/26 09:50:53	"GET /uv2582fip2582inf210/project_part1.html HTTP/1.1"
255	2025/02/26 09:52:56	"GET /uv2582fip2582inf210/project_specifications.html HTTP/1.1"
255	2025/02/26 14:38:39	"GET /uv2582fip2582inf210/index.html HTTP/1.1"
255	2025/02/26 14:41:00	"GET /uv2582fip2582inf210/data_home.html HTTP/1.1"
255	2025/02/24 14:01:45	"GET /uv2582fip2582inf210/index.html HTTP/1.1"
255	2025/02/24 14:01:48	"GET /uv2582fip2582inf210/project_home.html HTTP/1.1"
255	2025/02/24 14:04:09	"GET /uv2582fip2582inf210/web_architecture_home.html HTTP/1.1"
255	2025/02/24 14:07:00	"GET /uv2582fip2582inf210/practice_spring_2tiers_ext.html HTTP/1.1"
255	2025/02/24 14:27:20	"GET /uv2582fip2582inf210/lecture_dto.html HTTP/1.1"
255	2025/02/24 14:31:40	"GET /uv2582fip2582inf210/lecture_jpa.html HTTP/1.1"
255	2025/02/24 16:16:18	"GET /uv2582fip2582inf210/index.html HTTP/1.1"
255	2025/02/24 16:16:27	"GET /uv2582fip2582inf210/web_architecture_home.html HTTP/1.1"
255	2025/02/24 16:25:56	"GET /uv2582fip2582inf210/practice_spring_2tiers_ext.html HTTP/1.1"
255	2025/02/11 13:13:25	"GET /uv2582fip2582inf210/index.html HTTP/1.1"
255	2025/02/11 13:13:38	"GET /uv2582fip2582inf210/lecture_normalization.html HTTP/1.1"
255	2025/03/07 14:39:39	"GET /uv2582fip2582inf210/index.html HTTP/1.1"
255	2025/03/07 14:41:49	"GET /uv2582fip2582inf210/project_presentation.html HTTP/1.1"
255	2025/03/07 14:41:52	"GET /uv2582fip2582inf210/project_part2.html HTTP/1.1"
255	2025/03/07 15:36:28	"GET /uv2582fip2582inf210/data_home.html HTTP/1.1"
255	2025/03/07 15:36:32	"GET /uv2582fip2582inf210/web_architecture_home.html HTTP/1.1"
255	2025/03/07 15:36:44	"GET /uv2582fip2582inf210/project_presentation.html HTTP/1.1"
255	2025/03/07 15:38:55	"GET /uv2582fip2582inf210/project_part3.html HTTP/1.1"
255	2025/03/07 16:18:43	"GET /uv2582fip2582inf210/project_part2.html HTTP/1.1"
255	2025/03/07 16:19:23	"GET /uv2582fip2582inf210/project_part3.html HTTP/1.1"
255	2025/03/12 12:41:07	"GET /uv2582fip2582inf210/project_presentation.html HTTP/1.1"
255	2025/03/12 12:41:22	"GET /uv2582fip2582inf210/project_specifications.html HTTP/1.1"
255	2025/02/19 07:40:20	"GET /uv2582fip2582inf210/index.html HTTP/1.1"
255	2025/02/19 07:40:25	"GET /uv2582fip2582inf210/data_home.html HTTP/1.1"
255	2025/02/19 07:40:33	"GET /uv2582fip2582inf210/activity_conceptual_modeling.html HTTP/1.1"
255	2025/02/19 07:40:35	"GET /uv2582fip2582inf210/lecture_conceptual_modeling.html HTTP/1.1"
255	2025/02/19 08:25:07	"GET /uv2582fip2582inf210/lecture_relational_model.html HTTP/1.1"
255	2025/02/19 08:25:13	"GET /uv2582fip2582inf210/lecture_db_integrity.html HTTP/1.1"
255	2025/02/19 08:26:10	"GET /uv2582fip2582inf210/lecture_relational_model.html HTTP/1.1"
255	2025/02/19 08:26:25	"GET /uv2582fip2582inf210/lecture_db_integrity.html HTTP/1.1"
255	2025/02/19 08:26:29	"GET /uv2582fip2582inf210/activity_relational_model.html HTTP/1.1"
255	2025/02/19 08:26:40	"GET /uv2582fip2582inf210/lecture_modeling_normalization.html HTTP/1.1"
255	2025/02/19 08:26:43	"GET /uv2582fip2582inf210/lecture_conceptual_modeling.html HTTP/1.1"
255	2025/02/19 08:26:51	"GET /uv2582fip2582inf210/lecture_normalization.html HTTP/1.1"
255	2025/02/19 08:26:58	"GET /uv2582fip2582inf210/activity_sql.html HTTP/1.1"
255	2025/02/19 08:27:08	"GET /uv2582fip2582inf210/practice_sql.html HTTP/1.1"
255	2025/02/19 08:27:13	"GET /uv2582fip2582inf210/lecture_transaction.html HTTP/1.1"
255	2025/02/19 08:27:18	"GET /uv2582fip2582inf210/practice_transaction.html HTTP/1.1"
255	2025/02/19 13:04:17	"GET /uv2582fip2582inf210/index.html HTTP/1.1"
255	2025/02/19 13:12:21	"GET /uv2582fip2582inf210/web_architecture_home.html HTTP/1.1"
255	2025/02/19 13:12:29	"GET /uv2582fip2582inf210/lecture_mvc_spring.html HTTP/1.1"
255	2025/02/19 14:01:12	"GET /uv2582fip2582inf210/index.html HTTP/1.1"
255	2025/02/19 16:07:16	"GET /uv2582fip2582inf210/practice_spring_2tiers.html HTTP/1.1"
255	2025/02/03 09:49:48	"GET /uv2582fip2582inf210/data_home.html HTTP/1.1"
255	2025/02/03 09:49:50	"GET /uv2582fip2582inf210/activity_sql.html HTTP/1.1"
255	2025/02/03 10:04:10	"GET /uv2582fip2582inf210/activity_sql_correction.html HTTP/1.1"
255	2025/02/03 10:26:27	"GET /uv2582fip2582inf210/practice_sql.html HTTP/1.1"
255	2025/02/03 10:28:25	"GET /uv2582fip2582inf210/documentation_rdbms.html HTTP/1.1"
255	2025/02/03 10:28:47	"GET /uv2582fip2582inf210/practice_postgresql.html HTTP/1.1"
255	2025/02/03 10:29:03	"GET /uv2582fip2582inf210/practice_docker.html HTTP/1.1"
255	2025/02/03 10:29:18	"GET /uv2582fip2582inf210/documentation_docker.html HTTP/1.1"
255	2025/02/03 10:29:21	"GET /uv2582fip2582inf210/practice_docker_advanced.html HTTP/1.1"
255	2025/02/03 10:29:31	"GET /uv2582fip2582inf210/documentation_rdbms.html HTTP/1.1"
255	2025/02/03 10:29:38	"GET /uv2582fip2582inf210/practice_postgresql.html HTTP/1.1"
255	2025/02/03 10:29:50	"GET /uv2582fip2582inf210/technical_environment_home.html HTTP/1.1"
255	2025/02/03 10:29:59	"GET /uv2582fip2582inf210/practice_docker.html HTTP/1.1"
255	2025/02/03 11:08:04	"GET /uv2582fip2582inf210/practice_sql_correction.html HTTP/1.1"
255	2025/02/03 11:45:20	"GET /uv2582fip2582inf210/lecture_transaction.html HTTP/1.1"
255	2025/02/03 11:47:43	"GET /uv2582fip2582inf210/practice_transaction.html HTTP/1.1"
255	2025/02/03 11:53:19	"GET /uv2582fip2582inf210/activity_sql.html HTTP/1.1"
255	2025/02/03 11:53:34	"GET /uv2582fip2582inf210/practice_sql.html HTTP/1.1"
255	2025/02/16 10:06:59	"GET /uv2582fip2582inf210/index.html HTTP/1.1"
255	2025/02/16 10:14:06	"GET /uv2582fip2582inf210/data_home.html HTTP/1.1"
255	2025/02/16 10:14:14	"GET /uv2582fip2582inf210/lecture_conceptual_modeling.html HTTP/1.1"
255	2025/02/16 10:21:39	"GET /uv2582fip2582inf210/activity_conceptual_modeling.html HTTP/1.1"
255	2025/02/16 10:21:42	"GET /uv2582fip2582inf210/lecture_normalization.html HTTP/1.1"
255	2025/02/16 10:33:09	"GET /uv2582fip2582inf210/lecture_mvc_spring.html HTTP/1.1"
255	2025/02/16 10:37:26	"GET /uv2582fip2582inf210/lecture_jpa.html HTTP/1.1"
255	2025/01/24 09:39:28	"GET /uv2582fip2582inf210/technical_environment_home.html HTTP/1.1"
255	2025/01/24 09:54:43	"GET /uv2582fip2582inf210/documentation_docker.html HTTP/1.1"
255	2025/01/24 09:59:53	"GET /uv2582fip2582inf210/practice_docker.html HTTP/1.1"
255	2025/01/24 09:59:54	"GET /uv2582fip2582inf210/practice_docker_advanced.html HTTP/1.1"
255	2025/01/24 09:59:56	"GET /uv2582fip2582inf210/documentation_rdbms.html HTTP/1.1"
255	2025/01/24 09:59:57	"GET /uv2582fip2582inf210/practice_postgresql.html HTTP/1.1"
255	2025/01/24 10:43:42	"GET /uv2582fip2582inf210/practice_docker.html HTTP/1.1"
255	2025/01/24 11:30:55	"GET /uv2582fip2582inf210/documentation_programming.html HTTP/1.1"
255	2025/01/24 11:32:59	"GET /uv2582fip2582inf210/inversion_of_control.html HTTP/1.1"
255	2025/01/24 11:35:48	"GET /uv2582fip2582inf210/practice_spring.html HTTP/1.1"
255	2025/01/31 14:06:25	"GET /uv2582fip2582inf210/index.html HTTP/1.1"
255	2025/01/31 14:06:28	"GET /uv2582fip2582inf210/technical_environment_home.html HTTP/1.1"
255	2025/01/31 14:16:12	"GET /uv2582fip2582inf210/documentation_docker.html HTTP/1.1"
255	2025/01/31 14:21:08	"GET /uv2582fip2582inf210/practice_docker.html HTTP/1.1"
255	2025/01/31 14:30:47	"GET /uv2582fip2582inf210/practice_docker_advanced.html HTTP/1.1"
255	2025/01/31 14:30:56	"GET /uv2582fip2582inf210/web_architecture_home.html HTTP/1.1"
255	2025/01/31 14:31:04	"GET /uv2582fip2582inf210/data_home.html HTTP/1.1"
255	2025/01/31 14:31:07	"GET /uv2582fip2582inf210/lecture_conceptual_modeling.html HTTP/1.1"
255	2025/01/31 14:49:11	"GET /uv2582fip2582inf210/activity_conceptual_modeling.html HTTP/1.1"
255	2025/01/31 15:13:54	"GET /uv2582fip2582inf210/activity_conceptual_modeling_correction.html HTTP/1.1"
255	2025/01/31 15:37:50	"GET /uv2582fip2582inf210/activity_conceptual_modeling_advanced.html HTTP/1.1"
255	2025/01/31 15:44:26	"GET /uv2582fip2582inf210/activity_decomposition.html HTTP/1.1"
255	2025/01/31 15:44:30	"GET /uv2582fip2582inf210/lecture_normalization.html HTTP/1.1"
255	2025/01/31 16:01:26	"GET /uv2582fip2582inf210/lecture_normalization.html HTTP/1.1"
255	2025/01/31 16:18:25	"GET /uv2582fip2582inf210/lecture_independence_views.html HTTP/1.1"
255	2025/01/31 16:35:32	"GET /uv2582fip2582inf210/images/prerequisite_archiweb/prerequisite_archiweb_2025.html HTTP/1.1"
255	2025/01/31 16:36:07	"GET /uv2582fip2582inf210/lecture_jpa.html HTTP/1.1"
255	2025/01/31 16:36:23	"GET /uv2582fip2582inf210/lecture_xml.html HTTP/1.1"
255	2025/01/31 16:39:33	"GET /uv2582fip2582inf210/lecture_jaxb.html HTTP/1.1"
255	2025/01/30 09:35:01	"GET /uv2582fip2582inf210/practice_docker.html HTTP/1.1"
255	2025/01/30 09:35:15	"GET /uv2582fip2582inf210/data_home.html HTTP/1.1"
255	2025/01/30 09:41:59	"GET /uv2582fip2582inf210/lecture_db_integrity.html HTTP/1.1"
255	2025/01/30 09:42:00	"GET /uv2582fip2582inf210/lecture_relational_model.html HTTP/1.1"
255	2025/01/30 10:12:32	"GET /uv2582fip2582inf210/activity_relational_model.html HTTP/1.1"
255	2025/01/30 10:18:49	"GET /uv2582fip2582inf210/lecture_relational_algebra.html HTTP/1.1"
255	2025/01/30 10:30:02	"GET /uv2582fip2582inf210/activity_relational_model_correction.html HTTP/1.1"
255	2025/01/30 11:51:34	"GET /uv2582fip2582inf210/lecture_modeling_normalization.html HTTP/1.1"
255	2025/01/30 12:13:43	"GET /uv2582fip2582inf210/activity_conceptual_modeling.html HTTP/1.1"
255	2025/01/30 12:40:49	"GET /uv2582fip2582inf210/index.html HTTP/1.1"
255	2025/01/30 13:06:19	"GET /uv2582fip2582inf210/web_architecture_home.html HTTP/1.1"
255	2025/03/09 10:01:57	"GET /uv2582fip2582inf210/index.html HTTP/1.1"
255	2025/03/09 10:01:59	"GET /uv2582fip2582inf210/project_presentation.html HTTP/1.1"
255	2025/03/09 10:02:05	"GET /uv2582fip2582inf210/project_specifications.html HTTP/1.1"
255	2025/02/17 14:04:19	"GET /uv2582fip2582inf210/index.html HTTP/1.1"
255	2025/02/17 14:04:25	"GET /uv2582fip2582inf210/web_architecture_home.html HTTP/1.1"
255	2025/02/17 14:05:19	"GET /uv2582fip2582inf210/data_home.html HTTP/1.1"
255	2025/02/02 10:41:38	"GET /uv2582fip2582inf210/index.html HTTP/1.1"
255	2025/02/02 10:41:42	"GET /uv2582fip2582inf210/data_home.html HTTP/1.1"
255	2025/02/02 10:41:44	"GET /uv2582fip2582inf210/lecture_modeling_normalization.html HTTP/1.1"
255	2025/02/02 10:54:42	"GET /uv2582fip2582inf210/lecture_conceptual_modeling.html HTTP/1.1"
255	2025/02/02 11:38:12	"GET /uv2582fip2582inf210/activity_conceptual_modeling.html HTTP/1.1"
255	2025/02/02 11:38:15	"GET /uv2582fip2582inf210/lecture_normalization.html HTTP/1.1"
255	2025/02/05 14:09:27	"GET /uv2582fip2582inf210/index.html HTTP/1.1"
255	2025/02/05 14:32:33	"GET /uv2582fip2582inf210/web_architecture_home.html HTTP/1.1"
255	2025/02/05 14:32:39	"GET /uv2582fip2582inf210/data_home.html HTTP/1.1"
255	2025/02/05 14:32:45	"GET /uv2582fip2582inf210/lecture_transaction.html HTTP/1.1"
255	2025/02/05 14:32:49	"GET /uv2582fip2582inf210/practice_transaction.html HTTP/1.1"
255	2025/02/05 16:16:23	"GET /uv2582fip2582inf210/images/prerequisite_data/prerequisite_data_2025.html HTTP/1.1"
255	2025/02/05 16:16:27	"GET /uv2582fip2582inf210/lecture_indexation.html HTTP/1.1"
255	2025/02/05 16:24:16	"GET /uv2582fip2582inf210/practice_indexation.html HTTP/1.1"
255	2025/02/05 16:26:23	"GET /uv2582fip2582inf210/lecture_mvc_spring.html HTTP/1.1"
255	2025/02/05 16:33:43	"GET /uv2582fip2582inf210/lecture_jpa.html HTTP/1.1"
255	2025/02/10 07:47:49	"GET /uv2582fip2582inf210/index.html HTTP/1.1"
255	2025/02/10 07:51:10	"GET /uv2582fip2582inf210/data_home.html HTTP/1.1"
255	2025/02/10 07:51:17	"GET /uv2582fip2582inf210/lecture_transaction.html HTTP/1.1"
255	2025/02/10 07:53:53	"GET /uv2582fip2582inf210/practice_transaction.html HTTP/1.1"
255	2025/02/10 07:57:39	"GET /uv2582fip2582inf210/practice_transaction_correction.html HTTP/1.1"
255	2025/02/10 14:03:24	"GET /uv2582fip2582inf210/lecture_modeling_normalization.html HTTP/1.1"
255	2025/02/10 14:10:53	"GET /uv2582fip2582inf210/lecture_conceptual_modeling.html HTTP/1.1"
255	2025/02/10 14:11:00	"GET /uv2582fip2582inf210/activity_conceptual_modeling.html HTTP/1.1"
255	2025/02/10 14:13:30	"GET /uv2582fip2582inf210/lecture_normalization.html HTTP/1.1"
255	2025/02/10 14:59:51	"GET /uv2582fip2582inf210/activity_normalization.html HTTP/1.1"
255	2025/02/10 15:50:28	"GET /uv2582fip2582inf210/lecture_isolation.html HTTP/1.1"
255	2025/02/10 15:50:30	"GET /uv2582fip2582inf210/activity_sql.html HTTP/1.1"
255	2025/02/10 15:50:34	"GET /uv2582fip2582inf210/practice_sql.html HTTP/1.1"
255	2025/02/10 16:08:26	"GET /uv2582fip2582inf210/lecture_db_integrity.html HTTP/1.1"
255	2025/02/10 16:08:29	"GET /uv2582fip2582inf210/lecture_relational_model.html HTTP/1.1"
255	2025/02/10 16:10:11	"GET /uv2582fip2582inf210/web_architecture_home.html HTTP/1.1"
255	2025/02/10 16:10:25	"GET /uv2582fip2582inf210/lecture_technical_architecture.html HTTP/1.1"
255	2025/02/10 16:14:22	"GET /uv2582fip2582inf210/lecture_mvc_spring.html HTTP/1.1"
255	2025/02/10 16:36:51	"GET /uv2582fip2582inf210/lecture_software_architecture.html HTTP/1.1"
255	2025/02/10 16:37:15	"GET /uv2582fip2582inf210/lecture_dto.html HTTP/1.1"
255	2025/02/10 16:39:16	"GET /uv2582fip2582inf210/lecture_xml.html HTTP/1.1"
255	2025/02/10 20:16:45	"GET /uv2582fip2582inf210/index.html HTTP/1.1"
255	2025/02/12 09:38:28	"GET /uv2582fip2582inf210/lecture_normalization.html HTTP/1.1"
255	2025/02/12 09:38:30	"GET /uv2582fip2582inf210/index.html HTTP/1.1"
255	2025/02/12 11:47:07	"GET /uv2582fip2582inf210/lecture_jpa.html HTTP/1.1"
255	2025/02/12 11:47:09	"GET /uv2582fip2582inf210/lecture_mvc_spring.html HTTP/1.1"
255	2025/02/12 14:15:18	"GET /uv2582fip2582inf210/lecture_normalization.html HTTP/1.1"
255	2025/02/12 14:15:42	"GET /uv2582fip2582inf210/practice_jpa.html HTTP/1.1"
255	2025/03/11 19:47:28	"GET /uv2582fip2582inf210/index.html HTTP/1.1"
255	2025/03/11 19:47:31	"GET /uv2582fip2582inf210/technical_environment_home.html HTTP/1.1"
255	2025/03/11 19:47:37	"GET /uv2582fip2582inf210/project_presentation.html HTTP/1.1"
255	2025/03/11 19:47:48	"GET /uv2582fip2582inf210/project_specifications.html HTTP/1.1"
255	2025/03/03 09:01:03	"GET /uv2582fip2582inf210/index.html HTTP/1.1"
255	2025/03/03 09:01:08	"GET /uv2582fip2582inf210/project_presentation.html HTTP/1.1"
255	2025/03/03 09:02:16	"GET /uv2582fip2582inf210/project_specifications.html HTTP/1.1"
255	2025/03/03 09:19:40	"GET /uv2582fip2582inf210/project_part2.html HTTP/1.1"
255	2025/03/03 11:23:22	"GET /uv2582fip2582inf210/project_part2.html HTTP/1.1"
255	2025/03/03 11:36:54	"GET /uv2582fip2582inf210/project_part2.html HTTP/1.1"
255	2025/03/03 15:04:29	"GET /uv2582fip2582inf210/project_part2.html HTTP/1.1"
255	2025/03/03 16:52:48	"GET /uv2582fip2582inf210/project_part2.html HTTP/1.1"
255	2025/02/01 22:38:27	"GET /uv2582fip2582inf210/index.html HTTP/1.1"
255	2025/02/01 22:38:31	"GET /uv2582fip2582inf210/technical_environment_home.html HTTP/1.1"
255	2025/02/01 22:38:41	"GET /uv2582fip2582inf210/spring_bean.html HTTP/1.1"
255	2025/02/14 09:13:58	"GET /uv2582fip2582inf210/lecture_normalization.html HTTP/1.1"
255	2025/02/14 09:14:53	"GET /uv2582fip2582inf210/index.html HTTP/1.1"
255	2025/02/14 09:14:57	"GET /uv2582fip2582inf210/web_architecture_home.html HTTP/1.1"
255	2025/02/14 20:54:56	"GET /uv2582fip2582inf210/practice_spring_2tiers.html HTTP/1.1"
255	2025/02/14 20:55:00	"GET /uv2582fip2582inf210/practice_jpa_advanced.html HTTP/1.1"
255	2025/02/14 20:56:18	"GET /uv2582fip2582inf210/lecture_technical_architecture.html HTTP/1.1"
255	2025/03/17 13:32:45	"GET /uv2582fip2582inf210/index.html HTTP/1.1"
255	2025/03/17 13:32:48	"GET /uv2582fip2582inf210/project_presentation.html HTTP/1.1"
255	2025/03/17 13:33:03	"GET /uv2582fip2582inf210/project_specifications.html HTTP/1.1"
255	2025/01/29 14:04:26	"GET /uv2582fip2582inf210/practice_docker.html HTTP/1.1"
255	2025/01/29 14:05:27	"GET /uv2582fip2582inf210/inversion_of_control.html HTTP/1.1"
255	2025/01/29 14:06:29	"GET /uv2582fip2582inf210/practice_spring.html HTTP/1.1"
255	2025/01/29 14:06:30	"GET /uv2582fip2582inf210/spring_bean.html HTTP/1.1"
255	2025/01/29 14:09:55	"GET /uv2582fip2582inf210/index.html HTTP/1.1"
255	2025/01/29 14:10:07	"GET /uv2582fip2582inf210/data_home.html HTTP/1.1"
255	2025/01/29 14:10:22	"GET /uv2582fip2582inf210/web_architecture_home.html HTTP/1.1"
255	2025/01/29 14:12:25	"GET /uv2582fip2582inf210/technical_environment_home.html HTTP/1.1"
255	2025/01/29 14:12:28	"GET /uv2582fip2582inf210/inversion_of_control.html HTTP/1.1"
255	2025/01/29 14:27:21	"GET /uv2582fip2582inf210/index.html HTTP/1.1"
255	2025/01/29 14:27:26	"GET /uv2582fip2582inf210/web_architecture_home.html HTTP/1.1"
255	2025/01/29 14:27:37	"GET /uv2582fip2582inf210/index.html HTTP/1.1"
255	2025/01/29 14:27:39	"GET /uv2582fip2582inf210/data_home.html HTTP/1.1"
255	2025/01/29 14:27:57	"GET /uv2582fip2582inf210/images/prerequisite_data/prerequisite_data_2025.html HTTP/1.1"
255	2025/01/29 14:29:06	"GET /uv2582fip2582inf210/index.html HTTP/1.1"
255	2025/01/29 14:29:08	"GET /uv2582fip2582inf210/web_architecture_home.html HTTP/1.1"
255	2025/01/29 14:29:10	"GET /uv2582fip2582inf210/images/prerequisite_archiweb/prerequisite_archiweb_2025.html HTTP/1.1"
255	2025/01/29 14:32:47	"GET /uv2582fip2582inf210/data_home.html HTTP/1.1"
255	2025/01/29 14:37:10	"GET /uv2582fip2582inf210/lecture_relational_model.html HTTP/1.1"
255	2025/01/29 14:37:23	"GET /uv2582fip2582inf210/index.html HTTP/1.1"
255	2025/01/29 14:37:26	"GET /uv2582fip2582inf210/data_home.html HTTP/1.1"
255	2025/01/29 14:39:07	"GET /uv2582fip2582inf210/lecture_relational_model.html HTTP/1.1"
255	2025/01/29 14:56:32	"GET /uv2582fip2582inf210/project_home.html HTTP/1.1"
255	2025/01/29 14:56:40	"GET /uv2582fip2582inf210/practice_spring.html HTTP/1.1"
255	2025/01/29 15:12:59	"GET /uv2582fip2582inf210/practice_docker.html HTTP/1.1"
255	2025/01/29 15:13:02	"GET /uv2582fip2582inf210/index.html HTTP/1.1"
