2550	2025/02/28 14:16:48	"GET /uv2582fip2582inf210/project_presentation.html HTTP/1.1"
2550	2025/02/28 14:16:51	"GET /uv2582fip2582inf210/project_part1.html HTTP/1.1"
2550	2025/02/28 14:16:55	"GET /uv2582fip2582inf210/project_specifications.html HTTP/1.1"
2550	2025/02/21 13:56:17	"GET /uv2582fip2582inf210/technical_environment_home.html HTTP/1.1"
2550	2025/02/21 13:56:19	"GET /uv2582fip2582inf210/web_architecture_home.html HTTP/1.1"
2550	2025/02/21 13:56:20	"GET /uv2582fip2582inf210/data_home.html HTTP/1.1"
2550	2025/02/21 13:56:21	"GET /uv2582fip2582inf210/project_home.html HTTP/1.1"
2550	2025/02/21 14:10:52	"GET /uv2582fip2582inf210/lecture_normalization.html HTTP/1.1"
2550	2025/03/22 20:09:12	"GET /uv2582fip2582inf210/project_presentation.html HTTP/1.1"
2550	2025/03/22 20:09:16	"GET /uv2582fip2582inf210/project_task_time.html HTTP/1.1"
2550	2025/03/22 20:09:27	"GET /uv2582fip2582inf210/project_specifications.html HTTP/1.1"
2550	2025/02/26 09:56:15	"GET /uv2582fip2582inf210/project_presentation.html HTTP/1.1"
2550	2025/02/26 09:56:22	"GET /uv2582fip2582inf210/project_part1.html HTTP/1.1"
2550	2025/02/26 09:59:25	"GET /uv2582fip2582inf210/project_specifications.html HTTP/1.1"
2550	2025/02/26 10:01:10	"GET /uv2582fip2582inf210/project_task_time.html HTTP/1.1"
2550	2025/02/26 11:44:02	"GET /uv2582fip2582inf210/project_task_time.html HTTP/1.1"
2550	2025/02/26 11:44:05	"GET /uv2582fip2582inf210/project_part1.html HTTP/1.1"
2550	2025/02/26 14:16:58	"GET /uv2582fip2582inf210/project_presentation.html HTTP/1.1"
2550	2025/02/26 14:17:05	"GET /uv2582fip2582inf210/project_part1.html HTTP/1.1"
2550	2025/02/26 14:21:56	"GET /uv2582fip2582inf210/project_specifications.html HTTP/1.1"
2550	2025/02/26 14:26:42	"GET /uv2582fip2582inf210/index.html HTTP/1.1"
2550	2025/02/26 14:26:49	"GET /uv2582fip2582inf210/data_home.html HTTP/1.1"
2550	2025/02/26 14:26:54	"GET /uv2582fip2582inf210/lecture_conceptual_modeling.html HTTP/1.1"
2550	2025/02/26 15:36:17	"GET /uv2582fip2582inf210/project_evaluation.html HTTP/1.1"
2550	2025/02/24 14:04:19	"GET /uv2582fip2582inf210/web_architecture_home.html HTTP/1.1"
2550	2025/02/24 14:04:22	"GET /uv2582fip2582inf210/practice_spring_2tiers_ext.html HTTP/1.1"
2550	2025/02/24 18:59:57	"GET /uv2582fip2582inf210/lecture_dto.html HTTP/1.1"
2550	2025/02/24 19:00:06	"GET /uv2582fip2582inf210/lecture_software_architecture.html HTTP/1.1"
2550	2025/03/20 18:50:27	"GET /uv2582fip2582inf210/project_specifications.html HTTP/1.1"
2550	2025/03/20 18:50:34	"GET /uv2582fip2582inf210/project_part2.html HTTP/1.1"
2550	2025/03/07 15:05:19	"GET /uv2582fip2582inf210/project_presentation.html HTTP/1.1"
2550	2025/03/07 15:05:22	"GET /uv2582fip2582inf210/project_part2.html HTTP/1.1"
2550	2025/02/19 17:04:40	"GET /uv2582fip2582inf210/project_home.html HTTP/1.1"
2550	2025/02/19 17:04:44	"GET /uv2582fip2582inf210/data_home.html HTTP/1.1"
2550	2025/02/19 17:06:18	"GET /uv2582fip2582inf210/web_architecture_home.html HTTP/1.1"
2550	2025/02/19 17:06:28	"GET /uv2582fip2582inf210/practice_spring_2tiers.html HTTP/1.1"
2550	2025/02/19 21:21:46	"GET /uv2582fip2582inf210/data_home.html HTTP/1.1"
2550	2025/02/19 21:21:51	"GET /uv2582fip2582inf210/web_architecture_home.html HTTP/1.1"
2550	2025/02/19 21:21:52	"GET /uv2582fip2582inf210/lecture_xml.html HTTP/1.1"
2550	2025/02/19 21:21:56	"GET /uv2582fip2582inf210/practice_xml.html HTTP/1.1"
2550	2025/02/03 09:44:55	"GET /uv2582fip2582inf210/web_architecture_home.html HTTP/1.1"
2550	2025/02/03 09:48:56	"GET /uv2582fip2582inf210/technical_environment_home.html HTTP/1.1"
2550	2025/02/03 09:49:11	"GET /uv2582fip2582inf210/data_home.html HTTP/1.1"
2550	2025/02/03 09:50:11	"GET /uv2582fip2582inf210/lecture_relational_model.html HTTP/1.1"
2550	2025/02/03 09:50:45	"GET /uv2582fip2582inf210/activity_relational_model.html HTTP/1.1"
2550	2025/02/03 09:52:40	"GET /uv2582fip2582inf210/lecture_modeling_normalization.html HTTP/1.1"
2550	2025/02/03 09:56:34	"GET /uv2582fip2582inf210/lecture_conceptual_modeling.html HTTP/1.1"
2550	2025/02/03 10:18:52	"GET /uv2582fip2582inf210/activity_conceptual_modeling.html HTTP/1.1"
2550	2025/02/03 10:19:34	"GET /uv2582fip2582inf210/lecture_normalization.html HTTP/1.1"
2550	2025/02/03 11:04:40	"GET /uv2582fip2582inf210/activity_conceptual_modeling_correction.html HTTP/1.1"
2550	2025/02/16 08:32:05	"GET /uv2582fip2582inf210/technical_environment_home.html HTTP/1.1"
2550	2025/02/16 08:32:09	"GET /uv2582fip2582inf210/web_architecture_home.html HTTP/1.1"
2550	2025/02/16 08:32:11	"GET /uv2582fip2582inf210/lecture_technical_architecture.html HTTP/1.1"
2550	2025/02/16 08:32:16	"GET /uv2582fip2582inf210/lecture_software_architecture.html HTTP/1.1"
2550	2025/02/16 08:32:23	"GET /uv2582fip2582inf210/lecture_dto.html HTTP/1.1"
2550	2025/02/16 08:32:32	"GET /uv2582fip2582inf210/lecture_json.html HTTP/1.1"
2550	2025/02/16 08:32:50	"GET /uv2582fip2582inf210/data_home.html HTTP/1.1"
2550	2025/02/16 08:32:52	"GET /uv2582fip2582inf210/project_home.html HTTP/1.1"
2550	2025/02/16 08:33:34	"GET /uv2582fip2582inf210/practice_sql.html HTTP/1.1"
2550	2025/02/16 08:35:10	"GET /uv2582fip2582inf210/activity_decomposition.html HTTP/1.1"
2550	2025/02/16 08:35:22	"GET /uv2582fip2582inf210/activity_normalization.html HTTP/1.1"
2550	2025/02/16 08:36:07	"GET /uv2582fip2582inf210/practice_advanced_sql.html HTTP/1.1"
2550	2025/02/16 08:40:28	"GET /uv2582fip2582inf210/practice_spring_2tiers.html HTTP/1.1"
2550	2025/02/16 08:45:52	"GET /uv2582fip2582inf210/web_architecture_home.html HTTP/1.1"
2550	2025/02/16 08:46:18	"GET /uv2582fip2582inf210/lecture_technical_architecture.html HTTP/1.1"
2550	2025/02/16 09:22:33	"GET /uv2582fip2582inf210/lecture_software_architecture.html HTTP/1.1"
2550	2025/02/16 09:45:31	"GET /uv2582fip2582inf210/lecture_dto.html HTTP/1.1"
2550	2025/02/16 09:47:02	"GET /uv2582fip2582inf210/images/prerequisite_archiweb/prerequisite_archiweb_2025.html HTTP/1.1"
2550	2025/02/16 09:56:25	"GET /uv2582fip2582inf210/lecture_mvc_spring.html HTTP/1.1"
2550	2025/02/16 10:53:09	"GET /uv2582fip2582inf210/lecture_jpa.html HTTP/1.1"
2550	2025/02/16 10:58:15	"GET /uv2582fip2582inf210/practice_jpa.html HTTP/1.1"
2550	2025/02/16 10:58:23	"GET /uv2582fip2582inf210/practice_jpa_advanced.html HTTP/1.1"
2550	2025/02/16 10:58:31	"GET /uv2582fip2582inf210/practice_spring_2tiers.html HTTP/1.1"
2550	2025/02/16 12:00:15	"GET /uv2582fip2582inf210/practice_transaction.html HTTP/1.1"
2550	2025/02/16 12:09:00	"GET /uv2582fip2582inf210/lecture_xml.html HTTP/1.1"
2550	2025/02/16 12:09:10	"GET /uv2582fip2582inf210/lecture_json.html HTTP/1.1"
2550	2025/02/16 12:23:34	"GET /uv2582fip2582inf210/practice_json.html HTTP/1.1"
2550	2025/02/16 12:31:06	"GET /uv2582fip2582inf210/practice_xml.html HTTP/1.1"
2550	2025/02/16 14:30:33	"GET /uv2582fip2582inf210/index.html HTTP/1.1"
2550	2025/02/16 14:30:36	"GET /uv2582fip2582inf210/technical_environment_home.html HTTP/1.1"
2550	2025/02/16 16:43:07	"GET /uv2582fip2582inf210/practice_spring_2tiers_ext.html HTTP/1.1"
2550	2025/02/16 17:53:27	"GET /uv2582fip2582inf210/practice_spring.html HTTP/1.1"
2550	2025/02/16 17:53:29	"GET /uv2582fip2582inf210/documentation_programming.html HTTP/1.1"
2550	2025/02/16 17:53:43	"GET /uv2582fip2582inf210/data_home.html HTTP/1.1"
2550	2025/02/16 17:55:55	"GET /uv2582fip2582inf210/lecture_relational_model.html HTTP/1.1"
2550	2025/02/16 18:05:52	"GET /uv2582fip2582inf210/lecture_db_integrity.html HTTP/1.1"
2550	2025/02/16 18:14:17	"GET /uv2582fip2582inf210/activity_relational_model.html HTTP/1.1"
2550	2025/02/16 18:14:56	"GET /uv2582fip2582inf210/lecture_modeling_normalization.html HTTP/1.1"
2550	2025/02/16 18:20:12	"GET /uv2582fip2582inf210/lecture_conceptual_modeling.html HTTP/1.1"
2550	2025/02/16 18:37:56	"GET /uv2582fip2582inf210/lecture_normalization.html HTTP/1.1"
2550	2025/02/16 18:49:19	"GET /uv2582fip2582inf210/activity_sql.html HTTP/1.1"
2550	2025/02/16 18:49:36	"GET /uv2582fip2582inf210/lecture_transaction.html HTTP/1.1"
2550	2025/02/16 18:58:00	"GET /uv2582fip2582inf210/practice_sql.html HTTP/1.1"
2550	2025/01/24 09:38:49	"GET /uv2582fip2582inf210/technical_environment_home.html HTTP/1.1"
2550	2025/01/24 09:39:09	"GET /uv2582fip2582inf210/images/prerequisite_techenv/prerequisite_techenv_2025.html HTTP/1.1"
2550	2025/01/24 09:39:11	"GET /uv2582fip2582inf210/spring_bean.html HTTP/1.1"
2550	2025/01/24 10:05:39	"GET /uv2582fip2582inf210/documentation_docker.html HTTP/1.1"
2550	2025/01/24 10:05:48	"GET /uv2582fip2582inf210/practice_docker.html HTTP/1.1"
2550	2025/01/24 11:38:23	"GET /uv2582fip2582inf210/practice_docker_advanced.html HTTP/1.1"
2550	2025/01/24 11:38:32	"GET /uv2582fip2582inf210/practice_postgresql.html HTTP/1.1"
2550	2025/01/24 11:59:06	"GET /uv2582fip2582inf210/documentation_programming.html HTTP/1.1"
2550	2025/01/24 12:00:22	"GET /uv2582fip2582inf210/practice_spring.html HTTP/1.1"
2550	2025/01/31 14:39:54	"GET /uv2582fip2582inf210/web_architecture_home.html HTTP/1.1"
2550	2025/01/31 14:40:01	"GET /uv2582fip2582inf210/data_home.html HTTP/1.1"
2550	2025/01/31 14:40:05	"GET /uv2582fip2582inf210/lecture_relational_model.html HTTP/1.1"
2550	2025/01/31 14:40:08	"GET /uv2582fip2582inf210/lecture_db_integrity.html HTTP/1.1"
2550	2025/01/31 14:50:14	"GET /uv2582fip2582inf210/lecture_relational_algebra.html HTTP/1.1"
2550	2025/01/31 15:03:13	"GET /uv2582fip2582inf210/activity_relational_model.html HTTP/1.1"
2550	2025/01/31 15:05:10	"GET /uv2582fip2582inf210/activity_relational_model_correction.html HTTP/1.1"
2550	2025/01/30 09:55:58	"GET /uv2582fip2582inf210/data_home.html HTTP/1.1"
2550	2025/01/30 09:56:00	"GET /uv2582fip2582inf210/lecture_relational_model.html HTTP/1.1"
2550	2025/01/30 09:58:45	"GET /uv2582fip2582inf210/lecture_db_integrity.html HTTP/1.1"
2550	2025/01/30 10:01:01	"GET /uv2582fip2582inf210/activity_relational_model.html HTTP/1.1"
2550	2025/01/30 10:12:19	"GET /uv2582fip2582inf210/lecture_conceptual_modeling.html HTTP/1.1"
2550	2025/03/09 18:22:32	"GET /uv2582fip2582inf210/project_presentation.html HTTP/1.1"
2550	2025/03/09 18:22:50	"GET /uv2582fip2582inf210/project_part2.html HTTP/1.1"
2550	2025/03/14 09:53:15	"GET /uv2582fip2582inf210/project_structureui.html HTTP/1.1"
2550	2025/03/14 09:53:22	"GET /uv2582fip2582inf210/project_presentation.html HTTP/1.1"
2550	2025/03/14 09:53:24	"GET /uv2582fip2582inf210/project_evaluation.html HTTP/1.1"
2550	2025/03/14 09:53:26	"GET /uv2582fip2582inf210/project_specifications.html HTTP/1.1"
2550	2025/03/14 10:15:07	"GET /uv2582fip2582inf210/project_part2.html HTTP/1.1"
2550	2025/02/05 14:08:24	"GET /uv2582fip2582inf210/data_home.html HTTP/1.1"
2550	2025/02/05 14:09:07	"GET /uv2582fip2582inf210/activity_conceptual_modeling.html HTTP/1.1"
2550	2025/02/05 14:11:25	"GET /uv2582fip2582inf210/activity_conceptual_modeling_correction.html HTTP/1.1"
2550	2025/02/05 15:43:36	"GET /uv2582fip2582inf210/lecture_normalization.html HTTP/1.1"
2550	2025/02/10 08:53:35	"GET /uv2582fip2582inf210/data_home.html HTTP/1.1"
2550	2025/02/10 08:53:38	"GET /uv2582fip2582inf210/lecture_normalization.html HTTP/1.1"
2550	2025/02/10 08:53:46	"GET /uv2582fip2582inf210/activity_sql.html HTTP/1.1"
2550	2025/02/10 16:10:24	"GET /uv2582fip2582inf210/web_architecture_home.html HTTP/1.1"
2550	2025/02/10 16:10:39	"GET /uv2582fip2582inf210/index.html HTTP/1.1"
2550	2025/02/10 16:10:39	"GET /uv2582fip2582inf210/index.html HTTP/1.1"
2550	2025/03/19 08:37:03	"GET /uv2582fip2582inf210/project_presentation.html HTTP/1.1"
2550	2025/03/19 08:37:09	"GET /uv2582fip2582inf210/project_specifications.html HTTP/1.1"
2550	2025/02/12 09:38:47	"GET /uv2582fip2582inf210/project_home.html HTTP/1.1"
2550	2025/02/12 09:38:57	"GET /uv2582fip2582inf210/technical_environment_home.html HTTP/1.1"
2550	2025/02/12 09:46:39	"GET /uv2582fip2582inf210/lecture_technical_architecture.html HTTP/1.1"
2550	2025/02/12 09:47:07	"GET /uv2582fip2582inf210/lecture_normalization.html HTTP/1.1"
2550	2025/02/12 11:51:57	"GET /uv2582fip2582inf210/activity_normalization.html HTTP/1.1"
2550	2025/02/12 11:57:27	"GET /uv2582fip2582inf210/activity_conceptual_modeling_advanced.html HTTP/1.1"
2550	2025/02/12 12:04:54	"GET /uv2582fip2582inf210/activity_normalization_correction.html HTTP/1.1"
2550	2025/02/12 14:23:46	"GET /uv2582fip2582inf210/lecture_jpa.html HTTP/1.1"
2550	2025/02/12 14:41:29	"GET /uv2582fip2582inf210/lecture_mvc_spring.html HTTP/1.1"
2550	2025/02/12 14:59:54	"GET /uv2582fip2582inf210/activity_decomposition.html HTTP/1.1"
2550	2025/02/12 15:00:56	"GET /uv2582fip2582inf210/activity_sql.html HTTP/1.1"
2550	2025/02/12 15:11:48	"GET /uv2582fip2582inf210/activity_sql_correction.html HTTP/1.1"
2550	2025/03/11 19:22:15	"GET /uv2582fip2582inf210/project_presentation.html HTTP/1.1"
2550	2025/03/11 19:22:19	"GET /uv2582fip2582inf210/project_part3.html HTTP/1.1"
2550	2025/03/11 19:22:23	"GET /uv2582fip2582inf210/project_structureui.html HTTP/1.1"
2550	2025/03/11 19:22:38	"GET /uv2582fip2582inf210/project_part2.html HTTP/1.1"
2550	2025/03/03 11:23:38	"GET /uv2582fip2582inf210/data_home.html HTTP/1.1"
2550	2025/03/03 11:23:45	"GET /uv2582fip2582inf210/project_presentation.html HTTP/1.1"
2550	2025/03/03 11:23:48	"GET /uv2582fip2582inf210/project_part2.html HTTP/1.1"
2550	2025/03/03 14:02:30	"GET /uv2582fip2582inf210/project_part2.html HTTP/1.1"
2550	2025/02/01 17:22:25	"GET /uv2582fip2582inf210/technical_environment_home.html HTTP/1.1"
2550	2025/02/01 17:23:02	"GET /uv2582fip2582inf210/technical_environment_home.html HTTP/1.1"
2550	2025/02/01 17:24:04	"GET /uv2582fip2582inf210/index.html HTTP/1.1"
2550	2025/02/01 17:24:24	"GET /uv2582fip2582inf210/technical_environment_home.html HTTP/1.1"
2550	2025/02/01 17:26:55	"GET /uv2582fip2582inf210/images/prerequisite_techenv/prerequisite_techenv_2025.html HTTP/1.1"
2550	2025/02/01 17:26:56	"GET /uv2582fip2582inf210/inversion_of_control.html HTTP/1.1"
2550	2025/02/01 17:31:21	"GET /uv2582fip2582inf210/documentation_docker.html HTTP/1.1"
2550	2025/02/01 17:36:40	"GET /uv2582fip2582inf210/practice_docker.html HTTP/1.1"
2550	2025/02/01 18:04:41	"GET /uv2582fip2582inf210/practice_docker_advanced.html HTTP/1.1"
2550	2025/02/01 18:05:50	"GET /uv2582fip2582inf210/documentation_rdbms.html HTTP/1.1"
2550	2025/02/01 18:35:26	"GET /uv2582fip2582inf210/practice_postgresql.html HTTP/1.1"
2550	2025/02/01 18:40:18	"GET /uv2582fip2582inf210/documentation_programming.html HTTP/1.1"
2550	2025/02/01 18:43:18	"GET /uv2582fip2582inf210/spring_bean.html HTTP/1.1"
2550	2025/02/01 18:43:40	"GET /uv2582fip2582inf210/practice_spring.html HTTP/1.1"
2550	2025/02/01 18:58:54	"GET /uv2582fip2582inf210/web_architecture_home.html HTTP/1.1"
2550	2025/02/01 18:59:00	"GET /uv2582fip2582inf210/data_home.html HTTP/1.1"
2550	2025/02/01 18:59:04	"GET /uv2582fip2582inf210/lecture_relational_model.html HTTP/1.1"
2550	2025/01/29 15:03:50	"GET /uv2582fip2582inf210/technical_environment_home.html HTTP/1.1"
2550	2025/01/29 15:03:56	"GET /uv2582fip2582inf210/web_architecture_home.html HTTP/1.1"
2550	2025/01/29 15:04:00	"GET /uv2582fip2582inf210/lecture_technical_architecture.html HTTP/1.1"
2550	2025/01/29 15:04:04	"GET /uv2582fip2582inf210/lecture_software_architecture.html HTTP/1.1"
2550	2025/01/29 15:04:58	"GET /uv2582fip2582inf210/lecture_jpa.html HTTP/1.1"
2550	2025/03/05 09:51:10	"GET /uv2582fip2582inf210/project_presentation.html HTTP/1.1"
2550	2025/03/05 09:51:13	"GET /uv2582fip2582inf210/project_part2.html HTTP/1.1"
2550	2025/03/05 11:29:11	"GET /uv2582fip2582inf210/project_specifications.html HTTP/1.1"
2550	2025/03/05 11:29:16	"GET /uv2582fip2582inf210/project_part1.html HTTP/1.1"
2550	2025/03/18 15:05:44	"GET /uv2582fip2582inf210/data_home.html HTTP/1.1"
2550	2025/03/18 15:05:46	"GET /uv2582fip2582inf210/project_presentation.html HTTP/1.1"
2550	2025/03/18 15:05:49	"GET /uv2582fip2582inf210/project_part3.html HTTP/1.1"
2550	2025/03/18 15:05:51	"GET /uv2582fip2582inf210/project_structureui.html HTTP/1.1"
2550	2025/03/18 15:06:06	"GET /uv2582fip2582inf210/project_specifications.html HTTP/1.1"
