2551	2025/03/31 17:34:14	"GET /uv2582fip2582inf210/project_part2.html HTTP/1.1"
2551	2025/03/31 17:41:48	"GET /uv2582fip2582inf210/project_structureui.html HTTP/1.1"
2551	2025/03/31 17:41:50	"GET /uv2582fip2582inf210/project_part3.html HTTP/1.1"
2551	2025/03/24 09:39:15	"GET /uv2582fip2582inf210/project_part2.html HTTP/1.1"
2551	2025/03/24 09:39:18	"GET /uv2582fip2582inf210/index.html HTTP/1.1"
2551	2025/03/24 09:39:22	"GET /uv2582fip2582inf210/data_home.html HTTP/1.1"
2551	2025/03/24 09:39:27	"GET /uv2582fip2582inf210/lecture_relational_model.html HTTP/1.1"
2551	2025/03/24 09:39:32	"GET /uv2582fip2582inf210/lecture_db_integrity.html HTTP/1.1"
2551	2025/03/24 09:39:36	"GET /uv2582fip2582inf210/activity_relational_model.html HTTP/1.1"
2551	2025/03/24 09:39:39	"GET /uv2582fip2582inf210/lecture_conceptual_modeling.html HTTP/1.1"
2551	2025/03/24 09:39:47	"GET /uv2582fip2582inf210/lecture_normalization.html HTTP/1.1"
2551	2025/05/14 09:35:05	"GET /uv2582fip2582inf210/project_part2.html HTTP/1.1"
2551	2025/05/14 09:35:08	"GET /uv2582fip2582inf210/project_presentation.html HTTP/1.1"
2551	2025/05/14 09:35:13	"GET /uv2582fip2582inf210/project_evaluation.html HTTP/1.1"
2551	2025/04/02 16:58:25	"GET /uv2582fip2582inf210/project_part2.html HTTP/1.1"
2551	2025/02/20 16:00:03	"GET /uv2582fip2582inf210/lecture_mvc_spring.html HTTP/1.1"
2551	2025/02/20 22:04:52	"GET /uv2582fip2582inf210/index.html HTTP/1.1"
2551	2025/02/20 22:05:05	"GET /uv2582fip2582inf210/lecture_technical_architecture.html HTTP/1.1"
2551	2025/02/20 22:05:08	"GET /uv2582fip2582inf210/lecture_software_architecture.html HTTP/1.1"
2551	2025/02/20 22:05:12	"GET /uv2582fip2582inf210/lecture_dto.html HTTP/1.1"
2551	2025/02/20 22:05:21	"GET /uv2582fip2582inf210/data_home.html HTTP/1.1"
2551	2025/02/20 22:05:23	"GET /uv2582fip2582inf210/lecture_relational_model.html HTTP/1.1"
2551	2025/02/20 22:47:21	"GET /uv2582fip2582inf210/lecture_db_integrity.html HTTP/1.1"
2551	2025/02/20 23:01:55	"GET /uv2582fip2582inf210/activity_relational_model.html HTTP/1.1"
2551	2025/02/20 23:02:01	"GET /uv2582fip2582inf210/lecture_modeling_normalization.html HTTP/1.1"
2551	2025/02/20 23:04:32	"GET /uv2582fip2582inf210/lecture_conceptual_modeling.html HTTP/1.1"
2551	2025/02/20 23:05:26	"GET /uv2582fip2582inf210/lecture_normalization.html HTTP/1.1"
2551	2025/02/20 23:05:53	"GET /uv2582fip2582inf210/activity_decomposition.html HTTP/1.1"
2551	2025/02/20 23:05:55	"GET /uv2582fip2582inf210/activity_normalization.html HTTP/1.1"
2551	2025/02/20 23:05:59	"GET /uv2582fip2582inf210/activity_sql.html HTTP/1.1"
2551	2025/02/20 23:16:54	"GET /uv2582fip2582inf210/practice_sql.html HTTP/1.1"
2551	2025/02/20 23:16:59	"GET /uv2582fip2582inf210/lecture_transaction.html HTTP/1.1"
2551	2025/02/20 23:17:51	"GET /uv2582fip2582inf210/activity_conceptual_modeling.html HTTP/1.1"
2551	2025/02/21 14:59:10	"GET /uv2582fip2582inf210/index.html HTTP/1.1"
2551	2025/02/26 09:53:24	"GET /uv2582fip2582inf210/documentation_docker.html HTTP/1.1"
2551	2025/02/26 09:53:29	"GET /uv2582fip2582inf210/index.html HTTP/1.1"
2551	2025/02/26 09:53:33	"GET /uv2582fip2582inf210/project_presentation.html HTTP/1.1"
2551	2025/02/26 09:53:51	"GET /uv2582fip2582inf210/project_specifications.html HTTP/1.1"
2551	2025/04/01 20:17:50	"GET /uv2582fip2582inf210/project_part2.html HTTP/1.1"
2551	2025/02/24 14:07:42	"GET /uv2582fip2582inf210/documentation_docker.html HTTP/1.1"
2551	2025/02/24 14:07:44	"GET /uv2582fip2582inf210/index.html HTTP/1.1"
2551	2025/02/24 14:07:50	"GET /uv2582fip2582inf210/web_architecture_home.html HTTP/1.1"
2551	2025/02/24 14:08:09	"GET /uv2582fip2582inf210/practice_spring_2tiers.html HTTP/1.1"
2551	2025/02/24 14:08:52	"GET /uv2582fip2582inf210/practice_spring_2tiers_ext.html HTTP/1.1"
2551	2025/02/24 14:35:04	"GET /uv2582fip2582inf210/lecture_dto.html HTTP/1.1"
2551	2025/03/20 23:31:24	"GET /uv2582fip2582inf210/project_part2.html HTTP/1.1"
2551	2025/03/21 00:32:26	"GET /uv2582fip2582inf210/documentation_docker.html HTTP/1.1"
2551	2025/03/21 00:32:30	"GET /uv2582fip2582inf210/index.html HTTP/1.1"
2551	2025/03/21 00:32:31	"GET /uv2582fip2582inf210/project_presentation.html HTTP/1.1"
2551	2025/03/21 10:11:49	"GET /uv2582fip2582inf210/project_part2.html HTTP/1.1"
2551	2025/03/07 14:15:10	"GET /uv2582fip2582inf210/project_part2.html HTTP/1.1"
2551	2025/03/07 14:46:06	"GET /uv2582fip2582inf210/project_part2.html HTTP/1.1"
2551	2025/03/12 21:17:56	"GET /uv2582fip2582inf210/project_part2.html HTTP/1.1"
2551	2025/02/19 16:14:34	"GET /uv2582fip2582inf210/index.html HTTP/1.1"
2551	2025/02/19 16:15:44	"GET /uv2582fip2582inf210/data_home.html HTTP/1.1"
2551	2025/02/19 16:16:11	"GET /uv2582fip2582inf210/lecture_xml.html HTTP/1.1"
2551	2025/02/19 16:16:23	"GET /uv2582fip2582inf210/practice_xml.html HTTP/1.1"
2551	2025/02/19 16:16:38	"GET /uv2582fip2582inf210/practice_spring_2tiers.html HTTP/1.1"
2551	2025/02/19 16:17:12	"GET /uv2582fip2582inf210/practice_spring_2tiers_ext.html HTTP/1.1"
2551	2025/02/03 09:37:39	"GET /uv2582fip2582inf210/practice_sql.html HTTP/1.1"
2551	2025/02/03 09:37:50	"GET /uv2582fip2582inf210/activity_sql.html HTTP/1.1"
2551	2025/02/03 10:06:43	"GET /uv2582fip2582inf210/activity_sql_correction.html HTTP/1.1"
2551	2025/02/16 15:11:58	"GET /uv2582fip2582inf210/documentation_docker.html HTTP/1.1"
2551	2025/02/16 15:12:12	"GET /uv2582fip2582inf210/lecture_jpa.html HTTP/1.1"
2551	2025/02/16 15:12:14	"GET /uv2582fip2582inf210/practice_jpa.html HTTP/1.1"
2551	2025/01/24 09:43:35	"GET /uv2582fip2582inf210/technical_environment_home.html HTTP/1.1"
2551	2025/01/24 10:09:55	"GET /uv2582fip2582inf210/images/prerequisite_techenv/prerequisite_techenv_2025.html HTTP/1.1"
2551	2025/01/24 11:22:55	"GET /uv2582fip2582inf210/practice_docker.html HTTP/1.1"
2551	2025/01/24 11:26:39	"GET /uv2582fip2582inf210/documentation_docker.html HTTP/1.1"
2551	2025/01/31 14:05:48	"GET /uv2582fip2582inf210/documentation_docker.html HTTP/1.1"
2551	2025/01/31 14:05:53	"GET /uv2582fip2582inf210/index.html HTTP/1.1"
2551	2025/01/31 14:05:58	"GET /uv2582fip2582inf210/data_home.html HTTP/1.1"
2551	2025/01/31 14:06:12	"GET /uv2582fip2582inf210/lecture_db_integrity.html HTTP/1.1"
2551	2025/01/31 14:06:15	"GET /uv2582fip2582inf210/lecture_modeling_normalization.html HTTP/1.1"
2551	2025/01/31 14:15:07	"GET /uv2582fip2582inf210/activity_conceptual_modeling.html HTTP/1.1"
2551	2025/01/31 14:15:49	"GET /uv2582fip2582inf210/lecture_conceptual_modeling.html HTTP/1.1"
2551	2025/01/31 14:32:31	"GET /uv2582fip2582inf210/activity_conceptual_modeling_correction.html HTTP/1.1"
2551	2025/01/31 14:32:54	"GET /uv2582fip2582inf210/lecture_normalization.html HTTP/1.1"
2551	2025/01/31 15:02:15	"GET /uv2582fip2582inf210/activity_normalization.html HTTP/1.1"
2551	2025/01/31 15:38:56	"GET /uv2582fip2582inf210/activity_sql.html HTTP/1.1"
2551	2025/01/31 16:24:38	"GET /uv2582fip2582inf210/technical_environment_home.html HTTP/1.1"
2551	2025/01/31 16:24:40	"GET /uv2582fip2582inf210/practice_postgresql.html HTTP/1.1"
2551	2025/03/08 20:35:23	"GET /uv2582fip2582inf210/project_part2.html HTTP/1.1"
2551	2025/01/30 09:40:11	"GET /uv2582fip2582inf210/documentation_docker.html HTTP/1.1"
2551	2025/01/30 09:40:54	"GET /uv2582fip2582inf210/index.html HTTP/1.1"
2551	2025/01/30 09:40:58	"GET /uv2582fip2582inf210/data_home.html HTTP/1.1"
2551	2025/01/30 09:43:50	"GET /uv2582fip2582inf210/index.html HTTP/1.1"
2551	2025/01/30 09:44:05	"GET /uv2582fip2582inf210/technical_environment_home.html HTTP/1.1"
2551	2025/01/30 09:44:13	"GET /uv2582fip2582inf210/web_architecture_home.html HTTP/1.1"
2551	2025/01/30 09:45:22	"GET /uv2582fip2582inf210/practice_postgresql.html HTTP/1.1"
2551	2025/01/30 09:45:36	"GET /uv2582fip2582inf210/practice_docker.html HTTP/1.1"
2551	2025/01/30 09:54:14	"GET /uv2582fip2582inf210/practice_spring.html HTTP/1.1"
2551	2025/01/30 09:55:32	"GET /uv2582fip2582inf210/data_home.html HTTP/1.1"
2551	2025/01/30 09:55:35	"GET /uv2582fip2582inf210/lecture_relational_model.html HTTP/1.1"
2551	2025/01/30 10:00:47	"GET /uv2582fip2582inf210/lecture_db_integrity.html HTTP/1.1"
2551	2025/01/30 10:02:54	"GET /uv2582fip2582inf210/activity_relational_model.html HTTP/1.1"
2551	2025/01/30 10:33:55	"GET /uv2582fip2582inf210/activity_relational_model.html HTTP/1.1"
2551	2025/02/02 14:02:37	"GET /uv2582fip2582inf210/documentation_docker.html HTTP/1.1"
2551	2025/02/02 14:02:44	"GET /uv2582fip2582inf210/index.html HTTP/1.1"
2551	2025/02/02 14:02:48	"GET /uv2582fip2582inf210/technical_environment_home.html HTTP/1.1"
2551	2025/02/02 14:02:53	"GET /uv2582fip2582inf210/practice_postgresql.html HTTP/1.1"
2551	2025/02/02 14:10:12	"GET /uv2582fip2582inf210/documentation_programming.html HTTP/1.1"
2551	2025/02/02 14:10:20	"GET /uv2582fip2582inf210/practice_spring.html HTTP/1.1"
2551	2025/02/02 14:24:31	"GET /uv2582fip2582inf210/web_architecture_home.html HTTP/1.1"
2551	2025/02/02 14:24:36	"GET /uv2582fip2582inf210/data_home.html HTTP/1.1"
2551	2025/03/14 20:41:45	"GET /uv2582fip2582inf210/project_part2.html HTTP/1.1"
2551	2025/03/14 22:40:14	"GET /uv2582fip2582inf210/project_presentation.html HTTP/1.1"
2551	2025/03/14 22:40:15	"GET /uv2582fip2582inf210/project_evaluation.html HTTP/1.1"
2551	2025/02/18 17:44:52	"GET /uv2582fip2582inf210/documentation_docker.html HTTP/1.1"
2551	2025/02/18 17:44:56	"GET /uv2582fip2582inf210/index.html HTTP/1.1"
2551	2025/02/18 17:44:59	"GET /uv2582fip2582inf210/web_architecture_home.html HTTP/1.1"
2551	2025/02/18 17:45:03	"GET /uv2582fip2582inf210/lecture_dto.html HTTP/1.1"
2551	2025/02/18 17:45:10	"GET /uv2582fip2582inf210/lecture_jpa.html HTTP/1.1"
2551	2025/02/18 17:45:12	"GET /uv2582fip2582inf210/practice_jpa.html HTTP/1.1"
2551	2025/02/18 18:42:14	"GET /uv2582fip2582inf210/practice_jpa_advanced.html HTTP/1.1"
2551	2025/03/13 18:41:08	"GET /uv2582fip2582inf210/project_part2.html HTTP/1.1"
2551	2025/03/06 20:32:02	"GET /uv2582fip2582inf210/documentation_docker.html HTTP/1.1"
2551	2025/03/06 20:32:04	"GET /uv2582fip2582inf210/index.html HTTP/1.1"
2551	2025/03/06 20:32:07	"GET /uv2582fip2582inf210/project_presentation.html HTTP/1.1"
2551	2025/03/06 20:32:10	"GET /uv2582fip2582inf210/project_part2.html HTTP/1.1"
2551	2025/03/06 22:53:38	"GET /uv2582fip2582inf210/project_part2.html HTTP/1.1"
2551	2025/02/05 14:05:46	"GET /uv2582fip2582inf210/documentation_docker.html HTTP/1.1"
2551	2025/02/05 14:07:34	"GET /uv2582fip2582inf210/index.html HTTP/1.1"
2551	2025/02/05 14:07:39	"GET /uv2582fip2582inf210/data_home.html HTTP/1.1"
2551	2025/02/05 14:08:04	"GET /uv2582fip2582inf210/practice_sql.html HTTP/1.1"
2551	2025/02/05 14:57:11	"GET /uv2582fip2582inf210/activity_sql.html HTTP/1.1"
2551	2025/02/05 15:55:53	"GET /uv2582fip2582inf210/practice_sql_correction.html HTTP/1.1"
2551	2025/02/10 14:03:06	"GET /uv2582fip2582inf210/documentation_docker.html HTTP/1.1"
2551	2025/02/10 14:03:32	"GET /uv2582fip2582inf210/index.html HTTP/1.1"
2551	2025/02/10 14:03:37	"GET /uv2582fip2582inf210/data_home.html HTTP/1.1"
2551	2025/02/10 14:03:40	"GET /uv2582fip2582inf210/practice_sql.html HTTP/1.1"
2551	2025/02/10 14:18:39	"GET /uv2582fip2582inf210/lecture_relational_model.html HTTP/1.1"
2551	2025/02/10 14:18:48	"GET /uv2582fip2582inf210/lecture_db_integrity.html HTTP/1.1"
2551	2025/02/10 14:19:36	"GET /uv2582fip2582inf210/activity_relational_model.html HTTP/1.1"
2551	2025/02/10 14:20:31	"GET /uv2582fip2582inf210/lecture_modeling_normalization.html HTTP/1.1"
2551	2025/02/10 14:20:33	"GET /uv2582fip2582inf210/lecture_conceptual_modeling.html HTTP/1.1"
2551	2025/02/10 14:20:35	"GET /uv2582fip2582inf210/activity_conceptual_modeling.html HTTP/1.1"
2551	2025/02/10 14:20:37	"GET /uv2582fip2582inf210/lecture_normalization.html HTTP/1.1"
2551	2025/02/10 14:23:27	"GET /uv2582fip2582inf210/activity_normalization.html HTTP/1.1"
2551	2025/03/19 11:38:47	"GET /uv2582fip2582inf210/project_part2.html HTTP/1.1"
2551	2025/03/19 11:57:21	"GET /uv2582fip2582inf210/project_part3.html HTTP/1.1"
2551	2025/02/12 09:38:28	"GET /uv2582fip2582inf210/documentation_docker.html HTTP/1.1"
2551	2025/02/12 09:38:44	"GET /uv2582fip2582inf210/index.html HTTP/1.1"
2551	2025/02/12 09:38:49	"GET /uv2582fip2582inf210/web_architecture_home.html HTTP/1.1"
2551	2025/02/12 09:43:17	"GET /uv2582fip2582inf210/lecture_transaction.html HTTP/1.1"
2551	2025/02/12 09:58:30	"GET /uv2582fip2582inf210/practice_transaction.html HTTP/1.1"
2551	2025/02/12 11:21:17	"GET /uv2582fip2582inf210/practice_transaction_correction.html HTTP/1.1"
2551	2025/02/12 14:23:30	"GET /uv2582fip2582inf210/lecture_jpa.html HTTP/1.1"
2551	2025/02/12 14:23:33	"GET /uv2582fip2582inf210/practice_jpa.html HTTP/1.1"
2551	2025/02/12 14:30:13	"GET /uv2582fip2582inf210/practice_transaction.html HTTP/1.1"
2551	2025/03/03 11:16:25	"GET /uv2582fip2582inf210/documentation_docker.html HTTP/1.1"
2551	2025/03/03 11:16:31	"GET /uv2582fip2582inf210/index.html HTTP/1.1"
2551	2025/03/03 11:16:35	"GET /uv2582fip2582inf210/project_presentation.html HTTP/1.1"
2551	2025/03/03 11:22:56	"GET /uv2582fip2582inf210/project_part1.html HTTP/1.1"
2551	2025/03/03 11:23:00	"GET /uv2582fip2582inf210/project_part2.html HTTP/1.1"
2551	2025/03/03 11:23:28	"GET /uv2582fip2582inf210/project_part2.html HTTP/1.1"
2551	2025/03/03 14:41:11	"GET /uv2582fip2582inf210/project_part1.html HTTP/1.1"
2551	2025/03/03 14:41:19	"GET /uv2582fip2582inf210/project_part2.html HTTP/1.1"
2551	2025/02/15 22:38:49	"GET /uv2582fip2582inf210/documentation_docker.html HTTP/1.1"
2551	2025/02/15 22:38:53	"GET /uv2582fip2582inf210/index.html HTTP/1.1"
2551	2025/02/15 22:38:55	"GET /uv2582fip2582inf210/data_home.html HTTP/1.1"
2551	2025/02/15 22:38:59	"GET /uv2582fip2582inf210/web_architecture_home.html HTTP/1.1"
2551	2025/02/15 22:39:05	"GET /uv2582fip2582inf210/lecture_jpa.html HTTP/1.1"
2551	2025/02/14 09:40:04	"GET /uv2582fip2582inf210/documentation_docker.html HTTP/1.1"
2551	2025/02/14 09:40:07	"GET /uv2582fip2582inf210/index.html HTTP/1.1"
2551	2025/02/14 09:40:11	"GET /uv2582fip2582inf210/data_home.html HTTP/1.1"
2551	2025/02/14 09:40:14	"GET /uv2582fip2582inf210/practice_transaction.html HTTP/1.1"
2551	2025/02/14 09:47:41	"GET /uv2582fip2582inf210/lecture_technical_architecture.html HTTP/1.1"
2551	2025/01/29 14:03:07	"GET /uv2582fip2582inf210/documentation_docker.html HTTP/1.1"
2551	2025/01/29 14:05:12	"GET /uv2582fip2582inf210/practice_docker.html HTTP/1.1"
2551	2025/01/29 14:06:48	"GET /uv2582fip2582inf210/practice_postgresql.html HTTP/1.1"
