2552	2025/02/28 14:21:30	"GET /uv2582fip2582inf210/project_presentation.html HTTP/1.1"
2552	2025/02/28 14:21:32	"GET /uv2582fip2582inf210/project_part1.html HTTP/1.1"
2552	2025/02/28 14:32:58	"GET /uv2582fip2582inf210/project_specifications.html HTTP/1.1"
2552	2025/02/28 14:48:40	"GET /uv2582fip2582inf210/data_home.html HTTP/1.1"
2552	2025/02/28 14:48:46	"GET /uv2582fip2582inf210/images/prerequisite_data/prerequisite_data_2025.html HTTP/1.1"
2552	2025/02/28 14:48:50	"GET /uv2582fip2582inf210/activity_relational_model.html HTTP/1.1"
2552	2025/02/28 15:47:35	"GET /uv2582fip2582inf210/project_evaluation.html HTTP/1.1"
2552	2025/04/04 14:09:59	"GET /uv2582fip2582inf210/project_task_time.html HTTP/1.1"
2552	2025/04/04 14:10:01	"GET /uv2582fip2582inf210/project_specifications.html HTTP/1.1"
2552	2025/04/03 14:00:29	"GET /uv2582fip2582inf210/project_task_time.html HTTP/1.1"
2552	2025/03/30 19:53:41	"GET /uv2582fip2582inf210/project_presentation.html HTTP/1.1"
2552	2025/03/30 19:53:48	"GET /uv2582fip2582inf210/project_specifications.html HTTP/1.1"
2552	2025/03/30 19:53:54	"GET /uv2582fip2582inf210/project_task_time.html HTTP/1.1"
2552	2025/02/26 09:51:37	"GET /uv2582fip2582inf210/project_presentation.html HTTP/1.1"
2552	2025/02/26 09:51:40	"GET /uv2582fip2582inf210/project_evaluation.html HTTP/1.1"
2552	2025/02/26 09:55:59	"GET /uv2582fip2582inf210/project_specifications.html HTTP/1.1"
2552	2025/02/26 11:06:18	"GET /uv2582fip2582inf210/data_home.html HTTP/1.1"
2552	2025/02/26 11:06:43	"GET /uv2582fip2582inf210/lecture_conceptual_modeling.html HTTP/1.1"
2552	2025/02/26 14:44:57	"GET /uv2582fip2582inf210/project_task_time.html HTTP/1.1"
2552	2025/02/26 14:45:02	"GET /uv2582fip2582inf210/project_part1.html HTTP/1.1"
2552	2025/02/24 14:59:22	"GET /uv2582fip2582inf210/web_architecture_home.html HTTP/1.1"
2552	2025/02/24 15:00:15	"GET /uv2582fip2582inf210/lecture_mvc_spring.html HTTP/1.1"
2552	2025/02/24 15:00:23	"GET /uv2582fip2582inf210/practice_jpa.html HTTP/1.1"
2552	2025/02/24 15:03:06	"GET /uv2582fip2582inf210/practice_spring_2tiers.html HTTP/1.1"
2552	2025/02/24 15:03:19	"GET /uv2582fip2582inf210/lecture_technical_architecture.html HTTP/1.1"
2552	2025/02/24 15:03:47	"GET /uv2582fip2582inf210/project_home.html HTTP/1.1"
2552	2025/02/24 15:03:51	"GET /uv2582fip2582inf210/data_home.html HTTP/1.1"
2552	2025/02/24 15:03:57	"GET /uv2582fip2582inf210/images/prerequisite_data/prerequisite_data_2025.html HTTP/1.1"
2552	2025/02/24 15:04:49	"GET /uv2582fip2582inf210/images/prerequisite_archiweb/prerequisite_archiweb_2025.html HTTP/1.1"
2552	2025/02/24 15:04:56	"GET /uv2582fip2582inf210/practice_json.html HTTP/1.1"
2552	2025/02/24 15:13:50	"GET /uv2582fip2582inf210/lecture_jaxb.html HTTP/1.1"
2552	2025/02/24 16:15:51	"GET /uv2582fip2582inf210/practice_schema_xml.html HTTP/1.1"
2552	2025/03/21 09:44:31	"GET /uv2582fip2582inf210/project_presentation.html HTTP/1.1"
2552	2025/03/21 09:44:34	"GET /uv2582fip2582inf210/project_part2.html HTTP/1.1"
2552	2025/03/07 14:06:14	"GET /uv2582fip2582inf210/project_presentation.html HTTP/1.1"
2552	2025/03/07 14:06:18	"GET /uv2582fip2582inf210/project_part2.html HTTP/1.1"
2552	2025/03/07 14:06:25	"GET /uv2582fip2582inf210/project_specifications.html HTTP/1.1"
2552	2025/03/12 13:28:56	"GET /uv2582fip2582inf210/project_presentation.html HTTP/1.1"
2552	2025/03/12 13:28:59	"GET /uv2582fip2582inf210/project_part2.html HTTP/1.1"
2552	2025/02/03 14:15:28	"GET /uv2582fip2582inf210/data_home.html HTTP/1.1"
2552	2025/02/03 14:15:44	"GET /uv2582fip2582inf210/images/prerequisite_data/prerequisite_data_2025.html HTTP/1.1"
2552	2025/02/03 14:17:09	"GET /uv2582fip2582inf210/lecture_conceptual_modeling.html HTTP/1.1"
2552	2025/02/03 14:17:18	"GET /uv2582fip2582inf210/activity_conceptual_modeling.html HTTP/1.1"
2552	2025/02/03 14:17:51	"GET /uv2582fip2582inf210/activity_conceptual_modeling_correction.html HTTP/1.1"
2552	2025/02/03 14:48:23	"GET /uv2582fip2582inf210/lecture_normalization.html HTTP/1.1"
2552	2025/02/03 14:57:24	"GET /uv2582fip2582inf210/activity_normalization.html HTTP/1.1"
2552	2025/02/03 14:58:33	"GET /uv2582fip2582inf210/activity_normalization_correction.html HTTP/1.1"
2552	2025/01/24 09:43:25	"GET /uv2582fip2582inf210/technical_environment_home.html HTTP/1.1"
2552	2025/01/24 09:43:30	"GET /uv2582fip2582inf210/images/prerequisite_techenv/prerequisite_techenv_2025.html HTTP/1.1"
2552	2025/01/24 10:15:09	"GET /uv2582fip2582inf210/documentation_docker.html HTTP/1.1"
2552	2025/01/24 10:38:59	"GET /uv2582fip2582inf210/practice_docker.html HTTP/1.1"
2552	2025/01/24 12:04:56	"GET /uv2582fip2582inf210/practice_postgresql.html HTTP/1.1"
2552	2025/01/31 14:05:14	"GET /uv2582fip2582inf210/technical_environment_home.html HTTP/1.1"
2552	2025/01/31 14:05:22	"GET /uv2582fip2582inf210/documentation_docker.html HTTP/1.1"
2552	2025/01/31 14:05:32	"GET /uv2582fip2582inf210/web_architecture_home.html HTTP/1.1"
2552	2025/01/31 14:10:30	"GET /uv2582fip2582inf210/lecture_normalization.html HTTP/1.1"
2552	2025/01/31 15:51:41	"GET /uv2582fip2582inf210/activity_relational_model_correction.html HTTP/1.1"
2552	2025/01/31 16:05:38	"GET /uv2582fip2582inf210/lecture_relational_algebra.html HTTP/1.1"
2552	2025/01/31 16:06:01	"GET /uv2582fip2582inf210/lecture_modeling_normalization.html HTTP/1.1"
2552	2025/01/31 16:08:39	"GET /uv2582fip2582inf210/lecture_conceptual_modeling.html HTTP/1.1"
2552	2025/01/31 16:17:05	"GET /uv2582fip2582inf210/activity_conceptual_modeling.html HTTP/1.1"
2552	2025/01/30 09:45:58	"GET /uv2582fip2582inf210/technical_environment_home.html HTTP/1.1"
2552	2025/01/30 09:46:05	"GET /uv2582fip2582inf210/images/prerequisite_techenv/prerequisite_techenv_2025.html HTTP/1.1"
2552	2025/01/30 09:46:06	"GET /uv2582fip2582inf210/practice_postgresql.html HTTP/1.1"
2552	2025/01/30 09:59:36	"GET /uv2582fip2582inf210/technical_environment_home.html HTTP/1.1"
2552	2025/01/30 09:59:43	"GET /uv2582fip2582inf210/index.html HTTP/1.1"
2552	2025/01/30 10:01:00	"GET /uv2582fip2582inf210/data_home.html HTTP/1.1"
2552	2025/01/30 10:01:30	"GET /uv2582fip2582inf210/images/prerequisite_data/prerequisite_data_2025.html HTTP/1.1"
2552	2025/01/30 10:02:13	"GET /uv2582fip2582inf210/lecture_relational_model.html HTTP/1.1"
2552	2025/01/30 10:04:18	"GET /uv2582fip2582inf210/lecture_db_integrity.html HTTP/1.1"
2552	2025/01/30 10:18:03	"GET /uv2582fip2582inf210/activity_relational_model.html HTTP/1.1"
2552	2025/01/30 11:13:28	"GET /uv2582fip2582inf210/lecture_modeling_normalization.html HTTP/1.1"
2552	2025/01/30 11:13:39	"GET /uv2582fip2582inf210/lecture_conceptual_modeling.html HTTP/1.1"
2552	2025/01/30 11:14:02	"GET /uv2582fip2582inf210/activity_sql.html HTTP/1.1"
2552	2025/01/30 11:22:07	"GET /uv2582fip2582inf210/lecture_db_tools.html HTTP/1.1"
2552	2025/01/30 11:22:15	"GET /uv2582fip2582inf210/bd_cours_partie1_bigdata.html HTTP/1.1"
2552	2025/01/30 11:22:22	"GET /uv2582fip2582inf210/bd_cours_partie1_bigdata.html HTTP/1.1"
2552	2025/01/30 11:24:53	"GET /uv2582fip2582inf210/practice_sql.html HTTP/1.1"
2552	2025/03/14 09:51:52	"GET /uv2582fip2582inf210/project_presentation.html HTTP/1.1"
2552	2025/03/14 09:51:55	"GET /uv2582fip2582inf210/project_part3.html HTTP/1.1"
2552	2025/03/14 12:06:47	"GET /uv2582fip2582inf210/project_structureui.html HTTP/1.1"
2552	2025/03/14 12:07:15	"GET /uv2582fip2582inf210/project_specifications.html HTTP/1.1"
2552	2025/03/06 13:37:20	"GET /uv2582fip2582inf210/project_evaluation.html HTTP/1.1"
2552	2025/03/06 13:37:57	"GET /uv2582fip2582inf210/project_specifications.html HTTP/1.1"
2552	2025/02/05 14:13:49	"GET /uv2582fip2582inf210/web_architecture_home.html HTTP/1.1"
2552	2025/02/05 14:13:58	"GET /uv2582fip2582inf210/images/prerequisite_archiweb/prerequisite_archiweb_2025.html HTTP/1.1"
2552	2025/02/05 14:14:18	"GET /uv2582fip2582inf210/lecture_technical_architecture.html HTTP/1.1"
2552	2025/02/05 14:24:16	"GET /uv2582fip2582inf210/lecture_software_architecture.html HTTP/1.1"
2552	2025/02/05 14:28:31	"GET /uv2582fip2582inf210/lecture_dto.html HTTP/1.1"
2552	2025/02/05 14:29:14	"GET /uv2582fip2582inf210/lecture_mvc_spring.html HTTP/1.1"
2552	2025/02/05 14:35:53	"GET /uv2582fip2582inf210/lecture_jpa.html HTTP/1.1"
2552	2025/02/05 14:41:23	"GET /uv2582fip2582inf210/data_home.html HTTP/1.1"
2552	2025/02/05 14:42:50	"GET /uv2582fip2582inf210/practice_jpa.html HTTP/1.1"
2552	2025/02/05 14:58:23	"GET /uv2582fip2582inf210/web_architecture_home.html HTTP/1.1"
2552	2025/02/05 14:58:25	"GET /uv2582fip2582inf210/images/prerequisite_archiweb/prerequisite_archiweb_2025.html HTTP/1.1"
2552	2025/02/05 14:58:33	"GET /uv2582fip2582inf210/lecture_mvc_spring.html HTTP/1.1"
2552	2025/02/05 15:41:07	"GET /uv2582fip2582inf210/project_home.html HTTP/1.1"
2552	2025/02/05 15:41:23	"GET /uv2582fip2582inf210/data_home.html HTTP/1.1"
2552	2025/02/05 15:41:27	"GET /uv2582fip2582inf210/technical_environment_home.html HTTP/1.1"
2552	2025/02/05 15:41:34	"GET /uv2582fip2582inf210/images/prerequisite_techenv/prerequisite_techenv_2025.html HTTP/1.1"
2552	2025/02/05 15:41:36	"GET /uv2582fip2582inf210/documentation_programming.html HTTP/1.1"
2552	2025/02/05 15:41:44	"GET /uv2582fip2582inf210/practice_spring.html HTTP/1.1"
2552	2025/02/05 15:49:25	"GET /uv2582fip2582inf210/documentation_programming.html HTTP/1.1"
2552	2025/02/05 15:49:33	"GET /uv2582fip2582inf210/technical_environment_home.html HTTP/1.1"
2552	2025/02/05 16:26:04	"GET /uv2582fip2582inf210/index.html HTTP/1.1"
2552	2025/02/05 16:26:06	"GET /uv2582fip2582inf210/web_architecture_home.html HTTP/1.1"
2552	2025/02/05 16:26:07	"GET /uv2582fip2582inf210/images/prerequisite_archiweb/prerequisite_archiweb_2025.html HTTP/1.1"
2552	2025/02/05 16:26:27	"GET /uv2582fip2582inf210/practice_jpa.html HTTP/1.1"
2552	2025/02/05 16:27:06	"GET /uv2582fip2582inf210/lecture_jpa.html HTTP/1.1"
2552	2025/02/10 14:07:11	"GET /uv2582fip2582inf210/documentation_programming.html HTTP/1.1"
2552	2025/02/10 14:08:19	"GET /uv2582fip2582inf210/documentation_programming.html HTTP/1.1"
2552	2025/02/10 14:08:21	"GET /uv2582fip2582inf210/inversion_of_control.html HTTP/1.1"
2552	2025/02/10 14:08:26	"GET /uv2582fip2582inf210/web_architecture_home.html HTTP/1.1"
2552	2025/02/10 14:08:29	"GET /uv2582fip2582inf210/images/prerequisite_archiweb/prerequisite_archiweb_2025.html HTTP/1.1"
2552	2025/02/10 14:09:36	"GET /uv2582fip2582inf210/images/prerequisite_archiweb/prerequisite_archiweb_2025.html HTTP/1.1"
2552	2025/02/10 14:09:38	"GET /uv2582fip2582inf210/practice_jpa.html HTTP/1.1"
2552	2025/02/10 14:09:38	"GET /uv2582fip2582inf210/web_architecture_home.html HTTP/1.1"
2552	2025/02/10 14:09:39	"GET /uv2582fip2582inf210/images/prerequisite_archiweb/prerequisite_archiweb_2025.html HTTP/1.1"
2552	2025/02/10 14:09:39	"GET /uv2582fip2582inf210/lecture_mvc_spring.html HTTP/1.1"
2552	2025/02/10 14:09:46	"GET /uv2582fip2582inf210/lecture_jpa.html HTTP/1.1"
2552	2025/02/10 14:47:05	"GET /uv2582fip2582inf210/lecture_mvc_spring.html HTTP/1.1"
2552	2025/02/10 14:56:24	"GET /uv2582fip2582inf210/practice_spring_2tiers.html HTTP/1.1"
2552	2025/02/12 09:39:59	"GET /uv2582fip2582inf210/practice_spring_2tiers.html HTTP/1.1"
2552	2025/03/04 10:18:45	"GET /uv2582fip2582inf210/project_presentation.html HTTP/1.1"
2552	2025/03/04 10:18:49	"GET /uv2582fip2582inf210/project_part2.html HTTP/1.1"
2552	2025/03/03 11:56:22	"GET /uv2582fip2582inf210/project_presentation.html HTTP/1.1"
2552	2025/03/03 11:56:26	"GET /uv2582fip2582inf210/project_part2.html HTTP/1.1"
2552	2025/03/03 16:46:48	"GET /uv2582fip2582inf210/project_presentation.html HTTP/1.1"
2552	2025/03/03 16:46:53	"GET /uv2582fip2582inf210/project_part2.html HTTP/1.1"
2552	2025/03/16 11:18:38	"GET /uv2582fip2582inf210/project_presentation.html HTTP/1.1"
2552	2025/03/16 11:18:41	"GET /uv2582fip2582inf210/project_part3.html HTTP/1.1"
2552	2025/03/16 11:19:02	"GET /uv2582fip2582inf210/project_specifications.html HTTP/1.1"
2552	2025/02/14 09:39:18	"GET /uv2582fip2582inf210/documentation_programming.html HTTP/1.1"
2552	2025/02/14 09:39:26	"GET /uv2582fip2582inf210/images/prerequisite_archiweb/prerequisite_archiweb_2025.html HTTP/1.1"
2552	2025/02/14 09:39:31	"GET /uv2582fip2582inf210/technical_environment_home.html HTTP/1.1"
2552	2025/01/29 14:13:18	"GET /uv2582fip2582inf210/web_architecture_home.html HTTP/1.1"
2552	2025/01/29 14:13:21	"GET /uv2582fip2582inf210/images/prerequisite_archiweb/prerequisite_archiweb_2025.html HTTP/1.1"
2552	2025/01/29 14:14:24	"GET /uv2582fip2582inf210/technical_environment_home.html HTTP/1.1"
2552	2025/01/29 14:14:39	"GET /uv2582fip2582inf210/images/prerequisite_techenv/prerequisite_techenv_2025.html HTTP/1.1"
2552	2025/01/29 14:14:43	"GET /uv2582fip2582inf210/practice_postgresql.html HTTP/1.1"
2552	2025/01/29 14:17:33	"GET /uv2582fip2582inf210/documentation_docker.html HTTP/1.1"
2552	2025/01/29 14:18:21	"GET /uv2582fip2582inf210/practice_docker.html HTTP/1.1"
2552	2025/03/05 09:41:18	"GET /uv2582fip2582inf210/project_presentation.html HTTP/1.1"
2552	2025/03/05 09:41:21	"GET /uv2582fip2582inf210/project_part2.html HTTP/1.1"
2552	2025/03/05 10:22:03	"GET /uv2582fip2582inf210/project_part1.html HTTP/1.1"
2552	2025/03/05 10:22:13	"GET /uv2582fip2582inf210/project_specifications.html HTTP/1.1"
2552	2025/03/05 16:12:01	"GET /uv2582fip2582inf210/project_part1.html HTTP/1.1"
2552	2025/03/05 16:12:31	"GET /uv2582fip2582inf210/project_specifications.html HTTP/1.1"
2552	2025/03/18 16:38:36	"GET /uv2582fip2582inf210/project_presentation.html HTTP/1.1"
2552	2025/03/18 16:38:38	"GET /uv2582fip2582inf210/project_part3.html HTTP/1.1"
2552	2025/03/18 16:39:21	"GET /uv2582fip2582inf210/project_specifications.html HTTP/1.1"
