2553	2025/03/24 11:51:20	"GET /uv2582fip2582inf210/data_home.html HTTP/1.1"
2553	2025/03/24 11:51:26	"GET /uv2582fip2582inf210/lecture_modeling_normalization.html HTTP/1.1"
2553	2025/03/24 11:51:35	"GET /uv2582fip2582inf210/lecture_conceptual_modeling.html HTTP/1.1"
2553	2025/02/20 20:31:41	"GET /uv2582fip2582inf210/data_home.html HTTP/1.1"
2553	2025/02/20 20:31:49	"GET /uv2582fip2582inf210/lecture_modeling_normalization.html HTTP/1.1"
2553	2025/02/20 20:32:02	"GET /uv2582fip2582inf210/lecture_conceptual_modeling.html HTTP/1.1"
2553	2025/02/21 11:03:54	"GET /uv2582fip2582inf210/lecture_conceptual_modeling.html HTTP/1.1"
2553	2025/02/21 13:09:37	"GET /uv2582fip2582inf210/activity_conceptual_modeling.html HTTP/1.1"
2553	2025/02/21 13:12:23	"GET /uv2582fip2582inf210/lecture_normalization.html HTTP/1.1"
2553	2025/02/21 14:18:02	"GET /uv2582fip2582inf210/activity_normalization.html HTTP/1.1"
2553	2025/02/21 14:18:14	"GET /uv2582fip2582inf210/activity_normalization_correction.html HTTP/1.1"
2553	2025/04/03 15:54:47	"GET /uv2582fip2582inf210/project_presentation.html HTTP/1.1"
2553	2025/03/30 12:12:57	"GET /uv2582fip2582inf210/project_presentation.html HTTP/1.1"
2553	2025/03/30 12:13:01	"GET /uv2582fip2582inf210/project_part3.html HTTP/1.1"
2553	2025/02/26 09:37:18	"GET /uv2582fip2582inf210/project_presentation.html HTTP/1.1"
2553	2025/02/26 09:37:56	"GET /uv2582fip2582inf210/project_specifications.html HTTP/1.1"
2553	2025/02/26 09:38:30	"GET /uv2582fip2582inf210/project_task_time.html HTTP/1.1"
2553	2025/02/26 09:39:30	"GET /uv2582fip2582inf210/project_part1.html HTTP/1.1"
2553	2025/02/26 09:59:55	"GET /uv2582fip2582inf210/project_evaluation.html HTTP/1.1"
2553	2025/02/26 14:19:38	"GET /uv2582fip2582inf210/project_specifications.html HTTP/1.1"
2553	2025/02/26 15:16:46	"GET /uv2582fip2582inf210/project_presentation.html HTTP/1.1"
2553	2025/02/26 15:16:53	"GET /uv2582fip2582inf210/project_task_time.html HTTP/1.1"
2553	2025/02/24 14:07:28	"GET /uv2582fip2582inf210/project_home.html HTTP/1.1"
2553	2025/02/24 14:07:39	"GET /uv2582fip2582inf210/index.html HTTP/1.1"
2553	2025/02/24 14:07:42	"GET /uv2582fip2582inf210/data_home.html HTTP/1.1"
2553	2025/02/24 14:07:56	"GET /uv2582fip2582inf210/web_architecture_home.html HTTP/1.1"
2553	2025/02/24 14:08:03	"GET /uv2582fip2582inf210/lecture_json.html HTTP/1.1"
2553	2025/02/24 14:08:45	"GET /uv2582fip2582inf210/practice_json.html HTTP/1.1"
2553	2025/02/24 14:09:07	"GET /uv2582fip2582inf210/lecture_xml.html HTTP/1.1"
2553	2025/02/24 14:09:37	"GET /uv2582fip2582inf210/lecture_validity.html HTTP/1.1"
2553	2025/02/24 14:09:55	"GET /uv2582fip2582inf210/lecture_jaxb.html HTTP/1.1"
2553	2025/02/24 14:10:01	"GET /uv2582fip2582inf210/practice_xml.html HTTP/1.1"
2553	2025/03/07 14:23:06	"GET /uv2582fip2582inf210/project_presentation.html HTTP/1.1"
2553	2025/03/07 14:23:08	"GET /uv2582fip2582inf210/project_part2.html HTTP/1.1"
2553	2025/03/12 20:08:41	"GET /uv2582fip2582inf210/web_architecture_home.html HTTP/1.1"
2553	2025/03/12 20:08:44	"GET /uv2582fip2582inf210/project_presentation.html HTTP/1.1"
2553	2025/03/12 20:08:47	"GET /uv2582fip2582inf210/project_part2.html HTTP/1.1"
2553	2025/02/19 14:08:08	"GET /uv2582fip2582inf210/project_home.html HTTP/1.1"
2553	2025/02/19 14:08:12	"GET /uv2582fip2582inf210/index.html HTTP/1.1"
2553	2025/03/15 15:01:58	"GET /uv2582fip2582inf210/project_presentation.html HTTP/1.1"
2553	2025/03/15 15:02:00	"GET /uv2582fip2582inf210/project_part1.html HTTP/1.1"
2553	2025/03/15 15:02:28	"GET /uv2582fip2582inf210/project_part2.html HTTP/1.1"
2553	2025/02/03 14:21:32	"GET /uv2582fip2582inf210/practice_docker.html HTTP/1.1"
2553	2025/02/03 14:22:35	"GET /uv2582fip2582inf210/practice_spring.html HTTP/1.1"
2553	2025/02/03 14:22:38	"GET /uv2582fip2582inf210/index.html HTTP/1.1"
2553	2025/02/03 14:22:41	"GET /uv2582fip2582inf210/web_architecture_home.html HTTP/1.1"
2553	2025/02/03 14:22:46	"GET /uv2582fip2582inf210/practice_jpa.html HTTP/1.1"
2553	2025/02/03 14:37:57	"GET /uv2582fip2582inf210/lecture_jpa.html HTTP/1.1"
2553	2025/02/03 16:32:34	"GET /uv2582fip2582inf210/practice_jpa_advanced.html HTTP/1.1"
2553	2025/01/24 10:03:25	"GET /uv2582fip2582inf210/technical_environment_home.html HTTP/1.1"
2553	2025/01/24 10:23:12	"GET /uv2582fip2582inf210/documentation_docker.html HTTP/1.1"
2553	2025/01/24 11:58:21	"GET /uv2582fip2582inf210/documentation_programming.html HTTP/1.1"
2553	2025/01/24 11:58:30	"GET /uv2582fip2582inf210/practice_docker.html HTTP/1.1"
2553	2025/01/31 14:07:34	"GET /uv2582fip2582inf210/data_home.html HTTP/1.1"
2553	2025/01/31 14:07:48	"GET /uv2582fip2582inf210/lecture_relational_model.html HTTP/1.1"
2553	2025/01/31 14:09:16	"GET /uv2582fip2582inf210/lecture_db_integrity.html HTTP/1.1"
2553	2025/01/31 14:18:13	"GET /uv2582fip2582inf210/lecture_relational_algebra.html HTTP/1.1"
2553	2025/01/31 14:18:23	"GET /uv2582fip2582inf210/activity_relational_model.html HTTP/1.1"
2553	2025/01/31 14:22:48	"GET /uv2582fip2582inf210/index.html HTTP/1.1"
2553	2025/01/31 14:22:52	"GET /uv2582fip2582inf210/technical_environment_home.html HTTP/1.1"
2553	2025/01/31 14:23:08	"GET /uv2582fip2582inf210/documentation_rdbms.html HTTP/1.1"
2553	2025/01/31 14:23:09	"GET /uv2582fip2582inf210/practice_postgresql.html HTTP/1.1"
2553	2025/01/31 14:23:15	"GET /uv2582fip2582inf210/documentation_programming.html HTTP/1.1"
2553	2025/01/31 14:24:27	"GET /uv2582fip2582inf210/inversion_of_control.html HTTP/1.1"
2553	2025/01/31 14:24:56	"GET /uv2582fip2582inf210/spring_bean.html HTTP/1.1"
2553	2025/01/31 14:26:19	"GET /uv2582fip2582inf210/practice_spring.html HTTP/1.1"
2553	2025/01/31 15:02:51	"GET /uv2582fip2582inf210/web_architecture_home.html HTTP/1.1"
2553	2025/01/31 15:02:55	"GET /uv2582fip2582inf210/lecture_technical_architecture.html HTTP/1.1"
2553	2025/01/31 15:12:19	"GET /uv2582fip2582inf210/lecture_software_architecture.html HTTP/1.1"
2553	2025/01/31 15:13:43	"GET /uv2582fip2582inf210/lecture_dto.html HTTP/1.1"
2553	2025/01/31 15:13:57	"GET /uv2582fip2582inf210/lecture_mvc_spring.html HTTP/1.1"
2553	2025/01/31 15:20:52	"GET /uv2582fip2582inf210/lecture_jpa.html HTTP/1.1"
2553	2025/01/31 15:46:15	"GET /uv2582fip2582inf210/practice_jpa.html HTTP/1.1"
2553	2025/01/30 09:48:31	"GET /uv2582fip2582inf210/practice_docker.html HTTP/1.1"
2553	2025/01/30 09:52:51	"GET /uv2582fip2582inf210/practice_postgresql.html HTTP/1.1"
2553	2025/01/30 09:55:58	"GET /uv2582fip2582inf210/documentation_docker.html HTTP/1.1"
2553	2025/01/30 09:56:01	"GET /uv2582fip2582inf210/practice_docker_advanced.html HTTP/1.1"
2553	2025/01/30 11:44:55	"GET /uv2582fip2582inf210/documentation_rdbms.html HTTP/1.1"
2553	2025/03/13 15:36:30	"GET /uv2582fip2582inf210/project_presentation.html HTTP/1.1"
2553	2025/03/13 15:36:33	"GET /uv2582fip2582inf210/project_part3.html HTTP/1.1"
2553	2025/03/13 15:39:25	"GET /uv2582fip2582inf210/project_structureui.html HTTP/1.1"
2553	2025/03/06 15:09:25	"GET /uv2582fip2582inf210/project_presentation.html HTTP/1.1"
2553	2025/03/06 15:09:30	"GET /uv2582fip2582inf210/project_part2.html HTTP/1.1"
2553	2025/02/05 14:09:12	"GET /uv2582fip2582inf210/data_home.html HTTP/1.1"
2553	2025/02/05 14:09:18	"GET /uv2582fip2582inf210/lecture_relational_model.html HTTP/1.1"
2553	2025/02/05 14:09:29	"GET /uv2582fip2582inf210/activity_relational_model.html HTTP/1.1"
2553	2025/02/05 14:13:33	"GET /uv2582fip2582inf210/lecture_modeling_normalization.html HTTP/1.1"
2553	2025/02/05 14:17:13	"GET /uv2582fip2582inf210/activity_conceptual_modeling.html HTTP/1.1"
2553	2025/02/05 14:24:31	"GET /uv2582fip2582inf210/activity_conceptual_modeling_correction.html HTTP/1.1"
2553	2025/02/05 14:28:17	"GET /uv2582fip2582inf210/activity_conceptual_modeling_advanced.html HTTP/1.1"
2553	2025/02/05 15:08:47	"GET /uv2582fip2582inf210/activity_conceptual_modeling_advanced_correction.html HTTP/1.1"
2553	2025/02/05 15:12:12	"GET /uv2582fip2582inf210/lecture_transaction.html HTTP/1.1"
2553	2025/02/05 15:12:16	"GET /uv2582fip2582inf210/practice_indexation.html HTTP/1.1"
2553	2025/02/05 15:38:18	"GET /uv2582fip2582inf210/practice_transaction.html HTTP/1.1"
2553	2025/02/05 15:51:45	"GET /uv2582fip2582inf210/documentation_rdbms.html HTTP/1.1"
2553	2025/02/05 15:58:35	"GET /uv2582fip2582inf210/practice_postgresql.html HTTP/1.1"
2553	2025/02/10 14:19:56	"GET /uv2582fip2582inf210/web_architecture_home.html HTTP/1.1"
2553	2025/02/10 14:32:27	"GET /uv2582fip2582inf210/data_home.html HTTP/1.1"
2553	2025/02/10 14:46:00	"GET /uv2582fip2582inf210/lecture_transaction.html HTTP/1.1"
2553	2025/02/10 14:46:05	"GET /uv2582fip2582inf210/practice_transaction.html HTTP/1.1"
2553	2025/02/10 14:56:57	"GET /uv2582fip2582inf210/index.html HTTP/1.1"
2553	2025/02/10 14:57:00	"GET /uv2582fip2582inf210/project_home.html HTTP/1.1"
2553	2025/02/10 14:57:07	"GET /uv2582fip2582inf210/lecture_relational_model.html HTTP/1.1"
2553	2025/02/10 14:59:21	"GET /uv2582fip2582inf210/lecture_db_integrity.html HTTP/1.1"
2553	2025/02/10 15:01:36	"GET /uv2582fip2582inf210/activity_relational_model.html HTTP/1.1"
2553	2025/02/10 15:11:43	"GET /uv2582fip2582inf210/activity_relational_model_correction.html HTTP/1.1"
2553	2025/02/10 15:57:50	"GET /uv2582fip2582inf210/lecture_modeling_normalization.html HTTP/1.1"
2553	2025/02/10 15:58:06	"GET /uv2582fip2582inf210/lecture_conceptual_modeling.html HTTP/1.1"
2553	2025/03/19 12:03:33	"GET /uv2582fip2582inf210/project_presentation.html HTTP/1.1"
2553	2025/03/19 12:03:36	"GET /uv2582fip2582inf210/project_part3.html HTTP/1.1"
2553	2025/03/19 12:06:11	"GET /uv2582fip2582inf210/project_structureui.html HTTP/1.1"
2553	2025/02/12 09:45:36	"GET /uv2582fip2582inf210/web_architecture_home.html HTTP/1.1"
2553	2025/02/12 09:46:02	"GET /uv2582fip2582inf210/lecture_mvc_spring.html HTTP/1.1"
2553	2025/02/12 09:47:44	"GET /uv2582fip2582inf210/index.html HTTP/1.1"
2553	2025/02/12 09:47:47	"GET /uv2582fip2582inf210/project_home.html HTTP/1.1"
2553	2025/02/12 09:47:57	"GET /uv2582fip2582inf210/data_home.html HTTP/1.1"
2553	2025/02/12 09:48:00	"GET /uv2582fip2582inf210/lecture_transaction.html HTTP/1.1"
2553	2025/02/12 09:57:40	"GET /uv2582fip2582inf210/lecture_transaction.html HTTP/1.1"
2553	2025/02/12 09:57:40	"GET /uv2582fip2582inf210/lecture_mvc_spring.html HTTP/1.1"
2553	2025/02/12 11:20:13	"GET /uv2582fip2582inf210/lecture_technical_architecture.html HTTP/1.1"
2553	2025/02/12 11:20:31	"GET /uv2582fip2582inf210/lecture_jpa.html HTTP/1.1"
2553	2025/02/12 11:56:55	"GET /uv2582fip2582inf210/practice_jpa.html HTTP/1.1"
2553	2025/02/12 14:10:45	"GET /uv2582fip2582inf210/practice_jpa_advanced.html HTTP/1.1"
2553	2025/03/11 14:07:49	"GET /uv2582fip2582inf210/project_presentation.html HTTP/1.1"
2553	2025/03/11 14:07:51	"GET /uv2582fip2582inf210/project_part2.html HTTP/1.1"
2553	2025/03/03 11:07:55	"GET /uv2582fip2582inf210/project_presentation.html HTTP/1.1"
2553	2025/03/03 11:18:29	"GET /uv2582fip2582inf210/project_partie2.html HTTP/1.1"
2553	2025/03/03 11:18:41	"GET /uv2582fip2582inf210/project_part2.html HTTP/1.1"
2553	2025/02/15 12:28:11	"GET /uv2582fip2582inf210/web_architecture_home.html HTTP/1.1"
2553	2025/02/15 12:28:40	"GET /uv2582fip2582inf210/practice_jpa.html HTTP/1.1"
2553	2025/02/15 12:28:42	"GET /uv2582fip2582inf210/practice_jpa_advanced.html HTTP/1.1"
2553	2025/02/15 13:16:25	"GET /uv2582fip2582inf210/practice_spring_2tiers.html HTTP/1.1"
2553	2025/03/17 20:40:32	"GET /uv2582fip2582inf210/project_presentation.html HTTP/1.1"
2553	2025/03/17 20:40:36	"GET /uv2582fip2582inf210/project_part3.html HTTP/1.1"
2553	2025/03/17 20:40:44	"GET /uv2582fip2582inf210/project_structureui.html HTTP/1.1"
2553	2025/01/29 14:23:55	"GET /uv2582fip2582inf210/practice_docker.html HTTP/1.1"
2553	2025/03/05 10:28:16	"GET /uv2582fip2582inf210/project_presentation.html HTTP/1.1"
2553	2025/03/05 10:28:18	"GET /uv2582fip2582inf210/project_part2.html HTTP/1.1"
2553	2025/03/10 18:09:53	"GET /uv2582fip2582inf210/project_presentation.html HTTP/1.1"
2553	2025/03/10 18:09:57	"GET /uv2582fip2582inf210/project_part2.html HTTP/1.1"
