2554	2025/02/20 14:24:32	"GET /uv2582fip2582inf210/web_architecture_home.html HTTP/1.1"
2554	2025/02/20 14:24:43	"GET /uv2582fip2582inf210/practice_spring_2tiers.html HTTP/1.1"
2554	2025/02/20 14:40:01	"GET /uv2582fip2582inf210/lecture_mvc_spring.html HTTP/1.1"
2554	2025/02/20 14:58:03	"GET /uv2582fip2582inf210/lecture_jpa.html HTTP/1.1"
2554	2025/02/20 21:26:55	"GET /uv2582fip2582inf210/index.html HTTP/1.1"
2554	2025/02/20 21:26:59	"GET /uv2582fip2582inf210/data_home.html HTTP/1.1"
2554	2025/02/20 21:27:11	"GET /uv2582fip2582inf210/lecture_relational_model.html HTTP/1.1"
2554	2025/02/21 14:06:13	"GET /uv2582fip2582inf210/lecture_db_integrity.html HTTP/1.1"
2554	2025/02/21 14:06:20	"GET /uv2582fip2582inf210/lecture_conceptual_modeling.html HTTP/1.1"
2554	2025/02/21 14:06:24	"GET /uv2582fip2582inf210/lecture_normalization.html HTTP/1.1"
2554	2025/04/03 11:36:57	"GET /uv2582fip2582inf210/project_presentation.html HTTP/1.1"
2554	2025/04/03 11:37:46	"GET /uv2582fip2582inf210/project_task_time.html HTTP/1.1"
2554	2025/02/26 09:51:15	"GET /uv2582fip2582inf210/index.html HTTP/1.1"
2554	2025/02/26 09:51:21	"GET /uv2582fip2582inf210/project_presentation.html HTTP/1.1"
2554	2025/02/26 09:52:14	"GET /uv2582fip2582inf210/project_specifications.html HTTP/1.1"
2554	2025/02/26 09:52:20	"GET /uv2582fip2582inf210/project_part1.html HTTP/1.1"
2554	2025/02/26 09:52:21	"GET /uv2582fip2582inf210/project_part1.html HTTP/1.1"
2554	2025/02/24 14:08:49	"GET /uv2582fip2582inf210/index.html HTTP/1.1"
2554	2025/02/24 14:08:53	"GET /uv2582fip2582inf210/web_architecture_home.html HTTP/1.1"
2554	2025/02/24 15:45:55	"GET /uv2582fip2582inf210/PresentationUVINF210/pres.html HTTP/1.1"
2554	2025/02/24 15:46:18	"GET /uv2582fip2582inf210/project_home.html HTTP/1.1"
2554	2025/02/24 15:46:24	"GET /uv2582fip2582inf210/data_home.html HTTP/1.1"
2554	2025/03/12 20:49:13	"GET /uv2582fip2582inf210/project_part2.html HTTP/1.1"
2554	2025/03/15 12:20:58	"GET /uv2582fip2582inf210/project_part3.html HTTP/1.1"
2554	2025/02/03 14:04:37	"GET /uv2582fip2582inf210/index.html HTTP/1.1"
2554	2025/02/03 14:04:45	"GET /uv2582fip2582inf210/technical_environment_home.html HTTP/1.1"
2554	2025/02/03 14:04:53	"GET /uv2582fip2582inf210/data_home.html HTTP/1.1"
2554	2025/02/03 14:05:32	"GET /uv2582fip2582inf210/lecture_modeling_normalization.html HTTP/1.1"
2554	2025/02/03 14:05:37	"GET /uv2582fip2582inf210/lecture_conceptual_modeling.html HTTP/1.1"
2554	2025/02/03 14:05:40	"GET /uv2582fip2582inf210/activity_conceptual_modeling.html HTTP/1.1"
2554	2025/02/03 14:05:42	"GET /uv2582fip2582inf210/lecture_normalization.html HTTP/1.1"
2554	2025/02/03 14:40:37	"GET /uv2582fip2582inf210/activity_normalization.html HTTP/1.1"
2554	2025/02/03 14:43:55	"GET /uv2582fip2582inf210/activity_normalization_correction.html HTTP/1.1"
2554	2025/02/03 15:12:51	"GET /uv2582fip2582inf210/lecture_transaction.html HTTP/1.1"
2554	2025/02/03 15:46:21	"GET /uv2582fip2582inf210/practice_transaction.html HTTP/1.1"
2554	2025/02/03 16:21:29	"GET /uv2582fip2582inf210/documentation_rdbms.html HTTP/1.1"
2554	2025/01/24 11:15:21	"GET /uv2582fip2582inf210/PresentationUVINF210/pres.html HTTP/1.1"
2554	2025/01/24 11:16:21	"GET /uv2582fip2582inf210/technical_environment_home.html HTTP/1.1"
2554	2025/01/24 11:16:29	"GET /uv2582fip2582inf210/images/prerequisite_techenv/prerequisite_techenv_2025.html HTTP/1.1"
2554	2025/01/24 11:23:49	"GET /uv2582fip2582inf210/documentation_docker.html HTTP/1.1"
2554	2025/01/24 12:05:06	"GET /uv2582fip2582inf210/documentation_programming.html HTTP/1.1"
2554	2025/01/24 12:07:10	"GET /uv2582fip2582inf210/documentation_rdbms.html HTTP/1.1"
2554	2025/01/31 14:11:52	"GET /uv2582fip2582inf210/lecture_modeling_normalization.html HTTP/1.1"
2554	2025/01/31 14:15:03	"GET /uv2582fip2582inf210/index.html HTTP/1.1"
2554	2025/01/31 14:18:22	"GET /uv2582fip2582inf210/lecture_conceptual_modeling.html HTTP/1.1"
2554	2025/01/31 14:34:58	"GET /uv2582fip2582inf210/activity_conceptual_modeling.html HTTP/1.1"
2554	2025/01/31 15:49:08	"GET /uv2582fip2582inf210/activity_conceptual_modeling_correction.html HTTP/1.1"
2554	2025/01/31 15:54:49	"GET /uv2582fip2582inf210/lecture_normalization.html HTTP/1.1"
2554	2025/01/31 16:27:50	"GET /uv2582fip2582inf210/activity_sql.html HTTP/1.1"
2554	2025/01/31 16:32:03	"GET /uv2582fip2582inf210/technical_environment_home.html HTTP/1.1"
2554	2025/01/31 16:32:08	"GET /uv2582fip2582inf210/practice_docker.html HTTP/1.1"
2554	2025/01/31 16:33:47	"GET /uv2582fip2582inf210/practice_sql.html HTTP/1.1"
2554	2025/03/08 14:27:00	"GET /uv2582fip2582inf210/project_part1.html HTTP/1.1"
2554	2025/03/08 14:27:46	"GET /uv2582fip2582inf210/project_part2.html HTTP/1.1"
2554	2025/01/30 09:40:45	"GET /uv2582fip2582inf210/technical_environment_home.html HTTP/1.1"
2554	2025/01/30 09:44:22	"GET /uv2582fip2582inf210/practice_postgresql.html HTTP/1.1"
2554	2025/01/30 09:47:30	"GET /uv2582fip2582inf210/documentation_programming.html HTTP/1.1"
2554	2025/01/30 09:47:52	"GET /uv2582fip2582inf210/practice_spring.html HTTP/1.1"
2554	2025/01/30 09:47:57	"GET /uv2582fip2582inf210/inversion_of_control.html HTTP/1.1"
2554	2025/01/30 09:48:29	"GET /uv2582fip2582inf210/images/prerequisite_techenv/prerequisite_techenv_2025.html HTTP/1.1"
2554	2025/01/30 09:48:40	"GET /uv2582fip2582inf210/index.html HTTP/1.1"
2554	2025/01/30 09:48:46	"GET /uv2582fip2582inf210/web_architecture_home.html HTTP/1.1"
2554	2025/01/30 09:49:17	"GET /uv2582fip2582inf210/data_home.html HTTP/1.1"
2554	2025/01/30 09:51:56	"GET /uv2582fip2582inf210/lecture_relational_model.html HTTP/1.1"
2554	2025/01/30 10:00:24	"GET /uv2582fip2582inf210/lecture_db_integrity.html HTTP/1.1"
2554	2025/01/30 10:09:42	"GET /uv2582fip2582inf210/activity_relational_model.html HTTP/1.1"
2554	2025/01/30 12:09:11	"GET /uv2582fip2582inf210/activity_relational_model_correction.html HTTP/1.1"
2554	2025/03/09 15:28:28	"GET /uv2582fip2582inf210/project_part2.html HTTP/1.1"
2554	2025/03/14 14:47:09	"GET /uv2582fip2582inf210/project_specifications.html HTTP/1.1"
2554	2025/03/14 14:48:13	"GET /uv2582fip2582inf210/project_part3.html HTTP/1.1"
2554	2025/03/13 17:50:33	"GET /uv2582fip2582inf210/project_part2.html HTTP/1.1"
2554	2025/03/13 21:19:04	"GET /uv2582fip2582inf210/project_part3.html HTTP/1.1"
2554	2025/03/06 08:16:42	"GET /uv2582fip2582inf210/project_part2.html HTTP/1.1"
2554	2025/02/05 14:05:23	"GET /uv2582fip2582inf210/data_home.html HTTP/1.1"
2554	2025/02/05 14:05:49	"GET /uv2582fip2582inf210/practice_transaction.html HTTP/1.1"
2554	2025/02/05 15:14:26	"GET /uv2582fip2582inf210/practice_transaction_correction.html HTTP/1.1"
2554	2025/02/05 16:08:45	"GET /uv2582fip2582inf210/practice_sql.html HTTP/1.1"
2554	2025/02/05 16:29:34	"GET /uv2582fip2582inf210/practice_sql_correction.html HTTP/1.1"
2554	2025/02/10 14:09:36	"GET /uv2582fip2582inf210/index.html HTTP/1.1"
2554	2025/02/10 14:10:41	"GET /uv2582fip2582inf210/web_architecture_home.html HTTP/1.1"
2554	2025/02/10 14:14:42	"GET /uv2582fip2582inf210/lecture_technical_architecture.html HTTP/1.1"
2554	2025/02/10 14:17:53	"GET /uv2582fip2582inf210/images/prerequisite_archiweb/prerequisite_archiweb_2025.html HTTP/1.1"
2554	2025/02/10 14:28:16	"GET /uv2582fip2582inf210/lecture_software_architecture.html HTTP/1.1"
2554	2025/02/10 14:53:57	"GET /uv2582fip2582inf210/lecture_dto.html HTTP/1.1"
2554	2025/02/10 14:57:01	"GET /uv2582fip2582inf210/lecture_xml.html HTTP/1.1"
2554	2025/02/10 15:07:47	"GET /uv2582fip2582inf210/lecture_validity.html HTTP/1.1"
2554	2025/02/10 15:12:41	"GET /uv2582fip2582inf210/practice_xml.html HTTP/1.1"
2554	2025/02/10 16:01:57	"GET /uv2582fip2582inf210/lecture_json.html HTTP/1.1"
2554	2025/02/10 16:03:49	"GET /uv2582fip2582inf210/practice_json.html HTTP/1.1"
2554	2025/02/12 09:58:03	"GET /uv2582fip2582inf210/lecture_mvc_spring.html HTTP/1.1"
2554	2025/02/12 10:41:39	"GET /uv2582fip2582inf210/lecture_jpa.html HTTP/1.1"
2554	2025/02/12 11:47:44	"GET /uv2582fip2582inf210/practice_jpa.html HTTP/1.1"
2554	2025/03/03 11:18:45	"GET /uv2582fip2582inf210/project_part1.html HTTP/1.1"
2554	2025/03/03 11:18:54	"GET /uv2582fip2582inf210/project_part2.html HTTP/1.1"
2554	2025/03/03 14:46:14	"GET /uv2582fip2582inf210/project_specifications.html HTTP/1.1"
2554	2025/03/02 19:18:05	"GET /uv2582fip2582inf210/data_home.html HTTP/1.1"
2554	2025/03/02 19:18:10	"GET /uv2582fip2582inf210/lecture_conceptual_modeling.html HTTP/1.1"
2554	2025/03/02 19:40:25	"GET /uv2582fip2582inf210/index.html HTTP/1.1"
2554	2025/03/02 19:40:27	"GET /uv2582fip2582inf210/project_presentation.html HTTP/1.1"
2554	2025/03/02 19:40:34	"GET /uv2582fip2582inf210/project_part1.html HTTP/1.1"
2554	2025/03/02 19:40:48	"GET /uv2582fip2582inf210/project_specifications.html HTTP/1.1"
2554	2025/01/29 14:04:30	"GET /uv2582fip2582inf210/PresentationUVINF210/pres.html HTTP/1.1"
2554	2025/01/29 14:04:37	"GET /uv2582fip2582inf210/technical_environment_home.html HTTP/1.1"
2554	2025/01/29 14:06:59	"GET /uv2582fip2582inf210/practice_docker.html HTTP/1.1"
