2556	2025/02/27 08:39:15	"GET /uv2582fip2582inf210/practice_spring.html HTTP/1.1"
2556	2025/02/27 08:41:40	"GET /uv2582fip2582inf210/index.html HTTP/1.1"
2556	2025/02/27 08:41:46	"GET /uv2582fip2582inf210/project_presentation.html HTTP/1.1"
2556	2025/02/27 08:42:12	"GET /uv2582fip2582inf210/web_architecture_home.html HTTP/1.1"
2556	2025/02/27 08:42:22	"GET /uv2582fip2582inf210/practice_spring_2tiers.html HTTP/1.1"
2556	2025/02/20 10:52:05	"GET /uv2582fip2582inf210/documentation_programming.html HTTP/1.1"
2556	2025/02/20 11:00:20	"GET /uv2582fip2582inf210/inversion_of_control.html HTTP/1.1"
2556	2025/02/20 11:04:47	"GET /uv2582fip2582inf210/practice_spring.html HTTP/1.1"
2556	2025/02/20 11:05:28	"GET /uv2582fip2582inf210/practice_spring.html HTTP/1.1"
2556	2025/02/21 15:52:52	"GET /uv2582fip2582inf210/web_architecture_home.html HTTP/1.1"
2556	2025/02/21 15:53:04	"GET /uv2582fip2582inf210/lecture_json.html HTTP/1.1"
2556	2025/02/21 16:17:16	"GET /uv2582fip2582inf210/practice_json.html HTTP/1.1"
2556	2025/02/19 15:27:36	"GET /uv2582fip2582inf210/technical_environment_home.html HTTP/1.1"
2556	2025/02/19 15:28:06	"GET /uv2582fip2582inf210/documentation_docker.html HTTP/1.1"
2556	2025/02/19 15:35:48	"GET /uv2582fip2582inf210/practice_docker.html HTTP/1.1"
2556	2025/02/19 15:38:10	"GET /uv2582fip2582inf210/practice_spring_2tiers.html HTTP/1.1"
2556	2025/02/19 15:43:25	"GET /uv2582fip2582inf210/practice_docker_advanced.html HTTP/1.1"
2556	2025/02/19 15:43:32	"GET /uv2582fip2582inf210/practice_postgresql.html HTTP/1.1"
2556	2025/02/19 15:47:11	"GET /uv2582fip2582inf210/documentation_rdbms.html HTTP/1.1"
2556	2025/01/31 09:32:02	"GET /uv2582fip2582inf210/activity_normalization.html HTTP/1.1"
2556	2025/01/31 17:10:36	"GET /uv2582fip2582inf210/activity_normalization.html HTTP/1.1"
2556	2025/01/30 08:09:05	"GET /uv2582fip2582inf210/activity_conceptual_modeling_correction.html HTTP/1.1"
2556	2025/01/30 10:33:33	"GET /uv2582fip2582inf210/activity_conceptual_modeling_advanced.html HTTP/1.1"
2556	2025/01/30 12:04:01	"GET /uv2582fip2582inf210/activity_conceptual_modeling_advanced_correction.html HTTP/1.1"
2556	2025/01/30 15:08:42	"GET /uv2582fip2582inf210/lecture_normalization.html HTTP/1.1"
2556	2025/01/30 15:47:51	"GET /uv2582fip2582inf210/activity_normalization.html HTTP/1.1"
2556	2025/03/14 10:11:19	"GET /uv2582fip2582inf210/project_part3.html HTTP/1.1"
2556	2025/03/14 10:43:13	"GET /uv2582fip2582inf210/project_structureui.html HTTP/1.1"
2556	2025/03/14 10:44:55	"GET /uv2582fip2582inf210/project_specifications.html HTTP/1.1"
2556	2025/02/18 11:13:07	"GET /uv2582fip2582inf210/data_home.html HTTP/1.1"
2556	2025/02/18 11:13:12	"GET /uv2582fip2582inf210/technical_environment_home.html HTTP/1.1"
2556	2025/02/18 11:13:14	"GET /uv2582fip2582inf210/web_architecture_home.html HTTP/1.1"
2556	2025/02/18 11:13:18	"GET /uv2582fip2582inf210/images/prerequisite_archiweb/prerequisite_archiweb_2025.html HTTP/1.1"
2556	2025/02/18 11:17:16	"GET /uv2582fip2582inf210/web_architecture_home.html HTTP/1.1"
2556	2025/02/18 11:17:23	"GET /uv2582fip2582inf210/practice_jpa_advanced.html HTTP/1.1"
2556	2025/03/06 08:13:30	"GET /uv2582fip2582inf210/project_presentation.html HTTP/1.1"
2556	2025/03/06 08:15:03	"GET /uv2582fip2582inf210/project_specifications.html HTTP/1.1"
2556	2025/03/06 08:23:50	"GET /uv2582fip2582inf210/activity_decomposition.html HTTP/1.1"
2556	2025/03/06 08:24:14	"GET /uv2582fip2582inf210/activity_decomposition_correction.html HTTP/1.1"
2556	2025/03/06 08:24:24	"GET /uv2582fip2582inf210/lecture_independence_views.html HTTP/1.1"
2556	2025/03/06 08:24:49	"GET /uv2582fip2582inf210/activity_conceptual_modeling.html HTTP/1.1"
2556	2025/03/06 08:24:52	"GET /uv2582fip2582inf210/activity_conceptual_modeling_correction.html HTTP/1.1"
2556	2025/03/06 10:24:53	"GET /uv2582fip2582inf210/project_evaluation.html HTTP/1.1"
2556	2025/03/06 10:31:07	"GET /uv2582fip2582inf210/project_evaluation.html HTTP/1.1"
2556	2025/03/06 11:14:30	"GET /uv2582fip2582inf210/project_part1.html HTTP/1.1"
2556	2025/02/10 14:19:52	"GET /uv2582fip2582inf210/data_home.html HTTP/1.1"
2556	2025/02/10 14:20:04	"GET /uv2582fip2582inf210/lecture_modeling_normalization.html HTTP/1.1"
2556	2025/02/10 14:20:04	"GET /uv2582fip2582inf210/lecture_modeling_normalization.html HTTP/1.1"
2556	2025/02/10 14:22:18	"GET /uv2582fip2582inf210/lecture_conceptual_modeling.html HTTP/1.1"
2556	2025/02/10 14:23:23	"GET /uv2582fip2582inf210/lecture_normalization.html HTTP/1.1"
2556	2025/02/10 14:34:25	"GET /uv2582fip2582inf210/activity_normalization.html HTTP/1.1"
2556	2025/02/10 15:10:08	"GET /uv2582fip2582inf210/activity_normalization_correction.html HTTP/1.1"
2556	2025/02/10 15:23:27	"GET /uv2582fip2582inf210/activity_decomposition.html HTTP/1.1"
2556	2025/02/10 16:08:49	"GET /uv2582fip2582inf210/activity_decomposition_correction.html HTTP/1.1"
2556	2025/02/10 16:14:20	"GET /uv2582fip2582inf210/lecture_independence_views.html HTTP/1.1"
2556	2025/02/10 16:29:05	"GET /uv2582fip2582inf210/practice_independence_views.html HTTP/1.1"
2556	2025/02/10 16:35:26	"GET /uv2582fip2582inf210/activity_sql.html HTTP/1.1"
2556	2025/01/20 11:45:45	"GET /uv2582fip2582inf210/PresentationUVINF210/pres.html HTTP/1.1"
2556	2025/01/20 11:46:26	"GET /uv2582fip2582inf210/project_home.html HTTP/1.1"
2556	2025/01/20 11:46:53	"GET /uv2582fip2582inf210/web_architecture_home.html HTTP/1.1"
2556	2025/01/20 11:47:49	"GET /uv2582fip2582inf210/images/prerequisite_archiweb/prerequisite_archiweb_2025.html HTTP/1.1"
2556	2025/01/20 11:50:09	"GET /uv2582fip2582inf210/lecture_xpath.html HTTP/1.1"
2556	2025/01/20 11:50:39	"GET /uv2582fip2582inf210/index.html HTTP/1.1"
2556	2025/01/20 11:50:45	"GET /uv2582fip2582inf210/technical_environment_home.html HTTP/1.1"
2556	2025/01/20 11:50:51	"GET /uv2582fip2582inf210/images/prerequisite_techenv/prerequisite_techenv_2025.html HTTP/1.1"
2556	2025/01/20 11:51:20	"GET /uv2582fip2582inf210/documentation_docker.html HTTP/1.1"
2556	2025/01/20 11:58:33	"GET /uv2582fip2582inf210/practice_docker.html HTTP/1.1"
2556	2025/01/20 14:12:58	"GET /uv2582fip2582inf210/technical_environment_home.html HTTP/1.1"
2556	2025/01/20 14:13:05	"GET /uv2582fip2582inf210/documentation_docker.html HTTP/1.1"
2556	2025/01/20 14:13:26	"GET /uv2582fip2582inf210/practice_docker.html HTTP/1.1"
2556	2025/01/20 14:49:48	"GET /uv2582fip2582inf210/practice_postgresql.html HTTP/1.1"
2556	2025/01/20 15:37:21	"GET /uv2582fip2582inf210/documentation_programming.html HTTP/1.1"
2556	2025/01/20 15:44:34	"GET /uv2582fip2582inf210/inversion_of_control.html HTTP/1.1"
2556	2025/01/20 16:02:05	"GET /uv2582fip2582inf210/spring_bean.html HTTP/1.1"
2556	2025/01/20 16:03:27	"GET /uv2582fip2582inf210/practice_spring.html HTTP/1.1"
2556	2025/03/11 08:01:59	"GET /uv2582fip2582inf210/web_architecture_home.html HTTP/1.1"
2556	2025/03/11 08:02:11	"GET /uv2582fip2582inf210/project_presentation.html HTTP/1.1"
2556	2025/03/11 08:02:18	"GET /uv2582fip2582inf210/project_part2.html HTTP/1.1"
2556	2025/03/11 08:19:52	"GET /uv2582fip2582inf210/technical_environment_home.html HTTP/1.1"
2556	2025/03/11 08:26:46	"GET /uv2582fip2582inf210/practice_docker.html HTTP/1.1"
2556	2025/03/11 08:40:42	"GET /uv2582fip2582inf210/documentation_docker.html HTTP/1.1"
2556	2025/03/11 08:58:07	"GET /uv2582fip2582inf210/project_part1.html HTTP/1.1"
2556	2025/03/11 08:58:34	"GET /uv2582fip2582inf210/project_specifications.html HTTP/1.1"
2556	2025/01/29 14:17:09	"GET /uv2582fip2582inf210/data_home.html HTTP/1.1"
2556	2025/01/29 14:17:16	"GET /uv2582fip2582inf210/lecture_db_integrity.html HTTP/1.1"
2556	2025/01/29 14:48:31	"GET /uv2582fip2582inf210/lecture_relational_model.html HTTP/1.1"
2556	2025/01/29 14:49:10	"GET /uv2582fip2582inf210/activity_relational_model.html HTTP/1.1"
2556	2025/01/29 20:52:30	"GET /uv2582fip2582inf210/activity_relational_model_correction.html HTTP/1.1"
2556	2025/01/29 21:44:00	"GET /uv2582fip2582inf210/lecture_modeling_normalization.html HTTP/1.1"
2556	2025/01/29 21:56:36	"GET /uv2582fip2582inf210/lecture_conceptual_modeling.html HTTP/1.1"
2556	2025/01/29 22:24:01	"GET /uv2582fip2582inf210/activity_conceptual_modeling.html HTTP/1.1"
2556	2025/03/05 14:14:17	"GET /uv2582fip2582inf210/web_architecture_home.html HTTP/1.1"
2556	2025/03/05 14:14:23	"GET /uv2582fip2582inf210/project_presentation.html HTTP/1.1"
2556	2025/03/05 14:14:29	"GET /uv2582fip2582inf210/data_home.html HTTP/1.1"
2556	2025/03/05 14:14:45	"GET /uv2582fip2582inf210/technical_environment_home.html HTTP/1.1"
2556	2025/03/05 14:15:33	"GET /uv2582fip2582inf210/practice_spring_2tiers_ext.html HTTP/1.1"
2556	2025/03/05 14:29:19	"GET /uv2582fip2582inf210/practice_spring_2tiers_ext.html HTTP/1.1"
2556	2025/03/05 14:30:15	"GET /uv2582fip2582inf210/lecture_dto.html HTTP/1.1"
2556	2025/03/05 14:51:50	"GET /uv2582fip2582inf210/practice_jpa.html HTTP/1.1"
2556	2025/03/05 22:07:27	"GET /uv2582fip2582inf210/practice_docker.html HTTP/1.1"
2556	2025/02/13 08:22:57	"GET /uv2582fip2582inf210/technical_environment_home.html HTTP/1.1"
2556	2025/02/13 08:23:06	"GET /uv2582fip2582inf210/documentation_rdbms.html HTTP/1.1"
2556	2025/02/13 08:23:24	"GET /uv2582fip2582inf210/data_home.html HTTP/1.1"
2556	2025/02/13 08:23:31	"GET /uv2582fip2582inf210/activity_sql.html HTTP/1.1"
2556	2025/02/13 09:47:02	"GET /uv2582fip2582inf210/activity_sql_correction.html HTTP/1.1"
2556	2025/02/13 09:50:32	"GET /uv2582fip2582inf210/practice_sql.html HTTP/1.1"
2556	2025/02/13 09:53:20	"GET /uv2582fip2582inf210/practice_postgresql.html HTTP/1.1"
2556	2025/02/13 09:56:02	"GET /uv2582fip2582inf210/practice_postgresql.html HTTP/1.1"
2556	2025/02/13 10:03:52	"GET /uv2582fip2582inf210/documentation_rdbms.html HTTP/1.1"
2556	2025/02/13 11:25:07	"GET /uv2582fip2582inf210/lecture_transaction.html HTTP/1.1"
2556	2025/02/13 11:42:51	"GET /uv2582fip2582inf210/practice_transaction.html HTTP/1.1"
2556	2025/02/13 14:25:56	"GET /uv2582fip2582inf210/practice_transaction_correction.html HTTP/1.1"
