2557	2025/02/27 08:02:05	"GET /uv2582fip2582inf210/lecture_json.html HTTP/1.1"
2557	2025/02/27 08:02:10	"GET /uv2582fip2582inf210/lecture_mvc_spring.html HTTP/1.1"
2557	2025/02/27 08:02:49	"GET /uv2582fip2582inf210/practice_xml.html HTTP/1.1"
2557	2025/02/27 08:15:39	"GET /uv2582fip2582inf210/images/prerequisite_archiweb/prerequisite_archiweb_2025.html HTTP/1.1"
2557	2025/02/27 08:15:56	"GET /uv2582fip2582inf210/practice_spring_2tiers.html HTTP/1.1"
2557	2025/03/23 23:42:32	"GET /uv2582fip2582inf210/data_home.html HTTP/1.1"
2557	2025/03/23 23:42:36	"GET /uv2582fip2582inf210/images/prerequisite_data/prerequisite_data_2025.html HTTP/1.1"
2557	2025/03/23 23:42:55	"GET /uv2582fip2582inf210/lecture_normalization.html HTTP/1.1"
2557	2025/03/23 23:43:26	"GET /uv2582fip2582inf210/activity_normalization.html HTTP/1.1"
2557	2025/03/23 23:43:32	"GET /uv2582fip2582inf210/activity_decomposition.html HTTP/1.1"
2557	2025/03/23 23:45:03	"GET /uv2582fip2582inf210/lecture_normalization.html HTTP/1.1"
2557	2025/03/23 23:46:02	"GET /uv2582fip2582inf210/activity_normalization.html HTTP/1.1"
2557	2025/03/23 23:46:45	"GET /uv2582fip2582inf210/activity_normalization_correction.html HTTP/1.1"
2557	2025/03/23 23:48:43	"GET /uv2582fip2582inf210/lecture_normalization.html HTTP/1.1"
2557	2025/03/23 23:49:19	"GET /uv2582fip2582inf210/activity_decomposition.html HTTP/1.1"
2557	2025/03/23 23:49:27	"GET /uv2582fip2582inf210/lecture_conceptual_modeling.html HTTP/1.1"
2557	2025/02/21 15:51:29	"GET /uv2582fip2582inf210/web_architecture_home.html HTTP/1.1"
2557	2025/02/21 15:52:08	"GET /uv2582fip2582inf210/images/prerequisite_archiweb/prerequisite_archiweb_2025.html HTTP/1.1"
2557	2025/02/21 15:52:11	"GET /uv2582fip2582inf210/lecture_json.html HTTP/1.1"
2557	2025/02/21 15:54:12	"GET /uv2582fip2582inf210/practice_json.html HTTP/1.1"
2557	2025/02/23 16:19:46	"GET /uv2582fip2582inf210/web_architecture_home.html HTTP/1.1"
2557	2025/02/23 16:19:52	"GET /uv2582fip2582inf210/images/prerequisite_archiweb/prerequisite_archiweb_2025.html HTTP/1.1"
2557	2025/02/23 16:20:00	"GET /uv2582fip2582inf210/lecture_xml.html HTTP/1.1"
2557	2025/02/23 19:03:27	"GET /uv2582fip2582inf210/lecture_validity.html HTTP/1.1"
2557	2025/02/23 20:02:05	"GET /uv2582fip2582inf210/images/prerequisite_archiweb/prerequisite_archiweb_2025.html HTTP/1.1"
2557	2025/02/23 20:02:12	"GET /uv2582fip2582inf210/practice_xml.html HTTP/1.1"
2557	2025/02/23 22:56:24	"GET /uv2582fip2582inf210/lecture_xml.html HTTP/1.1"
2557	2025/02/23 23:11:19	"GET /uv2582fip2582inf210/web_architecture_home.html HTTP/1.1"
2557	2025/02/22 18:41:33	"GET /uv2582fip2582inf210/web_architecture_home.html HTTP/1.1"
2557	2025/02/22 18:55:05	"GET /uv2582fip2582inf210/images/prerequisite_archiweb/prerequisite_archiweb_2025.html HTTP/1.1"
2557	2025/02/22 18:55:14	"GET /uv2582fip2582inf210/practice_jpa.html HTTP/1.1"
2557	2025/02/22 18:55:47	"GET /uv2582fip2582inf210/practice_jpa_advanced.html HTTP/1.1"
2557	2025/02/25 09:38:44	"GET /uv2582fip2582inf210/practice_json.html HTTP/1.1"
2557	2025/02/25 10:33:03	"GET /uv2582fip2582inf210/lecture_json.html HTTP/1.1"
2557	2025/02/25 11:27:24	"GET /uv2582fip2582inf210/lecture_mvc_spring.html HTTP/1.1"
2557	2025/03/07 15:38:39	"GET /uv2582fip2582inf210/project_presentation.html HTTP/1.1"
2557	2025/03/07 15:39:37	"GET /uv2582fip2582inf210/project_evaluation.html HTTP/1.1"
2557	2025/03/07 15:43:46	"GET /uv2582fip2582inf210/project_specifications.html HTTP/1.1"
2557	2025/03/07 15:45:01	"GET /uv2582fip2582inf210/project_task_time.html HTTP/1.1"
2557	2025/03/07 15:55:07	"GET /uv2582fip2582inf210/project_part1.html HTTP/1.1"
2557	2025/03/07 16:03:57	"GET /uv2582fip2582inf210/project_part1.html HTTP/1.1"
2557	2025/03/07 16:04:00	"GET /uv2582fip2582inf210/project_specifications.html HTTP/1.1"
2557	2025/03/07 16:06:20	"GET /uv2582fip2582inf210/project_part2.html HTTP/1.1"
2557	2025/02/19 14:19:29	"GET /uv2582fip2582inf210/practice_jpa.html HTTP/1.1"
2557	2025/02/03 14:20:02	"GET /uv2582fip2582inf210/activity_relational_model.html HTTP/1.1"
2557	2025/01/30 14:28:57	"GET /uv2582fip2582inf210/data_home.html HTTP/1.1"
2557	2025/01/30 14:29:07	"GET /uv2582fip2582inf210/images/prerequisite_data/prerequisite_data_2025.html HTTP/1.1"
2557	2025/01/30 14:55:39	"GET /uv2582fip2582inf210/activity_relational_model_correction.html HTTP/1.1"
2557	2025/02/02 20:46:54	"GET /uv2582fip2582inf210/data_home.html HTTP/1.1"
2557	2025/02/02 20:46:57	"GET /uv2582fip2582inf210/images/prerequisite_data/prerequisite_data_2025.html HTTP/1.1"
2557	2025/02/02 20:47:00	"GET /uv2582fip2582inf210/lecture_modeling_normalization.html HTTP/1.1"
2557	2025/03/01 12:40:07	"GET /uv2582fip2582inf210/web_architecture_home.html HTTP/1.1"
2557	2025/03/01 12:51:52	"GET /uv2582fip2582inf210/data_home.html HTTP/1.1"
2557	2025/03/01 12:52:17	"GET /uv2582fip2582inf210/activity_relational_model.html HTTP/1.1"
2557	2025/03/01 12:52:30	"GET /uv2582fip2582inf210/activity_relational_model_correction.html HTTP/1.1"
2557	2025/03/01 12:53:45	"GET /uv2582fip2582inf210/lecture_conceptual_modeling.html HTTP/1.1"
2557	2025/03/01 13:02:08	"GET /uv2582fip2582inf210/lecture_normalization.html HTTP/1.1"
2557	2025/03/01 13:32:56	"GET /uv2582fip2582inf210/activity_normalization.html HTTP/1.1"
2557	2025/03/01 13:33:24	"GET /uv2582fip2582inf210/activity_normalization_correction.html HTTP/1.1"
2557	2025/03/01 13:36:10	"GET /uv2582fip2582inf210/activity_decomposition.html HTTP/1.1"
2557	2025/03/01 13:55:24	"GET /uv2582fip2582inf210/activity_conceptual_modeling.html HTTP/1.1"
2557	2025/03/01 14:03:25	"GET /uv2582fip2582inf210/activity_sql.html HTTP/1.1"
2557	2025/03/01 14:03:57	"GET /uv2582fip2582inf210/practice_sql.html HTTP/1.1"
2557	2025/03/01 14:18:50	"GET /uv2582fip2582inf210/activity_sql_correction.html HTTP/1.1"
2557	2025/03/01 15:09:22	"GET /uv2582fip2582inf210/images/prerequisite_data/prerequisite_data_2025.html HTTP/1.1"
2557	2025/03/14 20:47:46	"GET /uv2582fip2582inf210/project_part2.html HTTP/1.1"
2557	2025/03/14 20:57:22	"GET /uv2582fip2582inf210/project_part1.html HTTP/1.1"
2557	2025/02/18 09:47:25	"GET /uv2582fip2582inf210/data_home.html HTTP/1.1"
2557	2025/02/18 09:48:33	"GET /uv2582fip2582inf210/images/prerequisite_data/prerequisite_data_2025.html HTTP/1.1"
2557	2025/02/18 09:48:38	"GET /uv2582fip2582inf210/lecture_modeling_normalization.html HTTP/1.1"
2557	2025/02/18 09:51:16	"GET /uv2582fip2582inf210/lecture_conceptual_modeling.html HTTP/1.1"
2557	2025/02/18 09:52:28	"GET /uv2582fip2582inf210/lecture_db_integrity.html HTTP/1.1"
2557	2025/02/18 10:18:20	"GET /uv2582fip2582inf210/lecture_normalization.html HTTP/1.1"
2557	2025/02/18 11:03:40	"GET /uv2582fip2582inf210/web_architecture_home.html HTTP/1.1"
2557	2025/02/18 11:03:53	"GET /uv2582fip2582inf210/images/prerequisite_archiweb/prerequisite_archiweb_2025.html HTTP/1.1"
2557	2025/02/18 11:03:56	"GET /uv2582fip2582inf210/practice_jpa.html HTTP/1.1"
2557	2025/02/18 11:04:17	"GET /uv2582fip2582inf210/practice_jpa_advanced.html HTTP/1.1"
2557	2025/02/18 21:37:47	"GET /uv2582fip2582inf210/practice_jpa.html HTTP/1.1"
2557	2025/03/06 08:09:24	"GET /uv2582fip2582inf210/project_presentation.html HTTP/1.1"
2557	2025/03/06 08:19:19	"GET /uv2582fip2582inf210/project_evaluation.html HTTP/1.1"
2557	2025/03/06 08:21:40	"GET /uv2582fip2582inf210/project_specifications.html HTTP/1.1"
2557	2025/03/06 08:21:47	"GET /uv2582fip2582inf210/project_task_time.html HTTP/1.1"
2557	2025/03/06 08:35:34	"GET /uv2582fip2582inf210/project_part1.html HTTP/1.1"
2557	2025/03/06 12:01:44	"GET /uv2582fip2582inf210/project_part1.html HTTP/1.1"
2557	2025/02/10 14:00:39	"GET /uv2582fip2582inf210/images/prerequisite_data/prerequisite_data_2025.html HTTP/1.1"
2557	2025/02/10 14:00:45	"GET /uv2582fip2582inf210/images/prerequisite_data/prerequisite_data_2025.html HTTP/1.1"
2557	2025/02/10 14:03:43	"GET /uv2582fip2582inf210/lecture_normalization.html HTTP/1.1"
2557	2025/02/10 14:51:50	"GET /uv2582fip2582inf210/activity_normalization.html HTTP/1.1"
2557	2025/02/10 14:54:14	"GET /uv2582fip2582inf210/activity_conceptual_modeling_correction.html HTTP/1.1"
2557	2025/02/10 15:02:14	"GET /uv2582fip2582inf210/activity_normalization_correction.html HTTP/1.1"
2557	2025/02/10 16:21:18	"GET /uv2582fip2582inf210/activity_conceptual_modeling_advanced.html HTTP/1.1"
2557	2025/02/10 16:22:14	"GET /uv2582fip2582inf210/activity_decomposition.html HTTP/1.1"
2557	2025/01/20 11:37:45	"GET /uv2582fip2582inf210/technical_environment_home.html HTTP/1.1"
2557	2025/01/20 11:45:27	"GET /uv2582fip2582inf210/practice_docker.html HTTP/1.1"
2557	2025/01/20 11:45:30	"GET /uv2582fip2582inf210/documentation_docker.html HTTP/1.1"
2557	2025/01/20 14:04:06	"GET /uv2582fip2582inf210/practice_postgresql.html HTTP/1.1"
2557	2025/01/20 14:25:46	"GET /uv2582fip2582inf210/documentation_rdbms.html HTTP/1.1"
2557	2025/01/20 14:46:45	"GET /uv2582fip2582inf210/documentation_programming.html HTTP/1.1"
2557	2025/01/20 15:00:14	"GET /uv2582fip2582inf210/practice_spring.html HTTP/1.1"
2557	2025/02/07 18:48:47	"GET /uv2582fip2582inf210/images/prerequisite_data/prerequisite_data_2025.html HTTP/1.1"
2557	2025/02/07 18:49:08	"GET /uv2582fip2582inf210/activity_relational_model.html HTTP/1.1"
2557	2025/02/07 19:57:32	"GET /uv2582fip2582inf210/activity_relational_model_correction.html HTTP/1.1"
2557	2025/03/11 08:22:42	"GET /uv2582fip2582inf210/project_part2.html HTTP/1.1"
2557	2025/02/08 13:21:23	"GET /uv2582fip2582inf210/lecture_relational_model.html HTTP/1.1"
2557	2025/02/08 13:22:06	"GET /uv2582fip2582inf210/lecture_db_integrity.html HTTP/1.1"
2557	2025/02/08 13:46:02	"GET /uv2582fip2582inf210/technical_environment_home.html HTTP/1.1"
2557	2025/02/08 13:46:11	"GET /uv2582fip2582inf210/data_home.html HTTP/1.1"
2557	2025/02/08 15:32:37	"GET /uv2582fip2582inf210/lecture_modeling_normalization.html HTTP/1.1"
2557	2025/02/08 15:51:35	"GET /uv2582fip2582inf210/lecture_conceptual_modeling.html HTTP/1.1"
2557	2025/02/08 15:52:35	"GET /uv2582fip2582inf210/activity_conceptual_modeling.html HTTP/1.1"
2557	2025/02/08 17:45:34	"GET /uv2582fip2582inf210/activity_conceptual_modeling_correction.html HTTP/1.1"
2557	2025/03/03 20:30:36	"GET /uv2582fip2582inf210/data_home.html HTTP/1.1"
2557	2025/03/03 20:31:58	"GET /uv2582fip2582inf210/activity_normalization.html HTTP/1.1"
2557	2025/03/03 20:32:10	"GET /uv2582fip2582inf210/activity_decomposition.html HTTP/1.1"
2557	2025/03/03 20:32:29	"GET /uv2582fip2582inf210/lecture_normalization.html HTTP/1.1"
2557	2025/03/02 12:39:22	"GET /uv2582fip2582inf210/practice_spring_2tiers.html HTTP/1.1"
2557	2025/01/29 14:06:41	"GET /uv2582fip2582inf210/data_home.html HTTP/1.1"
2557	2025/01/29 14:10:00	"GET /uv2582fip2582inf210/images/prerequisite_data/prerequisite_data_2025.html HTTP/1.1"
2557	2025/01/29 14:10:02	"GET /uv2582fip2582inf210/lecture_relational_model.html HTTP/1.1"
2557	2025/01/29 14:19:29	"GET /uv2582fip2582inf210/lecture_db_integrity.html HTTP/1.1"
2557	2025/01/29 14:39:28	"GET /uv2582fip2582inf210/activity_relational_model.html HTTP/1.1"
2557	2025/01/29 16:43:24	"GET /uv2582fip2582inf210/activity_relational_model_correction.html HTTP/1.1"
2557	2025/03/05 14:13:01	"GET /uv2582fip2582inf210/web_architecture_home.html HTTP/1.1"
2557	2025/03/05 14:13:17	"GET /uv2582fip2582inf210/practice_spring_2tiers_ext.html HTTP/1.1"
2557	2025/03/05 14:25:36	"GET /uv2582fip2582inf210/lecture_dto.html HTTP/1.1"
2557	2025/02/13 08:07:55	"GET /uv2582fip2582inf210/data_home.html HTTP/1.1"
2557	2025/02/13 08:08:01	"GET /uv2582fip2582inf210/images/prerequisite_data/prerequisite_data_2025.html HTTP/1.1"
2557	2025/02/13 08:12:55	"GET /uv2582fip2582inf210/activity_sql.html HTTP/1.1"
2557	2025/02/13 08:24:34	"GET /uv2582fip2582inf210/activity_sql_correction.html HTTP/1.1"
2557	2025/02/13 09:22:56	"GET /uv2582fip2582inf210/practice_sql.html HTTP/1.1"
2557	2025/02/13 10:00:46	"GET /uv2582fip2582inf210/practice_sql_correction.html HTTP/1.1"
2557	2025/02/13 11:23:32	"GET /uv2582fip2582inf210/lecture_transaction.html HTTP/1.1"
2557	2025/02/13 11:28:51	"GET /uv2582fip2582inf210/practice_transaction.html HTTP/1.1"
2557	2025/02/13 11:57:29	"GET /uv2582fip2582inf210/practice_transaction_correction.html HTTP/1.1"
2557	2025/03/18 10:16:15	"GET /uv2582fip2582inf210/project_part2.html HTTP/1.1"
2557	2025/03/18 10:16:24	"GET /uv2582fip2582inf210/project_part3.html HTTP/1.1"
2557	2025/03/18 10:35:34	"GET /uv2582fip2582inf210/project_part2.html HTTP/1.1"
2557	2025/03/18 12:05:12	"GET /uv2582fip2582inf210/project_part2.html HTTP/1.1"
2557	2025/03/18 12:05:21	"GET /uv2582fip2582inf210/project_part2.html HTTP/1.1"
2557	2025/03/18 12:05:25	"GET /uv2582fip2582inf210/project_part3.html HTTP/1.1"
2557	2025/03/18 12:05:28	"GET /uv2582fip2582inf210/project_part3.html HTTP/1.1"
2557	2025/03/18 12:05:37	"GET /uv2582fip2582inf210/project_specifications.html HTTP/1.1"
2557	2025/03/18 15:37:41	"GET /uv2582fip2582inf210/project_specifications.html HTTP/1.1"
