2558	2025/02/27 08:08:54	"GET /uv2582fip2582inf210/index.html HTTP/1.1"
2558	2025/03/24 09:22:06	"GET /uv2582fip2582inf210/data_home.html HTTP/1.1"
2558	2025/03/24 09:22:09	"GET /uv2582fip2582inf210/lecture_normalization.html HTTP/1.1"
2558	2025/03/24 09:22:15	"GET /uv2582fip2582inf210/activity_normalization.html HTTP/1.1"
2558	2025/03/24 09:22:17	"GET /uv2582fip2582inf210/activity_normalization_correction.html HTTP/1.1"
2558	2025/03/24 10:02:52	"GET /uv2582fip2582inf210/lecture_conceptual_modeling.html HTTP/1.1"
2558	2025/03/24 10:03:01	"GET /uv2582fip2582inf210/lecture_modeling_normalization.html HTTP/1.1"
2558	2025/03/24 10:03:04	"GET /uv2582fip2582inf210/activity_conceptual_modeling.html HTTP/1.1"
2558	2025/03/24 10:03:07	"GET /uv2582fip2582inf210/activity_conceptual_modeling_correction.html HTTP/1.1"
2558	2025/02/28 19:25:48	"GET /uv2582fip2582inf210/practice_postgresql.html HTTP/1.1"
2558	2025/02/28 19:25:56	"GET /uv2582fip2582inf210/index.html HTTP/1.1"
2558	2025/02/28 19:25:58	"GET /uv2582fip2582inf210/data_home.html HTTP/1.1"
2558	2025/02/28 19:26:04	"GET /uv2582fip2582inf210/lecture_normalization.html HTTP/1.1"
2558	2025/02/28 19:26:06	"GET /uv2582fip2582inf210/activity_normalization.html HTTP/1.1"
2558	2025/02/28 19:26:11	"GET /uv2582fip2582inf210/activity_decomposition.html HTTP/1.1"
2558	2025/02/21 14:07:29	"GET /uv2582fip2582inf210/practice_postgresql.html HTTP/1.1"
2558	2025/02/21 14:07:35	"GET /uv2582fip2582inf210/index.html HTTP/1.1"
2558	2025/02/21 14:07:37	"GET /uv2582fip2582inf210/data_home.html HTTP/1.1"
2558	2025/02/21 14:07:42	"GET /uv2582fip2582inf210/lecture_modeling_normalization.html HTTP/1.1"
2558	2025/02/21 14:07:42	"GET /uv2582fip2582inf210/lecture_conceptual_modeling.html HTTP/1.1"
2558	2025/02/21 15:22:34	"GET /uv2582fip2582inf210/activity_conceptual_modeling.html HTTP/1.1"
2558	2025/02/21 15:22:37	"GET /uv2582fip2582inf210/activity_conceptual_modeling_correction.html HTTP/1.1"
2558	2025/02/21 16:18:27	"GET /uv2582fip2582inf210/project_home.html HTTP/1.1"
2558	2025/02/21 16:18:40	"GET /uv2582fip2582inf210/web_architecture_home.html HTTP/1.1"
2558	2025/02/21 16:18:46	"GET /uv2582fip2582inf210/lecture_xml.html HTTP/1.1"
2558	2025/02/21 16:22:24	"GET /uv2582fip2582inf210/lecture_json.html HTTP/1.1"
2558	2025/02/21 16:34:51	"GET /uv2582fip2582inf210/practice_json.html HTTP/1.1"
2558	2025/02/21 16:38:35	"GET /uv2582fip2582inf210/practice_xml.html HTTP/1.1"
2558	2025/02/26 23:19:48	"GET /uv2582fip2582inf210/practice_postgresql.html HTTP/1.1"
2558	2025/02/26 23:20:10	"GET /uv2582fip2582inf210/index.html HTTP/1.1"
2558	2025/02/26 23:20:12	"GET /uv2582fip2582inf210/web_architecture_home.html HTTP/1.1"
2558	2025/02/26 23:20:17	"GET /uv2582fip2582inf210/practice_spring_2tiers.html HTTP/1.1"
2558	2025/02/24 17:03:13	"GET /uv2582fip2582inf210/practice_postgresql.html HTTP/1.1"
2558	2025/03/28 16:15:19	"GET /uv2582fip2582inf210/project_presentation.html HTTP/1.1"
2558	2025/03/28 16:15:23	"GET /uv2582fip2582inf210/project_part2.html HTTP/1.1"
2558	2025/03/28 16:26:12	"GET /uv2582fip2582inf210/project_specifications.html HTTP/1.1"
2558	2025/03/28 22:29:17	"GET /uv2582fip2582inf210/technical_environment_home.html HTTP/1.1"
2558	2025/03/28 22:29:21	"GET /uv2582fip2582inf210/practice_spring.html HTTP/1.1"
2558	2025/03/28 22:29:28	"GET /uv2582fip2582inf210/index.html HTTP/1.1"
2558	2025/03/28 22:36:49	"GET /uv2582fip2582inf210/project_task_time.html HTTP/1.1"
2558	2025/02/25 11:14:39	"GET /uv2582fip2582inf210/practice_postgresql.html HTTP/1.1"
2558	2025/02/25 11:16:51	"GET /uv2582fip2582inf210/index.html HTTP/1.1"
2558	2025/02/25 11:16:53	"GET /uv2582fip2582inf210/project_home.html HTTP/1.1"
2558	2025/02/25 11:16:56	"GET /uv2582fip2582inf210/data_home.html HTTP/1.1"
2558	2025/02/25 11:17:04	"GET /uv2582fip2582inf210/web_architecture_home.html HTTP/1.1"
2558	2025/02/25 11:18:46	"GET /uv2582fip2582inf210/practice_spring_2tiers.html HTTP/1.1"
2558	2025/02/25 11:19:42	"GET /uv2582fip2582inf210/practice_jpa_advanced.html HTTP/1.1"
2558	2025/02/25 11:19:45	"GET /uv2582fip2582inf210/practice_spring_2tiers_ext.html HTTP/1.1"
2558	2025/03/07 15:40:05	"GET /uv2582fip2582inf210/project_presentation.html HTTP/1.1"
2558	2025/03/07 15:40:12	"GET /uv2582fip2582inf210/project_specifications.html HTTP/1.1"
2558	2025/03/07 20:14:10	"GET /uv2582fip2582inf210/project_presentation.html HTTP/1.1"
2558	2025/09/03 15:48:06	"GET /uv2582fip2582inf210/web_architecture_home.html HTTP/1.1"
2558	2025/02/19 14:03:35	"GET /uv2582fip2582inf210/practice_postgresql.html HTTP/1.1"
2558	2025/02/19 14:03:38	"GET /uv2582fip2582inf210/index.html HTTP/1.1"
2558	2025/02/19 14:03:40	"GET /uv2582fip2582inf210/web_architecture_home.html HTTP/1.1"
2558	2025/02/19 14:05:08	"GET /uv2582fip2582inf210/practice_jpa_advanced.html HTTP/1.1"
2558	2025/02/19 14:09:07	"GET /uv2582fip2582inf210/practice_jpa.html HTTP/1.1"
2558	2025/02/19 16:05:47	"GET /uv2582fip2582inf210/practice_spring_2tiers.html HTTP/1.1"
2558	2025/02/19 16:17:55	"GET /uv2582fip2582inf210/practice_xml.html HTTP/1.1"
2558	2025/02/19 16:46:07	"GET /uv2582fip2582inf210/lecture_json.html HTTP/1.1"
2558	2025/03/15 18:15:15	"GET /uv2582fip2582inf210/technical_environment_home.html HTTP/1.1"
2558	2025/03/15 18:15:19	"GET /uv2582fip2582inf210/index.html HTTP/1.1"
2558	2025/03/15 18:15:21	"GET /uv2582fip2582inf210/project_presentation.html HTTP/1.1"
2558	2025/03/15 18:15:23	"GET /uv2582fip2582inf210/project_part2.html HTTP/1.1"
2558	2025/03/15 18:16:32	"GET /uv2582fip2582inf210/project_part3.html HTTP/1.1"
2558	2025/03/15 18:16:46	"GET /uv2582fip2582inf210/project_specifications.html HTTP/1.1"
2558	2025/02/03 16:52:14	"GET /uv2582fip2582inf210/activity_sql.html HTTP/1.1"
2558	2025/02/03 16:52:15	"GET /uv2582fip2582inf210/practice_advanced_sql.html HTTP/1.1"
2558	2025/02/03 16:52:17	"GET /uv2582fip2582inf210/practice_sql.html HTTP/1.1"
2558	2025/02/03 16:52:25	"GET /uv2582fip2582inf210/activity_conceptual_modeling.html HTTP/1.1"
2558	2025/02/03 16:53:46	"GET /uv2582fip2582inf210/activity_conceptual_modeling_correction.html HTTP/1.1"
2558	2025/01/30 23:34:32	"GET /uv2582fip2582inf210/technical_environment_home.html HTTP/1.1"
2558	2025/01/30 23:34:49	"GET /uv2582fip2582inf210/project_home.html HTTP/1.1"
2558	2025/01/30 23:34:54	"GET /uv2582fip2582inf210/web_architecture_home.html HTTP/1.1"
2558	2025/01/30 23:34:57	"GET /uv2582fip2582inf210/lecture_technical_architecture.html HTTP/1.1"
2558	2025/01/30 23:35:02	"GET /uv2582fip2582inf210/practice_jpa_advanced.html HTTP/1.1"
2558	2025/01/30 23:35:05	"GET /uv2582fip2582inf210/practice_spring_2tiers.html HTTP/1.1"
2558	2025/01/30 23:35:23	"GET /uv2582fip2582inf210/practice_postgresql.html HTTP/1.1"
2558	2025/01/30 23:35:33	"GET /uv2582fip2582inf210/data_home.html HTTP/1.1"
2558	2025/01/30 23:35:35	"GET /uv2582fip2582inf210/lecture_relational_model.html HTTP/1.1"
2558	2025/01/30 23:35:51	"GET /uv2582fip2582inf210/lecture_modeling_normalization.html HTTP/1.1"
2558	2025/01/30 23:36:07	"GET /uv2582fip2582inf210/activity_sql.html HTTP/1.1"
2558	2025/01/30 23:36:15	"GET /uv2582fip2582inf210/activity_conceptual_modeling.html HTTP/1.1"
2558	2025/01/30 23:36:23	"GET /uv2582fip2582inf210/lecture_conceptual_modeling.html HTTP/1.1"
2558	2025/01/30 23:36:32	"GET /uv2582fip2582inf210/activity_relational_model.html HTTP/1.1"
2558	2025/01/25 20:39:21	"GET /uv2582fip2582inf210/technical_environment_home.html HTTP/1.1"
2558	2025/01/25 20:41:07	"GET /uv2582fip2582inf210/images/prerequisite_techenv/prerequisite_techenv_2025.html HTTP/1.1"
2558	2025/01/25 20:42:52	"GET /uv2582fip2582inf210/web_architecture_home.html HTTP/1.1"
2558	2025/01/25 21:06:51	"GET /uv2582fip2582inf210/documentation_docker.html HTTP/1.1"
2558	2025/01/25 21:14:41	"GET /uv2582fip2582inf210/practice_docker.html HTTP/1.1"
2558	2025/01/25 21:27:46	"GET /uv2582fip2582inf210/practice_postgresql.html HTTP/1.1"
2558	2025/01/25 21:41:14	"GET /uv2582fip2582inf210/practice_docker_advanced.html HTTP/1.1"
2558	2025/01/25 21:50:14	"GET /uv2582fip2582inf210/documentation_rdbms.html HTTP/1.1"
2558	2025/01/25 21:50:26	"GET /uv2582fip2582inf210/documentation_programming.html HTTP/1.1"
2558	2025/01/25 21:51:52	"GET /uv2582fip2582inf210/practice_spring.html HTTP/1.1"
2558	2025/01/25 22:35:08	"GET /uv2582fip2582inf210/index.html HTTP/1.1"
2558	2025/03/09 21:56:48	"GET /uv2582fip2582inf210/project_presentation.html HTTP/1.1"
2558	2025/03/09 21:56:51	"GET /uv2582fip2582inf210/project_part1.html HTTP/1.1"
2558	2025/03/09 21:56:56	"GET /uv2582fip2582inf210/project_evaluation.html HTTP/1.1"
2558	2025/03/09 21:57:34	"GET /uv2582fip2582inf210/index.html HTTP/1.1"
2558	2025/03/09 22:01:36	"GET /uv2582fip2582inf210/project_part2.html HTTP/1.1"
2558	2025/03/09 22:14:27	"GET /uv2582fip2582inf210/project_part3.html HTTP/1.1"
2558	2025/03/09 22:14:30	"GET /uv2582fip2582inf210/project_structureui.html HTTP/1.1"
2558	2025/03/09 22:14:52	"GET /uv2582fip2582inf210/project_task_time.html HTTP/1.1"
2558	2025/03/09 22:23:54	"GET /uv2582fip2582inf210/technical_environment_home.html HTTP/1.1"
2558	2025/03/09 22:23:57	"GET /uv2582fip2582inf210/practice_spring.html HTTP/1.1"
2558	2025/02/02 15:26:35	"GET /uv2582fip2582inf210/activity_sql.html HTTP/1.1"
2558	2025/02/02 15:26:40	"GET /uv2582fip2582inf210/lecture_modeling_normalization.html HTTP/1.1"
2558	2025/02/02 15:26:42	"GET /uv2582fip2582inf210/lecture_relational_model.html HTTP/1.1"
2558	2025/02/02 15:26:43	"GET /uv2582fip2582inf210/lecture_db_integrity.html HTTP/1.1"
2558	2025/02/02 15:27:27	"GET /uv2582fip2582inf210/activity_relational_model.html HTTP/1.1"
2558	2025/02/02 15:27:34	"GET /uv2582fip2582inf210/activity_relational_model_correction.html HTTP/1.1"
2558	2025/02/02 17:46:42	"GET /uv2582fip2582inf210/lecture_modeling_normalization.html HTTP/1.1"
2558	2025/02/02 17:54:13	"GET /uv2582fip2582inf210/lecture_conceptual_modeling.html HTTP/1.1"
2558	2025/02/02 18:48:15	"GET /uv2582fip2582inf210/activity_conceptual_modeling.html HTTP/1.1"
2558	2025/02/02 19:04:09	"GET /uv2582fip2582inf210/activity_conceptual_modeling_correction.html HTTP/1.1"
2558	2025/03/14 10:24:39	"GET /uv2582fip2582inf210/project_presentation.html HTTP/1.1"
2558	2025/03/14 10:24:41	"GET /uv2582fip2582inf210/project_part2.html HTTP/1.1"
2558	2025/03/14 10:25:44	"GET /uv2582fip2582inf210/project_specifications.html HTTP/1.1"
2558	2025/03/14 13:20:01	"GET /uv2582fip2582inf210/project_part3.html HTTP/1.1"
2558	2025/03/14 13:20:57	"GET /uv2582fip2582inf210/project_evaluation.html HTTP/1.1"
2558	2025/03/14 13:32:00	"GET /uv2582fip2582inf210/project_structureui.html HTTP/1.1"
2558	2025/02/18 11:07:31	"GET /uv2582fip2582inf210/technical_environment_home.html HTTP/1.1"
2558	2025/02/18 11:07:40	"GET /uv2582fip2582inf210/documentation_programming.html HTTP/1.1"
2558	2025/02/18 11:07:42	"GET /uv2582fip2582inf210/practice_spring.html HTTP/1.1"
2558	2025/02/18 11:07:47	"GET /uv2582fip2582inf210/index.html HTTP/1.1"
2558	2025/02/18 11:07:50	"GET /uv2582fip2582inf210/web_architecture_home.html HTTP/1.1"
2558	2025/02/18 11:07:55	"GET /uv2582fip2582inf210/practice_jpa.html HTTP/1.1"
2558	2025/02/18 11:10:36	"GET /uv2582fip2582inf210/practice_jpa.html HTTP/1.1"
2558	2025/02/18 11:10:36	"GET /uv2582fip2582inf210/practice_jpa_advanced.html HTTP/1.1"
2558	2025/02/18 12:03:10	"GET /uv2582fip2582inf210/practice_spring_2tiers.html HTTP/1.1"
2558	2025/03/13 09:52:19	"GET /uv2582fip2582inf210/project_presentation.html HTTP/1.1"
2558	2025/03/13 09:52:28	"GET /uv2582fip2582inf210/project_part2.html HTTP/1.1"
2558	2025/03/13 11:11:01	"GET /uv2582fip2582inf210/project_part1.html HTTP/1.1"
2558	2025/03/13 11:11:09	"GET /uv2582fip2582inf210/index.html HTTP/1.1"
2558	2025/03/06 08:08:40	"GET /uv2582fip2582inf210/practice_postgresql.html HTTP/1.1"
2558	2025/03/06 08:09:03	"GET /uv2582fip2582inf210/project_presentation.html HTTP/1.1"
2558	2025/03/06 08:11:26	"GET /uv2582fip2582inf210/project_part1.html HTTP/1.1"
2558	2025/03/06 08:11:32	"GET /uv2582fip2582inf210/project_specifications.html HTTP/1.1"
2558	2025/03/06 10:34:08	"GET /uv2582fip2582inf210/index.html HTTP/1.1"
2558	2025/03/06 10:34:10	"GET /uv2582fip2582inf210/data_home.html HTTP/1.1"
2558	2025/03/06 10:34:12	"GET /uv2582fip2582inf210/activity_conceptual_modeling.html HTTP/1.1"
2558	2025/03/06 10:34:17	"GET /uv2582fip2582inf210/lecture_normalization.html HTTP/1.1"
2558	2025/03/06 10:34:20	"GET /uv2582fip2582inf210/activity_conceptual_modeling_correction.html HTTP/1.1"
2558	2025/03/06 10:41:19	"GET /uv2582fip2582inf210/lecture_conceptual_modeling.html HTTP/1.1"
2558	2025/03/06 21:41:51	"GET /uv2582fip2582inf210/project_presentation.html HTTP/1.1"
2558	2025/03/06 21:41:58	"GET /uv2582fip2582inf210/project_specifications.html HTTP/1.1"
2558	2025/02/10 01:06:45	"GET /uv2582fip2582inf210/technical_environment_home.html HTTP/1.1"
2558	2025/02/10 01:06:55	"GET /uv2582fip2582inf210/practice_postgresql.html HTTP/1.1"
2558	2025/02/10 01:07:01	"GET /uv2582fip2582inf210/web_architecture_home.html HTTP/1.1"
2558	2025/02/10 01:07:22	"GET /uv2582fip2582inf210/web_architecture_home.html HTTP/1.1"
2558	2025/02/10 01:07:46	"GET /uv2582fip2582inf210/project_home.html HTTP/1.1"
2558	2025/02/10 01:07:51	"GET /uv2582fip2582inf210/data_home.html HTTP/1.1"
2558	2025/02/10 01:07:55	"GET /uv2582fip2582inf210/lecture_normalization.html HTTP/1.1"
2558	2025/02/10 01:23:12	"GET /uv2582fip2582inf210/activity_normalization.html HTTP/1.1"
2558	2025/02/10 01:25:18	"GET /uv2582fip2582inf210/activity_normalization_correction.html HTTP/1.1"
2558	2025/02/10 01:32:32	"GET /uv2582fip2582inf210/activity_conceptual_modeling.html HTTP/1.1"
2558	2025/02/10 01:32:44	"GET /uv2582fip2582inf210/lecture_conceptual_modeling.html HTTP/1.1"
2558	2025/02/10 01:32:54	"GET /uv2582fip2582inf210/lecture_modeling_normalization.html HTTP/1.1"
2558	2025/02/10 01:33:05	"GET /uv2582fip2582inf210/activity_relational_model.html HTTP/1.1"
2558	2025/02/10 14:07:51	"GET /uv2582fip2582inf210/activity_decomposition.html HTTP/1.1"
2558	2025/02/10 14:47:27	"GET /uv2582fip2582inf210/activity_decomposition_correction.html HTTP/1.1"
2558	2025/02/10 15:38:37	"GET /uv2582fip2582inf210/activity_sql.html HTTP/1.1"
2558	2025/02/10 16:03:41	"GET /uv2582fip2582inf210/activity_sql.html HTTP/1.1"
2558	2025/01/20 11:38:07	"GET /uv2582fip2582inf210/technical_environment_home.html HTTP/1.1"
2558	2025/01/20 11:45:16	"GET /uv2582fip2582inf210/technical_environment_home.html HTTP/1.1"
2558	2025/01/20 11:51:25	"GET /uv2582fip2582inf210/documentation_docker.html HTTP/1.1"
2558	2025/01/20 12:05:56	"GET /uv2582fip2582inf210/practice_docker.html HTTP/1.1"
2558	2025/01/20 12:06:10	"GET /uv2582fip2582inf210/practice_docker_advanced.html HTTP/1.1"
2558	2025/01/20 12:07:11	"GET /uv2582fip2582inf210/technical_environment_home.html HTTP/1.1"
2558	2025/01/20 12:07:48	"GET /uv2582fip2582inf210/technical_environment_home.html HTTP/1.1"
2558	2025/01/20 12:14:36	"GET /uv2582fip2582inf210/documentation_programming.html HTTP/1.1"
2558	2025/01/20 12:15:36	"GET /uv2582fip2582inf210/practice_spring.html HTTP/1.1"
2558	2025/01/20 14:18:20	"GET /uv2582fip2582inf210/technical_environment_home.html HTTP/1.1"
2558	2025/01/20 15:18:03	"GET /uv2582fip2582inf210/practice_docker.html HTTP/1.1"
2558	2025/01/20 15:18:11	"GET /uv2582fip2582inf210/documentation_docker.html HTTP/1.1"
2558	2025/01/20 15:47:46	"GET /uv2582fip2582inf210/practice_postgresql.html HTTP/1.1"
2558	2025/01/20 15:48:31	"GET /uv2582fip2582inf210/documentation_programming.html HTTP/1.1"
2558	2025/01/20 15:48:46	"GET /uv2582fip2582inf210/practice_spring.html HTTP/1.1"
2558	2025/03/11 08:04:44	"GET /uv2582fip2582inf210/project_part2.html HTTP/1.1"
2558	2025/03/11 20:09:37	"GET /uv2582fip2582inf210/technical_environment_home.html HTTP/1.1"
2558	2025/03/11 20:09:39	"GET /uv2582fip2582inf210/index.html HTTP/1.1"
2558	2025/03/11 20:09:41	"GET /uv2582fip2582inf210/project_presentation.html HTTP/1.1"
2558	2025/03/11 20:09:42	"GET /uv2582fip2582inf210/project_part2.html HTTP/1.1"
2558	2025/03/04 08:42:18	"GET /uv2582fip2582inf210/activity_decomposition.html HTTP/1.1"
2558	2025/03/04 08:42:21	"GET /uv2582fip2582inf210/activity_decomposition_correction.html HTTP/1.1"
2558	2025/03/04 08:42:43	"GET /uv2582fip2582inf210/activity_normalization.html HTTP/1.1"
2558	2025/03/04 15:41:57	"GET /uv2582fip2582inf210/practice_postgresql.html HTTP/1.1"
2558	2025/03/03 01:04:26	"GET /uv2582fip2582inf210/practice_postgresql.html HTTP/1.1"
2558	2025/03/03 01:07:52	"GET /uv2582fip2582inf210/data_home.html HTTP/1.1"
2558	2025/03/03 01:07:57	"GET /uv2582fip2582inf210/practice_transaction.html HTTP/1.1"
2558	2025/03/03 01:08:01	"GET /uv2582fip2582inf210/lecture_normalization.html HTTP/1.1"
2558	2025/03/03 01:08:05	"GET /uv2582fip2582inf210/lecture_conceptual_modeling.html HTTP/1.1"
2558	2025/03/03 01:08:09	"GET /uv2582fip2582inf210/activity_decomposition.html HTTP/1.1"
2558	2025/03/03 01:08:12	"GET /uv2582fip2582inf210/activity_decomposition_correction.html HTTP/1.1"
2558	2025/03/03 01:08:20	"GET /uv2582fip2582inf210/practice_sql.html HTTP/1.1"
2558	2025/03/03 01:08:23	"GET /uv2582fip2582inf210/practice_sql_correction.html HTTP/1.1"
2558	2025/03/03 01:09:00	"GET /uv2582fip2582inf210/activity_normalization.html HTTP/1.1"
2558	2025/03/03 01:09:02	"GET /uv2582fip2582inf210/activity_normalization_correction.html HTTP/1.1"
2558	2025/03/03 01:09:12	"GET /uv2582fip2582inf210/activity_conceptual_modeling.html HTTP/1.1"
2558	2025/03/03 01:09:14	"GET /uv2582fip2582inf210/activity_conceptual_modeling_correction.html HTTP/1.1"
2558	2025/03/03 01:28:28	"GET /uv2582fip2582inf210/practice_advanced_sql.html HTTP/1.1"
2558	2025/03/03 01:28:55	"GET /uv2582fip2582inf210/index.html HTTP/1.1"
2558	2025/03/03 01:28:57	"GET /uv2582fip2582inf210/data_home.html HTTP/1.1"
2558	2025/03/03 01:29:00	"GET /uv2582fip2582inf210/web_architecture_home.html HTTP/1.1"
2558	2025/03/03 01:29:06	"GET /uv2582fip2582inf210/practice_spring_2tiers.html HTTP/1.1"
2558	2025/03/03 01:56:37	"GET /uv2582fip2582inf210/practice_xml.html HTTP/1.1"
2558	2025/03/03 01:58:08	"GET /uv2582fip2582inf210/lecture_json.html HTTP/1.1"
2558	2025/03/03 01:58:13	"GET /uv2582fip2582inf210/practice_json.html HTTP/1.1"
2558	2025/03/03 02:04:00	"GET /uv2582fip2582inf210/lecture_xml.html HTTP/1.1"
2558	2025/03/03 23:24:47	"GET /uv2582fip2582inf210/index.html HTTP/1.1"
2558	2025/03/03 23:24:50	"GET /uv2582fip2582inf210/project_presentation.html HTTP/1.1"
2558	2025/03/03 23:25:26	"GET /uv2582fip2582inf210/activity_normalization.html HTTP/1.1"
2558	2025/03/03 23:25:29	"GET /uv2582fip2582inf210/activity_conceptual_modeling_advanced.html HTTP/1.1"
2558	2025/02/15 21:34:48	"GET /uv2582fip2582inf210/practice_postgresql.html HTTP/1.1"
2558	2025/02/15 21:34:51	"GET /uv2582fip2582inf210/index.html HTTP/1.1"
2558	2025/02/15 21:35:09	"GET /uv2582fip2582inf210/practice_jpa_advanced.html HTTP/1.1"
2558	2025/02/15 21:35:52	"GET /uv2582fip2582inf210/practice_spring_2tiers.html HTTP/1.1"
2558	2025/02/15 21:36:36	"GET /uv2582fip2582inf210/practice_xml.html HTTP/1.1"
2558	2025/02/15 21:37:01	"GET /uv2582fip2582inf210/lecture_dto.html HTTP/1.1"
2558	2025/02/15 21:37:07	"GET /uv2582fip2582inf210/lecture_software_architecture.html HTTP/1.1"
2558	2025/02/15 21:37:26	"GET /uv2582fip2582inf210/lecture_technical_architecture.html HTTP/1.1"
2558	2025/02/14 17:44:50	"GET /uv2582fip2582inf210/web_architecture_home.html HTTP/1.1"
2558	2025/02/14 17:44:53	"GET /uv2582fip2582inf210/lecture_technical_architecture.html HTTP/1.1"
2558	2025/02/14 18:15:41	"GET /uv2582fip2582inf210/lecture_software_architecture.html HTTP/1.1"
2558	2025/02/14 23:20:55	"GET /uv2582fip2582inf210/lecture_dto.html HTTP/1.1"
2558	2025/02/14 23:25:57	"GET /uv2582fip2582inf210/lecture_mvc_spring.html HTTP/1.1"
2558	2025/02/14 23:29:02	"GET /uv2582fip2582inf210/lecture_technical_architecture.html HTTP/1.1"
2558	2025/02/14 23:31:03	"GET /uv2582fip2582inf210/lecture_software_architecture.html HTTP/1.1"
2558	2025/02/14 23:32:59	"GET /uv2582fip2582inf210/data_home.html HTTP/1.1"
2558	2025/02/14 23:33:09	"GET /uv2582fip2582inf210/lecture_jpa.html HTTP/1.1"
2558	2025/02/14 23:33:14	"GET /uv2582fip2582inf210/practice_jpa.html HTTP/1.1"
2558	2025/02/14 23:48:22	"GET /uv2582fip2582inf210/lecture_jpa.html HTTP/1.1"
2558	2025/02/15 00:00:35	"GET /uv2582fip2582inf210/practice_jpa.html HTTP/1.1"
2558	2025/02/15 00:07:00	"GET /uv2582fip2582inf210/index.html HTTP/1.1"
2558	2025/02/15 00:07:03	"GET /uv2582fip2582inf210/technical_environment_home.html HTTP/1.1"
2558	2025/02/15 00:07:05	"GET /uv2582fip2582inf210/practice_docker.html HTTP/1.1"
2558	2025/03/17 14:12:37	"GET /uv2582fip2582inf210/project_presentation.html HTTP/1.1"
2558	2025/03/17 14:12:40	"GET /uv2582fip2582inf210/project_part3.html HTTP/1.1"
2558	2025/03/17 14:12:56	"GET /uv2582fip2582inf210/project_evaluation.html HTTP/1.1"
2558	2025/03/17 14:12:58	"GET /uv2582fip2582inf210/project_specifications.html HTTP/1.1"
2558	2025/03/17 14:15:50	"GET /uv2582fip2582inf210/project_part2.html HTTP/1.1"
2558	2025/03/02 21:27:19	"GET /uv2582fip2582inf210/practice_postgresql.html HTTP/1.1"
2558	2025/03/02 21:27:26	"GET /uv2582fip2582inf210/index.html HTTP/1.1"
2558	2025/03/02 21:27:28	"GET /uv2582fip2582inf210/web_architecture_home.html HTTP/1.1"
2558	2025/03/02 21:27:30	"GET /uv2582fip2582inf210/practice_spring_2tiers.html HTTP/1.1"
2558	2025/03/02 21:38:13	"GET /uv2582fip2582inf210/lecture_mvc_spring.html HTTP/1.1"
2558	2025/03/02 21:38:14	"GET /uv2582fip2582inf210/lecture_jpa.html HTTP/1.1"
2558	2025/01/29 14:13:21	"GET /uv2582fip2582inf210/data_home.html HTTP/1.1"
2558	2025/01/29 14:13:32	"GET /uv2582fip2582inf210/lecture_relational_model.html HTTP/1.1"
2558	2025/01/29 14:20:28	"GET /uv2582fip2582inf210/lecture_db_integrity.html HTTP/1.1"
2558	2025/01/29 14:33:41	"GET /uv2582fip2582inf210/activity_relational_model.html HTTP/1.1"
2558	2025/01/29 16:44:36	"GET /uv2582fip2582inf210/lecture_modeling_normalization.html HTTP/1.1"
2558	2025/03/05 14:08:12	"GET /uv2582fip2582inf210/practice_postgresql.html HTTP/1.1"
2558	2025/03/05 14:08:14	"GET /uv2582fip2582inf210/index.html HTTP/1.1"
2558	2025/03/05 14:10:46	"GET /uv2582fip2582inf210/practice_spring_2tiers_ext.html HTTP/1.1"
2558	2025/03/05 14:15:50	"GET /uv2582fip2582inf210/lecture_software_architecture.html HTTP/1.1"
2558	2025/03/05 14:16:30	"GET /uv2582fip2582inf210/practice_spring_2tiers.html HTTP/1.1"
2558	2025/03/05 14:19:10	"GET /uv2582fip2582inf210/lecture_dto.html HTTP/1.1"
2558	2025/03/05 16:13:33	"GET /uv2582fip2582inf210/lecture_mvc_spring.html HTTP/1.1"
2558	2025/03/05 16:13:37	"GET /uv2582fip2582inf210/practice_jpa.html HTTP/1.1"
2558	2025/03/10 15:48:04	"GET /uv2582fip2582inf210/project_presentation.html HTTP/1.1"
2558	2025/03/10 15:48:12	"GET /uv2582fip2582inf210/project_part2.html HTTP/1.1"
2558	2025/03/10 15:48:30	"GET /uv2582fip2582inf210/index.html HTTP/1.1"
2558	2025/03/10 15:48:32	"GET /uv2582fip2582inf210/technical_environment_home.html HTTP/1.1"
2558	2025/03/10 15:48:41	"GET /uv2582fip2582inf210/practice_docker.html HTTP/1.1"
2558	2025/03/10 15:49:35	"GET /uv2582fip2582inf210/practice_docker_advanced.html HTTP/1.1"
2558	2025/03/10 15:49:37	"GET /uv2582fip2582inf210/practice_postgresql.html HTTP/1.1"
2558	2025/03/10 15:51:37	"GET /uv2582fip2582inf210/project_specifications.html HTTP/1.1"
2558	2025/03/10 21:15:25	"GET /uv2582fip2582inf210/project_presentation.html HTTP/1.1"
2558	2025/03/10 21:15:31	"GET /uv2582fip2582inf210/project_part2.html HTTP/1.1"
2558	2025/02/13 08:10:04	"GET /uv2582fip2582inf210/practice_postgresql.html HTTP/1.1"
2558	2025/02/13 08:10:23	"GET /uv2582fip2582inf210/technical_environment_home.html HTTP/1.1"
2558	2025/02/13 08:10:42	"GET /uv2582fip2582inf210/lecture_normalization.html HTTP/1.1"
2558	2025/02/13 08:10:49	"GET /uv2582fip2582inf210/activity_sql.html HTTP/1.1"
2558	2025/02/13 08:28:44	"GET /uv2582fip2582inf210/activity_sql_correction.html HTTP/1.1"
2558	2025/02/13 08:52:34	"GET /uv2582fip2582inf210/practice_sql.html HTTP/1.1"
2558	2025/02/13 08:54:50	"GET /uv2582fip2582inf210/documentation_rdbms.html HTTP/1.1"
2558	2025/02/13 09:29:59	"GET /uv2582fip2582inf210/practice_sql_correction.html HTTP/1.1"
2558	2025/02/13 10:20:14	"GET /uv2582fip2582inf210/activity_sql_correction.html HTTP/1.1"
2558	2025/02/13 11:59:57	"GET /uv2582fip2582inf210/lecture_transaction.html HTTP/1.1"
2558	2025/02/13 12:04:13	"GET /uv2582fip2582inf210/practice_transaction.html HTTP/1.1"
2558	2025/02/13 13:46:19	"GET /uv2582fip2582inf210/practice_transaction_correction.html HTTP/1.1"
2558	2025/03/18 09:44:38	"GET /uv2582fip2582inf210/project_specifications.html HTTP/1.1"
2558	2025/03/18 15:49:32	"GET /uv2582fip2582inf210/practice_postgresql.html HTTP/1.1"
2558	2025/03/18 15:49:33	"GET /uv2582fip2582inf210/index.html HTTP/1.1"
2558	2025/03/18 15:49:35	"GET /uv2582fip2582inf210/project_presentation.html HTTP/1.1"
2558	2025/03/18 22:13:39	"GET /uv2582fip2582inf210/technical_environment_home.html HTTP/1.1"
2558	2025/03/18 22:13:41	"GET /uv2582fip2582inf210/index.html HTTP/1.1"
2558	2025/03/18 22:13:44	"GET /uv2582fip2582inf210/project_presentation.html HTTP/1.1"
2558	2025/03/18 22:13:52	"GET /uv2582fip2582inf210/project_part3.html HTTP/1.1"
