256	2025/03/24 09:57:12	"GET /uv2582fip2582inf210/data_home.html HTTP/1.1"
256	2025/03/24 09:57:17	"GET /uv2582fip2582inf210/activity_relational_model.html HTTP/1.1"
256	2025/03/24 09:57:21	"GET /uv2582fip2582inf210/lecture_conceptual_modeling.html HTTP/1.1"
256	2025/02/20 23:19:52	"GET /uv2582fip2582inf210/index.html HTTP/1.1"
256	2025/02/20 23:19:54	"GET /uv2582fip2582inf210/data_home.html HTTP/1.1"
256	2025/02/20 23:19:55	"GET /uv2582fip2582inf210/images/prerequisite_data/prerequisite_data_2025.html HTTP/1.1"
256	2025/02/20 23:20:00	"GET /uv2582fip2582inf210/lecture_conceptual_modeling.html HTTP/1.1"
256	2025/02/20 23:20:21	"GET /uv2582fip2582inf210/activity_conceptual_modeling.html HTTP/1.1"
256	2025/02/20 23:20:26	"GET /uv2582fip2582inf210/activity_conceptual_modeling_correction.html HTTP/1.1"
256	2025/03/22 09:40:57	"GET /uv2582fip2582inf210/project_presentation.html HTTP/1.1"
256	2025/03/22 09:41:02	"GET /uv2582fip2582inf210/project_specifications.html HTTP/1.1"
256	2025/03/22 10:18:29	"GET /uv2582fip2582inf210/project_presentation.html HTTP/1.1"
256	2025/03/22 10:18:59	"GET /uv2582fip2582inf210/index.html HTTP/1.1"
256	2025/03/22 11:08:55	"GET /uv2582fip2582inf210/project_presentation.html HTTP/1.1"
256	2025/03/22 11:08:57	"GET /uv2582fip2582inf210/project_specifications.html HTTP/1.1"
256	2025/02/26 09:50:59	"GET /uv2582fip2582inf210/project_presentation.html HTTP/1.1"
256	2025/02/26 09:54:27	"GET /uv2582fip2582inf210/project_specifications.html HTTP/1.1"
256	2025/02/26 09:54:38	"GET /uv2582fip2582inf210/project_part1.html HTTP/1.1"
256	2025/02/26 10:09:34	"GET /uv2582fip2582inf210/project_task_time.html HTTP/1.1"
256	2025/02/26 10:16:00	"GET /uv2582fip2582inf210/index.html HTTP/1.1"
256	2025/02/26 10:16:04	"GET /uv2582fip2582inf210/data_home.html HTTP/1.1"
256	2025/02/26 10:16:14	"GET /uv2582fip2582inf210/activity_conceptual_modeling.html HTTP/1.1"
256	2025/02/26 10:16:19	"GET /uv2582fip2582inf210/activity_conceptual_modeling_correction.html HTTP/1.1"
256	2025/02/26 10:16:26	"GET /uv2582fip2582inf210/lecture_conceptual_modeling.html HTTP/1.1"
256	2025/02/26 16:14:02	"GET /uv2582fip2582inf210/project_presentation.html HTTP/1.1"
256	2025/02/26 16:14:05	"GET /uv2582fip2582inf210/project_part1.html HTTP/1.1"
256	2025/02/24 14:07:23	"GET /uv2582fip2582inf210/web_architecture_home.html HTTP/1.1"
256	2025/02/24 14:07:37	"GET /uv2582fip2582inf210/practice_spring_2tiers.html HTTP/1.1"
256	2025/02/24 14:07:44	"GET /uv2582fip2582inf210/practice_spring_2tiers_ext.html HTTP/1.1"
256	2025/02/24 14:54:26	"GET /uv2582fip2582inf210/lecture_dto.html HTTP/1.1"
256	2025/02/11 23:18:41	"GET /uv2582fip2582inf210/web_architecture_home.html HTTP/1.1"
256	2025/02/11 23:18:53	"GET /uv2582fip2582inf210/images/prerequisite_archiweb/prerequisite_archiweb_2025.html HTTP/1.1"
256	2025/02/11 23:19:30	"GET /uv2582fip2582inf210/practice_spring_2tiers.html HTTP/1.1"
256	2025/02/04 21:35:57	"GET /uv2582fip2582inf210/data_home.html HTTP/1.1"
256	2025/02/04 21:36:05	"GET /uv2582fip2582inf210/images/prerequisite_data/prerequisite_data_2025.html HTTP/1.1"
256	2025/02/04 21:36:06	"GET /uv2582fip2582inf210/activity_sql.html HTTP/1.1"
256	2025/02/04 21:36:53	"GET /uv2582fip2582inf210/activity_sql_correction.html HTTP/1.1"
256	2025/02/04 21:58:09	"GET /uv2582fip2582inf210/practice_sql.html HTTP/1.1"
256	2025/02/04 21:58:18	"GET /uv2582fip2582inf210/practice_sql_correction.html HTTP/1.1"
256	2025/02/04 22:13:24	"GET /uv2582fip2582inf210/index.html HTTP/1.1"
256	2025/02/04 22:13:26	"GET /uv2582fip2582inf210/technical_environment_home.html HTTP/1.1"
256	2025/02/04 22:13:32	"GET /uv2582fip2582inf210/documentation_docker.html HTTP/1.1"
256	2025/02/04 22:14:06	"GET /uv2582fip2582inf210/practice_docker.html HTTP/1.1"
256	2025/02/04 22:19:39	"GET /uv2582fip2582inf210/practice_docker_advanced.html HTTP/1.1"
256	2025/02/04 22:34:34	"GET /uv2582fip2582inf210/activity_normalization.html HTTP/1.1"
256	2025/03/07 15:43:56	"GET /uv2582fip2582inf210/project_part2.html HTTP/1.1"
256	2025/03/07 15:44:00	"GET /uv2582fip2582inf210/project_part3.html HTTP/1.1"
256	2025/03/12 20:58:32	"GET /uv2582fip2582inf210/project_part1.html HTTP/1.1"
256	2025/02/19 14:10:30	"GET /uv2582fip2582inf210/web_architecture_home.html HTTP/1.1"
256	2025/02/19 14:10:36	"GET /uv2582fip2582inf210/images/prerequisite_archiweb/prerequisite_archiweb_2025.html HTTP/1.1"
256	2025/02/19 14:10:37	"GET /uv2582fip2582inf210/lecture_json.html HTTP/1.1"
256	2025/02/19 14:10:51	"GET /uv2582fip2582inf210/lecture_mvc_spring.html HTTP/1.1"
256	2025/02/19 14:10:59	"GET /uv2582fip2582inf210/practice_spring_2tiers.html HTTP/1.1"
256	2025/02/03 10:05:51	"GET /uv2582fip2582inf210/lecture_normalization.html HTTP/1.1"
256	2025/02/03 11:57:47	"GET /uv2582fip2582inf210/activity_decomposition.html HTTP/1.1"
256	2025/02/03 11:58:05	"GET /uv2582fip2582inf210/activity_sql.html HTTP/1.1"
256	2025/02/03 12:07:37	"GET /uv2582fip2582inf210/activity_sql_correction.html HTTP/1.1"
256	2025/02/16 11:41:34	"GET /uv2582fip2582inf210/lecture_mvc_spring.html HTTP/1.1"
256	2025/02/16 11:42:37	"GET /uv2582fip2582inf210/practice_jpa.html HTTP/1.1"
256	2025/02/16 11:42:44	"GET /uv2582fip2582inf210/practice_spring_2tiers.html HTTP/1.1"
256	2025/02/16 12:20:11	"GET /uv2582fip2582inf210/lecture_xml.html HTTP/1.1"
256	2025/02/16 12:20:46	"GET /uv2582fip2582inf210/practice_xml.html HTTP/1.1"
256	2025/02/16 15:18:01	"GET /uv2582fip2582inf210/practice_json.html HTTP/1.1"
256	2025/02/16 15:20:20	"GET /uv2582fip2582inf210/index.html HTTP/1.1"
256	2025/02/16 22:10:57	"GET /uv2582fip2582inf210/data_home.html HTTP/1.1"
256	2025/02/16 22:11:01	"GET /uv2582fip2582inf210/images/prerequisite_data/prerequisite_data_2025.html HTTP/1.1"
256	2025/02/16 22:20:45	"GET /uv2582fip2582inf210/lecture_relational_model.html HTTP/1.1"
256	2025/02/16 22:48:53	"GET /uv2582fip2582inf210/lecture_db_integrity.html HTTP/1.1"
256	2025/02/16 23:01:57	"GET /uv2582fip2582inf210/lecture_relational_algebra.html HTTP/1.1"
256	2025/02/16 23:01:57	"GET /uv2582fip2582inf210/activity_relational_model.html HTTP/1.1"
256	2025/01/24 09:52:05	"GET /uv2582fip2582inf210/technical_environment_home.html HTTP/1.1"
256	2025/01/24 11:41:43	"GET /uv2582fip2582inf210/documentation_docker.html HTTP/1.1"
256	2025/01/24 11:52:07	"GET /uv2582fip2582inf210/practice_docker_advanced.html HTTP/1.1"
256	2025/01/31 14:30:00	"GET /uv2582fip2582inf210/activity_relational_model_correction.html HTTP/1.1"
256	2025/01/31 14:32:29	"GET /uv2582fip2582inf210/data_home.html HTTP/1.1"
256	2025/01/31 14:32:38	"GET /uv2582fip2582inf210/images/prerequisite_data/prerequisite_data_2025.html HTTP/1.1"
256	2025/01/31 14:32:43	"GET /uv2582fip2582inf210/lecture_modeling_normalization.html HTTP/1.1"
256	2025/01/31 14:42:59	"GET /uv2582fip2582inf210/lecture_conceptual_modeling.html HTTP/1.1"
256	2025/01/31 15:58:42	"GET /uv2582fip2582inf210/activity_conceptual_modeling.html HTTP/1.1"
256	2025/01/31 16:44:54	"GET /uv2582fip2582inf210/lecture_relational_model.html HTTP/1.1"
256	2025/01/31 16:45:02	"GET /uv2582fip2582inf210/index.html HTTP/1.1"
256	2025/01/31 16:45:05	"GET /uv2582fip2582inf210/technical_environment_home.html HTTP/1.1"
256	2025/01/30 09:37:13	"GET /uv2582fip2582inf210/project_home.html HTTP/1.1"
256	2025/01/30 09:37:17	"GET /uv2582fip2582inf210/data_home.html HTTP/1.1"
256	2025/01/30 09:39:56	"GET /uv2582fip2582inf210/lecture_relational_model.html HTTP/1.1"
256	2025/01/30 09:48:54	"GET /uv2582fip2582inf210/lecture_db_integrity.html HTTP/1.1"
256	2025/01/30 10:06:22	"GET /uv2582fip2582inf210/lecture_relational_algebra.html HTTP/1.1"
256	2025/01/30 10:06:24	"GET /uv2582fip2582inf210/activity_relational_model.html HTTP/1.1"
256	2025/02/17 14:05:12	"GET /uv2582fip2582inf210/project_home.html HTTP/1.1"
256	2025/02/17 14:05:19	"GET /uv2582fip2582inf210/data_home.html HTTP/1.1"
256	2025/02/17 14:09:00	"GET /uv2582fip2582inf210/activity_conceptual_modeling.html HTTP/1.1"
256	2025/02/17 14:09:05	"GET /uv2582fip2582inf210/lecture_normalization.html HTTP/1.1"
256	2025/02/02 19:03:00	"GET /uv2582fip2582inf210/technical_environment_home.html HTTP/1.1"
256	2025/02/02 19:03:05	"GET /uv2582fip2582inf210/images/prerequisite_techenv/prerequisite_techenv_2025.html HTTP/1.1"
256	2025/02/02 19:03:06	"GET /uv2582fip2582inf210/documentation_docker.html HTTP/1.1"
256	2025/02/02 19:04:00	"GET /uv2582fip2582inf210/practice_docker.html HTTP/1.1"
256	2025/02/02 19:09:34	"GET /uv2582fip2582inf210/practice_docker_advanced.html HTTP/1.1"
256	2025/02/02 19:20:13	"GET /uv2582fip2582inf210/documentation_rdbms.html HTTP/1.1"
256	2025/02/02 19:21:07	"GET /uv2582fip2582inf210/practice_postgresql.html HTTP/1.1"
256	2025/02/02 19:40:38	"GET /uv2582fip2582inf210/index.html HTTP/1.1"
256	2025/02/02 19:40:42	"GET /uv2582fip2582inf210/project_home.html HTTP/1.1"
256	2025/02/02 19:40:44	"GET /uv2582fip2582inf210/data_home.html HTTP/1.1"
256	2025/02/02 19:40:55	"GET /uv2582fip2582inf210/images/prerequisite_data/prerequisite_data_2025.html HTTP/1.1"
256	2025/02/02 19:40:57	"GET /uv2582fip2582inf210/lecture_modeling_normalization.html HTTP/1.1"
256	2025/02/02 19:41:03	"GET /uv2582fip2582inf210/lecture_conceptual_modeling.html HTTP/1.1"
256	2025/02/02 19:41:14	"GET /uv2582fip2582inf210/activity_conceptual_modeling.html HTTP/1.1"
256	2025/02/02 21:21:06	"GET /uv2582fip2582inf210/activity_conceptual_modeling_correction.html HTTP/1.1"
256	2025/02/02 21:44:37	"GET /uv2582fip2582inf210/activity_conceptual_modeling_advanced.html HTTP/1.1"
256	2025/02/02 21:45:38	"GET /uv2582fip2582inf210/activity_conceptual_modeling_advanced_correction.html HTTP/1.1"
256	2025/02/02 22:15:16	"GET /uv2582fip2582inf210/lecture_normalization.html HTTP/1.1"
256	2025/02/02 22:15:25	"GET /uv2582fip2582inf210/activity_normalization.html HTTP/1.1"
256	2025/02/02 22:15:39	"GET /uv2582fip2582inf210/activity_normalization_correction.html HTTP/1.1"
256	2025/02/02 22:23:31	"GET /uv2582fip2582inf210/activity_decomposition.html HTTP/1.1"
256	2025/02/02 22:23:34	"GET /uv2582fip2582inf210/lecture_independence_views.html HTTP/1.1"
256	2025/02/02 22:23:38	"GET /uv2582fip2582inf210/practice_independence_views.html HTTP/1.1"
256	2025/02/02 22:23:47	"GET /uv2582fip2582inf210/activity_decomposition_correction.html HTTP/1.1"
256	2025/02/18 20:53:53	"GET /uv2582fip2582inf210/data_home.html HTTP/1.1"
256	2025/02/18 20:54:18	"GET /uv2582fip2582inf210/lecture_db_integrity.html HTTP/1.1"
256	2025/02/18 20:54:21	"GET /uv2582fip2582inf210/lecture_modeling_normalization.html HTTP/1.1"
256	2025/02/18 20:54:22	"GET /uv2582fip2582inf210/lecture_conceptual_modeling.html HTTP/1.1"
256	2025/02/18 20:54:25	"GET /uv2582fip2582inf210/lecture_normalization.html HTTP/1.1"
256	2025/02/18 20:54:27	"GET /uv2582fip2582inf210/lecture_independence_views.html HTTP/1.1"
256	2025/02/18 21:32:44	"GET /uv2582fip2582inf210/activity_relational_model.html HTTP/1.1"
256	2025/02/18 22:12:35	"GET /uv2582fip2582inf210/activity_conceptual_modeling.html HTTP/1.1"
256	2025/02/18 22:31:53	"GET /uv2582fip2582inf210/activity_normalization.html HTTP/1.1"
256	2025/02/18 22:32:04	"GET /uv2582fip2582inf210/activity_decomposition.html HTTP/1.1"
256	2025/02/18 22:41:41	"GET /uv2582fip2582inf210/practice_independence_views.html HTTP/1.1"
256	2025/02/18 22:52:37	"GET /uv2582fip2582inf210/activity_sql.html HTTP/1.1"
256	2025/02/18 22:52:40	"GET /uv2582fip2582inf210/practice_sql.html HTTP/1.1"
256	2025/02/18 22:52:42	"GET /uv2582fip2582inf210/practice_advanced_sql.html HTTP/1.1"
256	2025/02/18 22:54:08	"GET /uv2582fip2582inf210/lecture_indexation.html HTTP/1.1"
256	2025/02/18 22:54:16	"GET /uv2582fip2582inf210/lecture_transaction.html HTTP/1.1"
256	2025/02/18 22:54:45	"GET /uv2582fip2582inf210/practice_transaction.html HTTP/1.1"
256	2025/03/13 18:57:05	"GET /uv2582fip2582inf210/project_presentation.html HTTP/1.1"
256	2025/03/13 18:57:08	"GET /uv2582fip2582inf210/project_part3.html HTTP/1.1"
256	2025/02/05 14:11:05	"GET /uv2582fip2582inf210/lecture_transaction.html HTTP/1.1"
256	2025/02/05 14:41:48	"GET /uv2582fip2582inf210/practice_transaction.html HTTP/1.1"
256	2025/02/05 15:03:30	"GET /uv2582fip2582inf210/practice_transaction_correction.html HTTP/1.1"
256	2025/02/10 13:30:53	"GET /uv2582fip2582inf210/project_home.html HTTP/1.1"
256	2025/02/10 13:31:01	"GET /uv2582fip2582inf210/project_home.html HTTP/1.1"
256	2025/02/10 13:31:15	"GET /uv2582fip2582inf210/project_home.html HTTP/1.1"
256	2025/02/10 13:31:16	"GET /uv2582fip2582inf210/project_home.html HTTP/1.1"
256	2025/02/10 13:31:20	"GET /uv2582fip2582inf210/data_home.html HTTP/1.1"
256	2025/02/10 13:32:02	"GET /uv2582fip2582inf210/project_home.html HTTP/1.1"
256	2025/02/10 13:32:28	"GET /uv2582fip2582inf210/web_architecture_home.html HTTP/1.1"
256	2025/02/10 14:03:13	"GET /uv2582fip2582inf210/index.html HTTP/1.1"
256	2025/02/10 14:05:52	"GET /uv2582fip2582inf210/images/prerequisite_data/prerequisite_data_2025.html HTTP/1.1"
256	2025/02/10 14:07:18	"GET /uv2582fip2582inf210/lecture_transaction.html HTTP/1.1"
256	2025/02/10 14:09:16	"GET /uv2582fip2582inf210/practice_transaction.html HTTP/1.1"
256	2025/02/10 14:20:13	"GET /uv2582fip2582inf210/activity_sql.html HTTP/1.1"
256	2025/02/10 14:20:20	"GET /uv2582fip2582inf210/practice_sql.html HTTP/1.1"
256	2025/02/10 14:20:33	"GET /uv2582fip2582inf210/activity_normalization.html HTTP/1.1"
256	2025/02/10 14:20:37	"GET /uv2582fip2582inf210/lecture_normalization.html HTTP/1.1"
256	2025/02/10 16:28:00	"GET /uv2582fip2582inf210/practice_transaction_correction.html HTTP/1.1"
256	2025/03/19 15:11:14	"GET /uv2582fip2582inf210/project_presentation.html HTTP/1.1"
256	2025/03/19 15:11:26	"GET /uv2582fip2582inf210/project_specifications.html HTTP/1.1"
256	2025/03/19 18:27:28	"GET /uv2582fip2582inf210/project_presentation.html HTTP/1.1"
256	2025/03/19 18:27:34	"GET /uv2582fip2582inf210/project_specifications.html HTTP/1.1"
256	2025/02/12 09:37:52	"GET /uv2582fip2582inf210/index.html HTTP/1.1"
256	2025/02/12 09:37:57	"GET /uv2582fip2582inf210/web_architecture_home.html HTTP/1.1"
256	2025/02/12 09:37:59	"GET /uv2582fip2582inf210/images/prerequisite_archiweb/prerequisite_archiweb_2025.html HTTP/1.1"
256	2025/02/12 09:38:24	"GET /uv2582fip2582inf210/lecture_mvc_spring.html HTTP/1.1"
256	2025/02/12 09:38:32	"GET /uv2582fip2582inf210/practice_jpa.html HTTP/1.1"
256	2025/02/12 11:25:52	"GET /uv2582fip2582inf210/lecture_jpa.html HTTP/1.1"
256	2025/03/04 17:18:31	"GET /uv2582fip2582inf210/project_part1.html HTTP/1.1"
256	2025/03/04 17:24:51	"GET /uv2582fip2582inf210/project_part2.html HTTP/1.1"
256	2025/03/03 11:06:04	"GET /uv2582fip2582inf210/project_presentation.html HTTP/1.1"
256	2025/03/03 11:06:21	"GET /uv2582fip2582inf210/project_part1.html HTTP/1.1"
256	2025/03/03 11:19:04	"GET /uv2582fip2582inf210/project_part2.html HTTP/1.1"
256	2025/03/03 11:23:28	"GET /uv2582fip2582inf210/project_part2.html HTTP/1.1"
256	2025/03/03 11:35:01	"GET /uv2582fip2582inf210/project_part1.html HTTP/1.1"
256	2025/03/03 11:35:05	"GET /uv2582fip2582inf210/project_part2.html HTTP/1.1"
256	2025/02/14 09:36:24	"GET /uv2582fip2582inf210/web_architecture_home.html HTTP/1.1"
256	2025/02/14 09:36:28	"GET /uv2582fip2582inf210/images/prerequisite_archiweb/prerequisite_archiweb_2025.html HTTP/1.1"
256	2025/03/17 16:02:11	"GET /uv2582fip2582inf210/project_specifications.html HTTP/1.1"
256	2025/03/17 16:02:17	"GET /uv2582fip2582inf210/project_task_time.html HTTP/1.1"
256	2025/03/17 16:04:12	"GET /uv2582fip2582inf210/project_presentation.html HTTP/1.1"
256	2025/03/17 16:04:47	"GET /uv2582fip2582inf210/project_evaluation.html HTTP/1.1"
256	2025/03/17 16:09:43	"GET /uv2582fip2582inf210/technical_environment_home.html HTTP/1.1"
256	2025/03/17 16:09:46	"GET /uv2582fip2582inf210/project_presentation.html HTTP/1.1"
256	2025/03/17 16:09:49	"GET /uv2582fip2582inf210/project_evaluation.html HTTP/1.1"
256	2025/03/17 16:10:50	"GET /uv2582fip2582inf210/project_task_time.html HTTP/1.1"
256	2025/01/29 14:06:07	"GET /uv2582fip2582inf210/technical_environment_home.html HTTP/1.1"
256	2025/01/29 14:45:54	"GET /uv2582fip2582inf210/documentation_docker.html HTTP/1.1"
256	2025/03/05 11:49:41	"GET /uv2582fip2582inf210/project_part2.html HTTP/1.1"
256	2025/03/18 14:17:02	"GET /uv2582fip2582inf210/project_presentation.html HTTP/1.1"
256	2025/03/18 14:17:06	"GET /uv2582fip2582inf210/project_part1.html HTTP/1.1"
256	2025/03/18 14:26:24	"GET /uv2582fip2582inf210/project_part2.html HTTP/1.1"
256	2025/03/18 14:44:44	"GET /uv2582fip2582inf210/project_part3.html HTTP/1.1"
