2561	2025/02/27 08:01:37	"GET /uv2582fip2582inf210/web_architecture_home.html HTTP/1.1"
2561	2025/02/27 08:01:45	"GET /uv2582fip2582inf210/practice_spring_2tiers.html HTTP/1.1"
2561	2025/02/27 08:23:54	"GET /uv2582fip2582inf210/practice_spring_2tiers.html HTTP/1.1"
2561	2025/02/27 08:40:09	"GET /uv2582fip2582inf210/practice_spring_2tiers.html HTTP/1.1"
2561	2025/02/21 14:24:32	"GET /uv2582fip2582inf210/data_home.html HTTP/1.1"
2561	2025/02/21 14:24:40	"GET /uv2582fip2582inf210/lecture_conceptual_modeling.html HTTP/1.1"
2561	2025/02/21 15:54:14	"GET /uv2582fip2582inf210/project_home.html HTTP/1.1"
2561	2025/02/21 15:54:19	"GET /uv2582fip2582inf210/index.html HTTP/1.1"
2561	2025/02/21 15:54:23	"GET /uv2582fip2582inf210/data_home.html HTTP/1.1"
2561	2025/02/21 15:54:32	"GET /uv2582fip2582inf210/index.html HTTP/1.1"
2561	2025/02/21 15:54:37	"GET /uv2582fip2582inf210/web_architecture_home.html HTTP/1.1"
2561	2025/02/21 15:54:39	"GET /uv2582fip2582inf210/index.html HTTP/1.1"
2561	2025/02/21 15:54:44	"GET /uv2582fip2582inf210/project_home.html HTTP/1.1"
2561	2025/02/21 15:54:46	"GET /uv2582fip2582inf210/index.html HTTP/1.1"
2561	2025/02/21 15:54:53	"GET /uv2582fip2582inf210/data_home.html HTTP/1.1"
2561	2025/02/21 15:55:12	"GET /uv2582fip2582inf210/index.html HTTP/1.1"
2561	2025/02/21 15:55:34	"GET /uv2582fip2582inf210/web_architecture_home.html HTTP/1.1"
2561	2025/02/21 15:55:37	"GET /uv2582fip2582inf210/lecture_json.html HTTP/1.1"
2561	2025/02/21 16:00:11	"GET /uv2582fip2582inf210/practice_json.html HTTP/1.1"
2561	2025/03/28 16:16:15	"GET /uv2582fip2582inf210/project_presentation.html HTTP/1.1"
2561	2025/02/25 11:17:57	"GET /uv2582fip2582inf210/web_architecture_home.html HTTP/1.1"
2561	2025/02/25 11:18:00	"GET /uv2582fip2582inf210/lecture_mvc_spring.html HTTP/1.1"
2561	2025/02/25 11:38:08	"GET /uv2582fip2582inf210/practice_spring_2tiers.html HTTP/1.1"
2561	2025/03/07 15:39:49	"GET /uv2582fip2582inf210/data_home.html HTTP/1.1"
2561	2025/03/07 15:39:53	"GET /uv2582fip2582inf210/lecture_conceptual_modeling.html HTTP/1.1"
2561	2025/03/07 15:39:56	"GET /uv2582fip2582inf210/activity_conceptual_modeling.html HTTP/1.1"
2561	2025/03/07 15:39:59	"GET /uv2582fip2582inf210/lecture_normalization.html HTTP/1.1"
2561	2025/02/19 13:56:12	"GET /uv2582fip2582inf210/web_architecture_home.html HTTP/1.1"
2561	2025/02/19 13:57:10	"GET /uv2582fip2582inf210/practice_jpa_advanced.html HTTP/1.1"
2561	2025/02/19 13:58:14	"GET /uv2582fip2582inf210/practice_spring_2tiers.html HTTP/1.1"
2561	2025/02/19 13:58:41	"GET /uv2582fip2582inf210/practice_jpa_advanced.html HTTP/1.1"
2561	2025/02/19 14:20:29	"GET /uv2582fip2582inf210/practice_jpa.html HTTP/1.1"
2561	2025/02/19 14:23:30	"GET /uv2582fip2582inf210/practice_jpa_advanced.html HTTP/1.1"
2561	2025/02/19 14:37:56	"GET /uv2582fip2582inf210/web_architecture_home.html HTTP/1.1"
2561	2025/02/19 14:38:14	"GET /uv2582fip2582inf210/practice_jpa_advanced.html HTTP/1.1"
2561	2025/02/19 14:45:43	"GET /uv2582fip2582inf210/index.html HTTP/1.1"
2561	2025/02/19 14:46:11	"GET /uv2582fip2582inf210/data_home.html HTTP/1.1"
2561	2025/02/19 14:49:20	"GET /uv2582fip2582inf210/data_home.html HTTP/1.1"
2561	2025/02/19 14:49:26	"GET /uv2582fip2582inf210/web_architecture_home.html HTTP/1.1"
2561	2025/02/19 14:49:31	"GET /uv2582fip2582inf210/practice_jpa_advanced.html HTTP/1.1"
2561	2025/02/19 15:04:55	"GET /uv2582fip2582inf210/practice_spring_2tiers.html HTTP/1.1"
2561	2025/02/19 15:04:58	"GET /uv2582fip2582inf210/index.html HTTP/1.1"
2561	2025/02/19 15:06:08	"GET /uv2582fip2582inf210/project_home.html HTTP/1.1"
2561	2025/02/19 15:06:17	"GET /uv2582fip2582inf210/index.html HTTP/1.1"
2561	2025/02/19 15:07:35	"GET /uv2582fip2582inf210/lecture_xml.html HTTP/1.1"
2561	2025/02/19 15:09:33	"GET /uv2582fip2582inf210/lecture_xml.html HTTP/1.1"
2561	2025/02/19 16:16:59	"GET /uv2582fip2582inf210/practice_xml.html HTTP/1.1"
2561	2025/02/19 16:21:04	"GET /uv2582fip2582inf210/practice_xml.html HTTP/1.1"
2561	2025/02/19 16:21:05	"GET /uv2582fip2582inf210/practice_xml.html HTTP/1.1"
2561	2025/02/18 11:02:17	"GET /uv2582fip2582inf210/data_home.html HTTP/1.1"
2561	2025/02/18 11:03:39	"GET /uv2582fip2582inf210/web_architecture_home.html HTTP/1.1"
2561	2025/02/18 11:03:41	"GET /uv2582fip2582inf210/practice_jpa.html HTTP/1.1"
2561	2025/02/18 11:08:19	"GET /uv2582fip2582inf210/practice_jpa_advanced.html HTTP/1.1"
2561	2025/02/18 11:10:30	"GET /uv2582fip2582inf210/practice_jpa.html HTTP/1.1"
2561	2025/02/18 11:10:31	"GET /uv2582fip2582inf210/practice_jpa.html HTTP/1.1"
2561	2025/02/18 11:10:38	"GET /uv2582fip2582inf210/practice_jpa.html HTTP/1.1"
2561	2025/02/18 11:37:45	"GET /uv2582fip2582inf210/practice_jpa_advanced.html HTTP/1.1"
2561	2025/02/18 11:46:08	"GET /uv2582fip2582inf210/practice_jpa_advanced.html HTTP/1.1"
2561	2025/03/13 09:06:21	"GET /uv2582fip2582inf210/project_presentation.html HTTP/1.1"
2561	2025/03/13 09:06:24	"GET /uv2582fip2582inf210/project_part2.html HTTP/1.1"
2561	2025/03/13 09:52:29	"GET /uv2582fip2582inf210/data_home.html HTTP/1.1"
2561	2025/03/13 09:52:30	"GET /uv2582fip2582inf210/index.html HTTP/1.1"
2561	2025/03/13 09:52:36	"GET /uv2582fip2582inf210/project_presentation.html HTTP/1.1"
2561	2025/03/13 09:52:39	"GET /uv2582fip2582inf210/project_part2.html HTTP/1.1"
2561	2025/03/13 10:51:46	"GET /uv2582fip2582inf210/project_part2.html HTTP/1.1"
2561	2025/03/13 10:51:49	"GET /uv2582fip2582inf210/project_part2.html HTTP/1.1"
2561	2025/03/13 10:54:35	"GET /uv2582fip2582inf210/project_structureui.html HTTP/1.1"
2561	2025/03/13 11:01:32	"GET /uv2582fip2582inf210/project_part2.html HTTP/1.1"
2561	2025/03/13 16:39:34	"GET /uv2582fip2582inf210/project_presentation.html HTTP/1.1"
2561	2025/03/13 16:39:38	"GET /uv2582fip2582inf210/project_part2.html HTTP/1.1"
2561	2025/03/13 22:12:41	"GET /uv2582fip2582inf210/project_presentation.html HTTP/1.1"
2561	2025/03/13 22:12:43	"GET /uv2582fip2582inf210/project_part2.html HTTP/1.1"
2561	2025/03/06 08:07:44	"GET /uv2582fip2582inf210/project_presentation.html HTTP/1.1"
2561	2025/03/06 08:10:02	"GET /uv2582fip2582inf210/project_evaluation.html HTTP/1.1"
2561	2025/03/06 08:14:41	"GET /uv2582fip2582inf210/project_evaluation.html HTTP/1.1"
2561	2025/03/06 08:14:47	"GET /uv2582fip2582inf210/project_specifications.html HTTP/1.1"
2561	2025/03/06 08:28:34	"GET /uv2582fip2582inf210/project_task_time.html HTTP/1.1"
2561	2025/03/06 08:29:48	"GET /uv2582fip2582inf210/project_part1.html HTTP/1.1"
2561	2025/03/06 08:44:58	"GET /uv2582fip2582inf210/project_part1.html HTTP/1.1"
2561	2025/03/06 08:48:01	"GET /uv2582fip2582inf210/project_specifications.html HTTP/1.1"
2561	2025/03/06 08:48:16	"GET /uv2582fip2582inf210/project_part1.html HTTP/1.1"
2561	2025/03/06 08:51:40	"GET /uv2582fip2582inf210/project_specifications.html HTTP/1.1"
2561	2025/03/06 09:41:52	"GET /uv2582fip2582inf210/project_part1.html HTTP/1.1"
2561	2025/03/06 09:47:13	"GET /uv2582fip2582inf210/project_specifications.html HTTP/1.1"
2561	2025/03/06 10:00:03	"GET /uv2582fip2582inf210/index.html HTTP/1.1"
2561	2025/03/06 10:01:44	"GET /uv2582fip2582inf210/data_home.html HTTP/1.1"
2561	2025/03/06 10:02:04	"GET /uv2582fip2582inf210/lecture_normalization.html HTTP/1.1"
2561	2025/03/06 10:02:09	"GET /uv2582fip2582inf210/activity_conceptual_modeling.html HTTP/1.1"
2561	2025/03/06 10:02:15	"GET /uv2582fip2582inf210/lecture_conceptual_modeling.html HTTP/1.1"
2561	2025/03/06 10:05:31	"GET /uv2582fip2582inf210/index.html HTTP/1.1"
2561	2025/03/06 10:05:34	"GET /uv2582fip2582inf210/project_presentation.html HTTP/1.1"
2561	2025/03/06 10:05:36	"GET /uv2582fip2582inf210/project_part1.html HTTP/1.1"
2561	2025/03/06 10:05:42	"GET /uv2582fip2582inf210/project_specifications.html HTTP/1.1"
2561	2025/03/06 10:09:10	"GET /uv2582fip2582inf210/index.html HTTP/1.1"
2561	2025/03/06 10:09:13	"GET /uv2582fip2582inf210/data_home.html HTTP/1.1"
2561	2025/03/06 10:09:16	"GET /uv2582fip2582inf210/lecture_conceptual_modeling.html HTTP/1.1"
2561	2025/03/06 10:26:37	"GET /uv2582fip2582inf210/index.html HTTP/1.1"
2561	2025/03/06 10:26:40	"GET /uv2582fip2582inf210/project_presentation.html HTTP/1.1"
2561	2025/03/06 10:26:42	"GET /uv2582fip2582inf210/project_specifications.html HTTP/1.1"
2561	2025/03/06 10:35:29	"GET /uv2582fip2582inf210/index.html HTTP/1.1"
2561	2025/03/06 10:35:35	"GET /uv2582fip2582inf210/data_home.html HTTP/1.1"
2561	2025/03/06 10:35:50	"GET /uv2582fip2582inf210/lecture_normalization.html HTTP/1.1"
2561	2025/03/06 10:35:52	"GET /uv2582fip2582inf210/activity_normalization.html HTTP/1.1"
2561	2025/03/06 10:35:53	"GET /uv2582fip2582inf210/activity_decomposition.html HTTP/1.1"
2561	2025/03/06 10:35:55	"GET /uv2582fip2582inf210/activity_conceptual_modeling.html HTTP/1.1"
2561	2025/03/06 10:35:57	"GET /uv2582fip2582inf210/lecture_conceptual_modeling.html HTTP/1.1"
2561	2025/03/06 10:44:37	"GET /uv2582fip2582inf210/project_presentation.html HTTP/1.1"
2561	2025/03/06 10:44:42	"GET /uv2582fip2582inf210/project_specifications.html HTTP/1.1"
2561	2025/03/06 11:15:45	"GET /uv2582fip2582inf210/index.html HTTP/1.1"
2561	2025/03/06 11:15:52	"GET /uv2582fip2582inf210/web_architecture_home.html HTTP/1.1"
2561	2025/03/06 11:15:54	"GET /uv2582fip2582inf210/index.html HTTP/1.1"
2561	2025/03/06 11:15:57	"GET /uv2582fip2582inf210/data_home.html HTTP/1.1"
2561	2025/03/06 11:15:59	"GET /uv2582fip2582inf210/lecture_conceptual_modeling.html HTTP/1.1"
2561	2025/03/06 11:17:24	"GET /uv2582fip2582inf210/index.html HTTP/1.1"
2561	2025/03/06 11:17:27	"GET /uv2582fip2582inf210/data_home.html HTTP/1.1"
2561	2025/03/06 11:25:49	"GET /uv2582fip2582inf210/index.html HTTP/1.1"
2561	2025/03/06 11:25:52	"GET /uv2582fip2582inf210/technical_environment_home.html HTTP/1.1"
2561	2025/03/06 11:25:54	"GET /uv2582fip2582inf210/index.html HTTP/1.1"
2561	2025/03/06 11:25:57	"GET /uv2582fip2582inf210/project_presentation.html HTTP/1.1"
2561	2025/03/06 11:26:00	"GET /uv2582fip2582inf210/project_specifications.html HTTP/1.1"
2561	2025/03/06 11:41:33	"GET /uv2582fip2582inf210/index.html HTTP/1.1"
2561	2025/03/06 11:41:37	"GET /uv2582fip2582inf210/data_home.html HTTP/1.1"
2561	2025/03/06 11:41:44	"GET /uv2582fip2582inf210/lecture_conceptual_modeling.html HTTP/1.1"
2561	2025/03/06 11:57:39	"GET /uv2582fip2582inf210/index.html HTTP/1.1"
2561	2025/03/06 11:57:43	"GET /uv2582fip2582inf210/project_presentation.html HTTP/1.1"
2561	2025/03/06 11:57:46	"GET /uv2582fip2582inf210/project_specifications.html HTTP/1.1"
2561	2025/03/06 12:11:08	"GET /uv2582fip2582inf210/index.html HTTP/1.1"
2561	2025/03/06 12:11:12	"GET /uv2582fip2582inf210/web_architecture_home.html HTTP/1.1"
2561	2025/03/06 12:11:14	"GET /uv2582fip2582inf210/index.html HTTP/1.1"
2561	2025/03/06 12:11:17	"GET /uv2582fip2582inf210/data_home.html HTTP/1.1"
2561	2025/03/06 12:11:20	"GET /uv2582fip2582inf210/activity_conceptual_modeling.html HTTP/1.1"
2561	2025/03/06 12:11:22	"GET /uv2582fip2582inf210/lecture_normalization.html HTTP/1.1"
2561	2025/02/10 14:03:59	"GET /uv2582fip2582inf210/web_architecture_home.html HTTP/1.1"
2561	2025/02/10 14:04:05	"GET /uv2582fip2582inf210/data_home.html HTTP/1.1"
2561	2025/02/10 14:04:21	"GET /uv2582fip2582inf210/lecture_independence_views.html HTTP/1.1"
2561	2025/02/10 14:04:26	"GET /uv2582fip2582inf210/lecture_modeling_normalization.html HTTP/1.1"
2561	2025/02/10 14:04:36	"GET /uv2582fip2582inf210/lecture_normalization.html HTTP/1.1"
2561	2025/02/10 14:33:19	"GET /uv2582fip2582inf210/activity_normalization.html HTTP/1.1"
2561	2025/02/10 14:56:05	"GET /uv2582fip2582inf210/activity_normalization_correction.html HTTP/1.1"
2561	2025/02/10 14:56:27	"GET /uv2582fip2582inf210/activity_normalization.html HTTP/1.1"
2561	2025/02/10 14:57:30	"GET /uv2582fip2582inf210/activity_normalization_correction.html HTTP/1.1"
2561	2025/02/10 14:58:56	"GET /uv2582fip2582inf210/activity_normalization.html HTTP/1.1"
2561	2025/02/10 14:59:28	"GET /uv2582fip2582inf210/lecture_normalization.html HTTP/1.1"
2561	2025/02/10 14:59:44	"GET /uv2582fip2582inf210/activity_normalization.html HTTP/1.1"
2561	2025/02/10 15:00:16	"GET /uv2582fip2582inf210/lecture_normalization.html HTTP/1.1"
2561	2025/02/10 15:00:37	"GET /uv2582fip2582inf210/lecture_modeling_normalization.html HTTP/1.1"
2561	2025/02/10 15:01:03	"GET /uv2582fip2582inf210/activity_normalization.html HTTP/1.1"
2561	2025/02/10 15:01:22	"GET /uv2582fip2582inf210/activity_normalization_correction.html HTTP/1.1"
2561	2025/02/10 15:03:29	"GET /uv2582fip2582inf210/activity_normalization.html HTTP/1.1"
2561	2025/02/10 15:03:32	"GET /uv2582fip2582inf210/activity_decomposition.html HTTP/1.1"
2561	2025/02/10 15:44:45	"GET /uv2582fip2582inf210/activity_decomposition.html HTTP/1.1"
2561	2025/02/10 15:44:51	"GET /uv2582fip2582inf210/activity_decomposition_correction.html HTTP/1.1"
2561	2025/02/10 15:50:36	"GET /uv2582fip2582inf210/index.html HTTP/1.1"
2561	2025/02/10 15:51:30	"GET /uv2582fip2582inf210/data_home.html HTTP/1.1"
2561	2025/02/10 15:51:47	"GET /uv2582fip2582inf210/activity_sql.html HTTP/1.1"
2561	2025/02/10 15:52:54	"GET /uv2582fip2582inf210/activity_normalization.html HTTP/1.1"
2561	2025/02/10 15:52:54	"GET /uv2582fip2582inf210/activity_decomposition.html HTTP/1.1"
2561	2025/02/10 16:19:20	"GET /uv2582fip2582inf210/activity_conceptual_modeling_advanced.html HTTP/1.1"
2561	2025/02/10 16:19:26	"GET /uv2582fip2582inf210/activity_conceptual_modeling.html HTTP/1.1"
2561	2025/02/10 16:20:51	"GET /uv2582fip2582inf210/activity_decomposition.html HTTP/1.1"
2561	2025/02/10 16:20:55	"GET /uv2582fip2582inf210/activity_decomposition_correction.html HTTP/1.1"
2561	2025/02/10 16:21:02	"GET /uv2582fip2582inf210/activity_decomposition.html HTTP/1.1"
2561	2025/02/10 16:21:14	"GET /uv2582fip2582inf210/activity_decomposition_correction.html HTTP/1.1"
2561	2025/02/10 16:27:17	"GET /uv2582fip2582inf210/index.html HTTP/1.1"
2561	2025/02/10 16:27:20	"GET /uv2582fip2582inf210/data_home.html HTTP/1.1"
2561	2025/02/10 16:27:23	"GET /uv2582fip2582inf210/activity_sql.html HTTP/1.1"
2561	2025/03/19 08:33:31	"GET /uv2582fip2582inf210/project_presentation.html HTTP/1.1"
2561	2025/01/20 11:37:47	"GET /uv2582fip2582inf210/technical_environment_home.html HTTP/1.1"
2561	2025/01/20 11:40:44	"GET /uv2582fip2582inf210/documentation_docker.html HTTP/1.1"
2561	2025/01/20 11:45:25	"GET /uv2582fip2582inf210/technical_environment_home.html HTTP/1.1"
2561	2025/01/20 11:50:13	"GET /uv2582fip2582inf210/documentation_docker.html HTTP/1.1"
2561	2025/01/20 12:07:47	"GET /uv2582fip2582inf210/practice_docker.html HTTP/1.1"
2561	2025/01/20 13:27:36	"GET /uv2582fip2582inf210/technical_environment_home.html HTTP/1.1"
2561	2025/01/20 13:27:43	"GET /uv2582fip2582inf210/documentation_docker.html HTTP/1.1"
2561	2025/01/20 13:30:32	"GET /uv2582fip2582inf210/practice_docker.html HTTP/1.1"
2561	2025/01/20 13:33:33	"GET /uv2582fip2582inf210/practice_docker.html HTTP/1.1"
2561	2025/01/20 13:36:40	"GET /uv2582fip2582inf210/technical_environment_home.html HTTP/1.1"
2561	2025/01/20 13:36:46	"GET /uv2582fip2582inf210/practice_docker.html HTTP/1.1"
2561	2025/01/20 14:21:25	"GET /uv2582fip2582inf210/practice_docker_advanced.html HTTP/1.1"
2561	2025/01/20 14:40:20	"GET /uv2582fip2582inf210/documentation_rdbms.html HTTP/1.1"
2561	2025/01/20 14:51:46	"GET /uv2582fip2582inf210/practice_postgresql.html HTTP/1.1"
2561	2025/01/20 15:01:34	"GET /uv2582fip2582inf210/documentation_programming.html HTTP/1.1"
2561	2025/01/20 15:01:49	"GET /uv2582fip2582inf210/practice_postgresql.html HTTP/1.1"
2561	2025/01/20 15:03:50	"GET /uv2582fip2582inf210/inversion_of_control.html HTTP/1.1"
2561	2025/01/20 15:06:18	"GET /uv2582fip2582inf210/practice_spring.html HTTP/1.1"
2561	2025/03/11 08:01:41	"GET /uv2582fip2582inf210/project_presentation.html HTTP/1.1"
2561	2025/03/11 08:01:44	"GET /uv2582fip2582inf210/project_part2.html HTTP/1.1"
2561	2025/03/11 08:01:59	"GET /uv2582fip2582inf210/index.html HTTP/1.1"
2561	2025/03/11 08:02:56	"GET /uv2582fip2582inf210/data_home.html HTTP/1.1"
2561	2025/03/11 08:02:58	"GET /uv2582fip2582inf210/index.html HTTP/1.1"
2561	2025/03/11 08:03:01	"GET /uv2582fip2582inf210/project_presentation.html HTTP/1.1"
2561	2025/03/11 08:03:05	"GET /uv2582fip2582inf210/project_part2.html HTTP/1.1"
2561	2025/03/11 08:30:43	"GET /uv2582fip2582inf210/project_presentation.html HTTP/1.1"
2561	2025/03/11 08:30:49	"GET /uv2582fip2582inf210/project_part2.html HTTP/1.1"
2561	2025/03/11 10:21:50	"GET /uv2582fip2582inf210/project_part2.html HTTP/1.1"
2561	2025/03/04 08:14:23	"GET /uv2582fip2582inf210/data_home.html HTTP/1.1"
2561	2025/03/04 08:14:29	"GET /uv2582fip2582inf210/lecture_conceptual_modeling.html HTTP/1.1"
2561	2025/03/04 08:17:06	"GET /uv2582fip2582inf210/activity_conceptual_modeling.html HTTP/1.1"
2561	2025/03/04 08:17:10	"GET /uv2582fip2582inf210/activity_conceptual_modeling_correction.html HTTP/1.1"
2561	2025/03/04 08:18:04	"GET /uv2582fip2582inf210/activity_conceptual_modeling.html HTTP/1.1"
2561	2025/03/04 08:18:07	"GET /uv2582fip2582inf210/lecture_conceptual_modeling.html HTTP/1.1"
2561	2025/03/04 08:21:50	"GET /uv2582fip2582inf210/activity_conceptual_modeling_correction.html HTTP/1.1"
2561	2025/03/04 08:46:27	"GET /uv2582fip2582inf210/lecture_conceptual_modeling.html HTTP/1.1"
2561	2025/03/04 09:09:52	"GET /uv2582fip2582inf210/index.html HTTP/1.1"
2561	2025/03/04 09:09:56	"GET /uv2582fip2582inf210/technical_environment_home.html HTTP/1.1"
2561	2025/03/04 09:10:09	"GET /uv2582fip2582inf210/documentation_docker.html HTTP/1.1"
2561	2025/03/04 09:10:17	"GET /uv2582fip2582inf210/practice_docker.html HTTP/1.1"
2561	2025/03/04 10:54:04	"GET /uv2582fip2582inf210/index.html HTTP/1.1"
2561	2025/03/04 10:54:07	"GET /uv2582fip2582inf210/web_architecture_home.html HTTP/1.1"
2561	2025/03/04 10:54:10	"GET /uv2582fip2582inf210/practice_spring_2tiers.html HTTP/1.1"
2561	2025/03/04 11:51:14	"GET /uv2582fip2582inf210/index.html HTTP/1.1"
2561	2025/03/04 11:51:17	"GET /uv2582fip2582inf210/web_architecture_home.html HTTP/1.1"
2561	2025/03/04 11:51:25	"GET /uv2582fip2582inf210/practice_spring_2tiers.html HTTP/1.1"
2561	2025/03/03 19:29:31	"GET /uv2582fip2582inf210/data_home.html HTTP/1.1"
2561	2025/03/03 19:29:34	"GET /uv2582fip2582inf210/index.html HTTP/1.1"
2561	2025/03/03 19:29:41	"GET /uv2582fip2582inf210/web_architecture_home.html HTTP/1.1"
2561	2025/03/03 19:29:43	"GET /uv2582fip2582inf210/practice_spring_2tiers.html HTTP/1.1"
2561	2025/03/03 20:29:32	"GET /uv2582fip2582inf210/index.html HTTP/1.1"
2561	2025/03/03 20:29:35	"GET /uv2582fip2582inf210/technical_environment_home.html HTTP/1.1"
2561	2025/03/03 20:29:39	"GET /uv2582fip2582inf210/index.html HTTP/1.1"
2561	2025/03/03 21:02:59	"GET /uv2582fip2582inf210/web_architecture_home.html HTTP/1.1"
2561	2025/03/03 21:03:10	"GET /uv2582fip2582inf210/practice_jpa.html HTTP/1.1"
2561	2025/03/03 21:03:44	"GET /uv2582fip2582inf210/practice_jpa_advanced.html HTTP/1.1"
2561	2025/03/03 21:04:11	"GET /uv2582fip2582inf210/lecture_relational_model.html HTTP/1.1"
2561	2025/03/03 21:04:15	"GET /uv2582fip2582inf210/lecture_db_integrity.html HTTP/1.1"
2561	2025/03/03 21:04:19	"GET /uv2582fip2582inf210/activity_relational_model.html HTTP/1.1"
2561	2025/03/03 21:04:25	"GET /uv2582fip2582inf210/activity_relational_model_correction.html HTTP/1.1"
2561	2025/03/03 21:05:11	"GET /uv2582fip2582inf210/lecture_modeling_normalization.html HTTP/1.1"
2561	2025/03/03 21:05:12	"GET /uv2582fip2582inf210/lecture_conceptual_modeling.html HTTP/1.1"
2561	2025/03/03 21:06:08	"GET /uv2582fip2582inf210/activity_conceptual_modeling.html HTTP/1.1"
2561	2025/03/03 21:06:11	"GET /uv2582fip2582inf210/lecture_normalization.html HTTP/1.1"
2561	2025/03/03 21:06:27	"GET /uv2582fip2582inf210/activity_normalization.html HTTP/1.1"
2561	2025/03/03 21:07:58	"GET /uv2582fip2582inf210/activity_decomposition.html HTTP/1.1"
2561	2025/03/03 21:14:08	"GET /uv2582fip2582inf210/activity_conceptual_modeling.html HTTP/1.1"
2561	2025/03/03 21:14:15	"GET /uv2582fip2582inf210/lecture_normalization.html HTTP/1.1"
2561	2025/03/03 21:14:20	"GET /uv2582fip2582inf210/activity_decomposition.html HTTP/1.1"
2561	2025/03/03 22:46:33	"GET /uv2582fip2582inf210/index.html HTTP/1.1"
2561	2025/03/03 22:46:36	"GET /uv2582fip2582inf210/project_presentation.html HTTP/1.1"
2561	2025/03/02 11:17:36	"GET /uv2582fip2582inf210/technical_environment_home.html HTTP/1.1"
2561	2025/03/02 11:18:19	"GET /uv2582fip2582inf210/practice_postgresql.html HTTP/1.1"
2561	2025/03/02 11:20:59	"GET /uv2582fip2582inf210/documentation_docker.html HTTP/1.1"
2561	2025/03/02 11:21:11	"GET /uv2582fip2582inf210/practice_docker.html HTTP/1.1"
2561	2025/03/02 11:23:41	"GET /uv2582fip2582inf210/documentation_programming.html HTTP/1.1"
2561	2025/03/02 11:23:45	"GET /uv2582fip2582inf210/practice_spring.html HTTP/1.1"
2561	2025/03/02 11:49:22	"GET /uv2582fip2582inf210/practice_docker.html HTTP/1.1"
2561	2025/03/02 14:14:45	"GET /uv2582fip2582inf210/technical_environment_home.html HTTP/1.1"
2561	2025/03/02 14:14:51	"GET /uv2582fip2582inf210/practice_docker.html HTTP/1.1"
2561	2025/03/02 14:30:44	"GET /uv2582fip2582inf210/documentation_programming.html HTTP/1.1"
2561	2025/03/02 14:30:58	"GET /uv2582fip2582inf210/practice_spring.html HTTP/1.1"
2561	2025/03/02 16:25:17	"GET /uv2582fip2582inf210/index.html HTTP/1.1"
2561	2025/03/02 16:25:20	"GET /uv2582fip2582inf210/project_presentation.html HTTP/1.1"
2561	2025/03/02 16:25:41	"GET /uv2582fip2582inf210/data_home.html HTTP/1.1"
2561	2025/03/02 16:25:52	"GET /uv2582fip2582inf210/web_architecture_home.html HTTP/1.1"
2561	2025/03/02 16:25:57	"GET /uv2582fip2582inf210/practice_spring_2tiers.html HTTP/1.1"
2561	2025/01/29 14:05:41	"GET /uv2582fip2582inf210/project_home.html HTTP/1.1"
2561	2025/01/29 14:06:07	"GET /uv2582fip2582inf210/project_home.html HTTP/1.1"
2561	2025/01/29 14:06:09	"GET /uv2582fip2582inf210/project_home.html HTTP/1.1"
2561	2025/01/29 14:06:28	"GET /uv2582fip2582inf210/data_home.html HTTP/1.1"
2561	2025/01/29 14:07:01	"GET /uv2582fip2582inf210/lecture_relational_model.html HTTP/1.1"
2561	2025/01/29 14:15:39	"GET /uv2582fip2582inf210/lecture_db_integrity.html HTTP/1.1"
2561	2025/01/29 14:24:27	"GET /uv2582fip2582inf210/activity_relational_model.html HTTP/1.1"
2561	2025/01/29 15:00:16	"GET /uv2582fip2582inf210/activity_relational_model.html HTTP/1.1"
2561	2025/01/29 15:17:40	"GET /uv2582fip2582inf210/activity_relational_model_correction.html HTTP/1.1"
2561	2025/01/29 15:17:55	"GET /uv2582fip2582inf210/activity_relational_model.html HTTP/1.1"
2561	2025/01/29 15:42:02	"GET /uv2582fip2582inf210/data_home.html HTTP/1.1"
2561	2025/01/29 15:42:04	"GET /uv2582fip2582inf210/lecture_modeling_normalization.html HTTP/1.1"
2561	2025/01/29 15:42:31	"GET /uv2582fip2582inf210/lecture_modeling_normalization.html HTTP/1.1"
2561	2025/01/29 15:42:34	"GET /uv2582fip2582inf210/index.html HTTP/1.1"
2561	2025/01/29 15:42:48	"GET /uv2582fip2582inf210/data_home.html HTTP/1.1"
2561	2025/01/29 15:42:49	"GET /uv2582fip2582inf210/index.html HTTP/1.1"
2561	2025/01/29 15:42:53	"GET /uv2582fip2582inf210/PresentationUVINF210/pres.html HTTP/1.1"
2561	2025/01/29 15:43:02	"GET /uv2582fip2582inf210/index.html HTTP/1.1"
2561	2025/01/29 15:43:17	"GET /uv2582fip2582inf210/technical_environment_home.html HTTP/1.1"
2561	2025/01/29 15:43:22	"GET /uv2582fip2582inf210/index.html HTTP/1.1"
2561	2025/01/29 15:43:24	"GET /uv2582fip2582inf210/data_home.html HTTP/1.1"
2561	2025/01/29 16:00:25	"GET /uv2582fip2582inf210/lecture_conceptual_modeling.html HTTP/1.1"
2561	2025/01/29 16:26:53	"GET /uv2582fip2582inf210/activity_relational_model.html HTTP/1.1"
2561	2025/01/29 16:26:57	"GET /uv2582fip2582inf210/activity_relational_model_correction.html HTTP/1.1"
2561	2025/01/29 16:44:05	"GET /uv2582fip2582inf210/activity_conceptual_modeling.html HTTP/1.1"
2561	2025/03/05 13:26:29	"GET /uv2582fip2582inf210/web_architecture_home.html HTTP/1.1"
2561	2025/03/05 13:26:52	"GET /uv2582fip2582inf210/practice_spring_2tiers_ext.html HTTP/1.1"
2561	2025/03/05 13:28:38	"GET /uv2582fip2582inf210/index.html HTTP/1.1"
2561	2025/03/05 14:13:11	"GET /uv2582fip2582inf210/web_architecture_home.html HTTP/1.1"
2561	2025/03/05 14:13:14	"GET /uv2582fip2582inf210/practice_spring_2tiers_ext.html HTTP/1.1"
2561	2025/03/05 16:23:55	"GET /uv2582fip2582inf210/index.html HTTP/1.1"
2561	2025/03/05 16:24:08	"GET /uv2582fip2582inf210/web_architecture_home.html HTTP/1.1"
2561	2025/03/05 16:24:13	"GET /uv2582fip2582inf210/index.html HTTP/1.1"
2561	2025/03/05 16:24:15	"GET /uv2582fip2582inf210/data_home.html HTTP/1.1"
2561	2025/03/05 16:24:22	"GET /uv2582fip2582inf210/lecture_conceptual_modeling.html HTTP/1.1"
2561	2025/03/05 16:43:35	"GET /uv2582fip2582inf210/practice_spring_2tiers_ext.html HTTP/1.1"
2561	2025/02/13 08:10:05	"GET /uv2582fip2582inf210/data_home.html HTTP/1.1"
2561	2025/02/13 08:18:05	"GET /uv2582fip2582inf210/activity_sql.html HTTP/1.1"
2561	2025/02/13 08:25:22	"GET /uv2582fip2582inf210/activity_sql_correction.html HTTP/1.1"
2561	2025/02/13 08:25:45	"GET /uv2582fip2582inf210/activity_sql.html HTTP/1.1"
2561	2025/02/13 08:29:56	"GET /uv2582fip2582inf210/activity_sql_correction.html HTTP/1.1"
2561	2025/02/13 08:39:27	"GET /uv2582fip2582inf210/activity_sql.html HTTP/1.1"
2561	2025/02/13 08:56:13	"GET /uv2582fip2582inf210/practice_sql.html HTTP/1.1"
2561	2025/02/13 08:58:01	"GET /uv2582fip2582inf210/index.html HTTP/1.1"
2561	2025/02/13 08:58:15	"GET /uv2582fip2582inf210/data_home.html HTTP/1.1"
2561	2025/02/13 08:58:21	"GET /uv2582fip2582inf210/practice_sql.html HTTP/1.1"
2561	2025/02/13 08:58:25	"GET /uv2582fip2582inf210/practice_advanced_sql.html HTTP/1.1"
2561	2025/02/13 08:58:45	"GET /uv2582fip2582inf210/practice_sql.html HTTP/1.1"
2561	2025/02/13 09:14:33	"GET /uv2582fip2582inf210/activity_sql.html HTTP/1.1"
2561	2025/02/13 09:51:39	"GET /uv2582fip2582inf210/practice_sql_correction.html HTTP/1.1"
2561	2025/02/13 10:16:48	"GET /uv2582fip2582inf210/practice_transaction.html HTTP/1.1"
2561	2025/02/13 10:43:38	"GET /uv2582fip2582inf210/lecture_transaction.html HTTP/1.1"
2561	2025/02/13 10:43:38	"GET /uv2582fip2582inf210/lecture_transaction.html HTTP/1.1"
2561	2025/02/13 11:23:44	"GET /uv2582fip2582inf210/practice_transaction_correction.html HTTP/1.1"
2561	2025/03/18 08:28:42	"GET /uv2582fip2582inf210/project_presentation.html HTTP/1.1"
2561	2025/03/18 08:28:44	"GET /uv2582fip2582inf210/project_part3.html HTTP/1.1"
2561	2025/03/18 08:30:07	"GET /uv2582fip2582inf210/project_structureui.html HTTP/1.1"
2561	2025/03/18 09:29:46	"GET /uv2582fip2582inf210/project_presentation.html HTTP/1.1"
2561	2025/03/18 09:29:48	"GET /uv2582fip2582inf210/project_part3.html HTTP/1.1"
2561	2025/03/18 09:30:37	"GET /uv2582fip2582inf210/project_part3.html HTTP/1.1"
2561	2025/03/18 09:30:41	"GET /uv2582fip2582inf210/index.html HTTP/1.1"
2561	2025/03/18 09:39:28	"GET /uv2582fip2582inf210/index.html HTTP/1.1"
2561	2025/03/18 09:39:31	"GET /uv2582fip2582inf210/data_home.html HTTP/1.1"
2561	2025/03/18 09:39:33	"GET /uv2582fip2582inf210/index.html HTTP/1.1"
2561	2025/03/18 09:39:35	"GET /uv2582fip2582inf210/data_home.html HTTP/1.1"
2561	2025/03/18 09:39:37	"GET /uv2582fip2582inf210/index.html HTTP/1.1"
2561	2025/03/18 09:39:39	"GET /uv2582fip2582inf210/project_presentation.html HTTP/1.1"
2561	2025/03/18 09:39:42	"GET /uv2582fip2582inf210/project_part3.html HTTP/1.1"
2561	2025/03/18 09:41:04	"GET /uv2582fip2582inf210/project_part3.html HTTP/1.1"
2561	2025/03/18 09:41:07	"GET /uv2582fip2582inf210/project_structureui.html HTTP/1.1"
2561	2025/03/18 09:43:20	"GET /uv2582fip2582inf210/project_structureui.html HTTP/1.1"
2561	2025/03/18 09:43:28	"GET /uv2582fip2582inf210/project_part3.html HTTP/1.1"
2561	2025/03/18 10:15:16	"GET /uv2582fip2582inf210/project_part3.html HTTP/1.1"
