2562	2025/02/27 08:10:55	"GET /uv2582fip2582inf210/index.html HTTP/1.1"
2562	2025/02/27 08:33:02	"GET /uv2582fip2582inf210/practice_jpa_advanced.html HTTP/1.1"
2562	2025/02/27 11:28:41	"GET /uv2582fip2582inf210/data_home.html HTTP/1.1"
2562	2025/02/27 11:28:46	"GET /uv2582fip2582inf210/lecture_modeling_normalization.html HTTP/1.1"
2562	2025/03/24 09:30:08	"GET /uv2582fip2582inf210/practice_docker.html HTTP/1.1"
2562	2025/03/24 09:30:10	"GET /uv2582fip2582inf210/index.html HTTP/1.1"
2562	2025/03/24 09:30:12	"GET /uv2582fip2582inf210/data_home.html HTTP/1.1"
2562	2025/03/24 10:12:56	"GET /uv2582fip2582inf210/lecture_conceptual_modeling.html HTTP/1.1"
2562	2025/02/28 16:31:34	"GET /uv2582fip2582inf210/practice_docker.html HTTP/1.1"
2562	2025/02/28 16:31:35	"GET /uv2582fip2582inf210/index.html HTTP/1.1"
2562	2025/02/28 16:31:50	"GET /uv2582fip2582inf210/activity_relational_model.html HTTP/1.1"
2562	2025/02/28 16:31:58	"GET /uv2582fip2582inf210/lecture_db_integrity.html HTTP/1.1"
2562	2025/02/28 16:32:01	"GET /uv2582fip2582inf210/lecture_relational_model.html HTTP/1.1"
2562	2025/02/28 16:32:10	"GET /uv2582fip2582inf210/lecture_conceptual_modeling.html HTTP/1.1"
2562	2025/02/28 16:32:20	"GET /uv2582fip2582inf210/activity_conceptual_modeling.html HTTP/1.1"
2562	2025/02/28 16:32:26	"GET /uv2582fip2582inf210/lecture_normalization.html HTTP/1.1"
2562	2025/02/21 14:21:53	"GET /uv2582fip2582inf210/practice_docker.html HTTP/1.1"
2562	2025/02/21 14:21:57	"GET /uv2582fip2582inf210/index.html HTTP/1.1"
2562	2025/02/21 14:21:59	"GET /uv2582fip2582inf210/web_architecture_home.html HTTP/1.1"
2562	2025/02/21 14:22:03	"GET /uv2582fip2582inf210/data_home.html HTTP/1.1"
2562	2025/02/21 14:22:06	"GET /uv2582fip2582inf210/activity_relational_model.html HTTP/1.1"
2562	2025/02/21 14:22:08	"GET /uv2582fip2582inf210/lecture_conceptual_modeling.html HTTP/1.1"
2562	2025/02/21 16:07:11	"GET /uv2582fip2582inf210/technical_environment_home.html HTTP/1.1"
2562	2025/02/21 16:09:13	"GET /uv2582fip2582inf210/practice_xml.html HTTP/1.1"
2562	2025/02/21 16:31:10	"GET /uv2582fip2582inf210/lecture_json.html HTTP/1.1"
2562	2025/03/28 10:53:00	"GET /uv2582fip2582inf210/index.html HTTP/1.1"
2562	2025/03/28 10:53:03	"GET /uv2582fip2582inf210/project_presentation.html HTTP/1.1"
2562	2025/03/28 10:53:06	"GET /uv2582fip2582inf210/project_part3.html HTTP/1.1"
2562	2025/03/28 10:53:19	"GET /uv2582fip2582inf210/project_specifications.html HTTP/1.1"
2562	2025/03/28 13:36:07	"GET /uv2582fip2582inf210/technical_environment_home.html HTTP/1.1"
2562	2025/03/28 13:36:15	"GET /uv2582fip2582inf210/data_home.html HTTP/1.1"
2562	2025/03/28 13:36:19	"GET /uv2582fip2582inf210/project_part1.html HTTP/1.1"
2562	2025/03/21 08:18:38	"GET /uv2582fip2582inf210/project_specifications.html HTTP/1.1"
2562	2025/02/25 08:20:25	"GET /uv2582fip2582inf210/practice_docker.html HTTP/1.1"
2562	2025/02/25 08:20:28	"GET /uv2582fip2582inf210/index.html HTTP/1.1"
2562	2025/02/25 09:01:18	"GET /uv2582fip2582inf210/data_home.html HTTP/1.1"
2562	2025/02/25 09:01:23	"GET /uv2582fip2582inf210/web_architecture_home.html HTTP/1.1"
2562	2025/02/25 09:01:27	"GET /uv2582fip2582inf210/lecture_xml.html HTTP/1.1"
2562	2025/02/25 09:04:20	"GET /uv2582fip2582inf210/practice_xml.html HTTP/1.1"
2562	2025/02/25 10:31:40	"GET /uv2582fip2582inf210/lecture_json.html HTTP/1.1"
2562	2025/02/25 10:58:35	"GET /uv2582fip2582inf210/practice_json.html HTTP/1.1"
2562	2025/02/25 11:32:08	"GET /uv2582fip2582inf210/practice_spring_2tiers.html HTTP/1.1"
2562	2025/02/25 11:44:23	"GET /uv2582fip2582inf210/lecture_mvc_spring.html HTTP/1.1"
2562	2025/03/07 15:44:47	"GET /uv2582fip2582inf210/project_task_time.html HTTP/1.1"
2562	2025/03/07 15:58:44	"GET /uv2582fip2582inf210/project_part2.html HTTP/1.1"
2562	2025/03/07 15:58:47	"GET /uv2582fip2582inf210/project_part1.html HTTP/1.1"
2562	2025/02/19 16:29:14	"GET /uv2582fip2582inf210/lecture_xml.html HTTP/1.1"
2562	2025/02/19 16:30:31	"GET /uv2582fip2582inf210/index.html HTTP/1.1"
2562	2025/02/19 16:31:29	"GET /uv2582fip2582inf210/practice_json.html HTTP/1.1"
2562	2025/02/19 16:36:33	"GET /uv2582fip2582inf210/data_home.html HTTP/1.1"
2562	2025/03/01 13:50:06	"GET /uv2582fip2582inf210/index.html HTTP/1.1"
2562	2025/03/01 14:00:35	"GET /uv2582fip2582inf210/data_home.html HTTP/1.1"
2562	2025/03/01 14:00:38	"GET /uv2582fip2582inf210/lecture_modeling_normalization.html HTTP/1.1"
2562	2025/03/14 11:02:54	"GET /uv2582fip2582inf210/project_specifications.html HTTP/1.1"
2562	2025/03/14 11:06:53	"GET /uv2582fip2582inf210/project_part2.html HTTP/1.1"
2562	2025/02/18 08:09:13	"GET /uv2582fip2582inf210/practice_docker.html HTTP/1.1"
2562	2025/02/18 08:09:14	"GET /uv2582fip2582inf210/index.html HTTP/1.1"
2562	2025/02/18 08:11:04	"GET /uv2582fip2582inf210/web_architecture_home.html HTTP/1.1"
2562	2025/02/18 08:11:45	"GET /uv2582fip2582inf210/images/prerequisite_archiweb/prerequisite_archiweb_2025.html HTTP/1.1"
2562	2025/02/18 08:11:52	"GET /uv2582fip2582inf210/practice_jpa.html HTTP/1.1"
2562	2025/02/18 08:12:15	"GET /uv2582fip2582inf210/lecture_technical_architecture.html HTTP/1.1"
2562	2025/02/18 08:22:51	"GET /uv2582fip2582inf210/data_home.html HTTP/1.1"
2562	2025/02/18 08:22:52	"GET /uv2582fip2582inf210/images/prerequisite_data/prerequisite_data_2025.html HTTP/1.1"
2562	2025/02/18 08:23:05	"GET /uv2582fip2582inf210/lecture_modeling_normalization.html HTTP/1.1"
2562	2025/02/18 08:23:20	"GET /uv2582fip2582inf210/lecture_conceptual_modeling.html HTTP/1.1"
2562	2025/02/18 10:07:35	"GET /uv2582fip2582inf210/practice_spring_2tiers_ext.html HTTP/1.1"
2562	2025/02/18 11:08:58	"GET /uv2582fip2582inf210/practice_jpa_advanced.html HTTP/1.1"
2562	2025/03/13 10:04:54	"GET /uv2582fip2582inf210/project_specifications.html HTTP/1.1"
2562	2025/03/13 10:05:23	"GET /uv2582fip2582inf210/project_part2.html HTTP/1.1"
2562	2025/03/13 10:05:43	"GET /uv2582fip2582inf210/practice_docker.html HTTP/1.1"
2562	2025/03/06 08:08:12	"GET /uv2582fip2582inf210/project_presentation.html HTTP/1.1"
2562	2025/03/06 08:08:40	"GET /uv2582fip2582inf210/project_specifications.html HTTP/1.1"
2562	2025/03/06 08:08:50	"GET /uv2582fip2582inf210/project_evaluation.html HTTP/1.1"
2562	2025/03/06 08:13:29	"GET /uv2582fip2582inf210/project_task_time.html HTTP/1.1"
2562	2025/03/06 08:18:32	"GET /uv2582fip2582inf210/project_part1.html HTTP/1.1"
2562	2025/03/06 10:09:13	"GET /uv2582fip2582inf210/index.html HTTP/1.1"
2562	2025/03/06 10:09:15	"GET /uv2582fip2582inf210/data_home.html HTTP/1.1"
2562	2025/03/06 10:09:25	"GET /uv2582fip2582inf210/activity_normalization.html HTTP/1.1"
2562	2025/03/06 10:09:27	"GET /uv2582fip2582inf210/activity_decomposition.html HTTP/1.1"
2562	2025/03/06 10:09:30	"GET /uv2582fip2582inf210/activity_conceptual_modeling.html HTTP/1.1"
2562	2025/03/06 10:09:32	"GET /uv2582fip2582inf210/lecture_conceptual_modeling.html HTTP/1.1"
2562	2025/02/10 14:09:23	"GET /uv2582fip2582inf210/lecture_conceptual_modeling.html HTTP/1.1"
2562	2025/02/10 14:09:29	"GET /uv2582fip2582inf210/lecture_normalization.html HTTP/1.1"
2562	2025/02/10 14:46:27	"GET /uv2582fip2582inf210/activity_normalization.html HTTP/1.1"
2562	2025/02/10 15:16:03	"GET /uv2582fip2582inf210/activity_normalization_correction.html HTTP/1.1"
2562	2025/02/10 16:20:48	"GET /uv2582fip2582inf210/activity_decomposition.html HTTP/1.1"
2562	2025/01/20 08:14:16	"GET /uv2582fip2582inf210/technical_environment_home.html HTTP/1.1"
2562	2025/01/20 08:28:58	"GET /uv2582fip2582inf210/documentation_docker.html HTTP/1.1"
2562	2025/01/20 08:31:46	"GET /uv2582fip2582inf210/practice_docker.html HTTP/1.1"
2562	2025/01/20 08:38:41	"GET /uv2582fip2582inf210/practice_docker_advanced.html HTTP/1.1"
2562	2025/01/20 08:42:04	"GET /uv2582fip2582inf210/documentation_rdbms.html HTTP/1.1"
2562	2025/01/20 08:44:00	"GET /uv2582fip2582inf210/practice_postgresql.html HTTP/1.1"
2562	2025/01/20 08:48:52	"GET /uv2582fip2582inf210/documentation_programming.html HTTP/1.1"
2562	2025/01/20 08:49:37	"GET /uv2582fip2582inf210/inversion_of_control.html HTTP/1.1"
2562	2025/01/20 08:51:48	"GET /uv2582fip2582inf210/spring_bean.html HTTP/1.1"
2562	2025/01/20 08:52:14	"GET /uv2582fip2582inf210/practice_spring.html HTTP/1.1"
2562	2025/01/20 11:48:23	"GET /uv2582fip2582inf210/web_architecture_home.html HTTP/1.1"
2562	2025/01/20 14:16:18	"GET /uv2582fip2582inf210/documentation_rdbms.html HTTP/1.1"
2562	2025/01/20 14:25:09	"GET /uv2582fip2582inf210/documentation_docker.html HTTP/1.1"
2562	2025/01/20 14:25:09	"GET /uv2582fip2582inf210/practice_docker.html HTTP/1.1"
2562	2025/01/20 14:25:39	"GET /uv2582fip2582inf210/practice_postgresql.html HTTP/1.1"
2562	2025/01/20 14:38:37	"GET /uv2582fip2582inf210/documentation_programming.html HTTP/1.1"
2562	2025/01/20 14:49:32	"GET /uv2582fip2582inf210/practice_spring.html HTTP/1.1"
2562	2025/01/20 15:42:36	"GET /uv2582fip2582inf210/spring_bean.html HTTP/1.1"
2562	2025/01/20 15:42:41	"GET /uv2582fip2582inf210/inversion_of_control.html HTTP/1.1"
2562	2025/03/11 01:06:23	"GET /uv2582fip2582inf210/project_part2.html HTTP/1.1"
2562	2025/03/11 01:46:17	"GET /uv2582fip2582inf210/project_specifications.html HTTP/1.1"
2562	2025/03/04 08:12:11	"GET /uv2582fip2582inf210/practice_docker.html HTTP/1.1"
2562	2025/03/04 08:14:09	"GET /uv2582fip2582inf210/index.html HTTP/1.1"
2562	2025/03/04 08:16:20	"GET /uv2582fip2582inf210/technical_environment_home.html HTTP/1.1"
2562	2025/03/04 08:17:11	"GET /uv2582fip2582inf210/data_home.html HTTP/1.1"
2562	2025/03/04 08:17:57	"GET /uv2582fip2582inf210/lecture_db_integrity.html HTTP/1.1"
2562	2025/03/04 08:18:04	"GET /uv2582fip2582inf210/activity_relational_model.html HTTP/1.1"
2562	2025/03/04 08:22:07	"GET /uv2582fip2582inf210/lecture_modeling_normalization.html HTTP/1.1"
2562	2025/03/04 08:22:13	"GET /uv2582fip2582inf210/lecture_conceptual_modeling.html HTTP/1.1"
2562	2025/03/04 08:28:01	"GET /uv2582fip2582inf210/activity_conceptual_modeling.html HTTP/1.1"
2562	2025/03/04 08:28:02	"GET /uv2582fip2582inf210/activity_normalization.html HTTP/1.1"
2562	2025/03/04 08:37:38	"GET /uv2582fip2582inf210/activity_normalization_correction.html HTTP/1.1"
2562	2025/03/04 08:51:28	"GET /uv2582fip2582inf210/activity_decomposition.html HTTP/1.1"
2562	2025/02/08 13:18:06	"GET /uv2582fip2582inf210/practice_docker.html HTTP/1.1"
2562	2025/02/08 13:18:19	"GET /uv2582fip2582inf210/documentation_rdbms.html HTTP/1.1"
2562	2025/02/08 13:19:12	"GET /uv2582fip2582inf210/index.html HTTP/1.1"
2562	2025/02/08 13:19:22	"GET /uv2582fip2582inf210/data_home.html HTTP/1.1"
2562	2025/02/08 13:19:28	"GET /uv2582fip2582inf210/images/prerequisite_data/prerequisite_data_2025.html HTTP/1.1"
2562	2025/02/08 13:19:33	"GET /uv2582fip2582inf210/activity_relational_model.html HTTP/1.1"
2562	2025/02/08 13:19:59	"GET /uv2582fip2582inf210/lecture_relational_model.html HTTP/1.1"
2562	2025/02/08 13:20:13	"GET /uv2582fip2582inf210/lecture_db_integrity.html HTTP/1.1"
2562	2025/02/08 15:32:19	"GET /uv2582fip2582inf210/lecture_modeling_normalization.html HTTP/1.1"
2562	2025/02/08 15:50:05	"GET /uv2582fip2582inf210/lecture_conceptual_modeling.html HTTP/1.1"
2562	2025/02/08 15:50:10	"GET /uv2582fip2582inf210/lecture_normalization.html HTTP/1.1"
2562	2025/02/08 16:23:28	"GET /uv2582fip2582inf210/activity_conceptual_modeling.html HTTP/1.1"
2562	2025/02/08 17:44:56	"GET /uv2582fip2582inf210/activity_conceptual_modeling_correction.html HTTP/1.1"
2562	2025/03/16 13:49:38	"GET /uv2582fip2582inf210/project_part2.html HTTP/1.1"
2562	2025/03/16 13:49:45	"GET /uv2582fip2582inf210/project_part1.html HTTP/1.1"
2562	2025/03/16 13:49:51	"GET /uv2582fip2582inf210/project_specifications.html HTTP/1.1"
2562	2025/03/16 13:50:14	"GET /uv2582fip2582inf210/project_task_time.html HTTP/1.1"
2562	2025/03/16 13:50:19	"GET /uv2582fip2582inf210/project_presentation.html HTTP/1.1"
2562	2025/03/16 14:15:39	"GET /uv2582fip2582inf210/project_evaluation.html HTTP/1.1"
2562	2025/03/16 21:40:26	"GET /uv2582fip2582inf210/project_part3.html HTTP/1.1"
2562	2025/03/16 21:44:12	"GET /uv2582fip2582inf210/project_structureui.html HTTP/1.1"
2562	2025/03/17 15:57:21	"GET /uv2582fip2582inf210/project_specifications.html HTTP/1.1"
2562	2025/01/29 14:05:44	"GET /uv2582fip2582inf210/practice_docker.html HTTP/1.1"
2562	2025/01/29 14:05:49	"GET /uv2582fip2582inf210/index.html HTTP/1.1"
2562	2025/01/29 14:05:53	"GET /uv2582fip2582inf210/data_home.html HTTP/1.1"
2562	2025/01/29 14:06:28	"GET /uv2582fip2582inf210/images/prerequisite_data/prerequisite_data_2025.html HTTP/1.1"
2562	2025/01/29 14:07:20	"GET /uv2582fip2582inf210/lecture_relational_model.html HTTP/1.1"
2562	2025/01/29 14:16:50	"GET /uv2582fip2582inf210/lecture_db_integrity.html HTTP/1.1"
2562	2025/01/29 14:38:39	"GET /uv2582fip2582inf210/activity_relational_model.html HTTP/1.1"
2562	2025/01/29 16:22:06	"GET /uv2582fip2582inf210/activity_relational_model_correction.html HTTP/1.1"
2562	2025/03/05 14:13:13	"GET /uv2582fip2582inf210/index.html HTTP/1.1"
2562	2025/03/05 14:13:21	"GET /uv2582fip2582inf210/project_presentation.html HTTP/1.1"
2562	2025/03/05 14:13:24	"GET /uv2582fip2582inf210/web_architecture_home.html HTTP/1.1"
2562	2025/03/05 14:13:36	"GET /uv2582fip2582inf210/practice_spring_2tiers_ext.html HTTP/1.1"
2562	2025/03/05 14:20:03	"GET /uv2582fip2582inf210/lecture_dto.html HTTP/1.1"
2562	2025/03/05 16:16:31	"GET /uv2582fip2582inf210/documentation_docker.html HTTP/1.1"
2562	2025/03/10 23:15:31	"GET /uv2582fip2582inf210/practice_docker.html HTTP/1.1"
2562	2025/03/10 23:15:32	"GET /uv2582fip2582inf210/index.html HTTP/1.1"
2562	2025/03/10 23:15:34	"GET /uv2582fip2582inf210/project_presentation.html HTTP/1.1"
2562	2025/03/10 23:15:36	"GET /uv2582fip2582inf210/project_part1.html HTTP/1.1"
2562	2025/03/10 23:15:38	"GET /uv2582fip2582inf210/project_part2.html HTTP/1.1"
2562	2025/02/13 08:04:55	"GET /uv2582fip2582inf210/practice_docker.html HTTP/1.1"
2562	2025/02/13 08:04:58	"GET /uv2582fip2582inf210/index.html HTTP/1.1"
2562	2025/02/13 08:05:02	"GET /uv2582fip2582inf210/data_home.html HTTP/1.1"
2562	2025/02/13 08:05:04	"GET /uv2582fip2582inf210/images/prerequisite_data/prerequisite_data_2025.html HTTP/1.1"
2562	2025/02/13 08:08:13	"GET /uv2582fip2582inf210/web_architecture_home.html HTTP/1.1"
2562	2025/02/13 08:08:25	"GET /uv2582fip2582inf210/project_home.html HTTP/1.1"
2562	2025/02/13 08:08:41	"GET /uv2582fip2582inf210/technical_environment_home.html HTTP/1.1"
2562	2025/02/13 08:10:02	"GET /uv2582fip2582inf210/lecture_transaction.html HTTP/1.1"
2562	2025/02/13 08:10:03	"GET /uv2582fip2582inf210/practice_transaction.html HTTP/1.1"
2562	2025/02/13 08:10:12	"GET /uv2582fip2582inf210/practice_sql.html HTTP/1.1"
2562	2025/02/13 08:10:14	"GET /uv2582fip2582inf210/activity_sql.html HTTP/1.1"
2562	2025/02/13 08:42:16	"GET /uv2582fip2582inf210/documentation_docker.html HTTP/1.1"
2562	2025/02/13 08:47:10	"GET /uv2582fip2582inf210/practice_postgresql.html HTTP/1.1"
2562	2025/02/13 08:47:17	"GET /uv2582fip2582inf210/documentation_programming.html HTTP/1.1"
2562	2025/02/13 09:51:06	"GET /uv2582fip2582inf210/activity_sql_correction.html HTTP/1.1"
2562	2025/02/13 10:25:29	"GET /uv2582fip2582inf210/practice_sql_correction.html HTTP/1.1"
