2563	2025/03/24 09:13:50	"GET /uv2582fip2582inf210/web_architecture_home.html HTTP/1.1"
2563	2025/03/24 09:13:53	"GET /uv2582fip2582inf210/technical_environment_home.html HTTP/1.1"
2563	2025/03/24 09:13:55	"GET /uv2582fip2582inf210/data_home.html HTTP/1.1"
2563	2025/03/24 09:14:00	"GET /uv2582fip2582inf210/lecture_relational_model.html HTTP/1.1"
2563	2025/03/24 09:14:10	"GET /uv2582fip2582inf210/lecture_modeling_normalization.html HTTP/1.1"
2563	2025/03/24 09:14:14	"GET /uv2582fip2582inf210/activity_conceptual_modeling.html HTTP/1.1"
2563	2025/03/24 09:14:18	"GET /uv2582fip2582inf210/lecture_normalization.html HTTP/1.1"
2563	2025/03/24 09:14:56	"GET /uv2582fip2582inf210/lecture_db_integrity.html HTTP/1.1"
2563	2025/03/24 09:15:01	"GET /uv2582fip2582inf210/lecture_relational_algebra.html HTTP/1.1"
2563	2025/03/24 09:15:14	"GET /uv2582fip2582inf210/activity_relational_model.html HTTP/1.1"
2563	2025/02/21 15:40:03	"GET /uv2582fip2582inf210/web_architecture_home.html HTTP/1.1"
2563	2025/02/21 15:40:06	"GET /uv2582fip2582inf210/lecture_json.html HTTP/1.1"
2563	2025/02/21 15:46:41	"GET /uv2582fip2582inf210/practice_json.html HTTP/1.1"
2563	2025/02/21 15:47:06	"GET /uv2582fip2582inf210/practice_json.html HTTP/1.1"
2563	2025/03/28 19:48:31	"GET /uv2582fip2582inf210/project_presentation.html HTTP/1.1"
2563	2025/03/28 19:49:06	"GET /uv2582fip2582inf210/project_structureui.html HTTP/1.1"
2563	2025/03/28 19:49:15	"GET /uv2582fip2582inf210/project_part3.html HTTP/1.1"
2563	2025/03/28 19:49:31	"GET /uv2582fip2582inf210/project_task_time.html HTTP/1.1"
2563	2025/03/28 19:53:13	"GET /uv2582fip2582inf210/project_evaluation.html HTTP/1.1"
2563	2025/03/28 19:53:19	"GET /uv2582fip2582inf210/project_specifications.html HTTP/1.1"
2563	2025/03/28 19:54:20	"GET /uv2582fip2582inf210/index.html HTTP/1.1"
2563	2025/03/28 21:10:44	"GET /uv2582fip2582inf210/project_task_time.html HTTP/1.1"
2563	2025/02/25 11:04:03	"GET /uv2582fip2582inf210/web_architecture_home.html HTTP/1.1"
2563	2025/02/25 11:04:06	"GET /uv2582fip2582inf210/lecture_json.html HTTP/1.1"
2563	2025/02/25 11:36:51	"GET /uv2582fip2582inf210/web_architecture_home.html HTTP/1.1"
2563	2025/02/25 11:36:56	"GET /uv2582fip2582inf210/lecture_mvc_spring.html HTTP/1.1"
2563	2025/02/25 11:56:31	"GET /uv2582fip2582inf210/practice_spring_2tiers.html HTTP/1.1"
2563	2025/02/19 13:50:19	"GET /uv2582fip2582inf210/data_home.html HTTP/1.1"
2563	2025/02/19 13:50:23	"GET /uv2582fip2582inf210/web_architecture_home.html HTTP/1.1"
2563	2025/02/19 13:50:27	"GET /uv2582fip2582inf210/practice_jpa_advanced.html HTTP/1.1"
2563	2025/02/19 13:50:39	"GET /uv2582fip2582inf210/practice_jpa.html HTTP/1.1"
2563	2025/02/19 13:53:48	"GET /uv2582fip2582inf210/practice_spring_2tiers.html HTTP/1.1"
2563	2025/02/19 14:09:08	"GET /uv2582fip2582inf210/web_architecture_home.html HTTP/1.1"
2563	2025/02/19 14:09:13	"GET /uv2582fip2582inf210/practice_jpa_advanced.html HTTP/1.1"
2563	2025/02/19 14:53:07	"GET /uv2582fip2582inf210/lecture_xml.html HTTP/1.1"
2563	2025/02/19 15:04:59	"GET /uv2582fip2582inf210/lecture_validity.html HTTP/1.1"
2563	2025/02/19 15:05:08	"GET /uv2582fip2582inf210/practice_xml.html HTTP/1.1"
2563	2025/03/14 11:51:12	"GET /uv2582fip2582inf210/project_part2.html HTTP/1.1"
2563	2025/02/18 11:00:52	"GET /uv2582fip2582inf210/data_home.html HTTP/1.1"
2563	2025/02/18 11:00:55	"GET /uv2582fip2582inf210/web_architecture_home.html HTTP/1.1"
2563	2025/02/18 11:01:06	"GET /uv2582fip2582inf210/practice_spring_2tiers.html HTTP/1.1"
2563	2025/02/18 11:18:08	"GET /uv2582fip2582inf210/practice_jpa.html HTTP/1.1"
2563	2025/03/13 07:46:19	"GET /uv2582fip2582inf210/project_presentation.html HTTP/1.1"
2563	2025/03/13 07:46:21	"GET /uv2582fip2582inf210/project_part2.html HTTP/1.1"
2563	2025/03/06 08:07:55	"GET /uv2582fip2582inf210/project_presentation.html HTTP/1.1"
2563	2025/03/06 08:07:58	"GET /uv2582fip2582inf210/project_evaluation.html HTTP/1.1"
2563	2025/03/06 08:09:49	"GET /uv2582fip2582inf210/project_part1.html HTTP/1.1"
2563	2025/03/06 08:11:46	"GET /uv2582fip2582inf210/project_specifications.html HTTP/1.1"
2563	2025/03/06 08:45:03	"GET /uv2582fip2582inf210/project_presentation.html HTTP/1.1"
2563	2025/03/06 08:45:05	"GET /uv2582fip2582inf210/project_part1.html HTTP/1.1"
2563	2025/03/06 08:49:05	"GET /uv2582fip2582inf210/project_specifications.html HTTP/1.1"
2563	2025/02/10 14:03:33	"GET /uv2582fip2582inf210/data_home.html HTTP/1.1"
2563	2025/02/10 14:03:51	"GET /uv2582fip2582inf210/activity_conceptual_modeling_advanced.html HTTP/1.1"
2563	2025/02/10 14:04:11	"GET /uv2582fip2582inf210/lecture_normalization.html HTTP/1.1"
2563	2025/02/10 14:04:25	"GET /uv2582fip2582inf210/activity_decomposition.html HTTP/1.1"
2563	2025/02/10 14:32:45	"GET /uv2582fip2582inf210/activity_normalization.html HTTP/1.1"
2563	2025/02/10 14:51:50	"GET /uv2582fip2582inf210/activity_normalization_correction.html HTTP/1.1"
2563	2025/02/10 15:40:01	"GET /uv2582fip2582inf210/lecture_independence_views.html HTTP/1.1"
2563	2025/02/10 16:16:38	"GET /uv2582fip2582inf210/practice_independence_views.html HTTP/1.1"
2563	2025/02/10 16:19:25	"GET /uv2582fip2582inf210/activity_decomposition_correction.html HTTP/1.1"
2563	2025/01/20 11:37:46	"GET /uv2582fip2582inf210/technical_environment_home.html HTTP/1.1"
2563	2025/01/20 11:39:58	"GET /uv2582fip2582inf210/images/prerequisite_techenv/prerequisite_techenv_2025.html HTTP/1.1"
2563	2025/01/20 11:40:56	"GET /uv2582fip2582inf210/documentation_docker.html HTTP/1.1"
2563	2025/01/20 11:44:44	"GET /uv2582fip2582inf210/technical_environment_home.html HTTP/1.1"
2563	2025/01/20 11:44:51	"GET /uv2582fip2582inf210/documentation_docker.html HTTP/1.1"
2563	2025/01/20 11:56:59	"GET /uv2582fip2582inf210/practice_docker.html HTTP/1.1"
2563	2025/01/20 14:10:24	"GET /uv2582fip2582inf210/documentation_rdbms.html HTTP/1.1"
2563	2025/01/20 14:10:59	"GET /uv2582fip2582inf210/practice_postgresql.html HTTP/1.1"
2563	2025/01/20 14:15:23	"GET /uv2582fip2582inf210/practice_postgresql.html HTTP/1.1"
2563	2025/01/20 14:28:14	"GET /uv2582fip2582inf210/documentation_programming.html HTTP/1.1"
2563	2025/01/20 14:32:28	"GET /uv2582fip2582inf210/inversion_of_control.html HTTP/1.1"
2563	2025/01/20 14:33:33	"GET /uv2582fip2582inf210/spring_bean.html HTTP/1.1"
2563	2025/01/20 14:33:54	"GET /uv2582fip2582inf210/practice_spring.html HTTP/1.1"
2563	2025/03/11 07:56:19	"GET /uv2582fip2582inf210/project_presentation.html HTTP/1.1"
2563	2025/03/11 07:56:22	"GET /uv2582fip2582inf210/project_part2.html HTTP/1.1"
2563	2025/03/11 11:17:26	"GET /uv2582fip2582inf210/data_home.html HTTP/1.1"
2563	2025/03/11 11:17:28	"GET /uv2582fip2582inf210/project_presentation.html HTTP/1.1"
2563	2025/03/11 11:17:30	"GET /uv2582fip2582inf210/project_part2.html HTTP/1.1"
2563	2025/03/04 08:14:15	"GET /uv2582fip2582inf210/web_architecture_home.html HTTP/1.1"
2563	2025/03/04 08:14:19	"GET /uv2582fip2582inf210/lecture_mvc_spring.html HTTP/1.1"
2563	2025/03/04 08:14:45	"GET /uv2582fip2582inf210/data_home.html HTTP/1.1"
2563	2025/03/04 08:14:48	"GET /uv2582fip2582inf210/lecture_modeling_normalization.html HTTP/1.1"
2563	2025/03/04 08:14:49	"GET /uv2582fip2582inf210/lecture_conceptual_modeling.html HTTP/1.1"
2563	2025/01/29 14:05:33	"GET /uv2582fip2582inf210/data_home.html HTTP/1.1"
2563	2025/01/29 14:06:24	"GET /uv2582fip2582inf210/data_home.html HTTP/1.1"
2563	2025/01/29 14:06:26	"GET /uv2582fip2582inf210/images/prerequisite_data/prerequisite_data_2025.html HTTP/1.1"
2563	2025/01/29 14:06:59	"GET /uv2582fip2582inf210/lecture_relational_model.html HTTP/1.1"
2563	2025/01/29 14:09:19	"GET /uv2582fip2582inf210/lecture_db_integrity.html HTTP/1.1"
2563	2025/01/29 14:09:34	"GET /uv2582fip2582inf210/lecture_relational_algebra.html HTTP/1.1"
2563	2025/01/29 14:10:10	"GET /uv2582fip2582inf210/activity_relational_model.html HTTP/1.1"
2563	2025/01/29 15:42:26	"GET /uv2582fip2582inf210/lecture_modeling_normalization.html HTTP/1.1"
2563	2025/01/29 15:43:12	"GET /uv2582fip2582inf210/index.html HTTP/1.1"
2563	2025/01/29 15:43:18	"GET /uv2582fip2582inf210/technical_environment_home.html HTTP/1.1"
2563	2025/01/29 15:53:09	"GET /uv2582fip2582inf210/lecture_conceptual_modeling.html HTTP/1.1"
2563	2025/01/29 15:53:18	"GET /uv2582fip2582inf210/activity_conceptual_modeling.html HTTP/1.1"
2563	2025/01/29 16:14:40	"GET /uv2582fip2582inf210/lecture_conceptual_modeling.html HTTP/1.1"
2563	2025/01/29 16:38:11	"GET /uv2582fip2582inf210/activity_conceptual_modeling_correction.html HTTP/1.1"
2563	2025/03/05 13:51:04	"GET /uv2582fip2582inf210/web_architecture_home.html HTTP/1.1"
2563	2025/03/05 13:51:16	"GET /uv2582fip2582inf210/data_home.html HTTP/1.1"
2563	2025/03/05 14:02:31	"GET /uv2582fip2582inf210/practice_spring_2tiers_ext.html HTTP/1.1"
2563	2025/02/13 08:08:28	"GET /uv2582fip2582inf210/web_architecture_home.html HTTP/1.1"
2563	2025/02/13 08:08:35	"GET /uv2582fip2582inf210/data_home.html HTTP/1.1"
2563	2025/02/13 08:10:17	"GET /uv2582fip2582inf210/activity_sql.html HTTP/1.1"
2563	2025/02/13 08:13:49	"GET /uv2582fip2582inf210/practice_sql.html HTTP/1.1"
2563	2025/02/13 08:20:00	"GET /uv2582fip2582inf210/data_home.html HTTP/1.1"
2563	2025/02/13 08:20:11	"GET /uv2582fip2582inf210/practice_advanced_sql.html HTTP/1.1"
2563	2025/02/13 08:20:13	"GET /uv2582fip2582inf210/practice_sql.html HTTP/1.1"
2563	2025/02/13 09:28:54	"GET /uv2582fip2582inf210/practice_advanced_sql.html HTTP/1.1"
2563	2025/02/13 09:47:27	"GET /uv2582fip2582inf210/lecture_transaction.html HTTP/1.1"
2563	2025/02/13 09:47:31	"GET /uv2582fip2582inf210/practice_transaction.html HTTP/1.1"
2563	2025/02/13 09:51:37	"GET /uv2582fip2582inf210/practice_transaction.html HTTP/1.1"
2563	2025/02/13 09:51:41	"GET /uv2582fip2582inf210/lecture_transaction.html HTTP/1.1"
2563	2025/03/18 09:21:08	"GET /uv2582fip2582inf210/project_presentation.html HTTP/1.1"
2563	2025/03/18 09:21:11	"GET /uv2582fip2582inf210/project_part3.html HTTP/1.1"
2563	2025/03/18 09:30:37	"GET /uv2582fip2582inf210/project_part3.html HTTP/1.1"
