2564	2025/02/27 08:25:31	"GET /uv2582fip2582inf210/project_presentation.html HTTP/1.1"
2564	2025/02/27 08:25:40	"GET /uv2582fip2582inf210/web_architecture_home.html HTTP/1.1"
2564	2025/02/27 08:25:43	"GET /uv2582fip2582inf210/lecture_mvc_spring.html HTTP/1.1"
2564	2025/02/27 08:31:06	"GET /uv2582fip2582inf210/lecture_technical_architecture.html HTTP/1.1"
2564	2025/02/27 08:35:25	"GET /uv2582fip2582inf210/lecture_jpa.html HTTP/1.1"
2564	2025/02/27 08:57:15	"GET /uv2582fip2582inf210/practice_jpa.html HTTP/1.1"
2564	2025/02/27 10:13:28	"GET /uv2582fip2582inf210/practice_jpa_advanced.html HTTP/1.1"
2564	2025/02/27 10:13:36	"GET /uv2582fip2582inf210/practice_spring_2tiers_ext.html HTTP/1.1"
2564	2025/02/27 10:13:38	"GET /uv2582fip2582inf210/practice_spring_2tiers.html HTTP/1.1"
2564	2025/02/27 11:50:30	"GET /uv2582fip2582inf210/practice_spring_2tiers.html HTTP/1.1"
2564	2025/02/27 13:51:49	"GET /uv2582fip2582inf210/practice_spring_2tiers.html HTTP/1.1"
2564	2025/02/21 14:11:25	"GET /uv2582fip2582inf210/technical_environment_home.html HTTP/1.1"
2564	2025/02/21 14:11:32	"GET /uv2582fip2582inf210/documentation_rdbms.html HTTP/1.1"
2564	2025/02/21 14:11:36	"GET /uv2582fip2582inf210/practice_postgresql.html HTTP/1.1"
2564	2025/02/21 14:11:44	"GET /uv2582fip2582inf210/documentation_docker.html HTTP/1.1"
2564	2025/02/21 14:11:48	"GET /uv2582fip2582inf210/images/prerequisite_techenv/prerequisite_techenv_2025.html HTTP/1.1"
2564	2025/02/21 15:57:28	"GET /uv2582fip2582inf210/spring_bean.html HTTP/1.1"
2564	2025/02/21 15:57:31	"GET /uv2582fip2582inf210/practice_docker.html HTTP/1.1"
2564	2025/02/21 15:57:34	"GET /uv2582fip2582inf210/practice_docker_advanced.html HTTP/1.1"
2564	2025/02/21 15:57:41	"GET /uv2582fip2582inf210/practice_spring.html HTTP/1.1"
2564	2025/02/21 15:57:42	"GET /uv2582fip2582inf210/inversion_of_control.html HTTP/1.1"
2564	2025/02/21 15:57:42	"GET /uv2582fip2582inf210/documentation_programming.html HTTP/1.1"
2564	2025/02/21 15:58:03	"GET /uv2582fip2582inf210/index.html HTTP/1.1"
2564	2025/02/21 15:58:15	"GET /uv2582fip2582inf210/lecture_json.html HTTP/1.1"
2564	2025/02/21 16:36:37	"GET /uv2582fip2582inf210/practice_json.html HTTP/1.1"
2564	2025/03/20 02:22:38	"GET /uv2582fip2582inf210/data_home.html HTTP/1.1"
2564	2025/03/20 02:22:41	"GET /uv2582fip2582inf210/project_presentation.html HTTP/1.1"
2564	2025/03/20 02:22:42	"GET /uv2582fip2582inf210/project_part2.html HTTP/1.1"
2564	2025/03/07 15:52:18	"GET /uv2582fip2582inf210/project_presentation.html HTTP/1.1"
2564	2025/03/07 15:52:22	"GET /uv2582fip2582inf210/project_part1.html HTTP/1.1"
2564	2025/03/07 16:23:17	"GET /uv2582fip2582inf210/project_specifications.html HTTP/1.1"
2564	2025/03/07 16:33:07	"GET /uv2582fip2582inf210/project_part2.html HTTP/1.1"
2564	2025/02/19 14:07:59	"GET /uv2582fip2582inf210/data_home.html HTTP/1.1"
2564	2025/02/19 14:08:02	"GET /uv2582fip2582inf210/project_home.html HTTP/1.1"
2564	2025/02/19 14:08:06	"GET /uv2582fip2582inf210/web_architecture_home.html HTTP/1.1"
2564	2025/02/19 14:08:14	"GET /uv2582fip2582inf210/lecture_mvc_spring.html HTTP/1.1"
2564	2025/02/19 14:08:56	"GET /uv2582fip2582inf210/practice_xml.html HTTP/1.1"
2564	2025/02/19 14:20:59	"GET /uv2582fip2582inf210/lecture_xml.html HTTP/1.1"
2564	2025/03/14 10:39:31	"GET /uv2582fip2582inf210/project_part2.html HTTP/1.1"
2564	2025/03/14 13:54:38	"GET /uv2582fip2582inf210/project_part1.html HTTP/1.1"
2564	2025/03/14 18:13:17	"GET /uv2582fip2582inf210/project_part3.html HTTP/1.1"
2564	2025/03/14 18:13:51	"GET /uv2582fip2582inf210/project_structureui.html HTTP/1.1"
2564	2025/02/18 11:18:03	"GET /uv2582fip2582inf210/data_home.html HTTP/1.1"
2564	2025/02/18 11:18:07	"GET /uv2582fip2582inf210/images/prerequisite_data/prerequisite_data_2025.html HTTP/1.1"
2564	2025/03/13 09:07:40	"GET /uv2582fip2582inf210/project_part2.html HTTP/1.1"
2564	2025/03/13 10:05:42	"GET /uv2582fip2582inf210/project_part1.html HTTP/1.1"
2564	2025/03/06 08:11:21	"GET /uv2582fip2582inf210/project_presentation.html HTTP/1.1"
2564	2025/03/06 08:11:38	"GET /uv2582fip2582inf210/project_part1.html HTTP/1.1"
2564	2025/03/06 08:11:50	"GET /uv2582fip2582inf210/project_specifications.html HTTP/1.1"
2564	2025/02/10 14:06:06	"GET /uv2582fip2582inf210/web_architecture_home.html HTTP/1.1"
2564	2025/02/10 14:06:11	"GET /uv2582fip2582inf210/technical_environment_home.html HTTP/1.1"
2564	2025/02/10 14:06:16	"GET /uv2582fip2582inf210/data_home.html HTTP/1.1"
2564	2025/02/10 14:06:19	"GET /uv2582fip2582inf210/images/prerequisite_data/prerequisite_data_2025.html HTTP/1.1"
2564	2025/02/10 14:06:28	"GET /uv2582fip2582inf210/lecture_normalization.html HTTP/1.1"
2564	2025/02/10 14:08:24	"GET /uv2582fip2582inf210/activity_sql.html HTTP/1.1"
2564	2025/02/10 14:11:42	"GET /uv2582fip2582inf210/activity_sql_correction.html HTTP/1.1"
2564	2025/02/10 14:18:39	"GET /uv2582fip2582inf210/practice_sql.html HTTP/1.1"
2564	2025/02/10 14:38:38	"GET /uv2582fip2582inf210/documentation_rdbms.html HTTP/1.1"
2564	2025/02/10 14:39:10	"GET /uv2582fip2582inf210/practice_postgresql.html HTTP/1.1"
2564	2025/02/10 14:54:46	"GET /uv2582fip2582inf210/practice_sql_correction.html HTTP/1.1"
2564	2025/03/11 08:10:58	"GET /uv2582fip2582inf210/project_presentation.html HTTP/1.1"
2564	2025/03/11 08:11:00	"GET /uv2582fip2582inf210/project_part2.html HTTP/1.1"
2564	2025/03/04 08:09:20	"GET /uv2582fip2582inf210/project_presentation.html HTTP/1.1"
2564	2025/03/04 08:09:35	"GET /uv2582fip2582inf210/practice_transaction.html HTTP/1.1"
2564	2025/03/04 08:55:17	"GET /uv2582fip2582inf210/technical_environment_home.html HTTP/1.1"
2564	2025/03/03 19:32:45	"GET /uv2582fip2582inf210/lecture_xml.html HTTP/1.1"
2564	2025/03/03 19:32:50	"GET /uv2582fip2582inf210/lecture_validity.html HTTP/1.1"
2564	2025/03/03 19:33:01	"GET /uv2582fip2582inf210/lecture_parser.html HTTP/1.1"
2564	2025/03/03 19:33:07	"GET /uv2582fip2582inf210/lecture_technical_architecture.html HTTP/1.1"
2564	2025/03/03 19:33:13	"GET /uv2582fip2582inf210/index.html HTTP/1.1"
2564	2025/03/03 19:33:17	"GET /uv2582fip2582inf210/images/prerequisite_archiweb/prerequisite_archiweb_2025.html HTTP/1.1"
2564	2025/03/03 19:33:20	"GET /uv2582fip2582inf210/practice_xml.html HTTP/1.1"
2564	2025/03/03 19:33:41	"GET /uv2582fip2582inf210/practice_schema_xml.html HTTP/1.1"
2564	2025/03/03 19:36:16	"GET /uv2582fip2582inf210/data_home.html HTTP/1.1"
2564	2025/03/03 19:36:18	"GET /uv2582fip2582inf210/lecture_relational_model.html HTTP/1.1"
2564	2025/03/03 19:36:35	"GET /uv2582fip2582inf210/lecture_db_integrity.html HTTP/1.1"
2564	2025/03/03 19:37:06	"GET /uv2582fip2582inf210/lecture_relational_algebra.html HTTP/1.1"
2564	2025/03/03 19:37:29	"GET /uv2582fip2582inf210/images/prerequisite_data/prerequisite_data_2025.html HTTP/1.1"
2564	2025/03/03 19:37:44	"GET /uv2582fip2582inf210/lecture_modeling_normalization.html HTTP/1.1"
2564	2025/03/03 19:37:55	"GET /uv2582fip2582inf210/lecture_conceptual_modeling.html HTTP/1.1"
2564	2025/03/03 19:39:09	"GET /uv2582fip2582inf210/activity_conceptual_modeling.html HTTP/1.1"
2564	2025/03/03 19:39:30	"GET /uv2582fip2582inf210/activity_conceptual_modeling_correction.html HTTP/1.1"
2564	2025/03/03 19:40:33	"GET /uv2582fip2582inf210/activity_conceptual_modeling_advanced.html HTTP/1.1"
2564	2025/03/03 19:40:37	"GET /uv2582fip2582inf210/activity_conceptual_modeling_advanced_correction.html HTTP/1.1"
2564	2025/03/03 19:40:56	"GET /uv2582fip2582inf210/lecture_normalization.html HTTP/1.1"
2564	2025/03/03 19:42:35	"GET /uv2582fip2582inf210/lecture_relation_model.html HTTP/1.1"
2564	2025/03/03 19:42:40	"GET /uv2582fip2582inf210/lecture_sql.html HTTP/1.1"
2564	2025/03/17 14:04:53	"GET /uv2582fip2582inf210/project_presentation.html HTTP/1.1"
2564	2025/03/17 14:04:56	"GET /uv2582fip2582inf210/project_part2.html HTTP/1.1"
2564	2025/03/17 14:11:47	"GET /uv2582fip2582inf210/project_part3.html HTTP/1.1"
2564	2025/03/17 14:12:23	"GET /uv2582fip2582inf210/project_structureui.html HTTP/1.1"
2564	2025/03/17 15:34:26	"GET /uv2582fip2582inf210/project_specifications.html HTTP/1.1"
2564	2025/03/02 11:22:17	"GET /uv2582fip2582inf210/technical_environment_home.html HTTP/1.1"
2564	2025/03/02 11:22:21	"GET /uv2582fip2582inf210/images/prerequisite_techenv/prerequisite_techenv_2025.html HTTP/1.1"
2564	2025/03/02 11:23:58	"GET /uv2582fip2582inf210/documentation_docker.html HTTP/1.1"
2564	2025/03/02 11:25:12	"GET /uv2582fip2582inf210/practice_docker.html HTTP/1.1"
2564	2025/03/02 11:30:06	"GET /uv2582fip2582inf210/documentation_rdbms.html HTTP/1.1"
2564	2025/03/02 11:30:08	"GET /uv2582fip2582inf210/practice_postgresql.html HTTP/1.1"
2564	2025/03/02 11:38:32	"GET /uv2582fip2582inf210/documentation_programming.html HTTP/1.1"
2564	2025/03/02 11:44:42	"GET /uv2582fip2582inf210/spring_bean.html HTTP/1.1"
2564	2025/03/02 11:45:38	"GET /uv2582fip2582inf210/inversion_of_control.html HTTP/1.1"
2564	2025/03/02 11:48:41	"GET /uv2582fip2582inf210/practice_spring.html HTTP/1.1"
2564	2025/03/02 11:51:57	"GET /uv2582fip2582inf210/index.html HTTP/1.1"
2564	2025/03/02 11:51:59	"GET /uv2582fip2582inf210/web_architecture_home.html HTTP/1.1"
2564	2025/03/02 11:52:06	"GET /uv2582fip2582inf210/data_home.html HTTP/1.1"
2564	2025/03/02 11:52:12	"GET /uv2582fip2582inf210/project_presentation.html HTTP/1.1"
2564	2025/03/02 14:20:29	"GET /uv2582fip2582inf210/practice_spring.html HTTP/1.1"
2564	2025/03/02 14:20:31	"GET /uv2582fip2582inf210/spring_bean.html HTTP/1.1"
2564	2025/03/02 14:20:31	"GET /uv2582fip2582inf210/web_architecture_home.html HTTP/1.1"
2564	2025/03/02 14:25:37	"GET /uv2582fip2582inf210/images/prerequisite_techenv/prerequisite_techenv_2025.html HTTP/1.1"
2564	2025/03/02 14:30:43	"GET /uv2582fip2582inf210/images/prerequisite_archiweb/prerequisite_archiweb_2025.html HTTP/1.1"
2564	2025/03/02 14:31:19	"GET /uv2582fip2582inf210/lecture_technical_architecture.html HTTP/1.1"
2564	2025/03/02 14:33:15	"GET /uv2582fip2582inf210/lecture_software_architecture.html HTTP/1.1"
2564	2025/03/02 14:35:13	"GET /uv2582fip2582inf210/lecture_mvc_spring.html HTTP/1.1"
2564	2025/03/02 14:39:16	"GET /uv2582fip2582inf210/practice_spring_2tiers.html HTTP/1.1"
2564	2025/03/02 14:41:45	"GET /uv2582fip2582inf210/practice_spring_2tiers_ext.html HTTP/1.1"
2564	2025/01/29 14:19:30	"GET /uv2582fip2582inf210/technical_environment_home.html HTTP/1.1"
2564	2025/01/29 14:19:32	"GET /uv2582fip2582inf210/images/prerequisite_techenv/prerequisite_techenv_2025.html HTTP/1.1"
2564	2025/01/29 14:20:49	"GET /uv2582fip2582inf210/inversion_of_control.html HTTP/1.1"
2564	2025/01/29 14:30:07	"GET /uv2582fip2582inf210/documentation_rdbms.html HTTP/1.1"
2564	2025/01/29 14:30:20	"GET /uv2582fip2582inf210/index.html HTTP/1.1"
2564	2025/01/29 14:30:24	"GET /uv2582fip2582inf210/web_architecture_home.html HTTP/1.1"
2564	2025/01/29 14:30:31	"GET /uv2582fip2582inf210/data_home.html HTTP/1.1"
2564	2025/01/29 14:30:47	"GET /uv2582fip2582inf210/images/prerequisite_data/prerequisite_data_2025.html HTTP/1.1"
2564	2025/01/29 14:31:43	"GET /uv2582fip2582inf210/lecture_relational_model.html HTTP/1.1"
2564	2025/01/29 14:33:16	"GET /uv2582fip2582inf210/lecture_db_integrity.html HTTP/1.1"
2564	2025/01/29 14:34:09	"GET /uv2582fip2582inf210/activity_relational_model.html HTTP/1.1"
2564	2025/01/29 14:42:13	"GET /uv2582fip2582inf210/activity_relational_model_correction.html HTTP/1.1"
2564	2025/01/29 14:43:36	"GET /uv2582fip2582inf210/lecture_modeling_normalization.html HTTP/1.1"
2564	2025/01/29 14:48:42	"GET /uv2582fip2582inf210/lecture_conceptual_modeling.html HTTP/1.1"
2564	2025/01/29 16:00:06	"GET /uv2582fip2582inf210/activity_conceptual_modeling.html HTTP/1.1"
2564	2025/01/29 16:15:19	"GET /uv2582fip2582inf210/activity_conceptual_modeling_correction.html HTTP/1.1"
2564	2025/03/05 14:19:27	"GET /uv2582fip2582inf210/web_architecture_home.html HTTP/1.1"
2564	2025/03/05 14:19:31	"GET /uv2582fip2582inf210/images/prerequisite_archiweb/prerequisite_archiweb_2025.html HTTP/1.1"
2564	2025/03/05 14:19:37	"GET /uv2582fip2582inf210/practice_spring_2tiers_ext.html HTTP/1.1"
2564	2025/03/05 14:20:18	"GET /uv2582fip2582inf210/practice_spring_2tiers.html HTTP/1.1"
2564	2025/03/05 14:21:31	"GET /uv2582fip2582inf210/index.html HTTP/1.1"
2564	2025/03/05 14:21:34	"GET /uv2582fip2582inf210/technical_environment_home.html HTTP/1.1"
2564	2025/03/05 14:24:20	"GET /uv2582fip2582inf210/lecture_dto.html HTTP/1.1"
2564	2025/03/05 14:27:37	"GET /uv2582fip2582inf210/lecture_xml.html HTTP/1.1"
2564	2025/02/13 08:46:27	"GET /uv2582fip2582inf210/data_home.html HTTP/1.1"
2564	2025/02/13 08:46:32	"GET /uv2582fip2582inf210/images/prerequisite_data/prerequisite_data_2025.html HTTP/1.1"
2564	2025/02/13 08:46:35	"GET /uv2582fip2582inf210/practice_advanced_sql.html HTTP/1.1"
2564	2025/02/13 08:46:40	"GET /uv2582fip2582inf210/practice_sql.html HTTP/1.1"
2564	2025/02/13 08:46:46	"GET /uv2582fip2582inf210/practice_sql_correction.html HTTP/1.1"
2564	2025/02/13 10:09:56	"GET /uv2582fip2582inf210/activity_sql.html HTTP/1.1"
2564	2025/02/13 10:10:01	"GET /uv2582fip2582inf210/activity_sql_correction.html HTTP/1.1"
2564	2025/02/13 10:23:56	"GET /uv2582fip2582inf210/practice_advanced_sql.html HTTP/1.1"
2564	2025/02/13 10:24:24	"GET /uv2582fip2582inf210/lecture_transaction.html HTTP/1.1"
2564	2025/02/13 10:25:54	"GET /uv2582fip2582inf210/practice_transaction.html HTTP/1.1"
2564	2025/03/18 09:54:09	"GET /uv2582fip2582inf210/project_specifications.html HTTP/1.1"
2564	2025/03/18 09:54:12	"GET /uv2582fip2582inf210/project_part3.html HTTP/1.1"
2564	2025/03/18 09:55:37	"GET /uv2582fip2582inf210/project_presentation.html HTTP/1.1"
2564	2025/03/18 09:55:42	"GET /uv2582fip2582inf210/project_evaluation.html HTTP/1.1"
2564	2025/03/18 09:56:12	"GET /uv2582fip2582inf210/project_task_time.html HTTP/1.1"
2564	2025/03/19 00:35:23	"GET /uv2582fip2582inf210/project_part3.html HTTP/1.1"
