2565	2025/02/27 08:19:50	"GET /uv2582fip2582inf210/web_architecture_home.html HTTP/1.1"
2565	2025/02/27 08:19:57	"GET /uv2582fip2582inf210/lecture_mvc_spring.html HTTP/1.1"
2565	2025/02/27 08:36:53	"GET /uv2582fip2582inf210/lecture_jpa.html HTTP/1.1"
2565	2025/02/27 08:36:57	"GET /uv2582fip2582inf210/practice_spring_2tiers.html HTTP/1.1"
2565	2025/02/27 09:42:13	"GET /uv2582fip2582inf210/practice_spring_2tiers.html HTTP/1.1"
2565	2025/02/21 15:52:30	"GET /uv2582fip2582inf210/web_architecture_home.html HTTP/1.1"
2565	2025/02/21 15:52:50	"GET /uv2582fip2582inf210/practice_json.html HTTP/1.1"
2565	2025/02/21 15:55:43	"GET /uv2582fip2582inf210/lecture_json.html HTTP/1.1"
2565	2025/02/21 16:37:57	"GET /uv2582fip2582inf210/lecture_validity.html HTTP/1.1"
2565	2025/03/28 21:11:34	"GET /uv2582fip2582inf210/project_presentation.html HTTP/1.1"
2565	2025/03/28 21:11:37	"GET /uv2582fip2582inf210/project_task_time.html HTTP/1.1"
2565	2025/02/25 11:56:47	"GET /uv2582fip2582inf210/web_architecture_home.html HTTP/1.1"
2565	2025/02/25 11:58:07	"GET /uv2582fip2582inf210/practice_spring_2tiers.html HTTP/1.1"
2565	2025/03/07 15:36:26	"GET /uv2582fip2582inf210/project_presentation.html HTTP/1.1"
2565	2025/03/07 15:36:37	"GET /uv2582fip2582inf210/project_part1.html HTTP/1.1"
2565	2025/03/07 16:34:53	"GET /uv2582fip2582inf210/project_part2.html HTTP/1.1"
2565	2025/02/19 14:08:46	"GET /uv2582fip2582inf210/data_home.html HTTP/1.1"
2565	2025/02/19 14:08:51	"GET /uv2582fip2582inf210/web_architecture_home.html HTTP/1.1"
2565	2025/02/19 14:08:57	"GET /uv2582fip2582inf210/practice_jpa_advanced.html HTTP/1.1"
2565	2025/02/19 14:55:56	"GET /uv2582fip2582inf210/lecture_xml.html HTTP/1.1"
2565	2025/03/14 01:56:53	"GET /uv2582fip2582inf210/project_presentation.html HTTP/1.1"
2565	2025/03/14 01:56:57	"GET /uv2582fip2582inf210/project_part2.html HTTP/1.1"
2565	2025/03/14 17:50:32	"GET /uv2582fip2582inf210/project_presentation.html HTTP/1.1"
2565	2025/03/14 17:50:36	"GET /uv2582fip2582inf210/project_part2.html HTTP/1.1"
2565	2025/02/18 11:17:54	"GET /uv2582fip2582inf210/project_home.html HTTP/1.1"
2565	2025/02/18 11:17:57	"GET /uv2582fip2582inf210/data_home.html HTTP/1.1"
2565	2025/02/18 11:18:06	"GET /uv2582fip2582inf210/practice_transaction.html HTTP/1.1"
2565	2025/02/18 11:18:10	"GET /uv2582fip2582inf210/lecture_isolation.html HTTP/1.1"
2565	2025/02/18 11:19:33	"GET /uv2582fip2582inf210/index.html HTTP/1.1"
2565	2025/02/18 11:20:24	"GET /uv2582fip2582inf210/web_architecture_home.html HTTP/1.1"
2565	2025/02/18 11:20:29	"GET /uv2582fip2582inf210/practice_jpa.html HTTP/1.1"
2565	2025/02/18 11:37:14	"GET /uv2582fip2582inf210/practice_jpa_advanced.html HTTP/1.1"
2565	2025/03/13 09:42:56	"GET /uv2582fip2582inf210/project_part2.html HTTP/1.1"
2565	2025/03/06 08:05:36	"GET /uv2582fip2582inf210/practice_spring_2tiers_ext.html HTTP/1.1"
2565	2025/03/06 08:07:36	"GET /uv2582fip2582inf210/index.html HTTP/1.1"
2565	2025/03/06 08:07:39	"GET /uv2582fip2582inf210/project_presentation.html HTTP/1.1"
2565	2025/03/06 08:11:09	"GET /uv2582fip2582inf210/project_evaluation.html HTTP/1.1"
2565	2025/03/06 08:13:01	"GET /uv2582fip2582inf210/project_specifications.html HTTP/1.1"
2565	2025/03/06 08:21:34	"GET /uv2582fip2582inf210/project_part1.html HTTP/1.1"
2565	2025/02/10 14:02:39	"GET /uv2582fip2582inf210/data_home.html HTTP/1.1"
2565	2025/02/10 14:06:34	"GET /uv2582fip2582inf210/images/prerequisite_data/prerequisite_data_2025.html HTTP/1.1"
2565	2025/02/10 14:06:38	"GET /uv2582fip2582inf210/lecture_modeling_normalization.html HTTP/1.1"
2565	2025/02/10 14:09:33	"GET /uv2582fip2582inf210/activity_conceptual_modeling.html HTTP/1.1"
2565	2025/02/10 14:17:39	"GET /uv2582fip2582inf210/activity_conceptual_modeling_correction.html HTTP/1.1"
2565	2025/02/10 14:17:48	"GET /uv2582fip2582inf210/activity_normalization.html HTTP/1.1"
2565	2025/02/10 14:18:11	"GET /uv2582fip2582inf210/activity_normalization_correction.html HTTP/1.1"
2565	2025/02/10 15:01:00	"GET /uv2582fip2582inf210/practice_sql.html HTTP/1.1"
2565	2025/02/10 15:01:08	"GET /uv2582fip2582inf210/activity_sql.html HTTP/1.1"
2565	2025/02/10 15:04:32	"GET /uv2582fip2582inf210/activity_decomposition.html HTTP/1.1"
2565	2025/02/10 15:39:42	"GET /uv2582fip2582inf210/activity_decomposition_correction.html HTTP/1.1"
2565	2025/03/19 08:27:16	"GET /uv2582fip2582inf210/project_evaluation.html HTTP/1.1"
2565	2025/01/20 11:46:44	"GET /uv2582fip2582inf210/technical_environment_home.html HTTP/1.1"
2565	2025/01/20 14:10:03	"GET /uv2582fip2582inf210/documentation_docker.html HTTP/1.1"
2565	2025/01/20 14:23:48	"GET /uv2582fip2582inf210/practice_docker.html HTTP/1.1"
2565	2025/01/20 14:42:53	"GET /uv2582fip2582inf210/practice_postgresql.html HTTP/1.1"
2565	2025/01/20 14:50:01	"GET /uv2582fip2582inf210/documentation_programming.html HTTP/1.1"
2565	2025/01/20 14:51:16	"GET /uv2582fip2582inf210/practice_spring.html HTTP/1.1"
2565	2025/03/11 08:13:17	"GET /uv2582fip2582inf210/project_presentation.html HTTP/1.1"
2565	2025/03/11 08:13:21	"GET /uv2582fip2582inf210/project_part2.html HTTP/1.1"
2565	2025/03/04 08:15:58	"GET /uv2582fip2582inf210/lecture_normalization.html HTTP/1.1"
2565	2025/03/04 08:19:35	"GET /uv2582fip2582inf210/lecture_conceptual_modeling.html HTTP/1.1"
2565	2025/03/03 22:19:52	"GET /uv2582fip2582inf210/lecture_normalization.html HTTP/1.1"
2565	2025/01/29 14:07:37	"GET /uv2582fip2582inf210/technical_environment_home.html HTTP/1.1"
2565	2025/01/29 14:07:48	"GET /uv2582fip2582inf210/index.html HTTP/1.1"
2565	2025/01/29 14:07:51	"GET /uv2582fip2582inf210/project_home.html HTTP/1.1"
2565	2025/01/29 14:07:58	"GET /uv2582fip2582inf210/web_architecture_home.html HTTP/1.1"
2565	2025/01/29 14:08:12	"GET /uv2582fip2582inf210/data_home.html HTTP/1.1"
2565	2025/01/29 14:08:33	"GET /uv2582fip2582inf210/lecture_relational_model.html HTTP/1.1"
2565	2025/01/29 14:09:20	"GET /uv2582fip2582inf210/lecture_db_integrity.html HTTP/1.1"
2565	2025/01/29 14:09:29	"GET /uv2582fip2582inf210/activity_relational_model.html HTTP/1.1"
2565	2025/01/29 16:13:42	"GET /uv2582fip2582inf210/activity_conceptual_modeling.html HTTP/1.1"
2565	2025/01/29 16:13:55	"GET /uv2582fip2582inf210/activity_conceptual_modeling_correction.html HTTP/1.1"
2565	2025/03/05 14:04:53	"GET /uv2582fip2582inf210/project_presentation.html HTTP/1.1"
2565	2025/03/05 14:05:21	"GET /uv2582fip2582inf210/project_part1.html HTTP/1.1"
2565	2025/03/05 14:10:43	"GET /uv2582fip2582inf210/web_architecture_home.html HTTP/1.1"
2565	2025/03/05 14:10:50	"GET /uv2582fip2582inf210/practice_spring_2tiers_ext.html HTTP/1.1"
2565	2025/02/13 08:20:50	"GET /uv2582fip2582inf210/data_home.html HTTP/1.1"
2565	2025/02/13 08:21:02	"GET /uv2582fip2582inf210/practice_sql.html HTTP/1.1"
2565	2025/02/13 08:28:44	"GET /uv2582fip2582inf210/lecture_relational_model.html HTTP/1.1"
2565	2025/02/13 08:28:53	"GET /uv2582fip2582inf210/technical_environment_home.html HTTP/1.1"
2565	2025/02/13 08:28:56	"GET /uv2582fip2582inf210/documentation_docker.html HTTP/1.1"
2565	2025/02/13 08:28:58	"GET /uv2582fip2582inf210/practice_docker.html HTTP/1.1"
2565	2025/02/13 08:33:07	"GET /uv2582fip2582inf210/documentation_rdbms.html HTTP/1.1"
2565	2025/02/13 08:33:20	"GET /uv2582fip2582inf210/practice_postgresql.html HTTP/1.1"
2565	2025/02/13 10:24:39	"GET /uv2582fip2582inf210/lecture_transaction.html HTTP/1.1"
2565	2025/02/13 10:49:43	"GET /uv2582fip2582inf210/practice_transaction.html HTTP/1.1"
2565	2025/03/18 10:00:40	"GET /uv2582fip2582inf210/project_presentation.html HTTP/1.1"
2565	2025/03/18 10:02:15	"GET /uv2582fip2582inf210/project_part3.html HTTP/1.1"
2565	2025/03/18 10:02:34	"GET /uv2582fip2582inf210/project_specifications.html HTTP/1.1"
2565	2025/03/18 10:46:15	"GET /uv2582fip2582inf210/project_part2.html HTTP/1.1"
2565	2025/03/18 14:06:54	"GET /uv2582fip2582inf210/project_specifications.html HTTP/1.1"
2565	2025/03/18 16:09:09	"GET /uv2582fip2582inf210/technical_environment_home.html HTTP/1.1"
2565	2025/03/18 16:09:14	"GET /uv2582fip2582inf210/project_presentation.html HTTP/1.1"
