2566	2025/02/27 08:29:59	"GET /uv2582fip2582inf210/web_architecture_home.html HTTP/1.1"
2566	2025/02/21 15:52:05	"GET /uv2582fip2582inf210/technical_environment_home.html HTTP/1.1"
2566	2025/02/21 15:52:10	"GET /uv2582fip2582inf210/web_architecture_home.html HTTP/1.1"
2566	2025/02/21 15:52:18	"GET /uv2582fip2582inf210/lecture_json.html HTTP/1.1"
2566	2025/02/21 15:53:57	"GET /uv2582fip2582inf210/practice_json.html HTTP/1.1"
2566	2025/02/21 16:01:46	"GET /uv2582fip2582inf210/practice_xml.html HTTP/1.1"
2566	2025/02/25 11:28:06	"GET /uv2582fip2582inf210/data_home.html HTTP/1.1"
2566	2025/02/25 11:28:11	"GET /uv2582fip2582inf210/project_home.html HTTP/1.1"
2566	2025/02/25 11:29:15	"GET /uv2582fip2582inf210/web_architecture_home.html HTTP/1.1"
2566	2025/02/25 11:29:21	"GET /uv2582fip2582inf210/practice_spring_2tiers.html HTTP/1.1"
2566	2025/02/19 14:04:45	"GET /uv2582fip2582inf210/technical_environment_home.html HTTP/1.1"
2566	2025/02/19 14:57:07	"GET /uv2582fip2582inf210/lecture_xml.html HTTP/1.1"
2566	2025/02/19 16:27:26	"GET /uv2582fip2582inf210/practice_xml.html HTTP/1.1"
2566	2025/03/14 17:46:54	"GET /uv2582fip2582inf210/data_home.html HTTP/1.1"
2566	2025/03/14 17:46:57	"GET /uv2582fip2582inf210/index.html HTTP/1.1"
2566	2025/03/14 17:47:01	"GET /uv2582fip2582inf210/project_presentation.html HTTP/1.1"
2566	2025/03/14 17:47:19	"GET /uv2582fip2582inf210/project_part2.html HTTP/1.1"
2566	2025/03/14 18:45:35	"GET /uv2582fip2582inf210/project_part1.html HTTP/1.1"
2566	2025/03/14 18:47:21	"GET /uv2582fip2582inf210/activity_sql.html HTTP/1.1"
2566	2025/03/14 18:48:05	"GET /uv2582fip2582inf210/practice_sql.html HTTP/1.1"
2566	2025/03/14 18:48:49	"GET /uv2582fip2582inf210/lecture_modeling_normalization.html HTTP/1.1"
2566	2025/03/14 18:48:52	"GET /uv2582fip2582inf210/activity_conceptual_modeling.html HTTP/1.1"
2566	2025/03/14 18:50:41	"GET /uv2582fip2582inf210/technical_environment_home.html HTTP/1.1"
2566	2025/03/14 18:51:28	"GET /uv2582fip2582inf210/practice_postgresql.html HTTP/1.1"
2566	2025/02/18 11:11:25	"GET /uv2582fip2582inf210/index.html HTTP/1.1"
2566	2025/02/18 11:11:41	"GET /uv2582fip2582inf210/web_architecture_home.html HTTP/1.1"
2566	2025/02/18 11:11:51	"GET /uv2582fip2582inf210/practice_jpa.html HTTP/1.1"
2566	2025/02/18 11:40:55	"GET /uv2582fip2582inf210/practice_jpa_advanced.html HTTP/1.1"
2566	2025/03/13 09:46:48	"GET /uv2582fip2582inf210/project_presentation.html HTTP/1.1"
2566	2025/03/13 09:46:51	"GET /uv2582fip2582inf210/project_part2.html HTTP/1.1"
2566	2025/03/06 08:07:42	"GET /uv2582fip2582inf210/project_presentation.html HTTP/1.1"
2566	2025/03/06 08:09:52	"GET /uv2582fip2582inf210/project_specifications.html HTTP/1.1"
2566	2025/03/06 08:10:39	"GET /uv2582fip2582inf210/project_evaluation.html HTTP/1.1"
2566	2025/03/06 08:11:33	"GET /uv2582fip2582inf210/project_task_time.html HTTP/1.1"
2566	2025/03/06 08:51:03	"GET /uv2582fip2582inf210/project_part1.html HTTP/1.1"
2566	2025/03/06 09:14:18	"GET /uv2582fip2582inf210/project_specifications.html HTTP/1.1"
2566	2025/02/10 14:07:25	"GET /uv2582fip2582inf210/web_architecture_home.html HTTP/1.1"
2566	2025/02/10 14:07:30	"GET /uv2582fip2582inf210/technical_environment_home.html HTTP/1.1"
2566	2025/02/10 14:08:00	"GET /uv2582fip2582inf210/data_home.html HTTP/1.1"
2566	2025/02/10 14:08:06	"GET /uv2582fip2582inf210/lecture_modeling_normalization.html HTTP/1.1"
2566	2025/02/10 14:11:09	"GET /uv2582fip2582inf210/lecture_conceptual_modeling.html HTTP/1.1"
2566	2025/02/10 14:11:13	"GET /uv2582fip2582inf210/lecture_normalization.html HTTP/1.1"
2566	2025/02/10 14:39:18	"GET /uv2582fip2582inf210/activity_normalization.html HTTP/1.1"
2566	2025/02/10 15:45:11	"GET /uv2582fip2582inf210/activity_normalization_correction.html HTTP/1.1"
2566	2025/02/10 15:48:02	"GET /uv2582fip2582inf210/activity_decomposition.html HTTP/1.1"
2566	2025/02/10 16:08:06	"GET /uv2582fip2582inf210/activity_decomposition_correction.html HTTP/1.1"
2566	2025/02/10 16:08:25	"GET /uv2582fip2582inf210/activity_sql.html HTTP/1.1"
2566	2025/01/20 11:37:33	"GET /uv2582fip2582inf210/technical_environment_home.html HTTP/1.1"
2566	2025/01/20 12:01:53	"GET /uv2582fip2582inf210/practice_docker.html HTTP/1.1"
2566	2025/01/20 14:06:07	"GET /uv2582fip2582inf210/documentation_docker.html HTTP/1.1"
2566	2025/01/20 14:07:03	"GET /uv2582fip2582inf210/documentation_docker.html HTTP/1.1"
2566	2025/01/20 14:13:32	"GET /uv2582fip2582inf210/practice_postgresql.html HTTP/1.1"
2566	2025/01/20 15:39:06	"GET /uv2582fip2582inf210/documentation_programming.html HTTP/1.1"
2566	2025/01/20 15:42:20	"GET /uv2582fip2582inf210/practice_spring.html HTTP/1.1"
2566	2025/03/11 08:12:35	"GET /uv2582fip2582inf210/project_presentation.html HTTP/1.1"
2566	2025/03/11 08:12:47	"GET /uv2582fip2582inf210/project_part2.html HTTP/1.1"
2566	2025/01/29 15:38:30	"GET /uv2582fip2582inf210/technical_environment_home.html HTTP/1.1"
2566	2025/01/29 15:38:43	"GET /uv2582fip2582inf210/web_architecture_home.html HTTP/1.1"
2566	2025/01/29 15:38:49	"GET /uv2582fip2582inf210/data_home.html HTTP/1.1"
2566	2025/01/29 15:38:57	"GET /uv2582fip2582inf210/activity_relational_model.html HTTP/1.1"
2566	2025/01/29 16:02:08	"GET /uv2582fip2582inf210/lecture_modeling_normalization.html HTTP/1.1"
2566	2025/01/29 16:03:19	"GET /uv2582fip2582inf210/lecture_conceptual_modeling.html HTTP/1.1"
2566	2025/01/29 16:14:42	"GET /uv2582fip2582inf210/activity_conceptual_modeling.html HTTP/1.1"
2566	2025/01/29 16:38:22	"GET /uv2582fip2582inf210/activity_conceptual_modeling_correction.html HTTP/1.1"
2566	2025/01/29 16:44:03	"GET /uv2582fip2582inf210/lecture_normalization.html HTTP/1.1"
2566	2025/03/05 14:10:21	"GET /uv2582fip2582inf210/project_presentation.html HTTP/1.1"
2566	2025/03/05 14:10:27	"GET /uv2582fip2582inf210/data_home.html HTTP/1.1"
2566	2025/03/05 14:10:32	"GET /uv2582fip2582inf210/web_architecture_home.html HTTP/1.1"
2566	2025/03/05 14:10:38	"GET /uv2582fip2582inf210/practice_spring_2tiers_ext.html HTTP/1.1"
2566	2025/03/05 14:20:10	"GET /uv2582fip2582inf210/lecture_dto.html HTTP/1.1"
2566	2025/02/13 08:12:23	"GET /uv2582fip2582inf210/web_architecture_home.html HTTP/1.1"
2566	2025/02/13 08:12:39	"GET /uv2582fip2582inf210/technical_environment_home.html HTTP/1.1"
2566	2025/02/13 08:12:44	"GET /uv2582fip2582inf210/data_home.html HTTP/1.1"
2566	2025/02/13 08:12:47	"GET /uv2582fip2582inf210/activity_sql.html HTTP/1.1"
2566	2025/02/13 08:20:16	"GET /uv2582fip2582inf210/practice_sql.html HTTP/1.1"
2566	2025/02/13 09:16:47	"GET /uv2582fip2582inf210/activity_sql_correction.html HTTP/1.1"
2566	2025/02/13 09:17:20	"GET /uv2582fip2582inf210/practice_sql_correction.html HTTP/1.1"
2566	2025/02/13 10:31:42	"GET /uv2582fip2582inf210/lecture_transaction.html HTTP/1.1"
2566	2025/02/13 11:44:56	"GET /uv2582fip2582inf210/practice_transaction.html HTTP/1.1"
2566	2025/03/18 09:31:22	"GET /uv2582fip2582inf210/project_presentation.html HTTP/1.1"
2566	2025/03/18 09:31:26	"GET /uv2582fip2582inf210/project_part3.html HTTP/1.1"
2566	2025/03/18 18:14:50	"GET /uv2582fip2582inf210/project_part2.html HTTP/1.1"
2566	2025/03/18 18:38:10	"GET /uv2582fip2582inf210/project_task_time.html HTTP/1.1"
2566	2025/03/18 18:38:12	"GET /uv2582fip2582inf210/project_specifications.html HTTP/1.1"
2566	2025/03/18 18:48:31	"GET /uv2582fip2582inf210/project_part1.html HTTP/1.1"
