2567	2025/02/27 08:11:34	"GET /uv2582fip2582inf210/web_architecture_home.html HTTP/1.1"
2567	2025/02/27 08:12:38	"GET /uv2582fip2582inf210/lecture_jpa.html HTTP/1.1"
2567	2025/02/27 08:29:38	"GET /uv2582fip2582inf210/practice_jpa.html HTTP/1.1"
2567	2025/03/24 09:39:27	"GET /uv2582fip2582inf210/data_home.html HTTP/1.1"
2567	2025/03/24 09:39:32	"GET /uv2582fip2582inf210/activity_conceptual_modeling.html HTTP/1.1"
2567	2025/03/24 09:39:38	"GET /uv2582fip2582inf210/lecture_conceptual_modeling.html HTTP/1.1"
2567	2025/02/21 14:08:49	"GET /uv2582fip2582inf210/technical_environment_home.html HTTP/1.1"
2567	2025/02/21 14:08:55	"GET /uv2582fip2582inf210/index.html HTTP/1.1"
2567	2025/02/21 14:09:01	"GET /uv2582fip2582inf210/data_home.html HTTP/1.1"
2567	2025/02/21 14:09:17	"GET /uv2582fip2582inf210/activity_conceptual_modeling.html HTTP/1.1"
2567	2025/02/21 14:09:50	"GET /uv2582fip2582inf210/lecture_normalization.html HTTP/1.1"
2567	2025/02/21 14:10:06	"GET /uv2582fip2582inf210/lecture_modeling_normalization.html HTTP/1.1"
2567	2025/02/21 14:10:07	"GET /uv2582fip2582inf210/lecture_conceptual_modeling.html HTTP/1.1"
2567	2025/02/21 14:11:39	"GET /uv2582fip2582inf210/activity_conceptual_modeling_correction.html HTTP/1.1"
2567	2025/02/21 15:51:06	"GET /uv2582fip2582inf210/web_architecture_home.html HTTP/1.1"
2567	2025/02/21 15:51:11	"GET /uv2582fip2582inf210/lecture_json.html HTTP/1.1"
2567	2025/02/21 16:32:23	"GET /uv2582fip2582inf210/practice_json.html HTTP/1.1"
2567	2025/02/25 11:18:28	"GET /uv2582fip2582inf210/data_home.html HTTP/1.1"
2567	2025/02/25 11:18:32	"GET /uv2582fip2582inf210/project_home.html HTTP/1.1"
2567	2025/02/25 11:18:35	"GET /uv2582fip2582inf210/technical_environment_home.html HTTP/1.1"
2567	2025/02/25 11:18:41	"GET /uv2582fip2582inf210/web_architecture_home.html HTTP/1.1"
2567	2025/02/25 11:18:47	"GET /uv2582fip2582inf210/lecture_json.html HTTP/1.1"
2567	2025/02/25 11:18:52	"GET /uv2582fip2582inf210/practice_json.html HTTP/1.1"
2567	2025/02/25 11:19:44	"GET /uv2582fip2582inf210/practice_apis.html HTTP/1.1"
2567	2025/02/25 11:20:37	"GET /uv2582fip2582inf210/lecture_mvc_spring.html HTTP/1.1"
2567	2025/02/25 11:20:44	"GET /uv2582fip2582inf210/practice_spring_2tiers.html HTTP/1.1"
2567	2025/02/25 11:46:09	"GET /uv2582fip2582inf210/lecture_technical_architecture.html HTTP/1.1"
2567	2025/03/07 15:37:13	"GET /uv2582fip2582inf210/project_presentation.html HTTP/1.1"
2567	2025/03/07 15:37:26	"GET /uv2582fip2582inf210/project_part1.html HTTP/1.1"
2567	2025/03/07 15:37:31	"GET /uv2582fip2582inf210/project_part2.html HTTP/1.1"
2567	2025/03/07 15:46:41	"GET /uv2582fip2582inf210/project_part1.html HTTP/1.1"
2567	2025/03/07 15:46:44	"GET /uv2582fip2582inf210/project_part2.html HTTP/1.1"
2567	2025/03/12 08:10:09	"GET /uv2582fip2582inf210/project_presentation.html HTTP/1.1"
2567	2025/03/12 08:10:15	"GET /uv2582fip2582inf210/project_part2.html HTTP/1.1"
2567	2025/03/12 08:12:24	"GET /uv2582fip2582inf210/project_part3.html HTTP/1.1"
2567	2025/03/12 08:12:30	"GET /uv2582fip2582inf210/project_structureui.html HTTP/1.1"
2567	2025/02/19 14:06:07	"GET /uv2582fip2582inf210/web_architecture_home.html HTTP/1.1"
2567	2025/02/19 14:06:16	"GET /uv2582fip2582inf210/practice_jpa_advanced.html HTTP/1.1"
2567	2025/02/19 14:48:48	"GET /uv2582fip2582inf210/lecture_xml.html HTTP/1.1"
2567	2025/02/19 14:49:03	"GET /uv2582fip2582inf210/practice_xml.html HTTP/1.1"
2567	2025/02/19 14:49:17	"GET /uv2582fip2582inf210/practice_json.html HTTP/1.1"
2567	2025/02/18 11:08:24	"GET /uv2582fip2582inf210/index.html HTTP/1.1"
2567	2025/02/18 11:08:27	"GET /uv2582fip2582inf210/technical_environment_home.html HTTP/1.1"
2567	2025/02/18 11:08:34	"GET /uv2582fip2582inf210/web_architecture_home.html HTTP/1.1"
2567	2025/02/18 11:09:11	"GET /uv2582fip2582inf210/practice_jpa.html HTTP/1.1"
2567	2025/02/18 11:45:02	"GET /uv2582fip2582inf210/practice_jpa_advanced.html HTTP/1.1"
2567	2025/03/13 09:47:24	"GET /uv2582fip2582inf210/project_presentation.html HTTP/1.1"
2567	2025/03/13 09:48:05	"GET /uv2582fip2582inf210/project_part2.html HTTP/1.1"
2567	2025/03/13 10:23:53	"GET /uv2582fip2582inf210/project_part3.html HTTP/1.1"
2567	2025/03/06 08:14:03	"GET /uv2582fip2582inf210/project_presentation.html HTTP/1.1"
2567	2025/03/06 08:17:02	"GET /uv2582fip2582inf210/project_specifications.html HTTP/1.1"
2567	2025/03/06 08:17:12	"GET /uv2582fip2582inf210/project_task_time.html HTTP/1.1"
2567	2025/03/06 08:18:45	"GET /uv2582fip2582inf210/project_evaluation.html HTTP/1.1"
2567	2025/03/06 08:19:24	"GET /uv2582fip2582inf210/project_part1.html HTTP/1.1"
2567	2025/03/06 08:42:29	"GET /uv2582fip2582inf210/index.html HTTP/1.1"
2567	2025/03/06 08:42:43	"GET /uv2582fip2582inf210/data_home.html HTTP/1.1"
2567	2025/03/06 08:42:45	"GET /uv2582fip2582inf210/technical_environment_home.html HTTP/1.1"
2567	2025/03/06 08:43:12	"GET /uv2582fip2582inf210/lecture_conceptual_modeling.html HTTP/1.1"
2567	2025/03/06 10:47:54	"GET /uv2582fip2582inf210/activity_conceptual_modeling.html HTTP/1.1"
2567	2025/02/10 14:05:55	"GET /uv2582fip2582inf210/technical_environment_home.html HTTP/1.1"
2567	2025/02/10 14:07:29	"GET /uv2582fip2582inf210/practice_docker_advanced.html HTTP/1.1"
2567	2025/02/10 14:07:33	"GET /uv2582fip2582inf210/practice_postgresql.html HTTP/1.1"
2567	2025/02/10 14:07:35	"GET /uv2582fip2582inf210/documentation_rdbms.html HTTP/1.1"
2567	2025/02/10 14:07:44	"GET /uv2582fip2582inf210/index.html HTTP/1.1"
2567	2025/02/10 14:07:54	"GET /uv2582fip2582inf210/documentation_docker.html HTTP/1.1"
2567	2025/02/10 14:08:22	"GET /uv2582fip2582inf210/data_home.html HTTP/1.1"
2567	2025/02/10 14:08:54	"GET /uv2582fip2582inf210/lecture_modeling_normalization.html HTTP/1.1"
2567	2025/02/10 14:24:04	"GET /uv2582fip2582inf210/lecture_conceptual_modeling.html HTTP/1.1"
2567	2025/02/10 14:28:02	"GET /uv2582fip2582inf210/activity_conceptual_modeling.html HTTP/1.1"
2567	2025/02/10 14:32:15	"GET /uv2582fip2582inf210/activity_conceptual_modeling_correction.html HTTP/1.1"
2567	2025/02/10 14:44:10	"GET /uv2582fip2582inf210/lecture_normalization.html HTTP/1.1"
2567	2025/02/10 14:52:05	"GET /uv2582fip2582inf210/activity_normalization.html HTTP/1.1"
2567	2025/03/19 11:34:12	"GET /uv2582fip2582inf210/project_presentation.html HTTP/1.1"
2567	2025/01/20 11:37:42	"GET /uv2582fip2582inf210/technical_environment_home.html HTTP/1.1"
2567	2025/01/20 11:56:12	"GET /uv2582fip2582inf210/documentation_docker.html HTTP/1.1"
2567	2025/01/20 12:12:46	"GET /uv2582fip2582inf210/practice_docker.html HTTP/1.1"
2567	2025/01/20 14:45:51	"GET /uv2582fip2582inf210/practice_docker_advanced.html HTTP/1.1"
2567	2025/01/20 14:46:28	"GET /uv2582fip2582inf210/practice_postgresql.html HTTP/1.1"
2567	2025/01/20 15:11:39	"GET /uv2582fip2582inf210/documentation_programming.html HTTP/1.1"
2567	2025/01/20 15:19:26	"GET /uv2582fip2582inf210/practice_spring.html HTTP/1.1"
2567	2025/03/11 08:06:28	"GET /uv2582fip2582inf210/project_presentation.html HTTP/1.1"
2567	2025/03/11 08:07:38	"GET /uv2582fip2582inf210/project_part2.html HTTP/1.1"
2567	2025/03/11 18:26:07	"GET /uv2582fip2582inf210/project_presentation.html HTTP/1.1"
2567	2025/03/11 18:26:10	"GET /uv2582fip2582inf210/project_part2.html HTTP/1.1"
2567	2025/03/04 08:14:52	"GET /uv2582fip2582inf210/technical_environment_home.html HTTP/1.1"
2567	2025/03/04 08:14:59	"GET /uv2582fip2582inf210/index.html HTTP/1.1"
2567	2025/03/04 08:15:10	"GET /uv2582fip2582inf210/data_home.html HTTP/1.1"
2567	2025/03/04 08:15:14	"GET /uv2582fip2582inf210/lecture_conceptual_modeling.html HTTP/1.1"
2567	2025/03/04 09:32:18	"GET /uv2582fip2582inf210/activity_conceptual_modeling.html HTTP/1.1"
2567	2025/03/17 14:21:43	"GET /uv2582fip2582inf210/project_presentation.html HTTP/1.1"
2567	2025/03/17 14:21:46	"GET /uv2582fip2582inf210/project_part3.html HTTP/1.1"
2567	2025/01/29 14:09:18	"GET /uv2582fip2582inf210/technical_environment_home.html HTTP/1.1"
2567	2025/01/29 14:09:25	"GET /uv2582fip2582inf210/practice_postgresql.html HTTP/1.1"
2567	2025/01/29 14:09:27	"GET /uv2582fip2582inf210/index.html HTTP/1.1"
2567	2025/01/29 14:09:30	"GET /uv2582fip2582inf210/data_home.html HTTP/1.1"
2567	2025/01/29 14:10:12	"GET /uv2582fip2582inf210/lecture_relational_model.html HTTP/1.1"
2567	2025/01/29 14:10:17	"GET /uv2582fip2582inf210/lecture_db_integrity.html HTTP/1.1"
2567	2025/01/29 14:18:22	"GET /uv2582fip2582inf210/lecture_relational_algebra.html HTTP/1.1"
2567	2025/01/29 14:18:36	"GET /uv2582fip2582inf210/activity_relational_model.html HTTP/1.1"
2567	2025/01/29 15:52:37	"GET /uv2582fip2582inf210/activity_relational_model_correction.html HTTP/1.1"
2567	2025/01/29 16:12:51	"GET /uv2582fip2582inf210/lecture_modeling_normalization.html HTTP/1.1"
2567	2025/01/29 16:13:12	"GET /uv2582fip2582inf210/images/prerequisite_data/prerequisite_data_2025.html HTTP/1.1"
2567	2025/01/29 16:13:38	"GET /uv2582fip2582inf210/lecture_normalization.html HTTP/1.1"
2567	2025/03/05 14:10:56	"GET /uv2582fip2582inf210/web_architecture_home.html HTTP/1.1"
2567	2025/03/05 14:11:01	"GET /uv2582fip2582inf210/practice_spring_2tiers_ext.html HTTP/1.1"
2567	2025/03/05 14:20:54	"GET /uv2582fip2582inf210/practice_spring_2tiers.html HTTP/1.1"
2567	2025/02/13 08:10:39	"GET /uv2582fip2582inf210/technical_environment_home.html HTTP/1.1"
2567	2025/02/13 08:10:52	"GET /uv2582fip2582inf210/index.html HTTP/1.1"
2567	2025/02/13 08:11:07	"GET /uv2582fip2582inf210/data_home.html HTTP/1.1"
2567	2025/02/13 08:11:29	"GET /uv2582fip2582inf210/activity_sql.html HTTP/1.1"
2567	2025/02/13 08:26:13	"GET /uv2582fip2582inf210/practice_sql.html HTTP/1.1"
2567	2025/02/13 08:27:52	"GET /uv2582fip2582inf210/activity_sql_correction.html HTTP/1.1"
2567	2025/02/13 09:07:15	"GET /uv2582fip2582inf210/documentation_rdbms.html HTTP/1.1"
2567	2025/02/13 09:22:48	"GET /uv2582fip2582inf210/practice_sql_correction.html HTTP/1.1"
2567	2025/02/13 10:39:17	"GET /uv2582fip2582inf210/practice_advanced_sql.html HTTP/1.1"
2567	2025/02/13 10:41:06	"GET /uv2582fip2582inf210/lecture_transaction.html HTTP/1.1"
2567	2025/02/13 10:41:11	"GET /uv2582fip2582inf210/practice_transaction.html HTTP/1.1"
2567	2025/02/13 11:03:33	"GET /uv2582fip2582inf210/practice_transaction_correction.html HTTP/1.1"
2567	2025/03/18 09:39:05	"GET /uv2582fip2582inf210/project_presentation.html HTTP/1.1"
2567	2025/03/18 09:39:07	"GET /uv2582fip2582inf210/project_part2.html HTTP/1.1"
