2568	2025/03/28 16:48:37	"GET /uv2582fip2582inf210/technical_environment_home.html HTTP/1.1"
2568	2025/03/28 16:48:39	"GET /uv2582fip2582inf210/index.html HTTP/1.1"
2568	2025/03/28 16:48:42	"GET /uv2582fip2582inf210/project_presentation.html HTTP/1.1"
2568	2025/03/28 16:48:50	"GET /uv2582fip2582inf210/project_specifications.html HTTP/1.1"
2568	2025/03/07 15:34:09	"GET /uv2582fip2582inf210/technical_environment_home.html HTTP/1.1"
2568	2025/03/07 15:34:12	"GET /uv2582fip2582inf210/index.html HTTP/1.1"
2568	2025/03/07 15:34:17	"GET /uv2582fip2582inf210/project_presentation.html HTTP/1.1"
2568	2025/03/07 15:45:49	"GET /uv2582fip2582inf210/project_part1.html HTTP/1.1"
2568	2025/03/07 15:59:12	"GET /uv2582fip2582inf210/project_part2.html HTTP/1.1"
2568	2025/03/07 16:43:29	"GET /uv2582fip2582inf210/project_presentation.html HTTP/1.1"
2568	2025/03/07 16:43:34	"GET /uv2582fip2582inf210/project_part2.html HTTP/1.1"
2568	2025/02/19 14:04:29	"GET /uv2582fip2582inf210/web_architecture_home.html HTTP/1.1"
2568	2025/02/19 14:04:47	"GET /uv2582fip2582inf210/practice_jpa_advanced.html HTTP/1.1"
2568	2025/02/19 14:55:57	"GET /uv2582fip2582inf210/practice_spring_2tiers.html HTTP/1.1"
2568	2025/02/19 14:56:03	"GET /uv2582fip2582inf210/lecture_technical_architecture.html HTTP/1.1"
2568	2025/02/19 14:56:05	"GET /uv2582fip2582inf210/index.html HTTP/1.1"
2568	2025/02/19 14:56:13	"GET /uv2582fip2582inf210/images/prerequisite_archiweb/prerequisite_archiweb_2025.html HTTP/1.1"
2568	2025/02/19 14:56:38	"GET /uv2582fip2582inf210/lecture_xml.html HTTP/1.1"
2568	2025/02/19 14:57:31	"GET /uv2582fip2582inf210/lecture_validity.html HTTP/1.1"
2568	2025/02/19 15:00:41	"GET /uv2582fip2582inf210/practice_xml.html HTTP/1.1"
2568	2025/02/19 15:40:35	"GET /uv2582fip2582inf210/index.html HTTP/1.1"
2568	2025/02/19 15:40:40	"GET /uv2582fip2582inf210/practice_xml.html HTTP/1.1"
2568	2025/03/15 18:28:00	"GET /uv2582fip2582inf210/technical_environment_home.html HTTP/1.1"
2568	2025/03/15 18:28:01	"GET /uv2582fip2582inf210/index.html HTTP/1.1"
2568	2025/03/15 18:28:03	"GET /uv2582fip2582inf210/project_presentation.html HTTP/1.1"
2568	2025/03/15 18:28:05	"GET /uv2582fip2582inf210/project_part3.html HTTP/1.1"
2568	2025/03/01 15:27:53	"GET /uv2582fip2582inf210/data_home.html HTTP/1.1"
2568	2025/03/01 15:44:42	"GET /uv2582fip2582inf210/technical_environment_home.html HTTP/1.1"
2568	2025/03/01 15:44:46	"GET /uv2582fip2582inf210/index.html HTTP/1.1"
2568	2025/03/01 15:44:51	"GET /uv2582fip2582inf210/web_architecture_home.html HTTP/1.1"
2568	2025/03/01 15:45:05	"GET /uv2582fip2582inf210/data_home.html HTTP/1.1"
2568	2025/03/01 15:45:20	"GET /uv2582fip2582inf210/lecture_normalization.html HTTP/1.1"
2568	2025/03/01 16:26:22	"GET /uv2582fip2582inf210/lecture_modeling_normalization.html HTTP/1.1"
2568	2025/03/01 16:26:26	"GET /uv2582fip2582inf210/lecture_conceptual_modeling.html HTTP/1.1"
2568	2025/03/01 16:32:52	"GET /uv2582fip2582inf210/activity_conceptual_modeling.html HTTP/1.1"
2568	2025/03/01 16:33:07	"GET /uv2582fip2582inf210/activity_conceptual_modeling_correction.html HTTP/1.1"
2568	2025/03/01 16:40:45	"GET /uv2582fip2582inf210/activity_conceptual_modeling_advanced.html HTTP/1.1"
2568	2025/03/01 16:40:53	"GET /uv2582fip2582inf210/activity_conceptual_modeling_advanced_correction.html HTTP/1.1"
2568	2025/03/01 16:43:34	"GET /uv2582fip2582inf210/activity_conceptual_modeling_advanced_correction.html HTTP/1.1"
2568	2025/03/01 16:52:37	"GET /uv2582fip2582inf210/images/prerequisite_data/prerequisite_data_2025.html HTTP/1.1"
2568	2025/03/01 16:52:53	"GET /uv2582fip2582inf210/images/prerequisite_archiweb/prerequisite_archiweb_2025.html HTTP/1.1"
2568	2025/03/01 16:53:03	"GET /uv2582fip2582inf210/lecture_json.html HTTP/1.1"
2568	2025/03/01 16:53:40	"GET /uv2582fip2582inf210/practice_json.html HTTP/1.1"
2568	2025/03/01 17:03:04	"GET /uv2582fip2582inf210/lecture_json.html HTTP/1.1"
2568	2025/03/01 17:24:53	"GET /uv2582fip2582inf210/web_architecture_home.html HTTP/1.1"
2568	2025/03/01 17:25:00	"GET /uv2582fip2582inf210/data_home.html HTTP/1.1"
2568	2025/03/01 17:42:59	"GET /uv2582fip2582inf210/lecture_db_integrity.html HTTP/1.1"
2568	2025/03/01 17:43:02	"GET /uv2582fip2582inf210/lecture_relational_model.html HTTP/1.1"
2568	2025/03/01 17:43:27	"GET /uv2582fip2582inf210/activity_normalization.html HTTP/1.1"
2568	2025/03/01 17:43:45	"GET /uv2582fip2582inf210/activity_normalization_correction.html HTTP/1.1"
2568	2025/03/01 18:14:38	"GET /uv2582fip2582inf210/activity_decomposition.html HTTP/1.1"
2568	2025/03/01 18:14:51	"GET /uv2582fip2582inf210/data_home.html HTTP/1.1"
2568	2025/03/01 18:14:54	"GET /uv2582fip2582inf210/activity_relational_model.html HTTP/1.1"
2568	2025/03/01 18:17:05	"GET /uv2582fip2582inf210/activity_conceptual_modeling_correction.html HTTP/1.1"
2568	2025/03/14 11:05:18	"GET /uv2582fip2582inf210/project_presentation.html HTTP/1.1"
2568	2025/03/14 11:05:20	"GET /uv2582fip2582inf210/project_part2.html HTTP/1.1"
2568	2025/03/14 11:05:21	"GET /uv2582fip2582inf210/project_part1.html HTTP/1.1"
2568	2025/01/22 14:22:02	"GET /uv2582fip2582inf210/practice_spring.html HTTP/1.1"
2568	2025/01/22 14:22:13	"GET /uv2582fip2582inf210/index.html HTTP/1.1"
2568	2025/01/22 14:22:39	"GET /uv2582fip2582inf210/technical_environment_home.html HTTP/1.1"
2568	2025/01/22 14:22:44	"GET /uv2582fip2582inf210/web_architecture_home.html HTTP/1.1"
2568	2025/01/22 14:22:47	"GET /uv2582fip2582inf210/images/prerequisite_archiweb/prerequisite_archiweb_2025.html HTTP/1.1"
2568	2025/02/18 11:08:20	"GET /uv2582fip2582inf210/web_architecture_home.html HTTP/1.1"
2568	2025/02/18 11:08:23	"GET /uv2582fip2582inf210/images/prerequisite_archiweb/prerequisite_archiweb_2025.html HTTP/1.1"
2568	2025/02/18 11:09:15	"GET /uv2582fip2582inf210/practice_jpa.html HTTP/1.1"
2568	2025/02/18 11:09:16	"GET /uv2582fip2582inf210/lecture_mvc_spring.html HTTP/1.1"
2568	2025/02/18 11:51:55	"GET /uv2582fip2582inf210/practice_jpa_advanced.html HTTP/1.1"
2568	2025/03/13 09:49:21	"GET /uv2582fip2582inf210/project_presentation.html HTTP/1.1"
2568	2025/03/13 09:49:27	"GET /uv2582fip2582inf210/project_part2.html HTTP/1.1"
2568	2025/03/13 10:23:31	"GET /uv2582fip2582inf210/index.html HTTP/1.1"
2568	2025/03/06 08:07:00	"GET /uv2582fip2582inf210/technical_environment_home.html HTTP/1.1"
2568	2025/03/06 08:07:57	"GET /uv2582fip2582inf210/index.html HTTP/1.1"
2568	2025/03/06 08:07:59	"GET /uv2582fip2582inf210/project_presentation.html HTTP/1.1"
2568	2025/03/06 08:11:31	"GET /uv2582fip2582inf210/project_part1.html HTTP/1.1"
2568	2025/03/06 08:30:16	"GET /uv2582fip2582inf210/project_specifications.html HTTP/1.1"
2568	2025/03/06 08:45:37	"GET /uv2582fip2582inf210/data_home.html HTTP/1.1"
2568	2025/03/06 08:45:40	"GET /uv2582fip2582inf210/activity_conceptual_modeling.html HTTP/1.1"
2568	2025/03/06 08:45:48	"GET /uv2582fip2582inf210/activity_conceptual_modeling_correction.html HTTP/1.1"
2568	2025/03/06 09:58:42	"GET /uv2582fip2582inf210/lecture_conceptual_modeling.html HTTP/1.1"
2568	2025/03/06 10:09:03	"GET /uv2582fip2582inf210/activity_conceptual_modeling_advanced.html HTTP/1.1"
2568	2025/03/06 10:09:07	"GET /uv2582fip2582inf210/activity_conceptual_modeling_advanced_correction.html HTTP/1.1"
2568	2025/03/06 11:58:33	"GET /uv2582fip2582inf210/lecture_normalization.html HTTP/1.1"
2568	2025/02/10 14:12:22	"GET /uv2582fip2582inf210/technical_environment_home.html HTTP/1.1"
2568	2025/02/10 14:12:26	"GET /uv2582fip2582inf210/index.html HTTP/1.1"
2568	2025/02/10 14:12:29	"GET /uv2582fip2582inf210/web_architecture_home.html HTTP/1.1"
2568	2025/02/10 14:12:47	"GET /uv2582fip2582inf210/data_home.html HTTP/1.1"
2568	2025/02/10 14:12:53	"GET /uv2582fip2582inf210/lecture_normalization.html HTTP/1.1"
2568	2025/02/10 14:16:49	"GET /uv2582fip2582inf210/activity_normalization.html HTTP/1.1"
2568	2025/02/10 14:16:57	"GET /uv2582fip2582inf210/lecture_modeling_normalization.html HTTP/1.1"
2568	2025/02/10 14:17:11	"GET /uv2582fip2582inf210/images/prerequisite_data/prerequisite_data_2025.html HTTP/1.1"
2568	2025/02/10 14:19:17	"GET /uv2582fip2582inf210/activity_normalization_correction.html HTTP/1.1"
2568	2025/02/10 14:23:07	"GET /uv2582fip2582inf210/activity_normalization.html HTTP/1.1"
2568	2025/02/10 15:47:46	"GET /uv2582fip2582inf210/activity_decomposition.html HTTP/1.1"
2568	2025/02/10 16:34:41	"GET /uv2582fip2582inf210/activity_decomposition_correction.html HTTP/1.1"
2568	2025/02/10 16:36:19	"GET /uv2582fip2582inf210/activity_decomposition.html HTTP/1.1"
2568	2025/02/10 16:37:16	"GET /uv2582fip2582inf210/practice_sql.html HTTP/1.1"
2568	2025/02/10 16:37:17	"GET /uv2582fip2582inf210/activity_sql.html HTTP/1.1"
2568	2025/01/20 11:37:29	"GET /uv2582fip2582inf210/technical_environment_home.html HTTP/1.1"
2568	2025/01/20 11:38:56	"GET /uv2582fip2582inf210/technical_environment_home.html HTTP/1.1"
2568	2025/01/20 11:39:12	"GET /uv2582fip2582inf210/technical_environment_home.html HTTP/1.1"
2568	2025/01/20 11:54:50	"GET /uv2582fip2582inf210/documentation_docker.html HTTP/1.1"
2568	2025/01/20 14:04:04	"GET /uv2582fip2582inf210/documentation_docker.html HTTP/1.1"
2568	2025/01/20 14:10:15	"GET /uv2582fip2582inf210/technical_environment_home.html HTTP/1.1"
2568	2025/01/20 14:10:19	"GET /uv2582fip2582inf210/documentation_docker.html HTTP/1.1"
2568	2025/01/20 14:16:43	"GET /uv2582fip2582inf210/technical_environment_home.html HTTP/1.1"
2568	2025/01/20 14:17:52	"GET /uv2582fip2582inf210/practice_docker.html HTTP/1.1"
2568	2025/01/20 14:42:47	"GET /uv2582fip2582inf210/practice_postgresql.html HTTP/1.1"
2568	2025/01/20 14:53:24	"GET /uv2582fip2582inf210/documentation_rdbms.html HTTP/1.1"
2568	2025/01/20 15:02:05	"GET /uv2582fip2582inf210/documentation_programming.html HTTP/1.1"
2568	2025/01/20 15:05:20	"GET /uv2582fip2582inf210/inversion_of_control.html HTTP/1.1"
2568	2025/01/20 15:05:22	"GET /uv2582fip2582inf210/practice_spring.html HTTP/1.1"
2568	2025/01/20 15:15:01	"GET /uv2582fip2582inf210/practice_docker_advanced.html HTTP/1.1"
2568	2025/01/20 15:15:12	"GET /uv2582fip2582inf210/technical_environment_home.html HTTP/1.1"
2568	2025/01/20 15:23:48	"GET /uv2582fip2582inf210/practice_docker_advanced.html HTTP/1.1"
2568	2025/01/20 15:26:39	"GET /uv2582fip2582inf210/practice_postgresql.html HTTP/1.1"
2568	2025/03/11 08:13:15	"GET /uv2582fip2582inf210/technical_environment_home.html HTTP/1.1"
2568	2025/03/11 08:13:18	"GET /uv2582fip2582inf210/index.html HTTP/1.1"
2568	2025/03/11 08:13:21	"GET /uv2582fip2582inf210/project_presentation.html HTTP/1.1"
2568	2025/03/11 08:13:28	"GET /uv2582fip2582inf210/project_part2.html HTTP/1.1"
2568	2025/03/04 08:13:01	"GET /uv2582fip2582inf210/lecture_conceptual_modeling.html HTTP/1.1"
2568	2025/03/04 08:15:48	"GET /uv2582fip2582inf210/lecture_normalization.html HTTP/1.1"
2568	2025/03/04 08:15:53	"GET /uv2582fip2582inf210/activity_conceptual_modeling.html HTTP/1.1"
2568	2025/03/04 08:15:56	"GET /uv2582fip2582inf210/lecture_conceptual_modeling.html HTTP/1.1"
2568	2025/03/03 23:48:53	"GET /uv2582fip2582inf210/data_home.html HTTP/1.1"
2568	2025/03/03 23:48:57	"GET /uv2582fip2582inf210/activity_conceptual_modeling.html HTTP/1.1"
2568	2025/03/03 23:49:00	"GET /uv2582fip2582inf210/activity_conceptual_modeling_correction.html HTTP/1.1"
2568	2025/01/29 14:06:46	"GET /uv2582fip2582inf210/web_architecture_home.html HTTP/1.1"
2568	2025/01/29 14:06:55	"GET /uv2582fip2582inf210/technical_environment_home.html HTTP/1.1"
2568	2025/01/29 14:07:04	"GET /uv2582fip2582inf210/index.html HTTP/1.1"
2568	2025/01/29 14:07:16	"GET /uv2582fip2582inf210/data_home.html HTTP/1.1"
2568	2025/01/29 14:08:10	"GET /uv2582fip2582inf210/images/prerequisite_data/prerequisite_data_2025.html HTTP/1.1"
2568	2025/01/29 14:14:09	"GET /uv2582fip2582inf210/lecture_relational_model.html HTTP/1.1"
2568	2025/01/29 14:16:34	"GET /uv2582fip2582inf210/lecture_db_integrity.html HTTP/1.1"
2568	2025/01/29 14:21:26	"GET /uv2582fip2582inf210/activity_relational_model.html HTTP/1.1"
2568	2025/01/29 15:59:31	"GET /uv2582fip2582inf210/activity_relational_model_correction.html HTTP/1.1"
2568	2025/01/29 16:08:59	"GET /uv2582fip2582inf210/lecture_modeling_normalization.html HTTP/1.1"
2568	2025/01/29 16:17:20	"GET /uv2582fip2582inf210/lecture_conceptual_modeling.html HTTP/1.1"
2568	2025/01/29 16:17:28	"GET /uv2582fip2582inf210/activity_conceptual_modeling.html HTTP/1.1"
2568	2025/01/29 16:21:46	"GET /uv2582fip2582inf210/lecture_conceptual_modeling.html HTTP/1.1"
2568	2025/01/29 16:29:55	"GET /uv2582fip2582inf210/activity_relational_model.html HTTP/1.1"
2568	2025/03/05 14:10:30	"GET /uv2582fip2582inf210/web_architecture_home.html HTTP/1.1"
2568	2025/03/05 14:10:31	"GET /uv2582fip2582inf210/images/prerequisite_archiweb/prerequisite_archiweb_2025.html HTTP/1.1"
2568	2025/03/05 14:10:50	"GET /uv2582fip2582inf210/practice_spring_2tiers_ext.html HTTP/1.1"
2568	2025/02/13 08:29:32	"GET /uv2582fip2582inf210/data_home.html HTTP/1.1"
2568	2025/02/13 08:29:37	"GET /uv2582fip2582inf210/activity_sql.html HTTP/1.1"
2568	2025/02/13 08:31:38	"GET /uv2582fip2582inf210/activity_sql_correction.html HTTP/1.1"
2568	2025/02/13 09:06:17	"GET /uv2582fip2582inf210/practice_sql.html HTTP/1.1"
2568	2025/02/13 09:12:40	"GET /uv2582fip2582inf210/index.html HTTP/1.1"
2568	2025/02/13 09:12:47	"GET /uv2582fip2582inf210/technical_environment_home.html HTTP/1.1"
2568	2025/02/13 09:12:53	"GET /uv2582fip2582inf210/documentation_docker.html HTTP/1.1"
2568	2025/02/13 09:12:54	"GET /uv2582fip2582inf210/practice_docker.html HTTP/1.1"
2568	2025/02/13 10:39:27	"GET /uv2582fip2582inf210/data_home.html HTTP/1.1"
2568	2025/02/13 10:39:29	"GET /uv2582fip2582inf210/images/prerequisite_data/prerequisite_data_2025.html HTTP/1.1"
2568	2025/02/13 10:41:48	"GET /uv2582fip2582inf210/practice_advanced_sql.html HTTP/1.1"
2568	2025/02/13 10:42:05	"GET /uv2582fip2582inf210/practice_transaction.html HTTP/1.1"
2568	2025/02/13 10:55:05	"GET /uv2582fip2582inf210/lecture_transaction.html HTTP/1.1"
2568	2025/02/13 11:47:34	"GET /uv2582fip2582inf210/practice_transaction_correction.html HTTP/1.1"
2568	2025/03/18 09:39:18	"GET /uv2582fip2582inf210/technical_environment_home.html HTTP/1.1"
2568	2025/03/18 09:39:22	"GET /uv2582fip2582inf210/index.html HTTP/1.1"
2568	2025/03/18 09:39:25	"GET /uv2582fip2582inf210/project_presentation.html HTTP/1.1"
2568	2025/03/18 09:39:29	"GET /uv2582fip2582inf210/project_part2.html HTTP/1.1"
2568	2025/03/18 09:58:08	"GET /uv2582fip2582inf210/project_part3.html HTTP/1.1"
2568	2025/03/18 15:40:12	"GET /uv2582fip2582inf210/project_specifications.html HTTP/1.1"
