2569	2025/02/27 08:07:16	"GET /uv2582fip2582inf210/web_architecture_home.html HTTP/1.1"
2569	2025/02/27 08:07:22	"GET /uv2582fip2582inf210/practice_spring_2tiers.html HTTP/1.1"
2569	2025/03/24 09:33:55	"GET /uv2582fip2582inf210/index.html HTTP/1.1"
2569	2025/03/24 09:33:59	"GET /uv2582fip2582inf210/data_home.html HTTP/1.1"
2569	2025/03/24 09:34:02	"GET /uv2582fip2582inf210/lecture_relational_model.html HTTP/1.1"
2569	2025/03/24 09:34:06	"GET /uv2582fip2582inf210/lecture_conceptual_modeling.html HTTP/1.1"
2569	2025/03/24 13:51:38	"GET /uv2582fip2582inf210/PresentationUVINF210/pres.html HTTP/1.1"
2569	2025/05/14 09:33:41	"GET /uv2582fip2582inf210/project_structureui.html HTTP/1.1"
2569	2025/05/14 09:33:46	"GET /uv2582fip2582inf210/project_presentation.html HTTP/1.1"
2569	2025/05/14 09:33:47	"GET /uv2582fip2582inf210/project_evaluation.html HTTP/1.1"
2569	2025/02/21 14:03:42	"GET /uv2582fip2582inf210/data_home.html HTTP/1.1"
2569	2025/02/21 14:03:54	"GET /uv2582fip2582inf210/project_home.html HTTP/1.1"
2569	2025/02/21 15:49:54	"GET /uv2582fip2582inf210/web_architecture_home.html HTTP/1.1"
2569	2025/02/21 15:49:59	"GET /uv2582fip2582inf210/project_home.html HTTP/1.1"
2569	2025/02/21 15:50:06	"GET /uv2582fip2582inf210/index.html HTTP/1.1"
2569	2025/02/21 15:50:24	"GET /uv2582fip2582inf210/lecture_json.html HTTP/1.1"
2569	2025/02/21 15:51:31	"GET /uv2582fip2582inf210/practice_json.html HTTP/1.1"
2569	2025/02/21 15:52:25	"GET /uv2582fip2582inf210/practice_schema_xml.html HTTP/1.1"
2569	2025/02/21 15:52:27	"GET /uv2582fip2582inf210/practice_json.html HTTP/1.1"
2569	2025/04/01 10:30:53	"GET /uv2582fip2582inf210/index.html HTTP/1.1"
2569	2025/04/01 10:31:28	"GET /uv2582fip2582inf210/project_presentation.html HTTP/1.1"
2569	2025/04/01 10:31:43	"GET /uv2582fip2582inf210/project_specifications.html HTTP/1.1"
2569	2025/03/27 18:31:43	"GET /uv2582fip2582inf210/index.html HTTP/1.1"
2569	2025/03/27 18:33:08	"GET /uv2582fip2582inf210/project_presentation.html HTTP/1.1"
2569	2025/03/27 18:33:11	"GET /uv2582fip2582inf210/project_part3.html HTTP/1.1"
2569	2025/03/27 18:33:17	"GET /uv2582fip2582inf210/project_specifications.html HTTP/1.1"
2569	2025/03/28 16:00:07	"GET /uv2582fip2582inf210/index.html HTTP/1.1"
2569	2025/03/28 16:00:10	"GET /uv2582fip2582inf210/technical_environment_home.html HTTP/1.1"
2569	2025/03/28 16:00:16	"GET /uv2582fip2582inf210/PresentationUVINF210/pres.html HTTP/1.1"
2569	2025/03/28 16:04:45	"GET /uv2582fip2582inf210/web_architecture_home.html HTTP/1.1"
2569	2025/03/28 16:04:52	"GET /uv2582fip2582inf210/project_presentation.html HTTP/1.1"
2569	2025/03/28 16:04:54	"GET /uv2582fip2582inf210/project_specifications.html HTTP/1.1"
2569	2025/03/28 19:49:26	"GET /uv2582fip2582inf210/project_task_time.html HTTP/1.1"
2569	2025/03/28 22:39:44	"GET /uv2582fip2582inf210/project_structureui.html HTTP/1.1"
2569	2025/03/28 23:10:42	"GET /uv2582fip2582inf210/project_task_time.html HTTP/1.1"
2569	2025/03/21 15:32:24	"GET /uv2582fip2582inf210/index.html HTTP/1.1"
2569	2025/03/21 15:32:26	"GET /uv2582fip2582inf210/project_presentation.html HTTP/1.1"
2569	2025/03/21 15:32:30	"GET /uv2582fip2582inf210/project_specifications.html HTTP/1.1"
2569	2025/02/25 11:36:33	"GET /uv2582fip2582inf210/data_home.html HTTP/1.1"
2569	2025/02/25 11:38:39	"GET /uv2582fip2582inf210/web_architecture_home.html HTTP/1.1"
2569	2025/02/25 11:38:43	"GET /uv2582fip2582inf210/practice_spring_2tiers.html HTTP/1.1"
2569	2025/03/07 16:17:04	"GET /uv2582fip2582inf210/project_specifications.html HTTP/1.1"
2569	2025/03/12 19:27:42	"GET /uv2582fip2582inf210/project_presentation.html HTTP/1.1"
2569	2025/03/12 19:27:46	"GET /uv2582fip2582inf210/project_part2.html HTTP/1.1"
2569	2025/03/12 19:52:28	"GET /uv2582fip2582inf210/project_part1.html HTTP/1.1"
2569	2025/03/12 19:52:36	"GET /uv2582fip2582inf210/project_specifications.html HTTP/1.1"
2569	2025/03/12 20:13:42	"GET /uv2582fip2582inf210/project_presentation.html HTTP/1.1"
2569	2025/03/12 20:13:45	"GET /uv2582fip2582inf210/project_part2.html HTTP/1.1"
2569	2025/02/19 14:02:48	"GET /uv2582fip2582inf210/practice_jpa_advanced.html HTTP/1.1"
2569	2025/02/19 14:04:48	"GET /uv2582fip2582inf210/lecture_jaxb.html HTTP/1.1"
2569	2025/02/19 14:05:33	"GET /uv2582fip2582inf210/lecture_xml.html HTTP/1.1"
2569	2025/02/19 14:10:38	"GET /uv2582fip2582inf210/practice_xml.html HTTP/1.1"
2569	2025/02/19 15:12:50	"GET /uv2582fip2582inf210/practice_jpa_advanced.html HTTP/1.1"
2569	2025/02/19 16:14:49	"GET /uv2582fip2582inf210/practice_xml.html HTTP/1.1"
2569	2025/03/15 18:18:46	"GET /uv2582fip2582inf210/project_specifications.html HTTP/1.1"
2569	2025/03/15 20:45:43	"GET /uv2582fip2582inf210/project_specifications.html HTTP/1.1"
2569	2025/02/03 14:27:18	"GET /uv2582fip2582inf210/technical_environment_home.html HTTP/1.1"
2569	2025/02/03 14:27:21	"GET /uv2582fip2582inf210/web_architecture_home.html HTTP/1.1"
2569	2025/02/03 14:27:23	"GET /uv2582fip2582inf210/data_home.html HTTP/1.1"
2569	2025/02/03 14:27:28	"GET /uv2582fip2582inf210/activity_conceptual_modeling_advanced.html HTTP/1.1"
2569	2025/02/03 14:27:31	"GET /uv2582fip2582inf210/lecture_conceptual_modeling.html HTTP/1.1"
2569	2025/03/09 20:44:15	"GET /uv2582fip2582inf210/project_presentation.html HTTP/1.1"
2569	2025/03/09 20:44:18	"GET /uv2582fip2582inf210/project_part2.html HTTP/1.1"
2569	2025/03/01 16:06:03	"GET /uv2582fip2582inf210/web_architecture_home.html HTTP/1.1"
2569	2025/03/01 16:25:31	"GET /uv2582fip2582inf210/data_home.html HTTP/1.1"
2569	2025/03/01 16:25:37	"GET /uv2582fip2582inf210/lecture_modeling_normalization.html HTTP/1.1"
2569	2025/03/01 16:25:43	"GET /uv2582fip2582inf210/lecture_normalization.html HTTP/1.1"
2569	2025/03/01 16:44:10	"GET /uv2582fip2582inf210/index.html HTTP/1.1"
2569	2025/03/01 17:07:52	"GET /uv2582fip2582inf210/practice_jpa_advanced.html HTTP/1.1"
2569	2025/03/01 17:07:55	"GET /uv2582fip2582inf210/practice_jpa.html HTTP/1.1"
2569	2025/03/01 17:08:00	"GET /uv2582fip2582inf210/lecture_jpa.html HTTP/1.1"
2569	2025/03/01 17:08:03	"GET /uv2582fip2582inf210/practice_spring_2tiers.html HTTP/1.1"
2569	2025/03/14 10:17:02	"GET /uv2582fip2582inf210/project_presentation.html HTTP/1.1"
2569	2025/03/14 10:17:05	"GET /uv2582fip2582inf210/project_part3.html HTTP/1.1"
2569	2025/03/14 10:17:10	"GET /uv2582fip2582inf210/project_structureui.html HTTP/1.1"
2569	2025/03/14 10:17:59	"GET /uv2582fip2582inf210/project_specifications.html HTTP/1.1"
2569	2025/03/14 10:54:33	"GET /uv2582fip2582inf210/index.html HTTP/1.1"
2569	2025/02/18 11:10:41	"GET /uv2582fip2582inf210/web_architecture_home.html HTTP/1.1"
2569	2025/02/18 11:10:45	"GET /uv2582fip2582inf210/practice_jpa_advanced.html HTTP/1.1"
2569	2025/02/18 11:17:45	"GET /uv2582fip2582inf210/practice_jpa_advanced.html HTTP/1.1"
2569	2025/02/18 11:20:08	"GET /uv2582fip2582inf210/practice_jpa.html HTTP/1.1"
2569	2025/02/18 11:21:17	"GET /uv2582fip2582inf210/lecture_jpa.html HTTP/1.1"
2569	2025/02/18 11:46:15	"GET /uv2582fip2582inf210/practice_jpa_advanced.html HTTP/1.1"
2569	2025/02/18 11:50:58	"GET /uv2582fip2582inf210/practice_spring_2tiers.html HTTP/1.1"
2569	2025/03/13 10:00:47	"GET /uv2582fip2582inf210/web_architecture_home.html HTTP/1.1"
2569	2025/03/13 10:00:50	"GET /uv2582fip2582inf210/data_home.html HTTP/1.1"
2569	2025/03/13 10:00:54	"GET /uv2582fip2582inf210/project_presentation.html HTTP/1.1"
2569	2025/03/13 10:00:57	"GET /uv2582fip2582inf210/project_part2.html HTTP/1.1"
2569	2025/03/06 08:08:14	"GET /uv2582fip2582inf210/project_presentation.html HTTP/1.1"
2569	2025/03/06 08:08:44	"GET /uv2582fip2582inf210/project_specifications.html HTTP/1.1"
2569	2025/03/06 08:09:04	"GET /uv2582fip2582inf210/project_part1.html HTTP/1.1"
2569	2025/03/06 08:18:33	"GET /uv2582fip2582inf210/project_task_time.html HTTP/1.1"
2569	2025/03/06 08:20:15	"GET /uv2582fip2582inf210/data_home.html HTTP/1.1"
2569	2025/03/06 08:22:49	"GET /uv2582fip2582inf210/activity_conceptual_modeling_correction.html HTTP/1.1"
2569	2025/03/06 09:15:04	"GET /uv2582fip2582inf210/project_part2.html HTTP/1.1"
2569	2025/02/10 13:57:53	"GET /uv2582fip2582inf210/data_home.html HTTP/1.1"
2569	2025/02/10 13:57:56	"GET /uv2582fip2582inf210/lecture_normalization.html HTTP/1.1"
2569	2025/02/10 14:07:16	"GET /uv2582fip2582inf210/activity_normalization.html HTTP/1.1"
2569	2025/02/10 14:24:29	"GET /uv2582fip2582inf210/activity_normalization_correction.html HTTP/1.1"
2569	2025/02/10 14:54:46	"GET /uv2582fip2582inf210/activity_decomposition.html HTTP/1.1"
2569	2025/02/10 15:12:23	"GET /uv2582fip2582inf210/activity_decomposition.html HTTP/1.1"
2569	2025/02/10 15:41:12	"GET /uv2582fip2582inf210/activity_decomposition_correction.html HTTP/1.1"
2569	2025/03/19 08:42:51	"GET /uv2582fip2582inf210/index.html HTTP/1.1"
2569	2025/01/20 11:38:08	"GET /uv2582fip2582inf210/technical_environment_home.html HTTP/1.1"
2569	2025/01/20 11:40:06	"GET /uv2582fip2582inf210/documentation_docker.html HTTP/1.1"
2569	2025/01/20 11:45:31	"GET /uv2582fip2582inf210/practice_docker.html HTTP/1.1"
2569	2025/01/20 11:50:45	"GET /uv2582fip2582inf210/practice_docker_advanced.html HTTP/1.1"
2569	2025/01/20 11:51:36	"GET /uv2582fip2582inf210/documentation_rdbms.html HTTP/1.1"
2569	2025/01/20 11:51:50	"GET /uv2582fip2582inf210/practice_postgresql.html HTTP/1.1"
2569	2025/01/20 12:01:27	"GET /uv2582fip2582inf210/documentation_programming.html HTTP/1.1"
2569	2025/01/20 12:01:30	"GET /uv2582fip2582inf210/inversion_of_control.html HTTP/1.1"
2569	2025/01/20 12:04:06	"GET /uv2582fip2582inf210/spring_bean.html HTTP/1.1"
2569	2025/01/20 12:06:17	"GET /uv2582fip2582inf210/practice_spring.html HTTP/1.1"
2569	2025/03/11 08:03:20	"GET /uv2582fip2582inf210/project_presentation.html HTTP/1.1"
2569	2025/03/11 08:03:27	"GET /uv2582fip2582inf210/project_part2.html HTTP/1.1"
2569	2025/03/04 08:10:10	"GET /uv2582fip2582inf210/web_architecture_home.html HTTP/1.1"
2569	2025/03/04 08:10:16	"GET /uv2582fip2582inf210/practice_spring_2tiers.html HTTP/1.1"
2569	2025/03/04 08:13:50	"GET /uv2582fip2582inf210/index.html HTTP/1.1"
2569	2025/03/04 08:13:54	"GET /uv2582fip2582inf210/data_home.html HTTP/1.1"
2569	2025/03/04 08:13:57	"GET /uv2582fip2582inf210/lecture_relational_model.html HTTP/1.1"
2569	2025/03/04 08:14:05	"GET /uv2582fip2582inf210/lecture_db_integrity.html HTTP/1.1"
2569	2025/03/04 08:14:12	"GET /uv2582fip2582inf210/activity_relational_model.html HTTP/1.1"
2569	2025/03/04 08:14:18	"GET /uv2582fip2582inf210/lecture_modeling_normalization.html HTTP/1.1"
2569	2025/03/04 08:14:20	"GET /uv2582fip2582inf210/lecture_conceptual_modeling.html HTTP/1.1"
2569	2025/03/04 08:18:26	"GET /uv2582fip2582inf210/activity_conceptual_modeling.html HTTP/1.1"
2569	2025/03/04 08:25:30	"GET /uv2582fip2582inf210/activity_conceptual_modeling_correction.html HTTP/1.1"
2569	2025/03/04 09:33:42	"GET /uv2582fip2582inf210/practice_jpa_advanced.html HTTP/1.1"
2569	2025/03/04 09:33:46	"GET /uv2582fip2582inf210/index.html HTTP/1.1"
2569	2025/03/04 09:53:36	"GET /uv2582fip2582inf210/lecture_normalization.html HTTP/1.1"
2569	2025/03/03 19:21:18	"GET /uv2582fip2582inf210/web_architecture_home.html HTTP/1.1"
2569	2025/03/03 19:21:22	"GET /uv2582fip2582inf210/lecture_technical_architecture.html HTTP/1.1"
2569	2025/03/03 20:12:46	"GET /uv2582fip2582inf210/lecture_software_architecture.html HTTP/1.1"
2569	2025/03/03 20:16:08	"GET /uv2582fip2582inf210/lecture_dto.html HTTP/1.1"
2569	2025/03/03 20:16:24	"GET /uv2582fip2582inf210/lecture_parser.html HTTP/1.1"
2569	2025/03/03 20:16:30	"GET /uv2582fip2582inf210/practice_apis.html HTTP/1.1"
2569	2025/03/03 20:16:38	"GET /uv2582fip2582inf210/lecture_mvc_spring.html HTTP/1.1"
2569	2025/03/03 20:18:01	"GET /uv2582fip2582inf210/lecture_jpa.html HTTP/1.1"
2569	2025/03/16 22:17:48	"GET /uv2582fip2582inf210/project_presentation.html HTTP/1.1"
2569	2025/03/16 22:19:09	"GET /uv2582fip2582inf210/project_part3.html HTTP/1.1"
2569	2025/03/16 22:19:15	"GET /uv2582fip2582inf210/project_specifications.html HTTP/1.1"
2569	2025/03/16 22:19:30	"GET /uv2582fip2582inf210/project_evaluation.html HTTP/1.1"
2569	2025/03/16 22:20:59	"GET /uv2582fip2582inf210/index.html HTTP/1.1"
2569	2025/03/16 22:25:23	"GET /uv2582fip2582inf210/PresentationUVINF210/pres.html HTTP/1.1"
2569	2025/03/16 22:44:27	"GET /uv2582fip2582inf210/project_part3.html HTTP/1.1"
2569	2025/03/16 22:44:40	"GET /uv2582fip2582inf210/project_specifications.html HTTP/1.1"
2569	2025/03/16 23:37:23	"GET /uv2582fip2582inf210/index.html HTTP/1.1"
2569	2025/03/16 23:37:40	"GET /uv2582fip2582inf210/project_evaluation.html HTTP/1.1"
2569	2025/03/17 23:42:43	"GET /uv2582fip2582inf210/project_presentation.html HTTP/1.1"
2569	2025/03/17 23:43:25	"GET /uv2582fip2582inf210/project_specifications.html HTTP/1.1"
2569	2025/01/29 14:05:19	"GET /uv2582fip2582inf210/data_home.html HTTP/1.1"
2569	2025/01/29 14:05:27	"GET /uv2582fip2582inf210/lecture_relational_model.html HTTP/1.1"
2569	2025/01/29 14:06:52	"GET /uv2582fip2582inf210/lecture_db_integrity.html HTTP/1.1"
2569	2025/01/29 14:08:04	"GET /uv2582fip2582inf210/lecture_relational_algebra.html HTTP/1.1"
2569	2025/01/29 14:12:15	"GET /uv2582fip2582inf210/activity_relational_model.html HTTP/1.1"
2569	2025/01/29 14:51:20	"GET /uv2582fip2582inf210/activity_relational_model_correction.html HTTP/1.1"
2569	2025/01/29 15:05:00	"GET /uv2582fip2582inf210/activity_sql.html HTTP/1.1"
2569	2025/01/29 15:05:04	"GET /uv2582fip2582inf210/practice_advanced_sql.html HTTP/1.1"
2569	2025/01/29 16:00:03	"GET /uv2582fip2582inf210/lecture_transaction.html HTTP/1.1"
2569	2025/01/29 16:00:16	"GET /uv2582fip2582inf210/lecture_modeling_normalization.html HTTP/1.1"
2569	2025/01/29 16:00:22	"GET /uv2582fip2582inf210/lecture_conceptual_modeling.html HTTP/1.1"
2569	2025/03/05 13:57:54	"GET /uv2582fip2582inf210/project_presentation.html HTTP/1.1"
2569	2025/03/05 13:58:09	"GET /uv2582fip2582inf210/technical_environment_home.html HTTP/1.1"
2569	2025/03/05 13:58:24	"GET /uv2582fip2582inf210/web_architecture_home.html HTTP/1.1"
2569	2025/03/05 13:59:28	"GET /uv2582fip2582inf210/project_part1.html HTTP/1.1"
2569	2025/03/05 13:59:28	"GET /uv2582fip2582inf210/project_part1.html HTTP/1.1"
2569	2025/03/05 14:01:20	"GET /uv2582fip2582inf210/index.html HTTP/1.1"
2569	2025/03/05 14:01:27	"GET /uv2582fip2582inf210/practice_spring_2tiers_ext.html HTTP/1.1"
2569	2025/02/13 08:05:10	"GET /uv2582fip2582inf210/data_home.html HTTP/1.1"
2569	2025/02/13 08:05:13	"GET /uv2582fip2582inf210/activity_sql.html HTTP/1.1"
2569	2025/02/13 08:12:27	"GET /uv2582fip2582inf210/practice_sql.html HTTP/1.1"
2569	2025/02/13 08:13:18	"GET /uv2582fip2582inf210/documentation_rdbms.html HTTP/1.1"
2569	2025/02/13 08:13:56	"GET /uv2582fip2582inf210/practice_postgresql.html HTTP/1.1"
2569	2025/02/13 08:17:54	"GET /uv2582fip2582inf210/activity_sql_correction.html HTTP/1.1"
2569	2025/02/13 08:30:57	"GET /uv2582fip2582inf210/practice_docker.html HTTP/1.1"
2569	2025/02/13 08:32:56	"GET /uv2582fip2582inf210/practice_docker_advanced.html HTTP/1.1"
2569	2025/02/13 08:32:57	"GET /uv2582fip2582inf210/practice_docker.html HTTP/1.1"
2569	2025/02/13 08:41:37	"GET /uv2582fip2582inf210/practice_sql_correction.html HTTP/1.1"
2569	2025/02/13 08:49:28	"GET /uv2582fip2582inf210/practice_sql.html HTTP/1.1"
2569	2025/02/13 09:02:39	"GET /uv2582fip2582inf210/index.html HTTP/1.1"
2569	2025/02/13 09:02:52	"GET /uv2582fip2582inf210/practice_advanced_sql.html HTTP/1.1"
2569	2025/02/13 09:12:46	"GET /uv2582fip2582inf210/lecture_transaction.html HTTP/1.1"
2569	2025/02/13 09:12:51	"GET /uv2582fip2582inf210/practice_transaction.html HTTP/1.1"
2569	2025/02/13 10:18:11	"GET /uv2582fip2582inf210/practice_transaction_correction.html HTTP/1.1"
2569	2025/02/13 10:28:18	"GET /uv2582fip2582inf210/practice_advanced_sql.html HTTP/1.1"
2569	2025/03/18 01:01:14	"GET /uv2582fip2582inf210/technical_environment_home.html HTTP/1.1"
2569	2025/03/18 01:01:17	"GET /uv2582fip2582inf210/project_presentation.html HTTP/1.1"
2569	2025/03/18 01:01:21	"GET /uv2582fip2582inf210/project_specifications.html HTTP/1.1"
2569	2025/03/18 09:38:09	"GET /uv2582fip2582inf210/project_presentation.html HTTP/1.1"
2569	2025/03/18 09:38:28	"GET /uv2582fip2582inf210/project_part3.html HTTP/1.1"
2569	2025/03/18 11:10:28	"GET /uv2582fip2582inf210/project_specifications.html HTTP/1.1"
2569	2025/03/18 16:17:55	"GET /uv2582fip2582inf210/technical_environment_home.html HTTP/1.1"
2569	2025/03/18 16:18:29	"GET /uv2582fip2582inf210/practice_postgresql.html HTTP/1.1"
