257	2025/03/24 09:56:03	"GET /uv2582fip2582inf210/data_home.html HTTP/1.1"
257	2025/03/24 09:56:08	"GET /uv2582fip2582inf210/lecture_conceptual_modeling.html HTTP/1.1"
257	2025/02/20 15:40:50	"GET /uv2582fip2582inf210/data_home.html HTTP/1.1"
257	2025/02/20 15:40:52	"GET /uv2582fip2582inf210/lecture_modeling_normalization.html HTTP/1.1"
257	2025/02/20 15:40:53	"GET /uv2582fip2582inf210/lecture_conceptual_modeling.html HTTP/1.1"
257	2025/02/20 17:41:48	"GET /uv2582fip2582inf210/lecture_conceptual_modeling.html HTTP/1.1"
257	2025/02/21 14:13:26	"GET /uv2582fip2582inf210/data_home.html HTTP/1.1"
257	2025/02/21 14:13:36	"GET /uv2582fip2582inf210/lecture_normalization.html HTTP/1.1"
257	2025/02/26 09:10:52	"GET /uv2582fip2582inf210/project_presentation.html HTTP/1.1"
257	2025/02/26 09:11:10	"GET /uv2582fip2582inf210/project_specifications.html HTTP/1.1"
257	2025/02/26 09:53:20	"GET /uv2582fip2582inf210/project_specifications.html HTTP/1.1"
257	2025/02/26 09:53:27	"GET /uv2582fip2582inf210/project_evaluation.html HTTP/1.1"
257	2025/02/26 09:57:37	"GET /uv2582fip2582inf210/project_part1.html HTTP/1.1"
257	2025/02/26 11:21:41	"GET /uv2582fip2582inf210/index.html HTTP/1.1"
257	2025/02/26 11:21:43	"GET /uv2582fip2582inf210/data_home.html HTTP/1.1"
257	2025/02/26 11:39:27	"GET /uv2582fip2582inf210/lecture_conceptual_modeling.html HTTP/1.1"
257	2025/02/26 14:15:59	"GET /uv2582fip2582inf210/project_part1.html HTTP/1.1"
257	2025/02/26 14:45:09	"GET /uv2582fip2582inf210/project_specifications.html HTTP/1.1"
257	2025/02/26 22:30:31	"GET /uv2582fip2582inf210/data_home.html HTTP/1.1"
257	2025/02/26 22:30:36	"GET /uv2582fip2582inf210/lecture_normalization.html HTTP/1.1"
257	2025/02/24 14:05:47	"GET /uv2582fip2582inf210/web_architecture_home.html HTTP/1.1"
257	2025/02/24 14:07:37	"GET /uv2582fip2582inf210/practice_spring_2tiers_ext.html HTTP/1.1"
257	2025/02/04 14:41:26	"GET /uv2582fip2582inf210/web_architecture_home.html HTTP/1.1"
257	2025/02/04 14:41:33	"GET /uv2582fip2582inf210/lecture_technical_architecture.html HTTP/1.1"
257	2025/02/04 14:48:20	"GET /uv2582fip2582inf210/lecture_software_architecture.html HTTP/1.1"
257	2025/02/04 14:49:04	"GET /uv2582fip2582inf210/lecture_dto.html HTTP/1.1"
257	2025/02/04 14:49:47	"GET /uv2582fip2582inf210/lecture_mvc_spring.html HTTP/1.1"
257	2025/02/04 14:50:08	"GET /uv2582fip2582inf210/lecture_jpa.html HTTP/1.1"
257	2025/02/04 14:50:15	"GET /uv2582fip2582inf210/practice_jpa.html HTTP/1.1"
257	2025/03/07 14:07:03	"GET /uv2582fip2582inf210/project_part2.html HTTP/1.1"
257	2025/03/07 15:11:26	"GET /uv2582fip2582inf210/project_part2.html HTTP/1.1"
257	2025/03/07 15:11:29	"GET /uv2582fip2582inf210/project_part3.html HTTP/1.1"
257	2025/03/07 15:45:10	"GET /uv2582fip2582inf210/project_part3.html HTTP/1.1"
257	2025/03/07 16:06:35	"GET /uv2582fip2582inf210/project_part3.html HTTP/1.1"
257	2025/03/07 16:37:47	"GET /uv2582fip2582inf210/project_part3.html HTTP/1.1"
257	2025/02/03 09:35:44	"GET /uv2582fip2582inf210/data_home.html HTTP/1.1"
257	2025/02/03 09:36:04	"GET /uv2582fip2582inf210/lecture_transaction.html HTTP/1.1"
257	2025/02/03 09:36:09	"GET /uv2582fip2582inf210/lecture_modeling_normalization.html HTTP/1.1"
257	2025/02/03 09:36:17	"GET /uv2582fip2582inf210/lecture_conceptual_modeling.html HTTP/1.1"
257	2025/02/03 09:36:23	"GET /uv2582fip2582inf210/index.html HTTP/1.1"
257	2025/02/03 09:37:02	"GET /uv2582fip2582inf210/activity_relational_model.html HTTP/1.1"
257	2025/02/03 09:37:13	"GET /uv2582fip2582inf210/lecture_db_integrity.html HTTP/1.1"
257	2025/02/03 10:02:25	"GET /uv2582fip2582inf210/activity_conceptual_modeling.html HTTP/1.1"
257	2025/02/03 10:07:34	"GET /uv2582fip2582inf210/activity_conceptual_modeling_correction.html HTTP/1.1"
257	2025/02/03 10:27:25	"GET /uv2582fip2582inf210/lecture_normalization.html HTTP/1.1"
257	2025/02/03 11:28:12	"GET /uv2582fip2582inf210/activity_normalization.html HTTP/1.1"
257	2025/02/03 11:44:17	"GET /uv2582fip2582inf210/activity_normalization_correction.html HTTP/1.1"
257	2025/01/24 09:41:01	"GET /uv2582fip2582inf210/technical_environment_home.html HTTP/1.1"
257	2025/01/24 10:36:05	"GET /uv2582fip2582inf210/practice_docker.html HTTP/1.1"
257	2025/01/24 10:36:13	"GET /uv2582fip2582inf210/documentation_docker.html HTTP/1.1"
257	2025/01/24 11:56:08	"GET /uv2582fip2582inf210/practice_docker_advanced.html HTTP/1.1"
257	2025/01/31 14:09:22	"GET /uv2582fip2582inf210/activity_sql.html HTTP/1.1"
257	2025/01/31 14:45:06	"GET /uv2582fip2582inf210/activity_sql_correction.html HTTP/1.1"
257	2025/01/31 15:51:54	"GET /uv2582fip2582inf210/practice_sql.html HTTP/1.1"
257	2025/01/31 16:11:50	"GET /uv2582fip2582inf210/practice_sql_correction.html HTTP/1.1"
257	2025/01/31 16:17:16	"GET /uv2582fip2582inf210/index.html HTTP/1.1"
257	2025/01/31 16:17:17	"GET /uv2582fip2582inf210/technical_environment_home.html HTTP/1.1"
257	2025/01/31 16:17:24	"GET /uv2582fip2582inf210/practice_docker.html HTTP/1.1"
257	2025/01/31 16:19:49	"GET /uv2582fip2582inf210/documentation_rdbms.html HTTP/1.1"
257	2025/01/31 16:20:08	"GET /uv2582fip2582inf210/practice_docker_advanced.html HTTP/1.1"
257	2025/01/31 16:42:47	"GET /uv2582fip2582inf210/data_home.html HTTP/1.1"
257	2025/01/31 16:43:00	"GET /uv2582fip2582inf210/web_architecture_home.html HTTP/1.1"
257	2025/01/30 09:39:46	"GET /uv2582fip2582inf210/data_home.html HTTP/1.1"
257	2025/01/30 09:39:57	"GET /uv2582fip2582inf210/web_architecture_home.html HTTP/1.1"
257	2025/01/30 09:40:20	"GET /uv2582fip2582inf210/PresentationUVINF210/pres.html HTTP/1.1"
257	2025/01/30 09:43:44	"GET /uv2582fip2582inf210/images/prerequisite_data/prerequisite_data_2025.html HTTP/1.1"
257	2025/01/30 09:44:25	"GET /uv2582fip2582inf210/project_home.html HTTP/1.1"
257	2025/01/30 09:48:08	"GET /uv2582fip2582inf210/technical_environment_home.html HTTP/1.1"
257	2025/01/30 09:48:12	"GET /uv2582fip2582inf210/documentation_programming.html HTTP/1.1"
257	2025/01/30 09:49:35	"GET /uv2582fip2582inf210/lecture_relational_model.html HTTP/1.1"
257	2025/01/30 09:56:43	"GET /uv2582fip2582inf210/lecture_db_integrity.html HTTP/1.1"
257	2025/01/30 10:05:30	"GET /uv2582fip2582inf210/activity_relational_model.html HTTP/1.1"
257	2025/01/30 12:04:37	"GET /uv2582fip2582inf210/activity_relational_model_correction.html HTTP/1.1"
257	2025/02/17 14:08:26	"GET /uv2582fip2582inf210/data_home.html HTTP/1.1"
257	2025/02/17 14:08:29	"GET /uv2582fip2582inf210/lecture_modeling_normalization.html HTTP/1.1"
257	2025/02/17 14:08:40	"GET /uv2582fip2582inf210/lecture_conceptual_modeling.html HTTP/1.1"
257	2025/02/17 14:10:09	"GET /uv2582fip2582inf210/lecture_relational_model.html HTTP/1.1"
257	2025/02/17 14:10:39	"GET /uv2582fip2582inf210/lecture_normalization.html HTTP/1.1"
257	2025/02/17 14:13:58	"GET /uv2582fip2582inf210/activity_conceptual_modeling.html HTTP/1.1"
257	2025/02/17 14:14:00	"GET /uv2582fip2582inf210/activity_conceptual_modeling_correction.html HTTP/1.1"
257	2025/02/17 14:17:58	"GET /uv2582fip2582inf210/activity_normalization.html HTTP/1.1"
257	2025/02/17 14:19:50	"GET /uv2582fip2582inf210/activity_normalization_correction.html HTTP/1.1"
257	2025/02/17 18:05:25	"GET /uv2582fip2582inf210/lecture_normalization.html HTTP/1.1"
257	2025/03/14 18:08:12	"GET /uv2582fip2582inf210/data_home.html HTTP/1.1"
257	2025/03/14 18:08:15	"GET /uv2582fip2582inf210/project_presentation.html HTTP/1.1"
257	2025/03/14 18:08:27	"GET /uv2582fip2582inf210/project_specifications.html HTTP/1.1"
257	2025/03/14 19:11:41	"GET /uv2582fip2582inf210/project_specifications.html HTTP/1.1"
257	2025/01/22 14:39:48	"GET /uv2582fip2582inf210/project_home.html HTTP/1.1"
257	2025/01/22 14:47:34	"GET /uv2582fip2582inf210/technical_environment_home.html HTTP/1.1"
257	2025/06/11 12:14:37	"GET /uv2582fip2582inf210/web_architecture_home.html HTTP/1.1"
257	2025/06/11 12:14:59	"GET /uv2582fip2582inf210/data_home.html HTTP/1.1"
257	2025/06/11 12:15:31	"GET /uv2582fip2582inf210/lecture_modeling_normalization.html HTTP/1.1"
257	2025/06/11 12:15:36	"GET /uv2582fip2582inf210/lecture_conceptual_modeling.html HTTP/1.1"
257	2025/02/05 14:06:46	"GET /uv2582fip2582inf210/lecture_mvc_spring.html HTTP/1.1"
257	2025/02/05 14:08:33	"GET /uv2582fip2582inf210/index.html HTTP/1.1"
257	2025/02/05 14:08:36	"GET /uv2582fip2582inf210/data_home.html HTTP/1.1"
257	2025/02/05 14:08:39	"GET /uv2582fip2582inf210/lecture_transaction.html HTTP/1.1"
257	2025/02/05 14:17:22	"GET /uv2582fip2582inf210/practice_transaction.html HTTP/1.1"
257	2025/02/05 14:21:15	"GET /uv2582fip2582inf210/documentation_rdbms.html HTTP/1.1"
257	2025/02/05 14:21:53	"GET /uv2582fip2582inf210/technical_environment_home.html HTTP/1.1"
257	2025/02/05 14:22:04	"GET /uv2582fip2582inf210/practice_docker.html HTTP/1.1"
257	2025/02/05 15:14:22	"GET /uv2582fip2582inf210/practice_transaction_correction.html HTTP/1.1"
257	2025/02/05 15:59:44	"GET /uv2582fip2582inf210/images/prerequisite_data/prerequisite_data_2025.html HTTP/1.1"
257	2025/02/10 14:14:32	"GET /uv2582fip2582inf210/data_home.html HTTP/1.1"
257	2025/02/10 14:18:38	"GET /uv2582fip2582inf210/lecture_modeling_normalization.html HTTP/1.1"
257	2025/02/10 14:18:42	"GET /uv2582fip2582inf210/activity_conceptual_modeling.html HTTP/1.1"
257	2025/02/10 14:18:44	"GET /uv2582fip2582inf210/lecture_conceptual_modeling.html HTTP/1.1"
257	2025/02/10 14:18:53	"GET /uv2582fip2582inf210/lecture_transaction.html HTTP/1.1"
257	2025/02/10 14:20:20	"GET /uv2582fip2582inf210/lecture_normalization.html HTTP/1.1"
257	2025/02/10 14:31:12	"GET /uv2582fip2582inf210/lecture_independence_views.html HTTP/1.1"
257	2025/02/10 14:31:42	"GET /uv2582fip2582inf210/practice_independence_views.html HTTP/1.1"
257	2025/02/10 14:31:57	"GET /uv2582fip2582inf210/activity_decomposition.html HTTP/1.1"
257	2025/02/10 14:43:16	"GET /uv2582fip2582inf210/lecture_relational_model.html HTTP/1.1"
257	2025/02/10 14:43:33	"GET /uv2582fip2582inf210/lecture_db_integrity.html HTTP/1.1"
257	2025/02/10 16:01:43	"GET /uv2582fip2582inf210/lecture_isolation.html HTTP/1.1"
257	2025/02/10 16:06:43	"GET /uv2582fip2582inf210/practice_transaction.html HTTP/1.1"
257	2025/02/10 16:10:37	"GET /uv2582fip2582inf210/index.html HTTP/1.1"
257	2025/02/10 16:10:45	"GET /uv2582fip2582inf210/web_architecture_home.html HTTP/1.1"
257	2025/02/10 16:11:56	"GET /uv2582fip2582inf210/lecture_technical_architecture.html HTTP/1.1"
257	2025/02/10 16:12:06	"GET /uv2582fip2582inf210/lecture_software_architecture.html HTTP/1.1"
257	2025/02/10 16:12:23	"GET /uv2582fip2582inf210/lecture_dto.html HTTP/1.1"
257	2025/02/10 16:12:50	"GET /uv2582fip2582inf210/lecture_mvc_spring.html HTTP/1.1"
257	2025/02/10 16:13:30	"GET /uv2582fip2582inf210/lecture_jpa.html HTTP/1.1"
257	2025/02/10 16:38:51	"GET /uv2582fip2582inf210/practice_jpa.html HTTP/1.1"
257	2025/02/12 10:18:47	"GET /uv2582fip2582inf210/practice_jpa.html HTTP/1.1"
257	2025/02/12 14:46:38	"GET /uv2582fip2582inf210/practice_jpa_advanced.html HTTP/1.1"
257	2025/02/12 14:55:55	"GET /uv2582fip2582inf210/practice_jpa_advanced.html HTTP/1.1"
257	2025/03/04 20:29:10	"GET /uv2582fip2582inf210/project_presentation.html HTTP/1.1"
257	2025/03/04 20:29:12	"GET /uv2582fip2582inf210/project_part2.html HTTP/1.1"
257	2025/03/03 11:06:09	"GET /uv2582fip2582inf210/project_presentation.html HTTP/1.1"
257	2025/03/03 11:38:23	"GET /uv2582fip2582inf210/project_presentation.html HTTP/1.1"
257	2025/03/03 11:38:24	"GET /uv2582fip2582inf210/project_presentation.html HTTP/1.1"
257	2025/03/03 11:38:24	"GET /uv2582fip2582inf210/project_presentation.html HTTP/1.1"
257	2025/03/03 11:38:24	"GET /uv2582fip2582inf210/project_presentation.html HTTP/1.1"
257	2025/03/03 11:38:27	"GET /uv2582fip2582inf210/project_part2.html HTTP/1.1"
257	2025/03/03 11:39:00	"GET /uv2582fip2582inf210/project_part2.html HTTP/1.1"
257	2025/03/03 11:41:15	"GET /uv2582fip2582inf210/project_part1.html HTTP/1.1"
257	2025/03/03 11:41:23	"GET /uv2582fip2582inf210/project_part2.html HTTP/1.1"
257	2025/03/03 11:52:35	"GET /uv2582fip2582inf210/project_part2.html HTTP/1.1"
257	2025/03/03 11:53:11	"GET /uv2582fip2582inf210/project_part1.html HTTP/1.1"
257	2025/03/03 14:10:33	"GET /uv2582fip2582inf210/project_presentation.html HTTP/1.1"
257	2025/03/03 14:10:34	"GET /uv2582fip2582inf210/project_part2.html HTTP/1.1"
257	2025/03/03 15:56:20	"GET /uv2582fip2582inf210/project_part2.html HTTP/1.1"
257	2025/02/14 09:37:16	"GET /uv2582fip2582inf210/web_architecture_home.html HTTP/1.1"
257	2025/02/14 09:56:58	"GET /uv2582fip2582inf210/practice_spring_2tiers.html HTTP/1.1"
257	2025/02/14 20:38:37	"GET /uv2582fip2582inf210/practice_spring_2tiers.html HTTP/1.1"
257	2025/02/14 20:38:40	"GET /uv2582fip2582inf210/index.html HTTP/1.1"
257	2025/01/29 14:04:23	"GET /uv2582fip2582inf210/technical_environment_home.html HTTP/1.1"
257	2025/01/29 14:04:51	"GET /uv2582fip2582inf210/documentation_docker.html HTTP/1.1"
257	2025/01/29 14:06:47	"GET /uv2582fip2582inf210/practice_docker.html HTTP/1.1"
257	2025/01/29 14:07:04	"GET /uv2582fip2582inf210/practice_docker_advanced.html HTTP/1.1"
257	2025/01/29 14:12:02	"GET /uv2582fip2582inf210/documentation_rdbms.html HTTP/1.1"
257	2025/01/29 14:12:12	"GET /uv2582fip2582inf210/practice_postgresql.html HTTP/1.1"
257	2025/01/29 14:48:40	"GET /uv2582fip2582inf210/documentation_programming.html HTTP/1.1"
