2570	2025/02/27 08:12:15	"GET /uv2582fip2582inf210/web_architecture_home.html HTTP/1.1"
2570	2025/02/27 08:12:22	"GET /uv2582fip2582inf210/practice_spring_2tiers.html HTTP/1.1"
2570	2025/02/27 08:32:18	"GET /uv2582fip2582inf210/project_presentation.html HTTP/1.1"
2570	2025/02/27 08:33:04	"GET /uv2582fip2582inf210/project_evaluation.html HTTP/1.1"
2570	2025/03/24 10:36:12	"GET /uv2582fip2582inf210/data_home.html HTTP/1.1"
2570	2025/03/24 10:37:28	"GET /uv2582fip2582inf210/lecture_relational_model.html HTTP/1.1"
2570	2025/03/24 10:37:38	"GET /uv2582fip2582inf210/lecture_db_integrity.html HTTP/1.1"
2570	2025/03/24 10:37:59	"GET /uv2582fip2582inf210/index.html HTTP/1.1"
2570	2025/03/24 10:38:08	"GET /uv2582fip2582inf210/technical_environment_home.html HTTP/1.1"
2570	2025/03/24 10:38:10	"GET /uv2582fip2582inf210/web_architecture_home.html HTTP/1.1"
2570	2025/02/21 15:48:23	"GET /uv2582fip2582inf210/data_home.html HTTP/1.1"
2570	2025/02/21 15:48:27	"GET /uv2582fip2582inf210/project_home.html HTTP/1.1"
2570	2025/02/21 15:49:33	"GET /uv2582fip2582inf210/web_architecture_home.html HTTP/1.1"
2570	2025/02/21 15:49:38	"GET /uv2582fip2582inf210/images/prerequisite_archiweb/prerequisite_archiweb_2025.html HTTP/1.1"
2570	2025/02/21 15:49:48	"GET /uv2582fip2582inf210/lecture_json.html HTTP/1.1"
2570	2025/02/21 15:59:01	"GET /uv2582fip2582inf210/practice_json.html HTTP/1.1"
2570	2025/03/28 22:38:32	"GET /uv2582fip2582inf210/project_presentation.html HTTP/1.1"
2570	2025/03/28 22:38:33	"GET /uv2582fip2582inf210/project_evaluation.html HTTP/1.1"
2570	2025/03/28 22:39:18	"GET /uv2582fip2582inf210/project_task_time.html HTTP/1.1"
2570	2025/03/21 14:38:44	"GET /uv2582fip2582inf210/project_presentation.html HTTP/1.1"
2570	2025/03/21 14:38:48	"GET /uv2582fip2582inf210/project_part1.html HTTP/1.1"
2570	2025/03/21 14:38:56	"GET /uv2582fip2582inf210/project_part2.html HTTP/1.1"
2570	2025/03/21 14:39:23	"GET /uv2582fip2582inf210/project_part3.html HTTP/1.1"
2570	2025/03/21 14:40:27	"GET /uv2582fip2582inf210/project_structureui.html HTTP/1.1"
2570	2025/03/21 14:40:34	"GET /uv2582fip2582inf210/project_specifications.html HTTP/1.1"
2570	2025/02/25 11:21:06	"GET /uv2582fip2582inf210/web_architecture_home.html HTTP/1.1"
2570	2025/02/25 11:21:20	"GET /uv2582fip2582inf210/practice_spring_2tiers.html HTTP/1.1"
2570	2025/03/07 09:41:15	"GET /uv2582fip2582inf210/project_presentation.html HTTP/1.1"
2570	2025/03/07 09:41:24	"GET /uv2582fip2582inf210/project_part1.html HTTP/1.1"
2570	2025/03/07 09:42:02	"GET /uv2582fip2582inf210/project_specifications.html HTTP/1.1"
2570	2025/03/07 09:57:08	"GET /uv2582fip2582inf210/project_part2.html HTTP/1.1"
2570	2025/03/12 22:17:58	"GET /uv2582fip2582inf210/data_home.html HTTP/1.1"
2570	2025/03/12 22:18:02	"GET /uv2582fip2582inf210/project_presentation.html HTTP/1.1"
2570	2025/03/12 22:18:06	"GET /uv2582fip2582inf210/project_part2.html HTTP/1.1"
2570	2025/02/19 14:23:38	"GET /uv2582fip2582inf210/data_home.html HTTP/1.1"
2570	2025/02/19 14:29:01	"GET /uv2582fip2582inf210/data_home.html HTTP/1.1"
2570	2025/02/19 14:29:15	"GET /uv2582fip2582inf210/project_home.html HTTP/1.1"
2570	2025/02/19 14:29:20	"GET /uv2582fip2582inf210/technical_environment_home.html HTTP/1.1"
2570	2025/02/19 14:29:25	"GET /uv2582fip2582inf210/web_architecture_home.html HTTP/1.1"
2570	2025/02/19 14:29:30	"GET /uv2582fip2582inf210/practice_jpa.html HTTP/1.1"
2570	2025/02/19 14:30:17	"GET /uv2582fip2582inf210/lecture_xml.html HTTP/1.1"
2570	2025/02/19 14:30:56	"GET /uv2582fip2582inf210/lecture_validity.html HTTP/1.1"
2570	2025/02/19 14:35:16	"GET /uv2582fip2582inf210/practice_jpa_advanced.html HTTP/1.1"
2570	2025/03/15 18:13:20	"GET /uv2582fip2582inf210/project_presentation.html HTTP/1.1"
2570	2025/03/15 18:13:23	"GET /uv2582fip2582inf210/project_part3.html HTTP/1.1"
2570	2025/03/08 14:08:54	"GET /uv2582fip2582inf210/project_presentation.html HTTP/1.1"
2570	2025/03/08 14:08:58	"GET /uv2582fip2582inf210/project_part2.html HTTP/1.1"
2570	2025/03/09 14:27:06	"GET /uv2582fip2582inf210/web_architecture_home.html HTTP/1.1"
2570	2025/03/09 14:27:08	"GET /uv2582fip2582inf210/project_presentation.html HTTP/1.1"
2570	2025/03/09 14:27:10	"GET /uv2582fip2582inf210/project_part2.html HTTP/1.1"
2570	2025/03/01 10:53:14	"GET /uv2582fip2582inf210/project_presentation.html HTTP/1.1"
2570	2025/03/01 10:53:25	"GET /uv2582fip2582inf210/project_part1.html HTTP/1.1"
2570	2025/03/01 10:59:39	"GET /uv2582fip2582inf210/web_architecture_home.html HTTP/1.1"
2570	2025/03/01 10:59:41	"GET /uv2582fip2582inf210/practice_spring_2tiers.html HTTP/1.1"
2570	2025/03/14 10:27:59	"GET /uv2582fip2582inf210/project_presentation.html HTTP/1.1"
2570	2025/03/14 10:28:01	"GET /uv2582fip2582inf210/project_part2.html HTTP/1.1"
2570	2025/03/14 13:57:52	"GET /uv2582fip2582inf210/project_part2.html HTTP/1.1"
2570	2025/01/22 14:20:03	"GET /uv2582fip2582inf210/technical_environment_home.html HTTP/1.1"
2570	2025/01/22 14:20:07	"GET /uv2582fip2582inf210/practice_docker.html HTTP/1.1"
2570	2025/01/22 14:23:58	"GET /uv2582fip2582inf210/practice_docker_advanced.html HTTP/1.1"
2570	2025/01/22 14:36:38	"GET /uv2582fip2582inf210/documentation_rdbms.html HTTP/1.1"
2570	2025/01/22 14:36:42	"GET /uv2582fip2582inf210/practice_postgresql.html HTTP/1.1"
2570	2025/01/22 15:50:13	"GET /uv2582fip2582inf210/documentation_programming.html HTTP/1.1"
2570	2025/01/22 15:50:26	"GET /uv2582fip2582inf210/inversion_of_control.html HTTP/1.1"
2570	2025/01/22 15:51:02	"GET /uv2582fip2582inf210/spring_bean.html HTTP/1.1"
2570	2025/01/22 15:51:22	"GET /uv2582fip2582inf210/practice_spring.html HTTP/1.1"
2570	2025/01/22 15:53:07	"GET /uv2582fip2582inf210/index.html HTTP/1.1"
2570	2025/01/22 15:53:12	"GET /uv2582fip2582inf210/web_architecture_home.html HTTP/1.1"
2570	2025/01/22 15:53:18	"GET /uv2582fip2582inf210/data_home.html HTTP/1.1"
2570	2025/01/22 15:53:21	"GET /uv2582fip2582inf210/project_home.html HTTP/1.1"
2570	2025/02/18 11:51:45	"GET /uv2582fip2582inf210/data_home.html HTTP/1.1"
2570	2025/02/18 11:51:47	"GET /uv2582fip2582inf210/images/prerequisite_data/prerequisite_data_2025.html HTTP/1.1"
2570	2025/02/18 11:51:55	"GET /uv2582fip2582inf210/practice_advanced_sql.html HTTP/1.1"
2570	2025/03/13 10:14:38	"GET /uv2582fip2582inf210/project_part2.html HTTP/1.1"
2570	2025/03/13 11:36:19	"GET /uv2582fip2582inf210/project_part3.html HTTP/1.1"
2570	2025/03/13 19:20:13	"GET /uv2582fip2582inf210/project_presentation.html HTTP/1.1"
2570	2025/03/06 08:07:52	"GET /uv2582fip2582inf210/project_presentation.html HTTP/1.1"
2570	2025/03/06 08:08:26	"GET /uv2582fip2582inf210/project_part2.html HTTP/1.1"
2570	2025/03/06 08:09:08	"GET /uv2582fip2582inf210/project_part1.html HTTP/1.1"
2570	2025/03/06 08:11:32	"GET /uv2582fip2582inf210/project_specifications.html HTTP/1.1"
2570	2025/03/06 12:03:42	"GET /uv2582fip2582inf210/index.html HTTP/1.1"
2570	2025/03/06 12:04:12	"GET /uv2582fip2582inf210/activity_conceptual_modeling.html HTTP/1.1"
2570	2025/03/06 12:04:31	"GET /uv2582fip2582inf210/activity_conceptual_modeling_correction.html HTTP/1.1"
2570	2025/03/06 15:45:49	"GET /uv2582fip2582inf210/project_presentation.html HTTP/1.1"
2570	2025/03/06 15:45:52	"GET /uv2582fip2582inf210/project_part1.html HTTP/1.1"
2570	2025/03/06 15:45:58	"GET /uv2582fip2582inf210/project_specifications.html HTTP/1.1"
2570	2025/03/06 15:46:40	"GET /uv2582fip2582inf210/project_task_time.html HTTP/1.1"
2570	2025/02/10 14:02:51	"GET /uv2582fip2582inf210/data_home.html HTTP/1.1"
2570	2025/02/10 14:10:35	"GET /uv2582fip2582inf210/images/prerequisite_data/prerequisite_data_2025.html HTTP/1.1"
2570	2025/02/10 14:11:35	"GET /uv2582fip2582inf210/lecture_modeling_normalization.html HTTP/1.1"
2570	2025/02/10 14:22:37	"GET /uv2582fip2582inf210/lecture_conceptual_modeling.html HTTP/1.1"
2570	2025/02/10 14:34:34	"GET /uv2582fip2582inf210/activity_conceptual_modeling.html HTTP/1.1"
2570	2025/02/10 14:39:53	"GET /uv2582fip2582inf210/lecture_normalization.html HTTP/1.1"
2570	2025/02/10 14:47:36	"GET /uv2582fip2582inf210/project_home.html HTTP/1.1"
2570	2025/02/10 14:51:09	"GET /uv2582fip2582inf210/activity_normalization.html HTTP/1.1"
2570	2025/02/10 14:56:24	"GET /uv2582fip2582inf210/activity_normalization_correction.html HTTP/1.1"
2570	2025/02/10 15:38:16	"GET /uv2582fip2582inf210/activity_decomposition.html HTTP/1.1"
2570	2025/02/10 16:05:51	"GET /uv2582fip2582inf210/lecture_independence_views.html HTTP/1.1"
2570	2025/02/10 16:35:18	"GET /uv2582fip2582inf210/activity_sql.html HTTP/1.1"
2570	2025/03/19 08:08:26	"GET /uv2582fip2582inf210/project_presentation.html HTTP/1.1"
2570	2025/03/19 08:08:30	"GET /uv2582fip2582inf210/project_specifications.html HTTP/1.1"
2570	2025/01/20 11:20:47	"GET /uv2582fip2582inf210/project_home.html HTTP/1.1"
2570	2025/01/20 11:20:57	"GET /uv2582fip2582inf210/index.html HTTP/1.1"
2570	2025/01/20 11:21:01	"GET /uv2582fip2582inf210/technical_environment_home.html HTTP/1.1"
2570	2025/01/20 11:25:31	"GET /uv2582fip2582inf210/web_architecture_home.html HTTP/1.1"
2570	2025/01/20 11:45:17	"GET /uv2582fip2582inf210/index.html HTTP/1.1"
2570	2025/01/20 12:01:32	"GET /uv2582fip2582inf210/documentation_programming.html HTTP/1.1"
2570	2025/01/20 14:11:06	"GET /uv2582fip2582inf210/practice_docker.html HTTP/1.1"
2570	2025/01/20 14:11:08	"GET /uv2582fip2582inf210/documentation_docker.html HTTP/1.1"
2570	2025/02/12 11:24:02	"GET /uv2582fip2582inf210/technical_environment_home.html HTTP/1.1"
2570	2025/02/12 11:24:08	"GET /uv2582fip2582inf210/web_architecture_home.html HTTP/1.1"
2570	2025/02/12 11:24:18	"GET /uv2582fip2582inf210/data_home.html HTTP/1.1"
2570	2025/03/11 08:02:13	"GET /uv2582fip2582inf210/web_architecture_home.html HTTP/1.1"
2570	2025/03/11 08:02:15	"GET /uv2582fip2582inf210/project_presentation.html HTTP/1.1"
2570	2025/03/11 08:02:18	"GET /uv2582fip2582inf210/project_part2.html HTTP/1.1"
2570	2025/03/11 11:44:10	"GET /uv2582fip2582inf210/project_presentation.html HTTP/1.1"
2570	2025/03/11 16:57:35	"GET /uv2582fip2582inf210/project_part2.html HTTP/1.1"
2570	2025/03/04 08:35:24	"GET /uv2582fip2582inf210/practice_jpa_advanced.html HTTP/1.1"
2570	2025/03/04 08:40:14	"GET /uv2582fip2582inf210/lecture_relational_model.html HTTP/1.1"
2570	2025/03/04 09:50:32	"GET /uv2582fip2582inf210/activity_relational_model.html HTTP/1.1"
2570	2025/03/04 10:28:40	"GET /uv2582fip2582inf210/practice_advanced_sql.html HTTP/1.1"
2570	2025/03/04 10:28:50	"GET /uv2582fip2582inf210/practice_advanced_sql_correction.html HTTP/1.1"
2570	2025/03/04 10:28:55	"GET /uv2582fip2582inf210/practice_sql.html HTTP/1.1"
2570	2025/03/04 10:29:16	"GET /uv2582fip2582inf210/practice_sql_correction.html HTTP/1.1"
2570	2025/03/03 21:13:13	"GET /uv2582fip2582inf210/data_home.html HTTP/1.1"
2570	2025/03/03 21:13:27	"GET /uv2582fip2582inf210/activity_conceptual_modeling.html HTTP/1.1"
2570	2025/03/03 21:39:08	"GET /uv2582fip2582inf210/web_architecture_home.html HTTP/1.1"
2570	2025/03/03 21:39:10	"GET /uv2582fip2582inf210/data_home.html HTTP/1.1"
2570	2025/03/03 21:39:15	"GET /uv2582fip2582inf210/lecture_conceptual_modeling.html HTTP/1.1"
2570	2025/03/03 21:39:38	"GET /uv2582fip2582inf210/lecture_normalization.html HTTP/1.1"
2570	2025/03/03 21:39:48	"GET /uv2582fip2582inf210/activity_normalization.html HTTP/1.1"
2570	2025/03/03 21:39:56	"GET /uv2582fip2582inf210/activity_decomposition.html HTTP/1.1"
2570	2025/03/03 22:19:25	"GET /uv2582fip2582inf210/index.html HTTP/1.1"
2570	2025/03/03 22:19:33	"GET /uv2582fip2582inf210/practice_spring_2tiers.html HTTP/1.1"
2570	2025/03/17 14:08:31	"GET /uv2582fip2582inf210/project_presentation.html HTTP/1.1"
2570	2025/03/17 14:08:35	"GET /uv2582fip2582inf210/project_part2.html HTTP/1.1"
2570	2025/03/17 14:09:38	"GET /uv2582fip2582inf210/project_part3.html HTTP/1.1"
2570	2025/03/17 14:11:10	"GET /uv2582fip2582inf210/project_part1.html HTTP/1.1"
2570	2025/03/17 14:13:07	"GET /uv2582fip2582inf210/project_structureui.html HTTP/1.1"
2570	2025/01/29 09:46:33	"GET /uv2582fip2582inf210/project_home.html HTTP/1.1"
2570	2025/01/29 09:46:51	"GET /uv2582fip2582inf210/index.html HTTP/1.1"
2570	2025/01/29 09:46:55	"GET /uv2582fip2582inf210/data_home.html HTTP/1.1"
2570	2025/01/29 14:12:13	"GET /uv2582fip2582inf210/web_architecture_home.html HTTP/1.1"
2570	2025/01/29 14:12:22	"GET /uv2582fip2582inf210/lecture_technical_architecture.html HTTP/1.1"
2570	2025/01/29 14:12:39	"GET /uv2582fip2582inf210/index.html HTTP/1.1"
2570	2025/01/29 14:12:55	"GET /uv2582fip2582inf210/data_home.html HTTP/1.1"
2570	2025/01/29 14:12:58	"GET /uv2582fip2582inf210/lecture_relational_model.html HTTP/1.1"
2570	2025/01/29 14:17:31	"GET /uv2582fip2582inf210/lecture_db_integrity.html HTTP/1.1"
2570	2025/01/29 14:25:23	"GET /uv2582fip2582inf210/lecture_relational_algebra.html HTTP/1.1"
2570	2025/01/29 14:25:50	"GET /uv2582fip2582inf210/activity_relational_model.html HTTP/1.1"
2570	2025/01/29 14:29:48	"GET /uv2582fip2582inf210/activity_relational_model_correction.html HTTP/1.1"
2570	2025/01/29 14:48:59	"GET /uv2582fip2582inf210/data_home.html HTTP/1.1"
2570	2025/01/29 14:49:04	"GET /uv2582fip2582inf210/lecture_modeling_normalization.html HTTP/1.1"
2570	2025/01/29 14:49:08	"GET /uv2582fip2582inf210/lecture_relational_algebra.html HTTP/1.1"
2570	2025/01/29 14:49:11	"GET /uv2582fip2582inf210/activity_relational_model.html HTTP/1.1"
2570	2025/01/29 15:40:58	"GET /uv2582fip2582inf210/lecture_modeling_normalization.html HTTP/1.1"
2570	2025/01/29 15:42:20	"GET /uv2582fip2582inf210/lecture_conceptual_modeling.html HTTP/1.1"
2570	2025/01/29 15:59:14	"GET /uv2582fip2582inf210/activity_conceptual_modeling.html HTTP/1.1"
2570	2025/03/05 14:10:03	"GET /uv2582fip2582inf210/web_architecture_home.html HTTP/1.1"
2570	2025/03/05 14:10:05	"GET /uv2582fip2582inf210/practice_spring_2tiers_ext.html HTTP/1.1"
2570	2025/03/05 15:15:19	"GET /uv2582fip2582inf210/project_presentation.html HTTP/1.1"
2570	2025/03/05 15:15:27	"GET /uv2582fip2582inf210/project_part1.html HTTP/1.1"
2570	2025/03/05 15:41:05	"GET /uv2582fip2582inf210/project_part3.html HTTP/1.1"
2570	2025/03/05 15:44:33	"GET /uv2582fip2582inf210/project_specifications.html HTTP/1.1"
2570	2025/03/05 15:44:39	"GET /uv2582fip2582inf210/project_evaluation.html HTTP/1.1"
2570	2025/03/05 15:54:04	"GET /uv2582fip2582inf210/project_task_time.html HTTP/1.1"
2570	2025/03/05 15:56:39	"GET /uv2582fip2582inf210/index.html HTTP/1.1"
2570	2025/03/05 16:32:09	"GET /uv2582fip2582inf210/technical_environment_home.html HTTP/1.1"
2570	2025/03/05 19:12:12	"GET /uv2582fip2582inf210/data_home.html HTTP/1.1"
2570	2025/03/05 19:12:17	"GET /uv2582fip2582inf210/activity_conceptual_modeling.html HTTP/1.1"
2570	2025/03/05 19:12:21	"GET /uv2582fip2582inf210/lecture_conceptual_modeling.html HTTP/1.1"
2570	2025/03/05 19:13:05	"GET /uv2582fip2582inf210/lecture_relational_model.html HTTP/1.1"
2570	2025/02/13 08:07:35	"GET /uv2582fip2582inf210/data_home.html HTTP/1.1"
2570	2025/02/13 08:07:53	"GET /uv2582fip2582inf210/images/prerequisite_data/prerequisite_data_2025.html HTTP/1.1"
2570	2025/02/13 08:10:25	"GET /uv2582fip2582inf210/activity_sql.html HTTP/1.1"
2570	2025/02/13 08:20:29	"GET /uv2582fip2582inf210/activity_sql_correction.html HTTP/1.1"
2570	2025/02/13 08:21:56	"GET /uv2582fip2582inf210/practice_sql.html HTTP/1.1"
2570	2025/02/13 10:14:03	"GET /uv2582fip2582inf210/practice_sql_correction.html HTTP/1.1"
2570	2025/02/13 10:31:17	"GET /uv2582fip2582inf210/project_home.html HTTP/1.1"
2570	2025/02/13 10:47:14	"GET /uv2582fip2582inf210/lecture_transaction.html HTTP/1.1"
2570	2025/02/13 10:47:25	"GET /uv2582fip2582inf210/practice_advanced_sql.html HTTP/1.1"
2570	2025/02/13 11:07:37	"GET /uv2582fip2582inf210/practice_transaction.html HTTP/1.1"
2570	2025/02/13 11:31:26	"GET /uv2582fip2582inf210/practice_transaction_correction.html HTTP/1.1"
2570	2025/02/13 12:03:57	"GET /uv2582fip2582inf210/practice_transaction.html HTTP/1.1"
2570	2025/02/13 12:04:00	"GET /uv2582fip2582inf210/practice_transaction_correction.html HTTP/1.1"
2570	2025/03/18 09:32:29	"GET /uv2582fip2582inf210/project_presentation.html HTTP/1.1"
2570	2025/03/18 09:45:54	"GET /uv2582fip2582inf210/project_structureui.html HTTP/1.1"
2570	2025/03/18 09:46:11	"GET /uv2582fip2582inf210/project_specifications.html HTTP/1.1"
2570	2025/03/18 19:23:05	"GET /uv2582fip2582inf210/project_presentation.html HTTP/1.1"
2570	2025/03/18 19:23:09	"GET /uv2582fip2582inf210/project_specifications.html HTTP/1.1"
