2571	2025/02/27 08:26:14	"GET /uv2582fip2582inf210/data_home.html HTTP/1.1"
2571	2025/02/27 08:26:18	"GET /uv2582fip2582inf210/images/prerequisite_data/prerequisite_data_2025.html HTTP/1.1"
2571	2025/02/27 08:26:44	"GET /uv2582fip2582inf210/project_presentation.html HTTP/1.1"
2571	2025/02/27 08:27:10	"GET /uv2582fip2582inf210/practice_transaction.html HTTP/1.1"
2571	2025/02/27 08:27:36	"GET /uv2582fip2582inf210/web_architecture_home.html HTTP/1.1"
2571	2025/02/27 08:27:41	"GET /uv2582fip2582inf210/images/prerequisite_archiweb/prerequisite_archiweb_2025.html HTTP/1.1"
2571	2025/02/27 08:27:42	"GET /uv2582fip2582inf210/practice_jpa_advanced.html HTTP/1.1"
2571	2025/02/27 08:28:20	"GET /uv2582fip2582inf210/index.html HTTP/1.1"
2571	2025/02/27 08:30:26	"GET /uv2582fip2582inf210/practice_jpa.html HTTP/1.1"
2571	2025/02/27 08:32:47	"GET /uv2582fip2582inf210/practice_spring_2tiers.html HTTP/1.1"
2571	2025/02/27 08:34:34	"GET /uv2582fip2582inf210/project_evaluation.html HTTP/1.1"
2571	2025/02/27 08:35:37	"GET /uv2582fip2582inf210/project_specifications.html HTTP/1.1"
2571	2025/02/27 08:35:47	"GET /uv2582fip2582inf210/project_task_time.html HTTP/1.1"
2571	2025/02/27 08:35:50	"GET /uv2582fip2582inf210/project_part1.html HTTP/1.1"
2571	2025/02/27 09:55:25	"GET /uv2582fip2582inf210/images/prerequisite_archiweb/prerequisite_archiweb_2025.html HTTP/1.1"
2571	2025/02/27 09:55:27	"GET /uv2582fip2582inf210/practice_spring_2tiers.html HTTP/1.1"
2571	2025/02/27 09:56:11	"GET /uv2582fip2582inf210/technical_environment_home.html HTTP/1.1"
2571	2025/02/27 09:56:17	"GET /uv2582fip2582inf210/images/prerequisite_techenv/prerequisite_techenv_2025.html HTTP/1.1"
2571	2025/02/27 09:56:21	"GET /uv2582fip2582inf210/documentation_docker.html HTTP/1.1"
2571	2025/02/27 09:56:28	"GET /uv2582fip2582inf210/practice_docker.html HTTP/1.1"
2571	2025/03/24 09:18:59	"GET /uv2582fip2582inf210/technical_environment_home.html HTTP/1.1"
2571	2025/03/24 09:19:12	"GET /uv2582fip2582inf210/documentation_docker.html HTTP/1.1"
2571	2025/03/24 09:21:14	"GET /uv2582fip2582inf210/documentation_programming.html HTTP/1.1"
2571	2025/02/19 14:05:12	"GET /uv2582fip2582inf210/web_architecture_home.html HTTP/1.1"
2571	2025/02/19 14:05:16	"GET /uv2582fip2582inf210/images/prerequisite_archiweb/prerequisite_archiweb_2025.html HTTP/1.1"
2571	2025/02/19 14:05:17	"GET /uv2582fip2582inf210/practice_spring_2tiers.html HTTP/1.1"
2571	2025/02/19 14:05:38	"GET /uv2582fip2582inf210/practice_jpa.html HTTP/1.1"
2571	2025/02/19 14:06:12	"GET /uv2582fip2582inf210/practice_jpa_advanced.html HTTP/1.1"
2571	2025/02/19 14:17:40	"GET /uv2582fip2582inf210/lecture_mvc_spring.html HTTP/1.1"
2571	2025/02/19 14:17:50	"GET /uv2582fip2582inf210/lecture_software_architecture.html HTTP/1.1"
2571	2025/02/19 14:35:01	"GET /uv2582fip2582inf210/lecture_xml.html HTTP/1.1"
2571	2025/02/19 14:39:06	"GET /uv2582fip2582inf210/practice_xml.html HTTP/1.1"
2571	2025/02/19 14:45:55	"GET /uv2582fip2582inf210/lecture_validity.html HTTP/1.1"
2571	2025/03/14 10:30:24	"GET /uv2582fip2582inf210/project_presentation.html HTTP/1.1"
2571	2025/03/14 10:30:28	"GET /uv2582fip2582inf210/project_part2.html HTTP/1.1"
2571	2025/01/22 13:24:59	"GET /uv2582fip2582inf210/technical_environment_home.html HTTP/1.1"
2571	2025/01/22 13:25:02	"GET /uv2582fip2582inf210/images/prerequisite_techenv/prerequisite_techenv_2025.html HTTP/1.1"
2571	2025/01/22 13:25:03	"GET /uv2582fip2582inf210/documentation_docker.html HTTP/1.1"
2571	2025/01/22 13:30:39	"GET /uv2582fip2582inf210/practice_postgresql.html HTTP/1.1"
2571	2025/01/22 13:52:11	"GET /uv2582fip2582inf210/practice_docker.html HTTP/1.1"
2571	2025/01/22 14:33:51	"GET /uv2582fip2582inf210/documentation_programming.html HTTP/1.1"
2571	2025/01/22 14:34:13	"GET /uv2582fip2582inf210/practice_spring.html HTTP/1.1"
2571	2025/02/18 11:11:28	"GET /uv2582fip2582inf210/web_architecture_home.html HTTP/1.1"
2571	2025/02/18 11:11:39	"GET /uv2582fip2582inf210/data_home.html HTTP/1.1"
2571	2025/02/18 11:11:40	"GET /uv2582fip2582inf210/images/prerequisite_data/prerequisite_data_2025.html HTTP/1.1"
2571	2025/02/18 11:11:55	"GET /uv2582fip2582inf210/practice_transaction.html HTTP/1.1"
2571	2025/02/18 11:12:04	"GET /uv2582fip2582inf210/index.html HTTP/1.1"
2571	2025/02/18 11:12:16	"GET /uv2582fip2582inf210/images/prerequisite_archiweb/prerequisite_archiweb_2025.html HTTP/1.1"
2571	2025/02/18 11:12:28	"GET /uv2582fip2582inf210/practice_jpa.html HTTP/1.1"
2571	2025/02/18 23:34:10	"GET /uv2582fip2582inf210/technical_environment_home.html HTTP/1.1"
2571	2025/02/18 23:34:16	"GET /uv2582fip2582inf210/images/prerequisite_techenv/prerequisite_techenv_2025.html HTTP/1.1"
2571	2025/02/18 23:34:18	"GET /uv2582fip2582inf210/documentation_docker.html HTTP/1.1"
2571	2025/03/13 10:10:34	"GET /uv2582fip2582inf210/project_presentation.html HTTP/1.1"
2571	2025/03/13 10:10:41	"GET /uv2582fip2582inf210/project_part1.html HTTP/1.1"
2571	2025/03/13 10:11:11	"GET /uv2582fip2582inf210/project_part2.html HTTP/1.1"
2571	2025/03/13 10:11:37	"GET /uv2582fip2582inf210/project_part3.html HTTP/1.1"
2571	2025/03/13 10:11:48	"GET /uv2582fip2582inf210/project_structureui.html HTTP/1.1"
2571	2025/03/06 08:31:47	"GET /uv2582fip2582inf210/project_presentation.html HTTP/1.1"
2571	2025/03/06 08:32:22	"GET /uv2582fip2582inf210/project_evaluation.html HTTP/1.1"
2571	2025/03/06 08:32:35	"GET /uv2582fip2582inf210/project_specifications.html HTTP/1.1"
2571	2025/03/06 08:32:42	"GET /uv2582fip2582inf210/project_task_time.html HTTP/1.1"
2571	2025/03/06 08:32:49	"GET /uv2582fip2582inf210/project_part1.html HTTP/1.1"
2571	2025/03/06 08:32:57	"GET /uv2582fip2582inf210/project_part2.html HTTP/1.1"
2571	2025/03/06 11:20:16	"GET /uv2582fip2582inf210/index.html HTTP/1.1"
2571	2025/03/06 11:20:24	"GET /uv2582fip2582inf210/data_home.html HTTP/1.1"
2571	2025/03/06 11:20:28	"GET /uv2582fip2582inf210/images/prerequisite_data/prerequisite_data_2025.html HTTP/1.1"
2571	2025/03/06 11:20:31	"GET /uv2582fip2582inf210/practice_sql.html HTTP/1.1"
2571	2025/03/06 11:21:50	"GET /uv2582fip2582inf210/activity_sql.html HTTP/1.1"
2571	2025/02/10 14:08:20	"GET /uv2582fip2582inf210/web_architecture_home.html HTTP/1.1"
2571	2025/02/10 14:08:27	"GET /uv2582fip2582inf210/technical_environment_home.html HTTP/1.1"
2571	2025/02/10 14:08:33	"GET /uv2582fip2582inf210/data_home.html HTTP/1.1"
2571	2025/02/10 14:08:34	"GET /uv2582fip2582inf210/images/prerequisite_data/prerequisite_data_2025.html HTTP/1.1"
2571	2025/02/10 14:08:36	"GET /uv2582fip2582inf210/activity_sql.html HTTP/1.1"
2571	2025/02/10 14:08:56	"GET /uv2582fip2582inf210/lecture_modeling_normalization.html HTTP/1.1"
2571	2025/02/10 14:09:04	"GET /uv2582fip2582inf210/lecture_conceptual_modeling.html HTTP/1.1"
2571	2025/02/10 14:28:07	"GET /uv2582fip2582inf210/data_home.html HTTP/1.1"
2571	2025/02/10 14:28:11	"GET /uv2582fip2582inf210/images/prerequisite_data/prerequisite_data_2025.html HTTP/1.1"
2571	2025/02/10 14:28:13	"GET /uv2582fip2582inf210/activity_normalization.html HTTP/1.1"
2571	2025/02/10 14:28:46	"GET /uv2582fip2582inf210/activity_normalization_correction.html HTTP/1.1"
2571	2025/02/10 14:31:51	"GET /uv2582fip2582inf210/activity_decomposition.html HTTP/1.1"
2571	2025/02/10 14:36:38	"GET /uv2582fip2582inf210/practice_sql.html HTTP/1.1"
2571	2025/02/10 14:37:02	"GET /uv2582fip2582inf210/documentation_rdbms.html HTTP/1.1"
2571	2025/01/20 11:37:36	"GET /uv2582fip2582inf210/technical_environment_home.html HTTP/1.1"
2571	2025/01/20 11:38:05	"GET /uv2582fip2582inf210/images/prerequisite_techenv/prerequisite_techenv_2025.html HTTP/1.1"
2571	2025/01/20 11:40:38	"GET /uv2582fip2582inf210/documentation_docker.html HTTP/1.1"
2571	2025/01/20 11:46:22	"GET /uv2582fip2582inf210/practice_docker.html HTTP/1.1"
2571	2025/01/20 11:57:18	"GET /uv2582fip2582inf210/documentation_programming.html HTTP/1.1"
2571	2025/01/20 11:59:33	"GET /uv2582fip2582inf210/practice_postgresql.html HTTP/1.1"
2571	2025/01/20 14:12:21	"GET /uv2582fip2582inf210/inversion_of_control.html HTTP/1.1"
2571	2025/01/20 14:12:22	"GET /uv2582fip2582inf210/practice_spring.html HTTP/1.1"
2571	2025/03/11 08:14:44	"GET /uv2582fip2582inf210/project_presentation.html HTTP/1.1"
2571	2025/03/11 08:14:53	"GET /uv2582fip2582inf210/project_part2.html HTTP/1.1"
2571	2025/03/04 08:28:36	"GET /uv2582fip2582inf210/index.html HTTP/1.1"
2571	2025/03/04 08:30:07	"GET /uv2582fip2582inf210/practice_docker_advanced.html HTTP/1.1"
2571	2025/03/04 08:30:18	"GET /uv2582fip2582inf210/documentation_rdbms.html HTTP/1.1"
2571	2025/03/04 08:31:10	"GET /uv2582fip2582inf210/practice_postgresql.html HTTP/1.1"
2571	2025/03/04 08:31:41	"GET /uv2582fip2582inf210/inversion_of_control.html HTTP/1.1"
2571	2025/03/04 08:32:07	"GET /uv2582fip2582inf210/spring_bean.html HTTP/1.1"
2571	2025/03/04 08:33:09	"GET /uv2582fip2582inf210/lecture_technical_architecture.html HTTP/1.1"
2571	2025/03/04 08:33:27	"GET /uv2582fip2582inf210/lecture_software_architecture.html HTTP/1.1"
2571	2025/03/04 08:33:41	"GET /uv2582fip2582inf210/lecture_dto.html HTTP/1.1"
2571	2025/03/04 08:34:19	"GET /uv2582fip2582inf210/lecture_mvc_spring.html HTTP/1.1"
2571	2025/03/04 08:34:36	"GET /uv2582fip2582inf210/lecture_jpa.html HTTP/1.1"
2571	2025/03/04 08:35:12	"GET /uv2582fip2582inf210/practice_jpa_advanced.html HTTP/1.1"
2571	2025/03/04 08:36:08	"GET /uv2582fip2582inf210/lecture_xml.html HTTP/1.1"
2571	2025/03/04 08:36:51	"GET /uv2582fip2582inf210/practice_xml.html HTTP/1.1"
2571	2025/03/04 08:37:02	"GET /uv2582fip2582inf210/lecture_json.html HTTP/1.1"
2571	2025/03/04 08:37:28	"GET /uv2582fip2582inf210/practice_json.html HTTP/1.1"
2571	2025/03/04 08:41:17	"GET /uv2582fip2582inf210/lecture_relational_model.html HTTP/1.1"
2571	2025/03/04 08:41:27	"GET /uv2582fip2582inf210/lecture_db_integrity.html HTTP/1.1"
2571	2025/03/04 08:41:57	"GET /uv2582fip2582inf210/activity_relational_model.html HTTP/1.1"
2571	2025/03/04 08:43:15	"GET /uv2582fip2582inf210/lecture_modeling_normalization.html HTTP/1.1"
2571	2025/03/04 08:43:24	"GET /uv2582fip2582inf210/lecture_conceptual_modeling.html HTTP/1.1"
2571	2025/03/04 08:44:04	"GET /uv2582fip2582inf210/lecture_normalization.html HTTP/1.1"
2571	2025/03/04 08:44:32	"GET /uv2582fip2582inf210/lecture_independence_views.html HTTP/1.1"
2571	2025/03/04 08:44:50	"GET /uv2582fip2582inf210/practice_sql.html HTTP/1.1"
2571	2025/03/04 08:46:21	"GET /uv2582fip2582inf210/lecture_transaction.html HTTP/1.1"
2571	2025/03/04 08:47:22	"GET /uv2582fip2582inf210/practice_transaction.html HTTP/1.1"
2571	2025/03/03 08:37:54	"GET /uv2582fip2582inf210/data_home.html HTTP/1.1"
2571	2025/03/03 08:37:56	"GET /uv2582fip2582inf210/images/prerequisite_data/prerequisite_data_2025.html HTTP/1.1"
2571	2025/03/03 08:38:29	"GET /uv2582fip2582inf210/index.html HTTP/1.1"
2571	2025/03/03 08:38:32	"GET /uv2582fip2582inf210/web_architecture_home.html HTTP/1.1"
2571	2025/03/03 08:38:38	"GET /uv2582fip2582inf210/images/prerequisite_archiweb/prerequisite_archiweb_2025.html HTTP/1.1"
2571	2025/03/03 08:38:42	"GET /uv2582fip2582inf210/practice_spring_2tiers.html HTTP/1.1"
2571	2025/03/03 15:39:57	"GET /uv2582fip2582inf210/documentation_programming.html HTTP/1.1"
2571	2025/03/03 15:40:08	"GET /uv2582fip2582inf210/practice_spring.html HTTP/1.1"
2571	2025/03/03 16:17:21	"GET /uv2582fip2582inf210/data_home.html HTTP/1.1"
2571	2025/03/03 16:17:25	"GET /uv2582fip2582inf210/images/prerequisite_data/prerequisite_data_2025.html HTTP/1.1"
2571	2025/03/03 16:17:26	"GET /uv2582fip2582inf210/activity_sql.html HTTP/1.1"
2571	2025/03/03 16:23:43	"GET /uv2582fip2582inf210/activity_relational_model.html HTTP/1.1"
2571	2025/03/03 16:29:43	"GET /uv2582fip2582inf210/documentation_docker.html HTTP/1.1"
2571	2025/03/03 16:30:05	"GET /uv2582fip2582inf210/practice_postgresql.html HTTP/1.1"
2571	2025/03/03 16:42:28	"GET /uv2582fip2582inf210/lecture_dto.html HTTP/1.1"
2571	2025/03/03 17:06:32	"GET /uv2582fip2582inf210/lecture_mvc_spring.html HTTP/1.1"
2571	2025/03/03 17:06:45	"GET /uv2582fip2582inf210/lecture_jpa.html HTTP/1.1"
2571	2025/03/03 17:07:26	"GET /uv2582fip2582inf210/practice_jpa.html HTTP/1.1"
2571	2025/03/03 17:07:59	"GET /uv2582fip2582inf210/practice_json.html HTTP/1.1"
2571	2025/03/02 17:00:44	"GET /uv2582fip2582inf210/technical_environment_home.html HTTP/1.1"
2571	2025/03/02 17:00:48	"GET /uv2582fip2582inf210/images/prerequisite_techenv/prerequisite_techenv_2025.html HTTP/1.1"
2571	2025/03/02 17:00:49	"GET /uv2582fip2582inf210/documentation_docker.html HTTP/1.1"
2571	2025/03/02 17:09:17	"GET /uv2582fip2582inf210/practice_docker.html HTTP/1.1"
2571	2025/01/29 10:23:00	"GET /uv2582fip2582inf210/PresentationUVINF210/pres.html HTTP/1.1"
2571	2025/01/29 10:23:08	"GET /uv2582fip2582inf210/technical_environment_home.html HTTP/1.1"
2571	2025/01/29 10:23:11	"GET /uv2582fip2582inf210/images/prerequisite_techenv/prerequisite_techenv_2025.html HTTP/1.1"
2571	2025/01/29 10:25:05	"GET /uv2582fip2582inf210/documentation_docker.html HTTP/1.1"
2571	2025/01/29 14:12:47	"GET /uv2582fip2582inf210/web_architecture_home.html HTTP/1.1"
2571	2025/01/29 14:12:56	"GET /uv2582fip2582inf210/data_home.html HTTP/1.1"
2571	2025/01/29 14:13:01	"GET /uv2582fip2582inf210/images/prerequisite_data/prerequisite_data_2025.html HTTP/1.1"
2571	2025/01/29 14:13:03	"GET /uv2582fip2582inf210/data_home.html HTTP/1.1"
2571	2025/01/29 14:14:34	"GET /uv2582fip2582inf210/lecture_relational_model.html HTTP/1.1"
2571	2025/01/29 14:14:37	"GET /uv2582fip2582inf210/lecture_db_tools.html HTTP/1.1"
2571	2025/01/29 14:17:10	"GET /uv2582fip2582inf210/lecture_relational_model.html HTTP/1.1"
2571	2025/01/29 14:19:08	"GET /uv2582fip2582inf210/lecture_modeling_normalization.html HTTP/1.1"
2571	2025/01/29 14:19:27	"GET /uv2582fip2582inf210/lecture_db_tools.html HTTP/1.1"
2571	2025/01/29 14:20:58	"GET /uv2582fip2582inf210/activity_relational_model.html HTTP/1.1"
2571	2025/01/29 14:21:04	"GET /uv2582fip2582inf210/lecture_db_integrity.html HTTP/1.1"
2571	2025/01/29 14:21:13	"GET /uv2582fip2582inf210/lecture_relational_algebra.html HTTP/1.1"
2571	2025/01/29 14:21:37	"GET /uv2582fip2582inf210/activity_relational_model.html HTTP/1.1"
2571	2025/01/29 14:35:22	"GET /uv2582fip2582inf210/lecture_modeling_normalization.html HTTP/1.1"
2571	2025/01/29 14:36:21	"GET /uv2582fip2582inf210/lecture_conceptual_modeling.html HTTP/1.1"
2571	2025/01/29 14:48:22	"GET /uv2582fip2582inf210/data_home.html HTTP/1.1"
2571	2025/01/29 15:10:00	"GET /uv2582fip2582inf210/images/prerequisite_data/prerequisite_data_2025.html HTTP/1.1"
2571	2025/01/29 15:10:02	"GET /uv2582fip2582inf210/activity_sql.html HTTP/1.1"
2571	2025/01/29 15:10:34	"GET /uv2582fip2582inf210/activity_sql.html HTTP/1.1"
2571	2025/01/29 15:41:35	"GET /uv2582fip2582inf210/practice_sql.html HTTP/1.1"
2571	2025/01/29 15:42:08	"GET /uv2582fip2582inf210/documentation_rdbms.html HTTP/1.1"
2571	2025/01/29 15:44:44	"GET /uv2582fip2582inf210/practice_postgresql.html HTTP/1.1"
2571	2025/01/29 16:01:06	"GET /uv2582fip2582inf210/lecture_normalization.html HTTP/1.1"
2571	2025/01/29 16:01:12	"GET /uv2582fip2582inf210/activity_decomposition.html HTTP/1.1"
2571	2025/01/29 16:01:26	"GET /uv2582fip2582inf210/activity_conceptual_modeling.html HTTP/1.1"
2571	2025/01/29 16:14:07	"GET /uv2582fip2582inf210/web_architecture_home.html HTTP/1.1"
2571	2025/01/29 16:14:10	"GET /uv2582fip2582inf210/index.html HTTP/1.1"
2571	2025/01/29 16:14:13	"GET /uv2582fip2582inf210/data_home.html HTTP/1.1"
2571	2025/01/29 16:14:19	"GET /uv2582fip2582inf210/images/prerequisite_data/prerequisite_data_2025.html HTTP/1.1"
2571	2025/01/29 16:14:21	"GET /uv2582fip2582inf210/activity_conceptual_modeling.html HTTP/1.1"
2571	2025/01/29 16:20:23	"GET /uv2582fip2582inf210/images/prerequisite_data/prerequisite_data_2025.html HTTP/1.1"
2571	2025/01/29 16:20:29	"GET /uv2582fip2582inf210/activity_decomposition.html HTTP/1.1"
2571	2025/01/29 16:38:03	"GET /uv2582fip2582inf210/index.html HTTP/1.1"
2571	2025/01/29 16:38:09	"GET /uv2582fip2582inf210/data_home.html HTTP/1.1"
2571	2025/01/29 16:38:10	"GET /uv2582fip2582inf210/images/prerequisite_data/prerequisite_data_2025.html HTTP/1.1"
2571	2025/01/29 16:44:21	"GET /uv2582fip2582inf210/images/prerequisite_data/prerequisite_data_2025.html HTTP/1.1"
2571	2025/01/29 16:44:28	"GET /uv2582fip2582inf210/activity_decomposition.html HTTP/1.1"
2571	2025/03/05 14:11:03	"GET /uv2582fip2582inf210/web_architecture_home.html HTTP/1.1"
2571	2025/03/05 14:11:06	"GET /uv2582fip2582inf210/images/prerequisite_archiweb/prerequisite_archiweb_2025.html HTTP/1.1"
2571	2025/03/05 14:11:08	"GET /uv2582fip2582inf210/practice_spring_2tiers_ext.html HTTP/1.1"
2571	2025/03/05 14:16:59	"GET /uv2582fip2582inf210/practice_spring_2tiers.html HTTP/1.1"
2571	2025/03/05 14:25:35	"GET /uv2582fip2582inf210/lecture_dto.html HTTP/1.1"
2571	2025/03/05 14:26:10	"GET /uv2582fip2582inf210/index.html HTTP/1.1"
2571	2025/03/05 14:26:22	"GET /uv2582fip2582inf210/technical_environment_home.html HTTP/1.1"
2571	2025/03/05 15:39:02	"GET /uv2582fip2582inf210/project_presentation.html HTTP/1.1"
2571	2025/03/05 15:39:22	"GET /uv2582fip2582inf210/project_specifications.html HTTP/1.1"
2571	2025/03/05 15:43:31	"GET /uv2582fip2582inf210/project_evaluation.html HTTP/1.1"
2571	2025/03/05 15:44:17	"GET /uv2582fip2582inf210/project_task_time.html HTTP/1.1"
2571	2025/03/05 15:44:35	"GET /uv2582fip2582inf210/project_part1.html HTTP/1.1"
2571	2025/03/05 15:44:52	"GET /uv2582fip2582inf210/project_part2.html HTTP/1.1"
2571	2025/02/13 08:12:21	"GET /uv2582fip2582inf210/data_home.html HTTP/1.1"
2571	2025/02/13 08:12:23	"GET /uv2582fip2582inf210/images/prerequisite_data/prerequisite_data_2025.html HTTP/1.1"
2571	2025/02/13 08:12:36	"GET /uv2582fip2582inf210/activity_sql.html HTTP/1.1"
2571	2025/02/13 08:35:30	"GET /uv2582fip2582inf210/activity_sql_correction.html HTTP/1.1"
2571	2025/02/13 08:53:39	"GET /uv2582fip2582inf210/practice_sql.html HTTP/1.1"
2571	2025/02/13 08:58:56	"GET /uv2582fip2582inf210/technical_environment_home.html HTTP/1.1"
2571	2025/02/13 08:59:00	"GET /uv2582fip2582inf210/documentation_docker.html HTTP/1.1"
2571	2025/02/13 08:59:05	"GET /uv2582fip2582inf210/practice_docker.html HTTP/1.1"
2571	2025/02/13 09:04:20	"GET /uv2582fip2582inf210/index.html HTTP/1.1"
2571	2025/02/13 10:27:40	"GET /uv2582fip2582inf210/practice_advanced_sql.html HTTP/1.1"
2571	2025/02/13 10:28:39	"GET /uv2582fip2582inf210/lecture_transaction.html HTTP/1.1"
2571	2025/02/13 10:30:15	"GET /uv2582fip2582inf210/practice_transaction.html HTTP/1.1"
2571	2025/03/18 09:32:39	"GET /uv2582fip2582inf210/project_presentation.html HTTP/1.1"
2571	2025/03/18 09:33:27	"GET /uv2582fip2582inf210/project_evaluation.html HTTP/1.1"
2571	2025/03/18 09:33:37	"GET /uv2582fip2582inf210/project_specifications.html HTTP/1.1"
2571	2025/03/18 09:33:51	"GET /uv2582fip2582inf210/project_task_time.html HTTP/1.1"
2571	2025/03/18 09:34:02	"GET /uv2582fip2582inf210/project_part1.html HTTP/1.1"
2571	2025/03/18 09:34:14	"GET /uv2582fip2582inf210/project_part2.html HTTP/1.1"
2571	2025/03/18 09:34:26	"GET /uv2582fip2582inf210/project_part3.html HTTP/1.1"
2571	2025/03/18 09:34:35	"GET /uv2582fip2582inf210/project_structureui.html HTTP/1.1"
2571	2025/03/18 23:53:55	"GET /uv2582fip2582inf210/technical_environment_home.html HTTP/1.1"
2571	2025/03/19 00:18:03	"GET /uv2582fip2582inf210/project_specifications.html HTTP/1.1"
2571	2025/03/19 00:33:23	"GET /uv2582fip2582inf210/project_specifications.html HTTP/1.1"
