2572	2025/02/27 08:09:44	"GET /uv2582fip2582inf210/web_architecture_home.html HTTP/1.1"
2572	2025/02/27 08:09:49	"GET /uv2582fip2582inf210/data_home.html HTTP/1.1"
2572	2025/02/27 08:10:53	"GET /uv2582fip2582inf210/practice_spring_2tiers.html HTTP/1.1"
2572	2025/02/21 16:03:27	"GET /uv2582fip2582inf210/web_architecture_home.html HTTP/1.1"
2572	2025/02/21 16:03:34	"GET /uv2582fip2582inf210/lecture_json.html HTTP/1.1"
2572	2025/02/21 16:04:17	"GET /uv2582fip2582inf210/practice_json.html HTTP/1.1"
2572	2025/02/25 11:21:16	"GET /uv2582fip2582inf210/web_architecture_home.html HTTP/1.1"
2572	2025/02/25 11:21:30	"GET /uv2582fip2582inf210/practice_spring_2tiers.html HTTP/1.1"
2572	2025/02/25 11:21:32	"GET /uv2582fip2582inf210/lecture_mvc_spring.html HTTP/1.1"
2572	2025/03/07 15:35:57	"GET /uv2582fip2582inf210/project_presentation.html HTTP/1.1"
2572	2025/03/07 15:35:59	"GET /uv2582fip2582inf210/project_part1.html HTTP/1.1"
2572	2025/02/19 14:05:41	"GET /uv2582fip2582inf210/web_architecture_home.html HTTP/1.1"
2572	2025/02/19 14:05:44	"GET /uv2582fip2582inf210/practice_jpa_advanced.html HTTP/1.1"
2572	2025/02/19 14:05:53	"GET /uv2582fip2582inf210/practice_jpa.html HTTP/1.1"
2572	2025/02/19 14:34:47	"GET /uv2582fip2582inf210/lecture_xml.html HTTP/1.1"
2572	2025/02/19 14:38:27	"GET /uv2582fip2582inf210/practice_xml.html HTTP/1.1"
2572	2025/03/15 16:54:37	"GET /uv2582fip2582inf210/project_presentation.html HTTP/1.1"
2572	2025/03/15 16:54:43	"GET /uv2582fip2582inf210/project_specifications.html HTTP/1.1"
2572	2025/03/08 11:53:35	"GET /uv2582fip2582inf210/project_presentation.html HTTP/1.1"
2572	2025/03/08 11:53:36	"GET /uv2582fip2582inf210/project_evaluation.html HTTP/1.1"
2572	2025/03/08 11:57:20	"GET /uv2582fip2582inf210/project_task_time.html HTTP/1.1"
2572	2025/03/08 11:57:35	"GET /uv2582fip2582inf210/project_specifications.html HTTP/1.1"
2572	2025/03/08 11:57:46	"GET /uv2582fip2582inf210/index.html HTTP/1.1"
2572	2025/03/14 10:13:42	"GET /uv2582fip2582inf210/project_presentation.html HTTP/1.1"
2572	2025/03/14 10:13:44	"GET /uv2582fip2582inf210/project_part3.html HTTP/1.1"
2572	2025/03/14 10:13:57	"GET /uv2582fip2582inf210/project_structureui.html HTTP/1.1"
2572	2025/03/14 15:15:07	"GET /uv2582fip2582inf210/project_specifications.html HTTP/1.1"
2572	2025/02/18 11:07:39	"GET /uv2582fip2582inf210/data_home.html HTTP/1.1"
2572	2025/02/18 11:07:45	"GET /uv2582fip2582inf210/web_architecture_home.html HTTP/1.1"
2572	2025/02/18 11:08:10	"GET /uv2582fip2582inf210/practice_jpa.html HTTP/1.1"
2572	2025/02/18 11:53:30	"GET /uv2582fip2582inf210/practice_jpa_advanced.html HTTP/1.1"
2572	2025/03/13 10:36:35	"GET /uv2582fip2582inf210/project_presentation.html HTTP/1.1"
2572	2025/03/13 10:36:38	"GET /uv2582fip2582inf210/project_part3.html HTTP/1.1"
2572	2025/03/06 08:03:15	"GET /uv2582fip2582inf210/project_presentation.html HTTP/1.1"
2572	2025/03/06 08:08:19	"GET /uv2582fip2582inf210/project_part1.html HTTP/1.1"
2572	2025/03/06 08:08:33	"GET /uv2582fip2582inf210/project_specifications.html HTTP/1.1"
2572	2025/03/06 08:19:41	"GET /uv2582fip2582inf210/project_task_time.html HTTP/1.1"
2572	2025/02/10 14:02:48	"GET /uv2582fip2582inf210/technical_environment_home.html HTTP/1.1"
2572	2025/02/10 14:06:17	"GET /uv2582fip2582inf210/data_home.html HTTP/1.1"
2572	2025/02/10 14:08:39	"GET /uv2582fip2582inf210/activity_relational_model.html HTTP/1.1"
2572	2025/02/10 14:08:55	"GET /uv2582fip2582inf210/lecture_modeling_normalization.html HTTP/1.1"
2572	2025/02/10 14:10:07	"GET /uv2582fip2582inf210/lecture_conceptual_modeling.html HTTP/1.1"
2572	2025/02/10 14:20:39	"GET /uv2582fip2582inf210/activity_conceptual_modeling.html HTTP/1.1"
2572	2025/02/10 14:20:48	"GET /uv2582fip2582inf210/lecture_normalization.html HTTP/1.1"
2572	2025/02/10 14:22:33	"GET /uv2582fip2582inf210/activity_normalization.html HTTP/1.1"
2572	2025/02/10 14:23:06	"GET /uv2582fip2582inf210/activity_normalization_correction.html HTTP/1.1"
2572	2025/02/10 14:56:48	"GET /uv2582fip2582inf210/activity_sql.html HTTP/1.1"
2572	2025/02/10 15:04:33	"GET /uv2582fip2582inf210/activity_decomposition.html HTTP/1.1"
2572	2025/02/10 15:39:41	"GET /uv2582fip2582inf210/activity_decomposition_correction.html HTTP/1.1"
2572	2025/02/10 15:59:53	"GET /uv2582fip2582inf210/activity_sql_correction.html HTTP/1.1"
2572	2025/02/10 16:25:38	"GET /uv2582fip2582inf210/practice_sql.html HTTP/1.1"
2572	2025/01/20 11:37:43	"GET /uv2582fip2582inf210/technical_environment_home.html HTTP/1.1"
2572	2025/01/20 14:08:35	"GET /uv2582fip2582inf210/documentation_docker.html HTTP/1.1"
2572	2025/01/20 14:24:32	"GET /uv2582fip2582inf210/practice_docker.html HTTP/1.1"
2572	2025/01/20 14:39:58	"GET /uv2582fip2582inf210/practice_postgresql.html HTTP/1.1"
2572	2025/01/20 14:50:02	"GET /uv2582fip2582inf210/documentation_programming.html HTTP/1.1"
2572	2025/01/20 14:51:13	"GET /uv2582fip2582inf210/practice_spring.html HTTP/1.1"
2572	2025/03/11 08:06:32	"GET /uv2582fip2582inf210/project_presentation.html HTTP/1.1"
2572	2025/03/11 08:06:34	"GET /uv2582fip2582inf210/project_part2.html HTTP/1.1"
2572	2025/03/04 08:16:21	"GET /uv2582fip2582inf210/data_home.html HTTP/1.1"
2572	2025/03/04 08:16:30	"GET /uv2582fip2582inf210/web_architecture_home.html HTTP/1.1"
2572	2025/03/04 08:16:33	"GET /uv2582fip2582inf210/practice_jpa_advanced.html HTTP/1.1"
2572	2025/03/04 08:16:43	"GET /uv2582fip2582inf210/practice_spring_2tiers.html HTTP/1.1"
2572	2025/03/04 08:16:58	"GET /uv2582fip2582inf210/practice_jpa.html HTTP/1.1"
2572	2025/03/02 10:35:00	"GET /uv2582fip2582inf210/web_architecture_home.html HTTP/1.1"
2572	2025/03/02 10:35:08	"GET /uv2582fip2582inf210/images/prerequisite_archiweb/prerequisite_archiweb_2025.html HTTP/1.1"
2572	2025/03/02 10:35:10	"GET /uv2582fip2582inf210/practice_spring_2tiers.html HTTP/1.1"
2572	2025/03/02 10:35:54	"GET /uv2582fip2582inf210/practice_jpa.html HTTP/1.1"
2572	2025/03/02 12:50:41	"GET /uv2582fip2582inf210/lecture_mvc_spring.html HTTP/1.1"
2572	2025/01/29 14:08:16	"GET /uv2582fip2582inf210/technical_environment_home.html HTTP/1.1"
2572	2025/01/29 14:08:27	"GET /uv2582fip2582inf210/index.html HTTP/1.1"
2572	2025/01/29 14:08:30	"GET /uv2582fip2582inf210/data_home.html HTTP/1.1"
2572	2025/01/29 14:09:00	"GET /uv2582fip2582inf210/images/prerequisite_data/prerequisite_data_2025.html HTTP/1.1"
2572	2025/01/29 14:09:12	"GET /uv2582fip2582inf210/lecture_relational_model.html HTTP/1.1"
2572	2025/01/29 14:13:48	"GET /uv2582fip2582inf210/lecture_db_integrity.html HTTP/1.1"
2572	2025/01/29 14:18:50	"GET /uv2582fip2582inf210/activity_relational_model.html HTTP/1.1"
2572	2025/01/29 15:52:38	"GET /uv2582fip2582inf210/lecture_modeling_normalization.html HTTP/1.1"
2572	2025/01/29 16:05:45	"GET /uv2582fip2582inf210/lecture_conceptual_modeling.html HTTP/1.1"
2572	2025/01/29 16:05:57	"GET /uv2582fip2582inf210/activity_conceptual_modeling.html HTTP/1.1"
2572	2025/01/29 16:09:55	"GET /uv2582fip2582inf210/activity_conceptual_modeling_correction.html HTTP/1.1"
2572	2025/01/29 16:15:26	"GET /uv2582fip2582inf210/activity_normalization.html HTTP/1.1"
2572	2025/01/29 16:15:48	"GET /uv2582fip2582inf210/activity_normalization_correction.html HTTP/1.1"
2572	2025/01/29 16:38:06	"GET /uv2582fip2582inf210/lecture_normalization.html HTTP/1.1"
2572	2025/03/05 13:59:03	"GET /uv2582fip2582inf210/project_presentation.html HTTP/1.1"
2572	2025/03/05 13:59:40	"GET /uv2582fip2582inf210/project_part1.html HTTP/1.1"
2572	2025/03/05 14:10:09	"GET /uv2582fip2582inf210/data_home.html HTTP/1.1"
2572	2025/03/05 14:10:30	"GET /uv2582fip2582inf210/web_architecture_home.html HTTP/1.1"
2572	2025/03/05 14:10:34	"GET /uv2582fip2582inf210/practice_spring_2tiers_ext.html HTTP/1.1"
2572	2025/03/05 16:21:00	"GET /uv2582fip2582inf210/index.html HTTP/1.1"
2572	2025/03/05 16:21:43	"GET /uv2582fip2582inf210/project_specifications.html HTTP/1.1"
2572	2025/03/05 16:23:36	"GET /uv2582fip2582inf210/project_evaluation.html HTTP/1.1"
2572	2025/02/13 08:10:18	"GET /uv2582fip2582inf210/data_home.html HTTP/1.1"
2572	2025/02/13 08:10:21	"GET /uv2582fip2582inf210/practice_sql.html HTTP/1.1"
2572	2025/02/13 08:10:32	"GET /uv2582fip2582inf210/activity_sql.html HTTP/1.1"
2572	2025/02/13 08:10:51	"GET /uv2582fip2582inf210/activity_sql_correction.html HTTP/1.1"
2572	2025/02/13 09:10:28	"GET /uv2582fip2582inf210/practice_sql_correction.html HTTP/1.1"
2572	2025/02/13 10:27:42	"GET /uv2582fip2582inf210/practice_advanced_sql.html HTTP/1.1"
2572	2025/02/13 10:28:00	"GET /uv2582fip2582inf210/practice_advanced_sql_correction.html HTTP/1.1"
2572	2025/02/13 10:28:41	"GET /uv2582fip2582inf210/index.html HTTP/1.1"
2572	2025/02/13 10:28:46	"GET /uv2582fip2582inf210/practice_transaction.html HTTP/1.1"
2572	2025/02/13 10:28:56	"GET /uv2582fip2582inf210/lecture_transaction.html HTTP/1.1"
2572	2025/02/13 10:43:27	"GET /uv2582fip2582inf210/practice_transaction_correction.html HTTP/1.1"
2572	2025/03/18 09:36:25	"GET /uv2582fip2582inf210/project_presentation.html HTTP/1.1"
2572	2025/03/18 09:36:34	"GET /uv2582fip2582inf210/project_specifications.html HTTP/1.1"
