2573	2025/02/21 16:02:46	"GET /uv2582fip2582inf210/data_home.html HTTP/1.1"
2573	2025/02/21 16:02:54	"GET /uv2582fip2582inf210/web_architecture_home.html HTTP/1.1"
2573	2025/02/21 16:02:58	"GET /uv2582fip2582inf210/lecture_json.html HTTP/1.1"
2573	2025/02/21 16:06:16	"GET /uv2582fip2582inf210/practice_json.html HTTP/1.1"
2573	2025/02/21 16:07:15	"GET /uv2582fip2582inf210/practice_apis.html HTTP/1.1"
2573	2025/02/19 14:09:11	"GET /uv2582fip2582inf210/web_architecture_home.html HTTP/1.1"
2573	2025/02/19 14:12:50	"GET /uv2582fip2582inf210/index.html HTTP/1.1"
2573	2025/02/19 14:14:11	"GET /uv2582fip2582inf210/lecture_xml.html HTTP/1.1"
2573	2025/02/19 14:21:28	"GET /uv2582fip2582inf210/practice_xml.html HTTP/1.1"
2573	2025/02/18 11:09:39	"GET /uv2582fip2582inf210/web_architecture_home.html HTTP/1.1"
2573	2025/02/18 11:09:53	"GET /uv2582fip2582inf210/practice_jpa_advanced.html HTTP/1.1"
2573	2025/02/18 11:29:02	"GET /uv2582fip2582inf210/web_architecture_home.html HTTP/1.1"
2573	2025/02/18 11:29:06	"GET /uv2582fip2582inf210/technical_environment_home.html HTTP/1.1"
2573	2025/02/18 11:29:34	"GET /uv2582fip2582inf210/practice_docker.html HTTP/1.1"
2573	2025/02/18 11:30:18	"GET /uv2582fip2582inf210/web_architecture_home.html HTTP/1.1"
2573	2025/02/18 11:30:26	"GET /uv2582fip2582inf210/practice_jpa_advanced.html HTTP/1.1"
2573	2025/03/06 08:09:22	"GET /uv2582fip2582inf210/technical_environment_home.html HTTP/1.1"
2573	2025/03/06 08:24:38	"GET /uv2582fip2582inf210/index.html HTTP/1.1"
2573	2025/03/06 08:24:40	"GET /uv2582fip2582inf210/project_presentation.html HTTP/1.1"
2573	2025/03/06 08:24:54	"GET /uv2582fip2582inf210/project_part1.html HTTP/1.1"
2573	2025/03/06 08:30:55	"GET /uv2582fip2582inf210/web_architecture_home.html HTTP/1.1"
2573	2025/03/06 08:31:03	"GET /uv2582fip2582inf210/practice_docker.html HTTP/1.1"
2573	2025/03/06 08:43:33	"GET /uv2582fip2582inf210/project_part1.html HTTP/1.1"
2573	2025/03/06 08:56:40	"GET /uv2582fip2582inf210/project_specifications.html HTTP/1.1"
2573	2025/03/06 12:11:43	"GET /uv2582fip2582inf210/practice_spring_2tiers_ext.html HTTP/1.1"
2573	2025/03/06 12:12:18	"GET /uv2582fip2582inf210/practice_spring_2tiers.html HTTP/1.1"
2573	2025/02/10 14:09:28	"GET /uv2582fip2582inf210/data_home.html HTTP/1.1"
2573	2025/02/10 14:09:53	"GET /uv2582fip2582inf210/lecture_normalization.html HTTP/1.1"
2573	2025/02/10 14:17:31	"GET /uv2582fip2582inf210/activity_normalization.html HTTP/1.1"
2573	2025/02/10 14:53:25	"GET /uv2582fip2582inf210/activity_decomposition.html HTTP/1.1"
2573	2025/02/10 15:39:13	"GET /uv2582fip2582inf210/activity_sql.html HTTP/1.1"
2573	2025/01/20 11:38:22	"GET /uv2582fip2582inf210/technical_environment_home.html HTTP/1.1"
2573	2025/01/20 14:42:25	"GET /uv2582fip2582inf210/documentation_docker.html HTTP/1.1"
2573	2025/01/20 14:43:19	"GET /uv2582fip2582inf210/practice_docker_advanced.html HTTP/1.1"
2573	2025/01/20 14:43:20	"GET /uv2582fip2582inf210/practice_docker.html HTTP/1.1"
2573	2025/01/20 14:50:15	"GET /uv2582fip2582inf210/technical_environment_home.html HTTP/1.1"
2573	2025/01/20 14:57:10	"GET /uv2582fip2582inf210/documentation_docker.html HTTP/1.1"
2573	2025/01/20 14:57:29	"GET /uv2582fip2582inf210/practice_docker.html HTTP/1.1"
2573	2025/01/20 15:10:55	"GET /uv2582fip2582inf210/practice_docker_advanced.html HTTP/1.1"
2573	2025/01/20 15:15:49	"GET /uv2582fip2582inf210/practice_postgresql.html HTTP/1.1"
2573	2025/01/20 15:16:37	"GET /uv2582fip2582inf210/practice_docker.html HTTP/1.1"
2573	2025/01/20 15:33:21	"GET /uv2582fip2582inf210/documentation_programming.html HTTP/1.1"
2573	2025/01/20 15:37:42	"GET /uv2582fip2582inf210/practice_spring.html HTTP/1.1"
2573	2025/03/11 08:09:23	"GET /uv2582fip2582inf210/project_presentation.html HTTP/1.1"
2573	2025/03/11 08:09:42	"GET /uv2582fip2582inf210/project_part2.html HTTP/1.1"
2573	2025/01/29 14:09:13	"GET /uv2582fip2582inf210/web_architecture_home.html HTTP/1.1"
2573	2025/01/29 14:09:43	"GET /uv2582fip2582inf210/data_home.html HTTP/1.1"
2573	2025/01/29 14:11:47	"GET /uv2582fip2582inf210/lecture_relational_model.html HTTP/1.1"
2573	2025/01/29 14:14:20	"GET /uv2582fip2582inf210/lecture_db_integrity.html HTTP/1.1"
2573	2025/01/29 14:19:50	"GET /uv2582fip2582inf210/activity_relational_model.html HTTP/1.1"
2573	2025/01/29 16:00:32	"GET /uv2582fip2582inf210/lecture_modeling_normalization.html HTTP/1.1"
2573	2025/01/29 16:00:43	"GET /uv2582fip2582inf210/lecture_conceptual_modeling.html HTTP/1.1"
2573	2025/01/29 16:09:53	"GET /uv2582fip2582inf210/activity_conceptual_modeling.html HTTP/1.1"
2573	2025/01/29 16:23:00	"GET /uv2582fip2582inf210/activity_conceptual_modeling_correction.html HTTP/1.1"
2573	2025/03/05 14:14:33	"GET /uv2582fip2582inf210/web_architecture_home.html HTTP/1.1"
2573	2025/03/05 14:14:38	"GET /uv2582fip2582inf210/practice_spring_2tiers_ext.html HTTP/1.1"
2573	2025/03/05 14:30:07	"GET /uv2582fip2582inf210/lecture_dto.html HTTP/1.1"
2573	2025/02/13 08:36:41	"GET /uv2582fip2582inf210/data_home.html HTTP/1.1"
2573	2025/02/13 08:36:44	"GET /uv2582fip2582inf210/activity_sql.html HTTP/1.1"
2573	2025/02/13 08:37:00	"GET /uv2582fip2582inf210/practice_sql.html HTTP/1.1"
2573	2025/02/13 08:40:27	"GET /uv2582fip2582inf210/data_home.html HTTP/1.1"
2573	2025/02/13 08:40:30	"GET /uv2582fip2582inf210/practice_sql.html HTTP/1.1"
2573	2025/02/13 08:49:36	"GET /uv2582fip2582inf210/technical_environment_home.html HTTP/1.1"
2573	2025/02/13 08:49:44	"GET /uv2582fip2582inf210/practice_docker.html HTTP/1.1"
2573	2025/02/13 09:07:07	"GET /uv2582fip2582inf210/data_home.html HTTP/1.1"
2573	2025/02/13 09:07:13	"GET /uv2582fip2582inf210/activity_sql.html HTTP/1.1"
2573	2025/02/13 09:12:34	"GET /uv2582fip2582inf210/data_home.html HTTP/1.1"
2573	2025/02/13 09:12:37	"GET /uv2582fip2582inf210/practice_sql.html HTTP/1.1"
2573	2025/02/13 09:21:12	"GET /uv2582fip2582inf210/activity_sql_correction.html HTTP/1.1"
2573	2025/02/13 09:22:03	"GET /uv2582fip2582inf210/practice_sql_correction.html HTTP/1.1"
2573	2025/02/13 10:13:51	"GET /uv2582fip2582inf210/lecture_transaction.html HTTP/1.1"
2573	2025/02/13 10:16:19	"GET /uv2582fip2582inf210/practice_transaction.html HTTP/1.1"
2573	2025/02/13 10:25:02	"GET /uv2582fip2582inf210/practice_transaction.html HTTP/1.1"
2573	2025/02/13 10:25:06	"GET /uv2582fip2582inf210/lecture_transaction.html HTTP/1.1"
2573	2025/02/13 10:26:19	"GET /uv2582fip2582inf210/practice_transaction.html HTTP/1.1"
2573	2025/03/18 09:33:46	"GET /uv2582fip2582inf210/project_part3.html HTTP/1.1"
2573	2025/03/18 09:45:30	"GET /uv2582fip2582inf210/project_specifications.html HTTP/1.1"
