2574	2025/02/21 16:03:48	"GET /uv2582fip2582inf210/web_architecture_home.html HTTP/1.1"
2574	2025/02/21 16:04:35	"GET /uv2582fip2582inf210/lecture_json.html HTTP/1.1"
2574	2025/02/21 16:05:23	"GET /uv2582fip2582inf210/practice_json.html HTTP/1.1"
2574	2025/02/25 11:19:15	"GET /uv2582fip2582inf210/web_architecture_home.html HTTP/1.1"
2574	2025/02/25 11:19:19	"GET /uv2582fip2582inf210/practice_spring_2tiers.html HTTP/1.1"
2574	2025/02/25 11:22:37	"GET /uv2582fip2582inf210/web_architecture_home.html HTTP/1.1"
2574	2025/02/25 11:22:42	"GET /uv2582fip2582inf210/practice_spring_2tiers.html HTTP/1.1"
2574	2025/03/07 15:39:13	"GET /uv2582fip2582inf210/project_presentation.html HTTP/1.1"
2574	2025/03/07 15:39:22	"GET /uv2582fip2582inf210/project_specifications.html HTTP/1.1"
2574	2025/03/07 15:41:47	"GET /uv2582fip2582inf210/project_part1.html HTTP/1.1"
2574	2025/03/12 13:22:48	"GET /uv2582fip2582inf210/project_presentation.html HTTP/1.1"
2574	2025/03/12 13:22:52	"GET /uv2582fip2582inf210/project_part2.html HTTP/1.1"
2574	2025/03/12 13:43:16	"GET /uv2582fip2582inf210/project_part3.html HTTP/1.1"
2574	2025/03/12 13:44:13	"GET /uv2582fip2582inf210/project_structureui.html HTTP/1.1"
2574	2025/03/12 15:43:57	"GET /uv2582fip2582inf210/index.html HTTP/1.1"
2574	2025/03/12 15:43:57	"GET /uv2582fip2582inf210/index.html HTTP/1.1"
2574	2025/03/12 15:44:07	"GET /uv2582fip2582inf210/web_architecture_home.html HTTP/1.1"
2574	2025/03/12 15:44:11	"GET /uv2582fip2582inf210/practice_spring_2tiers.html HTTP/1.1"
2574	2025/03/12 15:44:15	"GET /uv2582fip2582inf210/practice_spring_2tiers_ext.html HTTP/1.1"
2574	2025/03/12 17:20:15	"GET /uv2582fip2582inf210/web_architecture_home.html HTTP/1.1"
2574	2025/03/12 17:20:23	"GET /uv2582fip2582inf210/project_part2.html HTTP/1.1"
2574	2025/03/12 19:16:28	"GET /uv2582fip2582inf210/project_specifications.html HTTP/1.1"
2574	2025/03/12 19:43:36	"GET /uv2582fip2582inf210/project_part2.html HTTP/1.1"
2574	2025/02/19 14:06:09	"GET /uv2582fip2582inf210/practice_spring_2tiers.html HTTP/1.1"
2574	2025/02/19 14:09:04	"GET /uv2582fip2582inf210/practice_xml.html HTTP/1.1"
2574	2025/02/19 14:15:07	"GET /uv2582fip2582inf210/lecture_xml.html HTTP/1.1"
2574	2025/02/19 15:01:30	"GET /uv2582fip2582inf210/practice_xml.html HTTP/1.1"
2574	2025/02/03 21:14:29	"GET /uv2582fip2582inf210/PresentationUVINF210/pres.html HTTP/1.1"
2574	2025/02/03 21:14:44	"GET /uv2582fip2582inf210/project_home.html HTTP/1.1"
2574	2025/03/14 10:15:42	"GET /uv2582fip2582inf210/project_presentation.html HTTP/1.1"
2574	2025/03/14 10:15:44	"GET /uv2582fip2582inf210/project_part3.html HTTP/1.1"
2574	2025/03/14 10:17:58	"GET /uv2582fip2582inf210/project_specifications.html HTTP/1.1"
2574	2025/03/14 16:55:03	"GET /uv2582fip2582inf210/data_home.html HTTP/1.1"
2574	2025/03/14 16:55:12	"GET /uv2582fip2582inf210/project_presentation.html HTTP/1.1"
2574	2025/03/14 16:55:15	"GET /uv2582fip2582inf210/project_specifications.html HTTP/1.1"
2574	2025/02/18 11:08:16	"GET /uv2582fip2582inf210/technical_environment_home.html HTTP/1.1"
2574	2025/02/18 11:08:44	"GET /uv2582fip2582inf210/index.html HTTP/1.1"
2574	2025/02/18 11:08:55	"GET /uv2582fip2582inf210/web_architecture_home.html HTTP/1.1"
2574	2025/02/18 11:09:02	"GET /uv2582fip2582inf210/practice_jpa_advanced.html HTTP/1.1"
2574	2025/02/18 11:28:53	"GET /uv2582fip2582inf210/documentation_docker.html HTTP/1.1"
2574	2025/02/18 11:30:02	"GET /uv2582fip2582inf210/practice_docker.html HTTP/1.1"
2574	2025/03/13 12:08:10	"GET /uv2582fip2582inf210/project_presentation.html HTTP/1.1"
2574	2025/03/13 12:08:12	"GET /uv2582fip2582inf210/project_part3.html HTTP/1.1"
2574	2025/03/13 12:09:24	"GET /uv2582fip2582inf210/project_part2.html HTTP/1.1"
2574	2025/03/13 12:09:34	"GET /uv2582fip2582inf210/project_specifications.html HTTP/1.1"
2574	2025/03/13 16:21:35	"GET /uv2582fip2582inf210/project_structureui.html HTTP/1.1"
2574	2025/03/13 16:21:52	"GET /uv2582fip2582inf210/project_part3.html HTTP/1.1"
2574	2025/03/06 08:08:01	"GET /uv2582fip2582inf210/project_presentation.html HTTP/1.1"
2574	2025/03/06 08:09:35	"GET /uv2582fip2582inf210/project_part1.html HTTP/1.1"
2574	2025/03/06 08:09:52	"GET /uv2582fip2582inf210/project_specifications.html HTTP/1.1"
2574	2025/03/06 08:11:27	"GET /uv2582fip2582inf210/project_presentation.html HTTP/1.1"
2574	2025/02/10 14:07:03	"GET /uv2582fip2582inf210/technical_environment_home.html HTTP/1.1"
2574	2025/02/10 14:07:07	"GET /uv2582fip2582inf210/documentation_programming.html HTTP/1.1"
2574	2025/02/10 14:07:23	"GET /uv2582fip2582inf210/data_home.html HTTP/1.1"
2574	2025/02/10 14:09:02	"GET /uv2582fip2582inf210/lecture_normalization.html HTTP/1.1"
2574	2025/02/10 14:23:37	"GET /uv2582fip2582inf210/activity_normalization.html HTTP/1.1"
2574	2025/02/10 14:53:27	"GET /uv2582fip2582inf210/activity_decomposition.html HTTP/1.1"
2574	2025/02/10 16:03:59	"GET /uv2582fip2582inf210/lecture_independence_views.html HTTP/1.1"
2574	2025/02/10 16:04:05	"GET /uv2582fip2582inf210/activity_sql.html HTTP/1.1"
2574	2025/03/19 08:34:51	"GET /uv2582fip2582inf210/project_presentation.html HTTP/1.1"
2574	2025/03/19 08:35:03	"GET /uv2582fip2582inf210/project_specifications.html HTTP/1.1"
2574	2025/01/20 11:38:32	"GET /uv2582fip2582inf210/technical_environment_home.html HTTP/1.1"
2574	2025/01/20 12:12:45	"GET /uv2582fip2582inf210/images/prerequisite_techenv/prerequisite_techenv_2025.html HTTP/1.1"
2574	2025/01/20 12:13:38	"GET /uv2582fip2582inf210/documentation_docker.html HTTP/1.1"
2574	2025/01/20 14:08:35	"GET /uv2582fip2582inf210/technical_environment_home.html HTTP/1.1"
2574	2025/01/20 14:10:22	"GET /uv2582fip2582inf210/practice_docker.html HTTP/1.1"
2574	2025/01/20 14:38:15	"GET /uv2582fip2582inf210/practice_docker_advanced.html HTTP/1.1"
2574	2025/01/20 14:39:54	"GET /uv2582fip2582inf210/practice_postgresql.html HTTP/1.1"
2574	2025/01/20 14:53:09	"GET /uv2582fip2582inf210/documentation_programming.html HTTP/1.1"
2574	2025/01/20 15:17:34	"GET /uv2582fip2582inf210/practice_spring.html HTTP/1.1"
2574	2025/01/20 15:18:31	"GET /uv2582fip2582inf210/practice_spring.html HTTP/1.1"
2574	2025/01/20 16:05:08	"GET /uv2582fip2582inf210/inversion_of_control.html HTTP/1.1"
2574	2025/03/11 08:10:55	"GET /uv2582fip2582inf210/project_presentation.html HTTP/1.1"
2574	2025/03/11 08:10:59	"GET /uv2582fip2582inf210/project_part2.html HTTP/1.1"
2574	2025/03/11 10:28:35	"GET /uv2582fip2582inf210/project_part3.html HTTP/1.1"
2574	2025/03/11 10:29:08	"GET /uv2582fip2582inf210/project_part1.html HTTP/1.1"
2574	2025/03/11 12:51:06	"GET /uv2582fip2582inf210/data_home.html HTTP/1.1"
2574	2025/03/11 12:51:12	"GET /uv2582fip2582inf210/project_presentation.html HTTP/1.1"
2574	2025/03/11 12:51:16	"GET /uv2582fip2582inf210/project_part2.html HTTP/1.1"
2574	2025/01/29 14:12:07	"GET /uv2582fip2582inf210/web_architecture_home.html HTTP/1.1"
2574	2025/01/29 14:12:12	"GET /uv2582fip2582inf210/data_home.html HTTP/1.1"
2574	2025/01/29 14:13:43	"GET /uv2582fip2582inf210/lecture_relational_model.html HTTP/1.1"
2574	2025/01/29 14:18:35	"GET /uv2582fip2582inf210/lecture_db_integrity.html HTTP/1.1"
2574	2025/01/29 14:26:56	"GET /uv2582fip2582inf210/lecture_relational_algebra.html HTTP/1.1"
2574	2025/01/29 14:27:19	"GET /uv2582fip2582inf210/activity_relational_model.html HTTP/1.1"
2574	2025/01/29 15:41:28	"GET /uv2582fip2582inf210/activity_relational_model_correction.html HTTP/1.1"
2574	2025/01/29 16:00:03	"GET /uv2582fip2582inf210/lecture_modeling_normalization.html HTTP/1.1"
2574	2025/03/05 14:10:16	"GET /uv2582fip2582inf210/web_architecture_home.html HTTP/1.1"
2574	2025/03/05 14:10:22	"GET /uv2582fip2582inf210/practice_spring_2tiers_ext.html HTTP/1.1"
2574	2025/03/05 14:17:19	"GET /uv2582fip2582inf210/lecture_dto.html HTTP/1.1"
2574	2025/02/13 08:10:34	"GET /uv2582fip2582inf210/web_architecture_home.html HTTP/1.1"
2574	2025/02/13 08:10:38	"GET /uv2582fip2582inf210/data_home.html HTTP/1.1"
2574	2025/02/13 08:11:05	"GET /uv2582fip2582inf210/practice_sql.html HTTP/1.1"
2574	2025/02/13 08:13:53	"GET /uv2582fip2582inf210/data_home.html HTTP/1.1"
2574	2025/02/13 08:13:55	"GET /uv2582fip2582inf210/activity_sql.html HTTP/1.1"
2574	2025/02/13 08:33:12	"GET /uv2582fip2582inf210/activity_sql_correction.html HTTP/1.1"
2574	2025/02/13 08:40:05	"GET /uv2582fip2582inf210/practice_sql.html HTTP/1.1"
2574	2025/02/13 08:54:05	"GET /uv2582fip2582inf210/practice_sql_correction.html HTTP/1.1"
2574	2025/02/13 10:18:22	"GET /uv2582fip2582inf210/lecture_transaction.html HTTP/1.1"
2574	2025/02/13 10:22:51	"GET /uv2582fip2582inf210/practice_transaction.html HTTP/1.1"
2574	2025/02/13 11:16:01	"GET /uv2582fip2582inf210/practice_transaction_correction.html HTTP/1.1"
2574	2025/02/13 11:18:25	"GET /uv2582fip2582inf210/practice_transaction.html HTTP/1.1"
