2575	2025/02/27 08:44:12	"GET /uv2582fip2582inf210/practice_jpa.html HTTP/1.1"
2575	2025/02/28 15:10:44	"GET /uv2582fip2582inf210/project_presentation.html HTTP/1.1"
2575	2025/02/21 14:17:01	"GET /uv2582fip2582inf210/index.html HTTP/1.1"
2575	2025/02/21 14:17:04	"GET /uv2582fip2582inf210/data_home.html HTTP/1.1"
2575	2025/02/21 14:17:17	"GET /uv2582fip2582inf210/lecture_conceptual_modeling.html HTTP/1.1"
2575	2025/02/21 16:05:41	"GET /uv2582fip2582inf210/web_architecture_home.html HTTP/1.1"
2575	2025/02/21 16:05:53	"GET /uv2582fip2582inf210/lecture_json.html HTTP/1.1"
2575	2025/02/21 16:09:18	"GET /uv2582fip2582inf210/practice_json.html HTTP/1.1"
2575	2025/02/25 11:22:36	"GET /uv2582fip2582inf210/lecture_mvc_spring.html HTTP/1.1"
2575	2025/02/25 11:28:15	"GET /uv2582fip2582inf210/practice_spring_2tiers.html HTTP/1.1"
2575	2025/02/19 14:40:13	"GET /uv2582fip2582inf210/technical_environment_home.html HTTP/1.1"
2575	2025/02/19 14:40:23	"GET /uv2582fip2582inf210/web_architecture_home.html HTTP/1.1"
2575	2025/02/19 14:40:29	"GET /uv2582fip2582inf210/practice_jpa_advanced.html HTTP/1.1"
2575	2025/02/19 16:18:05	"GET /uv2582fip2582inf210/lecture_xml.html HTTP/1.1"
2575	2025/03/14 17:52:49	"GET /uv2582fip2582inf210/project_structureui.html HTTP/1.1"
2575	2025/03/14 17:53:04	"GET /uv2582fip2582inf210/project_part3.html HTTP/1.1"
2575	2025/02/18 11:12:44	"GET /uv2582fip2582inf210/data_home.html HTTP/1.1"
2575	2025/02/18 11:13:08	"GET /uv2582fip2582inf210/index.html HTTP/1.1"
2575	2025/02/18 11:13:11	"GET /uv2582fip2582inf210/web_architecture_home.html HTTP/1.1"
2575	2025/02/18 11:44:11	"GET /uv2582fip2582inf210/practice_jpa_advanced.html HTTP/1.1"
2575	2025/02/18 11:44:12	"GET /uv2582fip2582inf210/practice_jpa.html HTTP/1.1"
2575	2025/03/13 17:26:16	"GET /uv2582fip2582inf210/project_part3.html HTTP/1.1"
2575	2025/03/06 08:44:43	"GET /uv2582fip2582inf210/project_part1.html HTTP/1.1"
2575	2025/03/06 10:49:43	"GET /uv2582fip2582inf210/data_home.html HTTP/1.1"
2575	2025/03/06 10:49:46	"GET /uv2582fip2582inf210/activity_relational_model.html HTTP/1.1"
2575	2025/03/06 10:49:55	"GET /uv2582fip2582inf210/lecture_modeling_normalization.html HTTP/1.1"
2575	2025/02/10 14:09:47	"GET /uv2582fip2582inf210/lecture_modeling_normalization.html HTTP/1.1"
2575	2025/02/10 14:10:08	"GET /uv2582fip2582inf210/activity_conceptual_modeling.html HTTP/1.1"
2575	2025/02/10 14:36:57	"GET /uv2582fip2582inf210/lecture_normalization.html HTTP/1.1"
2575	2025/02/10 14:46:44	"GET /uv2582fip2582inf210/activity_normalization.html HTTP/1.1"
2575	2025/02/10 15:43:55	"GET /uv2582fip2582inf210/activity_sql.html HTTP/1.1"
2575	2025/02/10 15:43:56	"GET /uv2582fip2582inf210/practice_sql.html HTTP/1.1"
2575	2025/01/20 11:38:49	"GET /uv2582fip2582inf210/technical_environment_home.html HTTP/1.1"
2575	2025/01/20 11:46:20	"GET /uv2582fip2582inf210/documentation_docker.html HTTP/1.1"
2575	2025/01/20 12:05:54	"GET /uv2582fip2582inf210/technical_environment_home.html HTTP/1.1"
2575	2025/01/20 12:06:05	"GET /uv2582fip2582inf210/documentation_docker.html HTTP/1.1"
2575	2025/01/20 12:06:16	"GET /uv2582fip2582inf210/practice_docker.html HTTP/1.1"
2575	2025/01/20 12:06:31	"GET /uv2582fip2582inf210/documentation_docker.html HTTP/1.1"
2575	2025/01/20 14:53:56	"GET /uv2582fip2582inf210/practice_postgresql.html HTTP/1.1"
2575	2025/01/20 15:15:45	"GET /uv2582fip2582inf210/documentation_rdbms.html HTTP/1.1"
2575	2025/01/20 15:18:48	"GET /uv2582fip2582inf210/documentation_programming.html HTTP/1.1"
2575	2025/01/20 15:19:04	"GET /uv2582fip2582inf210/inversion_of_control.html HTTP/1.1"
2575	2025/01/20 15:19:40	"GET /uv2582fip2582inf210/spring_bean.html HTTP/1.1"
2575	2025/01/20 15:19:59	"GET /uv2582fip2582inf210/practice_spring.html HTTP/1.1"
2575	2025/03/11 08:12:20	"GET /uv2582fip2582inf210/project_part2.html HTTP/1.1"
2575	2025/03/04 09:04:59	"GET /uv2582fip2582inf210/index.html HTTP/1.1"
2575	2025/03/04 09:05:07	"GET /uv2582fip2582inf210/data_home.html HTTP/1.1"
2575	2025/03/04 09:05:17	"GET /uv2582fip2582inf210/lecture_conceptual_modeling.html HTTP/1.1"
2575	2025/03/02 14:35:30	"GET /uv2582fip2582inf210/data_home.html HTTP/1.1"
2575	2025/03/02 14:35:34	"GET /uv2582fip2582inf210/lecture_relational_model.html HTTP/1.1"
2575	2025/03/02 14:35:35	"GET /uv2582fip2582inf210/lecture_db_integrity.html HTTP/1.1"
2575	2025/03/02 14:36:23	"GET /uv2582fip2582inf210/activity_relational_model.html HTTP/1.1"
2575	2025/03/02 14:36:38	"GET /uv2582fip2582inf210/activity_conceptual_modeling.html HTTP/1.1"
2575	2025/03/02 14:36:48	"GET /uv2582fip2582inf210/lecture_conceptual_modeling.html HTTP/1.1"
2575	2025/03/02 14:37:15	"GET /uv2582fip2582inf210/lecture_modeling_normalization.html HTTP/1.1"
2575	2025/03/02 14:37:36	"GET /uv2582fip2582inf210/lecture_normalization.html HTTP/1.1"
2575	2025/03/02 14:37:39	"GET /uv2582fip2582inf210/activity_normalization.html HTTP/1.1"
2575	2025/01/29 14:07:36	"GET /uv2582fip2582inf210/index.html HTTP/1.1"
2575	2025/01/29 14:07:45	"GET /uv2582fip2582inf210/project_home.html HTTP/1.1"
2575	2025/01/29 14:10:57	"GET /uv2582fip2582inf210/data_home.html HTTP/1.1"
2575	2025/01/29 14:14:24	"GET /uv2582fip2582inf210/lecture_relational_model.html HTTP/1.1"
2575	2025/01/29 14:14:25	"GET /uv2582fip2582inf210/lecture_modeling_normalization.html HTTP/1.1"
2575	2025/01/29 14:14:26	"GET /uv2582fip2582inf210/lecture_db_tools.html HTTP/1.1"
2575	2025/01/29 14:14:44	"GET /uv2582fip2582inf210/images/prerequisite_data/prerequisite_data_2025.html HTTP/1.1"
2575	2025/01/29 14:25:29	"GET /uv2582fip2582inf210/lecture_db_integrity.html HTTP/1.1"
2575	2025/01/29 14:31:45	"GET /uv2582fip2582inf210/activity_relational_model.html HTTP/1.1"
2575	2025/01/29 16:17:04	"GET /uv2582fip2582inf210/lecture_modeling_normalization.html HTTP/1.1"
2575	2025/01/29 16:23:35	"GET /uv2582fip2582inf210/lecture_conceptual_modeling.html HTTP/1.1"
2575	2025/01/29 16:23:49	"GET /uv2582fip2582inf210/activity_conceptual_modeling.html HTTP/1.1"
2575	2025/03/05 14:23:16	"GET /uv2582fip2582inf210/web_architecture_home.html HTTP/1.1"
2575	2025/03/05 14:23:22	"GET /uv2582fip2582inf210/practice_spring_2tiers_ext.html HTTP/1.1"
2575	2025/03/05 14:38:50	"GET /uv2582fip2582inf210/lecture_dto.html HTTP/1.1"
2575	2025/03/05 16:24:13	"GET /uv2582fip2582inf210/index.html HTTP/1.1"
2575	2025/03/05 16:24:16	"GET /uv2582fip2582inf210/project_presentation.html HTTP/1.1"
2575	2025/03/05 16:24:32	"GET /uv2582fip2582inf210/project_evaluation.html HTTP/1.1"
2575	2025/03/05 16:26:57	"GET /uv2582fip2582inf210/project_specifications.html HTTP/1.1"
2575	2025/03/05 16:27:51	"GET /uv2582fip2582inf210/project_presentation.html HTTP/1.1"
2575	2025/03/05 16:27:55	"GET /uv2582fip2582inf210/project_part1.html HTTP/1.1"
2575	2025/02/13 08:11:43	"GET /uv2582fip2582inf210/lecture_transaction.html HTTP/1.1"
2575	2025/02/13 08:15:21	"GET /uv2582fip2582inf210/practice_transaction.html HTTP/1.1"
2575	2025/02/13 08:22:13	"GET /uv2582fip2582inf210/practice_transaction_correction.html HTTP/1.1"
2575	2025/02/13 08:25:11	"GET /uv2582fip2582inf210/activity_sql.html HTTP/1.1"
2575	2025/02/13 08:32:26	"GET /uv2582fip2582inf210/activity_sql_correction.html HTTP/1.1"
2575	2025/02/13 09:59:26	"GET /uv2582fip2582inf210/index.html HTTP/1.1"
2575	2025/02/13 10:02:04	"GET /uv2582fip2582inf210/technical_environment_home.html HTTP/1.1"
2575	2025/02/13 10:02:46	"GET /uv2582fip2582inf210/practice_postgresql.html HTTP/1.1"
2575	2025/02/13 10:10:55	"GET /uv2582fip2582inf210/data_home.html HTTP/1.1"
2575	2025/02/13 10:11:00	"GET /uv2582fip2582inf210/images/prerequisite_data/prerequisite_data_2025.html HTTP/1.1"
2575	2025/02/13 10:11:09	"GET /uv2582fip2582inf210/practice_sql.html HTTP/1.1"
2575	2025/02/13 10:24:36	"GET /uv2582fip2582inf210/practice_sql_correction.html HTTP/1.1"
2575	2025/02/13 10:45:51	"GET /uv2582fip2582inf210/lecture_transaction.html HTTP/1.1"
2575	2025/02/13 10:45:56	"GET /uv2582fip2582inf210/practice_transaction.html HTTP/1.1"
2575	2025/02/13 10:46:02	"GET /uv2582fip2582inf210/practice_transaction_correction.html HTTP/1.1"
