258	2025/03/24 10:08:12	"GET /uv2582fip2582inf210/project_specifications.html HTTP/1.1"
258	2025/03/24 10:08:15	"GET /uv2582fip2582inf210/index.html HTTP/1.1"
258	2025/03/24 10:08:18	"GET /uv2582fip2582inf210/technical_environment_home.html HTTP/1.1"
258	2025/03/24 10:08:21	"GET /uv2582fip2582inf210/documentation_rdbms.html HTTP/1.1"
258	2025/03/24 10:08:22	"GET /uv2582fip2582inf210/practice_postgresql.html HTTP/1.1"
258	2025/03/24 10:08:28	"GET /uv2582fip2582inf210/data_home.html HTTP/1.1"
258	2025/03/24 10:08:33	"GET /uv2582fip2582inf210/lecture_modeling_normalization.html HTTP/1.1"
258	2025/03/24 10:08:38	"GET /uv2582fip2582inf210/lecture_conceptual_modeling.html HTTP/1.1"
258	2025/03/24 17:50:08	"GET /uv2582fip2582inf210/project_presentation.html HTTP/1.1"
258	2025/03/24 17:50:09	"GET /uv2582fip2582inf210/project_evaluation.html HTTP/1.1"
258	2025/02/21 14:03:18	"GET /uv2582fip2582inf210/index.html HTTP/1.1"
258	2025/02/21 14:03:30	"GET /uv2582fip2582inf210/data_home.html HTTP/1.1"
258	2025/02/21 14:03:59	"GET /uv2582fip2582inf210/activity_normalization.html HTTP/1.1"
258	2025/02/21 14:04:04	"GET /uv2582fip2582inf210/lecture_normalization.html HTTP/1.1"
258	2025/02/26 09:04:29	"GET /uv2582fip2582inf210/index.html HTTP/1.1"
258	2025/02/26 09:04:33	"GET /uv2582fip2582inf210/project_presentation.html HTTP/1.1"
258	2025/02/26 09:05:35	"GET /uv2582fip2582inf210/project_evaluation.html HTTP/1.1"
258	2025/02/26 09:07:41	"GET /uv2582fip2582inf210/project_specifications.html HTTP/1.1"
258	2025/02/26 09:32:45	"GET /uv2582fip2582inf210/project_part1.html HTTP/1.1"
258	2025/02/26 09:48:50	"GET /uv2582fip2582inf210/project_task_time.html HTTP/1.1"
258	2025/02/26 10:11:15	"GET /uv2582fip2582inf210/index.html HTTP/1.1"
258	2025/02/26 10:11:17	"GET /uv2582fip2582inf210/web_architecture_home.html HTTP/1.1"
258	2025/02/26 10:11:19	"GET /uv2582fip2582inf210/data_home.html HTTP/1.1"
258	2025/02/26 10:11:24	"GET /uv2582fip2582inf210/lecture_normalization.html HTTP/1.1"
258	2025/02/26 10:11:28	"GET /uv2582fip2582inf210/activity_normalization.html HTTP/1.1"
258	2025/02/26 10:11:31	"GET /uv2582fip2582inf210/activity_decomposition.html HTTP/1.1"
258	2025/02/26 10:11:34	"GET /uv2582fip2582inf210/activity_conceptual_modeling.html HTTP/1.1"
258	2025/02/26 10:11:37	"GET /uv2582fip2582inf210/lecture_conceptual_modeling.html HTTP/1.1"
258	2025/02/26 10:35:29	"GET /uv2582fip2582inf210/index.html HTTP/1.1"
258	2025/02/26 10:35:45	"GET /uv2582fip2582inf210/PresentationUVINF210/pres.html HTTP/1.1"
258	2025/02/26 10:35:57	"GET /uv2582fip2582inf210/project_presentation.html HTTP/1.1"
258	2025/02/24 14:06:05	"GET /uv2582fip2582inf210/project_home.html HTTP/1.1"
258	2025/02/24 14:06:14	"GET /uv2582fip2582inf210/index.html HTTP/1.1"
258	2025/02/24 14:07:39	"GET /uv2582fip2582inf210/web_architecture_home.html HTTP/1.1"
258	2025/02/24 14:07:41	"GET /uv2582fip2582inf210/practice_spring_2tiers_ext.html HTTP/1.1"
258	2025/02/24 14:09:13	"GET /uv2582fip2582inf210/lecture_software_architecture.html HTTP/1.1"
258	2025/02/24 14:30:19	"GET /uv2582fip2582inf210/lecture_dto.html HTTP/1.1"
258	2025/03/21 11:34:52	"GET /uv2582fip2582inf210/index.html HTTP/1.1"
258	2025/03/21 11:34:54	"GET /uv2582fip2582inf210/web_architecture_home.html HTTP/1.1"
258	2025/03/21 11:34:57	"GET /uv2582fip2582inf210/project_presentation.html HTTP/1.1"
258	2025/03/21 11:35:00	"GET /uv2582fip2582inf210/project_specifications.html HTTP/1.1"
258	2025/03/07 14:25:41	"GET /uv2582fip2582inf210/project_part2.html HTTP/1.1"
258	2025/03/07 15:36:35	"GET /uv2582fip2582inf210/project_part2.html HTTP/1.1"
258	2025/03/07 15:36:38	"GET /uv2582fip2582inf210/project_part3.html HTTP/1.1"
258	2025/03/07 15:36:48	"GET /uv2582fip2582inf210/project_structureui.html HTTP/1.1"
258	2025/03/07 15:53:14	"GET /uv2582fip2582inf210/project_specifications.html HTTP/1.1"
258	2025/03/07 15:53:19	"GET /uv2582fip2582inf210/project_task_time.html HTTP/1.1"
258	2025/02/03 09:43:28	"GET /uv2582fip2582inf210/practice_spring_2tiers.html HTTP/1.1"
258	2025/02/03 10:14:31	"GET /uv2582fip2582inf210/index.html HTTP/1.1"
258	2025/02/03 10:14:41	"GET /uv2582fip2582inf210/technical_environment_home.html HTTP/1.1"
258	2025/02/03 10:14:45	"GET /uv2582fip2582inf210/practice_postgresql.html HTTP/1.1"
258	2025/02/03 11:09:58	"GET /uv2582fip2582inf210/lecture_xml.html HTTP/1.1"
258	2025/02/03 11:33:21	"GET /uv2582fip2582inf210/web_architecture_home.html HTTP/1.1"
258	2025/02/03 11:36:20	"GET /uv2582fip2582inf210/lecture_validity.html HTTP/1.1"
258	2025/02/03 11:36:38	"GET /uv2582fip2582inf210/practice_xml.html HTTP/1.1"
258	2025/02/03 11:37:03	"GET /uv2582fip2582inf210/lecture_json.html HTTP/1.1"
258	2025/02/03 11:38:06	"GET /uv2582fip2582inf210/practice_json.html HTTP/1.1"
258	2025/02/03 11:40:16	"GET /uv2582fip2582inf210/data_home.html HTTP/1.1"
258	2025/02/03 11:44:42	"GET /uv2582fip2582inf210/lecture_relational_model.html HTTP/1.1"
258	2025/02/03 11:51:49	"GET /uv2582fip2582inf210/lecture_db_integrity.html HTTP/1.1"
258	2025/02/03 11:54:09	"GET /uv2582fip2582inf210/activity_relational_model.html HTTP/1.1"
258	2025/02/03 12:03:42	"GET /uv2582fip2582inf210/lecture_modeling_normalization.html HTTP/1.1"
258	2025/02/03 12:09:25	"GET /uv2582fip2582inf210/lecture_conceptual_modeling.html HTTP/1.1"
258	2025/01/24 09:38:47	"GET /uv2582fip2582inf210/technical_environment_home.html HTTP/1.1"
258	2025/01/24 09:46:33	"GET /uv2582fip2582inf210/documentation_docker.html HTTP/1.1"
258	2025/01/24 10:24:27	"GET /uv2582fip2582inf210/practice_docker.html HTTP/1.1"
258	2025/01/24 11:06:29	"GET /uv2582fip2582inf210/practice_docker_advanced.html HTTP/1.1"
258	2025/01/24 11:11:03	"GET /uv2582fip2582inf210/documentation_rdbms.html HTTP/1.1"
258	2025/01/24 11:13:34	"GET /uv2582fip2582inf210/practice_postgresql.html HTTP/1.1"
258	2025/01/24 11:21:56	"GET /uv2582fip2582inf210/documentation_programming.html HTTP/1.1"
258	2025/01/24 11:24:34	"GET /uv2582fip2582inf210/practice_spring.html HTTP/1.1"
258	2025/01/31 14:06:27	"GET /uv2582fip2582inf210/index.html HTTP/1.1"
258	2025/01/31 14:06:28	"GET /uv2582fip2582inf210/practice_spring_2tiers.html HTTP/1.1"
258	2025/01/31 14:34:08	"GET /uv2582fip2582inf210/lecture_jpa.html HTTP/1.1"
258	2025/01/31 15:46:45	"GET /uv2582fip2582inf210/technical_environment_home.html HTTP/1.1"
258	2025/01/31 15:46:47	"GET /uv2582fip2582inf210/practice_docker.html HTTP/1.1"
258	2025/01/31 15:47:01	"GET /uv2582fip2582inf210/documentation_programming.html HTTP/1.1"
258	2025/01/31 15:47:04	"GET /uv2582fip2582inf210/practice_spring.html HTTP/1.1"
258	2025/01/31 15:47:34	"GET /uv2582fip2582inf210/documentation_docker.html HTTP/1.1"
258	2025/01/31 15:48:01	"GET /uv2582fip2582inf210/practice_postgresql.html HTTP/1.1"
258	2025/01/31 15:48:41	"GET /uv2582fip2582inf210/index.html HTTP/1.1"
258	2025/01/31 15:49:43	"GET /uv2582fip2582inf210/web_architecture_home.html HTTP/1.1"
258	2025/01/31 15:49:55	"GET /uv2582fip2582inf210/data_home.html HTTP/1.1"
258	2025/01/31 15:50:00	"GET /uv2582fip2582inf210/lecture_software_architecture.html HTTP/1.1"
258	2025/01/31 15:50:07	"GET /uv2582fip2582inf210/lecture_technical_architecture.html HTTP/1.1"
258	2025/01/31 15:50:35	"GET /uv2582fip2582inf210/lecture_mvc_spring.html HTTP/1.1"
258	2025/03/08 14:23:20	"GET /uv2582fip2582inf210/project_specifications.html HTTP/1.1"
258	2025/01/30 09:35:03	"GET /uv2582fip2582inf210/data_home.html HTTP/1.1"
258	2025/01/30 09:36:40	"GET /uv2582fip2582inf210/web_architecture_home.html HTTP/1.1"
258	2025/01/30 10:01:15	"GET /uv2582fip2582inf210/technical_environment_home.html HTTP/1.1"
258	2025/01/30 10:01:18	"GET /uv2582fip2582inf210/practice_postgresql.html HTTP/1.1"
258	2025/01/30 10:01:36	"GET /uv2582fip2582inf210/practice_docker.html HTTP/1.1"
258	2025/01/30 10:11:23	"GET /uv2582fip2582inf210/lecture_jpa.html HTTP/1.1"
258	2025/01/30 10:12:09	"GET /uv2582fip2582inf210/data_home.html HTTP/1.1"
258	2025/01/30 10:12:31	"GET /uv2582fip2582inf210/lecture_relational_model.html HTTP/1.1"
258	2025/01/30 10:22:28	"GET /uv2582fip2582inf210/practice_jpa.html HTTP/1.1"
258	2025/01/30 12:02:57	"GET /uv2582fip2582inf210/practice_jpa_advanced.html HTTP/1.1"
258	2025/01/30 12:10:39	"GET /uv2582fip2582inf210/practice_spring_2tiers.html HTTP/1.1"
258	2025/03/09 22:12:45	"GET /uv2582fip2582inf210/project_specifications.html HTTP/1.1"
258	2025/02/17 14:05:06	"GET /uv2582fip2582inf210/practice_spring_2tiers.html HTTP/1.1"
258	2025/02/17 14:05:20	"GET /uv2582fip2582inf210/index.html HTTP/1.1"
258	2025/02/17 14:05:22	"GET /uv2582fip2582inf210/project_home.html HTTP/1.1"
258	2025/01/22 14:45:28	"GET /uv2582fip2582inf210/technical_environment_home.html HTTP/1.1"
258	2025/01/22 14:45:38	"GET /uv2582fip2582inf210/images/prerequisite_techenv/prerequisite_techenv_2025.html HTTP/1.1"
258	2025/01/22 15:00:37	"GET /uv2582fip2582inf210/index.html HTTP/1.1"
258	2025/03/06 08:39:56	"GET /uv2582fip2582inf210/project_part2.html HTTP/1.1"
258	2025/02/05 14:42:10	"GET /uv2582fip2582inf210/activity_conceptual_modeling.html HTTP/1.1"
258	2025/02/05 14:52:24	"GET /uv2582fip2582inf210/activity_conceptual_modeling_correction.html HTTP/1.1"
258	2025/02/05 15:42:20	"GET /uv2582fip2582inf210/lecture_normalization.html HTTP/1.1"
258	2025/02/05 16:11:40	"GET /uv2582fip2582inf210/activity_normalization.html HTTP/1.1"
258	2025/02/10 14:03:22	"GET /uv2582fip2582inf210/index.html HTTP/1.1"
258	2025/02/10 14:03:26	"GET /uv2582fip2582inf210/index.html HTTP/1.1"
258	2025/02/10 14:04:47	"GET /uv2582fip2582inf210/data_home.html HTTP/1.1"
258	2025/02/10 14:04:56	"GET /uv2582fip2582inf210/lecture_conceptual_modeling.html HTTP/1.1"
258	2025/02/10 14:13:43	"GET /uv2582fip2582inf210/lecture_normalization.html HTTP/1.1"
258	2025/02/10 15:00:00	"GET /uv2582fip2582inf210/activity_conceptual_modeling.html HTTP/1.1"
258	2025/02/10 15:00:24	"GET /uv2582fip2582inf210/lecture_modeling_normalization.html HTTP/1.1"
258	2025/02/10 16:10:42	"GET /uv2582fip2582inf210/activity_normalization.html HTTP/1.1"
258	2025/02/10 16:16:02	"GET /uv2582fip2582inf210/activity_sql.html HTTP/1.1"
258	2025/03/19 16:12:01	"GET /uv2582fip2582inf210/index.html HTTP/1.1"
258	2025/03/19 16:12:08	"GET /uv2582fip2582inf210/project_presentation.html HTTP/1.1"
258	2025/03/19 16:12:11	"GET /uv2582fip2582inf210/project_specifications.html HTTP/1.1"
258	2025/02/12 09:38:58	"GET /uv2582fip2582inf210/index.html HTTP/1.1"
258	2025/02/12 09:39:18	"GET /uv2582fip2582inf210/web_architecture_home.html HTTP/1.1"
258	2025/02/12 09:39:23	"GET /uv2582fip2582inf210/activity_sql.html HTTP/1.1"
258	2025/02/12 09:42:48	"GET /uv2582fip2582inf210/lecture_relational_model.html HTTP/1.1"
258	2025/02/12 10:08:40	"GET /uv2582fip2582inf210/practice_sql.html HTTP/1.1"
258	2025/02/12 10:31:10	"GET /uv2582fip2582inf210/lecture_transaction.html HTTP/1.1"
258	2025/02/12 11:02:55	"GET /uv2582fip2582inf210/practice_transaction.html HTTP/1.1"
258	2025/02/12 11:10:33	"GET /uv2582fip2582inf210/lecture_conceptual_modeling.html HTTP/1.1"
258	2025/02/12 11:26:52	"GET /uv2582fip2582inf210/activity_conceptual_modeling.html HTTP/1.1"
258	2025/02/12 11:30:47	"GET /uv2582fip2582inf210/lecture_normalization.html HTTP/1.1"
258	2025/02/12 11:48:48	"GET /uv2582fip2582inf210/activity_decomposition.html HTTP/1.1"
258	2025/02/12 11:56:50	"GET /uv2582fip2582inf210/index.html HTTP/1.1"
258	2025/02/12 11:56:55	"GET /uv2582fip2582inf210/lecture_technical_architecture.html HTTP/1.1"
258	2025/02/12 11:56:59	"GET /uv2582fip2582inf210/lecture_software_architecture.html HTTP/1.1"
258	2025/02/12 11:57:05	"GET /uv2582fip2582inf210/lecture_dto.html HTTP/1.1"
258	2025/02/12 11:58:25	"GET /uv2582fip2582inf210/lecture_mvc_spring.html HTTP/1.1"
258	2025/02/12 12:03:04	"GET /uv2582fip2582inf210/lecture_jpa.html HTTP/1.1"
258	2025/02/12 14:51:55	"GET /uv2582fip2582inf210/practice_jpa.html HTTP/1.1"
258	2025/02/12 14:57:18	"GET /uv2582fip2582inf210/practice_jpa_advanced.html HTTP/1.1"
258	2025/02/12 14:58:43	"GET /uv2582fip2582inf210/practice_spring_2tiers.html HTTP/1.1"
258	2025/03/11 13:04:52	"GET /uv2582fip2582inf210/project_presentation.html HTTP/1.1"
258	2025/03/11 13:04:58	"GET /uv2582fip2582inf210/project_task_time.html HTTP/1.1"
258	2025/03/11 13:04:59	"GET /uv2582fip2582inf210/project_specifications.html HTTP/1.1"
258	2025/03/04 15:15:09	"GET /uv2582fip2582inf210/project_presentation.html HTTP/1.1"
258	2025/03/04 15:15:16	"GET /uv2582fip2582inf210/project_part2.html HTTP/1.1"
258	2025/03/04 15:15:42	"GET /uv2582fip2582inf210/project_evaluation.html HTTP/1.1"
258	2025/03/03 11:01:40	"GET /uv2582fip2582inf210/index.html HTTP/1.1"
258	2025/03/03 11:01:44	"GET /uv2582fip2582inf210/project_presentation.html HTTP/1.1"
258	2025/03/03 11:01:51	"GET /uv2582fip2582inf210/project_part1.html HTTP/1.1"
258	2025/03/03 11:02:21	"GET /uv2582fip2582inf210/project_part2.html HTTP/1.1"
258	2025/03/03 11:23:20	"GET /uv2582fip2582inf210/project_part2.html HTTP/1.1"
258	2025/03/03 16:48:04	"GET /uv2582fip2582inf210/project_specifications.html HTTP/1.1"
258	2025/03/03 16:48:21	"GET /uv2582fip2582inf210/project_task_time.html HTTP/1.1"
258	2025/03/03 16:48:26	"GET /uv2582fip2582inf210/project_presentation.html HTTP/1.1"
258	2025/03/03 16:48:27	"GET /uv2582fip2582inf210/project_evaluation.html HTTP/1.1"
258	2025/03/03 16:54:13	"GET /uv2582fip2582inf210/project_part2.html HTTP/1.1"
258	2025/02/14 09:37:32	"GET /uv2582fip2582inf210/index.html HTTP/1.1"
258	2025/02/14 09:37:42	"GET /uv2582fip2582inf210/web_architecture_home.html HTTP/1.1"
258	2025/01/29 14:01:12	"GET /uv2582fip2582inf210/technical_environment_home.html HTTP/1.1"
258	2025/01/29 14:01:27	"GET /uv2582fip2582inf210/documentation_docker.html HTTP/1.1"
258	2025/01/29 14:01:33	"GET /uv2582fip2582inf210/practice_spring.html HTTP/1.1"
258	2025/01/29 14:09:42	"GET /uv2582fip2582inf210/index.html HTTP/1.1"
258	2025/01/29 14:09:46	"GET /uv2582fip2582inf210/web_architecture_home.html HTTP/1.1"
258	2025/01/29 14:11:52	"GET /uv2582fip2582inf210/practice_postgresql.html HTTP/1.1"
258	2025/01/29 14:13:10	"GET /uv2582fip2582inf210/practice_docker.html HTTP/1.1"
258	2025/01/29 14:15:04	"GET /uv2582fip2582inf210/documentation_programming.html HTTP/1.1"
258	2025/01/29 14:25:34	"GET /uv2582fip2582inf210/lecture_technical_architecture.html HTTP/1.1"
258	2025/01/29 14:30:16	"GET /uv2582fip2582inf210/lecture_software_architecture.html HTTP/1.1"
258	2025/01/29 14:38:35	"GET /uv2582fip2582inf210/lecture_dto.html HTTP/1.1"
258	2025/01/29 14:40:32	"GET /uv2582fip2582inf210/lecture_mvc_spring.html HTTP/1.1"
258	2025/03/05 11:50:26	"GET /uv2582fip2582inf210/project_presentation.html HTTP/1.1"
258	2025/03/05 11:51:38	"GET /uv2582fip2582inf210/project_part1.html HTTP/1.1"
258	2025/03/05 11:51:49	"GET /uv2582fip2582inf210/project_part2.html HTTP/1.1"
258	2025/03/05 14:37:21	"GET /uv2582fip2582inf210/project_evaluation.html HTTP/1.1"
258	2025/03/05 14:38:55	"GET /uv2582fip2582inf210/project_task_time.html HTTP/1.1"
258	2025/03/05 18:37:30	"GET /uv2582fip2582inf210/index.html HTTP/1.1"
258	2025/03/05 18:38:42	"GET /uv2582fip2582inf210/technical_environment_home.html HTTP/1.1"
258	2025/03/05 18:38:50	"GET /uv2582fip2582inf210/project_presentation.html HTTP/1.1"
