259	2025/03/24 09:50:36	"GET /uv2582fip2582inf210/data_home.html HTTP/1.1"
259	2025/03/24 09:50:47	"GET /uv2582fip2582inf210/lecture_modeling_normalization.html HTTP/1.1"
259	2025/03/24 09:51:01	"GET /uv2582fip2582inf210/activity_conceptual_modeling.html HTTP/1.1"
259	2025/03/24 09:51:18	"GET /uv2582fip2582inf210/lecture_conceptual_modeling.html HTTP/1.1"
259	2025/04/02 15:53:48	"GET /uv2582fip2582inf210/project_presentation.html HTTP/1.1"
259	2025/04/02 15:53:51	"GET /uv2582fip2582inf210/project_structureui.html HTTP/1.1"
259	2025/04/02 15:53:56	"GET /uv2582fip2582inf210/project_part3.html HTTP/1.1"
259	2025/04/02 15:54:56	"GET /uv2582fip2582inf210/project_part1.html HTTP/1.1"
259	2025/04/02 15:55:15	"GET /uv2582fip2582inf210/project_part2.html HTTP/1.1"
259	2025/02/20 21:24:04	"GET /uv2582fip2582inf210/web_architecture_home.html HTTP/1.1"
259	2025/02/20 21:35:53	"GET /uv2582fip2582inf210/lecture_jpa.html HTTP/1.1"
259	2025/02/20 22:08:43	"GET /uv2582fip2582inf210/practice_jpa.html HTTP/1.1"
259	2025/02/20 22:23:34	"GET /uv2582fip2582inf210/practice_spring_2tiers.html HTTP/1.1"
259	2025/02/20 22:29:22	"GET /uv2582fip2582inf210/data_home.html HTTP/1.1"
259	2025/02/20 22:29:38	"GET /uv2582fip2582inf210/lecture_relational_model.html HTTP/1.1"
259	2025/02/20 22:29:44	"GET /uv2582fip2582inf210/activity_relational_model.html HTTP/1.1"
259	2025/02/20 22:29:59	"GET /uv2582fip2582inf210/lecture_conceptual_modeling.html HTTP/1.1"
259	2025/02/20 22:30:06	"GET /uv2582fip2582inf210/lecture_normalization.html HTTP/1.1"
259	2025/02/20 22:30:12	"GET /uv2582fip2582inf210/activity_normalization.html HTTP/1.1"
259	2025/02/20 22:30:14	"GET /uv2582fip2582inf210/activity_decomposition.html HTTP/1.1"
259	2025/02/20 22:30:17	"GET /uv2582fip2582inf210/lecture_modeling_normalization.html HTTP/1.1"
259	2025/02/20 22:30:37	"GET /uv2582fip2582inf210/lecture_dto.html HTTP/1.1"
259	2025/02/28 11:06:30	"GET /uv2582fip2582inf210/project_presentation.html HTTP/1.1"
259	2025/02/28 11:10:14	"GET /uv2582fip2582inf210/project_specifications.html HTTP/1.1"
259	2025/02/28 11:10:43	"GET /uv2582fip2582inf210/project_task_time.html HTTP/1.1"
259	2025/02/28 11:11:03	"GET /uv2582fip2582inf210/project_part1.html HTTP/1.1"
259	2025/02/28 11:15:07	"GET /uv2582fip2582inf210/project_presentation.html HTTP/1.1"
259	2025/02/28 11:16:09	"GET /uv2582fip2582inf210/data_home.html HTTP/1.1"
259	2025/02/28 11:18:57	"GET /uv2582fip2582inf210/lecture_modeling_normalization.html HTTP/1.1"
259	2025/02/28 11:19:37	"GET /uv2582fip2582inf210/lecture_conceptual_modeling.html HTTP/1.1"
259	2025/02/28 11:26:49	"GET /uv2582fip2582inf210/activity_normalization.html HTTP/1.1"
259	2025/02/28 11:28:31	"GET /uv2582fip2582inf210/activity_decomposition.html HTTP/1.1"
259	2025/02/28 11:29:14	"GET /uv2582fip2582inf210/lecture_normalization.html HTTP/1.1"
259	2025/02/28 12:12:40	"GET /uv2582fip2582inf210/lecture_conceptual_modeling.html HTTP/1.1"
259	2025/02/28 13:47:34	"GET /uv2582fip2582inf210/lecture_normalization.html HTTP/1.1"
259	2025/02/28 13:48:16	"GET /uv2582fip2582inf210/project_presentation.html HTTP/1.1"
259	2025/02/28 13:49:11	"GET /uv2582fip2582inf210/project_part1.html HTTP/1.1"
259	2025/02/28 13:51:22	"GET /uv2582fip2582inf210/project_specifications.html HTTP/1.1"
259	2025/02/28 13:54:31	"GET /uv2582fip2582inf210/data_home.html HTTP/1.1"
259	2025/02/28 13:54:44	"GET /uv2582fip2582inf210/activity_conceptual_modeling.html HTTP/1.1"
259	2025/02/28 13:54:50	"GET /uv2582fip2582inf210/lecture_normalization.html HTTP/1.1"
259	2025/02/28 13:55:17	"GET /uv2582fip2582inf210/lecture_modeling_normalization.html HTTP/1.1"
259	2025/02/28 13:55:26	"GET /uv2582fip2582inf210/lecture_conceptual_modeling.html HTTP/1.1"
259	2025/02/28 15:04:35	"GET /uv2582fip2582inf210/project_presentation.html HTTP/1.1"
259	2025/02/28 15:04:45	"GET /uv2582fip2582inf210/project_evaluation.html HTTP/1.1"
259	2025/02/28 15:05:04	"GET /uv2582fip2582inf210/project_specifications.html HTTP/1.1"
259	2025/02/28 16:17:56	"GET /uv2582fip2582inf210/data_home.html HTTP/1.1"
259	2025/02/28 16:18:11	"GET /uv2582fip2582inf210/lecture_conceptual_modeling.html HTTP/1.1"
259	2025/02/28 16:23:45	"GET /uv2582fip2582inf210/technical_environment_home.html HTTP/1.1"
259	2025/02/28 16:23:50	"GET /uv2582fip2582inf210/documentation_docker.html HTTP/1.1"
259	2025/02/28 17:16:14	"GET /uv2582fip2582inf210/project_specifications.html HTTP/1.1"
259	2025/02/21 14:07:27	"GET /uv2582fip2582inf210/data_home.html HTTP/1.1"
259	2025/02/21 14:07:36	"GET /uv2582fip2582inf210/lecture_conceptual_modeling.html HTTP/1.1"
259	2025/02/26 09:53:27	"GET /uv2582fip2582inf210/project_presentation.html HTTP/1.1"
259	2025/02/26 09:57:01	"GET /uv2582fip2582inf210/project_part1.html HTTP/1.1"
259	2025/02/26 09:57:17	"GET /uv2582fip2582inf210/project_specifications.html HTTP/1.1"
259	2025/02/26 10:04:56	"GET /uv2582fip2582inf210/project_specifications.html HTTP/1.1"
259	2025/02/26 10:05:11	"GET /uv2582fip2582inf210/project_part1.html HTTP/1.1"
259	2025/02/26 10:06:35	"GET /uv2582fip2582inf210/project_presentation.html HTTP/1.1"
259	2025/02/26 10:11:23	"GET /uv2582fip2582inf210/project_evaluation.html HTTP/1.1"
259	2025/02/26 10:13:15	"GET /uv2582fip2582inf210/project_specifications.html HTTP/1.1"
259	2025/02/26 10:13:47	"GET /uv2582fip2582inf210/project_task_time.html HTTP/1.1"
259	2025/02/26 10:17:27	"GET /uv2582fip2582inf210/project_part1.html HTTP/1.1"
259	2025/02/26 11:13:48	"GET /uv2582fip2582inf210/project_specifications.html HTTP/1.1"
259	2025/02/26 11:37:59	"GET /uv2582fip2582inf210/project_specifications.html HTTP/1.1"
259	2025/02/26 12:00:35	"GET /uv2582fip2582inf210/project_presentation.html HTTP/1.1"
259	2025/02/26 12:00:37	"GET /uv2582fip2582inf210/project_part1.html HTTP/1.1"
259	2025/02/26 15:01:33	"GET /uv2582fip2582inf210/web_architecture_home.html HTTP/1.1"
259	2025/02/26 15:01:52	"GET /uv2582fip2582inf210/data_home.html HTTP/1.1"
259	2025/02/26 15:01:58	"GET /uv2582fip2582inf210/lecture_conceptual_modeling.html HTTP/1.1"
259	2025/02/26 15:03:29	"GET /uv2582fip2582inf210/activity_conceptual_modeling.html HTTP/1.1"
259	2025/02/26 15:03:44	"GET /uv2582fip2582inf210/lecture_normalization.html HTTP/1.1"
259	2025/02/26 15:03:44	"GET /uv2582fip2582inf210/activity_conceptual_modeling_advanced.html HTTP/1.1"
259	2025/02/26 15:04:06	"GET /uv2582fip2582inf210/activity_normalization.html HTTP/1.1"
259	2025/02/26 15:04:18	"GET /uv2582fip2582inf210/activity_decomposition.html HTTP/1.1"
259	2025/02/26 15:12:51	"GET /uv2582fip2582inf210/lecture_conceptual_modeling.html HTTP/1.1"
259	2025/03/21 10:27:57	"GET /uv2582fip2582inf210/data_home.html HTTP/1.1"
259	2025/03/21 10:28:01	"GET /uv2582fip2582inf210/project_presentation.html HTTP/1.1"
259	2025/03/21 10:28:05	"GET /uv2582fip2582inf210/project_part2.html HTTP/1.1"
259	2025/03/21 11:28:29	"GET /uv2582fip2582inf210/project_presentation.html HTTP/1.1"
259	2025/03/07 09:33:54	"GET /uv2582fip2582inf210/project_presentation.html HTTP/1.1"
259	2025/03/07 09:35:09	"GET /uv2582fip2582inf210/project_part2.html HTTP/1.1"
259	2025/02/19 14:55:18	"GET /uv2582fip2582inf210/technical_environment_home.html HTTP/1.1"
259	2025/02/19 14:55:46	"GET /uv2582fip2582inf210/documentation_programming.html HTTP/1.1"
259	2025/02/19 14:55:58	"GET /uv2582fip2582inf210/practice_spring.html HTTP/1.1"
259	2025/02/19 14:56:22	"GET /uv2582fip2582inf210/web_architecture_home.html HTTP/1.1"
259	2025/02/19 14:56:29	"GET /uv2582fip2582inf210/lecture_technical_architecture.html HTTP/1.1"
259	2025/02/19 14:56:47	"GET /uv2582fip2582inf210/lecture_software_architecture.html HTTP/1.1"
259	2025/02/19 14:56:55	"GET /uv2582fip2582inf210/lecture_dto.html HTTP/1.1"
259	2025/02/19 14:57:49	"GET /uv2582fip2582inf210/lecture_mvc_spring.html HTTP/1.1"
259	2025/02/19 14:58:36	"GET /uv2582fip2582inf210/practice_spring_2tiers.html HTTP/1.1"
259	2025/02/19 15:00:36	"GET /uv2582fip2582inf210/lecture_jpa.html HTTP/1.1"
259	2025/02/19 16:20:00	"GET /uv2582fip2582inf210/lecture_technical_architecture.html HTTP/1.1"
259	2025/02/19 16:21:08	"GET /uv2582fip2582inf210/practice_jpa_advanced.html HTTP/1.1"
259	2025/02/19 16:21:10	"GET /uv2582fip2582inf210/practice_jpa.html HTTP/1.1"
259	2025/03/15 14:40:54	"GET /uv2582fip2582inf210/project_presentation.html HTTP/1.1"
259	2025/03/15 14:41:05	"GET /uv2582fip2582inf210/project_part3.html HTTP/1.1"
259	2025/03/15 15:00:33	"GET /uv2582fip2582inf210/project_part3.html HTTP/1.1"
259	2025/02/03 14:43:44	"GET /uv2582fip2582inf210/technical_environment_home.html HTTP/1.1"
259	2025/02/03 14:43:49	"GET /uv2582fip2582inf210/practice_docker.html HTTP/1.1"
259	2025/02/03 14:43:57	"GET /uv2582fip2582inf210/practice_docker_advanced.html HTTP/1.1"
259	2025/02/03 14:46:57	"GET /uv2582fip2582inf210/documentation_rdbms.html HTTP/1.1"
259	2025/02/03 14:47:00	"GET /uv2582fip2582inf210/practice_postgresql.html HTTP/1.1"
259	2025/02/03 14:52:15	"GET /uv2582fip2582inf210/practice_docker_advanced.html HTTP/1.1"
259	2025/02/03 14:52:19	"GET /uv2582fip2582inf210/practice_docker.html HTTP/1.1"
259	2025/02/03 14:52:21	"GET /uv2582fip2582inf210/technical_environment_home.html HTTP/1.1"
259	2025/02/03 14:52:45	"GET /uv2582fip2582inf210/data_home.html HTTP/1.1"
259	2025/02/03 14:58:54	"GET /uv2582fip2582inf210/data_home.html HTTP/1.1"
259	2025/02/03 15:01:07	"GET /uv2582fip2582inf210/lecture_relational_model.html HTTP/1.1"
259	2025/02/03 15:01:14	"GET /uv2582fip2582inf210/lecture_db_integrity.html HTTP/1.1"
259	2025/02/03 16:11:28	"GET /uv2582fip2582inf210/activity_relational_model.html HTTP/1.1"
259	2025/02/03 16:11:40	"GET /uv2582fip2582inf210/lecture_relational_algebra.html HTTP/1.1"
259	2025/02/03 16:16:47	"GET /uv2582fip2582inf210/activity_relational_model.html HTTP/1.1"
259	2025/01/24 09:53:05	"GET /uv2582fip2582inf210/technical_environment_home.html HTTP/1.1"
259	2025/01/24 09:54:01	"GET /uv2582fip2582inf210/documentation_docker.html HTTP/1.1"
259	2025/01/24 10:09:51	"GET /uv2582fip2582inf210/documentation_rdbms.html HTTP/1.1"
259	2025/01/24 10:10:04	"GET /uv2582fip2582inf210/documentation_docker.html HTTP/1.1"
259	2025/01/24 10:10:23	"GET /uv2582fip2582inf210/licence.html HTTP/1.1"
259	2025/01/24 10:18:41	"GET /uv2582fip2582inf210/technical_environment_home.html HTTP/1.1"
259	2025/01/24 10:39:16	"GET /uv2582fip2582inf210/technical_environment_home.html HTTP/1.1"
259	2025/01/24 10:42:40	"GET /uv2582fip2582inf210/documentation_rdbms.html HTTP/1.1"
259	2025/01/24 10:42:44	"GET /uv2582fip2582inf210/documentation_docker.html HTTP/1.1"
259	2025/01/24 11:59:59	"GET /uv2582fip2582inf210/practice_docker.html HTTP/1.1"
259	2025/01/24 12:00:16	"GET /uv2582fip2582inf210/documentation_rdbms.html HTTP/1.1"
259	2025/01/31 14:11:25	"GET /uv2582fip2582inf210/data_home.html HTTP/1.1"
259	2025/01/30 10:04:18	"GET /uv2582fip2582inf210/documentation_docker.html HTTP/1.1"
259	2025/01/30 10:05:22	"GET /uv2582fip2582inf210/practice_docker.html HTTP/1.1"
259	2025/01/30 10:09:28	"GET /uv2582fip2582inf210/practice_docker.html HTTP/1.1"
259	2025/01/30 10:47:21	"GET /uv2582fip2582inf210/practice_docker_advanced.html HTTP/1.1"
259	2025/01/30 10:47:51	"GET /uv2582fip2582inf210/documentation_rdbms.html HTTP/1.1"
259	2025/01/30 11:20:24	"GET /uv2582fip2582inf210/documentation_rdbms.html HTTP/1.1"
259	2025/01/30 11:20:34	"GET /uv2582fip2582inf210/practice_postgresql.html HTTP/1.1"
259	2025/01/30 11:29:47	"GET /uv2582fip2582inf210/practice_docker_advanced.html HTTP/1.1"
259	2025/01/30 11:29:49	"GET /uv2582fip2582inf210/practice_docker.html HTTP/1.1"
259	2025/01/30 11:29:49	"GET /uv2582fip2582inf210/documentation_docker.html HTTP/1.1"
259	2025/01/30 11:30:02	"GET /uv2582fip2582inf210/web_architecture_home.html HTTP/1.1"
259	2025/01/30 11:34:36	"GET /uv2582fip2582inf210/data_home.html HTTP/1.1"
259	2025/01/30 11:35:02	"GET /uv2582fip2582inf210/web_architecture_home.html HTTP/1.1"
259	2025/01/30 11:35:16	"GET /uv2582fip2582inf210/lecture_technical_architecture.html HTTP/1.1"
259	2025/01/30 11:35:41	"GET /uv2582fip2582inf210/lecture_software_architecture.html HTTP/1.1"
259	2025/01/30 11:36:03	"GET /uv2582fip2582inf210/lecture_dto.html HTTP/1.1"
259	2025/01/30 11:36:16	"GET /uv2582fip2582inf210/lecture_xml.html HTTP/1.1"
259	2025/01/30 11:37:15	"GET /uv2582fip2582inf210/lecture_mvc_spring.html HTTP/1.1"
259	2025/01/30 11:52:00	"GET /uv2582fip2582inf210/data_home.html HTTP/1.1"
259	2025/01/30 11:52:03	"GET /uv2582fip2582inf210/project_home.html HTTP/1.1"
259	2025/02/17 14:08:20	"GET /uv2582fip2582inf210/data_home.html HTTP/1.1"
259	2025/02/17 14:08:29	"GET /uv2582fip2582inf210/lecture_modeling_normalization.html HTTP/1.1"
259	2025/02/17 14:08:35	"GET /uv2582fip2582inf210/activity_conceptual_modeling.html HTTP/1.1"
259	2025/02/17 14:09:28	"GET /uv2582fip2582inf210/lecture_conceptual_modeling.html HTTP/1.1"
259	2025/02/17 15:34:54	"GET /uv2582fip2582inf210/lecture_normalization.html HTTP/1.1"
259	2025/03/14 22:00:09	"GET /uv2582fip2582inf210/project_presentation.html HTTP/1.1"
259	2025/03/14 22:00:13	"GET /uv2582fip2582inf210/project_part3.html HTTP/1.1"
259	2025/03/14 22:41:38	"GET /uv2582fip2582inf210/project_structureui.html HTTP/1.1"
259	2025/03/14 22:41:53	"GET /uv2582fip2582inf210/project_part3.html HTTP/1.1"
259	2025/03/13 22:27:02	"GET /uv2582fip2582inf210/project_presentation.html HTTP/1.1"
259	2025/03/13 22:27:09	"GET /uv2582fip2582inf210/project_part2.html HTTP/1.1"
259	2025/03/06 17:45:10	"GET /uv2582fip2582inf210/project_presentation.html HTTP/1.1"
259	2025/03/06 17:45:40	"GET /uv2582fip2582inf210/project_evaluation.html HTTP/1.1"
259	2025/03/06 17:46:02	"GET /uv2582fip2582inf210/project_specifications.html HTTP/1.1"
259	2025/03/06 17:48:31	"GET /uv2582fip2582inf210/project_task_time.html HTTP/1.1"
259	2025/03/06 17:52:03	"GET /uv2582fip2582inf210/project_part1.html HTTP/1.1"
259	2025/03/06 17:53:07	"GET /uv2582fip2582inf210/project_part2.html HTTP/1.1"
259	2025/02/05 14:11:00	"GET /uv2582fip2582inf210/data_home.html HTTP/1.1"
259	2025/02/05 14:11:04	"GET /uv2582fip2582inf210/activity_relational_model.html HTTP/1.1"
259	2025/02/05 14:21:13	"GET /uv2582fip2582inf210/lecture_conceptual_modeling.html HTTP/1.1"
259	2025/02/05 14:21:15	"GET /uv2582fip2582inf210/lecture_modeling_normalization.html HTTP/1.1"
259	2025/02/05 14:31:45	"GET /uv2582fip2582inf210/lecture_modeling_normalization.html HTTP/1.1"
259	2025/02/05 14:40:09	"GET /uv2582fip2582inf210/lecture_conceptual_modeling.html HTTP/1.1"
259	2025/02/05 15:10:53	"GET /uv2582fip2582inf210/activity_conceptual_modeling.html HTTP/1.1"
259	2025/02/05 15:12:49	"GET /uv2582fip2582inf210/activity_conceptual_modeling_correction.html HTTP/1.1"
259	2025/02/05 15:47:47	"GET /uv2582fip2582inf210/lecture_normalization.html HTTP/1.1"
259	2025/02/05 16:11:36	"GET /uv2582fip2582inf210/activity_normalization.html HTTP/1.1"
259	2025/02/05 16:12:42	"GET /uv2582fip2582inf210/activity_normalization_correction.html HTTP/1.1"
259	2025/02/05 16:14:12	"GET /uv2582fip2582inf210/activity_sql.html HTTP/1.1"
259	2025/02/05 16:20:13	"GET /uv2582fip2582inf210/practice_sql.html HTTP/1.1"
259	2025/02/10 14:05:13	"GET /uv2582fip2582inf210/activity_normalization.html HTTP/1.1"
259	2025/02/10 14:06:33	"GET /uv2582fip2582inf210/lecture_normalization.html HTTP/1.1"
259	2025/02/10 14:07:48	"GET /uv2582fip2582inf210/activity_sql.html HTTP/1.1"
259	2025/02/10 14:09:01	"GET /uv2582fip2582inf210/technical_environment_home.html HTTP/1.1"
259	2025/02/10 14:09:07	"GET /uv2582fip2582inf210/documentation_docker.html HTTP/1.1"
259	2025/02/10 14:17:50	"GET /uv2582fip2582inf210/practice_sql.html HTTP/1.1"
259	2025/02/10 14:20:29	"GET /uv2582fip2582inf210/practice_sql_correction.html HTTP/1.1"
259	2025/02/10 14:22:01	"GET /uv2582fip2582inf210/web_architecture_home.html HTTP/1.1"
259	2025/02/10 14:30:59	"GET /uv2582fip2582inf210/practice_docker_advanced.html HTTP/1.1"
259	2025/02/10 14:31:12	"GET /uv2582fip2582inf210/practice_docker.html HTTP/1.1"
259	2025/02/10 14:36:48	"GET /uv2582fip2582inf210/lecture_technical_architecture.html HTTP/1.1"
259	2025/02/10 14:58:25	"GET /uv2582fip2582inf210/lecture_software_architecture.html HTTP/1.1"
259	2025/02/10 15:01:20	"GET /uv2582fip2582inf210/lecture_technical_architecture.html HTTP/1.1"
259	2025/02/10 15:04:03	"GET /uv2582fip2582inf210/lecture_software_architecture.html HTTP/1.1"
259	2025/02/10 15:12:52	"GET /uv2582fip2582inf210/lecture_dto.html HTTP/1.1"
259	2025/02/10 15:37:21	"GET /uv2582fip2582inf210/lecture_xml.html HTTP/1.1"
259	2025/02/10 15:38:47	"GET /uv2582fip2582inf210/documentation_docker.html HTTP/1.1"
259	2025/02/10 15:38:48	"GET /uv2582fip2582inf210/practice_docker_advanced.html HTTP/1.1"
259	2025/02/10 15:38:59	"GET /uv2582fip2582inf210/web_architecture_home.html HTTP/1.1"
259	2025/02/10 16:12:23	"GET /uv2582fip2582inf210/practice_xml.html HTTP/1.1"
259	2025/02/10 16:28:47	"GET /uv2582fip2582inf210/lecture_json.html HTTP/1.1"
259	2025/02/10 16:36:25	"GET /uv2582fip2582inf210/practice_json.html HTTP/1.1"
259	2025/02/12 09:45:05	"GET /uv2582fip2582inf210/lecture_json.html HTTP/1.1"
259	2025/02/12 09:46:26	"GET /uv2582fip2582inf210/web_architecture_home.html HTTP/1.1"
259	2025/02/12 09:46:32	"GET /uv2582fip2582inf210/lecture_mvc_spring.html HTTP/1.1"
259	2025/02/12 09:55:39	"GET /uv2582fip2582inf210/lecture_technical_architecture.html HTTP/1.1"
259	2025/02/12 10:26:26	"GET /uv2582fip2582inf210/lecture_mvc_spring.html HTTP/1.1"
259	2025/02/12 11:17:47	"GET /uv2582fip2582inf210/web_architecture_home.html HTTP/1.1"
259	2025/02/12 11:31:35	"GET /uv2582fip2582inf210/lecture_jpa.html HTTP/1.1"
259	2025/02/12 11:32:06	"GET /uv2582fip2582inf210/practice_spring_2tiers.html HTTP/1.1"
259	2025/02/12 12:12:20	"GET /uv2582fip2582inf210/practice_spring_2tiers.html HTTP/1.1"
259	2025/02/12 15:11:07	"GET /uv2582fip2582inf210/lecture_jpa.html HTTP/1.1"
259	2025/02/12 15:11:23	"GET /uv2582fip2582inf210/web_architecture_home.html HTTP/1.1"
259	2025/02/12 15:11:32	"GET /uv2582fip2582inf210/practice_xml.html HTTP/1.1"
259	2025/02/12 15:11:36	"GET /uv2582fip2582inf210/practice_xml.html HTTP/1.1"
259	2025/02/12 15:11:44	"GET /uv2582fip2582inf210/lecture_xml.html HTTP/1.1"
259	2025/02/12 15:11:46	"GET /uv2582fip2582inf210/lecture_dto.html HTTP/1.1"
259	2025/02/12 15:11:46	"GET /uv2582fip2582inf210/lecture_software_architecture.html HTTP/1.1"
259	2025/02/12 15:11:47	"GET /uv2582fip2582inf210/lecture_technical_architecture.html HTTP/1.1"
259	2025/03/03 11:22:37	"GET /uv2582fip2582inf210/project_presentation.html HTTP/1.1"
259	2025/03/03 11:22:45	"GET /uv2582fip2582inf210/project_part2.html HTTP/1.1"
259	2025/03/03 11:29:54	"GET /uv2582fip2582inf210/data_home.html HTTP/1.1"
259	2025/03/03 11:30:05	"GET /uv2582fip2582inf210/web_architecture_home.html HTTP/1.1"
259	2025/03/03 11:30:09	"GET /uv2582fip2582inf210/practice_jpa.html HTTP/1.1"
259	2025/03/03 11:40:04	"GET /uv2582fip2582inf210/project_part1.html HTTP/1.1"
259	2025/03/03 11:40:31	"GET /uv2582fip2582inf210/project_presentation.html HTTP/1.1"
259	2025/03/03 11:41:52	"GET /uv2582fip2582inf210/project_part2.html HTTP/1.1"
259	2025/03/03 11:53:58	"GET /uv2582fip2582inf210/lecture_jpa.html HTTP/1.1"
259	2025/03/03 11:56:30	"GET /uv2582fip2582inf210/lecture_mvc_spring.html HTTP/1.1"
259	2025/02/14 09:54:49	"GET /uv2582fip2582inf210/web_architecture_home.html HTTP/1.1"
259	2025/01/29 14:07:52	"GET /uv2582fip2582inf210/technical_environment_home.html HTTP/1.1"
259	2025/01/29 14:08:40	"GET /uv2582fip2582inf210/documentation_docker.html HTTP/1.1"
259	2025/01/29 14:25:59	"GET /uv2582fip2582inf210/practice_docker.html HTTP/1.1"
259	2025/03/05 14:11:11	"GET /uv2582fip2582inf210/project_presentation.html HTTP/1.1"
259	2025/03/05 14:18:40	"GET /uv2582fip2582inf210/project_part2.html HTTP/1.1"
259	2025/03/05 14:19:03	"GET /uv2582fip2582inf210/web_architecture_home.html HTTP/1.1"
259	2025/03/05 14:19:08	"GET /uv2582fip2582inf210/lecture_jpa.html HTTP/1.1"
259	2025/03/05 14:19:17	"GET /uv2582fip2582inf210/practice_jpa.html HTTP/1.1"
259	2025/03/05 15:30:08	"GET /uv2582fip2582inf210/practice_jpa_advanced.html HTTP/1.1"
259	2025/03/05 15:30:28	"GET /uv2582fip2582inf210/practice_spring_2tiers.html HTTP/1.1"
259	2025/03/05 15:30:46	"GET /uv2582fip2582inf210/practice_spring_2tiers_ext.html HTTP/1.1"
